2025-05-25 07:28:31,979 - WARNING - Empty resource loaded: diagnosis_relevance.json
2025-05-25 07:30:43,290 - ERROR - Error processing situation with NLP: [E043] Refusing to write to token.sent_start if its document is parsed, because this may cause inconsistent state.
2025-05-25 07:30:43,332 - ERROR - Error processing hpi with NLP: [E043] Refusing to write to token.sent_start if its document is parsed, because this may cause inconsistent state.
2025-05-25 07:30:43,354 - ERROR - Error processing assessment with NLP: [E043] Refusing to write to token.sent_start if its document is parsed, because this may cause inconsistent state.
2025-05-25 07:30:43,387 - WARNING - Missing symptoms: ['patient complains of headache']. Initiating knowledge base update.
2025-05-25 07:30:43,470 - ERROR - Error extracting features for note ID 1: [E043] Refusing to write to token.sent_start if its document is parsed, because this may cause inconsistent state.
2025-05-25 07:30:43,471 - WARNING - Empty text for embedding, skipping embedding-based scoring
2025-05-25 07:30:43,471 - WARNING - No patient_id for differential diagnosis
2025-05-25 07:30:43,473 - ERROR - Error generating differentials: string indices must be integers, not 'str'
2025-05-25 07:30:43,481 - WARNING - Extracted symptoms do not match expected symptoms. Using knowledge base fallback.
2025-05-25 08:00:56,400 - WARNING - Empty resource loaded: diagnosis_relevance.json
2025-05-25 08:02:56,614 - ERROR - Error processing situation with NLP: [E043] Refusing to write to token.sent_start if its document is parsed, because this may cause inconsistent state.
2025-05-25 08:02:56,655 - ERROR - Error processing hpi with NLP: [E043] Refusing to write to token.sent_start if its document is parsed, because this may cause inconsistent state.
2025-05-25 08:02:56,675 - ERROR - Error processing assessment with NLP: [E043] Refusing to write to token.sent_start if its document is parsed, because this may cause inconsistent state.
2025-05-25 08:02:56,710 - WARNING - Missing symptoms: ['patient complains of headache']. Initiating knowledge base update.
2025-05-25 08:02:56,792 - ERROR - Error extracting features for note ID 1: [E043] Refusing to write to token.sent_start if its document is parsed, because this may cause inconsistent state.
2025-05-25 08:02:56,792 - WARNING - Empty text for embedding, skipping embedding-based scoring
2025-05-25 08:02:56,793 - WARNING - No patient_id for differential diagnosis
2025-05-25 08:02:56,793 - ERROR - Error generating differentials: string indices must be integers, not 'str'
2025-05-25 08:02:56,804 - WARNING - Extracted symptoms do not match expected symptoms. Using knowledge base fallback.
2025-05-25 08:18:02,431 - WARNING - Empty resource loaded: diagnosis_relevance.json
2025-05-25 08:20:00,479 - ERROR - Error processing text with NLP: [E109] Component 'parser' could not be run. Did you forget to call `initialize()`?
2025-05-25 08:20:00,491 - ERROR - Error processing text for negation with NLP: [E109] Component 'parser' could not be run. Did you forget to call `initialize()`?. Falling back to regex.
2025-05-25 08:20:00,588 - ERROR - NLP processing error for note ID 1: [E109] Component 'parser' could not be run. Did you forget to call `initialize()`?
2025-05-25 08:20:00,685 - ERROR - Error processing text with NLP: [E109] Component 'parser' could not be run. Did you forget to call `initialize()`?
2025-05-25 08:20:00,693 - ERROR - Error processing text for negation with NLP: [E109] Component 'parser' could not be run. Did you forget to call `initialize()`?. Falling back to regex.
2025-05-25 08:20:00,694 - ERROR - Error extracting features for note ID 1: extract_aggravating_alleviating() missing 1 required positional argument: 'factor'
2025-05-25 08:20:00,695 - WARNING - Empty text for embedding, skipping embedding-based scoring
2025-05-25 08:20:00,695 - WARNING - No patient_id for differential diagnosis, using default values
2025-05-25 08:21:53,688 - WARNING - Empty resource loaded: diagnosis_relevance.json
2025-05-25 08:23:51,895 - ERROR - Error processing text with NLP: [E109] Component 'parser' could not be run. Did you forget to call `initialize()`?
2025-05-25 08:23:51,907 - ERROR - Error processing text for negation with NLP: [E109] Component 'parser' could not be run. Did you forget to call `initialize()`?. Falling back to regex.
2025-05-25 08:23:51,978 - ERROR - NLP processing error for note ID 1: [E109] Component 'parser' could not be run. Did you forget to call `initialize()`?
2025-05-25 08:23:52,068 - ERROR - Error processing text with NLP: [E109] Component 'parser' could not be run. Did you forget to call `initialize()`?
2025-05-25 08:23:52,082 - ERROR - Error processing text for negation with NLP: [E109] Component 'parser' could not be run. Did you forget to call `initialize()`?. Falling back to regex.
2025-05-25 08:23:52,083 - ERROR - Error extracting features for note ID 1: extract_aggravating_alleviating() missing 1 required positional argument: 'factor'
2025-05-25 08:23:52,084 - WARNING - Empty text for embedding, skipping embedding-based scoring
2025-05-25 08:23:52,085 - WARNING - No patient_id for differential diagnosis, using default values
2025-05-25 08:24:44,434 - WARNING - Empty resource loaded: diagnosis_relevance.json
2025-05-25 08:26:45,583 - ERROR - Error processing text with NLP: [E109] Component 'parser' could not be run. Did you forget to call `initialize()`?
2025-05-25 08:26:45,594 - ERROR - Error processing text for negation with NLP: [E109] Component 'parser' could not be run. Did you forget to call `initialize()`?. Falling back to regex.
2025-05-25 08:26:45,673 - ERROR - NLP processing error for note ID 1: [E109] Component 'parser' could not be run. Did you forget to call `initialize()`?
2025-05-25 08:26:45,744 - ERROR - Error processing text with NLP: [E109] Component 'parser' could not be run. Did you forget to call `initialize()`?
2025-05-25 08:26:45,752 - ERROR - Error processing text for negation with NLP: [E109] Component 'parser' could not be run. Did you forget to call `initialize()`?. Falling back to regex.
2025-05-25 08:26:45,753 - ERROR - Error extracting features for note ID 1: extract_aggravating_alleviating() missing 1 required positional argument: 'factor'
2025-05-25 08:26:45,754 - WARNING - Empty text for embedding, skipping embedding-based scoring
2025-05-25 08:26:45,754 - WARNING - No patient_id for differential diagnosis, using default values
2025-05-25 08:39:09,726 - WARNING - Empty resource loaded: diagnosis_relevance.json
2025-05-25 08:39:11,550 - ERROR - Failed to initialize NLP pipeline: ConText.__init__() got an unexpected keyword argument 'rules_path'
2025-05-25 08:39:12,994 - WARNING - Using fallback spacy pipeline without parser, ner, or linker
2025-05-25 08:39:14,187 - ERROR - Failed to initialize NLP pipeline: ConText.__init__() got an unexpected keyword argument 'rules_path'
2025-05-25 08:39:15,372 - WARNING - Using fallback spacy pipeline without parser, ner, or linker
2025-05-25 08:39:15,373 - ERROR - Failed to add symptom rules: "[E001] No component 'medspacy_target_matcher' found in pipeline. Available names: ['sentencizer', 'tok2vec', 'tagger', 'attribute_ruler', 'lemmatizer', 'parser', 'ner']"
2025-05-25 08:39:16,653 - ERROR - Failed to initialize NLP pipeline: ConText.__init__() got an unexpected keyword argument 'rules_path'
2025-05-25 08:39:17,817 - WARNING - Using fallback spacy pipeline without parser, ner, or linker
2025-05-25 08:39:17,887 - ERROR - Error extracting features for note ID 1: extract_aggravating_alleviating() missing 1 required positional argument: 'factor'
2025-05-25 08:39:17,888 - WARNING - Empty text for embedding, skipping embedding-based scoring
2025-05-25 08:39:17,888 - WARNING - No patient_id for differential diagnosis, using default values
2025-05-25 08:42:26,046 - WARNING - Empty resource loaded: diagnosis_relevance.json
2025-05-25 08:44:24,963 - ERROR - Error processing text with NLP: [E109] Component 'parser' could not be run. Did you forget to call `initialize()`?
2025-05-25 08:44:24,974 - ERROR - Error processing text for negation with NLP: [E109] Component 'parser' could not be run. Did you forget to call `initialize()`?. Falling back to regex.
2025-05-25 08:44:25,063 - ERROR - NLP processing error for note ID 1: [E109] Component 'parser' could not be run. Did you forget to call `initialize()`?
2025-05-25 08:44:25,132 - ERROR - Error processing text with NLP: [E109] Component 'parser' could not be run. Did you forget to call `initialize()`?
2025-05-25 08:44:25,140 - ERROR - Error processing text for negation with NLP: [E109] Component 'parser' could not be run. Did you forget to call `initialize()`?. Falling back to regex.
2025-05-25 08:44:25,142 - ERROR - Error extracting features for note ID 1: extract_aggravating_alleviating() missing 1 required positional argument: 'factor'
2025-05-25 08:44:25,142 - WARNING - Empty text for embedding, skipping embedding-based scoring
2025-05-25 08:44:25,143 - WARNING - No patient_id for differential diagnosis, using default values
2025-05-25 11:20:42,690 - WARNING - Diagnosis relevance weights for facial pain|nasal congestion|sinusitis|sinus pain|purulent nasal discharge do not sum to 1.0: 0
2025-05-25 11:20:42,690 - WARNING - Diagnosis relevance weights for cough do not sum to 1.0: 0
2025-05-25 11:20:42,691 - WARNING - Diagnosis relevance weights for headache|photophobia do not sum to 1.0: 0
2025-05-25 11:20:42,691 - WARNING - Diagnosis relevance weights for chest pain|shortness of breath|chest tightness do not sum to 1.0: 0
2025-05-25 11:20:42,692 - WARNING - Diagnosis relevance weights for epigastric pain|nausea do not sum to 1.0: 0
2025-05-25 11:20:42,692 - WARNING - Diagnosis relevance weights for knee pain|swelling do not sum to 1.0: 0
2025-05-25 11:20:42,692 - WARNING - Diagnosis relevance weights for back pain|lower back pain|backache do not sum to 1.0: 0
2025-05-25 11:20:42,693 - WARNING - Diagnosis relevance weights for fever|chills do not sum to 1.0: 0
2025-05-25 11:20:42,693 - WARNING - Diagnosis relevance weights for fatigue|obesity do not sum to 1.0: 0
2025-05-25 11:20:42,694 - WARNING - Diagnosis angina relevance weights do not sum to 1.0: 0.8
2025-05-25 11:20:45,109 - WARNING - No valid symptom rules found in MongoDB. Target matcher will rely on spaCy entities.
2025-05-25 11:20:45,111 - ERROR - Failed to initialize NLP pipeline: ConText.__init__() got an unexpected keyword argument 'rules_path'
2025-05-25 11:20:46,315 - WARNING - Using fallback spacy pipeline without parser, ner, or linker
2025-05-25 11:20:46,316 - ERROR - Failed to add symptom rules: "[E001] No component 'medspacy_target_matcher' found in pipeline. Available names: ['sentencizer', 'tok2vec', 'tagger', 'attribute_ruler', 'lemmatizer', 'parser', 'ner']"
2025-05-25 11:20:46,403 - WARNING - Missing symptoms: ['photophobia']. Initiating knowledge base update.
2025-05-25 11:20:46,438 - WARNING - Missing symptoms: ['photophobia']. Initiating knowledge base update.
2025-05-25 11:20:57,880 - ERROR - Failed to get UTS ticket: 401 Client Error: Unauthorized for url: https://uts-ws.nlm.nih.gov/rest/tickets
2025-05-25 11:20:58,291 - ERROR - UMLS synonym generation failed for 'patient complains of headache the headache started three days ago. the headache is associated with fevers and chills': 401 Client Error: Unauthorized for url: https://uts-ws.nlm.nih.gov/rest/search/current?string=patient+complains+of+headache+the+headache+started+three+days+ago.+the+headache+is+associated+with+fevers+and+chills&ticket=&searchType=exact&sabs=SNOMEDCT_US
2025-05-25 11:20:59,735 - ERROR - Failed to get UTS ticket: 401 Client Error: Unauthorized for url: https://uts-ws.nlm.nih.gov/rest/tickets
2025-05-25 11:21:00,135 - ERROR - Failed to get UTS ticket: 401 Client Error: Unauthorized for url: https://uts-ws.nlm.nih.gov/rest/tickets
2025-05-25 11:21:00,645 - ERROR - Error saving knowledge base to JSON: Object of type ObjectId is not JSON serializable
2025-05-25 11:21:00,649 - ERROR - Error extracting features for note ID 1: extract_location() takes 1 positional argument but 2 were given
2025-05-25 11:21:00,651 - WARNING - Empty text for embedding, skipping embedding-based scoring
2025-05-25 11:21:00,652 - WARNING - No patient_id for differential diagnosis, using default values
2025-05-25 11:21:00,656 - ERROR - Error generating differentials: string indices must be integers, not 'str'
2025-05-25 11:21:00,671 - WARNING - Diagnosis relevance weights for facial pain|nasal congestion|sinusitis|sinus pain|purulent nasal discharge do not sum to 1.0: 0
2025-05-25 11:21:00,672 - WARNING - Diagnosis relevance weights for cough do not sum to 1.0: 0
2025-05-25 11:21:00,673 - WARNING - Diagnosis relevance weights for headache|photophobia do not sum to 1.0: 0
2025-05-25 11:21:00,674 - WARNING - Diagnosis relevance weights for chest pain|shortness of breath|chest tightness do not sum to 1.0: 0
2025-05-25 11:21:00,674 - WARNING - Diagnosis relevance weights for epigastric pain|nausea do not sum to 1.0: 0
2025-05-25 11:21:00,675 - WARNING - Diagnosis relevance weights for knee pain|swelling do not sum to 1.0: 0
2025-05-25 11:21:00,676 - WARNING - Diagnosis relevance weights for back pain|lower back pain|backache do not sum to 1.0: 0
2025-05-25 11:21:00,676 - WARNING - Diagnosis relevance weights for fever|chills do not sum to 1.0: 0
2025-05-25 11:21:00,677 - WARNING - Diagnosis relevance weights for fatigue|obesity do not sum to 1.0: 0
2025-05-25 11:21:00,679 - WARNING - Diagnosis angina relevance weights do not sum to 1.0: 0.8
2025-05-25 11:21:00,905 - WARNING - Extracted symptoms do not match expected symptoms: ['headache', 'photophobia']. Using knowledge base fallback.
2025-05-25 11:32:07,772 - WARNING - Diagnosis relevance weights for facial pain|nasal congestion|sinusitis|sinus pain|purulent nasal discharge do not sum to 1.0: 0
2025-05-25 11:32:07,772 - WARNING - Diagnosis relevance weights for cough do not sum to 1.0: 0
2025-05-25 11:32:07,773 - WARNING - Diagnosis relevance weights for headache|photophobia do not sum to 1.0: 0
2025-05-25 11:32:07,773 - WARNING - Diagnosis relevance weights for chest pain|shortness of breath|chest tightness do not sum to 1.0: 0
2025-05-25 11:32:07,774 - WARNING - Diagnosis relevance weights for epigastric pain|nausea do not sum to 1.0: 0
2025-05-25 11:32:07,774 - WARNING - Diagnosis relevance weights for knee pain|swelling do not sum to 1.0: 0
2025-05-25 11:32:07,774 - WARNING - Diagnosis relevance weights for back pain|lower back pain|backache do not sum to 1.0: 0
2025-05-25 11:32:07,775 - WARNING - Diagnosis relevance weights for fever|chills do not sum to 1.0: 0
2025-05-25 11:32:07,775 - WARNING - Diagnosis relevance weights for fatigue|obesity do not sum to 1.0: 0
2025-05-25 11:32:07,776 - WARNING - Diagnosis angina relevance weights do not sum to 1.0: 0.8
2025-05-25 11:32:09,933 - ERROR - Failed to initialize NLP pipeline: 'NoneType' object has no attribute 'startswith'
2025-05-25 11:32:11,235 - WARNING - Using fallback spacy pipeline without parser, ner, or linker
2025-05-25 11:32:12,605 - ERROR - Failed to initialize NLP pipeline: 'NoneType' object has no attribute 'startswith'
2025-05-25 11:32:13,885 - WARNING - Using fallback spacy pipeline without parser, ner, or linker
2025-05-25 11:32:13,886 - ERROR - Failed to add symptom rules: "[E001] No component 'medspacy_target_matcher' found in pipeline. Available names: ['sentencizer', 'tok2vec', 'tagger', 'attribute_ruler', 'lemmatizer', 'parser', 'ner']"
2025-05-25 11:32:15,507 - ERROR - Failed to initialize NLP pipeline: 'NoneType' object has no attribute 'startswith'
2025-05-25 11:32:17,201 - WARNING - Using fallback spacy pipeline without parser, ner, or linker
2025-05-25 11:32:17,237 - WARNING - Missing symptoms: ['photophobia']. Initiating knowledge base update.
2025-05-25 11:32:17,260 - WARNING - Missing symptoms: ['photophobia']. Initiating knowledge base update.
2025-05-25 11:32:28,605 - ERROR - Failed to get UTS ticket: 401 Client Error: Unauthorized for url: https://uts-ws.nlm.nih.gov/rest/tickets
2025-05-25 11:32:29,181 - ERROR - UMLS synonym generation failed for 'nausea and vomiting and loss of appetite the patient has jaundice in the eyes taking foods with fats makes the nausea worse taking strong tea and licking salt alleviates the nausea': 401 Client Error: Unauthorized for url: https://uts-ws.nlm.nih.gov/rest/search/current?string=nausea+and+vomiting+and+loss+of+appetite+the+patient+has+jaundice+in+the+eyes+taking+foods+with+fats+makes+the+nausea+worse+taking+strong+tea+and+licking+salt+alleviates+the+nausea&ticket=&searchType=exact&sabs=SNOMEDCT_US
2025-05-25 11:32:30,759 - ERROR - Failed to get UTS ticket: 401 Client Error: Unauthorized for url: https://uts-ws.nlm.nih.gov/rest/tickets
2025-05-25 11:32:31,163 - ERROR - Failed to get UTS ticket: 401 Client Error: Unauthorized for url: https://uts-ws.nlm.nih.gov/rest/tickets
2025-05-25 11:32:31,680 - ERROR - Error saving knowledge base to JSON: Object of type ObjectId is not JSON serializable
2025-05-25 11:32:31,684 - ERROR - Error extracting features for note ID 1: extract_location() takes 1 positional argument but 2 were given
2025-05-25 11:32:31,686 - WARNING - Empty text for embedding, skipping embedding-based scoring
2025-05-25 11:32:31,686 - WARNING - No patient_id for differential diagnosis, using default values
2025-05-25 11:32:31,692 - ERROR - Error generating differentials: string indices must be integers, not 'str'
2025-05-25 11:32:31,704 - WARNING - Diagnosis relevance weights for facial pain|nasal congestion|sinusitis|sinus pain|purulent nasal discharge do not sum to 1.0: 0
2025-05-25 11:32:31,705 - WARNING - Diagnosis relevance weights for cough do not sum to 1.0: 0
2025-05-25 11:32:31,706 - WARNING - Diagnosis relevance weights for headache|photophobia do not sum to 1.0: 0
2025-05-25 11:32:31,706 - WARNING - Diagnosis relevance weights for chest pain|shortness of breath|chest tightness do not sum to 1.0: 0
2025-05-25 11:32:31,707 - WARNING - Diagnosis relevance weights for epigastric pain|nausea do not sum to 1.0: 0
2025-05-25 11:32:31,707 - WARNING - Diagnosis relevance weights for knee pain|swelling do not sum to 1.0: 0
2025-05-25 11:32:31,708 - WARNING - Diagnosis relevance weights for back pain|lower back pain|backache do not sum to 1.0: 0
2025-05-25 11:32:31,708 - WARNING - Diagnosis relevance weights for fever|chills do not sum to 1.0: 0
2025-05-25 11:32:31,709 - WARNING - Diagnosis relevance weights for fatigue|obesity do not sum to 1.0: 0
2025-05-25 11:32:31,710 - WARNING - Diagnosis angina relevance weights do not sum to 1.0: 0.8
2025-05-25 11:32:31,835 - WARNING - Extracted symptoms do not match expected symptoms: ['headache', 'photophobia']. Using knowledge base fallback.
2025-05-25 11:49:21,251 - WARNING - Diagnosis relevance weights for facial pain|nasal congestion|sinusitis|sinus pain|purulent nasal discharge do not sum to 1.0: 0
2025-05-25 11:49:21,252 - WARNING - Diagnosis relevance weights for cough do not sum to 1.0: 0
2025-05-25 11:49:21,252 - WARNING - Diagnosis relevance weights for headache|photophobia do not sum to 1.0: 0
2025-05-25 11:49:21,252 - WARNING - Diagnosis relevance weights for chest pain|shortness of breath|chest tightness do not sum to 1.0: 0
2025-05-25 11:49:21,253 - WARNING - Diagnosis relevance weights for epigastric pain|nausea do not sum to 1.0: 0
2025-05-25 11:49:21,253 - WARNING - Diagnosis relevance weights for knee pain|swelling do not sum to 1.0: 0
2025-05-25 11:49:21,254 - WARNING - Diagnosis relevance weights for back pain|lower back pain|backache do not sum to 1.0: 0
2025-05-25 11:49:21,254 - WARNING - Diagnosis relevance weights for fever|chills do not sum to 1.0: 0
2025-05-25 11:49:21,254 - WARNING - Diagnosis relevance weights for fatigue|obesity do not sum to 1.0: 0
2025-05-25 11:49:21,255 - WARNING - Diagnosis angina relevance weights do not sum to 1.0: 0.8
2025-05-25 11:49:23,362 - ERROR - Failed to initialize NLP pipeline: 'NoneType' object has no attribute 'startswith'
2025-05-25 11:49:24,580 - WARNING - Using fallback spacy pipeline without parser, ner, or linker
2025-05-25 11:49:25,835 - ERROR - Failed to initialize NLP pipeline: 'NoneType' object has no attribute 'startswith'
2025-05-25 11:49:27,047 - WARNING - Using fallback spacy pipeline without parser, ner, or linker
2025-05-25 11:49:27,048 - ERROR - Failed to add symptom rules: "[E001] No component 'medspacy_target_matcher' found in pipeline. Available names: ['sentencizer', 'tok2vec', 'tagger', 'attribute_ruler', 'lemmatizer', 'parser', 'ner']"
2025-05-25 11:49:28,460 - ERROR - Failed to initialize NLP pipeline: 'NoneType' object has no attribute 'startswith'
2025-05-25 11:49:29,798 - WARNING - Using fallback spacy pipeline without parser, ner, or linker
2025-05-25 11:49:29,838 - WARNING - Missing symptoms: ['photophobia']. Initiating knowledge base update.
2025-05-25 11:49:29,876 - WARNING - Missing symptoms: ['photophobia']. Initiating knowledge base update.
2025-05-25 11:49:29,877 - ERROR - Invalid text type for aggravating: <class 'departments.models.medicine.SOAPNote'>
2025-05-25 11:49:29,877 - ERROR - Error extracting features for note ID 1: dictionary update sequence element #0 has length 1; 2 is required
2025-05-25 11:49:29,878 - WARNING - Empty text for embedding, skipping embedding-based scoring
2025-05-25 11:49:29,879 - WARNING - No patient_id for differential diagnosis, using default values
2025-05-25 11:49:29,881 - ERROR - Error generating differentials: string indices must be integers, not 'str'
2025-05-25 11:49:29,892 - WARNING - Extracted symptoms do not match expected symptoms: ['headache', 'photophobia']. Using knowledge base fallback.
2025-05-25 12:05:46,191 - WARNING - Diagnosis relevance weights for facial pain|nasal congestion|sinusitis|sinus pain|purulent nasal discharge do not sum to 1.0: 0
2025-05-25 12:05:46,192 - WARNING - Diagnosis relevance weights for cough do not sum to 1.0: 0
2025-05-25 12:05:46,192 - WARNING - Diagnosis relevance weights for headache|photophobia do not sum to 1.0: 0
2025-05-25 12:05:46,193 - WARNING - Diagnosis relevance weights for chest pain|shortness of breath|chest tightness do not sum to 1.0: 0
2025-05-25 12:05:46,193 - WARNING - Diagnosis relevance weights for epigastric pain|nausea do not sum to 1.0: 0
2025-05-25 12:05:46,194 - WARNING - Diagnosis relevance weights for knee pain|swelling do not sum to 1.0: 0
2025-05-25 12:05:46,194 - WARNING - Diagnosis relevance weights for back pain|lower back pain|backache do not sum to 1.0: 0
2025-05-25 12:05:46,194 - WARNING - Diagnosis relevance weights for fever|chills do not sum to 1.0: 0
2025-05-25 12:05:46,195 - WARNING - Diagnosis relevance weights for fatigue|obesity do not sum to 1.0: 0
2025-05-25 12:05:46,196 - WARNING - Diagnosis angina relevance weights do not sum to 1.0: 0.8
2025-05-25 12:05:48,433 - ERROR - Failed to initialize NLP pipeline: 

Config validation error
medspacy_context -> rules_path	extra fields not permitted
{'nlp': <spacy.lang.en.English object at 0x7a2cb47cb290>, 'name': 'medspacy_context', 'rules_path': None, '@factories': 'medspacy_context'}
2025-05-25 12:05:49,609 - WARNING - Using fallback spacy pipeline without parser, ner, or linker
2025-05-25 12:05:50,806 - ERROR - Failed to initialize NLP pipeline: 

Config validation error
medspacy_context -> rules_path	extra fields not permitted
{'nlp': <spacy.lang.en.English object at 0x7a2cd55baa90>, 'name': 'medspacy_context', 'rules_path': None, '@factories': 'medspacy_context'}
2025-05-25 12:05:51,968 - WARNING - Using fallback spacy pipeline without parser, ner, or linker
2025-05-25 12:05:51,968 - ERROR - Failed to add symptom rules: "[E001] No component 'medspacy_target_matcher' found in pipeline. Available names: ['sentencizer', 'tok2vec', 'tagger', 'attribute_ruler', 'lemmatizer', 'parser', 'ner']"
2025-05-25 12:05:53,335 - ERROR - Failed to initialize NLP pipeline: 

Config validation error
medspacy_context -> rules_path	extra fields not permitted
{'nlp': <spacy.lang.en.English object at 0x7a2cb728da50>, 'name': 'medspacy_context', 'rules_path': None, '@factories': 'medspacy_context'}
2025-05-25 12:05:54,498 - WARNING - Using fallback spacy pipeline without parser, ner, or linker
2025-05-25 12:05:54,534 - WARNING - Missing symptoms: ['photophobia']. Initiating knowledge base update.
2025-05-25 12:05:54,567 - WARNING - Missing symptoms: ['photophobia']. Initiating knowledge base update.
2025-05-25 12:05:54,568 - ERROR - Invalid text type for aggravating: <class 'departments.models.medicine.SOAPNote'>
2025-05-25 12:05:54,569 - ERROR - Error extracting features for note ID 1: dictionary update sequence element #0 has length 1; 2 is required
2025-05-25 12:05:54,570 - WARNING - Empty text for embedding, skipping embedding-based scoring
2025-05-25 12:05:54,570 - WARNING - No patient_id for differential diagnosis, using default values
2025-05-25 12:05:54,574 - ERROR - Error generating differentials: string indices must be integers, not 'str'
2025-05-25 12:05:54,582 - WARNING - Extracted symptoms do not match expected symptoms: ['headache', 'photophobia']. Using knowledge base fallback.
2025-05-25 12:07:16,430 - WARNING - Diagnosis relevance weights for facial pain|nasal congestion|sinusitis|sinus pain|purulent nasal discharge do not sum to 1.0: 0
2025-05-25 12:07:16,430 - WARNING - Diagnosis relevance weights for cough do not sum to 1.0: 0
2025-05-25 12:07:16,431 - WARNING - Diagnosis relevance weights for headache|photophobia do not sum to 1.0: 0
2025-05-25 12:07:16,431 - WARNING - Diagnosis relevance weights for chest pain|shortness of breath|chest tightness do not sum to 1.0: 0
2025-05-25 12:07:16,432 - WARNING - Diagnosis relevance weights for epigastric pain|nausea do not sum to 1.0: 0
2025-05-25 12:07:16,432 - WARNING - Diagnosis relevance weights for knee pain|swelling do not sum to 1.0: 0
2025-05-25 12:07:16,432 - WARNING - Diagnosis relevance weights for back pain|lower back pain|backache do not sum to 1.0: 0
2025-05-25 12:07:16,433 - WARNING - Diagnosis relevance weights for fever|chills do not sum to 1.0: 0
2025-05-25 12:07:16,433 - WARNING - Diagnosis relevance weights for fatigue|obesity do not sum to 1.0: 0
2025-05-25 12:07:16,434 - WARNING - Diagnosis angina relevance weights do not sum to 1.0: 0.8
2025-05-25 12:07:18,611 - ERROR - Failed to initialize NLP pipeline: 

Config validation error
medspacy_context -> rules_path	extra fields not permitted
{'nlp': <spacy.lang.en.English object at 0x75154861e650>, 'name': 'medspacy_context', 'rules_path': None, '@factories': 'medspacy_context'}
2025-05-25 12:07:19,856 - WARNING - Using fallback spacy pipeline without parser, ner, or linker
2025-05-25 12:07:21,094 - ERROR - Failed to initialize NLP pipeline: 

Config validation error
medspacy_context -> rules_path	extra fields not permitted
{'nlp': <spacy.lang.en.English object at 0x75156feb2a90>, 'name': 'medspacy_context', 'rules_path': None, '@factories': 'medspacy_context'}
2025-05-25 12:07:22,302 - WARNING - Using fallback spacy pipeline without parser, ner, or linker
2025-05-25 12:07:22,302 - ERROR - Failed to add symptom rules: "[E001] No component 'medspacy_target_matcher' found in pipeline. Available names: ['sentencizer', 'tok2vec', 'tagger', 'attribute_ruler', 'lemmatizer', 'parser', 'ner']"
2025-05-25 12:07:23,674 - ERROR - Failed to initialize NLP pipeline: 

Config validation error
medspacy_context -> rules_path	extra fields not permitted
{'nlp': <spacy.lang.en.English object at 0x7515247e3d10>, 'name': 'medspacy_context', 'rules_path': None, '@factories': 'medspacy_context'}
2025-05-25 12:07:24,994 - WARNING - Using fallback spacy pipeline without parser, ner, or linker
2025-05-25 12:07:25,037 - WARNING - Missing symptoms: ['photophobia']. Initiating knowledge base update.
2025-05-25 12:07:25,067 - WARNING - Missing symptoms: ['photophobia']. Initiating knowledge base update.
2025-05-25 12:07:25,067 - ERROR - Invalid text type for aggravating: <class 'departments.models.medicine.SOAPNote'>
2025-05-25 12:07:25,068 - ERROR - Error extracting features for note ID 1: dictionary update sequence element #0 has length 1; 2 is required
2025-05-25 12:07:25,068 - WARNING - Empty text for embedding, skipping embedding-based scoring
2025-05-25 12:07:25,069 - WARNING - No patient_id for differential diagnosis, using default values
2025-05-25 12:07:25,072 - ERROR - Error generating differentials: string indices must be integers, not 'str'
2025-05-25 12:07:25,083 - WARNING - Extracted symptoms do not match expected symptoms: ['headache', 'photophobia']. Using knowledge base fallback.
2025-05-25 12:11:26,642 - WARNING - Diagnosis relevance weights for facial pain|nasal congestion|sinusitis|sinus pain|purulent nasal discharge do not sum to 1.0: 0
2025-05-25 12:11:26,642 - WARNING - Diagnosis relevance weights for cough do not sum to 1.0: 0
2025-05-25 12:11:26,643 - WARNING - Diagnosis relevance weights for headache|photophobia do not sum to 1.0: 0
2025-05-25 12:11:26,643 - WARNING - Diagnosis relevance weights for chest pain|shortness of breath|chest tightness do not sum to 1.0: 0
2025-05-25 12:11:26,644 - WARNING - Diagnosis relevance weights for epigastric pain|nausea do not sum to 1.0: 0
2025-05-25 12:11:26,644 - WARNING - Diagnosis relevance weights for knee pain|swelling do not sum to 1.0: 0
2025-05-25 12:11:26,644 - WARNING - Diagnosis relevance weights for back pain|lower back pain|backache do not sum to 1.0: 0
2025-05-25 12:11:26,645 - WARNING - Diagnosis relevance weights for fever|chills do not sum to 1.0: 0
2025-05-25 12:11:26,645 - WARNING - Diagnosis relevance weights for fatigue|obesity do not sum to 1.0: 0
2025-05-25 12:11:26,646 - WARNING - Diagnosis angina relevance weights do not sum to 1.0: 0.8
2025-05-25 12:13:21,612 - ERROR - Failed to initialize NLP pipeline: [E893] Could not find function 'replace_tokenizer' in function registry 'callbacks'. If you're using a custom function, make sure the code is available. If the function is provided by a third-party package, e.g. spacy-transformers, make sure the package is installed in your environment.

Available names: spacy.copy_from_base_model.v1, spacy.models_and_pipes_with_nvtx_range.v1, spacy.models_with_nvtx_range.v1
2025-05-25 12:13:23,065 - WARNING - Using fallback spacy pipeline without parser, ner, or linker
2025-05-25 12:15:36,410 - ERROR - Failed to initialize NLP pipeline: [E893] Could not find function 'replace_tokenizer' in function registry 'callbacks'. If you're using a custom function, make sure the code is available. If the function is provided by a third-party package, e.g. spacy-transformers, make sure the package is installed in your environment.

Available names: spacy.copy_from_base_model.v1, spacy.models_and_pipes_with_nvtx_range.v1, spacy.models_with_nvtx_range.v1
2025-05-25 12:15:37,874 - WARNING - Using fallback spacy pipeline without parser, ner, or linker
2025-05-25 12:15:37,874 - ERROR - Failed to add symptom rules: "[E001] No component 'medspacy_target_matcher' found in pipeline. Available names: ['sentencizer', 'tok2vec', 'tagger', 'attribute_ruler', 'lemmatizer', 'parser', 'ner']"
2025-05-25 12:17:48,841 - ERROR - Failed to initialize NLP pipeline: [E893] Could not find function 'replace_tokenizer' in function registry 'callbacks'. If you're using a custom function, make sure the code is available. If the function is provided by a third-party package, e.g. spacy-transformers, make sure the package is installed in your environment.

Available names: spacy.copy_from_base_model.v1, spacy.models_and_pipes_with_nvtx_range.v1, spacy.models_with_nvtx_range.v1
2025-05-25 12:17:50,184 - WARNING - Using fallback spacy pipeline without parser, ner, or linker
2025-05-25 12:17:50,234 - WARNING - Missing symptoms: ['photophobia']. Initiating knowledge base update.
2025-05-25 12:17:50,278 - WARNING - Missing symptoms: ['photophobia']. Initiating knowledge base update.
2025-05-25 12:17:50,279 - ERROR - Invalid text type for aggravating: <class 'departments.models.medicine.SOAPNote'>
2025-05-25 12:17:50,279 - ERROR - Error extracting features for note ID 1: dictionary update sequence element #0 has length 1; 2 is required
2025-05-25 12:17:50,280 - WARNING - Empty text for embedding, skipping embedding-based scoring
2025-05-25 12:17:50,280 - WARNING - No patient_id for differential diagnosis, using default values
2025-05-25 12:17:50,282 - ERROR - Error generating differentials: string indices must be integers, not 'str'
2025-05-25 12:17:50,292 - WARNING - Extracted symptoms do not match expected symptoms: ['headache', 'photophobia']. Using knowledge base fallback.
2025-05-25 12:22:29,739 - WARNING - Diagnosis relevance weights for facial pain|nasal congestion|sinusitis|sinus pain|purulent nasal discharge do not sum to 1.0: 0
2025-05-25 12:22:29,739 - WARNING - Diagnosis relevance weights for cough do not sum to 1.0: 0
2025-05-25 12:22:29,740 - WARNING - Diagnosis relevance weights for headache|photophobia do not sum to 1.0: 0
2025-05-25 12:22:29,740 - WARNING - Diagnosis relevance weights for chest pain|shortness of breath|chest tightness do not sum to 1.0: 0
2025-05-25 12:22:29,741 - WARNING - Diagnosis relevance weights for epigastric pain|nausea do not sum to 1.0: 0
2025-05-25 12:22:29,741 - WARNING - Diagnosis relevance weights for knee pain|swelling do not sum to 1.0: 0
2025-05-25 12:22:29,742 - WARNING - Diagnosis relevance weights for back pain|lower back pain|backache do not sum to 1.0: 0
2025-05-25 12:22:29,742 - WARNING - Diagnosis relevance weights for fever|chills do not sum to 1.0: 0
2025-05-25 12:22:29,743 - WARNING - Diagnosis relevance weights for fatigue|obesity do not sum to 1.0: 0
2025-05-25 12:22:29,744 - WARNING - Diagnosis angina relevance weights do not sum to 1.0: 0.8
2025-05-25 12:24:34,476 - ERROR - Failed to initialize NLP pipeline: [E893] Could not find function 'replace_tokenizer' in function registry 'callbacks'. If you're using a custom function, make sure the code is available. If the function is provided by a third-party package, e.g. spacy-transformers, make sure the package is installed in your environment.

Available names: spacy.copy_from_base_model.v1, spacy.models_and_pipes_with_nvtx_range.v1, spacy.models_with_nvtx_range.v1
2025-05-25 12:24:36,446 - WARNING - Using fallback spacy pipeline without parser, ner, or linker
2025-05-25 12:26:52,028 - ERROR - Failed to initialize NLP pipeline: [E893] Could not find function 'replace_tokenizer' in function registry 'callbacks'. If you're using a custom function, make sure the code is available. If the function is provided by a third-party package, e.g. spacy-transformers, make sure the package is installed in your environment.

Available names: spacy.copy_from_base_model.v1, spacy.models_and_pipes_with_nvtx_range.v1, spacy.models_with_nvtx_range.v1
2025-05-25 12:26:53,405 - WARNING - Using fallback spacy pipeline without parser, ner, or linker
2025-05-25 12:26:53,406 - ERROR - Failed to add symptom rules: "[E001] No component 'medspacy_target_matcher' found in pipeline. Available names: ['sentencizer', 'tok2vec', 'tagger', 'attribute_ruler', 'lemmatizer', 'parser', 'ner']"
2025-05-25 12:28:58,960 - ERROR - Failed to initialize NLP pipeline: [E893] Could not find function 'replace_tokenizer' in function registry 'callbacks'. If you're using a custom function, make sure the code is available. If the function is provided by a third-party package, e.g. spacy-transformers, make sure the package is installed in your environment.

Available names: spacy.copy_from_base_model.v1, spacy.models_and_pipes_with_nvtx_range.v1, spacy.models_with_nvtx_range.v1
2025-05-25 12:29:00,555 - WARNING - Using fallback spacy pipeline without parser, ner, or linker
2025-05-25 12:29:00,591 - WARNING - Missing symptoms: ['photophobia']. Initiating knowledge base update.
2025-05-25 12:29:00,636 - WARNING - Missing symptoms: ['photophobia']. Initiating knowledge base update.
2025-05-25 12:29:00,637 - ERROR - Invalid text type for aggravating: <class 'departments.models.medicine.SOAPNote'>
2025-05-25 12:29:00,637 - ERROR - Error extracting features for note ID 1: dictionary update sequence element #0 has length 1; 2 is required
2025-05-25 12:29:00,638 - WARNING - Empty text for embedding, skipping embedding-based scoring
2025-05-25 12:29:00,639 - WARNING - No patient_id for differential diagnosis, using default values
2025-05-25 12:29:00,641 - ERROR - Error generating differentials: string indices must be integers, not 'str'
2025-05-25 12:29:00,651 - WARNING - Extracted symptoms do not match expected symptoms: ['headache', 'photophobia']. Using knowledge base fallback.
2025-05-25 12:31:15,283 - WARNING - Diagnosis relevance weights for facial pain|nasal congestion|sinusitis|sinus pain|purulent nasal discharge do not sum to 1.0: 0
2025-05-25 12:31:15,284 - WARNING - Diagnosis relevance weights for cough do not sum to 1.0: 0
2025-05-25 12:31:15,284 - WARNING - Diagnosis relevance weights for headache|photophobia do not sum to 1.0: 0
2025-05-25 12:31:15,285 - WARNING - Diagnosis relevance weights for chest pain|shortness of breath|chest tightness do not sum to 1.0: 0
2025-05-25 12:31:15,285 - WARNING - Diagnosis relevance weights for epigastric pain|nausea do not sum to 1.0: 0
2025-05-25 12:31:15,286 - WARNING - Diagnosis relevance weights for knee pain|swelling do not sum to 1.0: 0
2025-05-25 12:31:15,286 - WARNING - Diagnosis relevance weights for back pain|lower back pain|backache do not sum to 1.0: 0
2025-05-25 12:31:15,287 - WARNING - Diagnosis relevance weights for fever|chills do not sum to 1.0: 0
2025-05-25 12:31:15,287 - WARNING - Diagnosis relevance weights for fatigue|obesity do not sum to 1.0: 0
2025-05-25 12:31:15,288 - WARNING - Diagnosis angina relevance weights do not sum to 1.0: 0.8
2025-05-25 12:33:15,012 - ERROR - Error processing text with NLP: [E047] Can't assign a value to unregistered extension attribute 'cui'. Did you forget to call the `set_extension` method?
2025-05-25 12:33:15,018 - WARNING - Missing symptoms: ['photophobia']. Initiating knowledge base update.
2025-05-25 12:33:15,102 - ERROR - NLP processing error for note ID 1: [E047] Can't assign a value to unregistered extension attribute 'cui'. Did you forget to call the `set_extension` method?
2025-05-25 12:33:15,168 - ERROR - Error processing text with NLP: [E047] Can't assign a value to unregistered extension attribute 'cui'. Did you forget to call the `set_extension` method?
2025-05-25 12:33:15,171 - WARNING - Missing symptoms: ['photophobia']. Initiating knowledge base update.
2025-05-25 12:33:15,172 - ERROR - Invalid text type for aggravating: <class 'departments.models.medicine.SOAPNote'>
2025-05-25 12:33:15,173 - ERROR - Error extracting features for note ID 1: dictionary update sequence element #0 has length 1; 2 is required
2025-05-25 12:33:15,174 - WARNING - Empty text for embedding, skipping embedding-based scoring
2025-05-25 12:33:15,174 - WARNING - No patient_id for differential diagnosis, using default values
2025-05-25 12:33:15,178 - ERROR - Error generating differentials: string indices must be integers, not 'str'
2025-05-25 12:33:15,193 - WARNING - Extracted symptoms do not match expected symptoms: ['headache', 'photophobia']. Using knowledge base fallback.
2025-05-25 12:38:54,033 - WARNING - Diagnosis relevance weights for facial pain|nasal congestion|sinusitis|sinus pain|purulent nasal discharge do not sum to 1.0: 0
2025-05-25 12:38:54,033 - WARNING - Diagnosis relevance weights for cough do not sum to 1.0: 0
2025-05-25 12:38:54,034 - WARNING - Diagnosis relevance weights for headache|photophobia do not sum to 1.0: 0
2025-05-25 12:38:54,034 - WARNING - Diagnosis relevance weights for chest pain|shortness of breath|chest tightness do not sum to 1.0: 0
2025-05-25 12:38:54,035 - WARNING - Diagnosis relevance weights for epigastric pain|nausea do not sum to 1.0: 0
2025-05-25 12:38:54,035 - WARNING - Diagnosis relevance weights for knee pain|swelling do not sum to 1.0: 0
2025-05-25 12:38:54,036 - WARNING - Diagnosis relevance weights for back pain|lower back pain|backache do not sum to 1.0: 0
2025-05-25 12:38:54,036 - WARNING - Diagnosis relevance weights for fever|chills do not sum to 1.0: 0
2025-05-25 12:38:54,036 - WARNING - Diagnosis relevance weights for fatigue|obesity do not sum to 1.0: 0
2025-05-25 12:38:54,037 - WARNING - Diagnosis angina relevance weights do not sum to 1.0: 0.8
2025-05-25 12:40:48,765 - ERROR - Failed to initialize NLP pipeline: [E893] Could not find function 'replace_tokenizer' in function registry 'callbacks'. If you're using a custom function, make sure the code is available. If the function is provided by a third-party package, e.g. spacy-transformers, make sure the package is installed in your environment.

Available names: spacy.copy_from_base_model.v1, spacy.models_and_pipes_with_nvtx_range.v1, spacy.models_with_nvtx_range.v1
2025-05-25 12:40:50,382 - WARNING - Using fallback spacy pipeline without parser, ner, or linker
2025-05-25 12:43:08,426 - ERROR - Failed to initialize NLP pipeline: [E893] Could not find function 'replace_tokenizer' in function registry 'callbacks'. If you're using a custom function, make sure the code is available. If the function is provided by a third-party package, e.g. spacy-transformers, make sure the package is installed in your environment.

Available names: spacy.copy_from_base_model.v1, spacy.models_and_pipes_with_nvtx_range.v1, spacy.models_with_nvtx_range.v1
2025-05-25 12:43:09,744 - WARNING - Using fallback spacy pipeline without parser, ner, or linker
2025-05-25 12:43:09,745 - ERROR - Failed to add symptom rules: "[E001] No component 'medspacy_target_matcher' found in pipeline. Available names: ['sentencizer', 'tok2vec', 'tagger', 'attribute_ruler', 'lemmatizer', 'parser', 'ner']"
2025-05-25 13:51:06,741 - WARNING - Diagnosis relevance weights for facial pain|nasal congestion|sinusitis|sinus pain|purulent nasal discharge do not sum to 1.0: 0
2025-05-25 13:51:06,742 - WARNING - Diagnosis relevance weights for cough do not sum to 1.0: 0
2025-05-25 13:51:06,742 - WARNING - Diagnosis relevance weights for headache|photophobia do not sum to 1.0: 0
2025-05-25 13:51:06,743 - WARNING - Diagnosis relevance weights for chest pain|shortness of breath|chest tightness do not sum to 1.0: 0
2025-05-25 13:51:06,743 - WARNING - Diagnosis relevance weights for epigastric pain|nausea do not sum to 1.0: 0
2025-05-25 13:51:06,744 - WARNING - Diagnosis relevance weights for knee pain|swelling do not sum to 1.0: 0
2025-05-25 13:51:06,744 - WARNING - Diagnosis relevance weights for back pain|lower back pain|backache do not sum to 1.0: 0
2025-05-25 13:51:06,745 - WARNING - Diagnosis relevance weights for fever|chills do not sum to 1.0: 0
2025-05-25 13:51:06,745 - WARNING - Diagnosis relevance weights for fatigue|obesity do not sum to 1.0: 0
2025-05-25 13:51:06,746 - WARNING - Diagnosis angina relevance weights do not sum to 1.0: 0.8
2025-05-25 13:51:07,137 - ERROR - Failed to initialize NLP pipeline: [E050] Can't find model 'en_core_sci_sm'. It doesn't seem to be a Python package or a valid path to a data directory.
2025-05-25 13:51:07,139 - ERROR - Failed to initialize NLP pipeline: [E050] Can't find model 'en_core_sci_sm'. It doesn't seem to be a Python package or a valid path to a data directory.. Falling back to regex negation.
2025-05-25 13:51:07,140 - ERROR - Failed to initialize NLP pipeline: [E050] Can't find model 'en_core_sci_sm'. It doesn't seem to be a Python package or a valid path to a data directory.
2025-05-25 13:51:07,141 - ERROR - Analysis failed for note 1: [E050] Can't find model 'en_core_sci_sm'. It doesn't seem to be a Python package or a valid path to a data directory.
Traceback (most recent call last):
  File "/home/mathu/projects/hospital/departments/nlp/nlp_pipeline.py", line 23, in get_nlp
    nlp = spacy.load("en_core_sci_sm", disable=["lemmatizer", "parser", "ner"])
          ^^^^^^^^^^^^^^^^^^^^^^^^^^^^^^^^^^^^^^^^^^^^^^^^^^^^^^^^^^^^^^^^^^^^^
  File "/home/mathu/projects/hospital/venv/lib/python3.11/site-packages/spacy/__init__.py", line 51, in load
    return util.load_model(
           ^^^^^^^^^^^^^^^^
  File "/home/mathu/projects/hospital/venv/lib/python3.11/site-packages/spacy/util.py", line 472, in load_model
    raise IOError(Errors.E050.format(name=name))
OSError: [E050] Can't find model 'en_core_sci_sm'. It doesn't seem to be a Python package or a valid path to a data directory.

During handling of the above exception, another exception occurred:

Traceback (most recent call last):
  File "/home/mathu/projects/hospital/departments/nlp/ai_summary.py", line 111, in generate_ai_analysis
    analyzer = ClinicalAnalyzer()
               ^^^^^^^^^^^^^^^^^^
  File "/home/mathu/projects/hospital/departments/nlp/clinical_analyzer.py", line 136, in __init__
    self.nlp = get_nlp()
               ^^^^^^^^^
  File "/home/mathu/projects/hospital/departments/nlp/nlp_pipeline.py", line 118, in get_nlp
    nlp = spacy.load("en_core_sci_sm", disable=["lemmatizer", "parser", "ner"])
          ^^^^^^^^^^^^^^^^^^^^^^^^^^^^^^^^^^^^^^^^^^^^^^^^^^^^^^^^^^^^^^^^^^^^^
  File "/home/mathu/projects/hospital/venv/lib/python3.11/site-packages/spacy/__init__.py", line 51, in load
    return util.load_model(
           ^^^^^^^^^^^^^^^^
  File "/home/mathu/projects/hospital/venv/lib/python3.11/site-packages/spacy/util.py", line 472, in load_model
    raise IOError(Errors.E050.format(name=name))
OSError: [E050] Can't find model 'en_core_sci_sm'. It doesn't seem to be a Python package or a valid path to a data directory.
2025-05-25 14:06:40,053 - WARNING - Diagnosis relevance weights for facial pain|nasal congestion|sinusitis|sinus pain|purulent nasal discharge do not sum to 1.0: 0
2025-05-25 14:06:40,054 - WARNING - Diagnosis relevance weights for cough do not sum to 1.0: 0
2025-05-25 14:06:40,054 - WARNING - Diagnosis relevance weights for headache|photophobia do not sum to 1.0: 0
2025-05-25 14:06:40,055 - WARNING - Diagnosis relevance weights for chest pain|shortness of breath|chest tightness do not sum to 1.0: 0
2025-05-25 14:06:40,055 - WARNING - Diagnosis relevance weights for epigastric pain|nausea do not sum to 1.0: 0
2025-05-25 14:06:40,055 - WARNING - Diagnosis relevance weights for knee pain|swelling do not sum to 1.0: 0
2025-05-25 14:06:40,056 - WARNING - Diagnosis relevance weights for back pain|lower back pain|backache do not sum to 1.0: 0
2025-05-25 14:06:40,056 - WARNING - Diagnosis relevance weights for fever|chills do not sum to 1.0: 0
2025-05-25 14:06:40,057 - WARNING - Diagnosis relevance weights for fatigue|obesity do not sum to 1.0: 0
2025-05-25 14:06:40,058 - WARNING - Diagnosis angina relevance weights do not sum to 1.0: 0.8
2025-05-25 14:06:40,476 - ERROR - Failed to initialize NLP pipeline: [E050] Can't find model 'en_core_sci_sm'. It doesn't seem to be a Python package or a valid path to a data directory.
2025-05-25 14:06:40,479 - ERROR - Failed to initialize NLP pipeline: [E050] Can't find model 'en_core_sci_sm'. It doesn't seem to be a Python package or a valid path to a data directory.. Falling back to regex negation.
2025-05-25 14:06:40,481 - ERROR - Failed to initialize NLP pipeline: [E050] Can't find model 'en_core_sci_sm'. It doesn't seem to be a Python package or a valid path to a data directory.
2025-05-25 14:06:40,484 - ERROR - Analysis failed for note 1: [E050] Can't find model 'en_core_sci_sm'. It doesn't seem to be a Python package or a valid path to a data directory.
Traceback (most recent call last):
  File "/home/mathu/projects/hospital/departments/nlp/nlp_pipeline.py", line 23, in get_nlp
    nlp = spacy.load("en_core_sci_sm", disable=["lemmatizer", "parser", "ner"])
          ^^^^^^^^^^^^^^^^^^^^^^^^^^^^^^^^^^^^^^^^^^^^^^^^^^^^^^^^^^^^^^^^^^^^^
  File "/home/mathu/projects/hospital/venv/lib/python3.11/site-packages/spacy/__init__.py", line 51, in load
    return util.load_model(
           ^^^^^^^^^^^^^^^^
  File "/home/mathu/projects/hospital/venv/lib/python3.11/site-packages/spacy/util.py", line 472, in load_model
    raise IOError(Errors.E050.format(name=name))
OSError: [E050] Can't find model 'en_core_sci_sm'. It doesn't seem to be a Python package or a valid path to a data directory.

During handling of the above exception, another exception occurred:

Traceback (most recent call last):
  File "/home/mathu/projects/hospital/departments/nlp/ai_summary.py", line 111, in generate_ai_analysis
    analyzer = ClinicalAnalyzer()
               ^^^^^^^^^^^^^^^^^^
  File "/home/mathu/projects/hospital/departments/nlp/clinical_analyzer.py", line 136, in __init__
    self.nlp = get_nlp()
               ^^^^^^^^^
  File "/home/mathu/projects/hospital/departments/nlp/nlp_pipeline.py", line 118, in get_nlp
    nlp = spacy.load("en_core_sci_sm", disable=["lemmatizer", "parser", "ner"])
          ^^^^^^^^^^^^^^^^^^^^^^^^^^^^^^^^^^^^^^^^^^^^^^^^^^^^^^^^^^^^^^^^^^^^^
  File "/home/mathu/projects/hospital/venv/lib/python3.11/site-packages/spacy/__init__.py", line 51, in load
    return util.load_model(
           ^^^^^^^^^^^^^^^^
  File "/home/mathu/projects/hospital/venv/lib/python3.11/site-packages/spacy/util.py", line 472, in load_model
    raise IOError(Errors.E050.format(name=name))
OSError: [E050] Can't find model 'en_core_sci_sm'. It doesn't seem to be a Python package or a valid path to a data directory.
2025-05-25 14:26:05,761 - WARNING - Diagnosis relevance weights for facial pain|nasal congestion|sinusitis|sinus pain|purulent nasal discharge do not sum to 1.0: 0
2025-05-25 14:26:05,761 - WARNING - Diagnosis relevance weights for cough do not sum to 1.0: 0
2025-05-25 14:26:05,762 - WARNING - Diagnosis relevance weights for headache|photophobia do not sum to 1.0: 0
2025-05-25 14:26:05,762 - WARNING - Diagnosis relevance weights for chest pain|shortness of breath|chest tightness do not sum to 1.0: 0
2025-05-25 14:26:05,763 - WARNING - Diagnosis relevance weights for epigastric pain|nausea do not sum to 1.0: 0
2025-05-25 14:26:05,763 - WARNING - Diagnosis relevance weights for knee pain|swelling do not sum to 1.0: 0
2025-05-25 14:26:05,764 - WARNING - Diagnosis relevance weights for back pain|lower back pain|backache do not sum to 1.0: 0
2025-05-25 14:26:05,764 - WARNING - Diagnosis relevance weights for fever|chills do not sum to 1.0: 0
2025-05-25 14:26:05,764 - WARNING - Diagnosis relevance weights for fatigue|obesity do not sum to 1.0: 0
2025-05-25 14:26:05,765 - WARNING - Diagnosis angina relevance weights do not sum to 1.0: 0.8
2025-05-25 14:26:06,146 - ERROR - Failed to initialize NLP pipeline: [E050] Can't find model 'en_core_sci_sm'. It doesn't seem to be a Python package or a valid path to a data directory.
2025-05-25 14:26:06,149 - ERROR - Failed to initialize NLP pipeline: [E050] Can't find model 'en_core_sci_sm'. It doesn't seem to be a Python package or a valid path to a data directory.. Falling back to regex negation.
2025-05-25 14:26:06,151 - ERROR - Failed to initialize NLP pipeline: [E050] Can't find model 'en_core_sci_sm'. It doesn't seem to be a Python package or a valid path to a data directory.
2025-05-25 14:26:06,152 - ERROR - Analysis failed for note 1: [E050] Can't find model 'en_core_sci_sm'. It doesn't seem to be a Python package or a valid path to a data directory.
Traceback (most recent call last):
  File "/home/mathu/projects/hospital/departments/nlp/nlp_pipeline.py", line 23, in get_nlp
    nlp = spacy.load("en_core_sci_sm", disable=["lemmatizer", "parser", "ner"])
          ^^^^^^^^^^^^^^^^^^^^^^^^^^^^^^^^^^^^^^^^^^^^^^^^^^^^^^^^^^^^^^^^^^^^^
  File "/home/mathu/projects/hospital/venv/lib/python3.11/site-packages/spacy/__init__.py", line 51, in load
    return util.load_model(
           ^^^^^^^^^^^^^^^^
  File "/home/mathu/projects/hospital/venv/lib/python3.11/site-packages/spacy/util.py", line 472, in load_model
    raise IOError(Errors.E050.format(name=name))
OSError: [E050] Can't find model 'en_core_sci_sm'. It doesn't seem to be a Python package or a valid path to a data directory.

During handling of the above exception, another exception occurred:

Traceback (most recent call last):
  File "/home/mathu/projects/hospital/departments/nlp/ai_summary.py", line 111, in generate_ai_analysis
    analyzer = ClinicalAnalyzer()
               ^^^^^^^^^^^^^^^^^^
  File "/home/mathu/projects/hospital/departments/nlp/clinical_analyzer.py", line 136, in __init__
    self.nlp = get_nlp()
               ^^^^^^^^^
  File "/home/mathu/projects/hospital/departments/nlp/nlp_pipeline.py", line 118, in get_nlp
    nlp = spacy.load("en_core_sci_sm", disable=["lemmatizer", "parser", "ner"])
          ^^^^^^^^^^^^^^^^^^^^^^^^^^^^^^^^^^^^^^^^^^^^^^^^^^^^^^^^^^^^^^^^^^^^^
  File "/home/mathu/projects/hospital/venv/lib/python3.11/site-packages/spacy/__init__.py", line 51, in load
    return util.load_model(
           ^^^^^^^^^^^^^^^^
  File "/home/mathu/projects/hospital/venv/lib/python3.11/site-packages/spacy/util.py", line 472, in load_model
    raise IOError(Errors.E050.format(name=name))
OSError: [E050] Can't find model 'en_core_sci_sm'. It doesn't seem to be a Python package or a valid path to a data directory.
2025-05-25 14:28:51,746 - WARNING - Diagnosis relevance weights for facial pain|nasal congestion|sinusitis|sinus pain|purulent nasal discharge do not sum to 1.0: 0
2025-05-25 14:28:51,747 - WARNING - Diagnosis relevance weights for cough do not sum to 1.0: 0
2025-05-25 14:28:51,747 - WARNING - Diagnosis relevance weights for headache|photophobia do not sum to 1.0: 0
2025-05-25 14:28:51,748 - WARNING - Diagnosis relevance weights for chest pain|shortness of breath|chest tightness do not sum to 1.0: 0
2025-05-25 14:28:51,748 - WARNING - Diagnosis relevance weights for epigastric pain|nausea do not sum to 1.0: 0
2025-05-25 14:28:51,749 - WARNING - Diagnosis relevance weights for knee pain|swelling do not sum to 1.0: 0
2025-05-25 14:28:51,749 - WARNING - Diagnosis relevance weights for back pain|lower back pain|backache do not sum to 1.0: 0
2025-05-25 14:28:51,750 - WARNING - Diagnosis relevance weights for fever|chills do not sum to 1.0: 0
2025-05-25 14:28:51,750 - WARNING - Diagnosis relevance weights for fatigue|obesity do not sum to 1.0: 0
2025-05-25 14:28:51,751 - WARNING - Diagnosis angina relevance weights do not sum to 1.0: 0.8
2025-05-25 14:30:40,680 - ERROR - Failed to initialize NLP pipeline: [E893] Could not find function 'replace_tokenizer' in function registry 'callbacks'. If you're using a custom function, make sure the code is available. If the function is provided by a third-party package, e.g. spacy-transformers, make sure the package is installed in your environment.

Available names: spacy.copy_from_base_model.v1, spacy.models_and_pipes_with_nvtx_range.v1, spacy.models_with_nvtx_range.v1
2025-05-25 14:30:42,249 - WARNING - Using fallback spacy pipeline without parser, ner, or linker
2025-05-25 14:32:41,925 - ERROR - Failed to initialize NLP pipeline: [E893] Could not find function 'replace_tokenizer' in function registry 'callbacks'. If you're using a custom function, make sure the code is available. If the function is provided by a third-party package, e.g. spacy-transformers, make sure the package is installed in your environment.

Available names: spacy.copy_from_base_model.v1, spacy.models_and_pipes_with_nvtx_range.v1, spacy.models_with_nvtx_range.v1
2025-05-25 14:32:43,034 - WARNING - Using fallback spacy pipeline without parser, ner, or linker
2025-05-25 14:32:43,035 - ERROR - Failed to add symptom rules: "[E001] No component 'medspacy_target_matcher' found in pipeline. Available names: ['sentencizer', 'tok2vec', 'tagger', 'attribute_ruler', 'lemmatizer', 'parser', 'ner']"
2025-05-25 14:34:59,799 - ERROR - Failed to initialize NLP pipeline: [E893] Could not find function 'replace_tokenizer' in function registry 'callbacks'. If you're using a custom function, make sure the code is available. If the function is provided by a third-party package, e.g. spacy-transformers, make sure the package is installed in your environment.

Available names: spacy.copy_from_base_model.v1, spacy.models_and_pipes_with_nvtx_range.v1, spacy.models_with_nvtx_range.v1
2025-05-25 14:35:02,195 - WARNING - Using fallback spacy pipeline without parser, ner, or linker
2025-05-25 14:35:02,236 - WARNING - Missing symptoms: ['photophobia']. Initiating knowledge base update.
2025-05-25 14:35:02,273 - WARNING - Missing symptoms: ['photophobia']. Initiating knowledge base update.
2025-05-25 14:35:02,274 - ERROR - Invalid text type for aggravating: <class 'departments.models.medicine.SOAPNote'>
2025-05-25 14:35:02,274 - ERROR - Error extracting features for note ID 1: dictionary update sequence element #0 has length 1; 2 is required
2025-05-25 14:35:02,275 - WARNING - Empty text for embedding, skipping embedding-based scoring
2025-05-25 14:35:02,276 - WARNING - No patient_id for differential diagnosis, using default values
2025-05-25 14:35:02,278 - ERROR - Error generating differentials: string indices must be integers, not 'str'
2025-05-25 14:35:02,287 - WARNING - Extracted symptoms do not match expected symptoms: ['headache', 'photophobia']. Using knowledge base fallback.
2025-05-25 14:39:03,964 - WARNING - Diagnosis relevance weights for facial pain|nasal congestion|sinusitis|sinus pain|purulent nasal discharge do not sum to 1.0: 0
2025-05-25 14:39:03,964 - WARNING - Diagnosis relevance weights for cough do not sum to 1.0: 0
2025-05-25 14:39:03,965 - WARNING - Diagnosis relevance weights for headache|photophobia do not sum to 1.0: 0
2025-05-25 14:39:03,965 - WARNING - Diagnosis relevance weights for chest pain|shortness of breath|chest tightness do not sum to 1.0: 0
2025-05-25 14:39:03,966 - WARNING - Diagnosis relevance weights for epigastric pain|nausea do not sum to 1.0: 0
2025-05-25 14:39:03,966 - WARNING - Diagnosis relevance weights for knee pain|swelling do not sum to 1.0: 0
2025-05-25 14:39:03,966 - WARNING - Diagnosis relevance weights for back pain|lower back pain|backache do not sum to 1.0: 0
2025-05-25 14:39:03,967 - WARNING - Diagnosis relevance weights for fever|chills do not sum to 1.0: 0
2025-05-25 14:39:03,967 - WARNING - Diagnosis relevance weights for fatigue|obesity do not sum to 1.0: 0
2025-05-25 14:39:03,968 - WARNING - Diagnosis angina relevance weights do not sum to 1.0: 0.8
2025-05-25 14:41:00,074 - ERROR - Failed to initialize NLP pipeline: [E893] Could not find function 'replace_tokenizer' in function registry 'callbacks'. If you're using a custom function, make sure the code is available. If the function is provided by a third-party package, e.g. spacy-transformers, make sure the package is installed in your environment.

Available names: spacy.copy_from_base_model.v1, spacy.models_and_pipes_with_nvtx_range.v1, spacy.models_with_nvtx_range.v1
Traceback (most recent call last):
  File "/home/mathu/projects/hospital/departments/nlp/nlp_pipeline.py", line 107, in get_nlp
    nlp.initialize()
  File "/home/mathu/projects/hospital/venv/lib/python3.11/site-packages/spacy/language.py", line 1322, in initialize
    I = registry.resolve(config["initialize"], schema=ConfigSchemaInit)
        ^^^^^^^^^^^^^^^^^^^^^^^^^^^^^^^^^^^^^^^^^^^^^^^^^^^^^^^^^^^^^^^
  File "/home/mathu/projects/hospital/venv/lib/python3.11/site-packages/confection/__init__.py", line 760, in resolve
    resolved, _ = cls._make(
                  ^^^^^^^^^^
  File "/home/mathu/projects/hospital/venv/lib/python3.11/site-packages/confection/__init__.py", line 809, in _make
    filled, _, resolved = cls._fill(
                          ^^^^^^^^^^
  File "/home/mathu/projects/hospital/venv/lib/python3.11/site-packages/confection/__init__.py", line 863, in _fill
    promise_schema = cls.make_promise_schema(value, resolve=resolve)
                     ^^^^^^^^^^^^^^^^^^^^^^^^^^^^^^^^^^^^^^^^^^^^^^^
  File "/home/mathu/projects/hospital/venv/lib/python3.11/site-packages/confection/__init__.py", line 1069, in make_promise_schema
    func = cls.get(reg_name, func_name)
           ^^^^^^^^^^^^^^^^^^^^^^^^^^^^
  File "/home/mathu/projects/hospital/venv/lib/python3.11/site-packages/spacy/util.py", line 163, in get
    raise RegistryError(
catalogue.RegistryError: [E893] Could not find function 'replace_tokenizer' in function registry 'callbacks'. If you're using a custom function, make sure the code is available. If the function is provided by a third-party package, e.g. spacy-transformers, make sure the package is installed in your environment.

Available names: spacy.copy_from_base_model.v1, spacy.models_and_pipes_with_nvtx_range.v1, spacy.models_with_nvtx_range.v1
2025-05-25 14:41:01,520 - WARNING - Using fallback spacy pipeline without parser, ner, or linker
2025-05-25 14:43:39,278 - WARNING - Diagnosis relevance weights for facial pain|nasal congestion|sinusitis|sinus pain|purulent nasal discharge do not sum to 1.0: 0
2025-05-25 14:43:39,279 - WARNING - Diagnosis relevance weights for cough do not sum to 1.0: 0
2025-05-25 14:43:39,280 - WARNING - Diagnosis relevance weights for headache|photophobia do not sum to 1.0: 0
2025-05-25 14:43:39,280 - WARNING - Diagnosis relevance weights for chest pain|shortness of breath|chest tightness do not sum to 1.0: 0
2025-05-25 14:43:39,281 - WARNING - Diagnosis relevance weights for epigastric pain|nausea do not sum to 1.0: 0
2025-05-25 14:43:39,281 - WARNING - Diagnosis relevance weights for knee pain|swelling do not sum to 1.0: 0
2025-05-25 14:43:39,282 - WARNING - Diagnosis relevance weights for back pain|lower back pain|backache do not sum to 1.0: 0
2025-05-25 14:43:39,282 - WARNING - Diagnosis relevance weights for fever|chills do not sum to 1.0: 0
2025-05-25 14:43:39,283 - WARNING - Diagnosis relevance weights for fatigue|obesity do not sum to 1.0: 0
2025-05-25 14:43:39,284 - WARNING - Diagnosis angina relevance weights do not sum to 1.0: 0.8
2025-05-25 14:45:35,752 - ERROR - Failed to initialize NLP pipeline: [E893] Could not find function 'replace_tokenizer' in function registry 'callbacks'. If you're using a custom function, make sure the code is available. If the function is provided by a third-party package, e.g. spacy-transformers, make sure the package is installed in your environment.

Available names: spacy.copy_from_base_model.v1, spacy.models_and_pipes_with_nvtx_range.v1, spacy.models_with_nvtx_range.v1
2025-05-25 14:45:37,437 - WARNING - Using fallback spacy pipeline without parser, ner, or linker
2025-05-25 15:05:45,207 - WARNING - Diagnosis relevance weights for facial pain|nasal congestion|sinusitis|sinus pain|purulent nasal discharge do not sum to 1.0: 0
2025-05-25 15:05:45,207 - WARNING - Diagnosis relevance weights for cough do not sum to 1.0: 0
2025-05-25 15:05:45,208 - WARNING - Diagnosis relevance weights for headache|photophobia do not sum to 1.0: 0
2025-05-25 15:05:45,208 - WARNING - Diagnosis relevance weights for chest pain|shortness of breath|chest tightness do not sum to 1.0: 0
2025-05-25 15:05:45,209 - WARNING - Diagnosis relevance weights for epigastric pain|nausea do not sum to 1.0: 0
2025-05-25 15:05:45,209 - WARNING - Diagnosis relevance weights for knee pain|swelling do not sum to 1.0: 0
2025-05-25 15:05:45,211 - WARNING - Diagnosis relevance weights for back pain|lower back pain|backache do not sum to 1.0: 0
2025-05-25 15:05:45,211 - WARNING - Diagnosis relevance weights for fever|chills do not sum to 1.0: 0
2025-05-25 15:05:45,212 - WARNING - Diagnosis relevance weights for fatigue|obesity do not sum to 1.0: 0
2025-05-25 15:05:45,213 - WARNING - Diagnosis angina relevance weights do not sum to 1.0: 0.8
2025-05-25 15:05:47,515 - ERROR - Failed to add medspacy_pyrush: No module named 'medspacy.pyrush'
Traceback (most recent call last):
  File "/home/mathu/projects/hospital/departments/nlp/nlp_pipeline.py", line 31, in get_nlp
    from medspacy.pyrush import PyRuSH
ModuleNotFoundError: No module named 'medspacy.pyrush'
2025-05-25 15:05:47,517 - WARNING - Using sentencizer only.
2025-05-25 15:08:17,679 - ERROR - Failed to initialize NLP pipeline: [E893] Could not find function 'replace_tokenizer' in function registry 'callbacks'. If you're using a custom function, make sure the code is available. If the function is provided by a third-party package, e.g. spacy-transformers, make sure the package is installed in your environment.

Available names: spacy.copy_from_base_model.v1, spacy.models_and_pipes_with_nvtx_range.v1, spacy.models_with_nvtx_range.v1
Traceback (most recent call last):
  File "/home/mathu/projects/hospital/departments/nlp/nlp_pipeline.py", line 112, in get_nlp
    nlp.initialize()
  File "/home/mathu/projects/hospital/venv/lib/python3.11/site-packages/spacy/language.py", line 1322, in initialize
    self._optimizer = sgd
        ^^^^^^^^^^^^^^^^^^
  File "/home/mathu/projects/hospital/venv/lib/python3.11/site-packages/confection/__init__.py", line 760, in resolve
    resolved, _ = cls._make(
                  ^^^^^^^^^^
  File "/home/mathu/projects/hospital/venv/lib/python3.11/site-packages/confection/__init__.py", line 809, in _make
    filled, _, resolved = cls._fill(
                          ^^^^^^^^^^
  File "/home/mathu/projects/hospital/venv/lib/python3.11/site-packages/confection/__init__.py", line 863, in _fill
    promise_schema = cls.make_promise_schema(value, resolve=resolve)
                     ^^^^^^^^^^^^^^^^^^^^^^^^^^^^^^^^^^^^^^^^^^^^^^^
  File "/home/mathu/projects/hospital/venv/lib/python3.11/site-packages/confection/__init__.py", line 1069, in make_promise_schema
    func = cls.get(reg_name, func_name)
           ^^^^^^^^^^^^^^^^^^^^^^^^^^^^
  File "/home/mathu/projects/hospital/venv/lib/python3.11/site-packages/spacy/util.py", line 163, in get
    raise RegistryError(Errors.E892.format(name=registry_name, available=names))
catalogue.RegistryError: [E893] Could not find function 'replace_tokenizer' in function registry 'callbacks'. If you're using a custom function, make sure the code is available. If the function is provided by a third-party package, e.g. spacy-transformers, make sure the package is installed in your environment.

Available names: spacy.copy_from_base_model.v1, spacy.models_and_pipes_with_nvtx_range.v1, spacy.models_with_nvtx_range.v1
2025-05-25 15:08:19,260 - WARNING - Using fallback spacy pipeline without parser, ner, or linker
2025-05-25 15:08:21,270 - ERROR - Failed to add medspacy_pyrush: No module named 'medspacy.pyrush'
Traceback (most recent call last):
  File "/home/mathu/projects/hospital/departments/nlp/nlp_pipeline.py", line 31, in get_nlp
    from medspacy.pyrush import PyRuSH
ModuleNotFoundError: No module named 'medspacy.pyrush'
2025-05-25 15:08:21,271 - WARNING - Using sentencizer only.
2025-05-25 15:10:20,743 - ERROR - Failed to initialize NLP pipeline: [E893] Could not find function 'replace_tokenizer' in function registry 'callbacks'. If you're using a custom function, make sure the code is available. If the function is provided by a third-party package, e.g. spacy-transformers, make sure the package is installed in your environment.

Available names: spacy.copy_from_base_model.v1, spacy.models_and_pipes_with_nvtx_range.v1, spacy.models_with_nvtx_range.v1
Traceback (most recent call last):
  File "/home/mathu/projects/hospital/departments/nlp/nlp_pipeline.py", line 112, in get_nlp
    nlp.initialize()
  File "/home/mathu/projects/hospital/venv/lib/python3.11/site-packages/spacy/language.py", line 1322, in initialize
    self._optimizer = sgd
        ^^^^^^^^^^^^^^^^^^
  File "/home/mathu/projects/hospital/venv/lib/python3.11/site-packages/confection/__init__.py", line 760, in resolve
    resolved, _ = cls._make(
                  ^^^^^^^^^^
  File "/home/mathu/projects/hospital/venv/lib/python3.11/site-packages/confection/__init__.py", line 809, in _make
    filled, _, resolved = cls._fill(
                          ^^^^^^^^^^
  File "/home/mathu/projects/hospital/venv/lib/python3.11/site-packages/confection/__init__.py", line 863, in _fill
    promise_schema = cls.make_promise_schema(value, resolve=resolve)
                     ^^^^^^^^^^^^^^^^^^^^^^^^^^^^^^^^^^^^^^^^^^^^^^^
  File "/home/mathu/projects/hospital/venv/lib/python3.11/site-packages/confection/__init__.py", line 1069, in make_promise_schema
    func = cls.get(reg_name, func_name)
           ^^^^^^^^^^^^^^^^^^^^^^^^^^^^
  File "/home/mathu/projects/hospital/venv/lib/python3.11/site-packages/spacy/util.py", line 163, in get
    raise RegistryError(Errors.E892.format(name=registry_name, available=names))
catalogue.RegistryError: [E893] Could not find function 'replace_tokenizer' in function registry 'callbacks'. If you're using a custom function, make sure the code is available. If the function is provided by a third-party package, e.g. spacy-transformers, make sure the package is installed in your environment.

Available names: spacy.copy_from_base_model.v1, spacy.models_and_pipes_with_nvtx_range.v1, spacy.models_with_nvtx_range.v1
2025-05-25 15:10:22,275 - WARNING - Using fallback spacy pipeline without parser, ner, or linker
2025-05-25 15:10:22,275 - ERROR - Failed to add symptom rules: "[E001] No component 'medspacy_target_matcher' found in pipeline. Available names: ['sentencizer', 'tok2vec', 'tagger', 'attribute_ruler', 'lemmatizer', 'parser', 'ner']"
2025-05-25 15:10:23,665 - ERROR - Failed to add medspacy_pyrush: No module named 'medspacy.pyrush'
Traceback (most recent call last):
  File "/home/mathu/projects/hospital/departments/nlp/nlp_pipeline.py", line 31, in get_nlp
    from medspacy.pyrush import PyRuSH
ModuleNotFoundError: No module named 'medspacy.pyrush'
2025-05-25 15:10:23,666 - WARNING - Using sentencizer only.
2025-05-25 15:22:20,457 - WARNING - Diagnosis relevance weights for facial pain|nasal congestion|sinusitis|sinus pain|purulent nasal discharge do not sum to 1.0: 0
2025-05-25 15:22:20,458 - WARNING - Diagnosis relevance weights for cough do not sum to 1.0: 0
2025-05-25 15:22:20,459 - WARNING - Diagnosis relevance weights for headache|photophobia do not sum to 1.0: 0
2025-05-25 15:22:20,460 - WARNING - Diagnosis relevance weights for chest pain|shortness of breath|chest tightness do not sum to 1.0: 0
2025-05-25 15:22:20,461 - WARNING - Diagnosis relevance weights for epigastric pain|nausea do not sum to 1.0: 0
2025-05-25 15:22:20,461 - WARNING - Diagnosis relevance weights for knee pain|swelling do not sum to 1.0: 0
2025-05-25 15:22:20,462 - WARNING - Diagnosis relevance weights for back pain|lower back pain|backache do not sum to 1.0: 0
2025-05-25 15:22:20,463 - WARNING - Diagnosis relevance weights for fever|chills do not sum to 1.0: 0
2025-05-25 15:22:20,463 - WARNING - Diagnosis relevance weights for fatigue|obesity do not sum to 1.0: 0
2025-05-25 15:22:20,465 - WARNING - Diagnosis angina relevance weights do not sum to 1.0: 0.8
2025-05-25 15:24:17,131 - ERROR - Failed to initialize NLP pipeline: [E893] Could not find function 'replace_tokenizer' in function registry 'callbacks'. If you're using a custom function, make sure the code is available. If the function is provided by a third-party package, e.g. spacy-transformers, make sure the package is installed in your environment.

Available names: spacy.copy_from_base_model.v1, spacy.models_and_pipes_with_nvtx_range.v1, spacy.models_with_nvtx_range.v1
2025-05-25 15:24:18,391 - WARNING - Using fallback spacy pipeline without parser, ner, or linker
2025-05-25 15:26:29,763 - ERROR - Failed to initialize NLP pipeline: [E893] Could not find function 'replace_tokenizer' in function registry 'callbacks'. If you're using a custom function, make sure the code is available. If the function is provided by a third-party package, e.g. spacy-transformers, make sure the package is installed in your environment.

Available names: spacy.copy_from_base_model.v1, spacy.models_and_pipes_with_nvtx_range.v1, spacy.models_with_nvtx_range.v1
2025-05-25 15:26:31,193 - WARNING - Using fallback spacy pipeline without parser, ner, or linker
2025-05-25 15:26:31,194 - ERROR - Failed to add symptom rules: "[E001] No component 'medspacy_target_matcher' found in pipeline. Available names: ['sentencizer', 'tok2vec', 'tagger', 'attribute_ruler', 'lemmatizer', 'parser', 'ner']"
2025-05-25 15:28:37,045 - ERROR - Failed to initialize NLP pipeline: [E893] Could not find function 'replace_tokenizer' in function registry 'callbacks'. If you're using a custom function, make sure the code is available. If the function is provided by a third-party package, e.g. spacy-transformers, make sure the package is installed in your environment.

Available names: spacy.copy_from_base_model.v1, spacy.models_and_pipes_with_nvtx_range.v1, spacy.models_with_nvtx_range.v1
2025-05-25 15:28:38,263 - WARNING - Using fallback spacy pipeline without parser, ner, or linker
2025-05-25 15:28:38,295 - WARNING - Missing symptoms: ['photophobia']. Initiating knowledge base update.
2025-05-25 15:28:38,329 - WARNING - Missing symptoms: ['photophobia']. Initiating knowledge base update.
2025-05-25 15:28:38,330 - ERROR - Invalid text type for aggravating: <class 'departments.models.medicine.SOAPNote'>
2025-05-25 15:28:38,330 - ERROR - Error extracting features for note ID 1: dictionary update sequence element #0 has length 1; 2 is required
2025-05-25 15:28:38,331 - WARNING - Empty text for embedding, skipping embedding-based scoring
2025-05-25 15:28:38,331 - WARNING - No patient_id for differential diagnosis, using default values
2025-05-25 15:28:38,334 - ERROR - Error generating differentials: string indices must be integers, not 'str'
2025-05-25 15:28:38,347 - WARNING - Extracted symptoms do not match expected symptoms: ['headache', 'photophobia']. Using knowledge base fallback.
2025-05-25 16:04:18,376 - WARNING - Diagnosis relevance weights for facial pain|nasal congestion|sinusitis|sinus pain|purulent nasal discharge do not sum to 1.0: 0
2025-05-25 16:04:18,377 - WARNING - Diagnosis relevance weights for cough do not sum to 1.0: 0
2025-05-25 16:04:18,379 - WARNING - Diagnosis relevance weights for headache|photophobia do not sum to 1.0: 0
2025-05-25 16:04:18,380 - WARNING - Diagnosis relevance weights for chest pain|shortness of breath|chest tightness do not sum to 1.0: 0
2025-05-25 16:04:18,381 - WARNING - Diagnosis relevance weights for epigastric pain|nausea do not sum to 1.0: 0
2025-05-25 16:04:18,381 - WARNING - Diagnosis relevance weights for knee pain|swelling do not sum to 1.0: 0
2025-05-25 16:04:18,382 - WARNING - Diagnosis relevance weights for back pain|lower back pain|backache do not sum to 1.0: 0
2025-05-25 16:04:18,383 - WARNING - Diagnosis relevance weights for fever|chills do not sum to 1.0: 0
2025-05-25 16:04:18,383 - WARNING - Diagnosis relevance weights for fatigue|obesity do not sum to 1.0: 0
2025-05-25 16:04:18,384 - WARNING - Diagnosis angina relevance weights do not sum to 1.0: 0.8
2025-05-25 16:06:08,924 - ERROR - Failed to initialize NLP pipeline: [E893] Could not find function 'replace_tokenizer' in function registry 'callbacks'. If you're using a custom function, make sure the code is available. If the function is provided by a third-party package, e.g. spacy-transformers, make sure the package is installed in your environment.

Available names: spacy.copy_from_base_model.v1, spacy.models_and_pipes_with_nvtx_range.v1, spacy.models_with_nvtx_range.v1
2025-05-25 16:06:10,294 - WARNING - Using fallback spacy pipeline without parser, ner, or linker
2025-05-25 16:08:31,272 - ERROR - Failed to initialize NLP pipeline: [E893] Could not find function 'replace_tokenizer' in function registry 'callbacks'. If you're using a custom function, make sure the code is available. If the function is provided by a third-party package, e.g. spacy-transformers, make sure the package is installed in your environment.

Available names: spacy.copy_from_base_model.v1, spacy.models_and_pipes_with_nvtx_range.v1, spacy.models_with_nvtx_range.v1
2025-05-25 16:08:32,974 - WARNING - Using fallback spacy pipeline without parser, ner, or linker
2025-05-25 16:08:32,975 - ERROR - Failed to add symptom rules: "[E001] No component 'medspacy_target_matcher' found in pipeline. Available names: ['sentencizer', 'tok2vec', 'tagger', 'attribute_ruler', 'lemmatizer', 'parser', 'ner']"
2025-05-25 16:10:46,592 - ERROR - Failed to initialize NLP pipeline: [E893] Could not find function 'replace_tokenizer' in function registry 'callbacks'. If you're using a custom function, make sure the code is available. If the function is provided by a third-party package, e.g. spacy-transformers, make sure the package is installed in your environment.

Available names: spacy.copy_from_base_model.v1, spacy.models_and_pipes_with_nvtx_range.v1, spacy.models_with_nvtx_range.v1
2025-05-25 16:10:48,062 - WARNING - Using fallback spacy pipeline without parser, ner, or linker
2025-05-25 16:10:48,113 - WARNING - Missing symptoms: ['photophobia']. Initiating knowledge base update.
2025-05-25 16:10:48,150 - WARNING - Missing symptoms: ['photophobia']. Initiating knowledge base update.
2025-05-25 16:10:48,151 - ERROR - Invalid text type for aggravating: <class 'departments.models.medicine.SOAPNote'>
2025-05-25 16:10:48,152 - ERROR - Error extracting features for note ID 1: dictionary update sequence element #0 has length 1; 2 is required
2025-05-25 16:10:48,152 - WARNING - Empty text for embedding, skipping embedding-based scoring
2025-05-25 16:10:48,153 - WARNING - No patient_id for differential diagnosis, using default values
2025-05-25 16:10:48,155 - ERROR - Error generating differentials: string indices must be integers, not 'str'
2025-05-25 16:10:48,161 - WARNING - Extracted symptoms do not match expected symptoms: ['headache', 'photophobia']. Using knowledge base fallback.
2025-05-25 17:29:43,037 - WARNING - Diagnosis relevance weights for facial pain|nasal congestion|sinusitis|sinus pain|purulent nasal discharge do not sum to 1.0: 0
2025-05-25 17:29:43,038 - WARNING - Diagnosis relevance weights for cough do not sum to 1.0: 0
2025-05-25 17:29:43,038 - WARNING - Diagnosis relevance weights for headache|photophobia do not sum to 1.0: 0
2025-05-25 17:29:43,039 - WARNING - Diagnosis relevance weights for chest pain|shortness of breath|chest tightness do not sum to 1.0: 0
2025-05-25 17:29:43,040 - WARNING - Diagnosis relevance weights for epigastric pain|nausea do not sum to 1.0: 0
2025-05-25 17:29:43,040 - WARNING - Diagnosis relevance weights for knee pain|swelling do not sum to 1.0: 0
2025-05-25 17:29:43,041 - WARNING - Diagnosis relevance weights for back pain|lower back pain|backache do not sum to 1.0: 0
2025-05-25 17:29:43,041 - WARNING - Diagnosis relevance weights for fever|chills do not sum to 1.0: 0
2025-05-25 17:29:43,042 - WARNING - Diagnosis relevance weights for fatigue|obesity do not sum to 1.0: 0
2025-05-25 17:29:43,043 - WARNING - Diagnosis angina relevance weights do not sum to 1.0: 0.8
2025-05-25 17:29:45,136 - ERROR - Failed to initialize NLP pipeline: 'NoneType' object has no attribute 'startswith'
2025-05-25 17:29:46,579 - WARNING - Using fallback spacy pipeline without parser, ner, or linker
2025-05-25 17:29:47,730 - ERROR - Failed to initialize NLP pipeline: 'NoneType' object has no attribute 'startswith'
2025-05-25 17:29:48,839 - WARNING - Using fallback spacy pipeline without parser, ner, or linker
2025-05-25 17:29:48,839 - ERROR - Failed to add symptom rules: "[E001] No component 'medspacy_target_matcher' found in pipeline. Available names: ['sentencizer', 'tok2vec', 'tagger', 'attribute_ruler', 'lemmatizer', 'parser', 'ner']"
2025-05-25 17:29:50,200 - ERROR - Failed to initialize NLP pipeline: 'NoneType' object has no attribute 'startswith'
2025-05-25 17:29:51,554 - WARNING - Using fallback spacy pipeline without parser, ner, or linker
2025-05-25 17:29:51,599 - WARNING - Missing symptoms: ['photophobia']. Initiating knowledge base update.
2025-05-25 17:29:51,634 - WARNING - Missing symptoms: ['photophobia']. Initiating knowledge base update.
2025-05-25 17:29:51,635 - ERROR - Invalid text type for aggravating: <class 'departments.models.medicine.SOAPNote'>
2025-05-25 17:29:51,635 - ERROR - Error extracting features for note ID 1: dictionary update sequence element #0 has length 1; 2 is required
2025-05-25 17:29:51,636 - WARNING - Empty text for embedding, skipping embedding-based scoring
2025-05-25 17:29:51,637 - WARNING - No patient_id for differential diagnosis, using default values
2025-05-25 17:29:51,638 - ERROR - Error generating differentials: string indices must be integers, not 'str'
2025-05-25 17:29:51,647 - WARNING - Extracted symptoms do not match expected symptoms: ['headache', 'photophobia']. Using knowledge base fallback.
2025-05-25 17:39:38,793 - WARNING - Diagnosis relevance weights for facial pain|nasal congestion|sinusitis|sinus pain|purulent nasal discharge do not sum to 1.0: 0
2025-05-25 17:39:38,794 - WARNING - Diagnosis relevance weights for cough do not sum to 1.0: 0
2025-05-25 17:39:38,794 - WARNING - Diagnosis relevance weights for headache|photophobia do not sum to 1.0: 0
2025-05-25 17:39:38,795 - WARNING - Diagnosis relevance weights for chest pain|shortness of breath|chest tightness do not sum to 1.0: 0
2025-05-25 17:39:38,795 - WARNING - Diagnosis relevance weights for epigastric pain|nausea do not sum to 1.0: 0
2025-05-25 17:39:38,796 - WARNING - Diagnosis relevance weights for knee pain|swelling do not sum to 1.0: 0
2025-05-25 17:39:38,796 - WARNING - Diagnosis relevance weights for back pain|lower back pain|backache do not sum to 1.0: 0
2025-05-25 17:39:38,797 - WARNING - Diagnosis relevance weights for fever|chills do not sum to 1.0: 0
2025-05-25 17:39:38,798 - WARNING - Diagnosis relevance weights for fatigue|obesity do not sum to 1.0: 0
2025-05-25 17:39:38,799 - WARNING - Diagnosis angina relevance weights do not sum to 1.0: 0.8
2025-05-25 17:39:40,772 - ERROR - Failed to initialize NLP pipeline: 

Config validation error
medspacy_context -> rules_path	extra fields not permitted
{'nlp': <spacy.lang.en.English object at 0x709f1bb55b90>, 'name': 'medspacy_context', 'rules_path': None, '@factories': 'medspacy_context'}
2025-05-25 17:39:41,940 - WARNING - Using fallback spacy pipeline without parser, ner, or linker
2025-05-25 17:39:43,122 - ERROR - Failed to initialize NLP pipeline: 

Config validation error
medspacy_context -> rules_path	extra fields not permitted
{'nlp': <spacy.lang.en.English object at 0x709efbb00350>, 'name': 'medspacy_context', 'rules_path': None, '@factories': 'medspacy_context'}
2025-05-25 17:39:44,298 - WARNING - Using fallback spacy pipeline without parser, ner, or linker
2025-05-25 17:39:44,299 - ERROR - Failed to add symptom rules: "[E001] No component 'medspacy_target_matcher' found in pipeline. Available names: ['sentencizer', 'tok2vec', 'tagger', 'attribute_ruler', 'lemmatizer', 'parser', 'ner']"
2025-05-25 17:39:45,545 - ERROR - Failed to initialize NLP pipeline: 

Config validation error
medspacy_context -> rules_path	extra fields not permitted
{'nlp': <spacy.lang.en.English object at 0x709ef9c748d0>, 'name': 'medspacy_context', 'rules_path': None, '@factories': 'medspacy_context'}
2025-05-25 17:39:46,700 - WARNING - Using fallback spacy pipeline without parser, ner, or linker
2025-05-25 17:39:46,736 - WARNING - Missing symptoms: ['photophobia']. Initiating knowledge base update.
2025-05-25 17:39:46,766 - WARNING - Missing symptoms: ['photophobia']. Initiating knowledge base update.
2025-05-25 17:39:46,766 - ERROR - Invalid text type for aggravating: <class 'departments.models.medicine.SOAPNote'>
2025-05-25 17:39:46,767 - ERROR - Error extracting features for note ID 1: dictionary update sequence element #0 has length 1; 2 is required
2025-05-25 17:39:46,767 - WARNING - Empty text for embedding, skipping embedding-based scoring
2025-05-25 17:39:46,768 - WARNING - No patient_id for differential diagnosis, using default values
2025-05-25 17:39:46,770 - ERROR - Error generating differentials: string indices must be integers, not 'str'
2025-05-25 17:39:46,782 - WARNING - Extracted symptoms do not match expected symptoms: ['headache', 'photophobia']. Using knowledge base fallback.
2025-05-25 17:46:08,919 - WARNING - Diagnosis relevance weights for facial pain|nasal congestion|sinusitis|sinus pain|purulent nasal discharge do not sum to 1.0: 0
2025-05-25 17:46:08,920 - WARNING - Diagnosis relevance weights for cough do not sum to 1.0: 0
2025-05-25 17:46:08,920 - WARNING - Diagnosis relevance weights for headache|photophobia do not sum to 1.0: 0
2025-05-25 17:46:08,921 - WARNING - Diagnosis relevance weights for chest pain|shortness of breath|chest tightness do not sum to 1.0: 0
2025-05-25 17:46:08,921 - WARNING - Diagnosis relevance weights for epigastric pain|nausea do not sum to 1.0: 0
2025-05-25 17:46:08,921 - WARNING - Diagnosis relevance weights for knee pain|swelling do not sum to 1.0: 0
2025-05-25 17:46:08,922 - WARNING - Diagnosis relevance weights for back pain|lower back pain|backache do not sum to 1.0: 0
2025-05-25 17:46:08,922 - WARNING - Diagnosis relevance weights for fever|chills do not sum to 1.0: 0
2025-05-25 17:46:08,923 - WARNING - Diagnosis relevance weights for fatigue|obesity do not sum to 1.0: 0
2025-05-25 17:46:08,924 - WARNING - Diagnosis angina relevance weights do not sum to 1.0: 0.8
2025-05-25 17:48:07,605 - ERROR - Failed to initialize NLP pipeline: [E893] Could not find function 'replace_tokenizer' in function registry 'callbacks'. If you're using a custom function, make sure the code is available. If the function is provided by a third-party package, e.g. spacy-transformers, make sure the package is installed in your environment.

Available names: spacy.copy_from_base_model.v1, spacy.models_and_pipes_with_nvtx_range.v1, spacy.models_with_nvtx_range.v1
2025-05-25 17:48:08,702 - WARNING - Using fallback spacy pipeline without parser, ner, or linker
2025-05-25 17:50:24,026 - ERROR - Failed to initialize NLP pipeline: [E893] Could not find function 'replace_tokenizer' in function registry 'callbacks'. If you're using a custom function, make sure the code is available. If the function is provided by a third-party package, e.g. spacy-transformers, make sure the package is installed in your environment.

Available names: spacy.copy_from_base_model.v1, spacy.models_and_pipes_with_nvtx_range.v1, spacy.models_with_nvtx_range.v1
2025-05-25 17:50:25,545 - WARNING - Using fallback spacy pipeline without parser, ner, or linker
2025-05-25 17:50:25,546 - ERROR - Failed to add symptom rules: "[E001] No component 'medspacy_target_matcher' found in pipeline. Available names: ['sentencizer', 'tok2vec', 'tagger', 'attribute_ruler', 'lemmatizer', 'parser', 'ner']"
2025-05-25 17:52:39,170 - ERROR - Failed to initialize NLP pipeline: [E893] Could not find function 'replace_tokenizer' in function registry 'callbacks'. If you're using a custom function, make sure the code is available. If the function is provided by a third-party package, e.g. spacy-transformers, make sure the package is installed in your environment.

Available names: spacy.copy_from_base_model.v1, spacy.models_and_pipes_with_nvtx_range.v1, spacy.models_with_nvtx_range.v1
2025-05-25 17:52:40,723 - WARNING - Using fallback spacy pipeline without parser, ner, or linker
2025-05-25 17:52:40,760 - WARNING - Missing symptoms: ['photophobia']. Initiating knowledge base update.
2025-05-25 17:52:40,798 - WARNING - Missing symptoms: ['photophobia']. Initiating knowledge base update.
2025-05-25 17:52:40,799 - ERROR - Invalid text type for aggravating: <class 'departments.models.medicine.SOAPNote'>
2025-05-25 17:52:40,799 - ERROR - Error extracting features for note ID 1: dictionary update sequence element #0 has length 1; 2 is required
2025-05-25 17:52:40,801 - WARNING - Empty text for embedding, skipping embedding-based scoring
2025-05-25 17:52:40,802 - WARNING - No patient_id for differential diagnosis, using default values
2025-05-25 17:52:40,806 - ERROR - Error generating differentials: string indices must be integers, not 'str'
2025-05-25 17:52:40,815 - WARNING - Extracted symptoms do not match expected symptoms: ['headache', 'photophobia']. Using knowledge base fallback.
2025-05-25 17:54:41,769 - WARNING - Diagnosis relevance weights for facial pain|nasal congestion|sinusitis|sinus pain|purulent nasal discharge do not sum to 1.0: 0
2025-05-25 17:54:41,770 - WARNING - Diagnosis relevance weights for cough do not sum to 1.0: 0
2025-05-25 17:54:41,771 - WARNING - Diagnosis relevance weights for headache|photophobia do not sum to 1.0: 0
2025-05-25 17:54:41,771 - WARNING - Diagnosis relevance weights for chest pain|shortness of breath|chest tightness do not sum to 1.0: 0
2025-05-25 17:54:41,772 - WARNING - Diagnosis relevance weights for epigastric pain|nausea do not sum to 1.0: 0
2025-05-25 17:54:41,772 - WARNING - Diagnosis relevance weights for knee pain|swelling do not sum to 1.0: 0
2025-05-25 17:54:41,773 - WARNING - Diagnosis relevance weights for back pain|lower back pain|backache do not sum to 1.0: 0
2025-05-25 17:54:41,773 - WARNING - Diagnosis relevance weights for fever|chills do not sum to 1.0: 0
2025-05-25 17:54:41,774 - WARNING - Diagnosis relevance weights for fatigue|obesity do not sum to 1.0: 0
2025-05-25 17:54:41,775 - WARNING - Diagnosis angina relevance weights do not sum to 1.0: 0.8
2025-05-25 17:56:41,447 - ERROR - Failed to initialize NLP pipeline: [E893] Could not find function 'replace_tokenizer' in function registry 'callbacks'. If you're using a custom function, make sure the code is available. If the function is provided by a third-party package, e.g. spacy-transformers, make sure the package is installed in your environment.

Available names: spacy.copy_from_base_model.v1, spacy.models_and_pipes_with_nvtx_range.v1, spacy.models_with_nvtx_range.v1
2025-05-25 17:56:42,937 - WARNING - Using fallback spacy pipeline without parser, ner, or linker
2025-05-25 17:58:53,299 - ERROR - Failed to initialize NLP pipeline: [E893] Could not find function 'replace_tokenizer' in function registry 'callbacks'. If you're using a custom function, make sure the code is available. If the function is provided by a third-party package, e.g. spacy-transformers, make sure the package is installed in your environment.

Available names: spacy.copy_from_base_model.v1, spacy.models_and_pipes_with_nvtx_range.v1, spacy.models_with_nvtx_range.v1
2025-05-25 17:58:54,818 - WARNING - Using fallback spacy pipeline without parser, ner, or linker
2025-05-25 17:58:54,819 - ERROR - Failed to add symptom rules: "[E001] No component 'medspacy_target_matcher' found in pipeline. Available names: ['sentencizer', 'tok2vec', 'tagger', 'attribute_ruler', 'lemmatizer', 'parser', 'ner']"
2025-05-25 18:00:55,673 - ERROR - Failed to initialize NLP pipeline: [E893] Could not find function 'replace_tokenizer' in function registry 'callbacks'. If you're using a custom function, make sure the code is available. If the function is provided by a third-party package, e.g. spacy-transformers, make sure the package is installed in your environment.

Available names: spacy.copy_from_base_model.v1, spacy.models_and_pipes_with_nvtx_range.v1, spacy.models_with_nvtx_range.v1
2025-05-25 18:00:57,259 - WARNING - Using fallback spacy pipeline without parser, ner, or linker
2025-05-25 18:00:57,297 - WARNING - Missing symptoms: ['photophobia']. Initiating knowledge base update.
2025-05-25 18:00:57,333 - WARNING - Missing symptoms: ['photophobia']. Initiating knowledge base update.
2025-05-25 18:00:57,335 - ERROR - Invalid text type for aggravating: <class 'departments.models.medicine.SOAPNote'>
2025-05-25 18:00:57,336 - ERROR - Error extracting features for note ID 1: dictionary update sequence element #0 has length 1; 2 is required
2025-05-25 18:00:57,337 - WARNING - Empty text for embedding, skipping embedding-based scoring
2025-05-25 18:00:57,337 - WARNING - No patient_id for differential diagnosis, using default values
2025-05-25 18:00:57,342 - ERROR - Error generating differentials: string indices must be integers, not 'str'
2025-05-25 18:00:57,358 - WARNING - Extracted symptoms do not match expected symptoms: ['headache', 'photophobia']. Using knowledge base fallback.
2025-05-25 18:14:45,959 - WARNING - Diagnosis relevance weights for facial pain|nasal congestion|sinusitis|sinus pain|purulent nasal discharge do not sum to 1.0: 0
2025-05-25 18:14:45,960 - WARNING - Diagnosis relevance weights for cough do not sum to 1.0: 0
2025-05-25 18:14:45,961 - WARNING - Diagnosis relevance weights for headache|photophobia do not sum to 1.0: 0
2025-05-25 18:14:45,962 - WARNING - Diagnosis relevance weights for chest pain|shortness of breath|chest tightness do not sum to 1.0: 0
2025-05-25 18:14:45,963 - WARNING - Diagnosis relevance weights for epigastric pain|nausea do not sum to 1.0: 0
2025-05-25 18:14:45,963 - WARNING - Diagnosis relevance weights for knee pain|swelling do not sum to 1.0: 0
2025-05-25 18:14:45,964 - WARNING - Diagnosis relevance weights for back pain|lower back pain|backache do not sum to 1.0: 0
2025-05-25 18:14:45,964 - WARNING - Diagnosis relevance weights for fever|chills do not sum to 1.0: 0
2025-05-25 18:14:45,965 - WARNING - Diagnosis relevance weights for fatigue|obesity do not sum to 1.0: 0
2025-05-25 18:14:45,966 - WARNING - Diagnosis angina relevance weights do not sum to 1.0: 0.8
2025-05-25 18:16:40,893 - ERROR - Failed to initialize NLP pipeline: [E893] Could not find function 'replace_tokenizer' in function registry 'callbacks'. If you're using a custom function, make sure the code is available. If the function is provided by a third-party package, e.g. spacy-transformers, make sure the package is installed in your environment.

Available names: spacy.copy_from_base_model.v1, spacy.models_and_pipes_with_nvtx_range.v1, spacy.models_with_nvtx_range.v1
2025-05-25 18:16:42,406 - WARNING - Using fallback spacy pipeline without parser, ner, or linker
2025-05-25 18:19:09,431 - ERROR - Failed to initialize NLP pipeline: [E893] Could not find function 'replace_tokenizer' in function registry 'callbacks'. If you're using a custom function, make sure the code is available. If the function is provided by a third-party package, e.g. spacy-transformers, make sure the package is installed in your environment.

Available names: spacy.copy_from_base_model.v1, spacy.models_and_pipes_with_nvtx_range.v1, spacy.models_with_nvtx_range.v1
2025-05-25 18:19:11,325 - WARNING - Using fallback spacy pipeline without parser, ner, or linker
2025-05-25 18:19:11,326 - ERROR - Failed to add symptom rules: "[E001] No component 'medspacy_target_matcher' found in pipeline. Available names: ['sentencizer', 'tok2vec', 'tagger', 'attribute_ruler', 'lemmatizer', 'parser', 'ner']"
2025-05-25 18:21:24,954 - ERROR - Failed to initialize NLP pipeline: [E893] Could not find function 'replace_tokenizer' in function registry 'callbacks'. If you're using a custom function, make sure the code is available. If the function is provided by a third-party package, e.g. spacy-transformers, make sure the package is installed in your environment.

Available names: spacy.copy_from_base_model.v1, spacy.models_and_pipes_with_nvtx_range.v1, spacy.models_with_nvtx_range.v1
2025-05-25 18:21:26,636 - WARNING - Using fallback spacy pipeline without parser, ner, or linker
2025-05-25 18:21:26,675 - WARNING - Missing symptoms: ['photophobia']. Initiating knowledge base update.
2025-05-25 18:21:26,715 - WARNING - Missing symptoms: ['photophobia']. Initiating knowledge base update.
2025-05-25 18:21:26,716 - ERROR - Invalid text type for aggravating: <class 'departments.models.medicine.SOAPNote'>
2025-05-25 18:21:26,716 - ERROR - Error extracting features for note ID 1: dictionary update sequence element #0 has length 1; 2 is required
2025-05-25 18:21:26,717 - WARNING - Empty text for embedding, skipping embedding-based scoring
2025-05-25 18:21:26,717 - WARNING - No patient_id for differential diagnosis, using default values
2025-05-25 18:21:26,719 - ERROR - Error generating differentials: string indices must be integers, not 'str'
2025-05-25 18:21:26,729 - WARNING - Extracted symptoms do not match expected symptoms: ['headache', 'photophobia']. Using knowledge base fallback.
2025-05-25 18:34:28,768 - WARNING - Diagnosis relevance weights for facial pain|nasal congestion|sinusitis|sinus pain|purulent nasal discharge do not sum to 1.0: 0
2025-05-25 18:34:28,768 - WARNING - Diagnosis relevance weights for cough do not sum to 1.0: 0
2025-05-25 18:34:28,769 - WARNING - Diagnosis relevance weights for headache|photophobia do not sum to 1.0: 0
2025-05-25 18:34:28,769 - WARNING - Diagnosis relevance weights for chest pain|shortness of breath|chest tightness do not sum to 1.0: 0
2025-05-25 18:34:28,769 - WARNING - Diagnosis relevance weights for epigastric pain|nausea do not sum to 1.0: 0
2025-05-25 18:34:28,770 - WARNING - Diagnosis relevance weights for knee pain|swelling do not sum to 1.0: 0
2025-05-25 18:34:28,770 - WARNING - Diagnosis relevance weights for back pain|lower back pain|backache do not sum to 1.0: 0
2025-05-25 18:34:28,771 - WARNING - Diagnosis relevance weights for fever|chills do not sum to 1.0: 0
2025-05-25 18:34:28,771 - WARNING - Diagnosis relevance weights for fatigue|obesity do not sum to 1.0: 0
2025-05-25 18:34:28,772 - WARNING - Diagnosis angina relevance weights do not sum to 1.0: 0.8
2025-05-25 18:36:29,527 - ERROR - Failed to initialize NLP pipeline: [E893] Could not find function 'replace_tokenizer' in function registry 'callbacks'. If you're using a custom function, make sure the code is available. If the function is provided by a third-party package, e.g. spacy-transformers, make sure the package is installed in your environment.

Available names: spacy.copy_from_base_model.v1, spacy.models_and_pipes_with_nvtx_range.v1, spacy.models_with_nvtx_range.v1
2025-05-25 18:36:31,261 - WARNING - Using fallback spacy pipeline without parser, ner, or linker
2025-05-25 18:38:45,077 - ERROR - Failed to initialize NLP pipeline: [E893] Could not find function 'replace_tokenizer' in function registry 'callbacks'. If you're using a custom function, make sure the code is available. If the function is provided by a third-party package, e.g. spacy-transformers, make sure the package is installed in your environment.

Available names: spacy.copy_from_base_model.v1, spacy.models_and_pipes_with_nvtx_range.v1, spacy.models_with_nvtx_range.v1
2025-05-25 18:38:46,625 - WARNING - Using fallback spacy pipeline without parser, ner, or linker
2025-05-25 18:38:46,626 - ERROR - Failed to add symptom rules: "[E001] No component 'medspacy_target_matcher' found in pipeline. Available names: ['sentencizer', 'tok2vec', 'tagger', 'attribute_ruler', 'lemmatizer', 'parser', 'ner']"
2025-05-25 18:41:07,736 - ERROR - Failed to initialize NLP pipeline: [E893] Could not find function 'replace_tokenizer' in function registry 'callbacks'. If you're using a custom function, make sure the code is available. If the function is provided by a third-party package, e.g. spacy-transformers, make sure the package is installed in your environment.

Available names: spacy.copy_from_base_model.v1, spacy.models_and_pipes_with_nvtx_range.v1, spacy.models_with_nvtx_range.v1
2025-05-25 18:41:09,530 - WARNING - Using fallback spacy pipeline without parser, ner, or linker
2025-05-25 18:41:09,566 - WARNING - Missing symptoms: ['photophobia']. Initiating knowledge base update.
2025-05-25 18:41:09,611 - WARNING - Missing symptoms: ['photophobia']. Initiating knowledge base update.
2025-05-25 18:41:09,612 - ERROR - Invalid text type for aggravating: <class 'departments.models.medicine.SOAPNote'>
2025-05-25 18:41:09,614 - ERROR - Error extracting features for note ID 1: dictionary update sequence element #0 has length 1; 2 is required
2025-05-25 18:41:09,615 - WARNING - Empty text for embedding, skipping embedding-based scoring
2025-05-25 18:41:09,617 - WARNING - No patient_id for differential diagnosis, using default values
2025-05-25 18:41:09,621 - ERROR - Error generating differentials: string indices must be integers, not 'str'
2025-05-25 18:41:09,634 - WARNING - Extracted symptoms do not match expected symptoms: ['headache', 'photophobia']. Using knowledge base fallback.
2025-05-25 18:43:46,785 - WARNING - Diagnosis relevance weights for facial pain|nasal congestion|sinusitis|sinus pain|purulent nasal discharge do not sum to 1.0: 0
2025-05-25 18:43:46,786 - WARNING - Diagnosis relevance weights for cough do not sum to 1.0: 0
2025-05-25 18:43:46,787 - WARNING - Diagnosis relevance weights for headache|photophobia do not sum to 1.0: 0
2025-05-25 18:43:46,787 - WARNING - Diagnosis relevance weights for chest pain|shortness of breath|chest tightness do not sum to 1.0: 0
2025-05-25 18:43:46,787 - WARNING - Diagnosis relevance weights for epigastric pain|nausea do not sum to 1.0: 0
2025-05-25 18:43:46,788 - WARNING - Diagnosis relevance weights for knee pain|swelling do not sum to 1.0: 0
2025-05-25 18:43:46,788 - WARNING - Diagnosis relevance weights for back pain|lower back pain|backache do not sum to 1.0: 0
2025-05-25 18:43:46,789 - WARNING - Diagnosis relevance weights for fever|chills do not sum to 1.0: 0
2025-05-25 18:43:46,789 - WARNING - Diagnosis relevance weights for fatigue|obesity do not sum to 1.0: 0
2025-05-25 18:43:46,790 - WARNING - Diagnosis angina relevance weights do not sum to 1.0: 0.8
2025-05-25 18:45:46,639 - ERROR - Failed to initialize NLP pipeline: [E893] Could not find function 'replace_tokenizer' in function registry 'callbacks'. If you're using a custom function, make sure the code is available. If the function is provided by a third-party package, e.g. spacy-transformers, make sure the package is installed in your environment.

Available names: spacy.copy_from_base_model.v1, spacy.models_and_pipes_with_nvtx_range.v1, spacy.models_with_nvtx_range.v1
2025-05-25 18:45:47,983 - WARNING - Using fallback spacy pipeline without parser, ner, or linker
2025-05-25 18:47:55,951 - ERROR - Failed to initialize NLP pipeline: [E893] Could not find function 'replace_tokenizer' in function registry 'callbacks'. If you're using a custom function, make sure the code is available. If the function is provided by a third-party package, e.g. spacy-transformers, make sure the package is installed in your environment.

Available names: spacy.copy_from_base_model.v1, spacy.models_and_pipes_with_nvtx_range.v1, spacy.models_with_nvtx_range.v1
2025-05-25 18:47:57,266 - WARNING - Using fallback spacy pipeline without parser, ner, or linker
2025-05-25 18:47:57,267 - ERROR - Failed to add symptom rules: "[E001] No component 'medspacy_target_matcher' found in pipeline. Available names: ['sentencizer', 'tok2vec', 'tagger', 'attribute_ruler', 'lemmatizer', 'parser', 'ner']"
2025-05-25 18:50:03,351 - ERROR - Failed to initialize NLP pipeline: [E893] Could not find function 'replace_tokenizer' in function registry 'callbacks'. If you're using a custom function, make sure the code is available. If the function is provided by a third-party package, e.g. spacy-transformers, make sure the package is installed in your environment.

Available names: spacy.copy_from_base_model.v1, spacy.models_and_pipes_with_nvtx_range.v1, spacy.models_with_nvtx_range.v1
2025-05-25 18:50:04,638 - WARNING - Using fallback spacy pipeline without parser, ner, or linker
2025-05-25 18:50:04,677 - WARNING - Missing symptoms: ['photophobia']. Initiating knowledge base update.
2025-05-25 18:50:04,711 - WARNING - Missing symptoms: ['photophobia']. Initiating knowledge base update.
2025-05-25 18:50:04,712 - ERROR - Invalid text type for aggravating: <class 'departments.models.medicine.SOAPNote'>
2025-05-25 18:50:04,712 - ERROR - Error extracting features for note ID 1: dictionary update sequence element #0 has length 1; 2 is required
2025-05-25 18:50:04,713 - WARNING - Empty text for embedding, skipping embedding-based scoring
2025-05-25 18:50:04,713 - WARNING - No patient_id for differential diagnosis, using default values
2025-05-25 18:50:04,716 - ERROR - Error generating differentials: string indices must be integers, not 'str'
2025-05-25 18:50:04,725 - WARNING - Extracted symptoms do not match expected symptoms: ['headache', 'photophobia']. Using knowledge base fallback.
2025-05-25 19:27:17,388 - WARNING - Diagnosis relevance weights for facial pain|nasal congestion|sinusitis|sinus pain|purulent nasal discharge do not sum to 1.0: 0
2025-05-25 19:27:17,389 - WARNING - Diagnosis relevance weights for cough do not sum to 1.0: 0
2025-05-25 19:27:17,389 - WARNING - Diagnosis relevance weights for headache|photophobia do not sum to 1.0: 0
2025-05-25 19:27:17,389 - WARNING - Diagnosis relevance weights for chest pain|shortness of breath|chest tightness do not sum to 1.0: 0
2025-05-25 19:27:17,389 - WARNING - Diagnosis relevance weights for epigastric pain|nausea do not sum to 1.0: 0
2025-05-25 19:27:17,390 - WARNING - Diagnosis relevance weights for knee pain|swelling do not sum to 1.0: 0
2025-05-25 19:27:17,390 - WARNING - Diagnosis relevance weights for back pain|lower back pain|backache do not sum to 1.0: 0
2025-05-25 19:27:17,390 - WARNING - Diagnosis relevance weights for fever|chills do not sum to 1.0: 0
2025-05-25 19:27:17,391 - WARNING - Diagnosis relevance weights for fatigue|obesity do not sum to 1.0: 0
2025-05-25 19:27:17,391 - WARNING - Diagnosis angina relevance weights do not sum to 1.0: 0.8
2025-05-25 19:28:54,935 - ERROR - Failed to initialize NLP pipeline: [E893] Could not find function 'replace_tokenizer' in function registry 'callbacks'. If you're using a custom function, make sure the code is available. If the function is provided by a third-party package, e.g. spacy-transformers, make sure the package is installed in your environment.

Available names: spacy.copy_from_base_model.v1, spacy.models_and_pipes_with_nvtx_range.v1, spacy.models_with_nvtx_range.v1
2025-05-25 19:28:55,863 - WARNING - Using fallback spacy pipeline without parser, ner, or linker
2025-05-25 19:30:28,223 - ERROR - Failed to initialize NLP pipeline: [E893] Could not find function 'replace_tokenizer' in function registry 'callbacks'. If you're using a custom function, make sure the code is available. If the function is provided by a third-party package, e.g. spacy-transformers, make sure the package is installed in your environment.

Available names: spacy.copy_from_base_model.v1, spacy.models_and_pipes_with_nvtx_range.v1, spacy.models_with_nvtx_range.v1
2025-05-25 19:30:29,145 - WARNING - Using fallback spacy pipeline without parser, ner, or linker
2025-05-25 19:30:29,145 - ERROR - Failed to add symptom rules: "[E001] No component 'medspacy_target_matcher' found in pipeline. Available names: ['sentencizer', 'tok2vec', 'tagger', 'attribute_ruler', 'lemmatizer', 'parser', 'ner']"
2025-05-25 19:30:29,212 - WARNING - No category mapping found for 'mood changes ophthalmologic no vision changes primary assessment symptoms consistent acute bacterial sinusitis likely secondary to recent viral upper respiratory infection differential includes viral sinusitis'. Defaulting to 'general'.
2025-05-25 19:30:29,219 - WARNING - No category mapping found for 'acute abnormalities in pulmonary musculoskeletal gi gu hematologic dermatologic psychiatric'. Defaulting to 'general'.
2025-05-25 19:30:40,187 - ERROR - Failed to get UTS ticket: 401 Client Error: Unauthorized for url: https://uts-ws.nlm.nih.gov/rest/tickets
2025-05-25 19:30:40,596 - ERROR - UMLS synonym generation failed for 'patient presents with facial pain': 401 Client Error: Unauthorized for url: https://uts-ws.nlm.nih.gov/rest/search/current?string=patient+presents+with+facial+pain&ticket=&searchType=exact&sabs=SNOMEDCT_US
2025-05-25 19:30:41,897 - ERROR - Failed to get UTS ticket: 401 Client Error: Unauthorized for url: https://uts-ws.nlm.nih.gov/rest/tickets
2025-05-25 19:30:42,224 - ERROR - Failed to get UTS ticket: 401 Client Error: Unauthorized for url: https://uts-ws.nlm.nih.gov/rest/tickets
2025-05-25 19:30:42,641 - ERROR - Error saving knowledge base to JSON: Object of type ObjectId is not JSON serializable
2025-05-25 19:30:42,642 - ERROR - Error extracting features for note ID 1: extract_location() takes 1 positional argument but 2 were given
2025-05-25 19:30:42,665 - WARNING - Diagnosis relevance weights for facial pain|nasal congestion|sinusitis|sinus pain|purulent nasal discharge do not sum to 1.0: 0
2025-05-25 19:30:42,666 - WARNING - Diagnosis relevance weights for cough do not sum to 1.0: 0
2025-05-25 19:30:42,666 - WARNING - Diagnosis relevance weights for headache|photophobia do not sum to 1.0: 0
2025-05-25 19:30:42,667 - WARNING - Diagnosis relevance weights for chest pain|shortness of breath|chest tightness do not sum to 1.0: 0
2025-05-25 19:30:42,667 - WARNING - Diagnosis relevance weights for epigastric pain|nausea do not sum to 1.0: 0
2025-05-25 19:30:42,668 - WARNING - Diagnosis relevance weights for knee pain|swelling do not sum to 1.0: 0
2025-05-25 19:30:42,668 - WARNING - Diagnosis relevance weights for back pain|lower back pain|backache do not sum to 1.0: 0
2025-05-25 19:30:42,668 - WARNING - Diagnosis relevance weights for fever|chills do not sum to 1.0: 0
2025-05-25 19:30:42,668 - WARNING - Diagnosis relevance weights for fatigue|obesity do not sum to 1.0: 0
2025-05-25 19:30:42,669 - WARNING - Diagnosis angina relevance weights do not sum to 1.0: 0.8
2025-05-25 19:32:18,458 - ERROR - Failed to initialize NLP pipeline: [E893] Could not find function 'replace_tokenizer' in function registry 'callbacks'. If you're using a custom function, make sure the code is available. If the function is provided by a third-party package, e.g. spacy-transformers, make sure the package is installed in your environment.

Available names: spacy.copy_from_base_model.v1, spacy.models_and_pipes_with_nvtx_range.v1, spacy.models_with_nvtx_range.v1
2025-05-25 19:32:19,388 - WARNING - Using fallback spacy pipeline without parser, ner, or linker
2025-05-25 19:33:49,120 - ERROR - Failed to initialize NLP pipeline: [E893] Could not find function 'replace_tokenizer' in function registry 'callbacks'. If you're using a custom function, make sure the code is available. If the function is provided by a third-party package, e.g. spacy-transformers, make sure the package is installed in your environment.

Available names: spacy.copy_from_base_model.v1, spacy.models_and_pipes_with_nvtx_range.v1, spacy.models_with_nvtx_range.v1
2025-05-25 19:33:50,032 - WARNING - Using fallback spacy pipeline without parser, ner, or linker
2025-05-25 19:33:50,033 - ERROR - Failed to add symptom rules: "[E001] No component 'medspacy_target_matcher' found in pipeline. Available names: ['sentencizer', 'tok2vec', 'tagger', 'attribute_ruler', 'lemmatizer', 'parser', 'ner']"
2025-05-25 19:33:50,085 - WARNING - No category mapping found for 'mood changes ophthalmologic no vision changes primary assessment symptoms consistent acute bacterial sinusitis likely secondary to recent viral upper respiratory infection differential includes viral sinusitis'. Defaulting to 'general'.
2025-05-25 19:33:50,094 - WARNING - No category mapping found for 'acute abnormalities in pulmonary musculoskeletal gi gu hematologic dermatologic psychiatric'. Defaulting to 'general'.
2025-05-25 19:33:50,097 - WARNING - Missing symptoms: ['patient presents with facial pain, nasal congestion, and fever for 10 days. reports purulent nasal discharge.']. Initiating knowledge base update.
2025-05-25 19:33:52,291 - ERROR - Failed to get UTS ticket: 401 Client Error: Unauthorized for url: https://uts-ws.nlm.nih.gov/rest/tickets
2025-05-25 19:33:52,919 - ERROR - UMLS synonym generation failed for 'and fever for 10 days. reports purulent nasal discharge. facial pain over maxillary sinuses': 401 Client Error: Unauthorized for url: https://uts-ws.nlm.nih.gov/rest/search/current?string=and+fever+for+10+days.+reports+purulent+nasal+discharge.+facial+pain+over+maxillary+sinuses&ticket=&searchType=exact&sabs=SNOMEDCT_US
2025-05-25 19:33:54,447 - ERROR - Failed to get UTS ticket: 401 Client Error: Unauthorized for url: https://uts-ws.nlm.nih.gov/rest/tickets
2025-05-25 19:33:54,951 - ERROR - Failed to get UTS ticket: 401 Client Error: Unauthorized for url: https://uts-ws.nlm.nih.gov/rest/tickets
2025-05-25 19:33:55,261 - ERROR - Error saving knowledge base to JSON: Object of type ObjectId is not JSON serializable
2025-05-25 19:33:55,262 - ERROR - Error extracting features for note ID 1: extract_location() takes 1 positional argument but 2 were given
2025-05-25 19:33:55,279 - WARNING - Diagnosis relevance weights for facial pain|nasal congestion|sinusitis|sinus pain|purulent nasal discharge do not sum to 1.0: 0
2025-05-25 19:33:55,280 - WARNING - Diagnosis relevance weights for cough do not sum to 1.0: 0
2025-05-25 19:33:55,280 - WARNING - Diagnosis relevance weights for headache|photophobia do not sum to 1.0: 0
2025-05-25 19:33:55,280 - WARNING - Diagnosis relevance weights for chest pain|shortness of breath|chest tightness do not sum to 1.0: 0
2025-05-25 19:33:55,281 - WARNING - Diagnosis relevance weights for epigastric pain|nausea do not sum to 1.0: 0
2025-05-25 19:33:55,281 - WARNING - Diagnosis relevance weights for knee pain|swelling do not sum to 1.0: 0
2025-05-25 19:33:55,281 - WARNING - Diagnosis relevance weights for back pain|lower back pain|backache do not sum to 1.0: 0
2025-05-25 19:33:55,281 - WARNING - Diagnosis relevance weights for fever|chills do not sum to 1.0: 0
2025-05-25 19:33:55,282 - WARNING - Diagnosis relevance weights for fatigue|obesity do not sum to 1.0: 0
2025-05-25 19:33:55,282 - WARNING - Diagnosis angina relevance weights do not sum to 1.0: 0.8
2025-05-25 19:35:33,986 - ERROR - Failed to initialize NLP pipeline: [E893] Could not find function 'replace_tokenizer' in function registry 'callbacks'. If you're using a custom function, make sure the code is available. If the function is provided by a third-party package, e.g. spacy-transformers, make sure the package is installed in your environment.

Available names: spacy.copy_from_base_model.v1, spacy.models_and_pipes_with_nvtx_range.v1, spacy.models_with_nvtx_range.v1
2025-05-25 19:35:34,924 - WARNING - Using fallback spacy pipeline without parser, ner, or linker
2025-05-25 19:37:09,155 - ERROR - Failed to initialize NLP pipeline: [E893] Could not find function 'replace_tokenizer' in function registry 'callbacks'. If you're using a custom function, make sure the code is available. If the function is provided by a third-party package, e.g. spacy-transformers, make sure the package is installed in your environment.

Available names: spacy.copy_from_base_model.v1, spacy.models_and_pipes_with_nvtx_range.v1, spacy.models_with_nvtx_range.v1
2025-05-25 19:37:10,052 - WARNING - Using fallback spacy pipeline without parser, ner, or linker
2025-05-25 19:37:10,052 - ERROR - Failed to add symptom rules: "[E001] No component 'medspacy_target_matcher' found in pipeline. Available names: ['sentencizer', 'tok2vec', 'tagger', 'attribute_ruler', 'lemmatizer', 'parser', 'ner']"
2025-05-25 19:38:42,106 - ERROR - Failed to initialize NLP pipeline: [E893] Could not find function 'replace_tokenizer' in function registry 'callbacks'. If you're using a custom function, make sure the code is available. If the function is provided by a third-party package, e.g. spacy-transformers, make sure the package is installed in your environment.

Available names: spacy.copy_from_base_model.v1, spacy.models_and_pipes_with_nvtx_range.v1, spacy.models_with_nvtx_range.v1
2025-05-25 19:38:43,025 - WARNING - Using fallback spacy pipeline without parser, ner, or linker
2025-05-25 19:38:43,070 - WARNING - No category mapping found for 'mood changes ophthalmologic no vision changes primary assessment symptoms consistent acute bacterial sinusitis likely secondary to recent viral upper respiratory infection differential includes viral sinusitis'. Defaulting to 'general'.
2025-05-25 19:38:43,079 - WARNING - No category mapping found for 'acute abnormalities in pulmonary musculoskeletal gi gu hematologic dermatologic psychiatric'. Defaulting to 'general'.
2025-05-25 19:38:43,149 - WARNING - No category mapping found for 'mood changes ophthalmologic no vision changes primary assessment symptoms consistent acute bacterial sinusitis likely secondary to recent viral upper respiratory infection differential includes viral sinusitis'. Defaulting to 'general'.
2025-05-25 19:38:43,157 - WARNING - No category mapping found for 'acute abnormalities in pulmonary musculoskeletal gi gu hematologic dermatologic psychiatric'. Defaulting to 'general'.
2025-05-25 19:38:46,010 - ERROR - Failed to get UTS ticket: 401 Client Error: Unauthorized for url: https://uts-ws.nlm.nih.gov/rest/tickets
2025-05-25 19:38:46,412 - ERROR - UMLS synonym generation failed for 'bilateral nasal congestion': 401 Client Error: Unauthorized for url: https://uts-ws.nlm.nih.gov/rest/search/current?string=bilateral+nasal+congestion&ticket=&searchType=exact&sabs=SNOMEDCT_US
2025-05-25 19:38:47,880 - ERROR - Failed to get UTS ticket: 401 Client Error: Unauthorized for url: https://uts-ws.nlm.nih.gov/rest/tickets
2025-05-25 19:38:48,450 - ERROR - Failed to get UTS ticket: 401 Client Error: Unauthorized for url: https://uts-ws.nlm.nih.gov/rest/tickets
2025-05-25 19:38:48,844 - ERROR - Error saving knowledge base to JSON: Object of type ObjectId is not JSON serializable
2025-05-25 19:38:48,847 - ERROR - Error extracting features for note ID 1: extract_location() takes 1 positional argument but 2 were given
2025-05-25 19:38:48,848 - WARNING - Empty text for embedding, skipping embedding-based scoring
2025-05-25 19:38:48,855 - ERROR - Error generating differentials: string indices must be integers, not 'str'
2025-05-25 19:38:48,860 - WARNING - Diagnosis relevance weights for facial pain|nasal congestion|sinusitis|sinus pain|purulent nasal discharge do not sum to 1.0: 0
2025-05-25 19:38:48,861 - WARNING - Diagnosis relevance weights for cough do not sum to 1.0: 0
2025-05-25 19:38:48,862 - WARNING - Diagnosis relevance weights for headache|photophobia do not sum to 1.0: 0
2025-05-25 19:38:48,863 - WARNING - Diagnosis relevance weights for chest pain|shortness of breath|chest tightness do not sum to 1.0: 0
2025-05-25 19:38:48,865 - WARNING - Diagnosis relevance weights for epigastric pain|nausea do not sum to 1.0: 0
2025-05-25 19:38:48,866 - WARNING - Diagnosis relevance weights for knee pain|swelling do not sum to 1.0: 0
2025-05-25 19:38:48,867 - WARNING - Diagnosis relevance weights for back pain|lower back pain|backache do not sum to 1.0: 0
2025-05-25 19:38:48,867 - WARNING - Diagnosis relevance weights for fever|chills do not sum to 1.0: 0
2025-05-25 19:38:48,868 - WARNING - Diagnosis relevance weights for fatigue|obesity do not sum to 1.0: 0
2025-05-25 19:38:48,870 - WARNING - Diagnosis angina relevance weights do not sum to 1.0: 0.8
2025-05-25 19:38:48,973 - WARNING - Extracted symptoms do not match expected symptoms: ['facial pain', 'nasal congestion', 'purulent nasal discharge']. Using knowledge base fallback.
2025-05-25 19:38:59,868 - ERROR - Failed to get UTS ticket: HTTPSConnectionPool(host='uts-ws.nlm.nih.gov', port=443): Read timed out. (read timeout=10)
2025-05-25 19:39:01,320 - ERROR - UMLS synonym generation failed for 'back pain for two weeks the patient reports backpain for three weeks on assessment': 401 Client Error: Unauthorized for url: https://uts-ws.nlm.nih.gov/rest/search/current?string=back+pain+for+two+weeks+the+patient+reports+backpain+for+three+weeks+on+assessment&ticket=&searchType=exact&sabs=SNOMEDCT_US
2025-05-25 19:39:02,771 - ERROR - Failed to get UTS ticket: 401 Client Error: Unauthorized for url: https://uts-ws.nlm.nih.gov/rest/tickets
2025-05-25 19:39:03,103 - ERROR - Failed to get UTS ticket: 401 Client Error: Unauthorized for url: https://uts-ws.nlm.nih.gov/rest/tickets
2025-05-25 19:39:03,436 - ERROR - Error saving knowledge base to JSON: Object of type ObjectId is not JSON serializable
2025-05-25 19:39:03,437 - ERROR - Error extracting features for note ID 2: extract_location() takes 1 positional argument but 2 were given
2025-05-25 19:39:03,456 - WARNING - Diagnosis relevance weights for facial pain|nasal congestion|sinusitis|sinus pain|purulent nasal discharge do not sum to 1.0: 0
2025-05-25 19:39:03,456 - WARNING - Diagnosis relevance weights for cough do not sum to 1.0: 0
2025-05-25 19:39:03,457 - WARNING - Diagnosis relevance weights for headache|photophobia do not sum to 1.0: 0
2025-05-25 19:39:03,457 - WARNING - Diagnosis relevance weights for chest pain|shortness of breath|chest tightness do not sum to 1.0: 0
2025-05-25 19:39:03,458 - WARNING - Diagnosis relevance weights for epigastric pain|nausea do not sum to 1.0: 0
2025-05-25 19:39:03,459 - WARNING - Diagnosis relevance weights for knee pain|swelling do not sum to 1.0: 0
2025-05-25 19:39:03,459 - WARNING - Diagnosis relevance weights for back pain|lower back pain|backache do not sum to 1.0: 0
2025-05-25 19:39:03,460 - WARNING - Diagnosis relevance weights for fever|chills do not sum to 1.0: 0
2025-05-25 19:39:03,460 - WARNING - Diagnosis relevance weights for fatigue|obesity do not sum to 1.0: 0
2025-05-25 19:39:03,460 - WARNING - Diagnosis angina relevance weights do not sum to 1.0: 0.8
2025-05-25 19:39:04,381 - WARNING - Invalid category for symptom 'bilateral nasal congestion': genitourinary
2025-05-25 19:40:40,949 - ERROR - Failed to initialize NLP pipeline: [E893] Could not find function 'replace_tokenizer' in function registry 'callbacks'. If you're using a custom function, make sure the code is available. If the function is provided by a third-party package, e.g. spacy-transformers, make sure the package is installed in your environment.

Available names: spacy.copy_from_base_model.v1, spacy.models_and_pipes_with_nvtx_range.v1, spacy.models_with_nvtx_range.v1
2025-05-25 19:40:41,876 - WARNING - Using fallback spacy pipeline without parser, ner, or linker
2025-05-25 19:40:42,579 - WARNING - Invalid category for symptom 'bilateral nasal congestion': genitourinary
2025-05-25 19:42:13,829 - ERROR - Failed to initialize NLP pipeline: [E893] Could not find function 'replace_tokenizer' in function registry 'callbacks'. If you're using a custom function, make sure the code is available. If the function is provided by a third-party package, e.g. spacy-transformers, make sure the package is installed in your environment.

Available names: spacy.copy_from_base_model.v1, spacy.models_and_pipes_with_nvtx_range.v1, spacy.models_with_nvtx_range.v1
2025-05-25 19:42:14,694 - WARNING - Using fallback spacy pipeline without parser, ner, or linker
2025-05-25 19:42:14,695 - ERROR - Failed to add symptom rules: "[E001] No component 'medspacy_target_matcher' found in pipeline. Available names: ['sentencizer', 'tok2vec', 'tagger', 'attribute_ruler', 'lemmatizer', 'parser', 'ner']"
2025-05-25 19:42:16,988 - ERROR - Failed to get UTS ticket: 401 Client Error: Unauthorized for url: https://uts-ws.nlm.nih.gov/rest/tickets
2025-05-25 19:42:17,344 - ERROR - UMLS synonym generation failed for 'the patient is obese the backpain is made worse by sitting down for long the pain is alleviated by standing and stretching': 401 Client Error: Unauthorized for url: https://uts-ws.nlm.nih.gov/rest/search/current?string=the+patient+is+obese+the+backpain+is+made+worse+by+sitting+down+for+long+the+pain+is+alleviated+by+standing+and+stretching&ticket=&searchType=exact&sabs=SNOMEDCT_US
2025-05-25 19:42:19,276 - ERROR - Failed to get UTS ticket: 401 Client Error: Unauthorized for url: https://uts-ws.nlm.nih.gov/rest/tickets
2025-05-25 19:42:19,891 - ERROR - Failed to get UTS ticket: 401 Client Error: Unauthorized for url: https://uts-ws.nlm.nih.gov/rest/tickets
2025-05-25 19:42:20,256 - ERROR - Error saving knowledge base to JSON: Object of type ObjectId is not JSON serializable
2025-05-25 19:42:20,257 - ERROR - Error extracting features for note ID 2: extract_location() takes 1 positional argument but 2 were given
2025-05-25 19:42:20,283 - WARNING - Diagnosis relevance weights for facial pain|nasal congestion|sinusitis|sinus pain|purulent nasal discharge do not sum to 1.0: 0
2025-05-25 19:42:20,284 - WARNING - Diagnosis relevance weights for cough do not sum to 1.0: 0
2025-05-25 19:42:20,284 - WARNING - Diagnosis relevance weights for headache|photophobia do not sum to 1.0: 0
2025-05-25 19:42:20,284 - WARNING - Diagnosis relevance weights for chest pain|shortness of breath|chest tightness do not sum to 1.0: 0
2025-05-25 19:42:20,285 - WARNING - Diagnosis relevance weights for epigastric pain|nausea do not sum to 1.0: 0
2025-05-25 19:42:20,285 - WARNING - Diagnosis relevance weights for knee pain|swelling do not sum to 1.0: 0
2025-05-25 19:42:20,285 - WARNING - Diagnosis relevance weights for back pain|lower back pain|backache do not sum to 1.0: 0
2025-05-25 19:42:20,285 - WARNING - Diagnosis relevance weights for fever|chills do not sum to 1.0: 0
2025-05-25 19:42:20,286 - WARNING - Diagnosis relevance weights for fatigue|obesity do not sum to 1.0: 0
2025-05-25 19:42:20,286 - WARNING - Diagnosis angina relevance weights do not sum to 1.0: 0.8
2025-05-25 19:42:21,298 - WARNING - Invalid category for symptom 'bilateral nasal congestion': genitourinary
2025-05-25 19:43:53,742 - ERROR - Failed to initialize NLP pipeline: [E893] Could not find function 'replace_tokenizer' in function registry 'callbacks'. If you're using a custom function, make sure the code is available. If the function is provided by a third-party package, e.g. spacy-transformers, make sure the package is installed in your environment.

Available names: spacy.copy_from_base_model.v1, spacy.models_and_pipes_with_nvtx_range.v1, spacy.models_with_nvtx_range.v1
2025-05-25 19:43:54,686 - WARNING - Using fallback spacy pipeline without parser, ner, or linker
2025-05-25 19:43:55,544 - WARNING - Invalid category for symptom 'bilateral nasal congestion': genitourinary
2025-05-25 19:45:29,874 - ERROR - Failed to initialize NLP pipeline: [E893] Could not find function 'replace_tokenizer' in function registry 'callbacks'. If you're using a custom function, make sure the code is available. If the function is provided by a third-party package, e.g. spacy-transformers, make sure the package is installed in your environment.

Available names: spacy.copy_from_base_model.v1, spacy.models_and_pipes_with_nvtx_range.v1, spacy.models_with_nvtx_range.v1
2025-05-25 19:45:30,907 - WARNING - Using fallback spacy pipeline without parser, ner, or linker
2025-05-25 19:45:30,908 - ERROR - Failed to add symptom rules: "[E001] No component 'medspacy_target_matcher' found in pipeline. Available names: ['sentencizer', 'tok2vec', 'tagger', 'attribute_ruler', 'lemmatizer', 'parser', 'ner']"
2025-05-25 19:45:31,919 - WARNING - Invalid category for symptom 'bilateral nasal congestion': genitourinary
2025-05-25 19:47:12,236 - ERROR - Failed to initialize NLP pipeline: [E893] Could not find function 'replace_tokenizer' in function registry 'callbacks'. If you're using a custom function, make sure the code is available. If the function is provided by a third-party package, e.g. spacy-transformers, make sure the package is installed in your environment.

Available names: spacy.copy_from_base_model.v1, spacy.models_and_pipes_with_nvtx_range.v1, spacy.models_with_nvtx_range.v1
2025-05-25 19:47:13,190 - WARNING - Using fallback spacy pipeline without parser, ner, or linker
2025-05-25 19:47:13,228 - ERROR - Invalid text type for aggravating: <class 'departments.models.medicine.SOAPNote'>
2025-05-25 19:47:13,228 - ERROR - Error extracting features for note ID 2: dictionary update sequence element #0 has length 1; 2 is required
2025-05-25 19:47:13,229 - WARNING - Empty text for embedding, skipping embedding-based scoring
2025-05-25 19:47:13,230 - ERROR - Error generating differentials: string indices must be integers, not 'str'
2025-05-25 19:47:13,235 - WARNING - Extracted symptoms do not match expected symptoms: ['back pain']. Using knowledge base fallback.
2025-05-25 19:47:13,275 - ERROR - Invalid text type for aggravating: <class 'departments.models.medicine.SOAPNote'>
2025-05-25 19:47:13,276 - ERROR - Error extracting features for note ID 3: dictionary update sequence element #0 has length 1; 2 is required
2025-05-25 19:47:14,075 - WARNING - Invalid category for symptom 'bilateral nasal congestion': genitourinary
2025-05-25 19:48:47,024 - ERROR - Failed to initialize NLP pipeline: [E893] Could not find function 'replace_tokenizer' in function registry 'callbacks'. If you're using a custom function, make sure the code is available. If the function is provided by a third-party package, e.g. spacy-transformers, make sure the package is installed in your environment.

Available names: spacy.copy_from_base_model.v1, spacy.models_and_pipes_with_nvtx_range.v1, spacy.models_with_nvtx_range.v1
2025-05-25 19:48:48,013 - WARNING - Using fallback spacy pipeline without parser, ner, or linker
2025-05-25 19:48:48,762 - WARNING - Invalid category for symptom 'bilateral nasal congestion': genitourinary
2025-05-25 19:50:28,718 - ERROR - Failed to initialize NLP pipeline: [E893] Could not find function 'replace_tokenizer' in function registry 'callbacks'. If you're using a custom function, make sure the code is available. If the function is provided by a third-party package, e.g. spacy-transformers, make sure the package is installed in your environment.

Available names: spacy.copy_from_base_model.v1, spacy.models_and_pipes_with_nvtx_range.v1, spacy.models_with_nvtx_range.v1
2025-05-25 19:50:29,792 - WARNING - Using fallback spacy pipeline without parser, ner, or linker
2025-05-25 19:50:29,793 - ERROR - Failed to add symptom rules: "[E001] No component 'medspacy_target_matcher' found in pipeline. Available names: ['sentencizer', 'tok2vec', 'tagger', 'attribute_ruler', 'lemmatizer', 'parser', 'ner']"
2025-05-25 19:50:29,817 - ERROR - Invalid text type for aggravating: <class 'departments.models.medicine.SOAPNote'>
2025-05-25 19:50:29,818 - ERROR - Error extracting features for note ID 3: dictionary update sequence element #0 has length 1; 2 is required
2025-05-25 19:50:30,839 - WARNING - Invalid category for symptom 'bilateral nasal congestion': genitourinary
2025-05-25 19:52:18,324 - ERROR - Failed to initialize NLP pipeline: [E893] Could not find function 'replace_tokenizer' in function registry 'callbacks'. If you're using a custom function, make sure the code is available. If the function is provided by a third-party package, e.g. spacy-transformers, make sure the package is installed in your environment.

Available names: spacy.copy_from_base_model.v1, spacy.models_and_pipes_with_nvtx_range.v1, spacy.models_with_nvtx_range.v1
2025-05-25 19:52:19,656 - WARNING - Using fallback spacy pipeline without parser, ner, or linker
2025-05-25 19:52:20,756 - WARNING - Invalid category for symptom 'bilateral nasal congestion': genitourinary
2025-05-25 19:53:58,953 - ERROR - Failed to initialize NLP pipeline: [E893] Could not find function 'replace_tokenizer' in function registry 'callbacks'. If you're using a custom function, make sure the code is available. If the function is provided by a third-party package, e.g. spacy-transformers, make sure the package is installed in your environment.

Available names: spacy.copy_from_base_model.v1, spacy.models_and_pipes_with_nvtx_range.v1, spacy.models_with_nvtx_range.v1
2025-05-25 19:54:00,018 - WARNING - Using fallback spacy pipeline without parser, ner, or linker
2025-05-25 19:54:00,018 - ERROR - Failed to add symptom rules: "[E001] No component 'medspacy_target_matcher' found in pipeline. Available names: ['sentencizer', 'tok2vec', 'tagger', 'attribute_ruler', 'lemmatizer', 'parser', 'ner']"
2025-05-25 19:54:00,913 - WARNING - Invalid category for symptom 'bilateral nasal congestion': genitourinary
2025-05-25 19:55:38,375 - ERROR - Failed to initialize NLP pipeline: [E893] Could not find function 'replace_tokenizer' in function registry 'callbacks'. If you're using a custom function, make sure the code is available. If the function is provided by a third-party package, e.g. spacy-transformers, make sure the package is installed in your environment.

Available names: spacy.copy_from_base_model.v1, spacy.models_and_pipes_with_nvtx_range.v1, spacy.models_with_nvtx_range.v1
2025-05-25 19:55:39,417 - WARNING - Using fallback spacy pipeline without parser, ner, or linker
2025-05-25 19:55:39,434 - WARNING - Missing symptoms: ['photophobia']. Initiating knowledge base update.
2025-05-25 19:55:39,456 - WARNING - Missing symptoms: ['photophobia']. Initiating knowledge base update.
2025-05-25 19:55:39,456 - ERROR - Invalid text type for aggravating: <class 'departments.models.medicine.SOAPNote'>
2025-05-25 19:55:39,456 - ERROR - Error extracting features for note ID 3: dictionary update sequence element #0 has length 1; 2 is required
2025-05-25 19:55:39,456 - WARNING - Empty text for embedding, skipping embedding-based scoring
2025-05-25 19:55:39,459 - ERROR - Error generating differentials: string indices must be integers, not 'str'
2025-05-25 19:55:39,461 - WARNING - Extracted symptoms do not match expected symptoms: ['headache', 'photophobia']. Using knowledge base fallback.
2025-05-25 20:05:00,957 - WARNING - Diagnosis relevance weights for facial pain|nasal congestion|sinusitis|sinus pain|purulent nasal discharge do not sum to 1.0: 0
2025-05-25 20:05:00,957 - WARNING - Diagnosis relevance weights for cough do not sum to 1.0: 0
2025-05-25 20:05:00,957 - WARNING - Diagnosis relevance weights for headache|photophobia do not sum to 1.0: 0
2025-05-25 20:05:00,958 - WARNING - Diagnosis relevance weights for chest pain|shortness of breath|chest tightness do not sum to 1.0: 0
2025-05-25 20:05:00,958 - WARNING - Diagnosis relevance weights for epigastric pain|nausea do not sum to 1.0: 0
2025-05-25 20:05:00,958 - WARNING - Diagnosis relevance weights for knee pain|swelling do not sum to 1.0: 0
2025-05-25 20:05:00,958 - WARNING - Diagnosis relevance weights for back pain|lower back pain|backache do not sum to 1.0: 0
2025-05-25 20:05:00,959 - WARNING - Diagnosis relevance weights for fever|chills do not sum to 1.0: 0
2025-05-25 20:05:00,959 - WARNING - Diagnosis relevance weights for fatigue|obesity do not sum to 1.0: 0
2025-05-25 20:05:00,959 - WARNING - Diagnosis angina relevance weights do not sum to 1.0: 0.8
2025-05-25 20:05:25,069 - WARNING - Invalid category for symptom 'bilateral nasal congestion': genitourinary
2025-05-25 20:06:15,665 - WARNING - Diagnosis relevance weights for facial pain|nasal congestion|sinusitis|sinus pain|purulent nasal discharge do not sum to 1.0: 0
2025-05-25 20:06:15,667 - WARNING - Diagnosis relevance weights for cough do not sum to 1.0: 0
2025-05-25 20:06:15,669 - WARNING - Diagnosis relevance weights for headache|photophobia do not sum to 1.0: 0
2025-05-25 20:06:15,671 - WARNING - Diagnosis relevance weights for chest pain|shortness of breath|chest tightness do not sum to 1.0: 0
2025-05-25 20:06:15,671 - WARNING - Diagnosis relevance weights for epigastric pain|nausea do not sum to 1.0: 0
2025-05-25 20:06:15,672 - WARNING - Diagnosis relevance weights for knee pain|swelling do not sum to 1.0: 0
2025-05-25 20:06:15,672 - WARNING - Diagnosis relevance weights for back pain|lower back pain|backache do not sum to 1.0: 0
2025-05-25 20:06:15,672 - WARNING - Diagnosis relevance weights for fever|chills do not sum to 1.0: 0
2025-05-25 20:06:15,673 - WARNING - Diagnosis relevance weights for fatigue|obesity do not sum to 1.0: 0
2025-05-25 20:06:15,673 - WARNING - Diagnosis angina relevance weights do not sum to 1.0: 0.8
2025-05-25 20:07:05,439 - WARNING - Invalid category for symptom 'bilateral nasal congestion': genitourinary
2025-05-25 20:08:22,104 - ERROR - Failed to initialize NLP pipeline: [E893] Could not find function 'replace_tokenizer' in function registry 'callbacks'. If you're using a custom function, make sure the code is available. If the function is provided by a third-party package, e.g. spacy-transformers, make sure the package is installed in your environment.

Available names: spacy.copy_from_base_model.v1, spacy.models_and_pipes_with_nvtx_range.v1, spacy.models_with_nvtx_range.v1
2025-05-25 20:08:23,187 - WARNING - Using fallback spacy pipeline without parser, ner, or linker
2025-05-25 20:08:46,592 - WARNING - Invalid category for symptom 'bilateral nasal congestion': genitourinary
2025-05-25 20:09:57,929 - ERROR - Failed to initialize NLP pipeline: [E893] Could not find function 'replace_tokenizer' in function registry 'callbacks'. If you're using a custom function, make sure the code is available. If the function is provided by a third-party package, e.g. spacy-transformers, make sure the package is installed in your environment.

Available names: spacy.copy_from_base_model.v1, spacy.models_and_pipes_with_nvtx_range.v1, spacy.models_with_nvtx_range.v1
2025-05-25 20:09:59,743 - WARNING - Using fallback spacy pipeline without parser, ner, or linker
2025-05-25 20:10:26,024 - WARNING - Invalid category for symptom 'bilateral nasal congestion': genitourinary
2025-05-25 20:11:37,892 - ERROR - Failed to initialize NLP pipeline: [E893] Could not find function 'replace_tokenizer' in function registry 'callbacks'. If you're using a custom function, make sure the code is available. If the function is provided by a third-party package, e.g. spacy-transformers, make sure the package is installed in your environment.

Available names: spacy.copy_from_base_model.v1, spacy.models_and_pipes_with_nvtx_range.v1, spacy.models_with_nvtx_range.v1
2025-05-25 20:11:41,114 - WARNING - Using fallback spacy pipeline without parser, ner, or linker
2025-05-25 20:11:41,118 - ERROR - Failed to add symptom rules: "[E001] No component 'medspacy_target_matcher' found in pipeline. Available names: ['sentencizer', 'tok2vec', 'tagger', 'attribute_ruler', 'lemmatizer', 'parser', 'ner']"
2025-05-25 20:11:41,432 - WARNING - No category mapping found for 'mood changes ophthalmologic no vision changes primary assessment symptoms consistent acute bacterial sinusitis likely secondary to recent viral upper respiratory infection differential includes viral sinusitis'. Defaulting to 'general'.
2025-05-25 20:11:41,449 - WARNING - No category mapping found for 'acute abnormalities in pulmonary musculoskeletal gi gu hematologic dermatologic psychiatric'. Defaulting to 'general'.
2025-05-25 20:12:43,907 - ERROR - Failed to get UTS ticket: 401 Client Error: Unauthorized for url: https://uts-ws.nlm.nih.gov/rest/tickets
2025-05-25 20:12:44,259 - ERROR - UMLS synonym generation failed for 'and fever for 10 days. reports purulent nasal discharge. facial pain over maxillary sinuses': 401 Client Error: Unauthorized for url: https://uts-ws.nlm.nih.gov/rest/search/current?string=and+fever+for+10+days.+reports+purulent+nasal+discharge.+facial+pain+over+maxillary+sinuses&ticket=&searchType=exact&sabs=SNOMEDCT_US
2025-05-25 20:12:46,478 - ERROR - Failed to get UTS ticket: 401 Client Error: Unauthorized for url: https://uts-ws.nlm.nih.gov/rest/tickets
2025-05-25 20:12:46,811 - ERROR - Failed to get UTS ticket: 401 Client Error: Unauthorized for url: https://uts-ws.nlm.nih.gov/rest/tickets
2025-05-25 20:12:48,679 - ERROR - Error saving knowledge base to JSON: Object of type ObjectId is not JSON serializable
2025-05-25 20:12:48,688 - ERROR - Error extracting features for note ID 1: extract_location() takes 1 positional argument but 2 were given
2025-05-25 20:12:48,894 - WARNING - Diagnosis relevance weights for facial pain|nasal congestion|sinusitis|sinus pain|purulent nasal discharge do not sum to 1.0: 0
2025-05-25 20:12:48,894 - WARNING - Diagnosis relevance weights for cough do not sum to 1.0: 0
2025-05-25 20:12:48,894 - WARNING - Diagnosis relevance weights for headache|photophobia do not sum to 1.0: 0
2025-05-25 20:12:48,895 - WARNING - Diagnosis relevance weights for chest pain|shortness of breath|chest tightness do not sum to 1.0: 0
2025-05-25 20:12:48,895 - WARNING - Diagnosis relevance weights for epigastric pain|nausea do not sum to 1.0: 0
2025-05-25 20:12:48,895 - WARNING - Diagnosis relevance weights for knee pain|swelling do not sum to 1.0: 0
2025-05-25 20:12:48,895 - WARNING - Diagnosis relevance weights for back pain|lower back pain|backache do not sum to 1.0: 0
2025-05-25 20:12:48,896 - WARNING - Diagnosis relevance weights for fever|chills do not sum to 1.0: 0
2025-05-25 20:12:48,896 - WARNING - Diagnosis relevance weights for fatigue|obesity do not sum to 1.0: 0
2025-05-25 20:12:48,896 - WARNING - Diagnosis angina relevance weights do not sum to 1.0: 0.8
2025-05-25 20:13:25,154 - WARNING - Invalid category for symptom 'bilateral nasal congestion': genitourinary
2025-05-25 20:15:50,008 - WARNING - Failed to add scispacy_linker: ('Connection aborted.', RemoteDisconnected('Remote end closed connection without response')). Continuing without UMLS linking.
2025-05-25 20:16:00,934 - ERROR - Failed to initialize NLP pipeline: [E893] Could not find function 'replace_tokenizer' in function registry 'callbacks'. If you're using a custom function, make sure the code is available. If the function is provided by a third-party package, e.g. spacy-transformers, make sure the package is installed in your environment.

Available names: spacy.copy_from_base_model.v1, spacy.models_and_pipes_with_nvtx_range.v1, spacy.models_with_nvtx_range.v1
2025-05-25 20:16:02,826 - WARNING - Using fallback spacy pipeline without parser, ner, or linker
2025-05-25 20:16:02,827 - ERROR - Failed to add symptom rules: "[E001] No component 'medspacy_target_matcher' found in pipeline. Available names: ['sentencizer', 'tok2vec', 'tagger', 'attribute_ruler', 'lemmatizer', 'parser', 'ner']"
2025-05-25 20:16:02,942 - WARNING - Diagnosis relevance weights for facial pain|nasal congestion|sinusitis|sinus pain|purulent nasal discharge do not sum to 1.0: 0
2025-05-25 20:16:02,943 - WARNING - Diagnosis relevance weights for cough do not sum to 1.0: 0
2025-05-25 20:16:02,943 - WARNING - Diagnosis relevance weights for headache|photophobia do not sum to 1.0: 0
2025-05-25 20:16:02,943 - WARNING - Diagnosis relevance weights for chest pain|shortness of breath|chest tightness do not sum to 1.0: 0
2025-05-25 20:16:02,944 - WARNING - Diagnosis relevance weights for epigastric pain|nausea do not sum to 1.0: 0
2025-05-25 20:16:02,944 - WARNING - Diagnosis relevance weights for knee pain|swelling do not sum to 1.0: 0
2025-05-25 20:16:02,944 - WARNING - Diagnosis relevance weights for back pain|lower back pain|backache do not sum to 1.0: 0
2025-05-25 20:16:02,945 - WARNING - Diagnosis relevance weights for fever|chills do not sum to 1.0: 0
2025-05-25 20:16:02,945 - WARNING - Diagnosis relevance weights for fatigue|obesity do not sum to 1.0: 0
2025-05-25 20:16:02,945 - WARNING - Diagnosis angina relevance weights do not sum to 1.0: 0.8
2025-05-25 20:16:03,225 - WARNING - No category mapping found for 'mood changes ophthalmologic no vision changes primary assessment symptoms consistent acute bacterial sinusitis likely secondary to recent viral upper respiratory infection differential includes viral sinusitis'. Defaulting to 'general'.
2025-05-25 20:16:03,245 - WARNING - No category mapping found for 'acute abnormalities in pulmonary musculoskeletal gi gu hematologic dermatologic psychiatric'. Defaulting to 'general'.
2025-05-25 20:16:26,169 - ERROR - Failed to get UTS ticket: 401 Client Error: Unauthorized for url: https://uts-ws.nlm.nih.gov/rest/tickets
2025-05-25 20:16:26,495 - ERROR - UMLS synonym generation failed for 'and fever for 10 days. reports purulent nasal discharge. facial pain over maxillary sinuses': 401 Client Error: Unauthorized for url: https://uts-ws.nlm.nih.gov/rest/search/current?string=and+fever+for+10+days.+reports+purulent+nasal+discharge.+facial+pain+over+maxillary+sinuses&ticket=&searchType=exact&sabs=SNOMEDCT_US
2025-05-25 20:16:27,956 - ERROR - Failed to get UTS ticket: 401 Client Error: Unauthorized for url: https://uts-ws.nlm.nih.gov/rest/tickets
2025-05-25 20:16:29,052 - ERROR - Failed to get UTS ticket: 401 Client Error: Unauthorized for url: https://uts-ws.nlm.nih.gov/rest/tickets
2025-05-25 20:16:29,598 - ERROR - Error saving knowledge base to JSON: Object of type ObjectId is not JSON serializable
2025-05-25 20:16:29,601 - ERROR - Error extracting features for note ID 1: extract_location() takes 1 positional argument but 2 were given
2025-05-25 20:16:29,644 - WARNING - Diagnosis relevance weights for facial pain|nasal congestion|sinusitis|sinus pain|purulent nasal discharge do not sum to 1.0: 0
2025-05-25 20:16:29,646 - WARNING - Diagnosis relevance weights for cough do not sum to 1.0: 0
2025-05-25 20:16:29,647 - WARNING - Diagnosis relevance weights for headache|photophobia do not sum to 1.0: 0
2025-05-25 20:16:29,648 - WARNING - Diagnosis relevance weights for chest pain|shortness of breath|chest tightness do not sum to 1.0: 0
2025-05-25 20:16:29,649 - WARNING - Diagnosis relevance weights for epigastric pain|nausea do not sum to 1.0: 0
2025-05-25 20:16:29,652 - WARNING - Diagnosis relevance weights for knee pain|swelling do not sum to 1.0: 0
2025-05-25 20:16:29,654 - WARNING - Diagnosis relevance weights for back pain|lower back pain|backache do not sum to 1.0: 0
2025-05-25 20:16:29,655 - WARNING - Diagnosis relevance weights for fever|chills do not sum to 1.0: 0
2025-05-25 20:16:29,656 - WARNING - Diagnosis relevance weights for fatigue|obesity do not sum to 1.0: 0
2025-05-25 20:16:29,658 - WARNING - Diagnosis angina relevance weights do not sum to 1.0: 0.8
2025-05-25 20:17:11,430 - WARNING - Invalid category for symptom 'bilateral nasal congestion': genitourinary
2025-05-25 20:17:21,751 - ERROR - Failed to initialize NLP pipeline: [E893] Could not find function 'replace_tokenizer' in function registry 'callbacks'. If you're using a custom function, make sure the code is available. If the function is provided by a third-party package, e.g. spacy-transformers, make sure the package is installed in your environment.

Available names: spacy.copy_from_base_model.v1, spacy.models_and_pipes_with_nvtx_range.v1, spacy.models_with_nvtx_range.v1
2025-05-25 20:17:22,659 - WARNING - Using fallback spacy pipeline without parser, ner, or linker
2025-05-25 20:17:23,392 - WARNING - Diagnosis relevance weights for facial pain|nasal congestion|sinusitis|sinus pain|purulent nasal discharge do not sum to 1.0: 0
2025-05-25 20:17:23,392 - WARNING - Diagnosis relevance weights for cough do not sum to 1.0: 0
2025-05-25 20:17:23,392 - WARNING - Diagnosis relevance weights for headache|photophobia do not sum to 1.0: 0
2025-05-25 20:17:23,392 - WARNING - Diagnosis relevance weights for chest pain|shortness of breath|chest tightness do not sum to 1.0: 0
2025-05-25 20:17:23,393 - WARNING - Diagnosis relevance weights for epigastric pain|nausea do not sum to 1.0: 0
2025-05-25 20:17:23,393 - WARNING - Diagnosis relevance weights for knee pain|swelling do not sum to 1.0: 0
2025-05-25 20:17:23,393 - WARNING - Diagnosis relevance weights for back pain|lower back pain|backache do not sum to 1.0: 0
2025-05-25 20:17:23,393 - WARNING - Diagnosis relevance weights for fever|chills do not sum to 1.0: 0
2025-05-25 20:17:23,394 - WARNING - Diagnosis relevance weights for fatigue|obesity do not sum to 1.0: 0
2025-05-25 20:17:23,394 - WARNING - Diagnosis angina relevance weights do not sum to 1.0: 0.8
2025-05-25 20:17:52,091 - WARNING - Invalid category for symptom 'bilateral nasal congestion': genitourinary
2025-05-25 20:19:22,005 - ERROR - Failed to initialize NLP pipeline: [E893] Could not find function 'replace_tokenizer' in function registry 'callbacks'. If you're using a custom function, make sure the code is available. If the function is provided by a third-party package, e.g. spacy-transformers, make sure the package is installed in your environment.

Available names: spacy.copy_from_base_model.v1, spacy.models_and_pipes_with_nvtx_range.v1, spacy.models_with_nvtx_range.v1
2025-05-25 20:19:24,009 - WARNING - Using fallback spacy pipeline without parser, ner, or linker
2025-05-25 20:20:08,880 - WARNING - Invalid category for symptom 'bilateral nasal congestion': genitourinary
2025-05-25 20:20:30,471 - ERROR - Failed to initialize NLP pipeline: [E893] Could not find function 'replace_tokenizer' in function registry 'callbacks'. If you're using a custom function, make sure the code is available. If the function is provided by a third-party package, e.g. spacy-transformers, make sure the package is installed in your environment.

Available names: spacy.copy_from_base_model.v1, spacy.models_and_pipes_with_nvtx_range.v1, spacy.models_with_nvtx_range.v1
2025-05-25 20:20:31,583 - WARNING - Using fallback spacy pipeline without parser, ner, or linker
2025-05-25 20:20:31,584 - ERROR - Failed to add symptom rules: "[E001] No component 'medspacy_target_matcher' found in pipeline. Available names: ['sentencizer', 'tok2vec', 'tagger', 'attribute_ruler', 'lemmatizer', 'parser', 'ner']"
2025-05-25 20:20:31,679 - WARNING - No category mapping found for 'mood changes ophthalmologic no vision changes primary assessment symptoms consistent acute bacterial sinusitis likely secondary to recent viral upper respiratory infection differential includes viral sinusitis'. Defaulting to 'general'.
2025-05-25 20:20:31,686 - WARNING - No category mapping found for 'acute abnormalities in pulmonary musculoskeletal gi gu hematologic dermatologic psychiatric'. Defaulting to 'general'.
2025-05-25 20:20:31,689 - WARNING - Missing symptoms: ['patient presents with facial pain, nasal congestion, and fever for 10 days. reports purulent nasal discharge.']. Initiating knowledge base update.
2025-05-25 20:20:43,575 - ERROR - Failed to get UTS ticket: 401 Client Error: Unauthorized for url: https://uts-ws.nlm.nih.gov/rest/tickets
2025-05-25 20:20:44,046 - ERROR - UMLS synonym generation failed for 'bilateral nasal congestion': 401 Client Error: Unauthorized for url: https://uts-ws.nlm.nih.gov/rest/search/current?string=bilateral+nasal+congestion&ticket=&searchType=exact&sabs=SNOMEDCT_US
2025-05-25 20:20:45,688 - ERROR - Failed to get UTS ticket: 401 Client Error: Unauthorized for url: https://uts-ws.nlm.nih.gov/rest/tickets
2025-05-25 20:20:46,029 - ERROR - Failed to get UTS ticket: 401 Client Error: Unauthorized for url: https://uts-ws.nlm.nih.gov/rest/tickets
2025-05-25 20:20:46,396 - ERROR - Error saving knowledge base to JSON: Object of type ObjectId is not JSON serializable
2025-05-25 20:20:46,396 - ERROR - Error extracting features for note ID 1: extract_location() takes 1 positional argument but 2 were given
2025-05-25 20:20:46,431 - WARNING - Diagnosis relevance weights for facial pain|nasal congestion|sinusitis|sinus pain|purulent nasal discharge do not sum to 1.0: 0
2025-05-25 20:20:46,431 - WARNING - Diagnosis relevance weights for cough do not sum to 1.0: 0
2025-05-25 20:20:46,432 - WARNING - Diagnosis relevance weights for headache|photophobia do not sum to 1.0: 0
2025-05-25 20:20:46,432 - WARNING - Diagnosis relevance weights for chest pain|shortness of breath|chest tightness do not sum to 1.0: 0
2025-05-25 20:20:46,432 - WARNING - Diagnosis relevance weights for epigastric pain|nausea do not sum to 1.0: 0
2025-05-25 20:20:46,432 - WARNING - Diagnosis relevance weights for knee pain|swelling do not sum to 1.0: 0
2025-05-25 20:20:46,433 - WARNING - Diagnosis relevance weights for back pain|lower back pain|backache do not sum to 1.0: 0
2025-05-25 20:20:46,433 - WARNING - Diagnosis relevance weights for fever|chills do not sum to 1.0: 0
2025-05-25 20:20:46,433 - WARNING - Diagnosis relevance weights for fatigue|obesity do not sum to 1.0: 0
2025-05-25 20:20:46,433 - WARNING - Diagnosis angina relevance weights do not sum to 1.0: 0.8
2025-05-25 21:07:02,177 - WARNING - Diagnosis relevance weights for facial pain|nasal congestion|sinusitis|sinus pain|purulent nasal discharge do not sum to 1.0: 0
2025-05-25 21:07:02,179 - WARNING - Diagnosis relevance weights for cough do not sum to 1.0: 0
2025-05-25 21:07:02,179 - WARNING - Diagnosis relevance weights for headache|photophobia do not sum to 1.0: 0
2025-05-25 21:07:02,179 - WARNING - Diagnosis relevance weights for chest pain|shortness of breath|chest tightness do not sum to 1.0: 0
2025-05-25 21:07:02,180 - WARNING - Diagnosis relevance weights for epigastric pain|nausea do not sum to 1.0: 0
2025-05-25 21:07:02,180 - WARNING - Diagnosis relevance weights for knee pain|swelling do not sum to 1.0: 0
2025-05-25 21:07:02,180 - WARNING - Diagnosis relevance weights for back pain|lower back pain|backache do not sum to 1.0: 0
2025-05-25 21:07:02,181 - WARNING - Diagnosis relevance weights for fever|chills do not sum to 1.0: 0
2025-05-25 21:07:02,181 - WARNING - Diagnosis relevance weights for fatigue|obesity do not sum to 1.0: 0
2025-05-25 21:07:02,181 - WARNING - Diagnosis angina relevance weights do not sum to 1.0: 0.8
2025-05-25 21:07:08,317 - WARNING - UMLS API returned status 401 for term 'patient complains of headache the headache started three days ago. the headache is associated with fevers and chills'
2025-05-25 21:07:12,605 - WARNING - UMLS API returned status 401 for term 'nausea and vomiting and loss of appetite the patient has jaundice in the eyes taking foods with fats makes the nausea worse taking strong tea and licking salt alleviates the nausea'
2025-05-25 21:07:19,687 - WARNING - UMLS API returned status 401 for term 'patient presents with facial pain'
2025-05-25 21:07:25,624 - WARNING - UMLS API returned status 401 for term 'and fever for 10 days. reports purulent nasal discharge. facial pain over maxillary sinuses'
2025-05-25 21:07:42,929 - WARNING - UMLS API returned status 401 for term 'bilateral nasal congestion'
2025-05-25 21:07:47,128 - WARNING - UMLS API returned status 401 for term 'back pain for two weeks the patient reports backpain for three weeks on assessment'
2025-05-25 21:07:51,655 - WARNING - UMLS API returned status 401 for term 'the patient is obese the backpain is made worse by sitting down for long the pain is alleviated by standing and stretching'
2025-05-25 21:09:17,077 - ERROR - Failed to initialize NLP pipeline: [E893] Could not find function 'replace_tokenizer' in function registry 'callbacks'. If you're using a custom function, make sure the code is available. If the function is provided by a third-party package, e.g. spacy-transformers, make sure the package is installed in your environment.

Available names: spacy.copy_from_base_model.v1, spacy.models_and_pipes_with_nvtx_range.v1, spacy.models_with_nvtx_range.v1
2025-05-25 21:09:18,017 - WARNING - Using fallback spacy pipeline without parser, ner, or linker
2025-05-25 21:09:22,874 - WARNING - UMLS API returned status 401 for term 'patient complains of headache the headache started three days ago. the headache is associated with fevers and chills'
2025-05-25 21:09:27,584 - WARNING - UMLS API returned status 401 for term 'nausea and vomiting and loss of appetite the patient has jaundice in the eyes taking foods with fats makes the nausea worse taking strong tea and licking salt alleviates the nausea'
2025-05-25 21:09:31,547 - WARNING - UMLS API returned status 401 for term 'patient presents with facial pain'
2025-05-25 21:09:39,463 - WARNING - UMLS API returned status 401 for term 'and fever for 10 days. reports purulent nasal discharge. facial pain over maxillary sinuses'
2025-05-25 21:09:43,559 - WARNING - UMLS API returned status 401 for term 'bilateral nasal congestion'
2025-05-25 21:09:49,361 - WARNING - UMLS API returned status 401 for term 'back pain for two weeks the patient reports backpain for three weeks on assessment'
2025-05-25 21:10:05,576 - WARNING - UMLS API returned status 401 for term 'the patient is obese the backpain is made worse by sitting down for long the pain is alleviated by standing and stretching'
2025-05-26 06:04:29,351 - WARNING - Diagnosis relevance weights for facial pain|nasal congestion|sinusitis|sinus pain|purulent nasal discharge do not sum to 1.0: 0
2025-05-26 06:04:29,352 - WARNING - Diagnosis relevance weights for cough do not sum to 1.0: 0
2025-05-26 06:04:29,352 - WARNING - Diagnosis relevance weights for headache|photophobia do not sum to 1.0: 0
2025-05-26 06:04:29,352 - WARNING - Diagnosis relevance weights for chest pain|shortness of breath|chest tightness do not sum to 1.0: 0
2025-05-26 06:04:29,353 - WARNING - Diagnosis relevance weights for epigastric pain|nausea do not sum to 1.0: 0
2025-05-26 06:04:29,353 - WARNING - Diagnosis relevance weights for knee pain|swelling do not sum to 1.0: 0
2025-05-26 06:04:29,353 - WARNING - Diagnosis relevance weights for back pain|lower back pain|backache do not sum to 1.0: 0
2025-05-26 06:04:29,353 - WARNING - Diagnosis relevance weights for fever|chills do not sum to 1.0: 0
2025-05-26 06:04:29,354 - WARNING - Diagnosis relevance weights for fatigue|obesity do not sum to 1.0: 0
2025-05-26 06:04:29,354 - WARNING - Diagnosis angina relevance weights do not sum to 1.0: 0.8
2025-05-26 06:04:35,335 - WARNING - UMLS API returned status 401 for term 'patient complains of headache the headache started three days ago. the headache is associated with fevers and chills'
2025-05-26 06:04:40,048 - WARNING - UMLS API returned status 401 for term 'nausea and vomiting and loss of appetite the patient has jaundice in the eyes taking foods with fats makes the nausea worse taking strong tea and licking salt alleviates the nausea'
2025-05-26 06:04:44,143 - WARNING - UMLS API returned status 401 for term 'patient presents with facial pain'
2025-05-26 06:04:48,342 - WARNING - UMLS API returned status 401 for term 'and fever for 10 days. reports purulent nasal discharge. facial pain over maxillary sinuses'
2025-05-26 06:04:52,540 - WARNING - UMLS API returned status 401 for term 'bilateral nasal congestion'
2025-05-26 06:04:56,868 - WARNING - UMLS API returned status 401 for term 'back pain for two weeks the patient reports backpain for three weeks on assessment'
2025-05-26 06:05:01,040 - WARNING - UMLS API returned status 401 for term 'the patient is obese the backpain is made worse by sitting down for long the pain is alleviated by standing and stretching'
2025-05-26 06:06:28,017 - ERROR - Failed to initialize NLP pipeline: [E893] Could not find function 'replace_tokenizer' in function registry 'callbacks'. If you're using a custom function, make sure the code is available. If the function is provided by a third-party package, e.g. spacy-transformers, make sure the package is installed in your environment.

Available names: spacy.copy_from_base_model.v1, spacy.models_and_pipes_with_nvtx_range.v1, spacy.models_with_nvtx_range.v1
2025-05-26 06:06:28,931 - WARNING - Using fallback spacy pipeline without parser, ner, or linker
2025-05-26 06:06:34,533 - WARNING - UMLS API returned status 401 for term 'patient complains of headache the headache started three days ago. the headache is associated with fevers and chills'
2025-05-26 06:06:38,834 - WARNING - UMLS API returned status 401 for term 'nausea and vomiting and loss of appetite the patient has jaundice in the eyes taking foods with fats makes the nausea worse taking strong tea and licking salt alleviates the nausea'
2025-05-26 06:06:42,930 - WARNING - UMLS API returned status 401 for term 'patient presents with facial pain'
2025-05-26 06:06:47,208 - WARNING - UMLS API returned status 401 for term 'and fever for 10 days. reports purulent nasal discharge. facial pain over maxillary sinuses'
2025-05-26 06:06:51,429 - WARNING - UMLS API returned status 401 for term 'bilateral nasal congestion'
2025-05-26 06:06:55,707 - WARNING - UMLS API returned status 401 for term 'back pain for two weeks the patient reports backpain for three weeks on assessment'
2025-05-26 06:06:59,929 - WARNING - UMLS API returned status 401 for term 'the patient is obese the backpain is made worse by sitting down for long the pain is alleviated by standing and stretching'
2025-05-26 06:08:28,980 - ERROR - Failed to initialize NLP pipeline: [E893] Could not find function 'replace_tokenizer' in function registry 'callbacks'. If you're using a custom function, make sure the code is available. If the function is provided by a third-party package, e.g. spacy-transformers, make sure the package is installed in your environment.

Available names: spacy.copy_from_base_model.v1, spacy.models_and_pipes_with_nvtx_range.v1, spacy.models_with_nvtx_range.v1
2025-05-26 06:08:29,915 - WARNING - Using fallback spacy pipeline without parser, ner, or linker
2025-05-26 06:08:29,915 - ERROR - Failed to add symptom rules: "[E001] No component 'medspacy_target_matcher' found in pipeline. Available names: ['sentencizer', 'tok2vec', 'tagger', 'attribute_ruler', 'lemmatizer', 'parser', 'ner']"
2025-05-26 06:08:30,013 - WARNING - No category mapping found for 'mood changes ophthalmologic no vision changes primary assessment symptoms consistent acute bacterial sinusitis likely secondary to recent viral upper respiratory infection differential includes viral sinusitis'. Defaulting to 'general'.
2025-05-26 06:08:30,021 - WARNING - No category mapping found for 'acute abnormalities in pulmonary musculoskeletal gi gu hematologic dermatologic psychiatric'. Defaulting to 'general'.
2025-05-26 06:08:40,415 - ERROR - Failed to get UTS ticket: 401 Client Error: Unauthorized for url: https://uts-ws.nlm.nih.gov/rest/tickets
2025-05-26 06:08:40,795 - ERROR - UMLS synonym generation failed for 'and purulent nasal discharge for 10 days. low-grade fever (up to 100.5°f). no sore throat or hearing loss. pulmonary: no cough or shortness of breath. cardiovascular: no chest pain or palpitations. neurological: mild headache associated with sinus pain': 401 Client Error: Unauthorized for url: https://uts-ws.nlm.nih.gov/rest/search/current?string=and+purulent+nasal+discharge+for+10+days.+low-grade+fever+%28up+to+100.5%C2%B0f%29.+no+sore+throat+or+hearing+loss.+pulmonary%3A+no+cough+or+shortness+of+breath.+cardiovascular%3A+no+chest+pain+or+palpitations.+neurological%3A+mild+headache+associated+with+sinus+pain&ticket=&searchType=exact&sabs=SNOMEDCT_US
2025-05-26 06:08:42,331 - ERROR - Failed to get UTS ticket: 401 Client Error: Unauthorized for url: https://uts-ws.nlm.nih.gov/rest/tickets
2025-05-26 06:08:42,741 - ERROR - Failed to get UTS ticket: 401 Client Error: Unauthorized for url: https://uts-ws.nlm.nih.gov/rest/tickets
2025-05-26 06:08:43,125 - ERROR - Error saving knowledge base to JSON: Object of type ObjectId is not JSON serializable
2025-05-26 06:08:43,126 - ERROR - Error extracting features for note ID 1: extract_location() takes 1 positional argument but 2 were given
2025-05-26 06:08:43,150 - WARNING - Diagnosis relevance weights for facial pain|nasal congestion|sinusitis|sinus pain|purulent nasal discharge do not sum to 1.0: 0
2025-05-26 06:08:43,150 - WARNING - Diagnosis relevance weights for cough do not sum to 1.0: 0
2025-05-26 06:08:43,151 - WARNING - Diagnosis relevance weights for headache|photophobia do not sum to 1.0: 0
2025-05-26 06:08:43,151 - WARNING - Diagnosis relevance weights for chest pain|shortness of breath|chest tightness do not sum to 1.0: 0
2025-05-26 06:08:43,151 - WARNING - Diagnosis relevance weights for epigastric pain|nausea do not sum to 1.0: 0
2025-05-26 06:08:43,151 - WARNING - Diagnosis relevance weights for knee pain|swelling do not sum to 1.0: 0
2025-05-26 06:08:43,152 - WARNING - Diagnosis relevance weights for back pain|lower back pain|backache do not sum to 1.0: 0
2025-05-26 06:08:43,152 - WARNING - Diagnosis relevance weights for fever|chills do not sum to 1.0: 0
2025-05-26 06:08:43,152 - WARNING - Diagnosis relevance weights for fatigue|obesity do not sum to 1.0: 0
2025-05-26 06:08:43,153 - WARNING - Diagnosis angina relevance weights do not sum to 1.0: 0.8
2025-05-26 06:08:48,373 - WARNING - UMLS API returned status 401 for term 'patient complains of headache the headache started three days ago. the headache is associated with fevers and chills'
2025-05-26 06:08:52,367 - WARNING - UMLS API returned status 401 for term 'nausea and vomiting and loss of appetite the patient has jaundice in the eyes taking foods with fats makes the nausea worse taking strong tea and licking salt alleviates the nausea'
2025-05-26 06:08:56,667 - WARNING - UMLS API returned status 401 for term 'patient presents with facial pain'
2025-05-26 06:09:00,968 - WARNING - UMLS API returned status 401 for term 'and fever for 10 days. reports purulent nasal discharge. facial pain over maxillary sinuses'
2025-05-26 06:09:05,474 - WARNING - UMLS API returned status 401 for term 'bilateral nasal congestion'
2025-05-26 06:09:09,775 - WARNING - UMLS API returned status 401 for term 'back pain for two weeks the patient reports backpain for three weeks on assessment'
2025-05-26 06:09:14,076 - WARNING - UMLS API returned status 401 for term 'the patient is obese the backpain is made worse by sitting down for long the pain is alleviated by standing and stretching'
2025-05-26 06:09:18,376 - WARNING - UMLS API returned status 401 for term 'and purulent nasal discharge for 10 days. low-grade fever (up to 100.5°f). no sore throat or hearing loss. pulmonary: no cough or shortness of breath. cardiovascular: no chest pain or palpitations. neurological: mild headache associated with sinus pain'
2025-05-26 06:10:52,743 - ERROR - Failed to initialize NLP pipeline: [E893] Could not find function 'replace_tokenizer' in function registry 'callbacks'. If you're using a custom function, make sure the code is available. If the function is provided by a third-party package, e.g. spacy-transformers, make sure the package is installed in your environment.

Available names: spacy.copy_from_base_model.v1, spacy.models_and_pipes_with_nvtx_range.v1, spacy.models_with_nvtx_range.v1
2025-05-26 06:10:53,676 - WARNING - Using fallback spacy pipeline without parser, ner, or linker
2025-05-26 06:11:00,063 - WARNING - UMLS API returned status 401 for term 'patient complains of headache the headache started three days ago. the headache is associated with fevers and chills'
2025-05-26 06:11:04,364 - WARNING - UMLS API returned status 401 for term 'nausea and vomiting and loss of appetite the patient has jaundice in the eyes taking foods with fats makes the nausea worse taking strong tea and licking salt alleviates the nausea'
2025-05-26 06:11:08,664 - WARNING - UMLS API returned status 401 for term 'patient presents with facial pain'
2025-05-26 06:11:13,960 - WARNING - UMLS API returned status 401 for term 'and fever for 10 days. reports purulent nasal discharge. facial pain over maxillary sinuses'
2025-05-26 06:11:18,495 - WARNING - UMLS API returned status 401 for term 'bilateral nasal congestion'
2025-05-26 06:11:24,459 - WARNING - UMLS API returned status 401 for term 'back pain for two weeks the patient reports backpain for three weeks on assessment'
2025-05-26 06:11:28,735 - WARNING - UMLS API returned status 401 for term 'the patient is obese the backpain is made worse by sitting down for long the pain is alleviated by standing and stretching'
2025-05-26 06:11:34,508 - WARNING - UMLS API returned status 401 for term 'and purulent nasal discharge for 10 days. low-grade fever (up to 100.5°f). no sore throat or hearing loss. pulmonary: no cough or shortness of breath. cardiovascular: no chest pain or palpitations. neurological: mild headache associated with sinus pain'
2025-05-26 06:13:04,370 - ERROR - Failed to initialize NLP pipeline: [E893] Could not find function 'replace_tokenizer' in function registry 'callbacks'. If you're using a custom function, make sure the code is available. If the function is provided by a third-party package, e.g. spacy-transformers, make sure the package is installed in your environment.

Available names: spacy.copy_from_base_model.v1, spacy.models_and_pipes_with_nvtx_range.v1, spacy.models_with_nvtx_range.v1
2025-05-26 06:13:05,295 - WARNING - Using fallback spacy pipeline without parser, ner, or linker
2025-05-26 06:13:05,296 - ERROR - Failed to add symptom rules: "[E001] No component 'medspacy_target_matcher' found in pipeline. Available names: ['sentencizer', 'tok2vec', 'tagger', 'attribute_ruler', 'lemmatizer', 'parser', 'ner']"
2025-05-26 06:13:05,353 - WARNING - No category mapping found for 'mood changes ophthalmologic no vision changes primary assessment symptoms consistent acute bacterial sinusitis likely secondary to recent viral upper respiratory infection differential includes viral sinusitis'. Defaulting to 'general'.
2025-05-26 06:13:05,364 - WARNING - No category mapping found for 'acute abnormalities in pulmonary musculoskeletal gi gu hematologic dermatologic psychiatric'. Defaulting to 'general'.
2025-05-26 06:13:05,369 - WARNING - Missing symptoms: ['patient presents with facial pain, nasal congestion, and fever for 10 days. reports purulent nasal discharge.']. Initiating knowledge base update.
2025-05-26 06:13:07,864 - ERROR - Failed to get UTS ticket: 401 Client Error: Unauthorized for url: https://uts-ws.nlm.nih.gov/rest/tickets
2025-05-26 06:13:08,274 - ERROR - UMLS synonym generation failed for 'no dizziness. musculoskeletal: no joint pain or stiffness. gastrointestinal: no nausea or diarrhea. genitourinary: no urinary changes. endocrine: no weight changes or thirst. hematologic: no easy bruising or bleeding. dermatologic: no rashes or lesions. psychiatric: no mood changes. ophthalmologic: no vision changes. primary assessment: symptoms consistent with acute bacterial sinusitis': 401 Client Error: Unauthorized for url: https://uts-ws.nlm.nih.gov/rest/search/current?string=no+dizziness.+musculoskeletal%3A+no+joint+pain+or+stiffness.+gastrointestinal%3A+no+nausea+or+diarrhea.+genitourinary%3A+no+urinary+changes.+endocrine%3A+no+weight+changes+or+thirst.+hematologic%3A+no+easy+bruising+or+bleeding.+dermatologic%3A+no+rashes+or+lesions.+psychiatric%3A+no+mood+changes.+ophthalmologic%3A+no+vision+changes.+primary+assessment%3A+symptoms+consistent+with+acute+bacterial+sinusitis&ticket=&searchType=exact&sabs=SNOMEDCT_US
2025-05-26 06:13:09,911 - ERROR - Failed to get UTS ticket: 401 Client Error: Unauthorized for url: https://uts-ws.nlm.nih.gov/rest/tickets
2025-05-26 06:13:10,318 - ERROR - Failed to get UTS ticket: 401 Client Error: Unauthorized for url: https://uts-ws.nlm.nih.gov/rest/tickets
2025-05-26 06:13:10,656 - ERROR - Error saving knowledge base to JSON: Object of type ObjectId is not JSON serializable
2025-05-26 06:13:10,657 - ERROR - Error extracting features for note ID 1: extract_location() takes 1 positional argument but 2 were given
2025-05-26 06:13:10,678 - WARNING - Diagnosis relevance weights for facial pain|nasal congestion|sinusitis|sinus pain|purulent nasal discharge do not sum to 1.0: 0
2025-05-26 06:13:10,678 - WARNING - Diagnosis relevance weights for cough do not sum to 1.0: 0
2025-05-26 06:13:10,679 - WARNING - Diagnosis relevance weights for headache|photophobia do not sum to 1.0: 0
2025-05-26 06:13:10,679 - WARNING - Diagnosis relevance weights for chest pain|shortness of breath|chest tightness do not sum to 1.0: 0
2025-05-26 06:13:10,679 - WARNING - Diagnosis relevance weights for epigastric pain|nausea do not sum to 1.0: 0
2025-05-26 06:13:10,679 - WARNING - Diagnosis relevance weights for knee pain|swelling do not sum to 1.0: 0
2025-05-26 06:13:10,680 - WARNING - Diagnosis relevance weights for back pain|lower back pain|backache do not sum to 1.0: 0
2025-05-26 06:13:10,680 - WARNING - Diagnosis relevance weights for fever|chills do not sum to 1.0: 0
2025-05-26 06:13:10,680 - WARNING - Diagnosis relevance weights for fatigue|obesity do not sum to 1.0: 0
2025-05-26 06:13:10,681 - WARNING - Diagnosis angina relevance weights do not sum to 1.0: 0.8
2025-05-26 06:13:16,567 - WARNING - UMLS API returned status 401 for term 'patient complains of headache the headache started three days ago. the headache is associated with fevers and chills'
2025-05-26 06:13:22,911 - WARNING - UMLS API returned status 401 for term 'nausea and vomiting and loss of appetite the patient has jaundice in the eyes taking foods with fats makes the nausea worse taking strong tea and licking salt alleviates the nausea'
2025-05-26 06:13:28,136 - WARNING - UMLS API returned status 401 for term 'patient presents with facial pain'
2025-05-26 06:13:32,438 - WARNING - UMLS API returned status 401 for term 'and fever for 10 days. reports purulent nasal discharge. facial pain over maxillary sinuses'
2025-05-26 06:13:36,841 - WARNING - UMLS API returned status 401 for term 'bilateral nasal congestion'
2025-05-26 06:13:41,450 - WARNING - UMLS API returned status 401 for term 'back pain for two weeks the patient reports backpain for three weeks on assessment'
2025-05-26 06:13:45,647 - WARNING - UMLS API returned status 401 for term 'the patient is obese the backpain is made worse by sitting down for long the pain is alleviated by standing and stretching'
2025-05-26 06:13:50,050 - WARNING - UMLS API returned status 401 for term 'and purulent nasal discharge for 10 days. low-grade fever (up to 100.5°f). no sore throat or hearing loss. pulmonary: no cough or shortness of breath. cardiovascular: no chest pain or palpitations. neurological: mild headache associated with sinus pain'
2025-05-26 06:13:55,070 - WARNING - UMLS API returned status 401 for term 'no dizziness. musculoskeletal: no joint pain or stiffness. gastrointestinal: no nausea or diarrhea. genitourinary: no urinary changes. endocrine: no weight changes or thirst. hematologic: no easy bruising or bleeding. dermatologic: no rashes or lesions. psychiatric: no mood changes. ophthalmologic: no vision changes. primary assessment: symptoms consistent with acute bacterial sinusitis'
2025-05-26 06:15:29,452 - ERROR - Failed to initialize NLP pipeline: [E893] Could not find function 'replace_tokenizer' in function registry 'callbacks'. If you're using a custom function, make sure the code is available. If the function is provided by a third-party package, e.g. spacy-transformers, make sure the package is installed in your environment.

Available names: spacy.copy_from_base_model.v1, spacy.models_and_pipes_with_nvtx_range.v1, spacy.models_with_nvtx_range.v1
2025-05-26 06:15:30,376 - WARNING - Using fallback spacy pipeline without parser, ner, or linker
2025-05-26 06:15:35,731 - WARNING - UMLS API returned status 401 for term 'patient complains of headache the headache started three days ago. the headache is associated with fevers and chills'
2025-05-26 06:15:40,136 - WARNING - UMLS API returned status 401 for term 'nausea and vomiting and loss of appetite the patient has jaundice in the eyes taking foods with fats makes the nausea worse taking strong tea and licking salt alleviates the nausea'
2025-05-26 06:15:45,366 - WARNING - UMLS API returned status 401 for term 'patient presents with facial pain'
2025-05-26 06:15:50,066 - WARNING - UMLS API returned status 401 for term 'and fever for 10 days. reports purulent nasal discharge. facial pain over maxillary sinuses'
2025-05-26 06:15:54,982 - WARNING - UMLS API returned status 401 for term 'bilateral nasal congestion'
2025-05-26 06:16:01,392 - WARNING - UMLS API returned status 401 for term 'back pain for two weeks the patient reports backpain for three weeks on assessment'
2025-05-26 06:16:06,245 - WARNING - UMLS API returned status 401 for term 'the patient is obese the backpain is made worse by sitting down for long the pain is alleviated by standing and stretching'
2025-05-26 06:16:10,649 - WARNING - UMLS API returned status 401 for term 'and purulent nasal discharge for 10 days. low-grade fever (up to 100.5°f). no sore throat or hearing loss. pulmonary: no cough or shortness of breath. cardiovascular: no chest pain or palpitations. neurological: mild headache associated with sinus pain'
2025-05-26 06:16:15,277 - WARNING - UMLS API returned status 401 for term 'no dizziness. musculoskeletal: no joint pain or stiffness. gastrointestinal: no nausea or diarrhea. genitourinary: no urinary changes. endocrine: no weight changes or thirst. hematologic: no easy bruising or bleeding. dermatologic: no rashes or lesions. psychiatric: no mood changes. ophthalmologic: no vision changes. primary assessment: symptoms consistent with acute bacterial sinusitis'
2025-05-26 06:17:52,311 - ERROR - Failed to initialize NLP pipeline: [E893] Could not find function 'replace_tokenizer' in function registry 'callbacks'. If you're using a custom function, make sure the code is available. If the function is provided by a third-party package, e.g. spacy-transformers, make sure the package is installed in your environment.

Available names: spacy.copy_from_base_model.v1, spacy.models_and_pipes_with_nvtx_range.v1, spacy.models_with_nvtx_range.v1
2025-05-26 06:17:53,221 - WARNING - Using fallback spacy pipeline without parser, ner, or linker
2025-05-26 06:17:53,222 - ERROR - Failed to add symptom rules: "[E001] No component 'medspacy_target_matcher' found in pipeline. Available names: ['sentencizer', 'tok2vec', 'tagger', 'attribute_ruler', 'lemmatizer', 'parser', 'ner']"
2025-05-26 06:17:58,270 - WARNING - UMLS API returned status 401 for term 'patient complains of headache the headache started three days ago. the headache is associated with fevers and chills'
2025-05-26 06:18:02,700 - WARNING - UMLS API returned status 401 for term 'nausea and vomiting and loss of appetite the patient has jaundice in the eyes taking foods with fats makes the nausea worse taking strong tea and licking salt alleviates the nausea'
2025-05-26 06:18:07,397 - WARNING - UMLS API returned status 401 for term 'patient presents with facial pain'
2025-05-26 06:18:11,693 - WARNING - UMLS API returned status 401 for term 'and fever for 10 days. reports purulent nasal discharge. facial pain over maxillary sinuses'
2025-05-26 06:18:16,705 - WARNING - UMLS API returned status 401 for term 'bilateral nasal congestion'
2025-05-26 06:18:21,110 - WARNING - UMLS API returned status 401 for term 'back pain for two weeks the patient reports backpain for three weeks on assessment'
2025-05-26 06:18:27,977 - WARNING - UMLS API returned status 401 for term 'the patient is obese the backpain is made worse by sitting down for long the pain is alleviated by standing and stretching'
2025-05-26 06:18:32,876 - WARNING - UMLS API returned status 401 for term 'and purulent nasal discharge for 10 days. low-grade fever (up to 100.5°f). no sore throat or hearing loss. pulmonary: no cough or shortness of breath. cardiovascular: no chest pain or palpitations. neurological: mild headache associated with sinus pain'
2025-05-26 06:18:37,182 - WARNING - UMLS API returned status 401 for term 'no dizziness. musculoskeletal: no joint pain or stiffness. gastrointestinal: no nausea or diarrhea. genitourinary: no urinary changes. endocrine: no weight changes or thirst. hematologic: no easy bruising or bleeding. dermatologic: no rashes or lesions. psychiatric: no mood changes. ophthalmologic: no vision changes. primary assessment: symptoms consistent with acute bacterial sinusitis'
2025-05-26 06:20:06,802 - ERROR - Failed to initialize NLP pipeline: [E893] Could not find function 'replace_tokenizer' in function registry 'callbacks'. If you're using a custom function, make sure the code is available. If the function is provided by a third-party package, e.g. spacy-transformers, make sure the package is installed in your environment.

Available names: spacy.copy_from_base_model.v1, spacy.models_and_pipes_with_nvtx_range.v1, spacy.models_with_nvtx_range.v1
2025-05-26 06:20:07,725 - WARNING - Using fallback spacy pipeline without parser, ner, or linker
2025-05-26 06:20:07,766 - WARNING - No category mapping found for 'mood changes ophthalmologic no vision changes primary assessment symptoms consistent acute bacterial sinusitis likely secondary to recent viral upper respiratory infection differential includes viral sinusitis'. Defaulting to 'general'.
2025-05-26 06:20:07,774 - WARNING - No category mapping found for 'acute abnormalities in pulmonary musculoskeletal gi gu hematologic dermatologic psychiatric'. Defaulting to 'general'.
2025-05-26 06:20:07,876 - WARNING - No category mapping found for 'mood changes ophthalmologic no vision changes primary assessment symptoms consistent acute bacterial sinusitis likely secondary to recent viral upper respiratory infection differential includes viral sinusitis'. Defaulting to 'general'.
2025-05-26 06:20:07,898 - WARNING - No category mapping found for 'acute abnormalities in pulmonary musculoskeletal gi gu hematologic dermatologic psychiatric'. Defaulting to 'general'.
2025-05-26 06:20:10,227 - ERROR - Failed to get UTS ticket: 401 Client Error: Unauthorized for url: https://uts-ws.nlm.nih.gov/rest/tickets
2025-05-26 06:20:10,551 - ERROR - UMLS synonym generation failed for 'likely secondary to recent viral upper respiratory infection. differential includes viral sinusitis or allergic rhinitis. other systems: neurological: headache likely related to sinusitis. endocrine: stable diabetes. cardiovascular: stable hypertension. no acute abnormalities in pulmonary': 401 Client Error: Unauthorized for url: https://uts-ws.nlm.nih.gov/rest/search/current?string=likely+secondary+to+recent+viral+upper+respiratory+infection.+differential+includes+viral+sinusitis+or+allergic+rhinitis.+other+systems%3A+neurological%3A+headache+likely+related+to+sinusitis.+endocrine%3A+stable+diabetes.+cardiovascular%3A+stable+hypertension.+no+acute+abnormalities+in+pulmonary&ticket=&searchType=exact&sabs=SNOMEDCT_US
2025-05-26 06:20:11,971 - ERROR - Failed to get UTS ticket: 401 Client Error: Unauthorized for url: https://uts-ws.nlm.nih.gov/rest/tickets
2025-05-26 06:20:12,299 - ERROR - Failed to get UTS ticket: 401 Client Error: Unauthorized for url: https://uts-ws.nlm.nih.gov/rest/tickets
2025-05-26 06:20:12,754 - ERROR - Error saving knowledge base to JSON: Object of type ObjectId is not JSON serializable
2025-05-26 06:20:12,758 - ERROR - Error extracting features for note ID 1: extract_location() takes 1 positional argument but 2 were given
2025-05-26 06:20:12,759 - WARNING - Empty text for embedding, skipping embedding-based scoring
2025-05-26 06:20:12,768 - ERROR - Error generating differentials: string indices must be integers, not 'str'
2025-05-26 06:20:12,774 - WARNING - Diagnosis relevance weights for facial pain|nasal congestion|sinusitis|sinus pain|purulent nasal discharge do not sum to 1.0: 0
2025-05-26 06:20:12,775 - WARNING - Diagnosis relevance weights for cough do not sum to 1.0: 0
2025-05-26 06:20:12,776 - WARNING - Diagnosis relevance weights for headache|photophobia do not sum to 1.0: 0
2025-05-26 06:20:12,777 - WARNING - Diagnosis relevance weights for chest pain|shortness of breath|chest tightness do not sum to 1.0: 0
2025-05-26 06:20:12,778 - WARNING - Diagnosis relevance weights for epigastric pain|nausea do not sum to 1.0: 0
2025-05-26 06:20:12,779 - WARNING - Diagnosis relevance weights for knee pain|swelling do not sum to 1.0: 0
2025-05-26 06:20:12,780 - WARNING - Diagnosis relevance weights for back pain|lower back pain|backache do not sum to 1.0: 0
2025-05-26 06:20:12,781 - WARNING - Diagnosis relevance weights for fever|chills do not sum to 1.0: 0
2025-05-26 06:20:12,782 - WARNING - Diagnosis relevance weights for fatigue|obesity do not sum to 1.0: 0
2025-05-26 06:20:12,783 - WARNING - Diagnosis angina relevance weights do not sum to 1.0: 0.8
2025-05-26 06:20:12,872 - WARNING - Extracted symptoms do not match expected symptoms: ['facial pain', 'nasal congestion', 'purulent nasal discharge']. Using knowledge base fallback.
2025-05-26 06:20:12,909 - ERROR - Invalid text type for aggravating: <class 'departments.models.medicine.SOAPNote'>
2025-05-26 06:20:12,910 - ERROR - Error extracting features for note ID 2: dictionary update sequence element #0 has length 1; 2 is required
2025-05-26 06:20:17,929 - WARNING - UMLS API returned status 401 for term 'patient complains of headache the headache started three days ago. the headache is associated with fevers and chills'
2025-05-26 06:20:22,031 - WARNING - UMLS API returned status 401 for term 'nausea and vomiting and loss of appetite the patient has jaundice in the eyes taking foods with fats makes the nausea worse taking strong tea and licking salt alleviates the nausea'
2025-05-26 06:20:26,408 - WARNING - UMLS API returned status 401 for term 'patient presents with facial pain'
2025-05-26 06:20:30,814 - WARNING - UMLS API returned status 401 for term 'and fever for 10 days. reports purulent nasal discharge. facial pain over maxillary sinuses'
2025-05-26 06:20:35,629 - WARNING - UMLS API returned status 401 for term 'bilateral nasal congestion'
2025-05-26 06:20:40,137 - WARNING - UMLS API returned status 401 for term 'back pain for two weeks the patient reports backpain for three weeks on assessment'
2025-05-26 06:20:44,427 - WARNING - UMLS API returned status 401 for term 'the patient is obese the backpain is made worse by sitting down for long the pain is alleviated by standing and stretching'
2025-05-26 06:20:49,025 - WARNING - UMLS API returned status 401 for term 'and purulent nasal discharge for 10 days. low-grade fever (up to 100.5°f). no sore throat or hearing loss. pulmonary: no cough or shortness of breath. cardiovascular: no chest pain or palpitations. neurological: mild headache associated with sinus pain'
2025-05-26 06:20:53,120 - WARNING - UMLS API returned status 401 for term 'no dizziness. musculoskeletal: no joint pain or stiffness. gastrointestinal: no nausea or diarrhea. genitourinary: no urinary changes. endocrine: no weight changes or thirst. hematologic: no easy bruising or bleeding. dermatologic: no rashes or lesions. psychiatric: no mood changes. ophthalmologic: no vision changes. primary assessment: symptoms consistent with acute bacterial sinusitis'
2025-05-26 06:20:58,312 - WARNING - UMLS API returned status 401 for term 'likely secondary to recent viral upper respiratory infection. differential includes viral sinusitis or allergic rhinitis. other systems: neurological: headache likely related to sinusitis. endocrine: stable diabetes. cardiovascular: stable hypertension. no acute abnormalities in pulmonary'
2025-05-26 06:22:30,944 - ERROR - Failed to initialize NLP pipeline: [E893] Could not find function 'replace_tokenizer' in function registry 'callbacks'. If you're using a custom function, make sure the code is available. If the function is provided by a third-party package, e.g. spacy-transformers, make sure the package is installed in your environment.

Available names: spacy.copy_from_base_model.v1, spacy.models_and_pipes_with_nvtx_range.v1, spacy.models_with_nvtx_range.v1
2025-05-26 06:22:31,872 - WARNING - Using fallback spacy pipeline without parser, ner, or linker
2025-05-26 06:22:37,319 - WARNING - UMLS API returned status 401 for term 'patient complains of headache the headache started three days ago. the headache is associated with fevers and chills'
2025-05-26 06:22:42,955 - WARNING - UMLS API returned status 401 for term 'nausea and vomiting and loss of appetite the patient has jaundice in the eyes taking foods with fats makes the nausea worse taking strong tea and licking salt alleviates the nausea'
2025-05-26 06:22:48,218 - WARNING - UMLS API returned status 401 for term 'patient presents with facial pain'
2025-05-26 06:22:52,679 - WARNING - UMLS API returned status 401 for term 'and fever for 10 days. reports purulent nasal discharge. facial pain over maxillary sinuses'
2025-05-26 06:22:57,315 - WARNING - UMLS API returned status 401 for term 'bilateral nasal congestion'
2025-05-26 06:23:02,618 - WARNING - UMLS API returned status 401 for term 'back pain for two weeks the patient reports backpain for three weeks on assessment'
2025-05-26 06:23:08,993 - WARNING - UMLS API returned status 401 for term 'the patient is obese the backpain is made worse by sitting down for long the pain is alleviated by standing and stretching'
2025-05-26 06:23:15,891 - WARNING - UMLS API returned status 401 for term 'and purulent nasal discharge for 10 days. low-grade fever (up to 100.5°f). no sore throat or hearing loss. pulmonary: no cough or shortness of breath. cardiovascular: no chest pain or palpitations. neurological: mild headache associated with sinus pain'
2025-05-26 06:23:22,469 - WARNING - UMLS API returned status 401 for term 'no dizziness. musculoskeletal: no joint pain or stiffness. gastrointestinal: no nausea or diarrhea. genitourinary: no urinary changes. endocrine: no weight changes or thirst. hematologic: no easy bruising or bleeding. dermatologic: no rashes or lesions. psychiatric: no mood changes. ophthalmologic: no vision changes. primary assessment: symptoms consistent with acute bacterial sinusitis'
2025-05-26 06:23:27,069 - WARNING - UMLS API returned status 401 for term 'likely secondary to recent viral upper respiratory infection. differential includes viral sinusitis or allergic rhinitis. other systems: neurological: headache likely related to sinusitis. endocrine: stable diabetes. cardiovascular: stable hypertension. no acute abnormalities in pulmonary'
2025-05-26 06:24:57,463 - ERROR - Failed to initialize NLP pipeline: [E893] Could not find function 'replace_tokenizer' in function registry 'callbacks'. If you're using a custom function, make sure the code is available. If the function is provided by a third-party package, e.g. spacy-transformers, make sure the package is installed in your environment.

Available names: spacy.copy_from_base_model.v1, spacy.models_and_pipes_with_nvtx_range.v1, spacy.models_with_nvtx_range.v1
2025-05-26 06:24:58,197 - WARNING - Using fallback spacy pipeline without parser, ner, or linker
2025-05-26 06:24:58,197 - ERROR - Failed to add symptom rules: "[E001] No component 'medspacy_target_matcher' found in pipeline. Available names: ['sentencizer', 'tok2vec', 'tagger', 'attribute_ruler', 'lemmatizer', 'parser', 'ner']"
2025-05-26 06:24:58,224 - ERROR - Invalid text type for aggravating: <class 'departments.models.medicine.SOAPNote'>
2025-05-26 06:24:58,224 - ERROR - Error extracting features for note ID 2: dictionary update sequence element #0 has length 1; 2 is required
2025-05-26 06:25:03,868 - WARNING - UMLS API returned status 401 for term 'patient complains of headache the headache started three days ago. the headache is associated with fevers and chills'
2025-05-26 06:25:07,996 - WARNING - UMLS API returned status 401 for term 'nausea and vomiting and loss of appetite the patient has jaundice in the eyes taking foods with fats makes the nausea worse taking strong tea and licking salt alleviates the nausea'
2025-05-26 06:25:12,476 - WARNING - UMLS API returned status 401 for term 'patient presents with facial pain'
2025-05-26 06:25:16,687 - WARNING - UMLS API returned status 401 for term 'and fever for 10 days. reports purulent nasal discharge. facial pain over maxillary sinuses'
2025-05-26 06:25:22,107 - WARNING - UMLS API returned status 401 for term 'bilateral nasal congestion'
2025-05-26 06:25:26,817 - WARNING - UMLS API returned status 401 for term 'back pain for two weeks the patient reports backpain for three weeks on assessment'
2025-05-26 06:25:31,232 - WARNING - UMLS API returned status 401 for term 'the patient is obese the backpain is made worse by sitting down for long the pain is alleviated by standing and stretching'
2025-05-26 06:25:35,526 - WARNING - UMLS API returned status 401 for term 'and purulent nasal discharge for 10 days. low-grade fever (up to 100.5°f). no sore throat or hearing loss. pulmonary: no cough or shortness of breath. cardiovascular: no chest pain or palpitations. neurological: mild headache associated with sinus pain'
2025-05-26 06:25:39,623 - WARNING - UMLS API returned status 401 for term 'no dizziness. musculoskeletal: no joint pain or stiffness. gastrointestinal: no nausea or diarrhea. genitourinary: no urinary changes. endocrine: no weight changes or thirst. hematologic: no easy bruising or bleeding. dermatologic: no rashes or lesions. psychiatric: no mood changes. ophthalmologic: no vision changes. primary assessment: symptoms consistent with acute bacterial sinusitis'
2025-05-26 06:25:44,847 - WARNING - UMLS API returned status 401 for term 'likely secondary to recent viral upper respiratory infection. differential includes viral sinusitis or allergic rhinitis. other systems: neurological: headache likely related to sinusitis. endocrine: stable diabetes. cardiovascular: stable hypertension. no acute abnormalities in pulmonary'
2025-05-26 06:27:14,205 - ERROR - Failed to initialize NLP pipeline: [E893] Could not find function 'replace_tokenizer' in function registry 'callbacks'. If you're using a custom function, make sure the code is available. If the function is provided by a third-party package, e.g. spacy-transformers, make sure the package is installed in your environment.

Available names: spacy.copy_from_base_model.v1, spacy.models_and_pipes_with_nvtx_range.v1, spacy.models_with_nvtx_range.v1
2025-05-26 06:27:15,137 - WARNING - Using fallback spacy pipeline without parser, ner, or linker
2025-05-26 06:27:20,103 - WARNING - UMLS API returned status 401 for term 'patient complains of headache the headache started three days ago. the headache is associated with fevers and chills'
2025-05-26 06:27:24,471 - WARNING - UMLS API returned status 401 for term 'nausea and vomiting and loss of appetite the patient has jaundice in the eyes taking foods with fats makes the nausea worse taking strong tea and licking salt alleviates the nausea'
2025-05-26 06:27:28,668 - WARNING - UMLS API returned status 401 for term 'patient presents with facial pain'
2025-05-26 06:27:33,172 - WARNING - UMLS API returned status 401 for term 'and fever for 10 days. reports purulent nasal discharge. facial pain over maxillary sinuses'
2025-05-26 06:27:37,705 - WARNING - UMLS API returned status 401 for term 'bilateral nasal congestion'
2025-05-26 06:27:41,977 - WARNING - UMLS API returned status 401 for term 'back pain for two weeks the patient reports backpain for three weeks on assessment'
2025-05-26 06:27:46,202 - WARNING - UMLS API returned status 401 for term 'the patient is obese the backpain is made worse by sitting down for long the pain is alleviated by standing and stretching'
2025-05-26 06:27:50,986 - WARNING - UMLS API returned status 401 for term 'and purulent nasal discharge for 10 days. low-grade fever (up to 100.5°f). no sore throat or hearing loss. pulmonary: no cough or shortness of breath. cardiovascular: no chest pain or palpitations. neurological: mild headache associated with sinus pain'
2025-05-26 06:27:56,213 - WARNING - UMLS API returned status 401 for term 'no dizziness. musculoskeletal: no joint pain or stiffness. gastrointestinal: no nausea or diarrhea. genitourinary: no urinary changes. endocrine: no weight changes or thirst. hematologic: no easy bruising or bleeding. dermatologic: no rashes or lesions. psychiatric: no mood changes. ophthalmologic: no vision changes. primary assessment: symptoms consistent with acute bacterial sinusitis'
2025-05-26 06:28:01,633 - WARNING - UMLS API returned status 401 for term 'likely secondary to recent viral upper respiratory infection. differential includes viral sinusitis or allergic rhinitis. other systems: neurological: headache likely related to sinusitis. endocrine: stable diabetes. cardiovascular: stable hypertension. no acute abnormalities in pulmonary'
2025-05-26 06:29:31,523 - ERROR - Failed to initialize NLP pipeline: [E893] Could not find function 'replace_tokenizer' in function registry 'callbacks'. If you're using a custom function, make sure the code is available. If the function is provided by a third-party package, e.g. spacy-transformers, make sure the package is installed in your environment.

Available names: spacy.copy_from_base_model.v1, spacy.models_and_pipes_with_nvtx_range.v1, spacy.models_with_nvtx_range.v1
2025-05-26 06:29:32,466 - WARNING - Using fallback spacy pipeline without parser, ner, or linker
2025-05-26 06:29:32,467 - ERROR - Failed to add symptom rules: "[E001] No component 'medspacy_target_matcher' found in pipeline. Available names: ['sentencizer', 'tok2vec', 'tagger', 'attribute_ruler', 'lemmatizer', 'parser', 'ner']"
2025-05-26 06:29:37,455 - WARNING - UMLS API returned status 401 for term 'patient complains of headache the headache started three days ago. the headache is associated with fevers and chills'
2025-05-26 06:29:41,672 - WARNING - UMLS API returned status 401 for term 'nausea and vomiting and loss of appetite the patient has jaundice in the eyes taking foods with fats makes the nausea worse taking strong tea and licking salt alleviates the nausea'
2025-05-26 06:29:45,975 - WARNING - UMLS API returned status 401 for term 'patient presents with facial pain'
2025-05-26 06:29:50,069 - WARNING - UMLS API returned status 401 for term 'and fever for 10 days. reports purulent nasal discharge. facial pain over maxillary sinuses'
2025-05-26 06:29:54,677 - WARNING - UMLS API returned status 401 for term 'bilateral nasal congestion'
2025-05-26 06:29:58,773 - WARNING - UMLS API returned status 401 for term 'back pain for two weeks the patient reports backpain for three weeks on assessment'
2025-05-26 06:30:03,075 - WARNING - UMLS API returned status 401 for term 'the patient is obese the backpain is made worse by sitting down for long the pain is alleviated by standing and stretching'
2025-05-26 06:30:07,477 - WARNING - UMLS API returned status 401 for term 'and purulent nasal discharge for 10 days. low-grade fever (up to 100.5°f). no sore throat or hearing loss. pulmonary: no cough or shortness of breath. cardiovascular: no chest pain or palpitations. neurological: mild headache associated with sinus pain'
2025-05-26 06:30:11,508 - WARNING - UMLS API returned status 401 for term 'no dizziness. musculoskeletal: no joint pain or stiffness. gastrointestinal: no nausea or diarrhea. genitourinary: no urinary changes. endocrine: no weight changes or thirst. hematologic: no easy bruising or bleeding. dermatologic: no rashes or lesions. psychiatric: no mood changes. ophthalmologic: no vision changes. primary assessment: symptoms consistent with acute bacterial sinusitis'
2025-05-26 06:30:15,876 - WARNING - UMLS API returned status 401 for term 'likely secondary to recent viral upper respiratory infection. differential includes viral sinusitis or allergic rhinitis. other systems: neurological: headache likely related to sinusitis. endocrine: stable diabetes. cardiovascular: stable hypertension. no acute abnormalities in pulmonary'
2025-05-26 06:31:52,141 - ERROR - Failed to initialize NLP pipeline: [E893] Could not find function 'replace_tokenizer' in function registry 'callbacks'. If you're using a custom function, make sure the code is available. If the function is provided by a third-party package, e.g. spacy-transformers, make sure the package is installed in your environment.

Available names: spacy.copy_from_base_model.v1, spacy.models_and_pipes_with_nvtx_range.v1, spacy.models_with_nvtx_range.v1
2025-05-26 06:31:53,109 - WARNING - Using fallback spacy pipeline without parser, ner, or linker
2025-05-26 06:31:53,154 - ERROR - Invalid text type for aggravating: <class 'departments.models.medicine.SOAPNote'>
2025-05-26 06:31:53,154 - ERROR - Error extracting features for note ID 2: dictionary update sequence element #0 has length 1; 2 is required
2025-05-26 06:31:53,154 - WARNING - Empty text for embedding, skipping embedding-based scoring
2025-05-26 06:31:53,156 - ERROR - Error generating differentials: string indices must be integers, not 'str'
2025-05-26 06:31:53,159 - WARNING - Extracted symptoms do not match expected symptoms: ['back pain']. Using knowledge base fallback.
2025-05-26 06:31:53,188 - ERROR - Invalid text type for aggravating: <class 'departments.models.medicine.SOAPNote'>
2025-05-26 06:31:53,189 - ERROR - Error extracting features for note ID 3: dictionary update sequence element #0 has length 1; 2 is required
2025-05-26 06:31:58,077 - WARNING - UMLS API returned status 401 for term 'patient complains of headache the headache started three days ago. the headache is associated with fevers and chills'
2025-05-26 06:32:02,489 - WARNING - UMLS API returned status 401 for term 'nausea and vomiting and loss of appetite the patient has jaundice in the eyes taking foods with fats makes the nausea worse taking strong tea and licking salt alleviates the nausea'
2025-05-26 06:32:06,989 - WARNING - UMLS API returned status 401 for term 'patient presents with facial pain'
2025-05-26 06:32:11,392 - WARNING - UMLS API returned status 401 for term 'and fever for 10 days. reports purulent nasal discharge. facial pain over maxillary sinuses'
2025-05-26 06:32:15,795 - WARNING - UMLS API returned status 401 for term 'bilateral nasal congestion'
2025-05-26 06:32:19,994 - WARNING - UMLS API returned status 401 for term 'back pain for two weeks the patient reports backpain for three weeks on assessment'
2025-05-26 06:32:24,198 - WARNING - UMLS API returned status 401 for term 'the patient is obese the backpain is made worse by sitting down for long the pain is alleviated by standing and stretching'
2025-05-26 06:32:28,289 - WARNING - UMLS API returned status 401 for term 'and purulent nasal discharge for 10 days. low-grade fever (up to 100.5°f). no sore throat or hearing loss. pulmonary: no cough or shortness of breath. cardiovascular: no chest pain or palpitations. neurological: mild headache associated with sinus pain'
2025-05-26 06:32:32,449 - WARNING - UMLS API returned status 401 for term 'no dizziness. musculoskeletal: no joint pain or stiffness. gastrointestinal: no nausea or diarrhea. genitourinary: no urinary changes. endocrine: no weight changes or thirst. hematologic: no easy bruising or bleeding. dermatologic: no rashes or lesions. psychiatric: no mood changes. ophthalmologic: no vision changes. primary assessment: symptoms consistent with acute bacterial sinusitis'
2025-05-26 06:32:36,472 - WARNING - UMLS API returned status 401 for term 'likely secondary to recent viral upper respiratory infection. differential includes viral sinusitis or allergic rhinitis. other systems: neurological: headache likely related to sinusitis. endocrine: stable diabetes. cardiovascular: stable hypertension. no acute abnormalities in pulmonary'
2025-05-26 06:34:09,096 - ERROR - Failed to initialize NLP pipeline: [E893] Could not find function 'replace_tokenizer' in function registry 'callbacks'. If you're using a custom function, make sure the code is available. If the function is provided by a third-party package, e.g. spacy-transformers, make sure the package is installed in your environment.

Available names: spacy.copy_from_base_model.v1, spacy.models_and_pipes_with_nvtx_range.v1, spacy.models_with_nvtx_range.v1
2025-05-26 06:34:09,993 - WARNING - Using fallback spacy pipeline without parser, ner, or linker
2025-05-26 06:34:15,202 - WARNING - UMLS API returned status 401 for term 'patient complains of headache the headache started three days ago. the headache is associated with fevers and chills'
2025-05-26 06:34:19,402 - WARNING - UMLS API returned status 401 for term 'nausea and vomiting and loss of appetite the patient has jaundice in the eyes taking foods with fats makes the nausea worse taking strong tea and licking salt alleviates the nausea'
2025-05-26 06:34:23,703 - WARNING - UMLS API returned status 401 for term 'patient presents with facial pain'
2025-05-26 06:34:27,902 - WARNING - UMLS API returned status 401 for term 'and fever for 10 days. reports purulent nasal discharge. facial pain over maxillary sinuses'
2025-05-26 06:34:32,100 - WARNING - UMLS API returned status 401 for term 'bilateral nasal congestion'
2025-05-26 06:34:36,196 - WARNING - UMLS API returned status 401 for term 'back pain for two weeks the patient reports backpain for three weeks on assessment'
2025-05-26 06:34:40,395 - WARNING - UMLS API returned status 401 for term 'the patient is obese the backpain is made worse by sitting down for long the pain is alleviated by standing and stretching'
2025-05-26 06:34:44,594 - WARNING - UMLS API returned status 401 for term 'and purulent nasal discharge for 10 days. low-grade fever (up to 100.5°f). no sore throat or hearing loss. pulmonary: no cough or shortness of breath. cardiovascular: no chest pain or palpitations. neurological: mild headache associated with sinus pain'
2025-05-26 06:34:48,792 - WARNING - UMLS API returned status 401 for term 'no dizziness. musculoskeletal: no joint pain or stiffness. gastrointestinal: no nausea or diarrhea. genitourinary: no urinary changes. endocrine: no weight changes or thirst. hematologic: no easy bruising or bleeding. dermatologic: no rashes or lesions. psychiatric: no mood changes. ophthalmologic: no vision changes. primary assessment: symptoms consistent with acute bacterial sinusitis'
2025-05-26 06:34:53,098 - WARNING - UMLS API returned status 401 for term 'likely secondary to recent viral upper respiratory infection. differential includes viral sinusitis or allergic rhinitis. other systems: neurological: headache likely related to sinusitis. endocrine: stable diabetes. cardiovascular: stable hypertension. no acute abnormalities in pulmonary'
2025-05-26 06:36:23,463 - ERROR - Failed to initialize NLP pipeline: [E893] Could not find function 'replace_tokenizer' in function registry 'callbacks'. If you're using a custom function, make sure the code is available. If the function is provided by a third-party package, e.g. spacy-transformers, make sure the package is installed in your environment.

Available names: spacy.copy_from_base_model.v1, spacy.models_and_pipes_with_nvtx_range.v1, spacy.models_with_nvtx_range.v1
2025-05-26 06:36:24,361 - WARNING - Using fallback spacy pipeline without parser, ner, or linker
2025-05-26 06:36:24,361 - ERROR - Failed to add symptom rules: "[E001] No component 'medspacy_target_matcher' found in pipeline. Available names: ['sentencizer', 'tok2vec', 'tagger', 'attribute_ruler', 'lemmatizer', 'parser', 'ner']"
2025-05-26 06:36:24,388 - ERROR - Invalid text type for aggravating: <class 'departments.models.medicine.SOAPNote'>
2025-05-26 06:36:24,389 - ERROR - Error extracting features for note ID 3: dictionary update sequence element #0 has length 1; 2 is required
2025-05-26 06:36:29,560 - WARNING - UMLS API returned status 401 for term 'patient complains of headache the headache started three days ago. the headache is associated with fevers and chills'
2025-05-26 06:36:33,861 - WARNING - UMLS API returned status 401 for term 'nausea and vomiting and loss of appetite the patient has jaundice in the eyes taking foods with fats makes the nausea worse taking strong tea and licking salt alleviates the nausea'
2025-05-26 06:36:37,960 - WARNING - UMLS API returned status 401 for term 'patient presents with facial pain'
2025-05-26 06:36:42,259 - WARNING - UMLS API returned status 401 for term 'and fever for 10 days. reports purulent nasal discharge. facial pain over maxillary sinuses'
2025-05-26 06:36:46,458 - WARNING - UMLS API returned status 401 for term 'bilateral nasal congestion'
2025-05-26 06:36:50,759 - WARNING - UMLS API returned status 401 for term 'back pain for two weeks the patient reports backpain for three weeks on assessment'
2025-05-26 06:36:54,961 - WARNING - UMLS API returned status 401 for term 'the patient is obese the backpain is made worse by sitting down for long the pain is alleviated by standing and stretching'
2025-05-26 06:36:59,053 - WARNING - UMLS API returned status 401 for term 'and purulent nasal discharge for 10 days. low-grade fever (up to 100.5°f). no sore throat or hearing loss. pulmonary: no cough or shortness of breath. cardiovascular: no chest pain or palpitations. neurological: mild headache associated with sinus pain'
2025-05-26 06:37:03,354 - WARNING - UMLS API returned status 401 for term 'no dizziness. musculoskeletal: no joint pain or stiffness. gastrointestinal: no nausea or diarrhea. genitourinary: no urinary changes. endocrine: no weight changes or thirst. hematologic: no easy bruising or bleeding. dermatologic: no rashes or lesions. psychiatric: no mood changes. ophthalmologic: no vision changes. primary assessment: symptoms consistent with acute bacterial sinusitis'
2025-05-26 06:37:07,553 - WARNING - UMLS API returned status 401 for term 'likely secondary to recent viral upper respiratory infection. differential includes viral sinusitis or allergic rhinitis. other systems: neurological: headache likely related to sinusitis. endocrine: stable diabetes. cardiovascular: stable hypertension. no acute abnormalities in pulmonary'
2025-05-26 06:38:37,402 - ERROR - Failed to initialize NLP pipeline: [E893] Could not find function 'replace_tokenizer' in function registry 'callbacks'. If you're using a custom function, make sure the code is available. If the function is provided by a third-party package, e.g. spacy-transformers, make sure the package is installed in your environment.

Available names: spacy.copy_from_base_model.v1, spacy.models_and_pipes_with_nvtx_range.v1, spacy.models_with_nvtx_range.v1
2025-05-26 06:38:38,319 - WARNING - Using fallback spacy pipeline without parser, ner, or linker
2025-05-26 06:38:43,301 - WARNING - UMLS API returned status 401 for term 'patient complains of headache the headache started three days ago. the headache is associated with fevers and chills'
2025-05-26 06:38:47,505 - WARNING - UMLS API returned status 401 for term 'nausea and vomiting and loss of appetite the patient has jaundice in the eyes taking foods with fats makes the nausea worse taking strong tea and licking salt alleviates the nausea'
2025-05-26 06:38:53,645 - WARNING - UMLS API returned status 401 for term 'patient presents with facial pain'
2025-05-26 06:38:57,871 - WARNING - UMLS API returned status 401 for term 'and fever for 10 days. reports purulent nasal discharge. facial pain over maxillary sinuses'
2025-05-26 06:39:02,042 - WARNING - UMLS API returned status 401 for term 'bilateral nasal congestion'
2025-05-26 06:39:06,138 - WARNING - UMLS API returned status 401 for term 'back pain for two weeks the patient reports backpain for three weeks on assessment'
2025-05-26 06:39:10,646 - WARNING - UMLS API returned status 401 for term 'the patient is obese the backpain is made worse by sitting down for long the pain is alleviated by standing and stretching'
2025-05-26 06:39:14,873 - WARNING - UMLS API returned status 401 for term 'and purulent nasal discharge for 10 days. low-grade fever (up to 100.5°f). no sore throat or hearing loss. pulmonary: no cough or shortness of breath. cardiovascular: no chest pain or palpitations. neurological: mild headache associated with sinus pain'
2025-05-26 06:39:19,144 - WARNING - UMLS API returned status 401 for term 'no dizziness. musculoskeletal: no joint pain or stiffness. gastrointestinal: no nausea or diarrhea. genitourinary: no urinary changes. endocrine: no weight changes or thirst. hematologic: no easy bruising or bleeding. dermatologic: no rashes or lesions. psychiatric: no mood changes. ophthalmologic: no vision changes. primary assessment: symptoms consistent with acute bacterial sinusitis'
2025-05-26 06:39:23,342 - WARNING - UMLS API returned status 401 for term 'likely secondary to recent viral upper respiratory infection. differential includes viral sinusitis or allergic rhinitis. other systems: neurological: headache likely related to sinusitis. endocrine: stable diabetes. cardiovascular: stable hypertension. no acute abnormalities in pulmonary'
2025-05-26 06:40:47,944 - ERROR - Failed to initialize NLP pipeline: [E893] Could not find function 'replace_tokenizer' in function registry 'callbacks'. If you're using a custom function, make sure the code is available. If the function is provided by a third-party package, e.g. spacy-transformers, make sure the package is installed in your environment.

Available names: spacy.copy_from_base_model.v1, spacy.models_and_pipes_with_nvtx_range.v1, spacy.models_with_nvtx_range.v1
2025-05-26 06:40:48,831 - WARNING - Using fallback spacy pipeline without parser, ner, or linker
2025-05-26 06:40:48,831 - ERROR - Failed to add symptom rules: "[E001] No component 'medspacy_target_matcher' found in pipeline. Available names: ['sentencizer', 'tok2vec', 'tagger', 'attribute_ruler', 'lemmatizer', 'parser', 'ner']"
2025-05-26 06:40:53,765 - WARNING - UMLS API returned status 401 for term 'patient complains of headache the headache started three days ago. the headache is associated with fevers and chills'
2025-05-26 06:40:58,004 - WARNING - UMLS API returned status 401 for term 'nausea and vomiting and loss of appetite the patient has jaundice in the eyes taking foods with fats makes the nausea worse taking strong tea and licking salt alleviates the nausea'
2025-05-26 06:41:02,367 - WARNING - UMLS API returned status 401 for term 'patient presents with facial pain'
2025-05-26 06:41:06,668 - WARNING - UMLS API returned status 401 for term 'and fever for 10 days. reports purulent nasal discharge. facial pain over maxillary sinuses'
2025-05-26 06:41:10,799 - WARNING - UMLS API returned status 401 for term 'bilateral nasal congestion'
2025-05-26 06:41:15,167 - WARNING - UMLS API returned status 401 for term 'back pain for two weeks the patient reports backpain for three weeks on assessment'
2025-05-26 06:41:19,777 - WARNING - UMLS API returned status 401 for term 'the patient is obese the backpain is made worse by sitting down for long the pain is alleviated by standing and stretching'
2025-05-26 06:41:23,979 - WARNING - UMLS API returned status 401 for term 'and purulent nasal discharge for 10 days. low-grade fever (up to 100.5°f). no sore throat or hearing loss. pulmonary: no cough or shortness of breath. cardiovascular: no chest pain or palpitations. neurological: mild headache associated with sinus pain'
2025-05-26 06:41:28,278 - WARNING - UMLS API returned status 401 for term 'no dizziness. musculoskeletal: no joint pain or stiffness. gastrointestinal: no nausea or diarrhea. genitourinary: no urinary changes. endocrine: no weight changes or thirst. hematologic: no easy bruising or bleeding. dermatologic: no rashes or lesions. psychiatric: no mood changes. ophthalmologic: no vision changes. primary assessment: symptoms consistent with acute bacterial sinusitis'
2025-05-26 06:41:32,371 - WARNING - UMLS API returned status 401 for term 'likely secondary to recent viral upper respiratory infection. differential includes viral sinusitis or allergic rhinitis. other systems: neurological: headache likely related to sinusitis. endocrine: stable diabetes. cardiovascular: stable hypertension. no acute abnormalities in pulmonary'
2025-05-26 06:43:05,586 - ERROR - Failed to initialize NLP pipeline: [E893] Could not find function 'replace_tokenizer' in function registry 'callbacks'. If you're using a custom function, make sure the code is available. If the function is provided by a third-party package, e.g. spacy-transformers, make sure the package is installed in your environment.

Available names: spacy.copy_from_base_model.v1, spacy.models_and_pipes_with_nvtx_range.v1, spacy.models_with_nvtx_range.v1
2025-05-26 06:43:06,464 - WARNING - Using fallback spacy pipeline without parser, ner, or linker
2025-05-26 06:43:06,481 - WARNING - Missing symptoms: ['photophobia']. Initiating knowledge base update.
2025-05-26 06:43:06,506 - WARNING - Missing symptoms: ['photophobia']. Initiating knowledge base update.
2025-05-26 06:43:06,507 - ERROR - Invalid text type for aggravating: <class 'departments.models.medicine.SOAPNote'>
2025-05-26 06:43:06,507 - ERROR - Error extracting features for note ID 3: dictionary update sequence element #0 has length 1; 2 is required
2025-05-26 06:43:06,507 - WARNING - Empty text for embedding, skipping embedding-based scoring
2025-05-26 06:43:06,509 - ERROR - Error generating differentials: string indices must be integers, not 'str'
2025-05-26 06:43:06,512 - WARNING - Extracted symptoms do not match expected symptoms: ['headache', 'photophobia']. Using knowledge base fallback.
2025-05-26 09:58:25,258 - WARNING - Diagnosis relevance weights for facial pain|nasal congestion|sinusitis|sinus pain|purulent nasal discharge do not sum to 1.0: 0
2025-05-26 09:58:25,259 - WARNING - Diagnosis relevance weights for cough do not sum to 1.0: 0
2025-05-26 09:58:25,260 - WARNING - Diagnosis relevance weights for headache|photophobia do not sum to 1.0: 0
2025-05-26 09:58:25,260 - WARNING - Diagnosis relevance weights for chest pain|shortness of breath|chest tightness do not sum to 1.0: 0
2025-05-26 09:58:25,260 - WARNING - Diagnosis relevance weights for epigastric pain|nausea do not sum to 1.0: 0
2025-05-26 09:58:25,260 - WARNING - Diagnosis relevance weights for knee pain|swelling do not sum to 1.0: 0
2025-05-26 09:58:25,261 - WARNING - Diagnosis relevance weights for back pain|lower back pain|backache do not sum to 1.0: 0
2025-05-26 09:58:25,261 - WARNING - Diagnosis relevance weights for fever|chills do not sum to 1.0: 0
2025-05-26 09:58:25,262 - WARNING - Diagnosis relevance weights for fatigue|obesity do not sum to 1.0: 0
2025-05-26 09:58:25,262 - WARNING - Diagnosis angina relevance weights do not sum to 1.0: 0.8
2025-05-26 09:58:25,311 - ERROR - Invalid JSON in /home/mathu/projects/hospital/departments/nlp/knowledge_base/medical_terms.json: Expecting value: line 7 column 12 (char 143). Using default data.
2025-05-26 09:58:33,809 - WARNING - UMLS API returned status 401 for term 'patient complains of headache the headache started three days ago. the headache is associated with fevers and chills'
2025-05-26 09:58:38,627 - WARNING - UMLS API returned status 401 for term 'nausea and vomiting and loss of appetite the patient has jaundice in the eyes taking foods with fats makes the nausea worse taking strong tea and licking salt alleviates the nausea'
2025-05-26 09:58:43,231 - WARNING - UMLS API returned status 401 for term 'patient presents with facial pain'
2025-05-26 09:58:47,736 - WARNING - UMLS API returned status 401 for term 'and fever for 10 days. reports purulent nasal discharge. facial pain over maxillary sinuses'
2025-05-26 09:58:52,345 - WARNING - UMLS API returned status 401 for term 'bilateral nasal congestion'
2025-05-26 09:58:56,921 - WARNING - UMLS API returned status 401 for term 'back pain for two weeks the patient reports backpain for three weeks on assessment'
2025-05-26 09:59:01,458 - WARNING - UMLS API returned status 401 for term 'the patient is obese the backpain is made worse by sitting down for long the pain is alleviated by standing and stretching'
2025-05-26 09:59:05,842 - WARNING - UMLS API returned status 401 for term 'and purulent nasal discharge for 10 days. low-grade fever (up to 100.5°f). no sore throat or hearing loss. pulmonary: no cough or shortness of breath. cardiovascular: no chest pain or palpitations. neurological: mild headache associated with sinus pain'
2025-05-26 09:59:10,161 - WARNING - UMLS API returned status 401 for term 'no dizziness. musculoskeletal: no joint pain or stiffness. gastrointestinal: no nausea or diarrhea. genitourinary: no urinary changes. endocrine: no weight changes or thirst. hematologic: no easy bruising or bleeding. dermatologic: no rashes or lesions. psychiatric: no mood changes. ophthalmologic: no vision changes. primary assessment: symptoms consistent with acute bacterial sinusitis'
2025-05-26 09:59:14,874 - WARNING - UMLS API returned status 401 for term 'likely secondary to recent viral upper respiratory infection. differential includes viral sinusitis or allergic rhinitis. other systems: neurological: headache likely related to sinusitis. endocrine: stable diabetes. cardiovascular: stable hypertension. no acute abnormalities in pulmonary'
2025-05-26 10:00:49,840 - ERROR - Failed to initialize NLP pipeline: [E893] Could not find function 'replace_tokenizer' in function registry 'callbacks'. If you're using a custom function, make sure the code is available. If the function is provided by a third-party package, e.g. spacy-transformers, make sure the package is installed in your environment.

Available names: spacy.copy_from_base_model.v1, spacy.models_and_pipes_with_nvtx_range.v1, spacy.models_with_nvtx_range.v1
2025-05-26 10:00:50,609 - WARNING - Using fallback spacy pipeline without parser, ner, or linker
2025-05-26 10:00:57,410 - WARNING - UMLS API returned status 401 for term 'patient complains of headache the headache started three days ago. the headache is associated with fevers and chills'
2025-05-26 10:01:01,781 - WARNING - UMLS API returned status 401 for term 'nausea and vomiting and loss of appetite the patient has jaundice in the eyes taking foods with fats makes the nausea worse taking strong tea and licking salt alleviates the nausea'
2025-05-26 10:01:06,485 - WARNING - UMLS API returned status 401 for term 'patient presents with facial pain'
2025-05-26 10:01:11,102 - WARNING - UMLS API returned status 401 for term 'and fever for 10 days. reports purulent nasal discharge. facial pain over maxillary sinuses'
2025-05-26 10:01:15,505 - WARNING - UMLS API returned status 401 for term 'bilateral nasal congestion'
2025-05-26 10:01:20,113 - WARNING - UMLS API returned status 401 for term 'back pain for two weeks the patient reports backpain for three weeks on assessment'
2025-05-26 10:01:24,695 - WARNING - UMLS API returned status 401 for term 'the patient is obese the backpain is made worse by sitting down for long the pain is alleviated by standing and stretching'
2025-05-26 10:01:29,327 - WARNING - UMLS API returned status 401 for term 'and purulent nasal discharge for 10 days. low-grade fever (up to 100.5°f). no sore throat or hearing loss. pulmonary: no cough or shortness of breath. cardiovascular: no chest pain or palpitations. neurological: mild headache associated with sinus pain'
2025-05-26 10:01:33,938 - WARNING - UMLS API returned status 401 for term 'no dizziness. musculoskeletal: no joint pain or stiffness. gastrointestinal: no nausea or diarrhea. genitourinary: no urinary changes. endocrine: no weight changes or thirst. hematologic: no easy bruising or bleeding. dermatologic: no rashes or lesions. psychiatric: no mood changes. ophthalmologic: no vision changes. primary assessment: symptoms consistent with acute bacterial sinusitis'
2025-05-26 10:01:38,749 - WARNING - UMLS API returned status 401 for term 'likely secondary to recent viral upper respiratory infection. differential includes viral sinusitis or allergic rhinitis. other systems: neurological: headache likely related to sinusitis. endocrine: stable diabetes. cardiovascular: stable hypertension. no acute abnormalities in pulmonary'
2025-05-26 10:18:20,761 - WARNING - Failed to add scispacy_linker: HTTPSConnectionPool(host='s3-us-west-2.amazonaws.com', port=443): Read timed out. (read timeout=None). Continuing without UMLS linking.
2025-05-26 10:18:21,747 - ERROR - Failed to initialize NLP pipeline: [E893] Could not find function 'replace_tokenizer' in function registry 'callbacks'. If you're using a custom function, make sure the code is available. If the function is provided by a third-party package, e.g. spacy-transformers, make sure the package is installed in your environment.

Available names: spacy.copy_from_base_model.v1, spacy.models_and_pipes_with_nvtx_range.v1, spacy.models_with_nvtx_range.v1
2025-05-26 10:18:22,440 - WARNING - Using fallback spacy pipeline without parser, ner, or linker
2025-05-26 10:18:22,441 - ERROR - Failed to add symptom rules: "[E001] No component 'medspacy_target_matcher' found in pipeline. Available names: ['sentencizer', 'tok2vec', 'tagger', 'attribute_ruler', 'lemmatizer', 'parser', 'ner']"
2025-05-26 10:18:22,525 - WARNING - No category mapping found for 'mood changes ophthalmologic no vision changes primary assessment symptoms consistent acute bacterial sinusitis likely secondary to recent viral upper respiratory infection differential includes viral sinusitis'. Defaulting to 'general'.
2025-05-26 10:18:22,534 - WARNING - No category mapping found for 'acute abnormalities in pulmonary musculoskeletal gi gu hematologic dermatologic psychiatric'. Defaulting to 'general'.
2025-05-26 10:18:22,542 - ERROR - Invalid text type for aggravating: <class 'departments.models.medicine.SOAPNote'>
2025-05-26 10:18:22,543 - ERROR - Error extracting features for note ID 1: dictionary update sequence element #0 has length 1; 2 is required
2025-05-26 10:24:57,528 - WARNING - UMLS API returned status 401 for term 'patient complains of headache the headache started three days ago. the headache is associated with fevers and chills'
2025-05-26 10:25:06,530 - WARNING - UMLS API returned status 401 for term 'nausea and vomiting and loss of appetite the patient has jaundice in the eyes taking foods with fats makes the nausea worse taking strong tea and licking salt alleviates the nausea'
2025-05-26 10:25:11,362 - WARNING - UMLS API returned status 401 for term 'patient presents with facial pain'
2025-05-26 10:25:16,548 - WARNING - UMLS API returned status 401 for term 'and fever for 10 days. reports purulent nasal discharge. facial pain over maxillary sinuses'
2025-05-26 10:25:34,251 - WARNING - UMLS API returned status 401 for term 'bilateral nasal congestion'
2025-05-26 10:25:39,365 - WARNING - UMLS API returned status 401 for term 'back pain for two weeks the patient reports backpain for three weeks on assessment'
2025-05-26 10:25:44,149 - WARNING - UMLS API returned status 401 for term 'the patient is obese the backpain is made worse by sitting down for long the pain is alleviated by standing and stretching'
2025-05-26 10:25:48,987 - WARNING - UMLS API returned status 401 for term 'and purulent nasal discharge for 10 days. low-grade fever (up to 100.5°f). no sore throat or hearing loss. pulmonary: no cough or shortness of breath. cardiovascular: no chest pain or palpitations. neurological: mild headache associated with sinus pain'
2025-05-26 10:25:53,720 - WARNING - UMLS API returned status 401 for term 'no dizziness. musculoskeletal: no joint pain or stiffness. gastrointestinal: no nausea or diarrhea. genitourinary: no urinary changes. endocrine: no weight changes or thirst. hematologic: no easy bruising or bleeding. dermatologic: no rashes or lesions. psychiatric: no mood changes. ophthalmologic: no vision changes. primary assessment: symptoms consistent with acute bacterial sinusitis'
2025-05-26 10:25:58,496 - WARNING - UMLS API returned status 401 for term 'likely secondary to recent viral upper respiratory infection. differential includes viral sinusitis or allergic rhinitis. other systems: neurological: headache likely related to sinusitis. endocrine: stable diabetes. cardiovascular: stable hypertension. no acute abnormalities in pulmonary'
2025-05-26 10:27:38,621 - ERROR - Failed to initialize NLP pipeline: [E893] Could not find function 'replace_tokenizer' in function registry 'callbacks'. If you're using a custom function, make sure the code is available. If the function is provided by a third-party package, e.g. spacy-transformers, make sure the package is installed in your environment.

Available names: spacy.copy_from_base_model.v1, spacy.models_and_pipes_with_nvtx_range.v1, spacy.models_with_nvtx_range.v1
2025-05-26 10:27:39,620 - WARNING - Using fallback spacy pipeline without parser, ner, or linker
2025-05-26 10:27:47,883 - WARNING - UMLS API returned status 401 for term 'patient complains of headache the headache started three days ago. the headache is associated with fevers and chills'
2025-05-26 10:27:52,596 - WARNING - UMLS API returned status 401 for term 'nausea and vomiting and loss of appetite the patient has jaundice in the eyes taking foods with fats makes the nausea worse taking strong tea and licking salt alleviates the nausea'
2025-05-26 10:27:57,410 - WARNING - UMLS API returned status 401 for term 'patient presents with facial pain'
2025-05-26 10:28:02,427 - WARNING - UMLS API returned status 401 for term 'and fever for 10 days. reports purulent nasal discharge. facial pain over maxillary sinuses'
2025-05-26 10:28:07,649 - WARNING - UMLS API returned status 401 for term 'bilateral nasal congestion'
2025-05-26 10:28:13,282 - WARNING - UMLS API returned status 401 for term 'back pain for two weeks the patient reports backpain for three weeks on assessment'
2025-05-26 10:28:17,890 - WARNING - UMLS API returned status 401 for term 'the patient is obese the backpain is made worse by sitting down for long the pain is alleviated by standing and stretching'
2025-05-26 10:28:22,704 - WARNING - UMLS API returned status 401 for term 'and purulent nasal discharge for 10 days. low-grade fever (up to 100.5°f). no sore throat or hearing loss. pulmonary: no cough or shortness of breath. cardiovascular: no chest pain or palpitations. neurological: mild headache associated with sinus pain'
2025-05-26 10:28:27,665 - WARNING - UMLS API returned status 401 for term 'no dizziness. musculoskeletal: no joint pain or stiffness. gastrointestinal: no nausea or diarrhea. genitourinary: no urinary changes. endocrine: no weight changes or thirst. hematologic: no easy bruising or bleeding. dermatologic: no rashes or lesions. psychiatric: no mood changes. ophthalmologic: no vision changes. primary assessment: symptoms consistent with acute bacterial sinusitis'
2025-05-26 10:28:32,265 - WARNING - UMLS API returned status 401 for term 'likely secondary to recent viral upper respiratory infection. differential includes viral sinusitis or allergic rhinitis. other systems: neurological: headache likely related to sinusitis. endocrine: stable diabetes. cardiovascular: stable hypertension. no acute abnormalities in pulmonary'
2025-05-26 10:30:08,695 - WARNING - Failed to add scispacy_linker: HTTPSConnectionPool(host='s3-us-west-2.amazonaws.com', port=443): Max retries exceeded with url: /ai2-s2-scispacy/data/umls_semantic_type_tree.tsv (Caused by SSLError(SSLError(1, '[SSL: WRONG_VERSION_NUMBER] wrong version number (_ssl.c:1016)'))). Continuing without UMLS linking.
2025-05-26 10:30:13,365 - ERROR - Failed to initialize NLP pipeline: [E893] Could not find function 'replace_tokenizer' in function registry 'callbacks'. If you're using a custom function, make sure the code is available. If the function is provided by a third-party package, e.g. spacy-transformers, make sure the package is installed in your environment.

Available names: spacy.copy_from_base_model.v1, spacy.models_and_pipes_with_nvtx_range.v1, spacy.models_with_nvtx_range.v1
2025-05-26 10:30:14,149 - WARNING - Using fallback spacy pipeline without parser, ner, or linker
2025-05-26 10:30:14,149 - ERROR - Failed to add symptom rules: "[E001] No component 'medspacy_target_matcher' found in pipeline. Available names: ['sentencizer', 'tok2vec', 'tagger', 'attribute_ruler', 'lemmatizer', 'parser', 'ner']"
2025-05-26 10:30:14,247 - WARNING - No category mapping found for 'mood changes ophthalmologic no vision changes primary assessment symptoms consistent acute bacterial sinusitis likely secondary to recent viral upper respiratory infection differential includes viral sinusitis'. Defaulting to 'general'.
2025-05-26 10:30:14,258 - WARNING - No category mapping found for 'acute abnormalities in pulmonary musculoskeletal gi gu hematologic dermatologic psychiatric'. Defaulting to 'general'.
2025-05-26 10:30:14,268 - WARNING - Missing symptoms: ['patient presents with facial pain, nasal congestion, and fever for 10 days. reports purulent nasal discharge.']. Initiating knowledge base update.
2025-05-26 10:30:14,269 - ERROR - Invalid text type for aggravating: <class 'departments.models.medicine.SOAPNote'>
2025-05-26 10:30:14,269 - ERROR - Error extracting features for note ID 1: dictionary update sequence element #0 has length 1; 2 is required
2025-05-26 10:30:20,573 - WARNING - UMLS API returned status 401 for term 'patient complains of headache the headache started three days ago. the headache is associated with fevers and chills'
2025-05-26 10:30:25,794 - WARNING - UMLS API returned status 401 for term 'nausea and vomiting and loss of appetite the patient has jaundice in the eyes taking foods with fats makes the nausea worse taking strong tea and licking salt alleviates the nausea'
2025-05-26 10:30:37,880 - WARNING - UMLS API returned status 401 for term 'patient presents with facial pain'
2025-05-26 10:30:44,792 - WARNING - UMLS API returned status 401 for term 'and fever for 10 days. reports purulent nasal discharge. facial pain over maxillary sinuses'
2025-05-26 10:30:50,781 - WARNING - UMLS API returned status 401 for term 'bilateral nasal congestion'
2025-05-26 10:30:55,903 - WARNING - UMLS API returned status 401 for term 'back pain for two weeks the patient reports backpain for three weeks on assessment'
2025-05-26 10:31:01,534 - WARNING - UMLS API returned status 401 for term 'the patient is obese the backpain is made worse by sitting down for long the pain is alleviated by standing and stretching'
2025-05-26 10:31:06,759 - WARNING - UMLS API returned status 401 for term 'and purulent nasal discharge for 10 days. low-grade fever (up to 100.5°f). no sore throat or hearing loss. pulmonary: no cough or shortness of breath. cardiovascular: no chest pain or palpitations. neurological: mild headache associated with sinus pain'
2025-05-26 10:31:11,879 - WARNING - UMLS API returned status 401 for term 'no dizziness. musculoskeletal: no joint pain or stiffness. gastrointestinal: no nausea or diarrhea. genitourinary: no urinary changes. endocrine: no weight changes or thirst. hematologic: no easy bruising or bleeding. dermatologic: no rashes or lesions. psychiatric: no mood changes. ophthalmologic: no vision changes. primary assessment: symptoms consistent with acute bacterial sinusitis'
2025-05-26 10:31:16,897 - WARNING - UMLS API returned status 401 for term 'likely secondary to recent viral upper respiratory infection. differential includes viral sinusitis or allergic rhinitis. other systems: neurological: headache likely related to sinusitis. endocrine: stable diabetes. cardiovascular: stable hypertension. no acute abnormalities in pulmonary'
2025-05-26 10:32:51,488 - ERROR - Failed to initialize NLP pipeline: [E893] Could not find function 'replace_tokenizer' in function registry 'callbacks'. If you're using a custom function, make sure the code is available. If the function is provided by a third-party package, e.g. spacy-transformers, make sure the package is installed in your environment.

Available names: spacy.copy_from_base_model.v1, spacy.models_and_pipes_with_nvtx_range.v1, spacy.models_with_nvtx_range.v1
2025-05-26 10:32:52,428 - WARNING - Using fallback spacy pipeline without parser, ner, or linker
2025-05-26 10:33:19,410 - WARNING - UMLS API returned status 401 for term 'patient complains of headache the headache started three days ago. the headache is associated with fevers and chills'
2025-05-26 10:33:25,283 - WARNING - UMLS API returned status 401 for term 'nausea and vomiting and loss of appetite the patient has jaundice in the eyes taking foods with fats makes the nausea worse taking strong tea and licking salt alleviates the nausea'
2025-05-26 10:36:01,065 - WARNING - Diagnosis relevance weights for facial pain|nasal congestion|sinusitis|sinus pain|purulent nasal discharge do not sum to 1.0: 0
2025-05-26 10:36:01,066 - WARNING - Diagnosis relevance weights for cough do not sum to 1.0: 0
2025-05-26 10:36:01,066 - WARNING - Diagnosis relevance weights for headache|photophobia do not sum to 1.0: 0
2025-05-26 10:36:01,067 - WARNING - Diagnosis relevance weights for chest pain|shortness of breath|chest tightness do not sum to 1.0: 0
2025-05-26 10:36:01,067 - WARNING - Diagnosis relevance weights for epigastric pain|nausea do not sum to 1.0: 0
2025-05-26 10:36:01,068 - WARNING - Diagnosis relevance weights for knee pain|swelling do not sum to 1.0: 0
2025-05-26 10:36:01,069 - WARNING - Diagnosis relevance weights for back pain|lower back pain|backache do not sum to 1.0: 0
2025-05-26 10:36:01,069 - WARNING - Diagnosis relevance weights for fever|chills do not sum to 1.0: 0
2025-05-26 10:36:01,069 - WARNING - Diagnosis relevance weights for fatigue|obesity do not sum to 1.0: 0
2025-05-26 10:36:01,070 - WARNING - Diagnosis angina relevance weights do not sum to 1.0: 0.8
2025-05-26 10:36:01,129 - ERROR - Invalid JSON in /home/mathu/projects/hospital/departments/nlp/knowledge_base/medical_terms.json: Expecting value: line 7 column 12 (char 143). Using default data.
2025-05-26 10:36:01,246 - ERROR - Failed to create MongoDB indexes: An existing index has the same name as the requested index. When index names are not specified, they are auto generated and can cause conflicts. Please refer to our documentation. Requested index: { v: 2, unique: true, key: { term: 1 }, name: "term_1" }, existing index: { v: 2, key: { term: 1 }, name: "term_1" }, full error: {'ok': 0.0, 'errmsg': 'An existing index has the same name as the requested index. When index names are not specified, they are auto generated and can cause conflicts. Please refer to our documentation. Requested index: { v: 2, unique: true, key: { term: 1 }, name: "term_1" }, existing index: { v: 2, key: { term: 1 }, name: "term_1" }', 'code': 86, 'codeName': 'IndexKeySpecsConflict'}
2025-05-26 10:36:09,315 - WARNING - UMLS API returned status 401 for term 'patient presents with facial pain'
2025-05-26 10:36:12,273 - ERROR - Failed to create MongoDB indexes: An existing index has the same name as the requested index. When index names are not specified, they are auto generated and can cause conflicts. Please refer to our documentation. Requested index: { v: 2, unique: true, key: { term: 1 }, name: "term_1" }, existing index: { v: 2, key: { term: 1 }, name: "term_1" }, full error: {'ok': 0.0, 'errmsg': 'An existing index has the same name as the requested index. When index names are not specified, they are auto generated and can cause conflicts. Please refer to our documentation. Requested index: { v: 2, unique: true, key: { term: 1 }, name: "term_1" }, existing index: { v: 2, key: { term: 1 }, name: "term_1" }', 'code': 86, 'codeName': 'IndexKeySpecsConflict'}
2025-05-26 10:36:14,470 - WARNING - UMLS API returned status 401 for term 'and fever for 10 days. reports purulent nasal discharge. facial pain over maxillary sinuses'
2025-05-26 10:36:18,795 - WARNING - UMLS API returned status 401 for term 'patient complains of headache the headache started three days ago. the headache is associated with fevers and chills'
2025-05-26 10:36:19,567 - WARNING - UMLS API returned status 401 for term 'bilateral nasal congestion'
2025-05-26 10:36:24,352 - WARNING - UMLS API returned status 401 for term 'nausea and vomiting and loss of appetite the patient has jaundice in the eyes taking foods with fats makes the nausea worse taking strong tea and licking salt alleviates the nausea'
2025-05-26 10:36:25,058 - WARNING - UMLS API returned status 401 for term 'back pain for two weeks the patient reports backpain for three weeks on assessment'
2025-05-26 10:36:29,240 - WARNING - UMLS API returned status 401 for term 'patient presents with facial pain'
2025-05-26 10:36:29,788 - WARNING - UMLS API returned status 401 for term 'the patient is obese the backpain is made worse by sitting down for long the pain is alleviated by standing and stretching'
2025-05-26 10:36:33,855 - WARNING - UMLS API returned status 401 for term 'and fever for 10 days. reports purulent nasal discharge. facial pain over maxillary sinuses'
2025-05-26 10:36:34,235 - WARNING - UMLS API returned status 401 for term 'and purulent nasal discharge for 10 days. low-grade fever (up to 100.5°f). no sore throat or hearing loss. pulmonary: no cough or shortness of breath. cardiovascular: no chest pain or palpitations. neurological: mild headache associated with sinus pain'
2025-05-26 10:36:38,761 - WARNING - UMLS API returned status 401 for term 'bilateral nasal congestion'
2025-05-26 10:36:39,155 - WARNING - UMLS API returned status 401 for term 'no dizziness. musculoskeletal: no joint pain or stiffness. gastrointestinal: no nausea or diarrhea. genitourinary: no urinary changes. endocrine: no weight changes or thirst. hematologic: no easy bruising or bleeding. dermatologic: no rashes or lesions. psychiatric: no mood changes. ophthalmologic: no vision changes. primary assessment: symptoms consistent with acute bacterial sinusitis'
2025-05-26 10:36:43,249 - WARNING - UMLS API returned status 401 for term 'back pain for two weeks the patient reports backpain for three weeks on assessment'
2025-05-26 10:36:43,739 - WARNING - UMLS API returned status 401 for term 'likely secondary to recent viral upper respiratory infection. differential includes viral sinusitis or allergic rhinitis. other systems: neurological: headache likely related to sinusitis. endocrine: stable diabetes. cardiovascular: stable hypertension. no acute abnormalities in pulmonary'
2025-05-26 10:36:48,946 - WARNING - UMLS API returned status 401 for term 'the patient is obese the backpain is made worse by sitting down for long the pain is alleviated by standing and stretching'
2025-05-26 10:36:57,643 - WARNING - UMLS API returned status 401 for term 'and purulent nasal discharge for 10 days. low-grade fever (up to 100.5°f). no sore throat or hearing loss. pulmonary: no cough or shortness of breath. cardiovascular: no chest pain or palpitations. neurological: mild headache associated with sinus pain'
2025-05-26 10:37:02,892 - WARNING - UMLS API returned status 401 for term 'no dizziness. musculoskeletal: no joint pain or stiffness. gastrointestinal: no nausea or diarrhea. genitourinary: no urinary changes. endocrine: no weight changes or thirst. hematologic: no easy bruising or bleeding. dermatologic: no rashes or lesions. psychiatric: no mood changes. ophthalmologic: no vision changes. primary assessment: symptoms consistent with acute bacterial sinusitis'
2025-05-26 10:37:09,275 - WARNING - UMLS API returned status 401 for term 'likely secondary to recent viral upper respiratory infection. differential includes viral sinusitis or allergic rhinitis. other systems: neurological: headache likely related to sinusitis. endocrine: stable diabetes. cardiovascular: stable hypertension. no acute abnormalities in pulmonary'
2025-05-26 10:38:49,076 - ERROR - Failed to initialize NLP pipeline: [E893] Could not find function 'replace_tokenizer' in function registry 'callbacks'. If you're using a custom function, make sure the code is available. If the function is provided by a third-party package, e.g. spacy-transformers, make sure the package is installed in your environment.

Available names: spacy.copy_from_base_model.v1, spacy.models_and_pipes_with_nvtx_range.v1, spacy.models_with_nvtx_range.v1
2025-05-26 10:38:50,077 - WARNING - Using fallback spacy pipeline without parser, ner, or linker
2025-05-26 10:38:55,353 - WARNING - UMLS API returned status 401 for term 'patient complains of headache the headache started three days ago. the headache is associated with fevers and chills'
2025-05-26 10:39:01,922 - WARNING - UMLS API returned status 401 for term 'nausea and vomiting and loss of appetite the patient has jaundice in the eyes taking foods with fats makes the nausea worse taking strong tea and licking salt alleviates the nausea'
2025-05-26 10:39:06,431 - WARNING - UMLS API returned status 401 for term 'patient presents with facial pain'
2025-05-26 10:39:12,444 - WARNING - UMLS API returned status 401 for term 'and fever for 10 days. reports purulent nasal discharge. facial pain over maxillary sinuses'
2025-05-26 10:39:21,247 - WARNING - UMLS API returned status 401 for term 'bilateral nasal congestion'
2025-05-26 10:39:25,887 - WARNING - UMLS API returned status 401 for term 'back pain for two weeks the patient reports backpain for three weeks on assessment'
2025-05-26 10:39:30,370 - WARNING - UMLS API returned status 401 for term 'the patient is obese the backpain is made worse by sitting down for long the pain is alleviated by standing and stretching'
2025-05-26 10:39:34,970 - WARNING - UMLS API returned status 401 for term 'and purulent nasal discharge for 10 days. low-grade fever (up to 100.5°f). no sore throat or hearing loss. pulmonary: no cough or shortness of breath. cardiovascular: no chest pain or palpitations. neurological: mild headache associated with sinus pain'
2025-05-26 10:39:43,915 - WARNING - UMLS API returned status 401 for term 'no dizziness. musculoskeletal: no joint pain or stiffness. gastrointestinal: no nausea or diarrhea. genitourinary: no urinary changes. endocrine: no weight changes or thirst. hematologic: no easy bruising or bleeding. dermatologic: no rashes or lesions. psychiatric: no mood changes. ophthalmologic: no vision changes. primary assessment: symptoms consistent with acute bacterial sinusitis'
2025-05-26 10:39:48,929 - WARNING - UMLS API returned status 401 for term 'likely secondary to recent viral upper respiratory infection. differential includes viral sinusitis or allergic rhinitis. other systems: neurological: headache likely related to sinusitis. endocrine: stable diabetes. cardiovascular: stable hypertension. no acute abnormalities in pulmonary'
2025-05-26 10:41:34,057 - ERROR - Failed to initialize NLP pipeline: [E893] Could not find function 'replace_tokenizer' in function registry 'callbacks'. If you're using a custom function, make sure the code is available. If the function is provided by a third-party package, e.g. spacy-transformers, make sure the package is installed in your environment.

Available names: spacy.copy_from_base_model.v1, spacy.models_and_pipes_with_nvtx_range.v1, spacy.models_with_nvtx_range.v1
2025-05-26 10:41:34,721 - WARNING - Using fallback spacy pipeline without parser, ner, or linker
2025-05-26 10:41:34,722 - ERROR - Failed to add symptom rules: "[E001] No component 'medspacy_target_matcher' found in pipeline. Available names: ['sentencizer', 'tok2vec', 'tagger', 'attribute_ruler', 'lemmatizer', 'parser', 'ner']"
2025-05-26 10:41:34,808 - WARNING - No category mapping found for 'mood changes ophthalmologic no vision changes primary assessment symptoms consistent acute bacterial sinusitis likely secondary to recent viral upper respiratory infection differential includes viral sinusitis'. Defaulting to 'general'.
2025-05-26 10:41:34,814 - WARNING - No category mapping found for 'acute abnormalities in pulmonary musculoskeletal gi gu hematologic dermatologic psychiatric'. Defaulting to 'general'.
2025-05-26 10:41:34,821 - ERROR - Invalid text type for aggravating: <class 'departments.models.medicine.SOAPNote'>
2025-05-26 10:41:34,821 - ERROR - Error extracting features for note ID 1: dictionary update sequence element #0 has length 1; 2 is required
2025-05-26 10:41:34,872 - ERROR - Failed to create MongoDB indexes: An existing index has the same name as the requested index. When index names are not specified, they are auto generated and can cause conflicts. Please refer to our documentation. Requested index: { v: 2, unique: true, key: { term: 1 }, name: "term_1" }, existing index: { v: 2, key: { term: 1 }, name: "term_1" }, full error: {'ok': 0.0, 'errmsg': 'An existing index has the same name as the requested index. When index names are not specified, they are auto generated and can cause conflicts. Please refer to our documentation. Requested index: { v: 2, unique: true, key: { term: 1 }, name: "term_1" }, existing index: { v: 2, key: { term: 1 }, name: "term_1" }', 'code': 86, 'codeName': 'IndexKeySpecsConflict'}
2025-05-26 10:41:34,961 - ERROR - Failed to create MongoDB indexes: An existing index has the same name as the requested index. When index names are not specified, they are auto generated and can cause conflicts. Please refer to our documentation. Requested index: { v: 2, unique: true, key: { term: 1 }, name: "term_1" }, existing index: { v: 2, key: { term: 1 }, name: "term_1" }, full error: {'ok': 0.0, 'errmsg': 'An existing index has the same name as the requested index. When index names are not specified, they are auto generated and can cause conflicts. Please refer to our documentation. Requested index: { v: 2, unique: true, key: { term: 1 }, name: "term_1" }, existing index: { v: 2, key: { term: 1 }, name: "term_1" }', 'code': 86, 'codeName': 'IndexKeySpecsConflict'}
2025-05-26 10:41:40,653 - WARNING - UMLS API returned status 401 for term 'patient complains of headache the headache started three days ago. the headache is associated with fevers and chills'
2025-05-26 10:41:45,263 - WARNING - UMLS API returned status 401 for term 'nausea and vomiting and loss of appetite the patient has jaundice in the eyes taking foods with fats makes the nausea worse taking strong tea and licking salt alleviates the nausea'
2025-05-26 10:41:49,957 - WARNING - UMLS API returned status 401 for term 'patient presents with facial pain'
2025-05-26 10:41:54,581 - WARNING - UMLS API returned status 401 for term 'and fever for 10 days. reports purulent nasal discharge. facial pain over maxillary sinuses'
2025-05-26 10:41:59,385 - WARNING - UMLS API returned status 401 for term 'bilateral nasal congestion'
2025-05-26 10:42:03,980 - WARNING - UMLS API returned status 401 for term 'back pain for two weeks the patient reports backpain for three weeks on assessment'
2025-05-26 10:42:08,372 - WARNING - UMLS API returned status 401 for term 'the patient is obese the backpain is made worse by sitting down for long the pain is alleviated by standing and stretching'
2025-05-26 10:42:13,174 - WARNING - UMLS API returned status 401 for term 'and purulent nasal discharge for 10 days. low-grade fever (up to 100.5°f). no sore throat or hearing loss. pulmonary: no cough or shortness of breath. cardiovascular: no chest pain or palpitations. neurological: mild headache associated with sinus pain'
2025-05-26 10:42:17,874 - WARNING - UMLS API returned status 401 for term 'no dizziness. musculoskeletal: no joint pain or stiffness. gastrointestinal: no nausea or diarrhea. genitourinary: no urinary changes. endocrine: no weight changes or thirst. hematologic: no easy bruising or bleeding. dermatologic: no rashes or lesions. psychiatric: no mood changes. ophthalmologic: no vision changes. primary assessment: symptoms consistent with acute bacterial sinusitis'
2025-05-26 10:42:22,678 - WARNING - UMLS API returned status 401 for term 'likely secondary to recent viral upper respiratory infection. differential includes viral sinusitis or allergic rhinitis. other systems: neurological: headache likely related to sinusitis. endocrine: stable diabetes. cardiovascular: stable hypertension. no acute abnormalities in pulmonary'
2025-05-26 10:44:00,522 - ERROR - Failed to initialize NLP pipeline: [E893] Could not find function 'replace_tokenizer' in function registry 'callbacks'. If you're using a custom function, make sure the code is available. If the function is provided by a third-party package, e.g. spacy-transformers, make sure the package is installed in your environment.

Available names: spacy.copy_from_base_model.v1, spacy.models_and_pipes_with_nvtx_range.v1, spacy.models_with_nvtx_range.v1
2025-05-26 10:44:01,207 - WARNING - Using fallback spacy pipeline without parser, ner, or linker
2025-05-26 10:44:06,499 - WARNING - UMLS API returned status 401 for term 'patient complains of headache the headache started three days ago. the headache is associated with fevers and chills'
2025-05-26 10:44:11,309 - WARNING - UMLS API returned status 401 for term 'nausea and vomiting and loss of appetite the patient has jaundice in the eyes taking foods with fats makes the nausea worse taking strong tea and licking salt alleviates the nausea'
2025-05-26 10:44:16,060 - WARNING - UMLS API returned status 401 for term 'patient presents with facial pain'
2025-05-26 10:44:20,825 - WARNING - UMLS API returned status 401 for term 'and fever for 10 days. reports purulent nasal discharge. facial pain over maxillary sinuses'
2025-05-26 10:44:25,534 - WARNING - UMLS API returned status 401 for term 'bilateral nasal congestion'
2025-05-26 10:44:30,141 - WARNING - UMLS API returned status 401 for term 'back pain for two weeks the patient reports backpain for three weeks on assessment'
2025-05-26 10:44:34,986 - WARNING - UMLS API returned status 401 for term 'the patient is obese the backpain is made worse by sitting down for long the pain is alleviated by standing and stretching'
2025-05-26 10:44:39,658 - WARNING - UMLS API returned status 401 for term 'and purulent nasal discharge for 10 days. low-grade fever (up to 100.5°f). no sore throat or hearing loss. pulmonary: no cough or shortness of breath. cardiovascular: no chest pain or palpitations. neurological: mild headache associated with sinus pain'
2025-05-26 10:44:44,732 - WARNING - UMLS API returned status 401 for term 'no dizziness. musculoskeletal: no joint pain or stiffness. gastrointestinal: no nausea or diarrhea. genitourinary: no urinary changes. endocrine: no weight changes or thirst. hematologic: no easy bruising or bleeding. dermatologic: no rashes or lesions. psychiatric: no mood changes. ophthalmologic: no vision changes. primary assessment: symptoms consistent with acute bacterial sinusitis'
2025-05-26 10:44:49,688 - WARNING - UMLS API returned status 401 for term 'likely secondary to recent viral upper respiratory infection. differential includes viral sinusitis or allergic rhinitis. other systems: neurological: headache likely related to sinusitis. endocrine: stable diabetes. cardiovascular: stable hypertension. no acute abnormalities in pulmonary'
2025-05-26 10:46:24,595 - ERROR - Failed to initialize NLP pipeline: [E893] Could not find function 'replace_tokenizer' in function registry 'callbacks'. If you're using a custom function, make sure the code is available. If the function is provided by a third-party package, e.g. spacy-transformers, make sure the package is installed in your environment.

Available names: spacy.copy_from_base_model.v1, spacy.models_and_pipes_with_nvtx_range.v1, spacy.models_with_nvtx_range.v1
2025-05-26 10:46:25,658 - WARNING - Using fallback spacy pipeline without parser, ner, or linker
2025-05-26 10:46:25,658 - ERROR - Failed to add symptom rules: "[E001] No component 'medspacy_target_matcher' found in pipeline. Available names: ['sentencizer', 'tok2vec', 'tagger', 'attribute_ruler', 'lemmatizer', 'parser', 'ner']"
2025-05-26 10:46:25,707 - WARNING - No category mapping found for 'mood changes ophthalmologic no vision changes primary assessment symptoms consistent acute bacterial sinusitis likely secondary to recent viral upper respiratory infection differential includes viral sinusitis'. Defaulting to 'general'.
2025-05-26 10:46:25,713 - WARNING - No category mapping found for 'acute abnormalities in pulmonary musculoskeletal gi gu hematologic dermatologic psychiatric'. Defaulting to 'general'.
2025-05-26 10:46:25,719 - WARNING - Missing symptoms: ['patient presents with facial pain, nasal congestion, and fever for 10 days. reports purulent nasal discharge.']. Initiating knowledge base update.
2025-05-26 10:46:25,719 - ERROR - Invalid text type for aggravating: <class 'departments.models.medicine.SOAPNote'>
2025-05-26 10:46:25,720 - ERROR - Error extracting features for note ID 1: dictionary update sequence element #0 has length 1; 2 is required
2025-05-26 10:46:25,743 - ERROR - Failed to create MongoDB indexes: An existing index has the same name as the requested index. When index names are not specified, they are auto generated and can cause conflicts. Please refer to our documentation. Requested index: { v: 2, unique: true, key: { term: 1 }, name: "term_1" }, existing index: { v: 2, key: { term: 1 }, name: "term_1" }, full error: {'ok': 0.0, 'errmsg': 'An existing index has the same name as the requested index. When index names are not specified, they are auto generated and can cause conflicts. Please refer to our documentation. Requested index: { v: 2, unique: true, key: { term: 1 }, name: "term_1" }, existing index: { v: 2, key: { term: 1 }, name: "term_1" }', 'code': 86, 'codeName': 'IndexKeySpecsConflict'}
2025-05-26 10:46:25,770 - ERROR - Failed to create MongoDB indexes: An existing index has the same name as the requested index. When index names are not specified, they are auto generated and can cause conflicts. Please refer to our documentation. Requested index: { v: 2, unique: true, key: { term: 1 }, name: "term_1" }, existing index: { v: 2, key: { term: 1 }, name: "term_1" }, full error: {'ok': 0.0, 'errmsg': 'An existing index has the same name as the requested index. When index names are not specified, they are auto generated and can cause conflicts. Please refer to our documentation. Requested index: { v: 2, unique: true, key: { term: 1 }, name: "term_1" }, existing index: { v: 2, key: { term: 1 }, name: "term_1" }', 'code': 86, 'codeName': 'IndexKeySpecsConflict'}
2025-05-26 10:46:31,561 - WARNING - UMLS API returned status 401 for term 'patient complains of headache the headache started three days ago. the headache is associated with fevers and chills'
2025-05-26 10:46:36,290 - WARNING - UMLS API returned status 401 for term 'nausea and vomiting and loss of appetite the patient has jaundice in the eyes taking foods with fats makes the nausea worse taking strong tea and licking salt alleviates the nausea'
2025-05-26 10:46:41,415 - WARNING - UMLS API returned status 401 for term 'patient presents with facial pain'
2025-05-26 10:46:46,130 - WARNING - UMLS API returned status 401 for term 'and fever for 10 days. reports purulent nasal discharge. facial pain over maxillary sinuses'
2025-05-26 10:46:50,945 - WARNING - UMLS API returned status 401 for term 'bilateral nasal congestion'
2025-05-26 10:46:56,077 - WARNING - UMLS API returned status 401 for term 'back pain for two weeks the patient reports backpain for three weeks on assessment'
2025-05-26 10:47:01,162 - WARNING - UMLS API returned status 401 for term 'the patient is obese the backpain is made worse by sitting down for long the pain is alleviated by standing and stretching'
2025-05-26 10:47:05,803 - WARNING - UMLS API returned status 401 for term 'and purulent nasal discharge for 10 days. low-grade fever (up to 100.5°f). no sore throat or hearing loss. pulmonary: no cough or shortness of breath. cardiovascular: no chest pain or palpitations. neurological: mild headache associated with sinus pain'
2025-05-26 10:47:10,326 - WARNING - UMLS API returned status 401 for term 'no dizziness. musculoskeletal: no joint pain or stiffness. gastrointestinal: no nausea or diarrhea. genitourinary: no urinary changes. endocrine: no weight changes or thirst. hematologic: no easy bruising or bleeding. dermatologic: no rashes or lesions. psychiatric: no mood changes. ophthalmologic: no vision changes. primary assessment: symptoms consistent with acute bacterial sinusitis'
2025-05-26 10:47:14,910 - WARNING - UMLS API returned status 401 for term 'likely secondary to recent viral upper respiratory infection. differential includes viral sinusitis or allergic rhinitis. other systems: neurological: headache likely related to sinusitis. endocrine: stable diabetes. cardiovascular: stable hypertension. no acute abnormalities in pulmonary'
2025-05-26 10:48:54,629 - ERROR - Failed to initialize NLP pipeline: [E893] Could not find function 'replace_tokenizer' in function registry 'callbacks'. If you're using a custom function, make sure the code is available. If the function is provided by a third-party package, e.g. spacy-transformers, make sure the package is installed in your environment.

Available names: spacy.copy_from_base_model.v1, spacy.models_and_pipes_with_nvtx_range.v1, spacy.models_with_nvtx_range.v1
2025-05-26 10:48:55,922 - WARNING - Using fallback spacy pipeline without parser, ner, or linker
2025-05-26 10:49:02,282 - WARNING - UMLS API returned status 401 for term 'patient complains of headache the headache started three days ago. the headache is associated with fevers and chills'
2025-05-26 10:49:07,174 - WARNING - UMLS API returned status 401 for term 'nausea and vomiting and loss of appetite the patient has jaundice in the eyes taking foods with fats makes the nausea worse taking strong tea and licking salt alleviates the nausea'
2025-05-26 10:49:11,781 - WARNING - UMLS API returned status 401 for term 'patient presents with facial pain'
2025-05-26 10:49:16,388 - WARNING - UMLS API returned status 401 for term 'and fever for 10 days. reports purulent nasal discharge. facial pain over maxillary sinuses'
2025-05-26 10:49:21,000 - WARNING - UMLS API returned status 401 for term 'bilateral nasal congestion'
2025-05-26 10:49:25,709 - WARNING - UMLS API returned status 401 for term 'back pain for two weeks the patient reports backpain for three weeks on assessment'
2025-05-26 10:49:30,424 - WARNING - UMLS API returned status 401 for term 'the patient is obese the backpain is made worse by sitting down for long the pain is alleviated by standing and stretching'
2025-05-26 10:49:35,130 - WARNING - UMLS API returned status 401 for term 'and purulent nasal discharge for 10 days. low-grade fever (up to 100.5°f). no sore throat or hearing loss. pulmonary: no cough or shortness of breath. cardiovascular: no chest pain or palpitations. neurological: mild headache associated with sinus pain'
2025-05-26 10:49:39,738 - WARNING - UMLS API returned status 401 for term 'no dizziness. musculoskeletal: no joint pain or stiffness. gastrointestinal: no nausea or diarrhea. genitourinary: no urinary changes. endocrine: no weight changes or thirst. hematologic: no easy bruising or bleeding. dermatologic: no rashes or lesions. psychiatric: no mood changes. ophthalmologic: no vision changes. primary assessment: symptoms consistent with acute bacterial sinusitis'
2025-05-26 10:49:44,244 - WARNING - UMLS API returned status 401 for term 'likely secondary to recent viral upper respiratory infection. differential includes viral sinusitis or allergic rhinitis. other systems: neurological: headache likely related to sinusitis. endocrine: stable diabetes. cardiovascular: stable hypertension. no acute abnormalities in pulmonary'
2025-05-26 10:51:09,045 - WARNING - Diagnosis relevance weights for facial pain|nasal congestion|sinusitis|sinus pain|purulent nasal discharge do not sum to 1.0: 0
2025-05-26 10:51:09,046 - WARNING - Diagnosis relevance weights for cough do not sum to 1.0: 0
2025-05-26 10:51:09,046 - WARNING - Diagnosis relevance weights for headache|photophobia do not sum to 1.0: 0
2025-05-26 10:51:09,047 - WARNING - Diagnosis relevance weights for chest pain|shortness of breath|chest tightness do not sum to 1.0: 0
2025-05-26 10:51:09,047 - WARNING - Diagnosis relevance weights for epigastric pain|nausea do not sum to 1.0: 0
2025-05-26 10:51:09,048 - WARNING - Diagnosis relevance weights for knee pain|swelling do not sum to 1.0: 0
2025-05-26 10:51:09,048 - WARNING - Diagnosis relevance weights for back pain|lower back pain|backache do not sum to 1.0: 0
2025-05-26 10:51:09,049 - WARNING - Diagnosis relevance weights for fever|chills do not sum to 1.0: 0
2025-05-26 10:51:09,049 - WARNING - Diagnosis relevance weights for fatigue|obesity do not sum to 1.0: 0
2025-05-26 10:51:09,049 - WARNING - Diagnosis angina relevance weights do not sum to 1.0: 0.8
2025-05-26 10:51:09,139 - ERROR - Invalid JSON in /home/mathu/projects/hospital/departments/nlp/knowledge_base/medical_terms.json: Expecting value: line 7 column 12 (char 143). Using default data.
2025-05-26 10:51:09,199 - ERROR - Batch processing failed: 'KnowledgeBaseUpdater' object has no attribute '_connect_mongodb'
2025-05-26 10:51:17,100 - ERROR - Failed to initialize NLP pipeline: [E893] Could not find function 'replace_tokenizer' in function registry 'callbacks'. If you're using a custom function, make sure the code is available. If the function is provided by a third-party package, e.g. spacy-transformers, make sure the package is installed in your environment.

Available names: spacy.copy_from_base_model.v1, spacy.models_and_pipes_with_nvtx_range.v1, spacy.models_with_nvtx_range.v1
2025-05-26 10:51:17,964 - WARNING - Using fallback spacy pipeline without parser, ner, or linker
2025-05-26 10:51:17,965 - ERROR - Failed to add symptom rules: "[E001] No component 'medspacy_target_matcher' found in pipeline. Available names: ['sentencizer', 'tok2vec', 'tagger', 'attribute_ruler', 'lemmatizer', 'parser', 'ner']"
2025-05-26 10:51:17,981 - ERROR - Failed to create MongoDB indexes: An existing index has the same name as the requested index. When index names are not specified, they are auto generated and can cause conflicts. Please refer to our documentation. Requested index: { v: 2, unique: true, key: { term: 1 }, name: "term_1" }, existing index: { v: 2, key: { term: 1 }, name: "term_1" }, full error: {'ok': 0.0, 'errmsg': 'An existing index has the same name as the requested index. When index names are not specified, they are auto generated and can cause conflicts. Please refer to our documentation. Requested index: { v: 2, unique: true, key: { term: 1 }, name: "term_1" }, existing index: { v: 2, key: { term: 1 }, name: "term_1" }', 'code': 86, 'codeName': 'IndexKeySpecsConflict'}
2025-05-26 10:51:24,112 - WARNING - UMLS API returned status 401 for term 'patient complains of headache the headache started three days ago. the headache is associated with fevers and chills'
2025-05-26 10:51:28,723 - WARNING - UMLS API returned status 401 for term 'nausea and vomiting and loss of appetite the patient has jaundice in the eyes taking foods with fats makes the nausea worse taking strong tea and licking salt alleviates the nausea'
2025-05-26 10:51:33,948 - WARNING - UMLS API returned status 401 for term 'patient presents with facial pain'
2025-05-26 10:51:38,658 - WARNING - UMLS API returned status 401 for term 'and fever for 10 days. reports purulent nasal discharge. facial pain over maxillary sinuses'
2025-05-26 10:51:43,572 - WARNING - UMLS API returned status 401 for term 'bilateral nasal congestion'
2025-05-26 10:51:48,069 - WARNING - UMLS API returned status 401 for term 'back pain for two weeks the patient reports backpain for three weeks on assessment'
2025-05-26 10:51:52,688 - WARNING - UMLS API returned status 401 for term 'the patient is obese the backpain is made worse by sitting down for long the pain is alleviated by standing and stretching'
2025-05-26 10:51:57,202 - WARNING - UMLS API returned status 401 for term 'and purulent nasal discharge for 10 days. low-grade fever (up to 100.5°f). no sore throat or hearing loss. pulmonary: no cough or shortness of breath. cardiovascular: no chest pain or palpitations. neurological: mild headache associated with sinus pain'
2025-05-26 10:52:01,752 - WARNING - UMLS API returned status 401 for term 'no dizziness. musculoskeletal: no joint pain or stiffness. gastrointestinal: no nausea or diarrhea. genitourinary: no urinary changes. endocrine: no weight changes or thirst. hematologic: no easy bruising or bleeding. dermatologic: no rashes or lesions. psychiatric: no mood changes. ophthalmologic: no vision changes. primary assessment: symptoms consistent with acute bacterial sinusitis'
2025-05-26 10:52:03,624 - WARNING - Diagnosis relevance weights for facial pain|nasal congestion|sinusitis|sinus pain|purulent nasal discharge do not sum to 1.0: 0
2025-05-26 10:52:03,624 - WARNING - Diagnosis relevance weights for cough do not sum to 1.0: 0
2025-05-26 10:52:03,624 - WARNING - Diagnosis relevance weights for headache|photophobia do not sum to 1.0: 0
2025-05-26 10:52:03,625 - WARNING - Diagnosis relevance weights for chest pain|shortness of breath|chest tightness do not sum to 1.0: 0
2025-05-26 10:52:03,625 - WARNING - Diagnosis relevance weights for epigastric pain|nausea do not sum to 1.0: 0
2025-05-26 10:52:03,625 - WARNING - Diagnosis relevance weights for knee pain|swelling do not sum to 1.0: 0
2025-05-26 10:52:03,625 - WARNING - Diagnosis relevance weights for back pain|lower back pain|backache do not sum to 1.0: 0
2025-05-26 10:52:03,626 - WARNING - Diagnosis relevance weights for fever|chills do not sum to 1.0: 0
2025-05-26 10:52:03,626 - WARNING - Diagnosis relevance weights for fatigue|obesity do not sum to 1.0: 0
2025-05-26 10:52:03,626 - WARNING - Diagnosis angina relevance weights do not sum to 1.0: 0.8
2025-05-26 10:52:03,670 - ERROR - Invalid JSON in /home/mathu/projects/hospital/departments/nlp/knowledge_base/medical_terms.json: Expecting value: line 7 column 12 (char 143). Using default data.
2025-05-26 10:52:03,717 - ERROR - Batch processing failed: 'KnowledgeBaseUpdater' object has no attribute '_connect_mongodb'
2025-05-26 10:52:06,413 - WARNING - UMLS API returned status 401 for term 'likely secondary to recent viral upper respiratory infection. differential includes viral sinusitis or allergic rhinitis. other systems: neurological: headache likely related to sinusitis. endocrine: stable diabetes. cardiovascular: stable hypertension. no acute abnormalities in pulmonary'
2025-05-26 10:53:52,077 - ERROR - Failed to initialize NLP pipeline: [E893] Could not find function 'replace_tokenizer' in function registry 'callbacks'. If you're using a custom function, make sure the code is available. If the function is provided by a third-party package, e.g. spacy-transformers, make sure the package is installed in your environment.

Available names: spacy.copy_from_base_model.v1, spacy.models_and_pipes_with_nvtx_range.v1, spacy.models_with_nvtx_range.v1
2025-05-26 10:53:53,005 - WARNING - Using fallback spacy pipeline without parser, ner, or linker
2025-05-26 10:53:53,040 - WARNING - No category mapping found for 'mood changes ophthalmologic no vision changes primary assessment symptoms consistent acute bacterial sinusitis likely secondary to recent viral upper respiratory infection differential includes viral sinusitis'. Defaulting to 'general'.
2025-05-26 10:53:53,046 - WARNING - No category mapping found for 'acute abnormalities in pulmonary musculoskeletal gi gu hematologic dermatologic psychiatric'. Defaulting to 'general'.
2025-05-26 10:53:53,091 - WARNING - No category mapping found for 'mood changes ophthalmologic no vision changes primary assessment symptoms consistent acute bacterial sinusitis likely secondary to recent viral upper respiratory infection differential includes viral sinusitis'. Defaulting to 'general'.
2025-05-26 10:53:53,095 - WARNING - No category mapping found for 'acute abnormalities in pulmonary musculoskeletal gi gu hematologic dermatologic psychiatric'. Defaulting to 'general'.
2025-05-26 10:53:53,099 - ERROR - Invalid text type for aggravating: <class 'departments.models.medicine.SOAPNote'>
2025-05-26 10:53:53,099 - ERROR - Error extracting features for note ID 1: dictionary update sequence element #0 has length 1; 2 is required
2025-05-26 10:53:53,099 - WARNING - Empty text for embedding, skipping embedding-based scoring
2025-05-26 10:53:53,101 - ERROR - Error generating differentials: string indices must be integers, not 'str'
2025-05-26 10:53:53,120 - ERROR - Invalid text type for aggravating: <class 'departments.models.medicine.SOAPNote'>
2025-05-26 10:53:53,120 - ERROR - Error extracting features for note ID 2: dictionary update sequence element #0 has length 1; 2 is required
2025-05-26 10:53:53,141 - ERROR - Failed to create MongoDB indexes: An existing index has the same name as the requested index. When index names are not specified, they are auto generated and can cause conflicts. Please refer to our documentation. Requested index: { v: 2, unique: true, key: { term: 1 }, name: "term_1" }, existing index: { v: 2, key: { term: 1 }, name: "term_1" }, full error: {'ok': 0.0, 'errmsg': 'An existing index has the same name as the requested index. When index names are not specified, they are auto generated and can cause conflicts. Please refer to our documentation. Requested index: { v: 2, unique: true, key: { term: 1 }, name: "term_1" }, existing index: { v: 2, key: { term: 1 }, name: "term_1" }', 'code': 86, 'codeName': 'IndexKeySpecsConflict'}
2025-05-26 10:53:53,162 - ERROR - Failed to create MongoDB indexes: An existing index has the same name as the requested index. When index names are not specified, they are auto generated and can cause conflicts. Please refer to our documentation. Requested index: { v: 2, unique: true, key: { term: 1 }, name: "term_1" }, existing index: { v: 2, key: { term: 1 }, name: "term_1" }, full error: {'ok': 0.0, 'errmsg': 'An existing index has the same name as the requested index. When index names are not specified, they are auto generated and can cause conflicts. Please refer to our documentation. Requested index: { v: 2, unique: true, key: { term: 1 }, name: "term_1" }, existing index: { v: 2, key: { term: 1 }, name: "term_1" }', 'code': 86, 'codeName': 'IndexKeySpecsConflict'}
2025-05-26 10:53:58,759 - WARNING - UMLS API returned status 401 for term 'patient complains of headache the headache started three days ago. the headache is associated with fevers and chills'
2025-05-26 10:54:03,362 - WARNING - UMLS API returned status 401 for term 'nausea and vomiting and loss of appetite the patient has jaundice in the eyes taking foods with fats makes the nausea worse taking strong tea and licking salt alleviates the nausea'
2025-05-26 10:54:07,773 - WARNING - UMLS API returned status 401 for term 'patient presents with facial pain'
2025-05-26 10:54:12,296 - WARNING - UMLS API returned status 401 for term 'and fever for 10 days. reports purulent nasal discharge. facial pain over maxillary sinuses'
2025-05-26 10:54:16,781 - WARNING - UMLS API returned status 401 for term 'bilateral nasal congestion'
2025-05-26 10:54:21,594 - WARNING - UMLS API returned status 401 for term 'back pain for two weeks the patient reports backpain for three weeks on assessment'
2025-05-26 10:54:27,022 - WARNING - UMLS API returned status 401 for term 'the patient is obese the backpain is made worse by sitting down for long the pain is alleviated by standing and stretching'
2025-05-26 10:54:31,427 - WARNING - UMLS API returned status 401 for term 'and purulent nasal discharge for 10 days. low-grade fever (up to 100.5°f). no sore throat or hearing loss. pulmonary: no cough or shortness of breath. cardiovascular: no chest pain or palpitations. neurological: mild headache associated with sinus pain'
2025-05-26 10:54:36,033 - WARNING - UMLS API returned status 401 for term 'no dizziness. musculoskeletal: no joint pain or stiffness. gastrointestinal: no nausea or diarrhea. genitourinary: no urinary changes. endocrine: no weight changes or thirst. hematologic: no easy bruising or bleeding. dermatologic: no rashes or lesions. psychiatric: no mood changes. ophthalmologic: no vision changes. primary assessment: symptoms consistent with acute bacterial sinusitis'
2025-05-26 10:54:36,221 - WARNING - Diagnosis relevance weights for facial pain|nasal congestion|sinusitis|sinus pain|purulent nasal discharge do not sum to 1.0: 0
2025-05-26 10:54:36,222 - WARNING - Diagnosis relevance weights for cough do not sum to 1.0: 0
2025-05-26 10:54:36,222 - WARNING - Diagnosis relevance weights for headache|photophobia do not sum to 1.0: 0
2025-05-26 10:54:36,222 - WARNING - Diagnosis relevance weights for chest pain|shortness of breath|chest tightness do not sum to 1.0: 0
2025-05-26 10:54:36,222 - WARNING - Diagnosis relevance weights for epigastric pain|nausea do not sum to 1.0: 0
2025-05-26 10:54:36,223 - WARNING - Diagnosis relevance weights for knee pain|swelling do not sum to 1.0: 0
2025-05-26 10:54:36,223 - WARNING - Diagnosis relevance weights for back pain|lower back pain|backache do not sum to 1.0: 0
2025-05-26 10:54:36,223 - WARNING - Diagnosis relevance weights for fever|chills do not sum to 1.0: 0
2025-05-26 10:54:36,223 - WARNING - Diagnosis relevance weights for fatigue|obesity do not sum to 1.0: 0
2025-05-26 10:54:36,224 - WARNING - Diagnosis angina relevance weights do not sum to 1.0: 0.8
2025-05-26 10:54:36,266 - ERROR - Invalid JSON in /home/mathu/projects/hospital/departments/nlp/knowledge_base/medical_terms.json: Expecting value: line 7 column 12 (char 143). Using default data.
2025-05-26 10:54:36,299 - ERROR - Batch processing failed: 'KnowledgeBaseUpdater' object has no attribute '_connect_mongodb'
2025-05-26 10:54:40,747 - WARNING - UMLS API returned status 401 for term 'likely secondary to recent viral upper respiratory infection. differential includes viral sinusitis or allergic rhinitis. other systems: neurological: headache likely related to sinusitis. endocrine: stable diabetes. cardiovascular: stable hypertension. no acute abnormalities in pulmonary'
2025-05-26 10:56:23,861 - ERROR - Failed to initialize NLP pipeline: [E893] Could not find function 'replace_tokenizer' in function registry 'callbacks'. If you're using a custom function, make sure the code is available. If the function is provided by a third-party package, e.g. spacy-transformers, make sure the package is installed in your environment.

Available names: spacy.copy_from_base_model.v1, spacy.models_and_pipes_with_nvtx_range.v1, spacy.models_with_nvtx_range.v1
2025-05-26 10:56:24,642 - WARNING - Using fallback spacy pipeline without parser, ner, or linker
2025-05-26 10:56:30,023 - WARNING - UMLS API returned status 401 for term 'patient complains of headache the headache started three days ago. the headache is associated with fevers and chills'
2025-05-26 10:56:34,511 - WARNING - UMLS API returned status 401 for term 'nausea and vomiting and loss of appetite the patient has jaundice in the eyes taking foods with fats makes the nausea worse taking strong tea and licking salt alleviates the nausea'
2025-05-26 10:56:39,011 - WARNING - UMLS API returned status 401 for term 'patient presents with facial pain'
2025-05-26 10:56:43,334 - WARNING - UMLS API returned status 401 for term 'and fever for 10 days. reports purulent nasal discharge. facial pain over maxillary sinuses'
2025-05-26 10:56:47,512 - WARNING - UMLS API returned status 401 for term 'bilateral nasal congestion'
2025-05-26 10:56:52,015 - WARNING - UMLS API returned status 401 for term 'back pain for two weeks the patient reports backpain for three weeks on assessment'
2025-05-26 10:56:56,629 - WARNING - UMLS API returned status 401 for term 'the patient is obese the backpain is made worse by sitting down for long the pain is alleviated by standing and stretching'
2025-05-26 10:57:01,517 - WARNING - UMLS API returned status 401 for term 'and purulent nasal discharge for 10 days. low-grade fever (up to 100.5°f). no sore throat or hearing loss. pulmonary: no cough or shortness of breath. cardiovascular: no chest pain or palpitations. neurological: mild headache associated with sinus pain'
2025-05-26 10:57:06,969 - WARNING - UMLS API returned status 401 for term 'no dizziness. musculoskeletal: no joint pain or stiffness. gastrointestinal: no nausea or diarrhea. genitourinary: no urinary changes. endocrine: no weight changes or thirst. hematologic: no easy bruising or bleeding. dermatologic: no rashes or lesions. psychiatric: no mood changes. ophthalmologic: no vision changes. primary assessment: symptoms consistent with acute bacterial sinusitis'
2025-05-26 10:57:11,885 - WARNING - UMLS API returned status 401 for term 'likely secondary to recent viral upper respiratory infection. differential includes viral sinusitis or allergic rhinitis. other systems: neurological: headache likely related to sinusitis. endocrine: stable diabetes. cardiovascular: stable hypertension. no acute abnormalities in pulmonary'
2025-05-26 10:58:55,782 - ERROR - Failed to initialize NLP pipeline: [E893] Could not find function 'replace_tokenizer' in function registry 'callbacks'. If you're using a custom function, make sure the code is available. If the function is provided by a third-party package, e.g. spacy-transformers, make sure the package is installed in your environment.

Available names: spacy.copy_from_base_model.v1, spacy.models_and_pipes_with_nvtx_range.v1, spacy.models_with_nvtx_range.v1
2025-05-26 10:58:56,682 - WARNING - Using fallback spacy pipeline without parser, ner, or linker
2025-05-26 10:58:56,683 - ERROR - Failed to add symptom rules: "[E001] No component 'medspacy_target_matcher' found in pipeline. Available names: ['sentencizer', 'tok2vec', 'tagger', 'attribute_ruler', 'lemmatizer', 'parser', 'ner']"
2025-05-26 10:58:56,698 - ERROR - Invalid text type for aggravating: <class 'departments.models.medicine.SOAPNote'>
2025-05-26 10:58:56,698 - ERROR - Error extracting features for note ID 2: dictionary update sequence element #0 has length 1; 2 is required
2025-05-26 10:58:56,717 - ERROR - Failed to create MongoDB indexes: An existing index has the same name as the requested index. When index names are not specified, they are auto generated and can cause conflicts. Please refer to our documentation. Requested index: { v: 2, unique: true, key: { term: 1 }, name: "term_1" }, existing index: { v: 2, key: { term: 1 }, name: "term_1" }, full error: {'ok': 0.0, 'errmsg': 'An existing index has the same name as the requested index. When index names are not specified, they are auto generated and can cause conflicts. Please refer to our documentation. Requested index: { v: 2, unique: true, key: { term: 1 }, name: "term_1" }, existing index: { v: 2, key: { term: 1 }, name: "term_1" }', 'code': 86, 'codeName': 'IndexKeySpecsConflict'}
2025-05-26 10:58:56,736 - ERROR - Failed to create MongoDB indexes: An existing index has the same name as the requested index. When index names are not specified, they are auto generated and can cause conflicts. Please refer to our documentation. Requested index: { v: 2, unique: true, key: { term: 1 }, name: "term_1" }, existing index: { v: 2, key: { term: 1 }, name: "term_1" }, full error: {'ok': 0.0, 'errmsg': 'An existing index has the same name as the requested index. When index names are not specified, they are auto generated and can cause conflicts. Please refer to our documentation. Requested index: { v: 2, unique: true, key: { term: 1 }, name: "term_1" }, existing index: { v: 2, key: { term: 1 }, name: "term_1" }', 'code': 86, 'codeName': 'IndexKeySpecsConflict'}
2025-05-26 10:59:02,578 - WARNING - UMLS API returned status 401 for term 'patient complains of headache the headache started three days ago. the headache is associated with fevers and chills'
2025-05-26 10:59:07,291 - WARNING - UMLS API returned status 401 for term 'nausea and vomiting and loss of appetite the patient has jaundice in the eyes taking foods with fats makes the nausea worse taking strong tea and licking salt alleviates the nausea'
2025-05-26 10:59:11,903 - WARNING - UMLS API returned status 401 for term 'patient presents with facial pain'
2025-05-26 10:59:16,610 - WARNING - UMLS API returned status 401 for term 'and fever for 10 days. reports purulent nasal discharge. facial pain over maxillary sinuses'
2025-05-26 10:59:21,425 - WARNING - UMLS API returned status 401 for term 'bilateral nasal congestion'
2025-05-26 10:59:26,236 - WARNING - UMLS API returned status 401 for term 'back pain for two weeks the patient reports backpain for three weeks on assessment'
2025-05-26 10:59:30,946 - WARNING - UMLS API returned status 401 for term 'the patient is obese the backpain is made worse by sitting down for long the pain is alleviated by standing and stretching'
2025-05-26 10:59:35,453 - WARNING - UMLS API returned status 401 for term 'and purulent nasal discharge for 10 days. low-grade fever (up to 100.5°f). no sore throat or hearing loss. pulmonary: no cough or shortness of breath. cardiovascular: no chest pain or palpitations. neurological: mild headache associated with sinus pain'
2025-05-26 10:59:40,286 - WARNING - UMLS API returned status 401 for term 'no dizziness. musculoskeletal: no joint pain or stiffness. gastrointestinal: no nausea or diarrhea. genitourinary: no urinary changes. endocrine: no weight changes or thirst. hematologic: no easy bruising or bleeding. dermatologic: no rashes or lesions. psychiatric: no mood changes. ophthalmologic: no vision changes. primary assessment: symptoms consistent with acute bacterial sinusitis'
2025-05-26 10:59:44,873 - WARNING - UMLS API returned status 401 for term 'likely secondary to recent viral upper respiratory infection. differential includes viral sinusitis or allergic rhinitis. other systems: neurological: headache likely related to sinusitis. endocrine: stable diabetes. cardiovascular: stable hypertension. no acute abnormalities in pulmonary'
2025-05-26 11:01:20,600 - ERROR - Failed to initialize NLP pipeline: [E893] Could not find function 'replace_tokenizer' in function registry 'callbacks'. If you're using a custom function, make sure the code is available. If the function is provided by a third-party package, e.g. spacy-transformers, make sure the package is installed in your environment.

Available names: spacy.copy_from_base_model.v1, spacy.models_and_pipes_with_nvtx_range.v1, spacy.models_with_nvtx_range.v1
2025-05-26 11:01:21,279 - WARNING - Using fallback spacy pipeline without parser, ner, or linker
2025-05-26 11:01:26,762 - WARNING - UMLS API returned status 401 for term 'patient complains of headache the headache started three days ago. the headache is associated with fevers and chills'
2025-05-26 11:01:31,167 - WARNING - UMLS API returned status 401 for term 'nausea and vomiting and loss of appetite the patient has jaundice in the eyes taking foods with fats makes the nausea worse taking strong tea and licking salt alleviates the nausea'
2025-05-26 11:01:35,877 - WARNING - UMLS API returned status 401 for term 'patient presents with facial pain'
2025-05-26 11:01:40,895 - WARNING - UMLS API returned status 401 for term 'and fever for 10 days. reports purulent nasal discharge. facial pain over maxillary sinuses'
2025-05-26 11:01:45,654 - WARNING - UMLS API returned status 401 for term 'bilateral nasal congestion'
2025-05-26 11:01:50,622 - WARNING - UMLS API returned status 401 for term 'back pain for two weeks the patient reports backpain for three weeks on assessment'
2025-05-26 11:01:55,333 - WARNING - UMLS API returned status 401 for term 'the patient is obese the backpain is made worse by sitting down for long the pain is alleviated by standing and stretching'
2025-05-26 11:02:00,147 - WARNING - UMLS API returned status 401 for term 'and purulent nasal discharge for 10 days. low-grade fever (up to 100.5°f). no sore throat or hearing loss. pulmonary: no cough or shortness of breath. cardiovascular: no chest pain or palpitations. neurological: mild headache associated with sinus pain'
2025-05-26 11:02:04,758 - WARNING - UMLS API returned status 401 for term 'no dizziness. musculoskeletal: no joint pain or stiffness. gastrointestinal: no nausea or diarrhea. genitourinary: no urinary changes. endocrine: no weight changes or thirst. hematologic: no easy bruising or bleeding. dermatologic: no rashes or lesions. psychiatric: no mood changes. ophthalmologic: no vision changes. primary assessment: symptoms consistent with acute bacterial sinusitis'
2025-05-26 11:02:09,363 - WARNING - UMLS API returned status 401 for term 'likely secondary to recent viral upper respiratory infection. differential includes viral sinusitis or allergic rhinitis. other systems: neurological: headache likely related to sinusitis. endocrine: stable diabetes. cardiovascular: stable hypertension. no acute abnormalities in pulmonary'
2025-05-26 11:03:39,607 - ERROR - Failed to initialize NLP pipeline: [E893] Could not find function 'replace_tokenizer' in function registry 'callbacks'. If you're using a custom function, make sure the code is available. If the function is provided by a third-party package, e.g. spacy-transformers, make sure the package is installed in your environment.

Available names: spacy.copy_from_base_model.v1, spacy.models_and_pipes_with_nvtx_range.v1, spacy.models_with_nvtx_range.v1
2025-05-26 11:03:40,507 - WARNING - Using fallback spacy pipeline without parser, ner, or linker
2025-05-26 11:03:40,508 - ERROR - Failed to add symptom rules: "[E001] No component 'medspacy_target_matcher' found in pipeline. Available names: ['sentencizer', 'tok2vec', 'tagger', 'attribute_ruler', 'lemmatizer', 'parser', 'ner']"
2025-05-26 11:03:40,521 - ERROR - Failed to create MongoDB indexes: An existing index has the same name as the requested index. When index names are not specified, they are auto generated and can cause conflicts. Please refer to our documentation. Requested index: { v: 2, unique: true, key: { term: 1 }, name: "term_1" }, existing index: { v: 2, key: { term: 1 }, name: "term_1" }, full error: {'ok': 0.0, 'errmsg': 'An existing index has the same name as the requested index. When index names are not specified, they are auto generated and can cause conflicts. Please refer to our documentation. Requested index: { v: 2, unique: true, key: { term: 1 }, name: "term_1" }, existing index: { v: 2, key: { term: 1 }, name: "term_1" }', 'code': 86, 'codeName': 'IndexKeySpecsConflict'}
2025-05-26 11:03:46,540 - WARNING - UMLS API returned status 401 for term 'patient complains of headache the headache started three days ago. the headache is associated with fevers and chills'
2025-05-26 11:03:51,252 - WARNING - UMLS API returned status 401 for term 'nausea and vomiting and loss of appetite the patient has jaundice in the eyes taking foods with fats makes the nausea worse taking strong tea and licking salt alleviates the nausea'
2025-05-26 11:03:55,859 - WARNING - UMLS API returned status 401 for term 'patient presents with facial pain'
2025-05-26 11:04:00,468 - WARNING - UMLS API returned status 401 for term 'and fever for 10 days. reports purulent nasal discharge. facial pain over maxillary sinuses'
2025-05-26 11:04:05,161 - WARNING - UMLS API returned status 401 for term 'bilateral nasal congestion'
2025-05-26 11:04:09,888 - WARNING - UMLS API returned status 401 for term 'back pain for two weeks the patient reports backpain for three weeks on assessment'
2025-05-26 11:04:14,813 - WARNING - UMLS API returned status 401 for term 'the patient is obese the backpain is made worse by sitting down for long the pain is alleviated by standing and stretching'
2025-05-26 11:04:19,618 - WARNING - UMLS API returned status 401 for term 'and purulent nasal discharge for 10 days. low-grade fever (up to 100.5°f). no sore throat or hearing loss. pulmonary: no cough or shortness of breath. cardiovascular: no chest pain or palpitations. neurological: mild headache associated with sinus pain'
2025-05-26 11:04:24,329 - WARNING - UMLS API returned status 401 for term 'no dizziness. musculoskeletal: no joint pain or stiffness. gastrointestinal: no nausea or diarrhea. genitourinary: no urinary changes. endocrine: no weight changes or thirst. hematologic: no easy bruising or bleeding. dermatologic: no rashes or lesions. psychiatric: no mood changes. ophthalmologic: no vision changes. primary assessment: symptoms consistent with acute bacterial sinusitis'
2025-05-26 11:04:29,447 - WARNING - UMLS API returned status 401 for term 'likely secondary to recent viral upper respiratory infection. differential includes viral sinusitis or allergic rhinitis. other systems: neurological: headache likely related to sinusitis. endocrine: stable diabetes. cardiovascular: stable hypertension. no acute abnormalities in pulmonary'
2025-05-26 11:06:04,220 - ERROR - Failed to initialize NLP pipeline: [E893] Could not find function 'replace_tokenizer' in function registry 'callbacks'. If you're using a custom function, make sure the code is available. If the function is provided by a third-party package, e.g. spacy-transformers, make sure the package is installed in your environment.

Available names: spacy.copy_from_base_model.v1, spacy.models_and_pipes_with_nvtx_range.v1, spacy.models_with_nvtx_range.v1
2025-05-26 11:06:04,902 - WARNING - Using fallback spacy pipeline without parser, ner, or linker
2025-05-26 11:06:04,925 - ERROR - Invalid text type for aggravating: <class 'departments.models.medicine.SOAPNote'>
2025-05-26 11:06:04,926 - ERROR - Error extracting features for note ID 2: dictionary update sequence element #0 has length 1; 2 is required
2025-05-26 11:06:04,926 - WARNING - Empty text for embedding, skipping embedding-based scoring
2025-05-26 11:06:04,927 - ERROR - Error generating differentials: string indices must be integers, not 'str'
2025-05-26 11:06:04,947 - ERROR - Invalid text type for aggravating: <class 'departments.models.medicine.SOAPNote'>
2025-05-26 11:06:04,947 - ERROR - Error extracting features for note ID 3: dictionary update sequence element #0 has length 1; 2 is required
2025-05-26 11:06:04,970 - ERROR - Failed to create MongoDB indexes: An existing index has the same name as the requested index. When index names are not specified, they are auto generated and can cause conflicts. Please refer to our documentation. Requested index: { v: 2, unique: true, key: { term: 1 }, name: "term_1" }, existing index: { v: 2, key: { term: 1 }, name: "term_1" }, full error: {'ok': 0.0, 'errmsg': 'An existing index has the same name as the requested index. When index names are not specified, they are auto generated and can cause conflicts. Please refer to our documentation. Requested index: { v: 2, unique: true, key: { term: 1 }, name: "term_1" }, existing index: { v: 2, key: { term: 1 }, name: "term_1" }', 'code': 86, 'codeName': 'IndexKeySpecsConflict'}
2025-05-26 11:06:04,993 - ERROR - Failed to create MongoDB indexes: An existing index has the same name as the requested index. When index names are not specified, they are auto generated and can cause conflicts. Please refer to our documentation. Requested index: { v: 2, unique: true, key: { term: 1 }, name: "term_1" }, existing index: { v: 2, key: { term: 1 }, name: "term_1" }, full error: {'ok': 0.0, 'errmsg': 'An existing index has the same name as the requested index. When index names are not specified, they are auto generated and can cause conflicts. Please refer to our documentation. Requested index: { v: 2, unique: true, key: { term: 1 }, name: "term_1" }, existing index: { v: 2, key: { term: 1 }, name: "term_1" }', 'code': 86, 'codeName': 'IndexKeySpecsConflict'}
2025-05-26 11:06:10,823 - WARNING - UMLS API returned status 401 for term 'patient complains of headache the headache started three days ago. the headache is associated with fevers and chills'
2025-05-26 11:06:15,945 - WARNING - UMLS API returned status 401 for term 'nausea and vomiting and loss of appetite the patient has jaundice in the eyes taking foods with fats makes the nausea worse taking strong tea and licking salt alleviates the nausea'
2025-05-26 11:06:20,552 - WARNING - UMLS API returned status 401 for term 'patient presents with facial pain'
2025-05-26 11:06:25,569 - WARNING - UMLS API returned status 401 for term 'and fever for 10 days. reports purulent nasal discharge. facial pain over maxillary sinuses'
2025-05-26 11:06:30,279 - WARNING - UMLS API returned status 401 for term 'bilateral nasal congestion'
2025-05-26 11:06:35,194 - WARNING - UMLS API returned status 401 for term 'back pain for two weeks the patient reports backpain for three weeks on assessment'
2025-05-26 11:06:39,906 - WARNING - UMLS API returned status 401 for term 'the patient is obese the backpain is made worse by sitting down for long the pain is alleviated by standing and stretching'
2025-05-26 11:06:44,718 - WARNING - UMLS API returned status 401 for term 'and purulent nasal discharge for 10 days. low-grade fever (up to 100.5°f). no sore throat or hearing loss. pulmonary: no cough or shortness of breath. cardiovascular: no chest pain or palpitations. neurological: mild headache associated with sinus pain'
2025-05-26 11:06:49,531 - WARNING - UMLS API returned status 401 for term 'no dizziness. musculoskeletal: no joint pain or stiffness. gastrointestinal: no nausea or diarrhea. genitourinary: no urinary changes. endocrine: no weight changes or thirst. hematologic: no easy bruising or bleeding. dermatologic: no rashes or lesions. psychiatric: no mood changes. ophthalmologic: no vision changes. primary assessment: symptoms consistent with acute bacterial sinusitis'
2025-05-26 11:06:54,651 - WARNING - UMLS API returned status 401 for term 'likely secondary to recent viral upper respiratory infection. differential includes viral sinusitis or allergic rhinitis. other systems: neurological: headache likely related to sinusitis. endocrine: stable diabetes. cardiovascular: stable hypertension. no acute abnormalities in pulmonary'
2025-05-26 11:08:26,259 - ERROR - Failed to initialize NLP pipeline: [E893] Could not find function 'replace_tokenizer' in function registry 'callbacks'. If you're using a custom function, make sure the code is available. If the function is provided by a third-party package, e.g. spacy-transformers, make sure the package is installed in your environment.

Available names: spacy.copy_from_base_model.v1, spacy.models_and_pipes_with_nvtx_range.v1, spacy.models_with_nvtx_range.v1
2025-05-26 11:08:26,942 - WARNING - Using fallback spacy pipeline without parser, ner, or linker
2025-05-26 11:08:32,137 - WARNING - UMLS API returned status 401 for term 'patient complains of headache the headache started three days ago. the headache is associated with fevers and chills'
2025-05-26 11:08:36,642 - WARNING - UMLS API returned status 401 for term 'nausea and vomiting and loss of appetite the patient has jaundice in the eyes taking foods with fats makes the nausea worse taking strong tea and licking salt alleviates the nausea'
2025-05-26 11:08:41,456 - WARNING - UMLS API returned status 401 for term 'patient presents with facial pain'
2025-05-26 11:08:46,183 - WARNING - UMLS API returned status 401 for term 'and fever for 10 days. reports purulent nasal discharge. facial pain over maxillary sinuses'
2025-05-26 11:08:52,827 - WARNING - UMLS API returned status 401 for term 'bilateral nasal congestion'
2025-05-26 11:08:58,660 - WARNING - UMLS API returned status 401 for term 'back pain for two weeks the patient reports backpain for three weeks on assessment'
2025-05-26 11:09:03,575 - WARNING - UMLS API returned status 401 for term 'the patient is obese the backpain is made worse by sitting down for long the pain is alleviated by standing and stretching'
2025-05-26 11:09:08,490 - WARNING - UMLS API returned status 401 for term 'and purulent nasal discharge for 10 days. low-grade fever (up to 100.5°f). no sore throat or hearing loss. pulmonary: no cough or shortness of breath. cardiovascular: no chest pain or palpitations. neurological: mild headache associated with sinus pain'
2025-05-26 11:09:13,523 - WARNING - UMLS API returned status 401 for term 'no dizziness. musculoskeletal: no joint pain or stiffness. gastrointestinal: no nausea or diarrhea. genitourinary: no urinary changes. endocrine: no weight changes or thirst. hematologic: no easy bruising or bleeding. dermatologic: no rashes or lesions. psychiatric: no mood changes. ophthalmologic: no vision changes. primary assessment: symptoms consistent with acute bacterial sinusitis'
2025-05-26 11:09:18,428 - WARNING - UMLS API returned status 401 for term 'likely secondary to recent viral upper respiratory infection. differential includes viral sinusitis or allergic rhinitis. other systems: neurological: headache likely related to sinusitis. endocrine: stable diabetes. cardiovascular: stable hypertension. no acute abnormalities in pulmonary'
2025-05-26 11:10:50,115 - ERROR - Failed to initialize NLP pipeline: [E893] Could not find function 'replace_tokenizer' in function registry 'callbacks'. If you're using a custom function, make sure the code is available. If the function is provided by a third-party package, e.g. spacy-transformers, make sure the package is installed in your environment.

Available names: spacy.copy_from_base_model.v1, spacy.models_and_pipes_with_nvtx_range.v1, spacy.models_with_nvtx_range.v1
2025-05-26 11:10:50,987 - WARNING - Using fallback spacy pipeline without parser, ner, or linker
2025-05-26 11:10:50,987 - ERROR - Failed to add symptom rules: "[E001] No component 'medspacy_target_matcher' found in pipeline. Available names: ['sentencizer', 'tok2vec', 'tagger', 'attribute_ruler', 'lemmatizer', 'parser', 'ner']"
2025-05-26 11:10:51,005 - ERROR - Invalid text type for aggravating: <class 'departments.models.medicine.SOAPNote'>
2025-05-26 11:10:51,005 - ERROR - Error extracting features for note ID 3: dictionary update sequence element #0 has length 1; 2 is required
2025-05-26 11:10:51,026 - ERROR - Failed to create MongoDB indexes: An existing index has the same name as the requested index. When index names are not specified, they are auto generated and can cause conflicts. Please refer to our documentation. Requested index: { v: 2, unique: true, key: { term: 1 }, name: "term_1" }, existing index: { v: 2, key: { term: 1 }, name: "term_1" }, full error: {'ok': 0.0, 'errmsg': 'An existing index has the same name as the requested index. When index names are not specified, they are auto generated and can cause conflicts. Please refer to our documentation. Requested index: { v: 2, unique: true, key: { term: 1 }, name: "term_1" }, existing index: { v: 2, key: { term: 1 }, name: "term_1" }', 'code': 86, 'codeName': 'IndexKeySpecsConflict'}
2025-05-26 11:10:51,045 - ERROR - Failed to create MongoDB indexes: An existing index has the same name as the requested index. When index names are not specified, they are auto generated and can cause conflicts. Please refer to our documentation. Requested index: { v: 2, unique: true, key: { term: 1 }, name: "term_1" }, existing index: { v: 2, key: { term: 1 }, name: "term_1" }, full error: {'ok': 0.0, 'errmsg': 'An existing index has the same name as the requested index. When index names are not specified, they are auto generated and can cause conflicts. Please refer to our documentation. Requested index: { v: 2, unique: true, key: { term: 1 }, name: "term_1" }, existing index: { v: 2, key: { term: 1 }, name: "term_1" }', 'code': 86, 'codeName': 'IndexKeySpecsConflict'}
2025-05-26 11:10:56,728 - WARNING - UMLS API returned status 401 for term 'patient complains of headache the headache started three days ago. the headache is associated with fevers and chills'
2025-05-26 11:11:01,132 - WARNING - UMLS API returned status 401 for term 'nausea and vomiting and loss of appetite the patient has jaundice in the eyes taking foods with fats makes the nausea worse taking strong tea and licking salt alleviates the nausea'
2025-05-26 11:11:05,842 - WARNING - UMLS API returned status 401 for term 'patient presents with facial pain'
2025-05-26 11:11:10,553 - WARNING - UMLS API returned status 401 for term 'and fever for 10 days. reports purulent nasal discharge. facial pain over maxillary sinuses'
2025-05-26 11:11:22,363 - WARNING - UMLS API returned status 401 for term 'bilateral nasal congestion'
2025-05-26 11:11:27,027 - WARNING - UMLS API returned status 401 for term 'back pain for two weeks the patient reports backpain for three weeks on assessment'
2025-05-26 11:11:31,853 - WARNING - UMLS API returned status 401 for term 'the patient is obese the backpain is made worse by sitting down for long the pain is alleviated by standing and stretching'
2025-05-26 11:11:36,873 - WARNING - UMLS API returned status 401 for term 'and purulent nasal discharge for 10 days. low-grade fever (up to 100.5°f). no sore throat or hearing loss. pulmonary: no cough or shortness of breath. cardiovascular: no chest pain or palpitations. neurological: mild headache associated with sinus pain'
2025-05-26 11:11:41,991 - WARNING - UMLS API returned status 401 for term 'no dizziness. musculoskeletal: no joint pain or stiffness. gastrointestinal: no nausea or diarrhea. genitourinary: no urinary changes. endocrine: no weight changes or thirst. hematologic: no easy bruising or bleeding. dermatologic: no rashes or lesions. psychiatric: no mood changes. ophthalmologic: no vision changes. primary assessment: symptoms consistent with acute bacterial sinusitis'
2025-05-26 11:11:46,909 - WARNING - UMLS API returned status 401 for term 'likely secondary to recent viral upper respiratory infection. differential includes viral sinusitis or allergic rhinitis. other systems: neurological: headache likely related to sinusitis. endocrine: stable diabetes. cardiovascular: stable hypertension. no acute abnormalities in pulmonary'
2025-05-26 11:12:12,317 - WARNING - Diagnosis relevance weights for facial pain|nasal congestion|sinusitis|sinus pain|purulent nasal discharge do not sum to 1.0: 0
2025-05-26 11:12:12,317 - WARNING - Diagnosis relevance weights for cough do not sum to 1.0: 0
2025-05-26 11:12:12,317 - WARNING - Diagnosis relevance weights for headache|photophobia do not sum to 1.0: 0
2025-05-26 11:12:12,317 - WARNING - Diagnosis relevance weights for chest pain|shortness of breath|chest tightness do not sum to 1.0: 0
2025-05-26 11:12:12,318 - WARNING - Diagnosis relevance weights for epigastric pain|nausea do not sum to 1.0: 0
2025-05-26 11:12:12,318 - WARNING - Diagnosis relevance weights for knee pain|swelling do not sum to 1.0: 0
2025-05-26 11:12:12,318 - WARNING - Diagnosis relevance weights for back pain|lower back pain|backache do not sum to 1.0: 0
2025-05-26 11:12:12,318 - WARNING - Diagnosis relevance weights for fever|chills do not sum to 1.0: 0
2025-05-26 11:12:12,318 - WARNING - Diagnosis relevance weights for fatigue|obesity do not sum to 1.0: 0
2025-05-26 11:12:12,319 - WARNING - Diagnosis angina relevance weights do not sum to 1.0: 0.8
2025-05-26 11:12:12,352 - ERROR - Invalid JSON in /home/mathu/projects/hospital/departments/nlp/knowledge_base/medical_terms.json: Expecting value: line 7 column 12 (char 143). Using default data.
2025-05-26 11:12:12,381 - ERROR - Failed to create MongoDB indexes: An existing index has the same name as the requested index. When index names are not specified, they are auto generated and can cause conflicts. Please refer to our documentation. Requested index: { v: 2, unique: true, key: { term: 1 }, name: "term_1" }, existing index: { v: 2, key: { term: 1 }, name: "term_1" }, full error: {'ok': 0.0, 'errmsg': 'An existing index has the same name as the requested index. When index names are not specified, they are auto generated and can cause conflicts. Please refer to our documentation. Requested index: { v: 2, unique: true, key: { term: 1 }, name: "term_1" }, existing index: { v: 2, key: { term: 1 }, name: "term_1" }', 'code': 86, 'codeName': 'IndexKeySpecsConflict'}
2025-05-26 11:12:12,405 - ERROR - Failed to create MongoDB indexes: An existing index has the same name as the requested index. When index names are not specified, they are auto generated and can cause conflicts. Please refer to our documentation. Requested index: { v: 2, unique: true, key: { term: 1 }, name: "term_1" }, existing index: { v: 2, key: { term: 1 }, name: "term_1" }, full error: {'ok': 0.0, 'errmsg': 'An existing index has the same name as the requested index. When index names are not specified, they are auto generated and can cause conflicts. Please refer to our documentation. Requested index: { v: 2, unique: true, key: { term: 1 }, name: "term_1" }, existing index: { v: 2, key: { term: 1 }, name: "term_1" }', 'code': 86, 'codeName': 'IndexKeySpecsConflict'}
2025-05-26 11:12:18,032 - WARNING - UMLS API returned status 401 for term 'patient complains of headache the headache started three days ago. the headache is associated with fevers and chills'
2025-05-26 11:12:22,538 - WARNING - UMLS API returned status 401 for term 'nausea and vomiting and loss of appetite the patient has jaundice in the eyes taking foods with fats makes the nausea worse taking strong tea and licking salt alleviates the nausea'
2025-05-26 11:12:27,070 - WARNING - UMLS API returned status 401 for term 'patient presents with facial pain'
2025-05-26 11:12:31,652 - WARNING - UMLS API returned status 401 for term 'and fever for 10 days. reports purulent nasal discharge. facial pain over maxillary sinuses'
2025-05-26 11:12:36,055 - WARNING - UMLS API returned status 401 for term 'bilateral nasal congestion'
2025-05-26 11:12:41,482 - WARNING - UMLS API returned status 401 for term 'back pain for two weeks the patient reports backpain for three weeks on assessment'
2025-05-26 11:12:46,296 - WARNING - UMLS API returned status 401 for term 'the patient is obese the backpain is made worse by sitting down for long the pain is alleviated by standing and stretching'
2025-05-26 11:12:51,210 - WARNING - UMLS API returned status 401 for term 'and purulent nasal discharge for 10 days. low-grade fever (up to 100.5°f). no sore throat or hearing loss. pulmonary: no cough or shortness of breath. cardiovascular: no chest pain or palpitations. neurological: mild headache associated with sinus pain'
2025-05-26 11:12:55,613 - WARNING - UMLS API returned status 401 for term 'no dizziness. musculoskeletal: no joint pain or stiffness. gastrointestinal: no nausea or diarrhea. genitourinary: no urinary changes. endocrine: no weight changes or thirst. hematologic: no easy bruising or bleeding. dermatologic: no rashes or lesions. psychiatric: no mood changes. ophthalmologic: no vision changes. primary assessment: symptoms consistent with acute bacterial sinusitis'
2025-05-26 11:13:00,427 - WARNING - UMLS API returned status 401 for term 'likely secondary to recent viral upper respiratory infection. differential includes viral sinusitis or allergic rhinitis. other systems: neurological: headache likely related to sinusitis. endocrine: stable diabetes. cardiovascular: stable hypertension. no acute abnormalities in pulmonary'
2025-05-26 11:13:30,793 - ERROR - Failed to initialize NLP pipeline: [E893] Could not find function 'replace_tokenizer' in function registry 'callbacks'. If you're using a custom function, make sure the code is available. If the function is provided by a third-party package, e.g. spacy-transformers, make sure the package is installed in your environment.

Available names: spacy.copy_from_base_model.v1, spacy.models_and_pipes_with_nvtx_range.v1, spacy.models_with_nvtx_range.v1
2025-05-26 11:13:32,132 - WARNING - Using fallback spacy pipeline without parser, ner, or linker
2025-05-26 11:13:38,215 - WARNING - UMLS API returned status 401 for term 'patient complains of headache the headache started three days ago. the headache is associated with fevers and chills'
2025-05-26 11:13:42,822 - WARNING - UMLS API returned status 401 for term 'nausea and vomiting and loss of appetite the patient has jaundice in the eyes taking foods with fats makes the nausea worse taking strong tea and licking salt alleviates the nausea'
2025-05-26 11:13:47,602 - WARNING - UMLS API returned status 401 for term 'patient presents with facial pain'
2025-05-26 11:13:54,085 - WARNING - UMLS API returned status 401 for term 'and fever for 10 days. reports purulent nasal discharge. facial pain over maxillary sinuses'
2025-05-26 11:13:59,002 - WARNING - UMLS API returned status 401 for term 'bilateral nasal congestion'
2025-05-26 11:14:03,635 - WARNING - UMLS API returned status 401 for term 'back pain for two weeks the patient reports backpain for three weeks on assessment'
2025-05-26 11:14:08,115 - WARNING - UMLS API returned status 401 for term 'the patient is obese the backpain is made worse by sitting down for long the pain is alleviated by standing and stretching'
2025-05-26 11:14:12,620 - WARNING - UMLS API returned status 401 for term 'and purulent nasal discharge for 10 days. low-grade fever (up to 100.5°f). no sore throat or hearing loss. pulmonary: no cough or shortness of breath. cardiovascular: no chest pain or palpitations. neurological: mild headache associated with sinus pain'
2025-05-26 11:14:17,433 - WARNING - UMLS API returned status 401 for term 'no dizziness. musculoskeletal: no joint pain or stiffness. gastrointestinal: no nausea or diarrhea. genitourinary: no urinary changes. endocrine: no weight changes or thirst. hematologic: no easy bruising or bleeding. dermatologic: no rashes or lesions. psychiatric: no mood changes. ophthalmologic: no vision changes. primary assessment: symptoms consistent with acute bacterial sinusitis'
2025-05-26 11:14:22,248 - WARNING - UMLS API returned status 401 for term 'likely secondary to recent viral upper respiratory infection. differential includes viral sinusitis or allergic rhinitis. other systems: neurological: headache likely related to sinusitis. endocrine: stable diabetes. cardiovascular: stable hypertension. no acute abnormalities in pulmonary'
2025-05-26 11:14:37,392 - ERROR - Failed to initialize NLP pipeline: [E893] Could not find function 'replace_tokenizer' in function registry 'callbacks'. If you're using a custom function, make sure the code is available. If the function is provided by a third-party package, e.g. spacy-transformers, make sure the package is installed in your environment.

Available names: spacy.copy_from_base_model.v1, spacy.models_and_pipes_with_nvtx_range.v1, spacy.models_with_nvtx_range.v1
2025-05-26 11:14:38,443 - WARNING - Using fallback spacy pipeline without parser, ner, or linker
2025-05-26 11:14:44,467 - WARNING - UMLS API returned status 401 for term 'patient complains of headache the headache started three days ago. the headache is associated with fevers and chills'
2025-05-26 11:14:48,972 - WARNING - UMLS API returned status 401 for term 'nausea and vomiting and loss of appetite the patient has jaundice in the eyes taking foods with fats makes the nausea worse taking strong tea and licking salt alleviates the nausea'
2025-05-26 11:14:53,376 - WARNING - UMLS API returned status 401 for term 'patient presents with facial pain'
2025-05-26 11:14:57,882 - WARNING - UMLS API returned status 401 for term 'and fever for 10 days. reports purulent nasal discharge. facial pain over maxillary sinuses'
2025-05-26 11:15:02,500 - WARNING - UMLS API returned status 401 for term 'bilateral nasal congestion'
2025-05-26 11:15:06,968 - WARNING - UMLS API returned status 401 for term 'back pain for two weeks the patient reports backpain for three weeks on assessment'
2025-05-26 11:15:11,706 - WARNING - UMLS API returned status 401 for term 'the patient is obese the backpain is made worse by sitting down for long the pain is alleviated by standing and stretching'
2025-05-26 11:15:16,520 - WARNING - UMLS API returned status 401 for term 'and purulent nasal discharge for 10 days. low-grade fever (up to 100.5°f). no sore throat or hearing loss. pulmonary: no cough or shortness of breath. cardiovascular: no chest pain or palpitations. neurological: mild headache associated with sinus pain'
2025-05-26 11:15:21,127 - WARNING - UMLS API returned status 401 for term 'no dizziness. musculoskeletal: no joint pain or stiffness. gastrointestinal: no nausea or diarrhea. genitourinary: no urinary changes. endocrine: no weight changes or thirst. hematologic: no easy bruising or bleeding. dermatologic: no rashes or lesions. psychiatric: no mood changes. ophthalmologic: no vision changes. primary assessment: symptoms consistent with acute bacterial sinusitis'
2025-05-26 11:15:25,531 - WARNING - UMLS API returned status 401 for term 'likely secondary to recent viral upper respiratory infection. differential includes viral sinusitis or allergic rhinitis. other systems: neurological: headache likely related to sinusitis. endocrine: stable diabetes. cardiovascular: stable hypertension. no acute abnormalities in pulmonary'
2025-05-26 11:16:07,628 - ERROR - Failed to initialize NLP pipeline: [E893] Could not find function 'replace_tokenizer' in function registry 'callbacks'. If you're using a custom function, make sure the code is available. If the function is provided by a third-party package, e.g. spacy-transformers, make sure the package is installed in your environment.

Available names: spacy.copy_from_base_model.v1, spacy.models_and_pipes_with_nvtx_range.v1, spacy.models_with_nvtx_range.v1
2025-05-26 11:16:08,850 - WARNING - Using fallback spacy pipeline without parser, ner, or linker
2025-05-26 11:16:08,851 - ERROR - Failed to add symptom rules: "[E001] No component 'medspacy_target_matcher' found in pipeline. Available names: ['sentencizer', 'tok2vec', 'tagger', 'attribute_ruler', 'lemmatizer', 'parser', 'ner']"
2025-05-26 11:16:08,871 - ERROR - Failed to create MongoDB indexes: An existing index has the same name as the requested index. When index names are not specified, they are auto generated and can cause conflicts. Please refer to our documentation. Requested index: { v: 2, unique: true, key: { term: 1 }, name: "term_1" }, existing index: { v: 2, key: { term: 1 }, name: "term_1" }, full error: {'ok': 0.0, 'errmsg': 'An existing index has the same name as the requested index. When index names are not specified, they are auto generated and can cause conflicts. Please refer to our documentation. Requested index: { v: 2, unique: true, key: { term: 1 }, name: "term_1" }, existing index: { v: 2, key: { term: 1 }, name: "term_1" }', 'code': 86, 'codeName': 'IndexKeySpecsConflict'}
2025-05-26 11:16:14,580 - WARNING - UMLS API returned status 401 for term 'patient complains of headache the headache started three days ago. the headache is associated with fevers and chills'
2025-05-26 11:16:19,189 - WARNING - UMLS API returned status 401 for term 'nausea and vomiting and loss of appetite the patient has jaundice in the eyes taking foods with fats makes the nausea worse taking strong tea and licking salt alleviates the nausea'
2025-05-26 11:16:23,694 - WARNING - UMLS API returned status 401 for term 'patient presents with facial pain'
2025-05-26 11:16:28,816 - WARNING - UMLS API returned status 401 for term 'and fever for 10 days. reports purulent nasal discharge. facial pain over maxillary sinuses'
2025-05-26 11:16:33,422 - WARNING - UMLS API returned status 401 for term 'bilateral nasal congestion'
2025-05-26 11:16:38,133 - WARNING - UMLS API returned status 401 for term 'back pain for two weeks the patient reports backpain for three weeks on assessment'
2025-05-26 11:16:43,151 - WARNING - UMLS API returned status 401 for term 'the patient is obese the backpain is made worse by sitting down for long the pain is alleviated by standing and stretching'
2025-05-26 11:16:47,863 - WARNING - UMLS API returned status 401 for term 'and purulent nasal discharge for 10 days. low-grade fever (up to 100.5°f). no sore throat or hearing loss. pulmonary: no cough or shortness of breath. cardiovascular: no chest pain or palpitations. neurological: mild headache associated with sinus pain'
2025-05-26 11:16:52,472 - WARNING - UMLS API returned status 401 for term 'no dizziness. musculoskeletal: no joint pain or stiffness. gastrointestinal: no nausea or diarrhea. genitourinary: no urinary changes. endocrine: no weight changes or thirst. hematologic: no easy bruising or bleeding. dermatologic: no rashes or lesions. psychiatric: no mood changes. ophthalmologic: no vision changes. primary assessment: symptoms consistent with acute bacterial sinusitis'
2025-05-26 11:16:57,591 - WARNING - UMLS API returned status 401 for term 'likely secondary to recent viral upper respiratory infection. differential includes viral sinusitis or allergic rhinitis. other systems: neurological: headache likely related to sinusitis. endocrine: stable diabetes. cardiovascular: stable hypertension. no acute abnormalities in pulmonary'
2025-05-26 11:17:59,849 - ERROR - Failed to initialize NLP pipeline: [E893] Could not find function 'replace_tokenizer' in function registry 'callbacks'. If you're using a custom function, make sure the code is available. If the function is provided by a third-party package, e.g. spacy-transformers, make sure the package is installed in your environment.

Available names: spacy.copy_from_base_model.v1, spacy.models_and_pipes_with_nvtx_range.v1, spacy.models_with_nvtx_range.v1
2025-05-26 11:18:01,603 - WARNING - Using fallback spacy pipeline without parser, ner, or linker
2025-05-26 11:18:01,604 - ERROR - Failed to add symptom rules: "[E001] No component 'medspacy_target_matcher' found in pipeline. Available names: ['sentencizer', 'tok2vec', 'tagger', 'attribute_ruler', 'lemmatizer', 'parser', 'ner']"
2025-05-26 11:18:02,086 - WARNING - No category mapping found for 'mood changes ophthalmologic no vision changes primary assessment symptoms consistent acute bacterial sinusitis likely secondary to recent viral upper respiratory infection differential includes viral sinusitis'. Defaulting to 'general'.
2025-05-26 11:18:02,094 - WARNING - No category mapping found for 'acute abnormalities in pulmonary musculoskeletal gi gu hematologic dermatologic psychiatric'. Defaulting to 'general'.
2025-05-26 11:18:02,103 - ERROR - Error extracting features for note ID 1: 'KnowledgeBaseUpdater' object has no attribute 'is_new_symptom'
2025-05-26 11:18:02,151 - ERROR - Failed to create MongoDB indexes: An existing index has the same name as the requested index. When index names are not specified, they are auto generated and can cause conflicts. Please refer to our documentation. Requested index: { v: 2, unique: true, key: { term: 1 }, name: "term_1" }, existing index: { v: 2, key: { term: 1 }, name: "term_1" }, full error: {'ok': 0.0, 'errmsg': 'An existing index has the same name as the requested index. When index names are not specified, they are auto generated and can cause conflicts. Please refer to our documentation. Requested index: { v: 2, unique: true, key: { term: 1 }, name: "term_1" }, existing index: { v: 2, key: { term: 1 }, name: "term_1" }', 'code': 86, 'codeName': 'IndexKeySpecsConflict'}
2025-05-26 11:18:02,196 - ERROR - Failed to create MongoDB indexes: An existing index has the same name as the requested index. When index names are not specified, they are auto generated and can cause conflicts. Please refer to our documentation. Requested index: { v: 2, unique: true, key: { term: 1 }, name: "term_1" }, existing index: { v: 2, key: { term: 1 }, name: "term_1" }, full error: {'ok': 0.0, 'errmsg': 'An existing index has the same name as the requested index. When index names are not specified, they are auto generated and can cause conflicts. Please refer to our documentation. Requested index: { v: 2, unique: true, key: { term: 1 }, name: "term_1" }, existing index: { v: 2, key: { term: 1 }, name: "term_1" }', 'code': 86, 'codeName': 'IndexKeySpecsConflict'}
2025-05-26 11:18:08,247 - WARNING - UMLS API returned status 401 for term 'patient complains of headache the headache started three days ago. the headache is associated with fevers and chills'
2025-05-26 11:18:13,133 - WARNING - UMLS API returned status 401 for term 'nausea and vomiting and loss of appetite the patient has jaundice in the eyes taking foods with fats makes the nausea worse taking strong tea and licking salt alleviates the nausea'
2025-05-26 11:18:17,977 - WARNING - UMLS API returned status 401 for term 'patient presents with facial pain'
2025-05-26 11:18:22,890 - WARNING - UMLS API returned status 401 for term 'and fever for 10 days. reports purulent nasal discharge. facial pain over maxillary sinuses'
2025-05-26 11:18:27,396 - WARNING - UMLS API returned status 401 for term 'bilateral nasal congestion'
2025-05-26 11:18:32,411 - WARNING - UMLS API returned status 401 for term 'back pain for two weeks the patient reports backpain for three weeks on assessment'
2025-05-26 11:18:37,124 - WARNING - UMLS API returned status 401 for term 'the patient is obese the backpain is made worse by sitting down for long the pain is alleviated by standing and stretching'
2025-05-26 11:18:41,629 - WARNING - UMLS API returned status 401 for term 'and purulent nasal discharge for 10 days. low-grade fever (up to 100.5°f). no sore throat or hearing loss. pulmonary: no cough or shortness of breath. cardiovascular: no chest pain or palpitations. neurological: mild headache associated with sinus pain'
2025-05-26 11:18:46,258 - WARNING - UMLS API returned status 401 for term 'no dizziness. musculoskeletal: no joint pain or stiffness. gastrointestinal: no nausea or diarrhea. genitourinary: no urinary changes. endocrine: no weight changes or thirst. hematologic: no easy bruising or bleeding. dermatologic: no rashes or lesions. psychiatric: no mood changes. ophthalmologic: no vision changes. primary assessment: symptoms consistent with acute bacterial sinusitis'
2025-05-26 11:18:50,948 - WARNING - UMLS API returned status 401 for term 'likely secondary to recent viral upper respiratory infection. differential includes viral sinusitis or allergic rhinitis. other systems: neurological: headache likely related to sinusitis. endocrine: stable diabetes. cardiovascular: stable hypertension. no acute abnormalities in pulmonary'
2025-05-26 11:19:10,858 - ERROR - Failed to initialize NLP pipeline: [E893] Could not find function 'replace_tokenizer' in function registry 'callbacks'. If you're using a custom function, make sure the code is available. If the function is provided by a third-party package, e.g. spacy-transformers, make sure the package is installed in your environment.

Available names: spacy.copy_from_base_model.v1, spacy.models_and_pipes_with_nvtx_range.v1, spacy.models_with_nvtx_range.v1
2025-05-26 11:19:12,477 - WARNING - Using fallback spacy pipeline without parser, ner, or linker
2025-05-26 11:19:12,604 - ERROR - Invalid text type for aggravating: <class 'departments.models.medicine.SOAPNote'>
2025-05-26 11:19:12,604 - ERROR - Error extracting features for note ID 3: dictionary update sequence element #0 has length 1; 2 is required
2025-05-26 11:19:12,604 - WARNING - Empty text for embedding, skipping embedding-based scoring
2025-05-26 11:19:12,606 - ERROR - Error generating differentials: string indices must be integers, not 'str'
2025-05-26 11:21:06,796 - ERROR - Failed to initialize NLP pipeline: [E893] Could not find function 'replace_tokenizer' in function registry 'callbacks'. If you're using a custom function, make sure the code is available. If the function is provided by a third-party package, e.g. spacy-transformers, make sure the package is installed in your environment.

Available names: spacy.copy_from_base_model.v1, spacy.models_and_pipes_with_nvtx_range.v1, spacy.models_with_nvtx_range.v1
2025-05-26 11:21:07,920 - WARNING - Using fallback spacy pipeline without parser, ner, or linker
2025-05-26 11:21:14,011 - WARNING - UMLS API returned status 401 for term 'patient complains of headache the headache started three days ago. the headache is associated with fevers and chills'
2025-05-26 11:21:19,025 - WARNING - UMLS API returned status 401 for term 'nausea and vomiting and loss of appetite the patient has jaundice in the eyes taking foods with fats makes the nausea worse taking strong tea and licking salt alleviates the nausea'
2025-05-26 11:21:33,872 - WARNING - UMLS API returned status 401 for term 'patient presents with facial pain'
2025-05-26 11:21:38,480 - WARNING - UMLS API returned status 401 for term 'and fever for 10 days. reports purulent nasal discharge. facial pain over maxillary sinuses'
2025-05-26 11:21:43,293 - WARNING - UMLS API returned status 401 for term 'bilateral nasal congestion'
2025-05-26 11:21:48,005 - WARNING - UMLS API returned status 401 for term 'back pain for two weeks the patient reports backpain for three weeks on assessment'
2025-05-26 11:21:52,920 - WARNING - UMLS API returned status 401 for term 'the patient is obese the backpain is made worse by sitting down for long the pain is alleviated by standing and stretching'
2025-05-26 11:21:58,238 - WARNING - UMLS API returned status 401 for term 'and purulent nasal discharge for 10 days. low-grade fever (up to 100.5°f). no sore throat or hearing loss. pulmonary: no cough or shortness of breath. cardiovascular: no chest pain or palpitations. neurological: mild headache associated with sinus pain'
2025-05-26 11:22:02,854 - WARNING - UMLS API returned status 401 for term 'no dizziness. musculoskeletal: no joint pain or stiffness. gastrointestinal: no nausea or diarrhea. genitourinary: no urinary changes. endocrine: no weight changes or thirst. hematologic: no easy bruising or bleeding. dermatologic: no rashes or lesions. psychiatric: no mood changes. ophthalmologic: no vision changes. primary assessment: symptoms consistent with acute bacterial sinusitis'
2025-05-26 11:22:07,462 - WARNING - UMLS API returned status 401 for term 'likely secondary to recent viral upper respiratory infection. differential includes viral sinusitis or allergic rhinitis. other systems: neurological: headache likely related to sinusitis. endocrine: stable diabetes. cardiovascular: stable hypertension. no acute abnormalities in pulmonary'
2025-05-26 11:23:58,740 - ERROR - Failed to initialize NLP pipeline: [E893] Could not find function 'replace_tokenizer' in function registry 'callbacks'. If you're using a custom function, make sure the code is available. If the function is provided by a third-party package, e.g. spacy-transformers, make sure the package is installed in your environment.

Available names: spacy.copy_from_base_model.v1, spacy.models_and_pipes_with_nvtx_range.v1, spacy.models_with_nvtx_range.v1
2025-05-26 11:24:00,523 - WARNING - Using fallback spacy pipeline without parser, ner, or linker
2025-05-26 11:24:00,523 - ERROR - Failed to add symptom rules: "[E001] No component 'medspacy_target_matcher' found in pipeline. Available names: ['sentencizer', 'tok2vec', 'tagger', 'attribute_ruler', 'lemmatizer', 'parser', 'ner']"
2025-05-26 11:24:00,592 - WARNING - No category mapping found for 'mood changes ophthalmologic no vision changes primary assessment symptoms consistent acute bacterial sinusitis likely secondary to recent viral upper respiratory infection differential includes viral sinusitis'. Defaulting to 'general'.
2025-05-26 11:24:00,599 - WARNING - No category mapping found for 'acute abnormalities in pulmonary musculoskeletal gi gu hematologic dermatologic psychiatric'. Defaulting to 'general'.
2025-05-26 11:24:00,607 - WARNING - Missing symptoms: ['patient presents with facial pain, nasal congestion, and fever for 10 days. reports purulent nasal discharge.']. Initiating knowledge base update.
2025-05-26 11:24:00,608 - ERROR - Error extracting features for note ID 1: 'KnowledgeBaseUpdater' object has no attribute 'is_new_symptom'
2025-05-26 11:24:00,654 - ERROR - Failed to create MongoDB indexes: An existing index has the same name as the requested index. When index names are not specified, they are auto generated and can cause conflicts. Please refer to our documentation. Requested index: { v: 2, unique: true, key: { term: 1 }, name: "term_1" }, existing index: { v: 2, key: { term: 1 }, name: "term_1" }, full error: {'ok': 0.0, 'errmsg': 'An existing index has the same name as the requested index. When index names are not specified, they are auto generated and can cause conflicts. Please refer to our documentation. Requested index: { v: 2, unique: true, key: { term: 1 }, name: "term_1" }, existing index: { v: 2, key: { term: 1 }, name: "term_1" }', 'code': 86, 'codeName': 'IndexKeySpecsConflict'}
2025-05-26 11:24:00,695 - ERROR - Failed to create MongoDB indexes: An existing index has the same name as the requested index. When index names are not specified, they are auto generated and can cause conflicts. Please refer to our documentation. Requested index: { v: 2, unique: true, key: { term: 1 }, name: "term_1" }, existing index: { v: 2, key: { term: 1 }, name: "term_1" }, full error: {'ok': 0.0, 'errmsg': 'An existing index has the same name as the requested index. When index names are not specified, they are auto generated and can cause conflicts. Please refer to our documentation. Requested index: { v: 2, unique: true, key: { term: 1 }, name: "term_1" }, existing index: { v: 2, key: { term: 1 }, name: "term_1" }', 'code': 86, 'codeName': 'IndexKeySpecsConflict'}
2025-05-26 11:24:49,053 - WARNING - UMLS API returned status 401 for term 'patient complains of headache the headache started three days ago. the headache is associated with fevers and chills'
2025-05-26 11:24:54,887 - WARNING - UMLS API returned status 401 for term 'nausea and vomiting and loss of appetite the patient has jaundice in the eyes taking foods with fats makes the nausea worse taking strong tea and licking salt alleviates the nausea'
2025-05-26 11:24:59,671 - WARNING - UMLS API returned status 401 for term 'patient presents with facial pain'
2025-05-26 11:25:04,632 - WARNING - UMLS API returned status 401 for term 'and fever for 10 days. reports purulent nasal discharge. facial pain over maxillary sinuses'
2025-05-26 11:25:09,727 - WARNING - UMLS API returned status 401 for term 'bilateral nasal congestion'
2025-05-26 11:25:14,548 - WARNING - UMLS API returned status 401 for term 'back pain for two weeks the patient reports backpain for three weeks on assessment'
2025-05-26 11:25:20,283 - WARNING - UMLS API returned status 401 for term 'the patient is obese the backpain is made worse by sitting down for long the pain is alleviated by standing and stretching'
2025-05-26 11:25:25,300 - WARNING - UMLS API returned status 401 for term 'and purulent nasal discharge for 10 days. low-grade fever (up to 100.5°f). no sore throat or hearing loss. pulmonary: no cough or shortness of breath. cardiovascular: no chest pain or palpitations. neurological: mild headache associated with sinus pain'
2025-05-26 11:25:30,320 - WARNING - UMLS API returned status 401 for term 'no dizziness. musculoskeletal: no joint pain or stiffness. gastrointestinal: no nausea or diarrhea. genitourinary: no urinary changes. endocrine: no weight changes or thirst. hematologic: no easy bruising or bleeding. dermatologic: no rashes or lesions. psychiatric: no mood changes. ophthalmologic: no vision changes. primary assessment: symptoms consistent with acute bacterial sinusitis'
2025-05-26 11:25:36,155 - WARNING - UMLS API returned status 401 for term 'likely secondary to recent viral upper respiratory infection. differential includes viral sinusitis or allergic rhinitis. other systems: neurological: headache likely related to sinusitis. endocrine: stable diabetes. cardiovascular: stable hypertension. no acute abnormalities in pulmonary'
2025-05-26 11:26:06,978 - WARNING - Failed to add scispacy_linker: HTTPSConnectionPool(host='s3-us-west-2.amazonaws.com', port=443): Max retries exceeded with url: /ai2-s2-scispacy/data/kbs/2023-04-23/umls_2022_ab_cat0129.jsonl (Caused by SSLError(SSLError(1, '[SSL: WRONG_VERSION_NUMBER] wrong version number (_ssl.c:1016)'))). Continuing without UMLS linking.
2025-05-26 11:26:09,531 - ERROR - Failed to initialize NLP pipeline: [E893] Could not find function 'replace_tokenizer' in function registry 'callbacks'. If you're using a custom function, make sure the code is available. If the function is provided by a third-party package, e.g. spacy-transformers, make sure the package is installed in your environment.

Available names: spacy.copy_from_base_model.v1, spacy.models_and_pipes_with_nvtx_range.v1, spacy.models_with_nvtx_range.v1
2025-05-26 11:26:10,199 - WARNING - Using fallback spacy pipeline without parser, ner, or linker
2025-05-26 11:26:15,888 - WARNING - UMLS API returned status 401 for term 'patient complains of headache the headache started three days ago. the headache is associated with fevers and chills'
2025-05-26 11:26:20,463 - WARNING - UMLS API returned status 401 for term 'nausea and vomiting and loss of appetite the patient has jaundice in the eyes taking foods with fats makes the nausea worse taking strong tea and licking salt alleviates the nausea'
2025-05-26 11:26:25,411 - WARNING - UMLS API returned status 401 for term 'patient presents with facial pain'
2025-05-26 11:26:29,777 - WARNING - UMLS API returned status 401 for term 'and fever for 10 days. reports purulent nasal discharge. facial pain over maxillary sinuses'
2025-05-26 11:26:34,322 - WARNING - UMLS API returned status 401 for term 'bilateral nasal congestion'
2025-05-26 11:26:39,162 - WARNING - UMLS API returned status 401 for term 'back pain for two weeks the patient reports backpain for three weeks on assessment'
2025-05-26 11:26:43,622 - WARNING - UMLS API returned status 401 for term 'the patient is obese the backpain is made worse by sitting down for long the pain is alleviated by standing and stretching'
2025-05-26 11:26:48,246 - WARNING - UMLS API returned status 401 for term 'and purulent nasal discharge for 10 days. low-grade fever (up to 100.5°f). no sore throat or hearing loss. pulmonary: no cough or shortness of breath. cardiovascular: no chest pain or palpitations. neurological: mild headache associated with sinus pain'
2025-05-26 11:26:53,674 - WARNING - UMLS API returned status 401 for term 'no dizziness. musculoskeletal: no joint pain or stiffness. gastrointestinal: no nausea or diarrhea. genitourinary: no urinary changes. endocrine: no weight changes or thirst. hematologic: no easy bruising or bleeding. dermatologic: no rashes or lesions. psychiatric: no mood changes. ophthalmologic: no vision changes. primary assessment: symptoms consistent with acute bacterial sinusitis'
2025-05-26 11:26:58,951 - WARNING - UMLS API returned status 401 for term 'likely secondary to recent viral upper respiratory infection. differential includes viral sinusitis or allergic rhinitis. other systems: neurological: headache likely related to sinusitis. endocrine: stable diabetes. cardiovascular: stable hypertension. no acute abnormalities in pulmonary'
2025-05-26 11:28:27,406 - ERROR - Failed to initialize NLP pipeline: [E893] Could not find function 'replace_tokenizer' in function registry 'callbacks'. If you're using a custom function, make sure the code is available. If the function is provided by a third-party package, e.g. spacy-transformers, make sure the package is installed in your environment.

Available names: spacy.copy_from_base_model.v1, spacy.models_and_pipes_with_nvtx_range.v1, spacy.models_with_nvtx_range.v1
2025-05-26 11:28:28,314 - WARNING - Using fallback spacy pipeline without parser, ner, or linker
2025-05-26 11:28:28,315 - ERROR - Failed to add symptom rules: "[E001] No component 'medspacy_target_matcher' found in pipeline. Available names: ['sentencizer', 'tok2vec', 'tagger', 'attribute_ruler', 'lemmatizer', 'parser', 'ner']"
2025-05-26 11:28:28,331 - ERROR - Failed to create MongoDB indexes: An existing index has the same name as the requested index. When index names are not specified, they are auto generated and can cause conflicts. Please refer to our documentation. Requested index: { v: 2, unique: true, key: { term: 1 }, name: "term_1" }, existing index: { v: 2, key: { term: 1 }, name: "term_1" }, full error: {'ok': 0.0, 'errmsg': 'An existing index has the same name as the requested index. When index names are not specified, they are auto generated and can cause conflicts. Please refer to our documentation. Requested index: { v: 2, unique: true, key: { term: 1 }, name: "term_1" }, existing index: { v: 2, key: { term: 1 }, name: "term_1" }', 'code': 86, 'codeName': 'IndexKeySpecsConflict'}
2025-05-26 11:28:33,823 - WARNING - UMLS API returned status 401 for term 'patient complains of headache the headache started three days ago. the headache is associated with fevers and chills'
2025-05-26 11:28:38,533 - WARNING - UMLS API returned status 401 for term 'nausea and vomiting and loss of appetite the patient has jaundice in the eyes taking foods with fats makes the nausea worse taking strong tea and licking salt alleviates the nausea'
2025-05-26 11:28:43,654 - WARNING - UMLS API returned status 401 for term 'patient presents with facial pain'
2025-05-26 11:28:48,671 - WARNING - UMLS API returned status 401 for term 'and fever for 10 days. reports purulent nasal discharge. facial pain over maxillary sinuses'
2025-05-26 11:28:54,509 - WARNING - UMLS API returned status 401 for term 'bilateral nasal congestion'
2025-05-26 11:28:59,321 - WARNING - UMLS API returned status 401 for term 'back pain for two weeks the patient reports backpain for three weeks on assessment'
2025-05-26 11:29:03,939 - WARNING - UMLS API returned status 401 for term 'the patient is obese the backpain is made worse by sitting down for long the pain is alleviated by standing and stretching'
2025-05-26 11:29:08,741 - WARNING - UMLS API returned status 401 for term 'and purulent nasal discharge for 10 days. low-grade fever (up to 100.5°f). no sore throat or hearing loss. pulmonary: no cough or shortness of breath. cardiovascular: no chest pain or palpitations. neurological: mild headache associated with sinus pain'
2025-05-26 11:29:13,458 - WARNING - UMLS API returned status 401 for term 'no dizziness. musculoskeletal: no joint pain or stiffness. gastrointestinal: no nausea or diarrhea. genitourinary: no urinary changes. endocrine: no weight changes or thirst. hematologic: no easy bruising or bleeding. dermatologic: no rashes or lesions. psychiatric: no mood changes. ophthalmologic: no vision changes. primary assessment: symptoms consistent with acute bacterial sinusitis'
2025-05-26 11:29:17,956 - WARNING - UMLS API returned status 401 for term 'likely secondary to recent viral upper respiratory infection. differential includes viral sinusitis or allergic rhinitis. other systems: neurological: headache likely related to sinusitis. endocrine: stable diabetes. cardiovascular: stable hypertension. no acute abnormalities in pulmonary'
2025-05-26 11:30:54,046 - ERROR - Failed to initialize NLP pipeline: [E893] Could not find function 'replace_tokenizer' in function registry 'callbacks'. If you're using a custom function, make sure the code is available. If the function is provided by a third-party package, e.g. spacy-transformers, make sure the package is installed in your environment.

Available names: spacy.copy_from_base_model.v1, spacy.models_and_pipes_with_nvtx_range.v1, spacy.models_with_nvtx_range.v1
2025-05-26 11:30:54,723 - WARNING - Using fallback spacy pipeline without parser, ner, or linker
2025-05-26 11:30:54,759 - WARNING - No category mapping found for 'mood changes ophthalmologic no vision changes primary assessment symptoms consistent acute bacterial sinusitis likely secondary to recent viral upper respiratory infection differential includes viral sinusitis'. Defaulting to 'general'.
2025-05-26 11:30:54,764 - WARNING - No category mapping found for 'acute abnormalities in pulmonary musculoskeletal gi gu hematologic dermatologic psychiatric'. Defaulting to 'general'.
2025-05-26 11:30:54,810 - WARNING - No category mapping found for 'mood changes ophthalmologic no vision changes primary assessment symptoms consistent acute bacterial sinusitis likely secondary to recent viral upper respiratory infection differential includes viral sinusitis'. Defaulting to 'general'.
2025-05-26 11:30:54,818 - WARNING - No category mapping found for 'acute abnormalities in pulmonary musculoskeletal gi gu hematologic dermatologic psychiatric'. Defaulting to 'general'.
2025-05-26 11:30:54,821 - ERROR - Error extracting features for note ID 1: 'KnowledgeBaseUpdater' object has no attribute 'is_new_symptom'
2025-05-26 11:30:54,821 - WARNING - Empty text for embedding, skipping embedding-based scoring
2025-05-26 11:30:54,823 - ERROR - Error generating differentials: string indices must be integers, not 'str'
2025-05-26 11:30:54,901 - ERROR - Error extracting features for note ID 2: 'KnowledgeBaseUpdater' object has no attribute 'is_new_symptom'
2025-05-26 11:30:54,920 - ERROR - Failed to create MongoDB indexes: An existing index has the same name as the requested index. When index names are not specified, they are auto generated and can cause conflicts. Please refer to our documentation. Requested index: { v: 2, unique: true, key: { term: 1 }, name: "term_1" }, existing index: { v: 2, key: { term: 1 }, name: "term_1" }, full error: {'ok': 0.0, 'errmsg': 'An existing index has the same name as the requested index. When index names are not specified, they are auto generated and can cause conflicts. Please refer to our documentation. Requested index: { v: 2, unique: true, key: { term: 1 }, name: "term_1" }, existing index: { v: 2, key: { term: 1 }, name: "term_1" }', 'code': 86, 'codeName': 'IndexKeySpecsConflict'}
2025-05-26 11:30:54,941 - ERROR - Failed to create MongoDB indexes: An existing index has the same name as the requested index. When index names are not specified, they are auto generated and can cause conflicts. Please refer to our documentation. Requested index: { v: 2, unique: true, key: { term: 1 }, name: "term_1" }, existing index: { v: 2, key: { term: 1 }, name: "term_1" }, full error: {'ok': 0.0, 'errmsg': 'An existing index has the same name as the requested index. When index names are not specified, they are auto generated and can cause conflicts. Please refer to our documentation. Requested index: { v: 2, unique: true, key: { term: 1 }, name: "term_1" }, existing index: { v: 2, key: { term: 1 }, name: "term_1" }', 'code': 86, 'codeName': 'IndexKeySpecsConflict'}
2025-05-26 11:31:00,759 - WARNING - UMLS API returned status 401 for term 'patient complains of headache the headache started three days ago. the headache is associated with fevers and chills'
2025-05-26 11:31:05,572 - WARNING - UMLS API returned status 401 for term 'nausea and vomiting and loss of appetite the patient has jaundice in the eyes taking foods with fats makes the nausea worse taking strong tea and licking salt alleviates the nausea'
2025-05-26 11:31:10,078 - WARNING - UMLS API returned status 401 for term 'patient presents with facial pain'
2025-05-26 11:31:14,993 - WARNING - UMLS API returned status 401 for term 'and fever for 10 days. reports purulent nasal discharge. facial pain over maxillary sinuses'
2025-05-26 11:31:19,807 - WARNING - UMLS API returned status 401 for term 'bilateral nasal congestion'
2025-05-26 11:31:24,829 - WARNING - UMLS API returned status 401 for term 'back pain for two weeks the patient reports backpain for three weeks on assessment'
2025-05-26 11:31:29,636 - WARNING - UMLS API returned status 401 for term 'the patient is obese the backpain is made worse by sitting down for long the pain is alleviated by standing and stretching'
2025-05-26 11:31:34,960 - WARNING - UMLS API returned status 401 for term 'and purulent nasal discharge for 10 days. low-grade fever (up to 100.5°f). no sore throat or hearing loss. pulmonary: no cough or shortness of breath. cardiovascular: no chest pain or palpitations. neurological: mild headache associated with sinus pain'
2025-05-26 11:31:39,875 - WARNING - UMLS API returned status 401 for term 'no dizziness. musculoskeletal: no joint pain or stiffness. gastrointestinal: no nausea or diarrhea. genitourinary: no urinary changes. endocrine: no weight changes or thirst. hematologic: no easy bruising or bleeding. dermatologic: no rashes or lesions. psychiatric: no mood changes. ophthalmologic: no vision changes. primary assessment: symptoms consistent with acute bacterial sinusitis'
2025-05-26 11:31:44,995 - WARNING - UMLS API returned status 401 for term 'likely secondary to recent viral upper respiratory infection. differential includes viral sinusitis or allergic rhinitis. other systems: neurological: headache likely related to sinusitis. endocrine: stable diabetes. cardiovascular: stable hypertension. no acute abnormalities in pulmonary'
2025-05-26 11:33:20,178 - ERROR - Failed to initialize NLP pipeline: [E893] Could not find function 'replace_tokenizer' in function registry 'callbacks'. If you're using a custom function, make sure the code is available. If the function is provided by a third-party package, e.g. spacy-transformers, make sure the package is installed in your environment.

Available names: spacy.copy_from_base_model.v1, spacy.models_and_pipes_with_nvtx_range.v1, spacy.models_with_nvtx_range.v1
2025-05-26 11:33:20,851 - WARNING - Using fallback spacy pipeline without parser, ner, or linker
2025-05-26 11:33:26,574 - WARNING - UMLS API returned status 401 for term 'patient complains of headache the headache started three days ago. the headache is associated with fevers and chills'
2025-05-26 11:33:31,134 - WARNING - UMLS API returned status 401 for term 'nausea and vomiting and loss of appetite the patient has jaundice in the eyes taking foods with fats makes the nausea worse taking strong tea and licking salt alleviates the nausea'
2025-05-26 11:33:35,994 - WARNING - UMLS API returned status 401 for term 'patient presents with facial pain'
2025-05-26 11:33:40,704 - WARNING - UMLS API returned status 401 for term 'and fever for 10 days. reports purulent nasal discharge. facial pain over maxillary sinuses'
2025-05-26 11:33:45,312 - WARNING - UMLS API returned status 401 for term 'bilateral nasal congestion'
2025-05-26 11:33:49,740 - WARNING - UMLS API returned status 401 for term 'back pain for two weeks the patient reports backpain for three weeks on assessment'
2025-05-26 11:33:54,528 - WARNING - UMLS API returned status 401 for term 'the patient is obese the backpain is made worse by sitting down for long the pain is alleviated by standing and stretching'
2025-05-26 11:33:59,443 - WARNING - UMLS API returned status 401 for term 'and purulent nasal discharge for 10 days. low-grade fever (up to 100.5°f). no sore throat or hearing loss. pulmonary: no cough or shortness of breath. cardiovascular: no chest pain or palpitations. neurological: mild headache associated with sinus pain'
2025-05-26 11:34:04,153 - WARNING - UMLS API returned status 401 for term 'no dizziness. musculoskeletal: no joint pain or stiffness. gastrointestinal: no nausea or diarrhea. genitourinary: no urinary changes. endocrine: no weight changes or thirst. hematologic: no easy bruising or bleeding. dermatologic: no rashes or lesions. psychiatric: no mood changes. ophthalmologic: no vision changes. primary assessment: symptoms consistent with acute bacterial sinusitis'
2025-05-26 11:34:08,966 - WARNING - UMLS API returned status 401 for term 'likely secondary to recent viral upper respiratory infection. differential includes viral sinusitis or allergic rhinitis. other systems: neurological: headache likely related to sinusitis. endocrine: stable diabetes. cardiovascular: stable hypertension. no acute abnormalities in pulmonary'
2025-05-26 11:35:39,435 - ERROR - Failed to initialize NLP pipeline: [E893] Could not find function 'replace_tokenizer' in function registry 'callbacks'. If you're using a custom function, make sure the code is available. If the function is provided by a third-party package, e.g. spacy-transformers, make sure the package is installed in your environment.

Available names: spacy.copy_from_base_model.v1, spacy.models_and_pipes_with_nvtx_range.v1, spacy.models_with_nvtx_range.v1
2025-05-26 11:35:40,359 - WARNING - Using fallback spacy pipeline without parser, ner, or linker
2025-05-26 11:35:40,360 - ERROR - Failed to add symptom rules: "[E001] No component 'medspacy_target_matcher' found in pipeline. Available names: ['sentencizer', 'tok2vec', 'tagger', 'attribute_ruler', 'lemmatizer', 'parser', 'ner']"
2025-05-26 11:35:40,380 - ERROR - Error extracting features for note ID 2: 'KnowledgeBaseUpdater' object has no attribute 'is_new_symptom'
2025-05-26 11:35:40,400 - ERROR - Failed to create MongoDB indexes: An existing index has the same name as the requested index. When index names are not specified, they are auto generated and can cause conflicts. Please refer to our documentation. Requested index: { v: 2, unique: true, key: { term: 1 }, name: "term_1" }, existing index: { v: 2, key: { term: 1 }, name: "term_1" }, full error: {'ok': 0.0, 'errmsg': 'An existing index has the same name as the requested index. When index names are not specified, they are auto generated and can cause conflicts. Please refer to our documentation. Requested index: { v: 2, unique: true, key: { term: 1 }, name: "term_1" }, existing index: { v: 2, key: { term: 1 }, name: "term_1" }', 'code': 86, 'codeName': 'IndexKeySpecsConflict'}
2025-05-26 11:35:40,418 - ERROR - Failed to create MongoDB indexes: An existing index has the same name as the requested index. When index names are not specified, they are auto generated and can cause conflicts. Please refer to our documentation. Requested index: { v: 2, unique: true, key: { term: 1 }, name: "term_1" }, existing index: { v: 2, key: { term: 1 }, name: "term_1" }, full error: {'ok': 0.0, 'errmsg': 'An existing index has the same name as the requested index. When index names are not specified, they are auto generated and can cause conflicts. Please refer to our documentation. Requested index: { v: 2, unique: true, key: { term: 1 }, name: "term_1" }, existing index: { v: 2, key: { term: 1 }, name: "term_1" }', 'code': 86, 'codeName': 'IndexKeySpecsConflict'}
2025-05-26 11:35:46,245 - WARNING - UMLS API returned status 401 for term 'patient complains of headache the headache started three days ago. the headache is associated with fevers and chills'
2025-05-26 11:35:50,957 - WARNING - UMLS API returned status 401 for term 'nausea and vomiting and loss of appetite the patient has jaundice in the eyes taking foods with fats makes the nausea worse taking strong tea and licking salt alleviates the nausea'
2025-05-26 11:35:55,461 - WARNING - UMLS API returned status 401 for term 'patient presents with facial pain'
2025-05-26 11:36:00,376 - WARNING - UMLS API returned status 401 for term 'and fever for 10 days. reports purulent nasal discharge. facial pain over maxillary sinuses'
2025-05-26 11:36:05,042 - WARNING - UMLS API returned status 401 for term 'bilateral nasal congestion'
2025-05-26 11:36:09,490 - WARNING - UMLS API returned status 401 for term 'back pain for two weeks the patient reports backpain for three weeks on assessment'
2025-05-26 11:36:14,199 - WARNING - UMLS API returned status 401 for term 'the patient is obese the backpain is made worse by sitting down for long the pain is alleviated by standing and stretching'
2025-05-26 11:36:18,808 - WARNING - UMLS API returned status 401 for term 'and purulent nasal discharge for 10 days. low-grade fever (up to 100.5°f). no sore throat or hearing loss. pulmonary: no cough or shortness of breath. cardiovascular: no chest pain or palpitations. neurological: mild headache associated with sinus pain'
2025-05-26 11:36:23,416 - WARNING - UMLS API returned status 401 for term 'no dizziness. musculoskeletal: no joint pain or stiffness. gastrointestinal: no nausea or diarrhea. genitourinary: no urinary changes. endocrine: no weight changes or thirst. hematologic: no easy bruising or bleeding. dermatologic: no rashes or lesions. psychiatric: no mood changes. ophthalmologic: no vision changes. primary assessment: symptoms consistent with acute bacterial sinusitis'
2025-05-26 11:36:28,330 - WARNING - UMLS API returned status 401 for term 'likely secondary to recent viral upper respiratory infection. differential includes viral sinusitis or allergic rhinitis. other systems: neurological: headache likely related to sinusitis. endocrine: stable diabetes. cardiovascular: stable hypertension. no acute abnormalities in pulmonary'
2025-05-26 11:38:10,467 - ERROR - Failed to initialize NLP pipeline: [E893] Could not find function 'replace_tokenizer' in function registry 'callbacks'. If you're using a custom function, make sure the code is available. If the function is provided by a third-party package, e.g. spacy-transformers, make sure the package is installed in your environment.

Available names: spacy.copy_from_base_model.v1, spacy.models_and_pipes_with_nvtx_range.v1, spacy.models_with_nvtx_range.v1
2025-05-26 11:38:11,374 - WARNING - Using fallback spacy pipeline without parser, ner, or linker
2025-05-26 11:38:16,874 - WARNING - UMLS API returned status 401 for term 'patient complains of headache the headache started three days ago. the headache is associated with fevers and chills'
2025-05-26 11:38:21,891 - WARNING - UMLS API returned status 401 for term 'nausea and vomiting and loss of appetite the patient has jaundice in the eyes taking foods with fats makes the nausea worse taking strong tea and licking salt alleviates the nausea'
2025-05-26 11:38:27,014 - WARNING - UMLS API returned status 401 for term 'patient presents with facial pain'
2025-05-26 11:38:31,824 - WARNING - UMLS API returned status 401 for term 'and fever for 10 days. reports purulent nasal discharge. facial pain over maxillary sinuses'
2025-05-26 11:38:36,433 - WARNING - UMLS API returned status 401 for term 'bilateral nasal congestion'
2025-05-26 11:38:41,326 - WARNING - UMLS API returned status 401 for term 'back pain for two weeks the patient reports backpain for three weeks on assessment'
2025-05-26 11:38:46,446 - WARNING - UMLS API returned status 401 for term 'the patient is obese the backpain is made worse by sitting down for long the pain is alleviated by standing and stretching'
2025-05-26 11:38:51,179 - WARNING - UMLS API returned status 401 for term 'and purulent nasal discharge for 10 days. low-grade fever (up to 100.5°f). no sore throat or hearing loss. pulmonary: no cough or shortness of breath. cardiovascular: no chest pain or palpitations. neurological: mild headache associated with sinus pain'
2025-05-26 11:38:55,778 - WARNING - UMLS API returned status 401 for term 'no dizziness. musculoskeletal: no joint pain or stiffness. gastrointestinal: no nausea or diarrhea. genitourinary: no urinary changes. endocrine: no weight changes or thirst. hematologic: no easy bruising or bleeding. dermatologic: no rashes or lesions. psychiatric: no mood changes. ophthalmologic: no vision changes. primary assessment: symptoms consistent with acute bacterial sinusitis'
2025-05-26 11:39:00,290 - WARNING - UMLS API returned status 401 for term 'likely secondary to recent viral upper respiratory infection. differential includes viral sinusitis or allergic rhinitis. other systems: neurological: headache likely related to sinusitis. endocrine: stable diabetes. cardiovascular: stable hypertension. no acute abnormalities in pulmonary'
2025-05-26 13:18:19,940 - WARNING - Diagnosis relevance weights for facial pain|nasal congestion|sinusitis|sinus pain|purulent nasal discharge do not sum to 1.0: 0
2025-05-26 13:18:19,940 - WARNING - Diagnosis relevance weights for cough do not sum to 1.0: 0
2025-05-26 13:18:19,941 - WARNING - Diagnosis relevance weights for headache|photophobia do not sum to 1.0: 0
2025-05-26 13:18:19,941 - WARNING - Diagnosis relevance weights for chest pain|shortness of breath|chest tightness do not sum to 1.0: 0
2025-05-26 13:18:19,942 - WARNING - Diagnosis relevance weights for epigastric pain|nausea do not sum to 1.0: 0
2025-05-26 13:18:19,942 - WARNING - Diagnosis relevance weights for knee pain|swelling do not sum to 1.0: 0
2025-05-26 13:18:19,942 - WARNING - Diagnosis relevance weights for back pain|lower back pain|backache do not sum to 1.0: 0
2025-05-26 13:18:19,942 - WARNING - Diagnosis relevance weights for fever|chills do not sum to 1.0: 0
2025-05-26 13:18:19,943 - WARNING - Diagnosis relevance weights for fatigue|obesity do not sum to 1.0: 0
2025-05-26 13:18:19,943 - WARNING - Diagnosis angina relevance weights do not sum to 1.0: 0.8
2025-05-26 13:18:20,012 - ERROR - Invalid JSON in /home/mathu/projects/hospital/departments/nlp/knowledge_base/medical_terms.json: Expecting value: line 7 column 12 (char 143). Using default data.
2025-05-26 13:18:20,060 - ERROR - Failed to create MongoDB indexes: An existing index has the same name as the requested index. When index names are not specified, they are auto generated and can cause conflicts. Please refer to our documentation. Requested index: { v: 2, unique: true, key: { term: 1 }, name: "term_1" }, existing index: { v: 2, key: { term: 1 }, name: "term_1" }, full error: {'ok': 0.0, 'errmsg': 'An existing index has the same name as the requested index. When index names are not specified, they are auto generated and can cause conflicts. Please refer to our documentation. Requested index: { v: 2, unique: true, key: { term: 1 }, name: "term_1" }, existing index: { v: 2, key: { term: 1 }, name: "term_1" }', 'code': 86, 'codeName': 'IndexKeySpecsConflict'}
2025-05-26 13:18:20,089 - ERROR - Failed to create MongoDB indexes: An existing index has the same name as the requested index. When index names are not specified, they are auto generated and can cause conflicts. Please refer to our documentation. Requested index: { v: 2, unique: true, key: { term: 1 }, name: "term_1" }, existing index: { v: 2, key: { term: 1 }, name: "term_1" }, full error: {'ok': 0.0, 'errmsg': 'An existing index has the same name as the requested index. When index names are not specified, they are auto generated and can cause conflicts. Please refer to our documentation. Requested index: { v: 2, unique: true, key: { term: 1 }, name: "term_1" }, existing index: { v: 2, key: { term: 1 }, name: "term_1" }', 'code': 86, 'codeName': 'IndexKeySpecsConflict'}
2025-05-26 13:18:41,169 - ERROR - Error retrieving UMLS service ticket: HTTPSConnectionPool(host='utslogin.nlm.nih.gov', port=443): Max retries exceeded with url: /cas/v1/api-key (Caused by NameResolutionError("<urllib3.connection.HTTPSConnection object at 0x772685142610>: Failed to resolve 'utslogin.nlm.nih.gov' ([Errno -3] Temporary failure in name resolution)"))
2025-05-26 13:23:06,752 - WARNING - 401 Unauthorized for term 'nausea and vomiting and loss of appetite the patient has jaundice in the eyes taking foods with fats makes the nausea worse taking strong tea and licking salt alleviates the nausea', retrying with new ticket...
2025-05-26 13:23:11,464 - WARNING - UMLS API returned status 401 for term 'nausea and vomiting and loss of appetite the patient has jaundice in the eyes taking foods with fats makes the nausea worse taking strong tea and licking salt alleviates the nausea'
2025-05-26 13:23:16,174 - WARNING - 401 Unauthorized for term 'patient presents with facial pain', retrying with new ticket...
2025-05-26 13:23:20,918 - WARNING - UMLS API returned status 401 for term 'patient presents with facial pain'
2025-05-26 13:23:25,488 - WARNING - 401 Unauthorized for term 'and fever for 10 days. reports purulent nasal discharge. facial pain over maxillary sinuses', retrying with new ticket...
2025-05-26 13:23:31,429 - WARNING - UMLS API returned status 401 for term 'and fever for 10 days. reports purulent nasal discharge. facial pain over maxillary sinuses'
2025-05-26 13:23:36,137 - WARNING - 401 Unauthorized for term 'bilateral nasal congestion', retrying with new ticket...
2025-05-26 13:23:40,951 - WARNING - UMLS API returned status 401 for term 'bilateral nasal congestion'
2025-05-26 13:23:45,560 - WARNING - 401 Unauthorized for term 'back pain for two weeks the patient reports backpain for three weeks on assessment', retrying with new ticket...
2025-05-26 13:23:50,167 - WARNING - UMLS API returned status 401 for term 'back pain for two weeks the patient reports backpain for three weeks on assessment'
2025-05-26 13:23:54,775 - WARNING - 401 Unauthorized for term 'the patient is obese the backpain is made worse by sitting down for long the pain is alleviated by standing and stretching', retrying with new ticket...
2025-05-26 13:23:59,587 - WARNING - UMLS API returned status 401 for term 'the patient is obese the backpain is made worse by sitting down for long the pain is alleviated by standing and stretching'
2025-05-26 13:24:04,503 - WARNING - 401 Unauthorized for term 'and purulent nasal discharge for 10 days. low-grade fever (up to 100.5°f). no sore throat or hearing loss. pulmonary: no cough or shortness of breath. cardiovascular: no chest pain or palpitations. neurological: mild headache associated with sinus pain', retrying with new ticket...
2025-05-26 13:24:09,621 - WARNING - UMLS API returned status 401 for term 'and purulent nasal discharge for 10 days. low-grade fever (up to 100.5°f). no sore throat or hearing loss. pulmonary: no cough or shortness of breath. cardiovascular: no chest pain or palpitations. neurological: mild headache associated with sinus pain'
2025-05-26 13:24:14,213 - WARNING - 401 Unauthorized for term 'no dizziness. musculoskeletal: no joint pain or stiffness. gastrointestinal: no nausea or diarrhea. genitourinary: no urinary changes. endocrine: no weight changes or thirst. hematologic: no easy bruising or bleeding. dermatologic: no rashes or lesions. psychiatric: no mood changes. ophthalmologic: no vision changes. primary assessment: symptoms consistent with acute bacterial sinusitis', retrying with new ticket...
2025-05-26 13:24:18,760 - WARNING - UMLS API returned status 401 for term 'no dizziness. musculoskeletal: no joint pain or stiffness. gastrointestinal: no nausea or diarrhea. genitourinary: no urinary changes. endocrine: no weight changes or thirst. hematologic: no easy bruising or bleeding. dermatologic: no rashes or lesions. psychiatric: no mood changes. ophthalmologic: no vision changes. primary assessment: symptoms consistent with acute bacterial sinusitis'
2025-05-26 13:24:23,241 - WARNING - 401 Unauthorized for term 'likely secondary to recent viral upper respiratory infection. differential includes viral sinusitis or allergic rhinitis. other systems: neurological: headache likely related to sinusitis. endocrine: stable diabetes. cardiovascular: stable hypertension. no acute abnormalities in pulmonary', retrying with new ticket...
2025-05-26 13:24:27,771 - WARNING - UMLS API returned status 401 for term 'likely secondary to recent viral upper respiratory infection. differential includes viral sinusitis or allergic rhinitis. other systems: neurological: headache likely related to sinusitis. endocrine: stable diabetes. cardiovascular: stable hypertension. no acute abnormalities in pulmonary'
2025-05-26 13:25:59,783 - ERROR - Failed to initialize NLP pipeline: [E893] Could not find function 'replace_tokenizer' in function registry 'callbacks'. If you're using a custom function, make sure the code is available. If the function is provided by a third-party package, e.g. spacy-transformers, make sure the package is installed in your environment.

Available names: spacy.copy_from_base_model.v1, spacy.models_and_pipes_with_nvtx_range.v1, spacy.models_with_nvtx_range.v1
2025-05-26 13:26:01,188 - WARNING - Using fallback spacy pipeline without parser, ner, or linker
2025-05-26 13:26:10,040 - WARNING - 401 Unauthorized for term 'patient complains of headache the headache started three days ago. the headache is associated with fevers and chills', retrying with new ticket...
2025-05-26 13:26:14,761 - WARNING - UMLS API returned status 401 for term 'patient complains of headache the headache started three days ago. the headache is associated with fevers and chills'
2025-05-26 13:26:19,125 - WARNING - 401 Unauthorized for term 'nausea and vomiting and loss of appetite the patient has jaundice in the eyes taking foods with fats makes the nausea worse taking strong tea and licking salt alleviates the nausea', retrying with new ticket...
2025-05-26 13:26:23,559 - WARNING - UMLS API returned status 401 for term 'nausea and vomiting and loss of appetite the patient has jaundice in the eyes taking foods with fats makes the nausea worse taking strong tea and licking salt alleviates the nausea'
2025-05-26 13:26:28,165 - WARNING - 401 Unauthorized for term 'patient presents with facial pain', retrying with new ticket...
2025-05-26 13:26:32,978 - WARNING - UMLS API returned status 401 for term 'patient presents with facial pain'
2025-05-26 13:26:37,581 - WARNING - 401 Unauthorized for term 'and fever for 10 days. reports purulent nasal discharge. facial pain over maxillary sinuses', retrying with new ticket...
2025-05-26 13:26:42,283 - WARNING - UMLS API returned status 401 for term 'and fever for 10 days. reports purulent nasal discharge. facial pain over maxillary sinuses'
2025-05-26 13:26:47,108 - WARNING - 401 Unauthorized for term 'bilateral nasal congestion', retrying with new ticket...
2025-05-26 13:26:52,945 - WARNING - UMLS API returned status 401 for term 'bilateral nasal congestion'
2025-05-26 13:26:57,556 - WARNING - 401 Unauthorized for term 'back pain for two weeks the patient reports backpain for three weeks on assessment', retrying with new ticket...
2025-05-26 13:27:02,468 - WARNING - UMLS API returned status 401 for term 'back pain for two weeks the patient reports backpain for three weeks on assessment'
2025-05-26 13:27:06,684 - WARNING - 401 Unauthorized for term 'the patient is obese the backpain is made worse by sitting down for long the pain is alleviated by standing and stretching', retrying with new ticket...
2025-05-26 13:27:11,310 - WARNING - UMLS API returned status 401 for term 'the patient is obese the backpain is made worse by sitting down for long the pain is alleviated by standing and stretching'
2025-05-26 13:27:15,780 - WARNING - 401 Unauthorized for term 'and purulent nasal discharge for 10 days. low-grade fever (up to 100.5°f). no sore throat or hearing loss. pulmonary: no cough or shortness of breath. cardiovascular: no chest pain or palpitations. neurological: mild headache associated with sinus pain', retrying with new ticket...
2025-05-26 13:27:20,310 - WARNING - UMLS API returned status 401 for term 'and purulent nasal discharge for 10 days. low-grade fever (up to 100.5°f). no sore throat or hearing loss. pulmonary: no cough or shortness of breath. cardiovascular: no chest pain or palpitations. neurological: mild headache associated with sinus pain'
2025-05-26 13:27:24,892 - WARNING - 401 Unauthorized for term 'no dizziness. musculoskeletal: no joint pain or stiffness. gastrointestinal: no nausea or diarrhea. genitourinary: no urinary changes. endocrine: no weight changes or thirst. hematologic: no easy bruising or bleeding. dermatologic: no rashes or lesions. psychiatric: no mood changes. ophthalmologic: no vision changes. primary assessment: symptoms consistent with acute bacterial sinusitis', retrying with new ticket...
2025-05-26 13:27:29,692 - WARNING - UMLS API returned status 401 for term 'no dizziness. musculoskeletal: no joint pain or stiffness. gastrointestinal: no nausea or diarrhea. genitourinary: no urinary changes. endocrine: no weight changes or thirst. hematologic: no easy bruising or bleeding. dermatologic: no rashes or lesions. psychiatric: no mood changes. ophthalmologic: no vision changes. primary assessment: symptoms consistent with acute bacterial sinusitis'
2025-05-26 13:27:34,201 - WARNING - 401 Unauthorized for term 'likely secondary to recent viral upper respiratory infection. differential includes viral sinusitis or allergic rhinitis. other systems: neurological: headache likely related to sinusitis. endocrine: stable diabetes. cardiovascular: stable hypertension. no acute abnormalities in pulmonary', retrying with new ticket...
2025-05-26 13:27:39,143 - WARNING - UMLS API returned status 401 for term 'likely secondary to recent viral upper respiratory infection. differential includes viral sinusitis or allergic rhinitis. other systems: neurological: headache likely related to sinusitis. endocrine: stable diabetes. cardiovascular: stable hypertension. no acute abnormalities in pulmonary'
2025-05-26 13:38:54,276 - WARNING - Diagnosis relevance weights for facial pain|nasal congestion|sinusitis|sinus pain|purulent nasal discharge do not sum to 1.0: 0
2025-05-26 13:38:54,276 - WARNING - Diagnosis relevance weights for cough do not sum to 1.0: 0
2025-05-26 13:38:54,276 - WARNING - Diagnosis relevance weights for headache|photophobia do not sum to 1.0: 0
2025-05-26 13:38:54,277 - WARNING - Diagnosis relevance weights for chest pain|shortness of breath|chest tightness do not sum to 1.0: 0
2025-05-26 13:38:54,277 - WARNING - Diagnosis relevance weights for epigastric pain|nausea do not sum to 1.0: 0
2025-05-26 13:38:54,277 - WARNING - Diagnosis relevance weights for knee pain|swelling do not sum to 1.0: 0
2025-05-26 13:38:54,277 - WARNING - Diagnosis relevance weights for back pain|lower back pain|backache do not sum to 1.0: 0
2025-05-26 13:38:54,278 - WARNING - Diagnosis relevance weights for fever|chills do not sum to 1.0: 0
2025-05-26 13:38:54,278 - WARNING - Diagnosis relevance weights for fatigue|obesity do not sum to 1.0: 0
2025-05-26 13:38:54,279 - WARNING - Diagnosis angina relevance weights do not sum to 1.0: 0.8
2025-05-26 13:38:54,347 - ERROR - Invalid JSON in /home/mathu/projects/hospital/departments/nlp/knowledge_base/medical_terms.json: Expecting value: line 7 column 12 (char 143). Using default data.
2025-05-26 13:38:54,416 - ERROR - Failed to create MongoDB indexes: An existing index has the same name as the requested index. When index names are not specified, they are auto generated and can cause conflicts. Please refer to our documentation. Requested index: { v: 2, unique: true, key: { term: 1 }, name: "term_1" }, existing index: { v: 2, key: { term: 1 }, name: "term_1" }, full error: {'ok': 0.0, 'errmsg': 'An existing index has the same name as the requested index. When index names are not specified, they are auto generated and can cause conflicts. Please refer to our documentation. Requested index: { v: 2, unique: true, key: { term: 1 }, name: "term_1" }, existing index: { v: 2, key: { term: 1 }, name: "term_1" }', 'code': 86, 'codeName': 'IndexKeySpecsConflict'}
2025-05-26 13:38:54,455 - ERROR - Failed to create MongoDB indexes: An existing index has the same name as the requested index. When index names are not specified, they are auto generated and can cause conflicts. Please refer to our documentation. Requested index: { v: 2, unique: true, key: { term: 1 }, name: "term_1" }, existing index: { v: 2, key: { term: 1 }, name: "term_1" }, full error: {'ok': 0.0, 'errmsg': 'An existing index has the same name as the requested index. When index names are not specified, they are auto generated and can cause conflicts. Please refer to our documentation. Requested index: { v: 2, unique: true, key: { term: 1 }, name: "term_1" }, existing index: { v: 2, key: { term: 1 }, name: "term_1" }', 'code': 86, 'codeName': 'IndexKeySpecsConflict'}
2025-05-26 13:38:59,710 - WARNING - 401 Unauthorized for term 'patient complains of headache the headache started three days ago. the headache is associated with fevers and chills', retrying with new ticket...
2025-05-26 13:39:03,192 - WARNING - UMLS API returned status 401 for term 'patient complains of headache the headache started three days ago. the headache is associated with fevers and chills'
2025-05-26 13:39:06,674 - WARNING - 401 Unauthorized for term 'nausea and vomiting and loss of appetite the patient has jaundice in the eyes taking foods with fats makes the nausea worse taking strong tea and licking salt alleviates the nausea', retrying with new ticket...
2025-05-26 13:39:10,258 - WARNING - UMLS API returned status 401 for term 'nausea and vomiting and loss of appetite the patient has jaundice in the eyes taking foods with fats makes the nausea worse taking strong tea and licking salt alleviates the nausea'
2025-05-26 13:39:13,842 - WARNING - 401 Unauthorized for term 'patient presents with facial pain', retrying with new ticket...
2025-05-26 13:39:17,631 - WARNING - UMLS API returned status 401 for term 'patient presents with facial pain'
2025-05-26 13:39:21,318 - WARNING - 401 Unauthorized for term 'and fever for 10 days. reports purulent nasal discharge. facial pain over maxillary sinuses', retrying with new ticket...
2025-05-26 13:39:24,799 - WARNING - UMLS API returned status 401 for term 'and fever for 10 days. reports purulent nasal discharge. facial pain over maxillary sinuses'
2025-05-26 13:39:28,384 - WARNING - 401 Unauthorized for term 'bilateral nasal congestion', retrying with new ticket...
2025-05-26 13:39:31,970 - WARNING - UMLS API returned status 401 for term 'bilateral nasal congestion'
2025-05-26 13:39:35,554 - WARNING - 401 Unauthorized for term 'back pain for two weeks the patient reports backpain for three weeks on assessment', retrying with new ticket...
2025-05-26 13:39:39,238 - WARNING - UMLS API returned status 401 for term 'back pain for two weeks the patient reports backpain for three weeks on assessment'
2025-05-26 13:39:43,127 - WARNING - 401 Unauthorized for term 'the patient is obese the backpain is made worse by sitting down for long the pain is alleviated by standing and stretching', retrying with new ticket...
2025-05-26 13:39:46,710 - WARNING - UMLS API returned status 401 for term 'the patient is obese the backpain is made worse by sitting down for long the pain is alleviated by standing and stretching'
2025-05-26 13:39:50,394 - WARNING - 401 Unauthorized for term 'and purulent nasal discharge for 10 days. low-grade fever (up to 100.5°f). no sore throat or hearing loss. pulmonary: no cough or shortness of breath. cardiovascular: no chest pain or palpitations. neurological: mild headache associated with sinus pain', retrying with new ticket...
2025-05-26 13:39:53,977 - WARNING - UMLS API returned status 401 for term 'and purulent nasal discharge for 10 days. low-grade fever (up to 100.5°f). no sore throat or hearing loss. pulmonary: no cough or shortness of breath. cardiovascular: no chest pain or palpitations. neurological: mild headache associated with sinus pain'
2025-05-26 13:39:57,866 - WARNING - 401 Unauthorized for term 'no dizziness. musculoskeletal: no joint pain or stiffness. gastrointestinal: no nausea or diarrhea. genitourinary: no urinary changes. endocrine: no weight changes or thirst. hematologic: no easy bruising or bleeding. dermatologic: no rashes or lesions. psychiatric: no mood changes. ophthalmologic: no vision changes. primary assessment: symptoms consistent with acute bacterial sinusitis', retrying with new ticket...
2025-05-26 13:40:02,167 - WARNING - UMLS API returned status 401 for term 'no dizziness. musculoskeletal: no joint pain or stiffness. gastrointestinal: no nausea or diarrhea. genitourinary: no urinary changes. endocrine: no weight changes or thirst. hematologic: no easy bruising or bleeding. dermatologic: no rashes or lesions. psychiatric: no mood changes. ophthalmologic: no vision changes. primary assessment: symptoms consistent with acute bacterial sinusitis'
2025-05-26 13:40:05,750 - WARNING - 401 Unauthorized for term 'likely secondary to recent viral upper respiratory infection. differential includes viral sinusitis or allergic rhinitis. other systems: neurological: headache likely related to sinusitis. endocrine: stable diabetes. cardiovascular: stable hypertension. no acute abnormalities in pulmonary', retrying with new ticket...
2025-05-26 13:40:09,334 - WARNING - UMLS API returned status 401 for term 'likely secondary to recent viral upper respiratory infection. differential includes viral sinusitis or allergic rhinitis. other systems: neurological: headache likely related to sinusitis. endocrine: stable diabetes. cardiovascular: stable hypertension. no acute abnormalities in pulmonary'
2025-05-26 13:41:37,967 - ERROR - Failed to initialize NLP pipeline: [E893] Could not find function 'replace_tokenizer' in function registry 'callbacks'. If you're using a custom function, make sure the code is available. If the function is provided by a third-party package, e.g. spacy-transformers, make sure the package is installed in your environment.

Available names: spacy.copy_from_base_model.v1, spacy.models_and_pipes_with_nvtx_range.v1, spacy.models_with_nvtx_range.v1
2025-05-26 13:41:38,690 - WARNING - Using fallback spacy pipeline without parser, ner, or linker
2025-05-26 13:41:43,033 - WARNING - 401 Unauthorized for term 'patient complains of headache the headache started three days ago. the headache is associated with fevers and chills', retrying with new ticket...
2025-05-26 13:41:46,413 - WARNING - UMLS API returned status 401 for term 'patient complains of headache the headache started three days ago. the headache is associated with fevers and chills'
2025-05-26 13:41:49,690 - WARNING - 401 Unauthorized for term 'nausea and vomiting and loss of appetite the patient has jaundice in the eyes taking foods with fats makes the nausea worse taking strong tea and licking salt alleviates the nausea', retrying with new ticket...
2025-05-26 13:41:53,070 - WARNING - UMLS API returned status 401 for term 'nausea and vomiting and loss of appetite the patient has jaundice in the eyes taking foods with fats makes the nausea worse taking strong tea and licking salt alleviates the nausea'
2025-05-26 13:41:56,450 - WARNING - 401 Unauthorized for term 'patient presents with facial pain', retrying with new ticket...
2025-05-26 13:42:00,137 - WARNING - UMLS API returned status 401 for term 'patient presents with facial pain'
2025-05-26 13:42:03,722 - WARNING - 401 Unauthorized for term 'and fever for 10 days. reports purulent nasal discharge. facial pain over maxillary sinuses', retrying with new ticket...
2025-05-26 13:42:07,254 - WARNING - UMLS API returned status 401 for term 'and fever for 10 days. reports purulent nasal discharge. facial pain over maxillary sinuses'
2025-05-26 13:42:10,789 - WARNING - 401 Unauthorized for term 'bilateral nasal congestion', retrying with new ticket...
2025-05-26 13:42:14,476 - WARNING - UMLS API returned status 401 for term 'bilateral nasal congestion'
2025-05-26 13:42:18,572 - WARNING - 401 Unauthorized for term 'back pain for two weeks the patient reports backpain for three weeks on assessment', retrying with new ticket...
2025-05-26 13:42:22,260 - WARNING - UMLS API returned status 401 for term 'back pain for two weeks the patient reports backpain for three weeks on assessment'
2025-05-26 13:42:26,152 - WARNING - 401 Unauthorized for term 'the patient is obese the backpain is made worse by sitting down for long the pain is alleviated by standing and stretching', retrying with new ticket...
2025-05-26 13:42:31,172 - WARNING - UMLS API returned status 401 for term 'the patient is obese the backpain is made worse by sitting down for long the pain is alleviated by standing and stretching'
2025-05-26 13:42:34,755 - WARNING - 401 Unauthorized for term 'and purulent nasal discharge for 10 days. low-grade fever (up to 100.5°f). no sore throat or hearing loss. pulmonary: no cough or shortness of breath. cardiovascular: no chest pain or palpitations. neurological: mild headache associated with sinus pain', retrying with new ticket...
2025-05-26 13:42:38,442 - WARNING - UMLS API returned status 401 for term 'and purulent nasal discharge for 10 days. low-grade fever (up to 100.5°f). no sore throat or hearing loss. pulmonary: no cough or shortness of breath. cardiovascular: no chest pain or palpitations. neurological: mild headache associated with sinus pain'
2025-05-26 13:42:41,931 - WARNING - 401 Unauthorized for term 'no dizziness. musculoskeletal: no joint pain or stiffness. gastrointestinal: no nausea or diarrhea. genitourinary: no urinary changes. endocrine: no weight changes or thirst. hematologic: no easy bruising or bleeding. dermatologic: no rashes or lesions. psychiatric: no mood changes. ophthalmologic: no vision changes. primary assessment: symptoms consistent with acute bacterial sinusitis', retrying with new ticket...
2025-05-26 13:42:45,715 - WARNING - UMLS API returned status 401 for term 'no dizziness. musculoskeletal: no joint pain or stiffness. gastrointestinal: no nausea or diarrhea. genitourinary: no urinary changes. endocrine: no weight changes or thirst. hematologic: no easy bruising or bleeding. dermatologic: no rashes or lesions. psychiatric: no mood changes. ophthalmologic: no vision changes. primary assessment: symptoms consistent with acute bacterial sinusitis'
2025-05-26 13:42:49,299 - WARNING - 401 Unauthorized for term 'likely secondary to recent viral upper respiratory infection. differential includes viral sinusitis or allergic rhinitis. other systems: neurological: headache likely related to sinusitis. endocrine: stable diabetes. cardiovascular: stable hypertension. no acute abnormalities in pulmonary', retrying with new ticket...
2025-05-26 13:42:52,884 - WARNING - UMLS API returned status 401 for term 'likely secondary to recent viral upper respiratory infection. differential includes viral sinusitis or allergic rhinitis. other systems: neurological: headache likely related to sinusitis. endocrine: stable diabetes. cardiovascular: stable hypertension. no acute abnormalities in pulmonary'
2025-05-26 13:44:27,344 - ERROR - Failed to initialize NLP pipeline: [E893] Could not find function 'replace_tokenizer' in function registry 'callbacks'. If you're using a custom function, make sure the code is available. If the function is provided by a third-party package, e.g. spacy-transformers, make sure the package is installed in your environment.

Available names: spacy.copy_from_base_model.v1, spacy.models_and_pipes_with_nvtx_range.v1, spacy.models_with_nvtx_range.v1
2025-05-26 13:44:28,287 - WARNING - Using fallback spacy pipeline without parser, ner, or linker
2025-05-26 13:44:28,287 - ERROR - Failed to add symptom rules: "[E001] No component 'medspacy_target_matcher' found in pipeline. Available names: ['sentencizer', 'tok2vec', 'tagger', 'attribute_ruler', 'lemmatizer', 'parser', 'ner']"
2025-05-26 13:44:28,361 - WARNING - No category mapping found for 'mood changes ophthalmologic no vision changes primary assessment symptoms consistent acute bacterial sinusitis likely secondary to recent viral upper respiratory infection differential includes viral sinusitis'. Defaulting to 'general'.
2025-05-26 13:44:28,366 - WARNING - No category mapping found for 'acute abnormalities in pulmonary musculoskeletal gi gu hematologic dermatologic psychiatric'. Defaulting to 'general'.
2025-05-26 13:44:28,370 - ERROR - Error extracting features for note ID 1: 'KnowledgeBaseUpdater' object has no attribute 'is_new_symptom'
2025-05-26 13:44:28,395 - ERROR - Failed to create MongoDB indexes: An existing index has the same name as the requested index. When index names are not specified, they are auto generated and can cause conflicts. Please refer to our documentation. Requested index: { v: 2, unique: true, key: { term: 1 }, name: "term_1" }, existing index: { v: 2, key: { term: 1 }, name: "term_1" }, full error: {'ok': 0.0, 'errmsg': 'An existing index has the same name as the requested index. When index names are not specified, they are auto generated and can cause conflicts. Please refer to our documentation. Requested index: { v: 2, unique: true, key: { term: 1 }, name: "term_1" }, existing index: { v: 2, key: { term: 1 }, name: "term_1" }', 'code': 86, 'codeName': 'IndexKeySpecsConflict'}
2025-05-26 13:44:28,426 - ERROR - Failed to create MongoDB indexes: An existing index has the same name as the requested index. When index names are not specified, they are auto generated and can cause conflicts. Please refer to our documentation. Requested index: { v: 2, unique: true, key: { term: 1 }, name: "term_1" }, existing index: { v: 2, key: { term: 1 }, name: "term_1" }, full error: {'ok': 0.0, 'errmsg': 'An existing index has the same name as the requested index. When index names are not specified, they are auto generated and can cause conflicts. Please refer to our documentation. Requested index: { v: 2, unique: true, key: { term: 1 }, name: "term_1" }, existing index: { v: 2, key: { term: 1 }, name: "term_1" }', 'code': 86, 'codeName': 'IndexKeySpecsConflict'}
2025-05-26 13:44:33,148 - WARNING - 401 Unauthorized for term 'patient complains of headache the headache started three days ago. the headache is associated with fevers and chills', retrying with new ticket...
2025-05-26 13:44:36,635 - WARNING - UMLS API returned status 401 for term 'patient complains of headache the headache started three days ago. the headache is associated with fevers and chills'
2025-05-26 13:44:40,112 - WARNING - 401 Unauthorized for term 'nausea and vomiting and loss of appetite the patient has jaundice in the eyes taking foods with fats makes the nausea worse taking strong tea and licking salt alleviates the nausea', retrying with new ticket...
2025-05-26 13:44:43,469 - WARNING - UMLS API returned status 401 for term 'nausea and vomiting and loss of appetite the patient has jaundice in the eyes taking foods with fats makes the nausea worse taking strong tea and licking salt alleviates the nausea'
2025-05-26 13:44:46,873 - WARNING - 401 Unauthorized for term 'patient presents with facial pain', retrying with new ticket...
2025-05-26 13:44:50,456 - WARNING - UMLS API returned status 401 for term 'patient presents with facial pain'
2025-05-26 13:44:54,040 - WARNING - 401 Unauthorized for term 'and fever for 10 days. reports purulent nasal discharge. facial pain over maxillary sinuses', retrying with new ticket...
2025-05-26 13:44:57,523 - WARNING - UMLS API returned status 401 for term 'and fever for 10 days. reports purulent nasal discharge. facial pain over maxillary sinuses'
2025-05-26 13:45:01,105 - WARNING - 401 Unauthorized for term 'bilateral nasal congestion', retrying with new ticket...
2025-05-26 13:45:04,896 - WARNING - UMLS API returned status 401 for term 'bilateral nasal congestion'
2025-05-26 13:45:08,378 - WARNING - 401 Unauthorized for term 'back pain for two weeks the patient reports backpain for three weeks on assessment', retrying with new ticket...
2025-05-26 13:45:12,167 - WARNING - UMLS API returned status 401 for term 'back pain for two weeks the patient reports backpain for three weeks on assessment'
2025-05-26 13:45:15,650 - WARNING - 401 Unauthorized for term 'the patient is obese the backpain is made worse by sitting down for long the pain is alleviated by standing and stretching', retrying with new ticket...
2025-05-26 13:45:19,336 - WARNING - UMLS API returned status 401 for term 'the patient is obese the backpain is made worse by sitting down for long the pain is alleviated by standing and stretching'
2025-05-26 13:45:23,023 - WARNING - 401 Unauthorized for term 'and purulent nasal discharge for 10 days. low-grade fever (up to 100.5°f). no sore throat or hearing loss. pulmonary: no cough or shortness of breath. cardiovascular: no chest pain or palpitations. neurological: mild headache associated with sinus pain', retrying with new ticket...
2025-05-26 13:45:26,506 - WARNING - UMLS API returned status 401 for term 'and purulent nasal discharge for 10 days. low-grade fever (up to 100.5°f). no sore throat or hearing loss. pulmonary: no cough or shortness of breath. cardiovascular: no chest pain or palpitations. neurological: mild headache associated with sinus pain'
2025-05-26 13:45:29,885 - WARNING - 401 Unauthorized for term 'no dizziness. musculoskeletal: no joint pain or stiffness. gastrointestinal: no nausea or diarrhea. genitourinary: no urinary changes. endocrine: no weight changes or thirst. hematologic: no easy bruising or bleeding. dermatologic: no rashes or lesions. psychiatric: no mood changes. ophthalmologic: no vision changes. primary assessment: symptoms consistent with acute bacterial sinusitis', retrying with new ticket...
2025-05-26 13:45:33,674 - WARNING - UMLS API returned status 401 for term 'no dizziness. musculoskeletal: no joint pain or stiffness. gastrointestinal: no nausea or diarrhea. genitourinary: no urinary changes. endocrine: no weight changes or thirst. hematologic: no easy bruising or bleeding. dermatologic: no rashes or lesions. psychiatric: no mood changes. ophthalmologic: no vision changes. primary assessment: symptoms consistent with acute bacterial sinusitis'
2025-05-26 13:45:37,464 - WARNING - 401 Unauthorized for term 'likely secondary to recent viral upper respiratory infection. differential includes viral sinusitis or allergic rhinitis. other systems: neurological: headache likely related to sinusitis. endocrine: stable diabetes. cardiovascular: stable hypertension. no acute abnormalities in pulmonary', retrying with new ticket...
2025-05-26 13:45:41,150 - WARNING - UMLS API returned status 401 for term 'likely secondary to recent viral upper respiratory infection. differential includes viral sinusitis or allergic rhinitis. other systems: neurological: headache likely related to sinusitis. endocrine: stable diabetes. cardiovascular: stable hypertension. no acute abnormalities in pulmonary'
2025-05-26 13:47:15,728 - ERROR - Failed to initialize NLP pipeline: [E893] Could not find function 'replace_tokenizer' in function registry 'callbacks'. If you're using a custom function, make sure the code is available. If the function is provided by a third-party package, e.g. spacy-transformers, make sure the package is installed in your environment.

Available names: spacy.copy_from_base_model.v1, spacy.models_and_pipes_with_nvtx_range.v1, spacy.models_with_nvtx_range.v1
2025-05-26 13:47:16,662 - WARNING - Using fallback spacy pipeline without parser, ner, or linker
2025-05-26 13:47:21,008 - WARNING - 401 Unauthorized for term 'patient complains of headache the headache started three days ago. the headache is associated with fevers and chills', retrying with new ticket...
2025-05-26 13:47:24,489 - WARNING - UMLS API returned status 401 for term 'patient complains of headache the headache started three days ago. the headache is associated with fevers and chills'
2025-05-26 13:47:28,278 - WARNING - 401 Unauthorized for term 'nausea and vomiting and loss of appetite the patient has jaundice in the eyes taking foods with fats makes the nausea worse taking strong tea and licking salt alleviates the nausea', retrying with new ticket...
2025-05-26 13:47:31,657 - WARNING - UMLS API returned status 401 for term 'nausea and vomiting and loss of appetite the patient has jaundice in the eyes taking foods with fats makes the nausea worse taking strong tea and licking salt alleviates the nausea'
2025-05-26 13:47:35,127 - WARNING - 401 Unauthorized for term 'patient presents with facial pain', retrying with new ticket...
2025-05-26 13:47:39,032 - WARNING - UMLS API returned status 401 for term 'patient presents with facial pain'
2025-05-26 13:47:42,412 - WARNING - 401 Unauthorized for term 'and fever for 10 days. reports purulent nasal discharge. facial pain over maxillary sinuses', retrying with new ticket...
2025-05-26 13:47:46,099 - WARNING - UMLS API returned status 401 for term 'and fever for 10 days. reports purulent nasal discharge. facial pain over maxillary sinuses'
2025-05-26 13:47:49,569 - WARNING - 401 Unauthorized for term 'bilateral nasal congestion', retrying with new ticket...
2025-05-26 13:47:52,961 - WARNING - UMLS API returned status 401 for term 'bilateral nasal congestion'
2025-05-26 13:47:56,751 - WARNING - 401 Unauthorized for term 'back pain for two weeks the patient reports backpain for three weeks on assessment', retrying with new ticket...
2025-05-26 13:48:00,950 - WARNING - UMLS API returned status 401 for term 'back pain for two weeks the patient reports backpain for three weeks on assessment'
2025-05-26 13:48:04,844 - WARNING - 401 Unauthorized for term 'the patient is obese the backpain is made worse by sitting down for long the pain is alleviated by standing and stretching', retrying with new ticket...
2025-05-26 13:48:08,953 - WARNING - UMLS API returned status 401 for term 'the patient is obese the backpain is made worse by sitting down for long the pain is alleviated by standing and stretching'
2025-05-26 13:48:12,381 - WARNING - 401 Unauthorized for term 'and purulent nasal discharge for 10 days. low-grade fever (up to 100.5°f). no sore throat or hearing loss. pulmonary: no cough or shortness of breath. cardiovascular: no chest pain or palpitations. neurological: mild headache associated with sinus pain', retrying with new ticket...
2025-05-26 13:48:19,471 - WARNING - UMLS API returned status 401 for term 'and purulent nasal discharge for 10 days. low-grade fever (up to 100.5°f). no sore throat or hearing loss. pulmonary: no cough or shortness of breath. cardiovascular: no chest pain or palpitations. neurological: mild headache associated with sinus pain'
2025-05-26 13:48:23,404 - WARNING - 401 Unauthorized for term 'no dizziness. musculoskeletal: no joint pain or stiffness. gastrointestinal: no nausea or diarrhea. genitourinary: no urinary changes. endocrine: no weight changes or thirst. hematologic: no easy bruising or bleeding. dermatologic: no rashes or lesions. psychiatric: no mood changes. ophthalmologic: no vision changes. primary assessment: symptoms consistent with acute bacterial sinusitis', retrying with new ticket...
2025-05-26 13:48:26,963 - WARNING - UMLS API returned status 401 for term 'no dizziness. musculoskeletal: no joint pain or stiffness. gastrointestinal: no nausea or diarrhea. genitourinary: no urinary changes. endocrine: no weight changes or thirst. hematologic: no easy bruising or bleeding. dermatologic: no rashes or lesions. psychiatric: no mood changes. ophthalmologic: no vision changes. primary assessment: symptoms consistent with acute bacterial sinusitis'
2025-05-26 13:48:30,521 - WARNING - 401 Unauthorized for term 'likely secondary to recent viral upper respiratory infection. differential includes viral sinusitis or allergic rhinitis. other systems: neurological: headache likely related to sinusitis. endocrine: stable diabetes. cardiovascular: stable hypertension. no acute abnormalities in pulmonary', retrying with new ticket...
2025-05-26 13:48:34,020 - WARNING - UMLS API returned status 401 for term 'likely secondary to recent viral upper respiratory infection. differential includes viral sinusitis or allergic rhinitis. other systems: neurological: headache likely related to sinusitis. endocrine: stable diabetes. cardiovascular: stable hypertension. no acute abnormalities in pulmonary'
2025-05-26 13:50:23,251 - ERROR - Failed to initialize NLP pipeline: [E893] Could not find function 'replace_tokenizer' in function registry 'callbacks'. If you're using a custom function, make sure the code is available. If the function is provided by a third-party package, e.g. spacy-transformers, make sure the package is installed in your environment.

Available names: spacy.copy_from_base_model.v1, spacy.models_and_pipes_with_nvtx_range.v1, spacy.models_with_nvtx_range.v1
2025-05-26 13:50:23,974 - WARNING - Using fallback spacy pipeline without parser, ner, or linker
2025-05-26 13:50:23,974 - ERROR - Failed to add symptom rules: "[E001] No component 'medspacy_target_matcher' found in pipeline. Available names: ['sentencizer', 'tok2vec', 'tagger', 'attribute_ruler', 'lemmatizer', 'parser', 'ner']"
2025-05-26 13:50:24,023 - WARNING - No category mapping found for 'mood changes ophthalmologic no vision changes primary assessment symptoms consistent acute bacterial sinusitis likely secondary to recent viral upper respiratory infection differential includes viral sinusitis'. Defaulting to 'general'.
2025-05-26 13:50:24,035 - WARNING - No category mapping found for 'acute abnormalities in pulmonary musculoskeletal gi gu hematologic dermatologic psychiatric'. Defaulting to 'general'.
2025-05-26 13:50:24,042 - WARNING - Missing symptoms: ['patient presents with facial pain, nasal congestion, and fever for 10 days. reports purulent nasal discharge.']. Initiating knowledge base update.
2025-05-26 13:50:24,042 - ERROR - Error extracting features for note ID 1: 'KnowledgeBaseUpdater' object has no attribute 'is_new_symptom'
2025-05-26 13:50:24,067 - ERROR - Failed to create MongoDB indexes: An existing index has the same name as the requested index. When index names are not specified, they are auto generated and can cause conflicts. Please refer to our documentation. Requested index: { v: 2, unique: true, key: { term: 1 }, name: "term_1" }, existing index: { v: 2, key: { term: 1 }, name: "term_1" }, full error: {'ok': 0.0, 'errmsg': 'An existing index has the same name as the requested index. When index names are not specified, they are auto generated and can cause conflicts. Please refer to our documentation. Requested index: { v: 2, unique: true, key: { term: 1 }, name: "term_1" }, existing index: { v: 2, key: { term: 1 }, name: "term_1" }', 'code': 86, 'codeName': 'IndexKeySpecsConflict'}
2025-05-26 13:50:24,086 - ERROR - Failed to create MongoDB indexes: An existing index has the same name as the requested index. When index names are not specified, they are auto generated and can cause conflicts. Please refer to our documentation. Requested index: { v: 2, unique: true, key: { term: 1 }, name: "term_1" }, existing index: { v: 2, key: { term: 1 }, name: "term_1" }, full error: {'ok': 0.0, 'errmsg': 'An existing index has the same name as the requested index. When index names are not specified, they are auto generated and can cause conflicts. Please refer to our documentation. Requested index: { v: 2, unique: true, key: { term: 1 }, name: "term_1" }, existing index: { v: 2, key: { term: 1 }, name: "term_1" }', 'code': 86, 'codeName': 'IndexKeySpecsConflict'}
2025-05-26 13:50:33,413 - WARNING - 401 Unauthorized for term 'patient complains of headache the headache started three days ago. the headache is associated with fevers and chills', retrying with new ticket...
2025-05-26 13:50:36,735 - WARNING - UMLS API returned status 401 for term 'patient complains of headache the headache started three days ago. the headache is associated with fevers and chills'
2025-05-26 13:50:40,063 - WARNING - 401 Unauthorized for term 'nausea and vomiting and loss of appetite the patient has jaundice in the eyes taking foods with fats makes the nausea worse taking strong tea and licking salt alleviates the nausea', retrying with new ticket...
2025-05-26 13:50:43,380 - WARNING - UMLS API returned status 401 for term 'nausea and vomiting and loss of appetite the patient has jaundice in the eyes taking foods with fats makes the nausea worse taking strong tea and licking salt alleviates the nausea'
2025-05-26 13:50:46,862 - WARNING - 401 Unauthorized for term 'patient presents with facial pain', retrying with new ticket...
2025-05-26 13:50:50,241 - WARNING - UMLS API returned status 401 for term 'patient presents with facial pain'
2025-05-26 13:50:53,791 - WARNING - 401 Unauthorized for term 'and fever for 10 days. reports purulent nasal discharge. facial pain over maxillary sinuses', retrying with new ticket...
2025-05-26 13:50:57,616 - WARNING - UMLS API returned status 401 for term 'and fever for 10 days. reports purulent nasal discharge. facial pain over maxillary sinuses'
2025-05-26 13:51:01,406 - WARNING - 401 Unauthorized for term 'bilateral nasal congestion', retrying with new ticket...
2025-05-26 13:51:05,092 - WARNING - UMLS API returned status 401 for term 'bilateral nasal congestion'
2025-05-26 13:51:08,471 - WARNING - 401 Unauthorized for term 'back pain for two weeks the patient reports backpain for three weeks on assessment', retrying with new ticket...
2025-05-26 13:51:11,851 - WARNING - UMLS API returned status 401 for term 'back pain for two weeks the patient reports backpain for three weeks on assessment'
2025-05-26 13:51:15,538 - WARNING - 401 Unauthorized for term 'the patient is obese the backpain is made worse by sitting down for long the pain is alleviated by standing and stretching', retrying with new ticket...
2025-05-26 13:51:19,123 - WARNING - UMLS API returned status 401 for term 'the patient is obese the backpain is made worse by sitting down for long the pain is alleviated by standing and stretching'
2025-05-26 13:51:22,591 - WARNING - 401 Unauthorized for term 'and purulent nasal discharge for 10 days. low-grade fever (up to 100.5°f). no sore throat or hearing loss. pulmonary: no cough or shortness of breath. cardiovascular: no chest pain or palpitations. neurological: mild headache associated with sinus pain', retrying with new ticket...
2025-05-26 13:51:25,981 - WARNING - UMLS API returned status 401 for term 'and purulent nasal discharge for 10 days. low-grade fever (up to 100.5°f). no sore throat or hearing loss. pulmonary: no cough or shortness of breath. cardiovascular: no chest pain or palpitations. neurological: mild headache associated with sinus pain'
2025-05-26 13:51:29,466 - WARNING - 401 Unauthorized for term 'no dizziness. musculoskeletal: no joint pain or stiffness. gastrointestinal: no nausea or diarrhea. genitourinary: no urinary changes. endocrine: no weight changes or thirst. hematologic: no easy bruising or bleeding. dermatologic: no rashes or lesions. psychiatric: no mood changes. ophthalmologic: no vision changes. primary assessment: symptoms consistent with acute bacterial sinusitis', retrying with new ticket...
2025-05-26 13:51:33,051 - WARNING - UMLS API returned status 401 for term 'no dizziness. musculoskeletal: no joint pain or stiffness. gastrointestinal: no nausea or diarrhea. genitourinary: no urinary changes. endocrine: no weight changes or thirst. hematologic: no easy bruising or bleeding. dermatologic: no rashes or lesions. psychiatric: no mood changes. ophthalmologic: no vision changes. primary assessment: symptoms consistent with acute bacterial sinusitis'
2025-05-26 13:51:36,739 - WARNING - 401 Unauthorized for term 'likely secondary to recent viral upper respiratory infection. differential includes viral sinusitis or allergic rhinitis. other systems: neurological: headache likely related to sinusitis. endocrine: stable diabetes. cardiovascular: stable hypertension. no acute abnormalities in pulmonary', retrying with new ticket...
2025-05-26 13:51:40,322 - WARNING - UMLS API returned status 401 for term 'likely secondary to recent viral upper respiratory infection. differential includes viral sinusitis or allergic rhinitis. other systems: neurological: headache likely related to sinusitis. endocrine: stable diabetes. cardiovascular: stable hypertension. no acute abnormalities in pulmonary'
2025-05-26 13:52:32,350 - WARNING - Failed to add scispacy_linker: ('Connection aborted.', RemoteDisconnected('Remote end closed connection without response')). Continuing without UMLS linking.
2025-05-26 13:52:34,805 - ERROR - Failed to initialize NLP pipeline: [E893] Could not find function 'replace_tokenizer' in function registry 'callbacks'. If you're using a custom function, make sure the code is available. If the function is provided by a third-party package, e.g. spacy-transformers, make sure the package is installed in your environment.

Available names: spacy.copy_from_base_model.v1, spacy.models_and_pipes_with_nvtx_range.v1, spacy.models_with_nvtx_range.v1
2025-05-26 13:52:35,530 - WARNING - Using fallback spacy pipeline without parser, ner, or linker
2025-05-26 13:52:41,669 - WARNING - 401 Unauthorized for term 'patient complains of headache the headache started three days ago. the headache is associated with fevers and chills', retrying with new ticket...
2025-05-26 13:52:45,276 - WARNING - UMLS API returned status 401 for term 'patient complains of headache the headache started three days ago. the headache is associated with fevers and chills'
2025-05-26 13:52:49,247 - WARNING - 401 Unauthorized for term 'nausea and vomiting and loss of appetite the patient has jaundice in the eyes taking foods with fats makes the nausea worse taking strong tea and licking salt alleviates the nausea', retrying with new ticket...
2025-05-26 13:52:52,934 - WARNING - UMLS API returned status 401 for term 'nausea and vomiting and loss of appetite the patient has jaundice in the eyes taking foods with fats makes the nausea worse taking strong tea and licking salt alleviates the nausea'
2025-05-26 13:52:56,622 - WARNING - 401 Unauthorized for term 'patient presents with facial pain', retrying with new ticket...
2025-05-26 13:53:00,513 - WARNING - UMLS API returned status 401 for term 'patient presents with facial pain'
2025-05-26 13:53:04,200 - WARNING - 401 Unauthorized for term 'and fever for 10 days. reports purulent nasal discharge. facial pain over maxillary sinuses', retrying with new ticket...
2025-05-26 13:53:07,989 - WARNING - UMLS API returned status 401 for term 'and fever for 10 days. reports purulent nasal discharge. facial pain over maxillary sinuses'
2025-05-26 13:53:17,003 - WARNING - 401 Unauthorized for term 'bilateral nasal congestion', retrying with new ticket...
2025-05-26 13:53:20,586 - WARNING - UMLS API returned status 401 for term 'bilateral nasal congestion'
2025-05-26 13:53:24,277 - WARNING - 401 Unauthorized for term 'back pain for two weeks the patient reports backpain for three weeks on assessment', retrying with new ticket...
2025-05-26 13:53:27,857 - WARNING - UMLS API returned status 401 for term 'back pain for two weeks the patient reports backpain for three weeks on assessment'
2025-05-26 13:53:31,185 - WARNING - 401 Unauthorized for term 'the patient is obese the backpain is made worse by sitting down for long the pain is alleviated by standing and stretching', retrying with new ticket...
2025-05-26 13:53:34,787 - WARNING - UMLS API returned status 401 for term 'the patient is obese the backpain is made worse by sitting down for long the pain is alleviated by standing and stretching'
2025-05-26 13:53:38,303 - WARNING - 401 Unauthorized for term 'and purulent nasal discharge for 10 days. low-grade fever (up to 100.5°f). no sore throat or hearing loss. pulmonary: no cough or shortness of breath. cardiovascular: no chest pain or palpitations. neurological: mild headache associated with sinus pain', retrying with new ticket...
2025-05-26 13:53:42,093 - WARNING - UMLS API returned status 401 for term 'and purulent nasal discharge for 10 days. low-grade fever (up to 100.5°f). no sore throat or hearing loss. pulmonary: no cough or shortness of breath. cardiovascular: no chest pain or palpitations. neurological: mild headache associated with sinus pain'
2025-05-26 13:53:45,677 - WARNING - 401 Unauthorized for term 'no dizziness. musculoskeletal: no joint pain or stiffness. gastrointestinal: no nausea or diarrhea. genitourinary: no urinary changes. endocrine: no weight changes or thirst. hematologic: no easy bruising or bleeding. dermatologic: no rashes or lesions. psychiatric: no mood changes. ophthalmologic: no vision changes. primary assessment: symptoms consistent with acute bacterial sinusitis', retrying with new ticket...
2025-05-26 13:53:49,269 - WARNING - UMLS API returned status 401 for term 'no dizziness. musculoskeletal: no joint pain or stiffness. gastrointestinal: no nausea or diarrhea. genitourinary: no urinary changes. endocrine: no weight changes or thirst. hematologic: no easy bruising or bleeding. dermatologic: no rashes or lesions. psychiatric: no mood changes. ophthalmologic: no vision changes. primary assessment: symptoms consistent with acute bacterial sinusitis'
2025-05-26 13:53:52,949 - WARNING - 401 Unauthorized for term 'likely secondary to recent viral upper respiratory infection. differential includes viral sinusitis or allergic rhinitis. other systems: neurological: headache likely related to sinusitis. endocrine: stable diabetes. cardiovascular: stable hypertension. no acute abnormalities in pulmonary', retrying with new ticket...
2025-05-26 13:53:56,636 - WARNING - UMLS API returned status 401 for term 'likely secondary to recent viral upper respiratory infection. differential includes viral sinusitis or allergic rhinitis. other systems: neurological: headache likely related to sinusitis. endocrine: stable diabetes. cardiovascular: stable hypertension. no acute abnormalities in pulmonary'
2025-05-26 13:56:10,239 - WARNING - Failed to add scispacy_linker: ('Connection aborted.', RemoteDisconnected('Remote end closed connection without response')). Continuing without UMLS linking.
2025-05-26 13:56:11,196 - ERROR - Failed to initialize NLP pipeline: [E893] Could not find function 'replace_tokenizer' in function registry 'callbacks'. If you're using a custom function, make sure the code is available. If the function is provided by a third-party package, e.g. spacy-transformers, make sure the package is installed in your environment.

Available names: spacy.copy_from_base_model.v1, spacy.models_and_pipes_with_nvtx_range.v1, spacy.models_with_nvtx_range.v1
2025-05-26 13:56:11,907 - WARNING - Using fallback spacy pipeline without parser, ner, or linker
2025-05-26 13:56:11,908 - ERROR - Failed to add symptom rules: "[E001] No component 'medspacy_target_matcher' found in pipeline. Available names: ['sentencizer', 'tok2vec', 'tagger', 'attribute_ruler', 'lemmatizer', 'parser', 'ner']"
2025-05-26 13:56:11,923 - ERROR - Failed to create MongoDB indexes: An existing index has the same name as the requested index. When index names are not specified, they are auto generated and can cause conflicts. Please refer to our documentation. Requested index: { v: 2, unique: true, key: { term: 1 }, name: "term_1" }, existing index: { v: 2, key: { term: 1 }, name: "term_1" }, full error: {'ok': 0.0, 'errmsg': 'An existing index has the same name as the requested index. When index names are not specified, they are auto generated and can cause conflicts. Please refer to our documentation. Requested index: { v: 2, unique: true, key: { term: 1 }, name: "term_1" }, existing index: { v: 2, key: { term: 1 }, name: "term_1" }', 'code': 86, 'codeName': 'IndexKeySpecsConflict'}
2025-05-26 13:56:16,738 - WARNING - 401 Unauthorized for term 'patient complains of headache the headache started three days ago. the headache is associated with fevers and chills', retrying with new ticket...
2025-05-26 13:56:20,202 - WARNING - UMLS API returned status 401 for term 'patient complains of headache the headache started three days ago. the headache is associated with fevers and chills'
2025-05-26 13:56:23,570 - WARNING - 401 Unauthorized for term 'nausea and vomiting and loss of appetite the patient has jaundice in the eyes taking foods with fats makes the nausea worse taking strong tea and licking salt alleviates the nausea', retrying with new ticket...
2025-05-26 13:56:27,147 - WARNING - UMLS API returned status 401 for term 'nausea and vomiting and loss of appetite the patient has jaundice in the eyes taking foods with fats makes the nausea worse taking strong tea and licking salt alleviates the nausea'
2025-05-26 13:56:30,827 - WARNING - 401 Unauthorized for term 'patient presents with facial pain', retrying with new ticket...
2025-05-26 13:56:34,306 - WARNING - UMLS API returned status 401 for term 'patient presents with facial pain'
2025-05-26 13:56:37,987 - WARNING - 401 Unauthorized for term 'and fever for 10 days. reports purulent nasal discharge. facial pain over maxillary sinuses', retrying with new ticket...
2025-05-26 13:56:41,466 - WARNING - UMLS API returned status 401 for term 'and fever for 10 days. reports purulent nasal discharge. facial pain over maxillary sinuses'
2025-05-26 13:56:44,959 - WARNING - 401 Unauthorized for term 'bilateral nasal congestion', retrying with new ticket...
2025-05-26 13:56:48,525 - WARNING - UMLS API returned status 401 for term 'bilateral nasal congestion'
2025-05-26 13:56:52,207 - WARNING - 401 Unauthorized for term 'back pain for two weeks the patient reports backpain for three weeks on assessment', retrying with new ticket...
2025-05-26 13:56:56,011 - WARNING - UMLS API returned status 401 for term 'back pain for two weeks the patient reports backpain for three weeks on assessment'
2025-05-26 13:56:59,266 - WARNING - 401 Unauthorized for term 'the patient is obese the backpain is made worse by sitting down for long the pain is alleviated by standing and stretching', retrying with new ticket...
2025-05-26 13:57:02,744 - WARNING - UMLS API returned status 401 for term 'the patient is obese the backpain is made worse by sitting down for long the pain is alleviated by standing and stretching'
2025-05-26 13:57:06,531 - WARNING - 401 Unauthorized for term 'and purulent nasal discharge for 10 days. low-grade fever (up to 100.5°f). no sore throat or hearing loss. pulmonary: no cough or shortness of breath. cardiovascular: no chest pain or palpitations. neurological: mild headache associated with sinus pain', retrying with new ticket...
2025-05-26 13:57:09,907 - WARNING - UMLS API returned status 401 for term 'and purulent nasal discharge for 10 days. low-grade fever (up to 100.5°f). no sore throat or hearing loss. pulmonary: no cough or shortness of breath. cardiovascular: no chest pain or palpitations. neurological: mild headache associated with sinus pain'
2025-05-26 13:57:13,631 - WARNING - 401 Unauthorized for term 'no dizziness. musculoskeletal: no joint pain or stiffness. gastrointestinal: no nausea or diarrhea. genitourinary: no urinary changes. endocrine: no weight changes or thirst. hematologic: no easy bruising or bleeding. dermatologic: no rashes or lesions. psychiatric: no mood changes. ophthalmologic: no vision changes. primary assessment: symptoms consistent with acute bacterial sinusitis', retrying with new ticket...
2025-05-26 13:57:17,583 - WARNING - UMLS API returned status 401 for term 'no dizziness. musculoskeletal: no joint pain or stiffness. gastrointestinal: no nausea or diarrhea. genitourinary: no urinary changes. endocrine: no weight changes or thirst. hematologic: no easy bruising or bleeding. dermatologic: no rashes or lesions. psychiatric: no mood changes. ophthalmologic: no vision changes. primary assessment: symptoms consistent with acute bacterial sinusitis'
2025-05-26 13:57:21,266 - WARNING - 401 Unauthorized for term 'likely secondary to recent viral upper respiratory infection. differential includes viral sinusitis or allergic rhinitis. other systems: neurological: headache likely related to sinusitis. endocrine: stable diabetes. cardiovascular: stable hypertension. no acute abnormalities in pulmonary', retrying with new ticket...
2025-05-26 13:57:24,848 - WARNING - UMLS API returned status 401 for term 'likely secondary to recent viral upper respiratory infection. differential includes viral sinusitis or allergic rhinitis. other systems: neurological: headache likely related to sinusitis. endocrine: stable diabetes. cardiovascular: stable hypertension. no acute abnormalities in pulmonary'
2025-05-26 13:58:58,270 - ERROR - Failed to initialize NLP pipeline: [E893] Could not find function 'replace_tokenizer' in function registry 'callbacks'. If you're using a custom function, make sure the code is available. If the function is provided by a third-party package, e.g. spacy-transformers, make sure the package is installed in your environment.

Available names: spacy.copy_from_base_model.v1, spacy.models_and_pipes_with_nvtx_range.v1, spacy.models_with_nvtx_range.v1
2025-05-26 13:58:59,215 - WARNING - Using fallback spacy pipeline without parser, ner, or linker
2025-05-26 13:58:59,249 - WARNING - No category mapping found for 'mood changes ophthalmologic no vision changes primary assessment symptoms consistent acute bacterial sinusitis likely secondary to recent viral upper respiratory infection differential includes viral sinusitis'. Defaulting to 'general'.
2025-05-26 13:58:59,254 - WARNING - No category mapping found for 'acute abnormalities in pulmonary musculoskeletal gi gu hematologic dermatologic psychiatric'. Defaulting to 'general'.
2025-05-26 13:58:59,298 - WARNING - No category mapping found for 'mood changes ophthalmologic no vision changes primary assessment symptoms consistent acute bacterial sinusitis likely secondary to recent viral upper respiratory infection differential includes viral sinusitis'. Defaulting to 'general'.
2025-05-26 13:58:59,302 - WARNING - No category mapping found for 'acute abnormalities in pulmonary musculoskeletal gi gu hematologic dermatologic psychiatric'. Defaulting to 'general'.
2025-05-26 13:58:59,308 - ERROR - Error extracting features for note ID 1: 'KnowledgeBaseUpdater' object has no attribute 'is_new_symptom'
2025-05-26 13:58:59,308 - WARNING - Empty text for embedding, skipping embedding-based scoring
2025-05-26 13:58:59,310 - ERROR - Error generating differentials: string indices must be integers, not 'str'
2025-05-26 13:58:59,336 - ERROR - Error extracting features for note ID 2: 'KnowledgeBaseUpdater' object has no attribute 'is_new_symptom'
2025-05-26 13:58:59,364 - ERROR - Failed to create MongoDB indexes: An existing index has the same name as the requested index. When index names are not specified, they are auto generated and can cause conflicts. Please refer to our documentation. Requested index: { v: 2, unique: true, key: { term: 1 }, name: "term_1" }, existing index: { v: 2, key: { term: 1 }, name: "term_1" }, full error: {'ok': 0.0, 'errmsg': 'An existing index has the same name as the requested index. When index names are not specified, they are auto generated and can cause conflicts. Please refer to our documentation. Requested index: { v: 2, unique: true, key: { term: 1 }, name: "term_1" }, existing index: { v: 2, key: { term: 1 }, name: "term_1" }', 'code': 86, 'codeName': 'IndexKeySpecsConflict'}
2025-05-26 13:58:59,399 - ERROR - Failed to create MongoDB indexes: An existing index has the same name as the requested index. When index names are not specified, they are auto generated and can cause conflicts. Please refer to our documentation. Requested index: { v: 2, unique: true, key: { term: 1 }, name: "term_1" }, existing index: { v: 2, key: { term: 1 }, name: "term_1" }, full error: {'ok': 0.0, 'errmsg': 'An existing index has the same name as the requested index. When index names are not specified, they are auto generated and can cause conflicts. Please refer to our documentation. Requested index: { v: 2, unique: true, key: { term: 1 }, name: "term_1" }, existing index: { v: 2, key: { term: 1 }, name: "term_1" }', 'code': 86, 'codeName': 'IndexKeySpecsConflict'}
2025-05-26 13:59:05,305 - WARNING - 401 Unauthorized for term 'patient complains of headache the headache started three days ago. the headache is associated with fevers and chills', retrying with new ticket...
2025-05-26 13:59:08,581 - WARNING - UMLS API returned status 401 for term 'patient complains of headache the headache started three days ago. the headache is associated with fevers and chills'
2025-05-26 13:59:11,959 - WARNING - 401 Unauthorized for term 'nausea and vomiting and loss of appetite the patient has jaundice in the eyes taking foods with fats makes the nausea worse taking strong tea and licking salt alleviates the nausea', retrying with new ticket...
2025-05-26 13:59:15,337 - WARNING - UMLS API returned status 401 for term 'nausea and vomiting and loss of appetite the patient has jaundice in the eyes taking foods with fats makes the nausea worse taking strong tea and licking salt alleviates the nausea'
2025-05-26 13:59:18,818 - WARNING - 401 Unauthorized for term 'patient presents with facial pain', retrying with new ticket...
2025-05-26 13:59:22,503 - WARNING - UMLS API returned status 401 for term 'patient presents with facial pain'
2025-05-26 13:59:25,881 - WARNING - 401 Unauthorized for term 'and fever for 10 days. reports purulent nasal discharge. facial pain over maxillary sinuses', retrying with new ticket...
2025-05-26 13:59:29,362 - WARNING - UMLS API returned status 401 for term 'and fever for 10 days. reports purulent nasal discharge. facial pain over maxillary sinuses'
2025-05-26 13:59:32,860 - WARNING - 401 Unauthorized for term 'bilateral nasal congestion', retrying with new ticket...
2025-05-26 13:59:36,324 - WARNING - UMLS API returned status 401 for term 'bilateral nasal congestion'
2025-05-26 13:59:39,906 - WARNING - 401 Unauthorized for term 'back pain for two weeks the patient reports backpain for three weeks on assessment', retrying with new ticket...
2025-05-26 13:59:43,489 - WARNING - UMLS API returned status 401 for term 'back pain for two weeks the patient reports backpain for three weeks on assessment'
2025-05-26 13:59:46,970 - WARNING - 401 Unauthorized for term 'the patient is obese the backpain is made worse by sitting down for long the pain is alleviated by standing and stretching', retrying with new ticket...
2025-05-26 13:59:50,335 - WARNING - UMLS API returned status 401 for term 'the patient is obese the backpain is made worse by sitting down for long the pain is alleviated by standing and stretching'
2025-05-26 13:59:53,725 - WARNING - 401 Unauthorized for term 'and purulent nasal discharge for 10 days. low-grade fever (up to 100.5°f). no sore throat or hearing loss. pulmonary: no cough or shortness of breath. cardiovascular: no chest pain or palpitations. neurological: mild headache associated with sinus pain', retrying with new ticket...
2025-05-26 13:59:57,309 - WARNING - UMLS API returned status 401 for term 'and purulent nasal discharge for 10 days. low-grade fever (up to 100.5°f). no sore throat or hearing loss. pulmonary: no cough or shortness of breath. cardiovascular: no chest pain or palpitations. neurological: mild headache associated with sinus pain'
2025-05-26 14:00:00,991 - WARNING - 401 Unauthorized for term 'no dizziness. musculoskeletal: no joint pain or stiffness. gastrointestinal: no nausea or diarrhea. genitourinary: no urinary changes. endocrine: no weight changes or thirst. hematologic: no easy bruising or bleeding. dermatologic: no rashes or lesions. psychiatric: no mood changes. ophthalmologic: no vision changes. primary assessment: symptoms consistent with acute bacterial sinusitis', retrying with new ticket...
2025-05-26 14:00:04,683 - WARNING - UMLS API returned status 401 for term 'no dizziness. musculoskeletal: no joint pain or stiffness. gastrointestinal: no nausea or diarrhea. genitourinary: no urinary changes. endocrine: no weight changes or thirst. hematologic: no easy bruising or bleeding. dermatologic: no rashes or lesions. psychiatric: no mood changes. ophthalmologic: no vision changes. primary assessment: symptoms consistent with acute bacterial sinusitis'
2025-05-26 14:00:08,576 - WARNING - 401 Unauthorized for term 'likely secondary to recent viral upper respiratory infection. differential includes viral sinusitis or allergic rhinitis. other systems: neurological: headache likely related to sinusitis. endocrine: stable diabetes. cardiovascular: stable hypertension. no acute abnormalities in pulmonary', retrying with new ticket...
2025-05-26 14:00:11,955 - WARNING - UMLS API returned status 401 for term 'likely secondary to recent viral upper respiratory infection. differential includes viral sinusitis or allergic rhinitis. other systems: neurological: headache likely related to sinusitis. endocrine: stable diabetes. cardiovascular: stable hypertension. no acute abnormalities in pulmonary'
2025-05-26 14:01:57,235 - ERROR - Failed to initialize NLP pipeline: [E893] Could not find function 'replace_tokenizer' in function registry 'callbacks'. If you're using a custom function, make sure the code is available. If the function is provided by a third-party package, e.g. spacy-transformers, make sure the package is installed in your environment.

Available names: spacy.copy_from_base_model.v1, spacy.models_and_pipes_with_nvtx_range.v1, spacy.models_with_nvtx_range.v1
2025-05-26 14:01:58,923 - WARNING - Using fallback spacy pipeline without parser, ner, or linker
2025-05-26 14:02:04,383 - WARNING - 401 Unauthorized for term 'patient complains of headache the headache started three days ago. the headache is associated with fevers and chills', retrying with new ticket...
2025-05-26 14:02:07,968 - WARNING - UMLS API returned status 401 for term 'patient complains of headache the headache started three days ago. the headache is associated with fevers and chills'
2025-05-26 14:02:11,837 - WARNING - 401 Unauthorized for term 'nausea and vomiting and loss of appetite the patient has jaundice in the eyes taking foods with fats makes the nausea worse taking strong tea and licking salt alleviates the nausea', retrying with new ticket...
2025-05-26 14:02:15,211 - WARNING - UMLS API returned status 401 for term 'nausea and vomiting and loss of appetite the patient has jaundice in the eyes taking foods with fats makes the nausea worse taking strong tea and licking salt alleviates the nausea'
2025-05-26 14:02:20,661 - WARNING - 401 Unauthorized for term 'patient presents with facial pain', retrying with new ticket...
2025-05-26 14:02:28,236 - WARNING - UMLS API returned status 401 for term 'patient presents with facial pain'
2025-05-26 14:02:35,711 - WARNING - 401 Unauthorized for term 'and fever for 10 days. reports purulent nasal discharge. facial pain over maxillary sinuses', retrying with new ticket...
2025-05-26 14:02:41,305 - WARNING - UMLS API returned status 401 for term 'and fever for 10 days. reports purulent nasal discharge. facial pain over maxillary sinuses'
2025-05-26 14:02:45,439 - WARNING - 401 Unauthorized for term 'bilateral nasal congestion', retrying with new ticket...
2025-05-26 14:02:49,709 - WARNING - UMLS API returned status 401 for term 'bilateral nasal congestion'
2025-05-26 14:02:53,934 - WARNING - 401 Unauthorized for term 'back pain for two weeks the patient reports backpain for three weeks on assessment', retrying with new ticket...
2025-05-26 14:03:00,178 - WARNING - UMLS API returned status 401 for term 'back pain for two weeks the patient reports backpain for three weeks on assessment'
2025-05-26 14:03:05,502 - WARNING - 401 Unauthorized for term 'the patient is obese the backpain is made worse by sitting down for long the pain is alleviated by standing and stretching', retrying with new ticket...
2025-05-26 14:03:10,928 - WARNING - UMLS API returned status 401 for term 'the patient is obese the backpain is made worse by sitting down for long the pain is alleviated by standing and stretching'
2025-05-26 14:03:16,251 - WARNING - 401 Unauthorized for term 'and purulent nasal discharge for 10 days. low-grade fever (up to 100.5°f). no sore throat or hearing loss. pulmonary: no cough or shortness of breath. cardiovascular: no chest pain or palpitations. neurological: mild headache associated with sinus pain', retrying with new ticket...
2025-05-26 14:03:20,551 - WARNING - UMLS API returned status 401 for term 'and purulent nasal discharge for 10 days. low-grade fever (up to 100.5°f). no sore throat or hearing loss. pulmonary: no cough or shortness of breath. cardiovascular: no chest pain or palpitations. neurological: mild headache associated with sinus pain'
2025-05-26 14:03:25,465 - WARNING - 401 Unauthorized for term 'no dizziness. musculoskeletal: no joint pain or stiffness. gastrointestinal: no nausea or diarrhea. genitourinary: no urinary changes. endocrine: no weight changes or thirst. hematologic: no easy bruising or bleeding. dermatologic: no rashes or lesions. psychiatric: no mood changes. ophthalmologic: no vision changes. primary assessment: symptoms consistent with acute bacterial sinusitis', retrying with new ticket...
2025-05-26 14:03:30,820 - WARNING - UMLS API returned status 401 for term 'no dizziness. musculoskeletal: no joint pain or stiffness. gastrointestinal: no nausea or diarrhea. genitourinary: no urinary changes. endocrine: no weight changes or thirst. hematologic: no easy bruising or bleeding. dermatologic: no rashes or lesions. psychiatric: no mood changes. ophthalmologic: no vision changes. primary assessment: symptoms consistent with acute bacterial sinusitis'
2025-05-26 14:03:36,420 - WARNING - 401 Unauthorized for term 'likely secondary to recent viral upper respiratory infection. differential includes viral sinusitis or allergic rhinitis. other systems: neurological: headache likely related to sinusitis. endocrine: stable diabetes. cardiovascular: stable hypertension. no acute abnormalities in pulmonary', retrying with new ticket...
2025-05-26 14:03:40,821 - WARNING - UMLS API returned status 401 for term 'likely secondary to recent viral upper respiratory infection. differential includes viral sinusitis or allergic rhinitis. other systems: neurological: headache likely related to sinusitis. endocrine: stable diabetes. cardiovascular: stable hypertension. no acute abnormalities in pulmonary'
2025-05-26 14:06:15,957 - WARNING - Diagnosis relevance weights for facial pain|nasal congestion|sinusitis|sinus pain|purulent nasal discharge do not sum to 1.0: 0
2025-05-26 14:06:15,957 - WARNING - Diagnosis relevance weights for cough do not sum to 1.0: 0
2025-05-26 14:06:15,957 - WARNING - Diagnosis relevance weights for headache|photophobia do not sum to 1.0: 0
2025-05-26 14:06:15,958 - WARNING - Diagnosis relevance weights for chest pain|shortness of breath|chest tightness do not sum to 1.0: 0
2025-05-26 14:06:15,958 - WARNING - Diagnosis relevance weights for epigastric pain|nausea do not sum to 1.0: 0
2025-05-26 14:06:15,958 - WARNING - Diagnosis relevance weights for knee pain|swelling do not sum to 1.0: 0
2025-05-26 14:06:15,958 - WARNING - Diagnosis relevance weights for back pain|lower back pain|backache do not sum to 1.0: 0
2025-05-26 14:06:15,959 - WARNING - Diagnosis relevance weights for fever|chills do not sum to 1.0: 0
2025-05-26 14:06:15,959 - WARNING - Diagnosis relevance weights for fatigue|obesity do not sum to 1.0: 0
2025-05-26 14:06:15,959 - WARNING - Diagnosis angina relevance weights do not sum to 1.0: 0.8
2025-05-26 14:06:15,999 - ERROR - Invalid JSON in /home/mathu/projects/hospital/departments/nlp/knowledge_base/medical_terms.json: Expecting value: line 7 column 12 (char 143). Using default data.
2025-05-26 14:06:16,032 - ERROR - Failed to create MongoDB indexes: An existing index has the same name as the requested index. When index names are not specified, they are auto generated and can cause conflicts. Please refer to our documentation. Requested index: { v: 2, unique: true, key: { term: 1 }, name: "term_1" }, existing index: { v: 2, key: { term: 1 }, name: "term_1" }, full error: {'ok': 0.0, 'errmsg': 'An existing index has the same name as the requested index. When index names are not specified, they are auto generated and can cause conflicts. Please refer to our documentation. Requested index: { v: 2, unique: true, key: { term: 1 }, name: "term_1" }, existing index: { v: 2, key: { term: 1 }, name: "term_1" }', 'code': 86, 'codeName': 'IndexKeySpecsConflict'}
2025-05-26 14:06:16,058 - ERROR - Failed to create MongoDB indexes: An existing index has the same name as the requested index. When index names are not specified, they are auto generated and can cause conflicts. Please refer to our documentation. Requested index: { v: 2, unique: true, key: { term: 1 }, name: "term_1" }, existing index: { v: 2, key: { term: 1 }, name: "term_1" }, full error: {'ok': 0.0, 'errmsg': 'An existing index has the same name as the requested index. When index names are not specified, they are auto generated and can cause conflicts. Please refer to our documentation. Requested index: { v: 2, unique: true, key: { term: 1 }, name: "term_1" }, existing index: { v: 2, key: { term: 1 }, name: "term_1" }', 'code': 86, 'codeName': 'IndexKeySpecsConflict'}
2025-05-26 14:06:16,828 - WARNING - Failed to reconfigure tokenizer from config: 'spacy.tokenizer.Tokenizer' object has no attribute 'from_config'
2025-05-26 14:06:43,325 - ERROR - Error retrieving UMLS service ticket: HTTPSConnectionPool(host='utslogin.nlm.nih.gov', port=443): Max retries exceeded with url: /cas/v1/api-key (Caused by ConnectTimeoutError(<urllib3.connection.HTTPSConnection object at 0x7e8999a1b4d0>, 'Connection to utslogin.nlm.nih.gov timed out. (connect timeout=5)'))
2025-05-26 14:06:43,326 - ERROR - No ticket returned for term: patient complains of headache the headache started three days ago. the headache is associated with fevers and chills
2025-05-26 14:07:24,451 - ERROR - Error retrieving UMLS service ticket: HTTPSConnectionPool(host='utslogin.nlm.nih.gov', port=443): Max retries exceeded with url: /cas/v1/api-key (Caused by ConnectTimeoutError(<urllib3.connection.HTTPSConnection object at 0x7e8999a73710>, 'Connection to utslogin.nlm.nih.gov timed out. (connect timeout=5)'))
2025-05-26 14:07:24,452 - ERROR - No ticket returned for term: nausea and vomiting and loss of appetite the patient has jaundice in the eyes taking foods with fats makes the nausea worse taking strong tea and licking salt alleviates the nausea
2025-05-26 14:08:00,503 - ERROR - Error retrieving UMLS service ticket: HTTPSConnectionPool(host='utslogin.nlm.nih.gov', port=443): Max retries exceeded with url: /cas/v1/api-key (Caused by ConnectTimeoutError(<urllib3.connection.HTTPSConnection object at 0x7e8999a73750>, 'Connection to utslogin.nlm.nih.gov timed out. (connect timeout=5)'))
2025-05-26 14:08:00,505 - ERROR - No ticket returned for term: patient presents with facial pain
2025-05-26 14:08:26,564 - ERROR - Error retrieving UMLS service ticket: HTTPSConnectionPool(host='utslogin.nlm.nih.gov', port=443): Max retries exceeded with url: /cas/v1/api-key (Caused by ConnectTimeoutError(<urllib3.connection.HTTPSConnection object at 0x7e8999a1be90>, 'Connection to utslogin.nlm.nih.gov timed out. (connect timeout=5)'))
2025-05-26 14:08:26,565 - ERROR - No ticket returned for term: and fever for 10 days. reports purulent nasal discharge. facial pain over maxillary sinuses
2025-05-26 14:08:52,625 - ERROR - Error retrieving UMLS service ticket: HTTPSConnectionPool(host='utslogin.nlm.nih.gov', port=443): Max retries exceeded with url: /cas/v1/api-key (Caused by ConnectTimeoutError(<urllib3.connection.HTTPSConnection object at 0x7e8999a74990>, 'Connection to utslogin.nlm.nih.gov timed out. (connect timeout=5)'))
2025-05-26 14:08:52,626 - ERROR - No ticket returned for term: bilateral nasal congestion
2025-05-26 14:09:18,687 - ERROR - Error retrieving UMLS service ticket: HTTPSConnectionPool(host='utslogin.nlm.nih.gov', port=443): Max retries exceeded with url: /cas/v1/api-key (Caused by ConnectTimeoutError(<urllib3.connection.HTTPSConnection object at 0x7e8998834990>, 'Connection to utslogin.nlm.nih.gov timed out. (connect timeout=5)'))
2025-05-26 14:09:18,688 - ERROR - No ticket returned for term: back pain for two weeks the patient reports backpain for three weeks on assessment
2025-05-26 14:09:44,746 - ERROR - Error retrieving UMLS service ticket: HTTPSConnectionPool(host='utslogin.nlm.nih.gov', port=443): Max retries exceeded with url: /cas/v1/api-key (Caused by ConnectTimeoutError(<urllib3.connection.HTTPSConnection object at 0x7e89b9932cd0>, 'Connection to utslogin.nlm.nih.gov timed out. (connect timeout=5)'))
2025-05-26 14:09:44,747 - ERROR - No ticket returned for term: the patient is obese the backpain is made worse by sitting down for long the pain is alleviated by standing and stretching
2025-05-26 14:10:10,811 - ERROR - Error retrieving UMLS service ticket: HTTPSConnectionPool(host='utslogin.nlm.nih.gov', port=443): Max retries exceeded with url: /cas/v1/api-key (Caused by ConnectTimeoutError(<urllib3.connection.HTTPSConnection object at 0x7e8999a75fd0>, 'Connection to utslogin.nlm.nih.gov timed out. (connect timeout=5)'))
2025-05-26 14:10:10,811 - ERROR - No ticket returned for term: and purulent nasal discharge for 10 days. low-grade fever (up to 100.5°f). no sore throat or hearing loss. pulmonary: no cough or shortness of breath. cardiovascular: no chest pain or palpitations. neurological: mild headache associated with sinus pain
2025-05-26 14:10:36,866 - ERROR - Error retrieving UMLS service ticket: HTTPSConnectionPool(host='utslogin.nlm.nih.gov', port=443): Max retries exceeded with url: /cas/v1/api-key (Caused by ConnectTimeoutError(<urllib3.connection.HTTPSConnection object at 0x7e8999a73290>, 'Connection to utslogin.nlm.nih.gov timed out. (connect timeout=5)'))
2025-05-26 14:10:36,866 - ERROR - No ticket returned for term: no dizziness. musculoskeletal: no joint pain or stiffness. gastrointestinal: no nausea or diarrhea. genitourinary: no urinary changes. endocrine: no weight changes or thirst. hematologic: no easy bruising or bleeding. dermatologic: no rashes or lesions. psychiatric: no mood changes. ophthalmologic: no vision changes. primary assessment: symptoms consistent with acute bacterial sinusitis
2025-05-26 14:10:53,932 - ERROR - Error retrieving UMLS service ticket: HTTPSConnectionPool(host='utslogin.nlm.nih.gov', port=443): Max retries exceeded with url: /cas/v1/api-key (Caused by ConnectTimeoutError(<urllib3.connection.HTTPSConnection object at 0x7e8999a18f50>, 'Connection to utslogin.nlm.nih.gov timed out. (connect timeout=5)'))
2025-05-26 14:10:53,933 - ERROR - No ticket returned for term: likely secondary to recent viral upper respiratory infection. differential includes viral sinusitis or allergic rhinitis. other systems: neurological: headache likely related to sinusitis. endocrine: stable diabetes. cardiovascular: stable hypertension. no acute abnormalities in pulmonary
2025-05-26 14:13:43,373 - WARNING - Failed to add scispacy_linker: ('Connection aborted.', ConnectionResetError(104, 'Connection reset by peer')). Continuing without UMLS linking.
2025-05-26 14:13:43,407 - ERROR - Failed to initialize NLP pipeline: [E893] Could not find function 'replace_tokenizer' in function registry 'callbacks'. If you're using a custom function, make sure the code is available. If the function is provided by a third-party package, e.g. spacy-transformers, make sure the package is installed in your environment.

Available names: spacy.copy_from_base_model.v1, spacy.models_and_pipes_with_nvtx_range.v1, spacy.models_with_nvtx_range.v1
2025-05-26 14:13:44,128 - WARNING - Using fallback spacy pipeline without parser, ner, or linker
2025-05-26 14:13:44,846 - WARNING - Failed to reconfigure tokenizer from config: 'spacy.tokenizer.Tokenizer' object has no attribute 'from_config'
2025-05-26 14:14:15,923 - ERROR - Error retrieving UMLS service ticket: HTTPSConnectionPool(host='utslogin.nlm.nih.gov', port=443): Max retries exceeded with url: /cas/v1/api-key (Caused by ConnectTimeoutError(<urllib3.connection.HTTPSConnection object at 0x7e8814f74a50>, 'Connection to utslogin.nlm.nih.gov timed out. (connect timeout=5)'))
2025-05-26 14:14:15,924 - ERROR - No ticket returned for term: patient complains of headache the headache started three days ago. the headache is associated with fevers and chills
2025-05-26 14:14:42,039 - ERROR - Error retrieving UMLS service ticket: HTTPSConnectionPool(host='utslogin.nlm.nih.gov', port=443): Max retries exceeded with url: /cas/v1/api-key (Caused by ConnectTimeoutError(<urllib3.connection.HTTPSConnection object at 0x7e8814f682d0>, 'Connection to utslogin.nlm.nih.gov timed out. (connect timeout=5)'))
2025-05-26 14:14:42,040 - ERROR - No ticket returned for term: nausea and vomiting and loss of appetite the patient has jaundice in the eyes taking foods with fats makes the nausea worse taking strong tea and licking salt alleviates the nausea
2025-05-26 14:15:08,209 - ERROR - Error retrieving UMLS service ticket: HTTPSConnectionPool(host='utslogin.nlm.nih.gov', port=443): Max retries exceeded with url: /cas/v1/api-key (Caused by ConnectTimeoutError(<urllib3.connection.HTTPSConnection object at 0x7e8814f6b910>, 'Connection to utslogin.nlm.nih.gov timed out. (connect timeout=5)'))
2025-05-26 14:15:08,210 - ERROR - No ticket returned for term: patient presents with facial pain
2025-05-26 14:15:34,317 - ERROR - Error retrieving UMLS service ticket: HTTPSConnectionPool(host='utslogin.nlm.nih.gov', port=443): Max retries exceeded with url: /cas/v1/api-key (Caused by ConnectTimeoutError(<urllib3.connection.HTTPSConnection object at 0x7e8814f6bc10>, 'Connection to utslogin.nlm.nih.gov timed out. (connect timeout=5)'))
2025-05-26 14:15:34,318 - ERROR - No ticket returned for term: and fever for 10 days. reports purulent nasal discharge. facial pain over maxillary sinuses
2025-05-26 14:16:00,375 - ERROR - Error retrieving UMLS service ticket: HTTPSConnectionPool(host='utslogin.nlm.nih.gov', port=443): Max retries exceeded with url: /cas/v1/api-key (Caused by ConnectTimeoutError(<urllib3.connection.HTTPSConnection object at 0x7e8814f7f290>, 'Connection to utslogin.nlm.nih.gov timed out. (connect timeout=5)'))
2025-05-26 14:16:00,376 - ERROR - No ticket returned for term: bilateral nasal congestion
2025-05-26 14:16:26,483 - ERROR - Error retrieving UMLS service ticket: HTTPSConnectionPool(host='utslogin.nlm.nih.gov', port=443): Max retries exceeded with url: /cas/v1/api-key (Caused by ConnectTimeoutError(<urllib3.connection.HTTPSConnection object at 0x7e8814f74d10>, 'Connection to utslogin.nlm.nih.gov timed out. (connect timeout=5)'))
2025-05-26 14:16:26,484 - ERROR - No ticket returned for term: back pain for two weeks the patient reports backpain for three weeks on assessment
2025-05-26 14:16:52,541 - ERROR - Error retrieving UMLS service ticket: HTTPSConnectionPool(host='utslogin.nlm.nih.gov', port=443): Max retries exceeded with url: /cas/v1/api-key (Caused by ConnectTimeoutError(<urllib3.connection.HTTPSConnection object at 0x7e8814f78d50>, 'Connection to utslogin.nlm.nih.gov timed out. (connect timeout=5)'))
2025-05-26 14:16:52,542 - ERROR - No ticket returned for term: the patient is obese the backpain is made worse by sitting down for long the pain is alleviated by standing and stretching
2025-05-26 14:17:12,045 - WARNING - 401 Unauthorized for term 'and purulent nasal discharge for 10 days. low-grade fever (up to 100.5°f). no sore throat or hearing loss. pulmonary: no cough or shortness of breath. cardiovascular: no chest pain or palpitations. neurological: mild headache associated with sinus pain', retrying with new ticket...
2025-05-26 14:17:15,527 - WARNING - UMLS API returned status 401 for term 'and purulent nasal discharge for 10 days. low-grade fever (up to 100.5°f). no sore throat or hearing loss. pulmonary: no cough or shortness of breath. cardiovascular: no chest pain or palpitations. neurological: mild headache associated with sinus pain'
2025-05-26 14:17:19,623 - WARNING - 401 Unauthorized for term 'no dizziness. musculoskeletal: no joint pain or stiffness. gastrointestinal: no nausea or diarrhea. genitourinary: no urinary changes. endocrine: no weight changes or thirst. hematologic: no easy bruising or bleeding. dermatologic: no rashes or lesions. psychiatric: no mood changes. ophthalmologic: no vision changes. primary assessment: symptoms consistent with acute bacterial sinusitis', retrying with new ticket...
2025-05-26 14:17:27,200 - WARNING - UMLS API returned status 401 for term 'no dizziness. musculoskeletal: no joint pain or stiffness. gastrointestinal: no nausea or diarrhea. genitourinary: no urinary changes. endocrine: no weight changes or thirst. hematologic: no easy bruising or bleeding. dermatologic: no rashes or lesions. psychiatric: no mood changes. ophthalmologic: no vision changes. primary assessment: symptoms consistent with acute bacterial sinusitis'
2025-05-26 14:17:30,783 - WARNING - 401 Unauthorized for term 'likely secondary to recent viral upper respiratory infection. differential includes viral sinusitis or allergic rhinitis. other systems: neurological: headache likely related to sinusitis. endocrine: stable diabetes. cardiovascular: stable hypertension. no acute abnormalities in pulmonary', retrying with new ticket...
2025-05-26 14:17:34,176 - WARNING - UMLS API returned status 401 for term 'likely secondary to recent viral upper respiratory infection. differential includes viral sinusitis or allergic rhinitis. other systems: neurological: headache likely related to sinusitis. endocrine: stable diabetes. cardiovascular: stable hypertension. no acute abnormalities in pulmonary'
2025-05-26 14:18:16,532 - WARNING - Failed to add scispacy_linker: ('Connection aborted.', RemoteDisconnected('Remote end closed connection without response')). Continuing without UMLS linking.
2025-05-26 14:18:16,564 - ERROR - Failed to initialize NLP pipeline: [E893] Could not find function 'replace_tokenizer' in function registry 'callbacks'. If you're using a custom function, make sure the code is available. If the function is provided by a third-party package, e.g. spacy-transformers, make sure the package is installed in your environment.

Available names: spacy.copy_from_base_model.v1, spacy.models_and_pipes_with_nvtx_range.v1, spacy.models_with_nvtx_range.v1
2025-05-26 14:18:18,203 - WARNING - Using fallback spacy pipeline without parser, ner, or linker
2025-05-26 14:18:18,204 - ERROR - Failed to add symptom rules: "[E001] No component 'medspacy_target_matcher' found in pipeline. Available names: ['sentencizer', 'tok2vec', 'tagger', 'attribute_ruler', 'lemmatizer', 'parser', 'ner']"
2025-05-26 14:18:18,267 - WARNING - No category mapping found for 'mood changes ophthalmologic no vision changes primary assessment symptoms consistent acute bacterial sinusitis likely secondary to recent viral upper respiratory infection differential includes viral sinusitis'. Defaulting to 'general'.
2025-05-26 14:18:18,272 - WARNING - No category mapping found for 'acute abnormalities in pulmonary musculoskeletal gi gu hematologic dermatologic psychiatric'. Defaulting to 'general'.
2025-05-26 14:18:18,278 - ERROR - Error extracting features for note ID 1: 'KnowledgeBaseUpdater' object has no attribute 'is_new_symptom'
2025-05-26 14:18:18,303 - ERROR - Failed to create MongoDB indexes: An existing index has the same name as the requested index. When index names are not specified, they are auto generated and can cause conflicts. Please refer to our documentation. Requested index: { v: 2, unique: true, key: { term: 1 }, name: "term_1" }, existing index: { v: 2, key: { term: 1 }, name: "term_1" }, full error: {'ok': 0.0, 'errmsg': 'An existing index has the same name as the requested index. When index names are not specified, they are auto generated and can cause conflicts. Please refer to our documentation. Requested index: { v: 2, unique: true, key: { term: 1 }, name: "term_1" }, existing index: { v: 2, key: { term: 1 }, name: "term_1" }', 'code': 86, 'codeName': 'IndexKeySpecsConflict'}
2025-05-26 14:18:18,340 - ERROR - Failed to create MongoDB indexes: An existing index has the same name as the requested index. When index names are not specified, they are auto generated and can cause conflicts. Please refer to our documentation. Requested index: { v: 2, unique: true, key: { term: 1 }, name: "term_1" }, existing index: { v: 2, key: { term: 1 }, name: "term_1" }, full error: {'ok': 0.0, 'errmsg': 'An existing index has the same name as the requested index. When index names are not specified, they are auto generated and can cause conflicts. Please refer to our documentation. Requested index: { v: 2, unique: true, key: { term: 1 }, name: "term_1" }, existing index: { v: 2, key: { term: 1 }, name: "term_1" }', 'code': 86, 'codeName': 'IndexKeySpecsConflict'}
2025-05-26 14:18:19,050 - WARNING - Failed to reconfigure tokenizer from config: 'spacy.tokenizer.Tokenizer' object has no attribute 'from_config'
2025-05-26 14:18:45,166 - ERROR - Error retrieving UMLS service ticket: HTTPSConnectionPool(host='utslogin.nlm.nih.gov', port=443): Max retries exceeded with url: /cas/v1/api-key (Caused by ConnectTimeoutError(<urllib3.connection.HTTPSConnection object at 0x7e899af0b710>, 'Connection to utslogin.nlm.nih.gov timed out. (connect timeout=5)'))
2025-05-26 14:18:45,167 - ERROR - No ticket returned for term: patient complains of headache the headache started three days ago. the headache is associated with fevers and chills
2025-05-26 14:18:58,225 - WARNING - 401 Unauthorized for term 'nausea and vomiting and loss of appetite the patient has jaundice in the eyes taking foods with fats makes the nausea worse taking strong tea and licking salt alleviates the nausea', retrying with new ticket...
2025-05-26 14:19:03,241 - WARNING - UMLS API returned status 401 for term 'nausea and vomiting and loss of appetite the patient has jaundice in the eyes taking foods with fats makes the nausea worse taking strong tea and licking salt alleviates the nausea'
2025-05-26 14:19:06,573 - WARNING - 401 Unauthorized for term 'patient presents with facial pain', retrying with new ticket...
2025-05-26 14:19:09,897 - WARNING - UMLS API returned status 401 for term 'patient presents with facial pain'
2025-05-26 14:19:13,378 - WARNING - 401 Unauthorized for term 'and fever for 10 days. reports purulent nasal discharge. facial pain over maxillary sinuses', retrying with new ticket...
2025-05-26 14:19:16,961 - WARNING - UMLS API returned status 401 for term 'and fever for 10 days. reports purulent nasal discharge. facial pain over maxillary sinuses'
2025-05-26 14:19:21,057 - WARNING - 401 Unauthorized for term 'bilateral nasal congestion', retrying with new ticket...
2025-05-26 14:19:24,743 - WARNING - UMLS API returned status 401 for term 'bilateral nasal congestion'
2025-05-26 14:19:28,224 - WARNING - 401 Unauthorized for term 'back pain for two weeks the patient reports backpain for three weeks on assessment', retrying with new ticket...
2025-05-26 14:19:31,705 - WARNING - UMLS API returned status 401 for term 'back pain for two weeks the patient reports backpain for three weeks on assessment'
2025-05-26 14:19:35,085 - WARNING - 401 Unauthorized for term 'the patient is obese the backpain is made worse by sitting down for long the pain is alleviated by standing and stretching', retrying with new ticket...
2025-05-26 14:19:38,668 - WARNING - UMLS API returned status 401 for term 'the patient is obese the backpain is made worse by sitting down for long the pain is alleviated by standing and stretching'
2025-05-26 14:19:41,944 - WARNING - 401 Unauthorized for term 'and purulent nasal discharge for 10 days. low-grade fever (up to 100.5°f). no sore throat or hearing loss. pulmonary: no cough or shortness of breath. cardiovascular: no chest pain or palpitations. neurological: mild headache associated with sinus pain', retrying with new ticket...
2025-05-26 14:19:47,064 - WARNING - UMLS API returned status 401 for term 'and purulent nasal discharge for 10 days. low-grade fever (up to 100.5°f). no sore throat or hearing loss. pulmonary: no cough or shortness of breath. cardiovascular: no chest pain or palpitations. neurological: mild headache associated with sinus pain'
2025-05-26 14:20:34,181 - ERROR - Error retrieving UMLS service ticket: HTTPSConnectionPool(host='utslogin.nlm.nih.gov', port=443): Max retries exceeded with url: /cas/v1/api-key (Caused by NameResolutionError("<urllib3.connection.HTTPSConnection object at 0x7e899ae29150>: Failed to resolve 'utslogin.nlm.nih.gov' ([Errno -3] Temporary failure in name resolution)"))
2025-05-26 14:20:34,182 - ERROR - No ticket returned for term: no dizziness. musculoskeletal: no joint pain or stiffness. gastrointestinal: no nausea or diarrhea. genitourinary: no urinary changes. endocrine: no weight changes or thirst. hematologic: no easy bruising or bleeding. dermatologic: no rashes or lesions. psychiatric: no mood changes. ophthalmologic: no vision changes. primary assessment: symptoms consistent with acute bacterial sinusitis
2025-05-26 14:22:00,251 - ERROR - Error retrieving UMLS service ticket: HTTPSConnectionPool(host='utslogin.nlm.nih.gov', port=443): Max retries exceeded with url: /cas/v1/api-key (Caused by NameResolutionError("<urllib3.connection.HTTPSConnection object at 0x7e899ae1ee10>: Failed to resolve 'utslogin.nlm.nih.gov' ([Errno -3] Temporary failure in name resolution)"))
2025-05-26 14:22:00,252 - ERROR - No ticket returned for term: likely secondary to recent viral upper respiratory infection. differential includes viral sinusitis or allergic rhinitis. other systems: neurological: headache likely related to sinusitis. endocrine: stable diabetes. cardiovascular: stable hypertension. no acute abnormalities in pulmonary
2025-05-26 14:22:15,459 - WARNING - Failed to add scispacy_linker: HTTPSConnectionPool(host='s3-us-west-2.amazonaws.com', port=443): Max retries exceeded with url: /ai2-s2-scispacy/data/linkers/2023-04-23/umls/tfidf_vectors_sparse.npz (Caused by NewConnectionError('<urllib3.connection.HTTPSConnection object at 0x7e899aea1190>: Failed to establish a new connection: [Errno 101] Network is unreachable')). Continuing without UMLS linking.
2025-05-26 14:22:15,484 - ERROR - Failed to initialize NLP pipeline: [E893] Could not find function 'replace_tokenizer' in function registry 'callbacks'. If you're using a custom function, make sure the code is available. If the function is provided by a third-party package, e.g. spacy-transformers, make sure the package is installed in your environment.

Available names: spacy.copy_from_base_model.v1, spacy.models_and_pipes_with_nvtx_range.v1, spacy.models_with_nvtx_range.v1
2025-05-26 14:22:16,221 - WARNING - Using fallback spacy pipeline without parser, ner, or linker
2025-05-26 14:22:16,921 - WARNING - Failed to reconfigure tokenizer from config: 'spacy.tokenizer.Tokenizer' object has no attribute 'from_config'
2025-05-26 14:22:21,550 - WARNING - 401 Unauthorized for term 'patient complains of headache the headache started three days ago. the headache is associated with fevers and chills', retrying with new ticket...
2025-05-26 14:22:24,199 - WARNING - UMLS API returned status 401 for term 'patient complains of headache the headache started three days ago. the headache is associated with fevers and chills'
2025-05-26 14:22:28,857 - WARNING - 401 Unauthorized for term 'nausea and vomiting and loss of appetite the patient has jaundice in the eyes taking foods with fats makes the nausea worse taking strong tea and licking salt alleviates the nausea', retrying with new ticket...
2025-05-26 14:22:31,844 - WARNING - UMLS API returned status 401 for term 'nausea and vomiting and loss of appetite the patient has jaundice in the eyes taking foods with fats makes the nausea worse taking strong tea and licking salt alleviates the nausea'
2025-05-26 14:22:34,690 - WARNING - 401 Unauthorized for term 'patient presents with facial pain', retrying with new ticket...
2025-05-26 14:22:37,760 - WARNING - UMLS API returned status 401 for term 'patient presents with facial pain'
2025-05-26 14:22:40,284 - WARNING - 401 Unauthorized for term 'and fever for 10 days. reports purulent nasal discharge. facial pain over maxillary sinuses', retrying with new ticket...
2025-05-26 14:22:43,045 - WARNING - UMLS API returned status 401 for term 'and fever for 10 days. reports purulent nasal discharge. facial pain over maxillary sinuses'
2025-05-26 14:22:45,996 - WARNING - 401 Unauthorized for term 'bilateral nasal congestion', retrying with new ticket...
2025-05-26 14:22:48,813 - WARNING - UMLS API returned status 401 for term 'bilateral nasal congestion'
2025-05-26 14:22:51,480 - WARNING - 401 Unauthorized for term 'back pain for two weeks the patient reports backpain for three weeks on assessment', retrying with new ticket...
2025-05-26 14:22:54,263 - WARNING - UMLS API returned status 401 for term 'back pain for two weeks the patient reports backpain for three weeks on assessment'
2025-05-26 14:22:56,647 - WARNING - 401 Unauthorized for term 'the patient is obese the backpain is made worse by sitting down for long the pain is alleviated by standing and stretching', retrying with new ticket...
2025-05-26 14:22:59,030 - WARNING - UMLS API returned status 401 for term 'the patient is obese the backpain is made worse by sitting down for long the pain is alleviated by standing and stretching'
2025-05-26 14:23:01,617 - WARNING - 401 Unauthorized for term 'and purulent nasal discharge for 10 days. low-grade fever (up to 100.5°f). no sore throat or hearing loss. pulmonary: no cough or shortness of breath. cardiovascular: no chest pain or palpitations. neurological: mild headache associated with sinus pain', retrying with new ticket...
2025-05-26 14:23:04,375 - WARNING - UMLS API returned status 401 for term 'and purulent nasal discharge for 10 days. low-grade fever (up to 100.5°f). no sore throat or hearing loss. pulmonary: no cough or shortness of breath. cardiovascular: no chest pain or palpitations. neurological: mild headache associated with sinus pain'
2025-05-26 14:23:07,012 - WARNING - 401 Unauthorized for term 'no dizziness. musculoskeletal: no joint pain or stiffness. gastrointestinal: no nausea or diarrhea. genitourinary: no urinary changes. endocrine: no weight changes or thirst. hematologic: no easy bruising or bleeding. dermatologic: no rashes or lesions. psychiatric: no mood changes. ophthalmologic: no vision changes. primary assessment: symptoms consistent with acute bacterial sinusitis', retrying with new ticket...
2025-05-26 14:23:09,331 - WARNING - UMLS API returned status 401 for term 'no dizziness. musculoskeletal: no joint pain or stiffness. gastrointestinal: no nausea or diarrhea. genitourinary: no urinary changes. endocrine: no weight changes or thirst. hematologic: no easy bruising or bleeding. dermatologic: no rashes or lesions. psychiatric: no mood changes. ophthalmologic: no vision changes. primary assessment: symptoms consistent with acute bacterial sinusitis'
2025-05-26 14:23:11,961 - WARNING - 401 Unauthorized for term 'likely secondary to recent viral upper respiratory infection. differential includes viral sinusitis or allergic rhinitis. other systems: neurological: headache likely related to sinusitis. endocrine: stable diabetes. cardiovascular: stable hypertension. no acute abnormalities in pulmonary', retrying with new ticket...
2025-05-26 14:23:15,480 - WARNING - UMLS API returned status 401 for term 'likely secondary to recent viral upper respiratory infection. differential includes viral sinusitis or allergic rhinitis. other systems: neurological: headache likely related to sinusitis. endocrine: stable diabetes. cardiovascular: stable hypertension. no acute abnormalities in pulmonary'
2025-05-26 14:24:43,209 - ERROR - Failed to initialize NLP pipeline: [E893] Could not find function 'replace_tokenizer' in function registry 'callbacks'. If you're using a custom function, make sure the code is available. If the function is provided by a third-party package, e.g. spacy-transformers, make sure the package is installed in your environment.

Available names: spacy.copy_from_base_model.v1, spacy.models_and_pipes_with_nvtx_range.v1, spacy.models_with_nvtx_range.v1
2025-05-26 14:24:44,112 - WARNING - Using fallback spacy pipeline without parser, ner, or linker
2025-05-26 14:24:44,113 - ERROR - Failed to add symptom rules: "[E001] No component 'medspacy_target_matcher' found in pipeline. Available names: ['sentencizer', 'tok2vec', 'tagger', 'attribute_ruler', 'lemmatizer', 'parser', 'ner']"
2025-05-26 14:24:44,196 - WARNING - No category mapping found for 'mood changes ophthalmologic no vision changes primary assessment symptoms consistent acute bacterial sinusitis likely secondary to recent viral upper respiratory infection differential includes viral sinusitis'. Defaulting to 'general'.
2025-05-26 14:24:44,203 - WARNING - No category mapping found for 'acute abnormalities in pulmonary musculoskeletal gi gu hematologic dermatologic psychiatric'. Defaulting to 'general'.
2025-05-26 14:24:44,207 - WARNING - Missing symptoms: ['patient presents with facial pain, nasal congestion, and fever for 10 days. reports purulent nasal discharge.']. Initiating knowledge base update.
2025-05-26 14:24:44,207 - ERROR - Error extracting features for note ID 1: 'KnowledgeBaseUpdater' object has no attribute 'is_new_symptom'
2025-05-26 14:24:44,252 - ERROR - Failed to create MongoDB indexes: An existing index has the same name as the requested index. When index names are not specified, they are auto generated and can cause conflicts. Please refer to our documentation. Requested index: { v: 2, unique: true, key: { term: 1 }, name: "term_1" }, existing index: { v: 2, key: { term: 1 }, name: "term_1" }, full error: {'ok': 0.0, 'errmsg': 'An existing index has the same name as the requested index. When index names are not specified, they are auto generated and can cause conflicts. Please refer to our documentation. Requested index: { v: 2, unique: true, key: { term: 1 }, name: "term_1" }, existing index: { v: 2, key: { term: 1 }, name: "term_1" }', 'code': 86, 'codeName': 'IndexKeySpecsConflict'}
2025-05-26 14:24:44,281 - ERROR - Failed to create MongoDB indexes: An existing index has the same name as the requested index. When index names are not specified, they are auto generated and can cause conflicts. Please refer to our documentation. Requested index: { v: 2, unique: true, key: { term: 1 }, name: "term_1" }, existing index: { v: 2, key: { term: 1 }, name: "term_1" }, full error: {'ok': 0.0, 'errmsg': 'An existing index has the same name as the requested index. When index names are not specified, they are auto generated and can cause conflicts. Please refer to our documentation. Requested index: { v: 2, unique: true, key: { term: 1 }, name: "term_1" }, existing index: { v: 2, key: { term: 1 }, name: "term_1" }', 'code': 86, 'codeName': 'IndexKeySpecsConflict'}
2025-05-26 14:24:44,976 - WARNING - Failed to reconfigure tokenizer from config: 'spacy.tokenizer.Tokenizer' object has no attribute 'from_config'
2025-05-26 14:24:49,994 - WARNING - 401 Unauthorized for term 'patient complains of headache the headache started three days ago. the headache is associated with fevers and chills', retrying with new ticket...
2025-05-26 14:24:52,427 - WARNING - UMLS API returned status 401 for term 'patient complains of headache the headache started three days ago. the headache is associated with fevers and chills'
2025-05-26 14:24:55,378 - WARNING - 401 Unauthorized for term 'nausea and vomiting and loss of appetite the patient has jaundice in the eyes taking foods with fats makes the nausea worse taking strong tea and licking salt alleviates the nausea', retrying with new ticket...
2025-05-26 14:24:58,190 - WARNING - UMLS API returned status 401 for term 'nausea and vomiting and loss of appetite the patient has jaundice in the eyes taking foods with fats makes the nausea worse taking strong tea and licking salt alleviates the nausea'
2025-05-26 14:25:01,062 - WARNING - 401 Unauthorized for term 'patient presents with facial pain', retrying with new ticket...
2025-05-26 14:25:03,239 - WARNING - UMLS API returned status 401 for term 'patient presents with facial pain'
2025-05-26 14:25:06,147 - WARNING - 401 Unauthorized for term 'and fever for 10 days. reports purulent nasal discharge. facial pain over maxillary sinuses', retrying with new ticket...
2025-05-26 14:25:09,003 - WARNING - UMLS API returned status 401 for term 'and fever for 10 days. reports purulent nasal discharge. facial pain over maxillary sinuses'
2025-05-26 14:25:11,724 - WARNING - 401 Unauthorized for term 'bilateral nasal congestion', retrying with new ticket...
2025-05-26 14:25:15,496 - WARNING - UMLS API returned status 401 for term 'bilateral nasal congestion'
2025-05-26 14:25:18,327 - WARNING - 401 Unauthorized for term 'back pain for two weeks the patient reports backpain for three weeks on assessment', retrying with new ticket...
2025-05-26 14:25:22,068 - WARNING - UMLS API returned status 401 for term 'back pain for two weeks the patient reports backpain for three weeks on assessment'
2025-05-26 14:25:24,704 - WARNING - 401 Unauthorized for term 'the patient is obese the backpain is made worse by sitting down for long the pain is alleviated by standing and stretching', retrying with new ticket...
2025-05-26 14:25:27,495 - WARNING - UMLS API returned status 401 for term 'the patient is obese the backpain is made worse by sitting down for long the pain is alleviated by standing and stretching'
2025-05-26 14:25:30,324 - WARNING - 401 Unauthorized for term 'and purulent nasal discharge for 10 days. low-grade fever (up to 100.5°f). no sore throat or hearing loss. pulmonary: no cough or shortness of breath. cardiovascular: no chest pain or palpitations. neurological: mild headache associated with sinus pain', retrying with new ticket...
2025-05-26 14:25:32,672 - WARNING - UMLS API returned status 401 for term 'and purulent nasal discharge for 10 days. low-grade fever (up to 100.5°f). no sore throat or hearing loss. pulmonary: no cough or shortness of breath. cardiovascular: no chest pain or palpitations. neurological: mild headache associated with sinus pain'
2025-05-26 14:25:35,061 - WARNING - 401 Unauthorized for term 'no dizziness. musculoskeletal: no joint pain or stiffness. gastrointestinal: no nausea or diarrhea. genitourinary: no urinary changes. endocrine: no weight changes or thirst. hematologic: no easy bruising or bleeding. dermatologic: no rashes or lesions. psychiatric: no mood changes. ophthalmologic: no vision changes. primary assessment: symptoms consistent with acute bacterial sinusitis', retrying with new ticket...
2025-05-26 14:25:37,713 - WARNING - UMLS API returned status 401 for term 'no dizziness. musculoskeletal: no joint pain or stiffness. gastrointestinal: no nausea or diarrhea. genitourinary: no urinary changes. endocrine: no weight changes or thirst. hematologic: no easy bruising or bleeding. dermatologic: no rashes or lesions. psychiatric: no mood changes. ophthalmologic: no vision changes. primary assessment: symptoms consistent with acute bacterial sinusitis'
2025-05-26 14:25:40,965 - WARNING - 401 Unauthorized for term 'likely secondary to recent viral upper respiratory infection. differential includes viral sinusitis or allergic rhinitis. other systems: neurological: headache likely related to sinusitis. endocrine: stable diabetes. cardiovascular: stable hypertension. no acute abnormalities in pulmonary', retrying with new ticket...
2025-05-26 14:25:43,385 - WARNING - UMLS API returned status 401 for term 'likely secondary to recent viral upper respiratory infection. differential includes viral sinusitis or allergic rhinitis. other systems: neurological: headache likely related to sinusitis. endocrine: stable diabetes. cardiovascular: stable hypertension. no acute abnormalities in pulmonary'
2025-05-26 14:27:51,338 - ERROR - Failed to initialize NLP pipeline: [E893] Could not find function 'replace_tokenizer' in function registry 'callbacks'. If you're using a custom function, make sure the code is available. If the function is provided by a third-party package, e.g. spacy-transformers, make sure the package is installed in your environment.

Available names: spacy.copy_from_base_model.v1, spacy.models_and_pipes_with_nvtx_range.v1, spacy.models_with_nvtx_range.v1
2025-05-26 14:27:52,415 - WARNING - Using fallback spacy pipeline without parser, ner, or linker
2025-05-26 14:27:53,312 - WARNING - Failed to reconfigure tokenizer from config: 'spacy.tokenizer.Tokenizer' object has no attribute 'from_config'
2025-05-26 14:27:56,990 - WARNING - 401 Unauthorized for term 'patient complains of headache the headache started three days ago. the headache is associated with fevers and chills', retrying with new ticket...
2025-05-26 14:27:59,422 - WARNING - UMLS API returned status 401 for term 'patient complains of headache the headache started three days ago. the headache is associated with fevers and chills'
2025-05-26 14:28:01,848 - WARNING - 401 Unauthorized for term 'nausea and vomiting and loss of appetite the patient has jaundice in the eyes taking foods with fats makes the nausea worse taking strong tea and licking salt alleviates the nausea', retrying with new ticket...
2025-05-26 14:28:05,533 - WARNING - UMLS API returned status 401 for term 'nausea and vomiting and loss of appetite the patient has jaundice in the eyes taking foods with fats makes the nausea worse taking strong tea and licking salt alleviates the nausea'
2025-05-26 14:28:08,553 - WARNING - 401 Unauthorized for term 'patient presents with facial pain', retrying with new ticket...
2025-05-26 14:28:11,657 - WARNING - UMLS API returned status 401 for term 'patient presents with facial pain'
2025-05-26 14:28:14,152 - WARNING - 401 Unauthorized for term 'and fever for 10 days. reports purulent nasal discharge. facial pain over maxillary sinuses', retrying with new ticket...
2025-05-26 14:28:16,527 - WARNING - UMLS API returned status 401 for term 'and fever for 10 days. reports purulent nasal discharge. facial pain over maxillary sinuses'
2025-05-26 14:28:19,066 - WARNING - 401 Unauthorized for term 'bilateral nasal congestion', retrying with new ticket...
2025-05-26 14:28:22,022 - WARNING - UMLS API returned status 401 for term 'bilateral nasal congestion'
2025-05-26 14:28:24,792 - WARNING - 401 Unauthorized for term 'back pain for two weeks the patient reports backpain for three weeks on assessment', retrying with new ticket...
2025-05-26 14:28:27,330 - WARNING - UMLS API returned status 401 for term 'back pain for two weeks the patient reports backpain for three weeks on assessment'
2025-05-26 14:28:30,202 - WARNING - 401 Unauthorized for term 'the patient is obese the backpain is made worse by sitting down for long the pain is alleviated by standing and stretching', retrying with new ticket...
2025-05-26 14:28:32,622 - WARNING - UMLS API returned status 401 for term 'the patient is obese the backpain is made worse by sitting down for long the pain is alleviated by standing and stretching'
2025-05-26 14:28:35,325 - WARNING - 401 Unauthorized for term 'and purulent nasal discharge for 10 days. low-grade fever (up to 100.5°f). no sore throat or hearing loss. pulmonary: no cough or shortness of breath. cardiovascular: no chest pain or palpitations. neurological: mild headache associated with sinus pain', retrying with new ticket...
2025-05-26 14:28:37,661 - WARNING - UMLS API returned status 401 for term 'and purulent nasal discharge for 10 days. low-grade fever (up to 100.5°f). no sore throat or hearing loss. pulmonary: no cough or shortness of breath. cardiovascular: no chest pain or palpitations. neurological: mild headache associated with sinus pain'
2025-05-26 14:28:40,409 - WARNING - 401 Unauthorized for term 'no dizziness. musculoskeletal: no joint pain or stiffness. gastrointestinal: no nausea or diarrhea. genitourinary: no urinary changes. endocrine: no weight changes or thirst. hematologic: no easy bruising or bleeding. dermatologic: no rashes or lesions. psychiatric: no mood changes. ophthalmologic: no vision changes. primary assessment: symptoms consistent with acute bacterial sinusitis', retrying with new ticket...
2025-05-26 14:28:42,958 - WARNING - UMLS API returned status 401 for term 'no dizziness. musculoskeletal: no joint pain or stiffness. gastrointestinal: no nausea or diarrhea. genitourinary: no urinary changes. endocrine: no weight changes or thirst. hematologic: no easy bruising or bleeding. dermatologic: no rashes or lesions. psychiatric: no mood changes. ophthalmologic: no vision changes. primary assessment: symptoms consistent with acute bacterial sinusitis'
2025-05-26 14:28:45,418 - WARNING - 401 Unauthorized for term 'likely secondary to recent viral upper respiratory infection. differential includes viral sinusitis or allergic rhinitis. other systems: neurological: headache likely related to sinusitis. endocrine: stable diabetes. cardiovascular: stable hypertension. no acute abnormalities in pulmonary', retrying with new ticket...
2025-05-26 14:28:48,029 - WARNING - UMLS API returned status 401 for term 'likely secondary to recent viral upper respiratory infection. differential includes viral sinusitis or allergic rhinitis. other systems: neurological: headache likely related to sinusitis. endocrine: stable diabetes. cardiovascular: stable hypertension. no acute abnormalities in pulmonary'
2025-05-26 14:51:03,779 - WARNING - Diagnosis relevance weights for facial pain|nasal congestion|sinusitis|sinus pain|purulent nasal discharge do not sum to 1.0: 0
2025-05-26 14:51:03,780 - WARNING - Diagnosis relevance weights for cough do not sum to 1.0: 0
2025-05-26 14:51:03,781 - WARNING - Diagnosis relevance weights for headache|photophobia do not sum to 1.0: 0
2025-05-26 14:51:03,782 - WARNING - Diagnosis relevance weights for chest pain|shortness of breath|chest tightness do not sum to 1.0: 0
2025-05-26 14:51:03,782 - WARNING - Diagnosis relevance weights for epigastric pain|nausea do not sum to 1.0: 0
2025-05-26 14:51:03,782 - WARNING - Diagnosis relevance weights for knee pain|swelling do not sum to 1.0: 0
2025-05-26 14:51:03,782 - WARNING - Diagnosis relevance weights for back pain|lower back pain|backache do not sum to 1.0: 0
2025-05-26 14:51:03,782 - WARNING - Diagnosis relevance weights for fever|chills do not sum to 1.0: 0
2025-05-26 14:51:03,782 - WARNING - Diagnosis relevance weights for fatigue|obesity do not sum to 1.0: 0
2025-05-26 14:51:03,783 - WARNING - Diagnosis angina relevance weights do not sum to 1.0: 0.8
2025-05-26 14:51:03,859 - ERROR - Invalid JSON in /home/mathu/projects/hospital/departments/nlp/knowledge_base/medical_terms.json: Expecting value: line 7 column 12 (char 143). Using default data.
2025-05-26 14:51:03,932 - ERROR - Failed to create MongoDB indexes: An existing index has the same name as the requested index. When index names are not specified, they are auto generated and can cause conflicts. Please refer to our documentation. Requested index: { v: 2, unique: true, key: { term: 1 }, name: "term_1" }, existing index: { v: 2, key: { term: 1 }, name: "term_1" }, full error: {'ok': 0.0, 'errmsg': 'An existing index has the same name as the requested index. When index names are not specified, they are auto generated and can cause conflicts. Please refer to our documentation. Requested index: { v: 2, unique: true, key: { term: 1 }, name: "term_1" }, existing index: { v: 2, key: { term: 1 }, name: "term_1" }', 'code': 86, 'codeName': 'IndexKeySpecsConflict'}
2025-05-26 14:51:03,981 - ERROR - Failed to create MongoDB indexes: An existing index has the same name as the requested index. When index names are not specified, they are auto generated and can cause conflicts. Please refer to our documentation. Requested index: { v: 2, unique: true, key: { term: 1 }, name: "term_1" }, existing index: { v: 2, key: { term: 1 }, name: "term_1" }, full error: {'ok': 0.0, 'errmsg': 'An existing index has the same name as the requested index. When index names are not specified, they are auto generated and can cause conflicts. Please refer to our documentation. Requested index: { v: 2, unique: true, key: { term: 1 }, name: "term_1" }, existing index: { v: 2, key: { term: 1 }, name: "term_1" }', 'code': 86, 'codeName': 'IndexKeySpecsConflict'}
2025-05-26 14:51:05,094 - WARNING - Failed to reconfigure tokenizer from config: 'spacy.tokenizer.Tokenizer' object has no attribute 'from_config'
2025-05-26 14:51:10,634 - WARNING - 401 Unauthorized for term 'patient complains of headache the headache started three days ago. the headache is associated with fevers and chills', retrying with new ticket...
2025-05-26 14:51:13,353 - WARNING - UMLS API returned status 401 for term 'patient complains of headache the headache started three days ago. the headache is associated with fevers and chills'
2025-05-26 14:51:16,070 - WARNING - 401 Unauthorized for term 'nausea and vomiting and loss of appetite the patient has jaundice in the eyes taking foods with fats makes the nausea worse taking strong tea and licking salt alleviates the nausea', retrying with new ticket...
2025-05-26 14:51:19,029 - WARNING - UMLS API returned status 401 for term 'nausea and vomiting and loss of appetite the patient has jaundice in the eyes taking foods with fats makes the nausea worse taking strong tea and licking salt alleviates the nausea'
2025-05-26 14:51:22,465 - WARNING - 401 Unauthorized for term 'patient presents with facial pain', retrying with new ticket...
2025-05-26 14:51:26,107 - WARNING - UMLS API returned status 401 for term 'patient presents with facial pain'
2025-05-26 14:51:29,262 - WARNING - 401 Unauthorized for term 'and fever for 10 days. reports purulent nasal discharge. facial pain over maxillary sinuses', retrying with new ticket...
2025-05-26 14:51:33,984 - WARNING - UMLS API returned status 401 for term 'and fever for 10 days. reports purulent nasal discharge. facial pain over maxillary sinuses'
2025-05-26 14:51:37,452 - WARNING - 401 Unauthorized for term 'bilateral nasal congestion', retrying with new ticket...
2025-05-26 14:51:40,870 - WARNING - UMLS API returned status 401 for term 'bilateral nasal congestion'
2025-05-26 14:51:43,733 - WARNING - 401 Unauthorized for term 'back pain for two weeks the patient reports backpain for three weeks on assessment', retrying with new ticket...
2025-05-26 14:51:46,441 - WARNING - UMLS API returned status 401 for term 'back pain for two weeks the patient reports backpain for three weeks on assessment'
2025-05-26 14:51:49,620 - WARNING - 401 Unauthorized for term 'the patient is obese the backpain is made worse by sitting down for long the pain is alleviated by standing and stretching', retrying with new ticket...
2025-05-26 14:51:52,363 - WARNING - UMLS API returned status 401 for term 'the patient is obese the backpain is made worse by sitting down for long the pain is alleviated by standing and stretching'
2025-05-26 14:51:55,225 - WARNING - 401 Unauthorized for term 'and purulent nasal discharge for 10 days. low-grade fever (up to 100.5°f). no sore throat or hearing loss. pulmonary: no cough or shortness of breath. cardiovascular: no chest pain or palpitations. neurological: mild headache associated with sinus pain', retrying with new ticket...
2025-05-26 14:51:57,975 - WARNING - UMLS API returned status 401 for term 'and purulent nasal discharge for 10 days. low-grade fever (up to 100.5°f). no sore throat or hearing loss. pulmonary: no cough or shortness of breath. cardiovascular: no chest pain or palpitations. neurological: mild headache associated with sinus pain'
2025-05-26 14:52:00,596 - WARNING - 401 Unauthorized for term 'no dizziness. musculoskeletal: no joint pain or stiffness. gastrointestinal: no nausea or diarrhea. genitourinary: no urinary changes. endocrine: no weight changes or thirst. hematologic: no easy bruising or bleeding. dermatologic: no rashes or lesions. psychiatric: no mood changes. ophthalmologic: no vision changes. primary assessment: symptoms consistent with acute bacterial sinusitis', retrying with new ticket...
2025-05-26 14:52:04,411 - WARNING - UMLS API returned status 401 for term 'no dizziness. musculoskeletal: no joint pain or stiffness. gastrointestinal: no nausea or diarrhea. genitourinary: no urinary changes. endocrine: no weight changes or thirst. hematologic: no easy bruising or bleeding. dermatologic: no rashes or lesions. psychiatric: no mood changes. ophthalmologic: no vision changes. primary assessment: symptoms consistent with acute bacterial sinusitis'
2025-05-26 14:52:07,222 - WARNING - 401 Unauthorized for term 'likely secondary to recent viral upper respiratory infection. differential includes viral sinusitis or allergic rhinitis. other systems: neurological: headache likely related to sinusitis. endocrine: stable diabetes. cardiovascular: stable hypertension. no acute abnormalities in pulmonary', retrying with new ticket...
2025-05-26 14:52:09,877 - WARNING - UMLS API returned status 401 for term 'likely secondary to recent viral upper respiratory infection. differential includes viral sinusitis or allergic rhinitis. other systems: neurological: headache likely related to sinusitis. endocrine: stable diabetes. cardiovascular: stable hypertension. no acute abnormalities in pulmonary'
2025-05-26 14:53:35,472 - ERROR - Failed to initialize NLP pipeline: [E893] Could not find function 'replace_tokenizer' in function registry 'callbacks'. If you're using a custom function, make sure the code is available. If the function is provided by a third-party package, e.g. spacy-transformers, make sure the package is installed in your environment.

Available names: spacy.copy_from_base_model.v1, spacy.models_and_pipes_with_nvtx_range.v1, spacy.models_with_nvtx_range.v1
2025-05-26 14:53:36,178 - WARNING - Using fallback spacy pipeline without parser, ner, or linker
2025-05-26 14:53:36,898 - WARNING - Failed to reconfigure tokenizer from config: 'spacy.tokenizer.Tokenizer' object has no attribute 'from_config'
2025-05-26 14:53:40,693 - WARNING - 401 Unauthorized for term 'patient complains of headache the headache started three days ago. the headache is associated with fevers and chills', retrying with new ticket...
2025-05-26 14:53:43,295 - WARNING - UMLS API returned status 401 for term 'patient complains of headache the headache started three days ago. the headache is associated with fevers and chills'
2025-05-26 14:53:45,807 - WARNING - 401 Unauthorized for term 'nausea and vomiting and loss of appetite the patient has jaundice in the eyes taking foods with fats makes the nausea worse taking strong tea and licking salt alleviates the nausea', retrying with new ticket...
2025-05-26 14:53:50,821 - WARNING - UMLS API returned status 401 for term 'nausea and vomiting and loss of appetite the patient has jaundice in the eyes taking foods with fats makes the nausea worse taking strong tea and licking salt alleviates the nausea'
2025-05-26 14:53:53,569 - WARNING - 401 Unauthorized for term 'patient presents with facial pain', retrying with new ticket...
2025-05-26 14:53:56,173 - WARNING - UMLS API returned status 401 for term 'patient presents with facial pain'
2025-05-26 14:53:58,334 - WARNING - 401 Unauthorized for term 'and fever for 10 days. reports purulent nasal discharge. facial pain over maxillary sinuses', retrying with new ticket...
2025-05-26 14:54:00,886 - WARNING - UMLS API returned status 401 for term 'and fever for 10 days. reports purulent nasal discharge. facial pain over maxillary sinuses'
2025-05-26 14:54:03,658 - WARNING - 401 Unauthorized for term 'bilateral nasal congestion', retrying with new ticket...
2025-05-26 14:54:06,244 - WARNING - UMLS API returned status 401 for term 'bilateral nasal congestion'
2025-05-26 14:54:09,459 - WARNING - 401 Unauthorized for term 'back pain for two weeks the patient reports backpain for three weeks on assessment', retrying with new ticket...
2025-05-26 14:54:11,830 - WARNING - UMLS API returned status 401 for term 'back pain for two weeks the patient reports backpain for three weeks on assessment'
2025-05-26 14:54:15,228 - WARNING - 401 Unauthorized for term 'the patient is obese the backpain is made worse by sitting down for long the pain is alleviated by standing and stretching', retrying with new ticket...
2025-05-26 14:54:19,019 - WARNING - UMLS API returned status 401 for term 'the patient is obese the backpain is made worse by sitting down for long the pain is alleviated by standing and stretching'
2025-05-26 14:54:21,626 - WARNING - 401 Unauthorized for term 'and purulent nasal discharge for 10 days. low-grade fever (up to 100.5°f). no sore throat or hearing loss. pulmonary: no cough or shortness of breath. cardiovascular: no chest pain or palpitations. neurological: mild headache associated with sinus pain', retrying with new ticket...
2025-05-26 14:54:24,336 - WARNING - UMLS API returned status 401 for term 'and purulent nasal discharge for 10 days. low-grade fever (up to 100.5°f). no sore throat or hearing loss. pulmonary: no cough or shortness of breath. cardiovascular: no chest pain or palpitations. neurological: mild headache associated with sinus pain'
2025-05-26 14:54:28,505 - WARNING - 401 Unauthorized for term 'no dizziness. musculoskeletal: no joint pain or stiffness. gastrointestinal: no nausea or diarrhea. genitourinary: no urinary changes. endocrine: no weight changes or thirst. hematologic: no easy bruising or bleeding. dermatologic: no rashes or lesions. psychiatric: no mood changes. ophthalmologic: no vision changes. primary assessment: symptoms consistent with acute bacterial sinusitis', retrying with new ticket...
2025-05-26 14:54:34,109 - WARNING - UMLS API returned status 401 for term 'no dizziness. musculoskeletal: no joint pain or stiffness. gastrointestinal: no nausea or diarrhea. genitourinary: no urinary changes. endocrine: no weight changes or thirst. hematologic: no easy bruising or bleeding. dermatologic: no rashes or lesions. psychiatric: no mood changes. ophthalmologic: no vision changes. primary assessment: symptoms consistent with acute bacterial sinusitis'
2025-05-26 14:54:40,581 - WARNING - 401 Unauthorized for term 'likely secondary to recent viral upper respiratory infection. differential includes viral sinusitis or allergic rhinitis. other systems: neurological: headache likely related to sinusitis. endocrine: stable diabetes. cardiovascular: stable hypertension. no acute abnormalities in pulmonary', retrying with new ticket...
2025-05-26 14:54:44,024 - WARNING - UMLS API returned status 401 for term 'likely secondary to recent viral upper respiratory infection. differential includes viral sinusitis or allergic rhinitis. other systems: neurological: headache likely related to sinusitis. endocrine: stable diabetes. cardiovascular: stable hypertension. no acute abnormalities in pulmonary'
2025-05-26 14:56:21,397 - ERROR - Failed to initialize NLP pipeline: [E893] Could not find function 'replace_tokenizer' in function registry 'callbacks'. If you're using a custom function, make sure the code is available. If the function is provided by a third-party package, e.g. spacy-transformers, make sure the package is installed in your environment.

Available names: spacy.copy_from_base_model.v1, spacy.models_and_pipes_with_nvtx_range.v1, spacy.models_with_nvtx_range.v1
2025-05-26 14:56:22,319 - WARNING - Using fallback spacy pipeline without parser, ner, or linker
2025-05-26 14:56:22,320 - ERROR - Failed to add symptom rules: "[E001] No component 'medspacy_target_matcher' found in pipeline. Available names: ['sentencizer', 'tok2vec', 'tagger', 'attribute_ruler', 'lemmatizer', 'parser', 'ner']"
2025-05-26 14:56:22,420 - WARNING - No category mapping found for 'mood changes ophthalmologic no vision changes primary assessment symptoms consistent acute bacterial sinusitis likely secondary to recent viral upper respiratory infection differential includes viral sinusitis'. Defaulting to 'general'.
2025-05-26 14:56:22,430 - WARNING - No category mapping found for 'acute abnormalities in pulmonary musculoskeletal gi gu hematologic dermatologic psychiatric'. Defaulting to 'general'.
2025-05-26 14:56:22,437 - ERROR - Error extracting features for note ID 1: 'KnowledgeBaseUpdater' object has no attribute 'is_new_symptom'
2025-05-26 14:56:22,483 - ERROR - Failed to create MongoDB indexes: An existing index has the same name as the requested index. When index names are not specified, they are auto generated and can cause conflicts. Please refer to our documentation. Requested index: { v: 2, unique: true, key: { term: 1 }, name: "term_1" }, existing index: { v: 2, key: { term: 1 }, name: "term_1" }, full error: {'ok': 0.0, 'errmsg': 'An existing index has the same name as the requested index. When index names are not specified, they are auto generated and can cause conflicts. Please refer to our documentation. Requested index: { v: 2, unique: true, key: { term: 1 }, name: "term_1" }, existing index: { v: 2, key: { term: 1 }, name: "term_1" }', 'code': 86, 'codeName': 'IndexKeySpecsConflict'}
2025-05-26 14:56:22,535 - ERROR - Failed to create MongoDB indexes: An existing index has the same name as the requested index. When index names are not specified, they are auto generated and can cause conflicts. Please refer to our documentation. Requested index: { v: 2, unique: true, key: { term: 1 }, name: "term_1" }, existing index: { v: 2, key: { term: 1 }, name: "term_1" }, full error: {'ok': 0.0, 'errmsg': 'An existing index has the same name as the requested index. When index names are not specified, they are auto generated and can cause conflicts. Please refer to our documentation. Requested index: { v: 2, unique: true, key: { term: 1 }, name: "term_1" }, existing index: { v: 2, key: { term: 1 }, name: "term_1" }', 'code': 86, 'codeName': 'IndexKeySpecsConflict'}
2025-05-26 14:56:23,261 - WARNING - Failed to reconfigure tokenizer from config: 'spacy.tokenizer.Tokenizer' object has no attribute 'from_config'
2025-05-26 14:56:27,816 - WARNING - 401 Unauthorized for term 'patient complains of headache the headache started three days ago. the headache is associated with fevers and chills', retrying with new ticket...
2025-05-26 14:56:30,633 - WARNING - UMLS API returned status 401 for term 'patient complains of headache the headache started three days ago. the headache is associated with fevers and chills'
2025-05-26 14:56:33,828 - WARNING - 401 Unauthorized for term 'nausea and vomiting and loss of appetite the patient has jaundice in the eyes taking foods with fats makes the nausea worse taking strong tea and licking salt alleviates the nausea', retrying with new ticket...
2025-05-26 14:56:36,644 - WARNING - UMLS API returned status 401 for term 'nausea and vomiting and loss of appetite the patient has jaundice in the eyes taking foods with fats makes the nausea worse taking strong tea and licking salt alleviates the nausea'
2025-05-26 14:56:39,668 - WARNING - 401 Unauthorized for term 'patient presents with facial pain', retrying with new ticket...
2025-05-26 14:56:42,039 - WARNING - UMLS API returned status 401 for term 'patient presents with facial pain'
2025-05-26 14:56:44,386 - WARNING - 401 Unauthorized for term 'and fever for 10 days. reports purulent nasal discharge. facial pain over maxillary sinuses', retrying with new ticket...
2025-05-26 14:56:47,173 - WARNING - UMLS API returned status 401 for term 'and fever for 10 days. reports purulent nasal discharge. facial pain over maxillary sinuses'
2025-05-26 14:56:49,891 - WARNING - 401 Unauthorized for term 'bilateral nasal congestion', retrying with new ticket...
2025-05-26 14:56:52,260 - WARNING - UMLS API returned status 401 for term 'bilateral nasal congestion'
2025-05-26 14:56:55,059 - WARNING - 401 Unauthorized for term 'back pain for two weeks the patient reports backpain for three weeks on assessment', retrying with new ticket...
2025-05-26 14:56:57,887 - WARNING - UMLS API returned status 401 for term 'back pain for two weeks the patient reports backpain for three weeks on assessment'
2025-05-26 14:57:00,503 - WARNING - 401 Unauthorized for term 'the patient is obese the backpain is made worse by sitting down for long the pain is alleviated by standing and stretching', retrying with new ticket...
2025-05-26 14:57:02,899 - WARNING - UMLS API returned status 401 for term 'the patient is obese the backpain is made worse by sitting down for long the pain is alleviated by standing and stretching'
2025-05-26 14:57:05,373 - WARNING - 401 Unauthorized for term 'and purulent nasal discharge for 10 days. low-grade fever (up to 100.5°f). no sore throat or hearing loss. pulmonary: no cough or shortness of breath. cardiovascular: no chest pain or palpitations. neurological: mild headache associated with sinus pain', retrying with new ticket...
2025-05-26 14:57:08,238 - WARNING - UMLS API returned status 401 for term 'and purulent nasal discharge for 10 days. low-grade fever (up to 100.5°f). no sore throat or hearing loss. pulmonary: no cough or shortness of breath. cardiovascular: no chest pain or palpitations. neurological: mild headache associated with sinus pain'
2025-05-26 14:57:10,727 - WARNING - 401 Unauthorized for term 'no dizziness. musculoskeletal: no joint pain or stiffness. gastrointestinal: no nausea or diarrhea. genitourinary: no urinary changes. endocrine: no weight changes or thirst. hematologic: no easy bruising or bleeding. dermatologic: no rashes or lesions. psychiatric: no mood changes. ophthalmologic: no vision changes. primary assessment: symptoms consistent with acute bacterial sinusitis', retrying with new ticket...
2025-05-26 14:57:13,538 - WARNING - UMLS API returned status 401 for term 'no dizziness. musculoskeletal: no joint pain or stiffness. gastrointestinal: no nausea or diarrhea. genitourinary: no urinary changes. endocrine: no weight changes or thirst. hematologic: no easy bruising or bleeding. dermatologic: no rashes or lesions. psychiatric: no mood changes. ophthalmologic: no vision changes. primary assessment: symptoms consistent with acute bacterial sinusitis'
2025-05-26 14:57:16,314 - WARNING - 401 Unauthorized for term 'likely secondary to recent viral upper respiratory infection. differential includes viral sinusitis or allergic rhinitis. other systems: neurological: headache likely related to sinusitis. endocrine: stable diabetes. cardiovascular: stable hypertension. no acute abnormalities in pulmonary', retrying with new ticket...
2025-05-26 14:57:20,090 - WARNING - UMLS API returned status 401 for term 'likely secondary to recent viral upper respiratory infection. differential includes viral sinusitis or allergic rhinitis. other systems: neurological: headache likely related to sinusitis. endocrine: stable diabetes. cardiovascular: stable hypertension. no acute abnormalities in pulmonary'
2025-05-26 14:58:53,673 - ERROR - Failed to initialize NLP pipeline: [E893] Could not find function 'replace_tokenizer' in function registry 'callbacks'. If you're using a custom function, make sure the code is available. If the function is provided by a third-party package, e.g. spacy-transformers, make sure the package is installed in your environment.

Available names: spacy.copy_from_base_model.v1, spacy.models_and_pipes_with_nvtx_range.v1, spacy.models_with_nvtx_range.v1
2025-05-26 14:58:54,597 - WARNING - Using fallback spacy pipeline without parser, ner, or linker
2025-05-26 14:58:55,286 - WARNING - Failed to reconfigure tokenizer from config: 'spacy.tokenizer.Tokenizer' object has no attribute 'from_config'
2025-05-26 14:58:58,670 - WARNING - 401 Unauthorized for term 'patient complains of headache the headache started three days ago. the headache is associated with fevers and chills', retrying with new ticket...
2025-05-26 14:59:01,466 - WARNING - UMLS API returned status 401 for term 'patient complains of headache the headache started three days ago. the headache is associated with fevers and chills'
2025-05-26 14:59:03,919 - WARNING - 401 Unauthorized for term 'nausea and vomiting and loss of appetite the patient has jaundice in the eyes taking foods with fats makes the nausea worse taking strong tea and licking salt alleviates the nausea', retrying with new ticket...
2025-05-26 14:59:06,610 - WARNING - UMLS API returned status 401 for term 'nausea and vomiting and loss of appetite the patient has jaundice in the eyes taking foods with fats makes the nausea worse taking strong tea and licking salt alleviates the nausea'
2025-05-26 14:59:09,237 - WARNING - 401 Unauthorized for term 'patient presents with facial pain', retrying with new ticket...
2025-05-26 14:59:12,233 - WARNING - UMLS API returned status 401 for term 'patient presents with facial pain'
2025-05-26 14:59:15,097 - WARNING - 401 Unauthorized for term 'and fever for 10 days. reports purulent nasal discharge. facial pain over maxillary sinuses', retrying with new ticket...
2025-05-26 14:59:17,733 - WARNING - UMLS API returned status 401 for term 'and fever for 10 days. reports purulent nasal discharge. facial pain over maxillary sinuses'
2025-05-26 14:59:20,505 - WARNING - 401 Unauthorized for term 'bilateral nasal congestion', retrying with new ticket...
2025-05-26 14:59:23,129 - WARNING - UMLS API returned status 401 for term 'bilateral nasal congestion'
2025-05-26 14:59:25,702 - WARNING - 401 Unauthorized for term 'back pain for two weeks the patient reports backpain for three weeks on assessment', retrying with new ticket...
2025-05-26 14:59:28,104 - WARNING - UMLS API returned status 401 for term 'back pain for two weeks the patient reports backpain for three weeks on assessment'
2025-05-26 14:59:30,661 - WARNING - 401 Unauthorized for term 'the patient is obese the backpain is made worse by sitting down for long the pain is alleviated by standing and stretching', retrying with new ticket...
2025-05-26 14:59:33,407 - WARNING - UMLS API returned status 401 for term 'the patient is obese the backpain is made worse by sitting down for long the pain is alleviated by standing and stretching'
2025-05-26 14:59:36,036 - WARNING - 401 Unauthorized for term 'and purulent nasal discharge for 10 days. low-grade fever (up to 100.5°f). no sore throat or hearing loss. pulmonary: no cough or shortness of breath. cardiovascular: no chest pain or palpitations. neurological: mild headache associated with sinus pain', retrying with new ticket...
2025-05-26 14:59:38,224 - WARNING - UMLS API returned status 401 for term 'and purulent nasal discharge for 10 days. low-grade fever (up to 100.5°f). no sore throat or hearing loss. pulmonary: no cough or shortness of breath. cardiovascular: no chest pain or palpitations. neurological: mild headache associated with sinus pain'
2025-05-26 14:59:40,955 - WARNING - 401 Unauthorized for term 'no dizziness. musculoskeletal: no joint pain or stiffness. gastrointestinal: no nausea or diarrhea. genitourinary: no urinary changes. endocrine: no weight changes or thirst. hematologic: no easy bruising or bleeding. dermatologic: no rashes or lesions. psychiatric: no mood changes. ophthalmologic: no vision changes. primary assessment: symptoms consistent with acute bacterial sinusitis', retrying with new ticket...
2025-05-26 14:59:43,731 - WARNING - UMLS API returned status 401 for term 'no dizziness. musculoskeletal: no joint pain or stiffness. gastrointestinal: no nausea or diarrhea. genitourinary: no urinary changes. endocrine: no weight changes or thirst. hematologic: no easy bruising or bleeding. dermatologic: no rashes or lesions. psychiatric: no mood changes. ophthalmologic: no vision changes. primary assessment: symptoms consistent with acute bacterial sinusitis'
2025-05-26 14:59:46,306 - WARNING - 401 Unauthorized for term 'likely secondary to recent viral upper respiratory infection. differential includes viral sinusitis or allergic rhinitis. other systems: neurological: headache likely related to sinusitis. endocrine: stable diabetes. cardiovascular: stable hypertension. no acute abnormalities in pulmonary', retrying with new ticket...
2025-05-26 14:59:48,858 - WARNING - UMLS API returned status 401 for term 'likely secondary to recent viral upper respiratory infection. differential includes viral sinusitis or allergic rhinitis. other systems: neurological: headache likely related to sinusitis. endocrine: stable diabetes. cardiovascular: stable hypertension. no acute abnormalities in pulmonary'
2025-05-26 15:01:19,720 - ERROR - Failed to initialize NLP pipeline: [E893] Could not find function 'replace_tokenizer' in function registry 'callbacks'. If you're using a custom function, make sure the code is available. If the function is provided by a third-party package, e.g. spacy-transformers, make sure the package is installed in your environment.

Available names: spacy.copy_from_base_model.v1, spacy.models_and_pipes_with_nvtx_range.v1, spacy.models_with_nvtx_range.v1
2025-05-26 15:01:20,621 - WARNING - Using fallback spacy pipeline without parser, ner, or linker
2025-05-26 15:01:20,621 - ERROR - Failed to add symptom rules: "[E001] No component 'medspacy_target_matcher' found in pipeline. Available names: ['sentencizer', 'tok2vec', 'tagger', 'attribute_ruler', 'lemmatizer', 'parser', 'ner']"
2025-05-26 15:01:20,719 - WARNING - No category mapping found for 'mood changes ophthalmologic no vision changes primary assessment symptoms consistent acute bacterial sinusitis likely secondary to recent viral upper respiratory infection differential includes viral sinusitis'. Defaulting to 'general'.
2025-05-26 15:01:20,734 - WARNING - No category mapping found for 'acute abnormalities in pulmonary musculoskeletal gi gu hematologic dermatologic psychiatric'. Defaulting to 'general'.
2025-05-26 15:01:20,741 - WARNING - Missing symptoms: ['patient presents with facial pain, nasal congestion, and fever for 10 days. reports purulent nasal discharge.']. Initiating knowledge base update.
2025-05-26 15:01:20,741 - ERROR - Error extracting features for note ID 1: 'KnowledgeBaseUpdater' object has no attribute 'is_new_symptom'
2025-05-26 15:01:20,804 - ERROR - Failed to create MongoDB indexes: An existing index has the same name as the requested index. When index names are not specified, they are auto generated and can cause conflicts. Please refer to our documentation. Requested index: { v: 2, unique: true, key: { term: 1 }, name: "term_1" }, existing index: { v: 2, key: { term: 1 }, name: "term_1" }, full error: {'ok': 0.0, 'errmsg': 'An existing index has the same name as the requested index. When index names are not specified, they are auto generated and can cause conflicts. Please refer to our documentation. Requested index: { v: 2, unique: true, key: { term: 1 }, name: "term_1" }, existing index: { v: 2, key: { term: 1 }, name: "term_1" }', 'code': 86, 'codeName': 'IndexKeySpecsConflict'}
2025-05-26 15:01:20,870 - ERROR - Failed to create MongoDB indexes: An existing index has the same name as the requested index. When index names are not specified, they are auto generated and can cause conflicts. Please refer to our documentation. Requested index: { v: 2, unique: true, key: { term: 1 }, name: "term_1" }, existing index: { v: 2, key: { term: 1 }, name: "term_1" }, full error: {'ok': 0.0, 'errmsg': 'An existing index has the same name as the requested index. When index names are not specified, they are auto generated and can cause conflicts. Please refer to our documentation. Requested index: { v: 2, unique: true, key: { term: 1 }, name: "term_1" }, existing index: { v: 2, key: { term: 1 }, name: "term_1" }', 'code': 86, 'codeName': 'IndexKeySpecsConflict'}
2025-05-26 15:01:21,628 - WARNING - Failed to reconfigure tokenizer from config: 'spacy.tokenizer.Tokenizer' object has no attribute 'from_config'
2025-05-26 15:01:25,768 - WARNING - 401 Unauthorized for term 'patient complains of headache the headache started three days ago. the headache is associated with fevers and chills', retrying with new ticket...
2025-05-26 15:01:30,224 - WARNING - UMLS API returned status 401 for term 'patient complains of headache the headache started three days ago. the headache is associated with fevers and chills'
2025-05-26 15:01:33,003 - WARNING - 401 Unauthorized for term 'nausea and vomiting and loss of appetite the patient has jaundice in the eyes taking foods with fats makes the nausea worse taking strong tea and licking salt alleviates the nausea', retrying with new ticket...
2025-05-26 15:01:36,027 - WARNING - UMLS API returned status 401 for term 'nausea and vomiting and loss of appetite the patient has jaundice in the eyes taking foods with fats makes the nausea worse taking strong tea and licking salt alleviates the nausea'
2025-05-26 15:01:38,762 - WARNING - 401 Unauthorized for term 'patient presents with facial pain', retrying with new ticket...
2025-05-26 15:01:41,855 - WARNING - UMLS API returned status 401 for term 'patient presents with facial pain'
2025-05-26 15:01:44,350 - WARNING - 401 Unauthorized for term 'and fever for 10 days. reports purulent nasal discharge. facial pain over maxillary sinuses', retrying with new ticket...
2025-05-26 15:01:47,222 - WARNING - UMLS API returned status 401 for term 'and fever for 10 days. reports purulent nasal discharge. facial pain over maxillary sinuses'
2025-05-26 15:01:49,582 - WARNING - 401 Unauthorized for term 'bilateral nasal congestion', retrying with new ticket...
2025-05-26 15:01:52,451 - WARNING - UMLS API returned status 401 for term 'bilateral nasal congestion'
2025-05-26 15:01:54,829 - WARNING - 401 Unauthorized for term 'back pain for two weeks the patient reports backpain for three weeks on assessment', retrying with new ticket...
2025-05-26 15:01:57,656 - WARNING - UMLS API returned status 401 for term 'back pain for two weeks the patient reports backpain for three weeks on assessment'
2025-05-26 15:01:59,850 - WARNING - 401 Unauthorized for term 'the patient is obese the backpain is made worse by sitting down for long the pain is alleviated by standing and stretching', retrying with new ticket...
2025-05-26 15:02:02,299 - WARNING - UMLS API returned status 401 for term 'the patient is obese the backpain is made worse by sitting down for long the pain is alleviated by standing and stretching'
2025-05-26 15:02:05,178 - WARNING - 401 Unauthorized for term 'and purulent nasal discharge for 10 days. low-grade fever (up to 100.5°f). no sore throat or hearing loss. pulmonary: no cough or shortness of breath. cardiovascular: no chest pain or palpitations. neurological: mild headache associated with sinus pain', retrying with new ticket...
2025-05-26 15:02:07,602 - WARNING - UMLS API returned status 401 for term 'and purulent nasal discharge for 10 days. low-grade fever (up to 100.5°f). no sore throat or hearing loss. pulmonary: no cough or shortness of breath. cardiovascular: no chest pain or palpitations. neurological: mild headache associated with sinus pain'
2025-05-26 15:02:10,186 - WARNING - 401 Unauthorized for term 'no dizziness. musculoskeletal: no joint pain or stiffness. gastrointestinal: no nausea or diarrhea. genitourinary: no urinary changes. endocrine: no weight changes or thirst. hematologic: no easy bruising or bleeding. dermatologic: no rashes or lesions. psychiatric: no mood changes. ophthalmologic: no vision changes. primary assessment: symptoms consistent with acute bacterial sinusitis', retrying with new ticket...
2025-05-26 15:02:12,453 - WARNING - UMLS API returned status 401 for term 'no dizziness. musculoskeletal: no joint pain or stiffness. gastrointestinal: no nausea or diarrhea. genitourinary: no urinary changes. endocrine: no weight changes or thirst. hematologic: no easy bruising or bleeding. dermatologic: no rashes or lesions. psychiatric: no mood changes. ophthalmologic: no vision changes. primary assessment: symptoms consistent with acute bacterial sinusitis'
2025-05-26 15:02:15,031 - WARNING - 401 Unauthorized for term 'likely secondary to recent viral upper respiratory infection. differential includes viral sinusitis or allergic rhinitis. other systems: neurological: headache likely related to sinusitis. endocrine: stable diabetes. cardiovascular: stable hypertension. no acute abnormalities in pulmonary', retrying with new ticket...
2025-05-26 15:02:17,457 - WARNING - UMLS API returned status 401 for term 'likely secondary to recent viral upper respiratory infection. differential includes viral sinusitis or allergic rhinitis. other systems: neurological: headache likely related to sinusitis. endocrine: stable diabetes. cardiovascular: stable hypertension. no acute abnormalities in pulmonary'
2025-05-26 15:03:43,158 - ERROR - Failed to initialize NLP pipeline: [E893] Could not find function 'replace_tokenizer' in function registry 'callbacks'. If you're using a custom function, make sure the code is available. If the function is provided by a third-party package, e.g. spacy-transformers, make sure the package is installed in your environment.

Available names: spacy.copy_from_base_model.v1, spacy.models_and_pipes_with_nvtx_range.v1, spacy.models_with_nvtx_range.v1
2025-05-26 15:03:44,299 - WARNING - Using fallback spacy pipeline without parser, ner, or linker
2025-05-26 15:03:45,112 - WARNING - Failed to reconfigure tokenizer from config: 'spacy.tokenizer.Tokenizer' object has no attribute 'from_config'
2025-05-26 15:03:47,877 - WARNING - 401 Unauthorized for term 'patient complains of headache the headache started three days ago. the headache is associated with fevers and chills', retrying with new ticket...
2025-05-26 15:03:50,690 - WARNING - UMLS API returned status 401 for term 'patient complains of headache the headache started three days ago. the headache is associated with fevers and chills'
2025-05-26 15:03:53,167 - WARNING - 401 Unauthorized for term 'nausea and vomiting and loss of appetite the patient has jaundice in the eyes taking foods with fats makes the nausea worse taking strong tea and licking salt alleviates the nausea', retrying with new ticket...
2025-05-26 15:03:55,599 - WARNING - UMLS API returned status 401 for term 'nausea and vomiting and loss of appetite the patient has jaundice in the eyes taking foods with fats makes the nausea worse taking strong tea and licking salt alleviates the nausea'
2025-05-26 15:03:58,247 - WARNING - 401 Unauthorized for term 'patient presents with facial pain', retrying with new ticket...
2025-05-26 15:04:00,778 - WARNING - UMLS API returned status 401 for term 'patient presents with facial pain'
2025-05-26 15:04:03,430 - WARNING - 401 Unauthorized for term 'and fever for 10 days. reports purulent nasal discharge. facial pain over maxillary sinuses', retrying with new ticket...
2025-05-26 15:04:06,210 - WARNING - UMLS API returned status 401 for term 'and fever for 10 days. reports purulent nasal discharge. facial pain over maxillary sinuses'
2025-05-26 15:04:08,643 - WARNING - 401 Unauthorized for term 'bilateral nasal congestion', retrying with new ticket...
2025-05-26 15:04:11,100 - WARNING - UMLS API returned status 401 for term 'bilateral nasal congestion'
2025-05-26 15:04:13,531 - WARNING - 401 Unauthorized for term 'back pain for two weeks the patient reports backpain for three weeks on assessment', retrying with new ticket...
2025-05-26 15:04:16,054 - WARNING - UMLS API returned status 401 for term 'back pain for two weeks the patient reports backpain for three weeks on assessment'
2025-05-26 15:04:19,158 - WARNING - 401 Unauthorized for term 'the patient is obese the backpain is made worse by sitting down for long the pain is alleviated by standing and stretching', retrying with new ticket...
2025-05-26 15:04:21,991 - WARNING - UMLS API returned status 401 for term 'the patient is obese the backpain is made worse by sitting down for long the pain is alleviated by standing and stretching'
2025-05-26 15:04:24,654 - WARNING - 401 Unauthorized for term 'and purulent nasal discharge for 10 days. low-grade fever (up to 100.5°f). no sore throat or hearing loss. pulmonary: no cough or shortness of breath. cardiovascular: no chest pain or palpitations. neurological: mild headache associated with sinus pain', retrying with new ticket...
2025-05-26 15:04:27,121 - WARNING - UMLS API returned status 401 for term 'and purulent nasal discharge for 10 days. low-grade fever (up to 100.5°f). no sore throat or hearing loss. pulmonary: no cough or shortness of breath. cardiovascular: no chest pain or palpitations. neurological: mild headache associated with sinus pain'
2025-05-26 15:04:30,188 - WARNING - 401 Unauthorized for term 'no dizziness. musculoskeletal: no joint pain or stiffness. gastrointestinal: no nausea or diarrhea. genitourinary: no urinary changes. endocrine: no weight changes or thirst. hematologic: no easy bruising or bleeding. dermatologic: no rashes or lesions. psychiatric: no mood changes. ophthalmologic: no vision changes. primary assessment: symptoms consistent with acute bacterial sinusitis', retrying with new ticket...
2025-05-26 15:04:32,781 - WARNING - UMLS API returned status 401 for term 'no dizziness. musculoskeletal: no joint pain or stiffness. gastrointestinal: no nausea or diarrhea. genitourinary: no urinary changes. endocrine: no weight changes or thirst. hematologic: no easy bruising or bleeding. dermatologic: no rashes or lesions. psychiatric: no mood changes. ophthalmologic: no vision changes. primary assessment: symptoms consistent with acute bacterial sinusitis'
2025-05-26 15:04:35,337 - WARNING - 401 Unauthorized for term 'likely secondary to recent viral upper respiratory infection. differential includes viral sinusitis or allergic rhinitis. other systems: neurological: headache likely related to sinusitis. endocrine: stable diabetes. cardiovascular: stable hypertension. no acute abnormalities in pulmonary', retrying with new ticket...
2025-05-26 15:04:38,101 - WARNING - UMLS API returned status 401 for term 'likely secondary to recent viral upper respiratory infection. differential includes viral sinusitis or allergic rhinitis. other systems: neurological: headache likely related to sinusitis. endocrine: stable diabetes. cardiovascular: stable hypertension. no acute abnormalities in pulmonary'
2025-05-26 15:06:08,813 - ERROR - Failed to initialize NLP pipeline: [E893] Could not find function 'replace_tokenizer' in function registry 'callbacks'. If you're using a custom function, make sure the code is available. If the function is provided by a third-party package, e.g. spacy-transformers, make sure the package is installed in your environment.

Available names: spacy.copy_from_base_model.v1, spacy.models_and_pipes_with_nvtx_range.v1, spacy.models_with_nvtx_range.v1
2025-05-26 15:06:09,717 - WARNING - Using fallback spacy pipeline without parser, ner, or linker
2025-05-26 15:06:09,717 - ERROR - Failed to add symptom rules: "[E001] No component 'medspacy_target_matcher' found in pipeline. Available names: ['sentencizer', 'tok2vec', 'tagger', 'attribute_ruler', 'lemmatizer', 'parser', 'ner']"
2025-05-26 15:06:09,735 - ERROR - Failed to create MongoDB indexes: An existing index has the same name as the requested index. When index names are not specified, they are auto generated and can cause conflicts. Please refer to our documentation. Requested index: { v: 2, unique: true, key: { term: 1 }, name: "term_1" }, existing index: { v: 2, key: { term: 1 }, name: "term_1" }, full error: {'ok': 0.0, 'errmsg': 'An existing index has the same name as the requested index. When index names are not specified, they are auto generated and can cause conflicts. Please refer to our documentation. Requested index: { v: 2, unique: true, key: { term: 1 }, name: "term_1" }, existing index: { v: 2, key: { term: 1 }, name: "term_1" }', 'code': 86, 'codeName': 'IndexKeySpecsConflict'}
2025-05-26 15:06:10,449 - WARNING - Failed to reconfigure tokenizer from config: 'spacy.tokenizer.Tokenizer' object has no attribute 'from_config'
2025-05-26 15:06:12,972 - WARNING - 401 Unauthorized for term 'patient complains of headache the headache started three days ago. the headache is associated with fevers and chills', retrying with new ticket...
2025-05-26 15:06:15,398 - WARNING - UMLS API returned status 401 for term 'patient complains of headache the headache started three days ago. the headache is associated with fevers and chills'
2025-05-26 15:06:18,098 - WARNING - 401 Unauthorized for term 'nausea and vomiting and loss of appetite the patient has jaundice in the eyes taking foods with fats makes the nausea worse taking strong tea and licking salt alleviates the nausea', retrying with new ticket...
2025-05-26 15:06:21,034 - WARNING - UMLS API returned status 401 for term 'nausea and vomiting and loss of appetite the patient has jaundice in the eyes taking foods with fats makes the nausea worse taking strong tea and licking salt alleviates the nausea'
2025-05-26 15:06:23,439 - WARNING - 401 Unauthorized for term 'patient presents with facial pain', retrying with new ticket...
2025-05-26 15:06:25,902 - WARNING - UMLS API returned status 401 for term 'patient presents with facial pain'
2025-05-26 15:06:28,498 - WARNING - 401 Unauthorized for term 'and fever for 10 days. reports purulent nasal discharge. facial pain over maxillary sinuses', retrying with new ticket...
2025-05-26 15:06:32,691 - WARNING - UMLS API returned status 401 for term 'and fever for 10 days. reports purulent nasal discharge. facial pain over maxillary sinuses'
2025-05-26 15:06:34,877 - WARNING - 401 Unauthorized for term 'bilateral nasal congestion', retrying with new ticket...
2025-05-26 15:06:37,384 - WARNING - UMLS API returned status 401 for term 'bilateral nasal congestion'
2025-05-26 15:06:39,600 - WARNING - 401 Unauthorized for term 'back pain for two weeks the patient reports backpain for three weeks on assessment', retrying with new ticket...
2025-05-26 15:06:42,195 - WARNING - UMLS API returned status 401 for term 'back pain for two weeks the patient reports backpain for three weeks on assessment'
2025-05-26 15:06:45,083 - WARNING - 401 Unauthorized for term 'the patient is obese the backpain is made worse by sitting down for long the pain is alleviated by standing and stretching', retrying with new ticket...
2025-05-26 15:06:47,699 - WARNING - UMLS API returned status 401 for term 'the patient is obese the backpain is made worse by sitting down for long the pain is alleviated by standing and stretching'
2025-05-26 15:06:50,138 - WARNING - 401 Unauthorized for term 'and purulent nasal discharge for 10 days. low-grade fever (up to 100.5°f). no sore throat or hearing loss. pulmonary: no cough or shortness of breath. cardiovascular: no chest pain or palpitations. neurological: mild headache associated with sinus pain', retrying with new ticket...
2025-05-26 15:06:52,802 - WARNING - UMLS API returned status 401 for term 'and purulent nasal discharge for 10 days. low-grade fever (up to 100.5°f). no sore throat or hearing loss. pulmonary: no cough or shortness of breath. cardiovascular: no chest pain or palpitations. neurological: mild headache associated with sinus pain'
2025-05-26 15:06:54,973 - WARNING - 401 Unauthorized for term 'no dizziness. musculoskeletal: no joint pain or stiffness. gastrointestinal: no nausea or diarrhea. genitourinary: no urinary changes. endocrine: no weight changes or thirst. hematologic: no easy bruising or bleeding. dermatologic: no rashes or lesions. psychiatric: no mood changes. ophthalmologic: no vision changes. primary assessment: symptoms consistent with acute bacterial sinusitis', retrying with new ticket...
2025-05-26 15:06:58,999 - WARNING - UMLS API returned status 401 for term 'no dizziness. musculoskeletal: no joint pain or stiffness. gastrointestinal: no nausea or diarrhea. genitourinary: no urinary changes. endocrine: no weight changes or thirst. hematologic: no easy bruising or bleeding. dermatologic: no rashes or lesions. psychiatric: no mood changes. ophthalmologic: no vision changes. primary assessment: symptoms consistent with acute bacterial sinusitis'
2025-05-26 15:07:01,664 - WARNING - 401 Unauthorized for term 'likely secondary to recent viral upper respiratory infection. differential includes viral sinusitis or allergic rhinitis. other systems: neurological: headache likely related to sinusitis. endocrine: stable diabetes. cardiovascular: stable hypertension. no acute abnormalities in pulmonary', retrying with new ticket...
2025-05-26 15:07:04,128 - WARNING - UMLS API returned status 401 for term 'likely secondary to recent viral upper respiratory infection. differential includes viral sinusitis or allergic rhinitis. other systems: neurological: headache likely related to sinusitis. endocrine: stable diabetes. cardiovascular: stable hypertension. no acute abnormalities in pulmonary'
2025-05-26 15:08:35,463 - ERROR - Failed to initialize NLP pipeline: [E893] Could not find function 'replace_tokenizer' in function registry 'callbacks'. If you're using a custom function, make sure the code is available. If the function is provided by a third-party package, e.g. spacy-transformers, make sure the package is installed in your environment.

Available names: spacy.copy_from_base_model.v1, spacy.models_and_pipes_with_nvtx_range.v1, spacy.models_with_nvtx_range.v1
2025-05-26 15:08:36,171 - WARNING - Using fallback spacy pipeline without parser, ner, or linker
2025-05-26 15:08:36,227 - WARNING - No category mapping found for 'mood changes ophthalmologic no vision changes primary assessment symptoms consistent acute bacterial sinusitis likely secondary to recent viral upper respiratory infection differential includes viral sinusitis'. Defaulting to 'general'.
2025-05-26 15:08:36,232 - WARNING - No category mapping found for 'acute abnormalities in pulmonary musculoskeletal gi gu hematologic dermatologic psychiatric'. Defaulting to 'general'.
2025-05-26 15:08:36,332 - WARNING - No category mapping found for 'mood changes ophthalmologic no vision changes primary assessment symptoms consistent acute bacterial sinusitis likely secondary to recent viral upper respiratory infection differential includes viral sinusitis'. Defaulting to 'general'.
2025-05-26 15:08:36,341 - WARNING - No category mapping found for 'acute abnormalities in pulmonary musculoskeletal gi gu hematologic dermatologic psychiatric'. Defaulting to 'general'.
2025-05-26 15:08:36,349 - ERROR - Error extracting features for note ID 1: 'KnowledgeBaseUpdater' object has no attribute 'is_new_symptom'
2025-05-26 15:08:36,350 - WARNING - Empty text for embedding, skipping embedding-based scoring
2025-05-26 15:08:36,352 - ERROR - Error generating differentials: string indices must be integers, not 'str'
2025-05-26 15:08:36,396 - ERROR - Error extracting features for note ID 2: 'KnowledgeBaseUpdater' object has no attribute 'is_new_symptom'
2025-05-26 15:08:36,436 - ERROR - Failed to create MongoDB indexes: An existing index has the same name as the requested index. When index names are not specified, they are auto generated and can cause conflicts. Please refer to our documentation. Requested index: { v: 2, unique: true, key: { term: 1 }, name: "term_1" }, existing index: { v: 2, key: { term: 1 }, name: "term_1" }, full error: {'ok': 0.0, 'errmsg': 'An existing index has the same name as the requested index. When index names are not specified, they are auto generated and can cause conflicts. Please refer to our documentation. Requested index: { v: 2, unique: true, key: { term: 1 }, name: "term_1" }, existing index: { v: 2, key: { term: 1 }, name: "term_1" }', 'code': 86, 'codeName': 'IndexKeySpecsConflict'}
2025-05-26 15:08:36,471 - ERROR - Failed to create MongoDB indexes: An existing index has the same name as the requested index. When index names are not specified, they are auto generated and can cause conflicts. Please refer to our documentation. Requested index: { v: 2, unique: true, key: { term: 1 }, name: "term_1" }, existing index: { v: 2, key: { term: 1 }, name: "term_1" }, full error: {'ok': 0.0, 'errmsg': 'An existing index has the same name as the requested index. When index names are not specified, they are auto generated and can cause conflicts. Please refer to our documentation. Requested index: { v: 2, unique: true, key: { term: 1 }, name: "term_1" }, existing index: { v: 2, key: { term: 1 }, name: "term_1" }', 'code': 86, 'codeName': 'IndexKeySpecsConflict'}
2025-05-26 15:08:37,196 - WARNING - Failed to reconfigure tokenizer from config: 'spacy.tokenizer.Tokenizer' object has no attribute 'from_config'
2025-05-26 15:08:40,344 - WARNING - 401 Unauthorized for term 'patient complains of headache the headache started three days ago. the headache is associated with fevers and chills', retrying with new ticket...
2025-05-26 15:08:42,814 - WARNING - UMLS API returned status 401 for term 'patient complains of headache the headache started three days ago. the headache is associated with fevers and chills'
2025-05-26 15:08:45,866 - WARNING - 401 Unauthorized for term 'nausea and vomiting and loss of appetite the patient has jaundice in the eyes taking foods with fats makes the nausea worse taking strong tea and licking salt alleviates the nausea', retrying with new ticket...
2025-05-26 15:08:48,187 - WARNING - UMLS API returned status 401 for term 'nausea and vomiting and loss of appetite the patient has jaundice in the eyes taking foods with fats makes the nausea worse taking strong tea and licking salt alleviates the nausea'
2025-05-26 15:08:50,758 - WARNING - 401 Unauthorized for term 'patient presents with facial pain', retrying with new ticket...
2025-05-26 15:08:53,406 - WARNING - UMLS API returned status 401 for term 'patient presents with facial pain'
2025-05-26 15:08:56,053 - WARNING - 401 Unauthorized for term 'and fever for 10 days. reports purulent nasal discharge. facial pain over maxillary sinuses', retrying with new ticket...
2025-05-26 15:08:59,184 - WARNING - UMLS API returned status 401 for term 'and fever for 10 days. reports purulent nasal discharge. facial pain over maxillary sinuses'
2025-05-26 15:09:01,582 - WARNING - 401 Unauthorized for term 'bilateral nasal congestion', retrying with new ticket...
2025-05-26 15:09:04,246 - WARNING - UMLS API returned status 401 for term 'bilateral nasal congestion'
2025-05-26 15:09:06,612 - WARNING - 401 Unauthorized for term 'back pain for two weeks the patient reports backpain for three weeks on assessment', retrying with new ticket...
2025-05-26 15:09:09,662 - WARNING - UMLS API returned status 401 for term 'back pain for two weeks the patient reports backpain for three weeks on assessment'
2025-05-26 15:09:12,422 - WARNING - 401 Unauthorized for term 'the patient is obese the backpain is made worse by sitting down for long the pain is alleviated by standing and stretching', retrying with new ticket...
2025-05-26 15:09:15,030 - WARNING - UMLS API returned status 401 for term 'the patient is obese the backpain is made worse by sitting down for long the pain is alleviated by standing and stretching'
2025-05-26 15:09:17,431 - WARNING - 401 Unauthorized for term 'and purulent nasal discharge for 10 days. low-grade fever (up to 100.5°f). no sore throat or hearing loss. pulmonary: no cough or shortness of breath. cardiovascular: no chest pain or palpitations. neurological: mild headache associated with sinus pain', retrying with new ticket...
2025-05-26 15:09:20,254 - WARNING - UMLS API returned status 401 for term 'and purulent nasal discharge for 10 days. low-grade fever (up to 100.5°f). no sore throat or hearing loss. pulmonary: no cough or shortness of breath. cardiovascular: no chest pain or palpitations. neurological: mild headache associated with sinus pain'
2025-05-26 15:09:23,118 - WARNING - 401 Unauthorized for term 'no dizziness. musculoskeletal: no joint pain or stiffness. gastrointestinal: no nausea or diarrhea. genitourinary: no urinary changes. endocrine: no weight changes or thirst. hematologic: no easy bruising or bleeding. dermatologic: no rashes or lesions. psychiatric: no mood changes. ophthalmologic: no vision changes. primary assessment: symptoms consistent with acute bacterial sinusitis', retrying with new ticket...
2025-05-26 15:09:25,810 - WARNING - UMLS API returned status 401 for term 'no dizziness. musculoskeletal: no joint pain or stiffness. gastrointestinal: no nausea or diarrhea. genitourinary: no urinary changes. endocrine: no weight changes or thirst. hematologic: no easy bruising or bleeding. dermatologic: no rashes or lesions. psychiatric: no mood changes. ophthalmologic: no vision changes. primary assessment: symptoms consistent with acute bacterial sinusitis'
2025-05-26 15:09:29,276 - WARNING - 401 Unauthorized for term 'likely secondary to recent viral upper respiratory infection. differential includes viral sinusitis or allergic rhinitis. other systems: neurological: headache likely related to sinusitis. endocrine: stable diabetes. cardiovascular: stable hypertension. no acute abnormalities in pulmonary', retrying with new ticket...
2025-05-26 15:09:31,898 - WARNING - UMLS API returned status 401 for term 'likely secondary to recent viral upper respiratory infection. differential includes viral sinusitis or allergic rhinitis. other systems: neurological: headache likely related to sinusitis. endocrine: stable diabetes. cardiovascular: stable hypertension. no acute abnormalities in pulmonary'
2025-05-26 15:11:02,884 - ERROR - Failed to initialize NLP pipeline: [E893] Could not find function 'replace_tokenizer' in function registry 'callbacks'. If you're using a custom function, make sure the code is available. If the function is provided by a third-party package, e.g. spacy-transformers, make sure the package is installed in your environment.

Available names: spacy.copy_from_base_model.v1, spacy.models_and_pipes_with_nvtx_range.v1, spacy.models_with_nvtx_range.v1
2025-05-26 15:11:03,640 - WARNING - Using fallback spacy pipeline without parser, ner, or linker
2025-05-26 15:11:04,333 - WARNING - Failed to reconfigure tokenizer from config: 'spacy.tokenizer.Tokenizer' object has no attribute 'from_config'
2025-05-26 15:11:06,954 - WARNING - 401 Unauthorized for term 'patient complains of headache the headache started three days ago. the headache is associated with fevers and chills', retrying with new ticket...
2025-05-26 15:11:09,418 - WARNING - UMLS API returned status 401 for term 'patient complains of headache the headache started three days ago. the headache is associated with fevers and chills'
2025-05-26 15:11:12,243 - WARNING - 401 Unauthorized for term 'nausea and vomiting and loss of appetite the patient has jaundice in the eyes taking foods with fats makes the nausea worse taking strong tea and licking salt alleviates the nausea', retrying with new ticket...
2025-05-26 15:11:15,156 - WARNING - UMLS API returned status 401 for term 'nausea and vomiting and loss of appetite the patient has jaundice in the eyes taking foods with fats makes the nausea worse taking strong tea and licking salt alleviates the nausea'
2025-05-26 15:11:17,949 - WARNING - 401 Unauthorized for term 'patient presents with facial pain', retrying with new ticket...
2025-05-26 15:11:20,457 - WARNING - UMLS API returned status 401 for term 'patient presents with facial pain'
2025-05-26 15:11:23,273 - WARNING - 401 Unauthorized for term 'and fever for 10 days. reports purulent nasal discharge. facial pain over maxillary sinuses', retrying with new ticket...
2025-05-26 15:11:25,662 - WARNING - UMLS API returned status 401 for term 'and fever for 10 days. reports purulent nasal discharge. facial pain over maxillary sinuses'
2025-05-26 15:11:28,298 - WARNING - 401 Unauthorized for term 'bilateral nasal congestion', retrying with new ticket...
2025-05-26 15:11:31,109 - WARNING - UMLS API returned status 401 for term 'bilateral nasal congestion'
2025-05-26 15:11:35,241 - WARNING - 401 Unauthorized for term 'back pain for two weeks the patient reports backpain for three weeks on assessment', retrying with new ticket...
2025-05-26 15:11:38,474 - WARNING - UMLS API returned status 401 for term 'back pain for two weeks the patient reports backpain for three weeks on assessment'
2025-05-26 15:11:40,702 - WARNING - 401 Unauthorized for term 'the patient is obese the backpain is made worse by sitting down for long the pain is alleviated by standing and stretching', retrying with new ticket...
2025-05-26 15:11:43,206 - WARNING - UMLS API returned status 401 for term 'the patient is obese the backpain is made worse by sitting down for long the pain is alleviated by standing and stretching'
2025-05-26 15:11:45,974 - WARNING - 401 Unauthorized for term 'and purulent nasal discharge for 10 days. low-grade fever (up to 100.5°f). no sore throat or hearing loss. pulmonary: no cough or shortness of breath. cardiovascular: no chest pain or palpitations. neurological: mild headache associated with sinus pain', retrying with new ticket...
2025-05-26 15:11:48,526 - WARNING - UMLS API returned status 401 for term 'and purulent nasal discharge for 10 days. low-grade fever (up to 100.5°f). no sore throat or hearing loss. pulmonary: no cough or shortness of breath. cardiovascular: no chest pain or palpitations. neurological: mild headache associated with sinus pain'
2025-05-26 15:11:50,762 - WARNING - 401 Unauthorized for term 'no dizziness. musculoskeletal: no joint pain or stiffness. gastrointestinal: no nausea or diarrhea. genitourinary: no urinary changes. endocrine: no weight changes or thirst. hematologic: no easy bruising or bleeding. dermatologic: no rashes or lesions. psychiatric: no mood changes. ophthalmologic: no vision changes. primary assessment: symptoms consistent with acute bacterial sinusitis', retrying with new ticket...
2025-05-26 15:11:53,198 - WARNING - UMLS API returned status 401 for term 'no dizziness. musculoskeletal: no joint pain or stiffness. gastrointestinal: no nausea or diarrhea. genitourinary: no urinary changes. endocrine: no weight changes or thirst. hematologic: no easy bruising or bleeding. dermatologic: no rashes or lesions. psychiatric: no mood changes. ophthalmologic: no vision changes. primary assessment: symptoms consistent with acute bacterial sinusitis'
2025-05-26 15:11:55,778 - WARNING - 401 Unauthorized for term 'likely secondary to recent viral upper respiratory infection. differential includes viral sinusitis or allergic rhinitis. other systems: neurological: headache likely related to sinusitis. endocrine: stable diabetes. cardiovascular: stable hypertension. no acute abnormalities in pulmonary', retrying with new ticket...
2025-05-26 15:11:58,179 - WARNING - UMLS API returned status 401 for term 'likely secondary to recent viral upper respiratory infection. differential includes viral sinusitis or allergic rhinitis. other systems: neurological: headache likely related to sinusitis. endocrine: stable diabetes. cardiovascular: stable hypertension. no acute abnormalities in pulmonary'
2025-05-26 15:13:29,170 - ERROR - Failed to initialize NLP pipeline: [E893] Could not find function 'replace_tokenizer' in function registry 'callbacks'. If you're using a custom function, make sure the code is available. If the function is provided by a third-party package, e.g. spacy-transformers, make sure the package is installed in your environment.

Available names: spacy.copy_from_base_model.v1, spacy.models_and_pipes_with_nvtx_range.v1, spacy.models_with_nvtx_range.v1
2025-05-26 15:13:30,069 - WARNING - Using fallback spacy pipeline without parser, ner, or linker
2025-05-26 15:13:30,069 - ERROR - Failed to add symptom rules: "[E001] No component 'medspacy_target_matcher' found in pipeline. Available names: ['sentencizer', 'tok2vec', 'tagger', 'attribute_ruler', 'lemmatizer', 'parser', 'ner']"
2025-05-26 15:13:30,102 - ERROR - Error extracting features for note ID 2: 'KnowledgeBaseUpdater' object has no attribute 'is_new_symptom'
2025-05-26 15:13:30,138 - ERROR - Failed to create MongoDB indexes: An existing index has the same name as the requested index. When index names are not specified, they are auto generated and can cause conflicts. Please refer to our documentation. Requested index: { v: 2, unique: true, key: { term: 1 }, name: "term_1" }, existing index: { v: 2, key: { term: 1 }, name: "term_1" }, full error: {'ok': 0.0, 'errmsg': 'An existing index has the same name as the requested index. When index names are not specified, they are auto generated and can cause conflicts. Please refer to our documentation. Requested index: { v: 2, unique: true, key: { term: 1 }, name: "term_1" }, existing index: { v: 2, key: { term: 1 }, name: "term_1" }', 'code': 86, 'codeName': 'IndexKeySpecsConflict'}
2025-05-26 15:13:30,169 - ERROR - Failed to create MongoDB indexes: An existing index has the same name as the requested index. When index names are not specified, they are auto generated and can cause conflicts. Please refer to our documentation. Requested index: { v: 2, unique: true, key: { term: 1 }, name: "term_1" }, existing index: { v: 2, key: { term: 1 }, name: "term_1" }, full error: {'ok': 0.0, 'errmsg': 'An existing index has the same name as the requested index. When index names are not specified, they are auto generated and can cause conflicts. Please refer to our documentation. Requested index: { v: 2, unique: true, key: { term: 1 }, name: "term_1" }, existing index: { v: 2, key: { term: 1 }, name: "term_1" }', 'code': 86, 'codeName': 'IndexKeySpecsConflict'}
2025-05-26 15:13:30,875 - WARNING - Failed to reconfigure tokenizer from config: 'spacy.tokenizer.Tokenizer' object has no attribute 'from_config'
2025-05-26 15:13:33,804 - WARNING - 401 Unauthorized for term 'patient complains of headache the headache started three days ago. the headache is associated with fevers and chills', retrying with new ticket...
2025-05-26 15:13:36,840 - WARNING - UMLS API returned status 401 for term 'patient complains of headache the headache started three days ago. the headache is associated with fevers and chills'
2025-05-26 15:13:39,448 - WARNING - 401 Unauthorized for term 'nausea and vomiting and loss of appetite the patient has jaundice in the eyes taking foods with fats makes the nausea worse taking strong tea and licking salt alleviates the nausea', retrying with new ticket...
2025-05-26 15:13:42,167 - WARNING - UMLS API returned status 401 for term 'nausea and vomiting and loss of appetite the patient has jaundice in the eyes taking foods with fats makes the nausea worse taking strong tea and licking salt alleviates the nausea'
2025-05-26 15:13:45,001 - WARNING - 401 Unauthorized for term 'patient presents with facial pain', retrying with new ticket...
2025-05-26 15:13:47,568 - WARNING - UMLS API returned status 401 for term 'patient presents with facial pain'
2025-05-26 15:13:50,388 - WARNING - 401 Unauthorized for term 'and fever for 10 days. reports purulent nasal discharge. facial pain over maxillary sinuses', retrying with new ticket...
2025-05-26 15:13:52,981 - WARNING - UMLS API returned status 401 for term 'and fever for 10 days. reports purulent nasal discharge. facial pain over maxillary sinuses'
2025-05-26 15:13:55,639 - WARNING - 401 Unauthorized for term 'bilateral nasal congestion', retrying with new ticket...
2025-05-26 15:13:58,104 - WARNING - UMLS API returned status 401 for term 'bilateral nasal congestion'
2025-05-26 15:14:01,666 - WARNING - 401 Unauthorized for term 'back pain for two weeks the patient reports backpain for three weeks on assessment', retrying with new ticket...
2025-05-26 15:14:04,344 - WARNING - UMLS API returned status 401 for term 'back pain for two weeks the patient reports backpain for three weeks on assessment'
2025-05-26 15:14:07,334 - WARNING - 401 Unauthorized for term 'the patient is obese the backpain is made worse by sitting down for long the pain is alleviated by standing and stretching', retrying with new ticket...
2025-05-26 15:14:10,371 - WARNING - UMLS API returned status 401 for term 'the patient is obese the backpain is made worse by sitting down for long the pain is alleviated by standing and stretching'
2025-05-26 15:14:14,613 - WARNING - 401 Unauthorized for term 'and purulent nasal discharge for 10 days. low-grade fever (up to 100.5°f). no sore throat or hearing loss. pulmonary: no cough or shortness of breath. cardiovascular: no chest pain or palpitations. neurological: mild headache associated with sinus pain', retrying with new ticket...
2025-05-26 15:14:17,621 - WARNING - UMLS API returned status 401 for term 'and purulent nasal discharge for 10 days. low-grade fever (up to 100.5°f). no sore throat or hearing loss. pulmonary: no cough or shortness of breath. cardiovascular: no chest pain or palpitations. neurological: mild headache associated with sinus pain'
2025-05-26 15:14:20,125 - WARNING - 401 Unauthorized for term 'no dizziness. musculoskeletal: no joint pain or stiffness. gastrointestinal: no nausea or diarrhea. genitourinary: no urinary changes. endocrine: no weight changes or thirst. hematologic: no easy bruising or bleeding. dermatologic: no rashes or lesions. psychiatric: no mood changes. ophthalmologic: no vision changes. primary assessment: symptoms consistent with acute bacterial sinusitis', retrying with new ticket...
2025-05-26 15:14:23,005 - WARNING - UMLS API returned status 401 for term 'no dizziness. musculoskeletal: no joint pain or stiffness. gastrointestinal: no nausea or diarrhea. genitourinary: no urinary changes. endocrine: no weight changes or thirst. hematologic: no easy bruising or bleeding. dermatologic: no rashes or lesions. psychiatric: no mood changes. ophthalmologic: no vision changes. primary assessment: symptoms consistent with acute bacterial sinusitis'
2025-05-26 15:14:25,653 - WARNING - 401 Unauthorized for term 'likely secondary to recent viral upper respiratory infection. differential includes viral sinusitis or allergic rhinitis. other systems: neurological: headache likely related to sinusitis. endocrine: stable diabetes. cardiovascular: stable hypertension. no acute abnormalities in pulmonary', retrying with new ticket...
2025-05-26 15:14:28,157 - WARNING - UMLS API returned status 401 for term 'likely secondary to recent viral upper respiratory infection. differential includes viral sinusitis or allergic rhinitis. other systems: neurological: headache likely related to sinusitis. endocrine: stable diabetes. cardiovascular: stable hypertension. no acute abnormalities in pulmonary'
2025-05-26 15:15:55,043 - ERROR - Failed to initialize NLP pipeline: [E893] Could not find function 'replace_tokenizer' in function registry 'callbacks'. If you're using a custom function, make sure the code is available. If the function is provided by a third-party package, e.g. spacy-transformers, make sure the package is installed in your environment.

Available names: spacy.copy_from_base_model.v1, spacy.models_and_pipes_with_nvtx_range.v1, spacy.models_with_nvtx_range.v1
2025-05-26 15:15:55,956 - WARNING - Using fallback spacy pipeline without parser, ner, or linker
2025-05-26 15:15:56,632 - WARNING - Failed to reconfigure tokenizer from config: 'spacy.tokenizer.Tokenizer' object has no attribute 'from_config'
2025-05-26 15:15:59,608 - WARNING - 401 Unauthorized for term 'patient complains of headache the headache started three days ago. the headache is associated with fevers and chills', retrying with new ticket...
2025-05-26 15:16:02,339 - WARNING - UMLS API returned status 401 for term 'patient complains of headache the headache started three days ago. the headache is associated with fevers and chills'
2025-05-26 15:16:05,369 - WARNING - 401 Unauthorized for term 'nausea and vomiting and loss of appetite the patient has jaundice in the eyes taking foods with fats makes the nausea worse taking strong tea and licking salt alleviates the nausea', retrying with new ticket...
2025-05-26 15:16:09,560 - WARNING - UMLS API returned status 401 for term 'nausea and vomiting and loss of appetite the patient has jaundice in the eyes taking foods with fats makes the nausea worse taking strong tea and licking salt alleviates the nausea'
2025-05-26 15:16:12,728 - WARNING - 401 Unauthorized for term 'patient presents with facial pain', retrying with new ticket...
2025-05-26 15:16:15,438 - WARNING - UMLS API returned status 401 for term 'patient presents with facial pain'
2025-05-26 15:16:18,343 - WARNING - 401 Unauthorized for term 'and fever for 10 days. reports purulent nasal discharge. facial pain over maxillary sinuses', retrying with new ticket...
2025-05-26 15:16:21,022 - WARNING - UMLS API returned status 401 for term 'and fever for 10 days. reports purulent nasal discharge. facial pain over maxillary sinuses'
2025-05-26 15:16:23,424 - WARNING - 401 Unauthorized for term 'bilateral nasal congestion', retrying with new ticket...
2025-05-26 15:16:26,159 - WARNING - UMLS API returned status 401 for term 'bilateral nasal congestion'
2025-05-26 15:16:29,274 - WARNING - 401 Unauthorized for term 'back pain for two weeks the patient reports backpain for three weeks on assessment', retrying with new ticket...
2025-05-26 15:16:32,277 - WARNING - UMLS API returned status 401 for term 'back pain for two weeks the patient reports backpain for three weeks on assessment'
2025-05-26 15:16:34,938 - WARNING - 401 Unauthorized for term 'the patient is obese the backpain is made worse by sitting down for long the pain is alleviated by standing and stretching', retrying with new ticket...
2025-05-26 15:16:37,989 - WARNING - UMLS API returned status 401 for term 'the patient is obese the backpain is made worse by sitting down for long the pain is alleviated by standing and stretching'
2025-05-26 15:16:40,527 - WARNING - 401 Unauthorized for term 'and purulent nasal discharge for 10 days. low-grade fever (up to 100.5°f). no sore throat or hearing loss. pulmonary: no cough or shortness of breath. cardiovascular: no chest pain or palpitations. neurological: mild headache associated with sinus pain', retrying with new ticket...
2025-05-26 15:16:43,367 - WARNING - UMLS API returned status 401 for term 'and purulent nasal discharge for 10 days. low-grade fever (up to 100.5°f). no sore throat or hearing loss. pulmonary: no cough or shortness of breath. cardiovascular: no chest pain or palpitations. neurological: mild headache associated with sinus pain'
2025-05-26 15:16:46,010 - WARNING - 401 Unauthorized for term 'no dizziness. musculoskeletal: no joint pain or stiffness. gastrointestinal: no nausea or diarrhea. genitourinary: no urinary changes. endocrine: no weight changes or thirst. hematologic: no easy bruising or bleeding. dermatologic: no rashes or lesions. psychiatric: no mood changes. ophthalmologic: no vision changes. primary assessment: symptoms consistent with acute bacterial sinusitis', retrying with new ticket...
2025-05-26 15:16:49,708 - WARNING - UMLS API returned status 401 for term 'no dizziness. musculoskeletal: no joint pain or stiffness. gastrointestinal: no nausea or diarrhea. genitourinary: no urinary changes. endocrine: no weight changes or thirst. hematologic: no easy bruising or bleeding. dermatologic: no rashes or lesions. psychiatric: no mood changes. ophthalmologic: no vision changes. primary assessment: symptoms consistent with acute bacterial sinusitis'
2025-05-26 15:16:53,064 - WARNING - 401 Unauthorized for term 'likely secondary to recent viral upper respiratory infection. differential includes viral sinusitis or allergic rhinitis. other systems: neurological: headache likely related to sinusitis. endocrine: stable diabetes. cardiovascular: stable hypertension. no acute abnormalities in pulmonary', retrying with new ticket...
2025-05-26 15:16:55,495 - WARNING - UMLS API returned status 401 for term 'likely secondary to recent viral upper respiratory infection. differential includes viral sinusitis or allergic rhinitis. other systems: neurological: headache likely related to sinusitis. endocrine: stable diabetes. cardiovascular: stable hypertension. no acute abnormalities in pulmonary'
2025-05-26 15:18:25,975 - ERROR - Failed to initialize NLP pipeline: [E893] Could not find function 'replace_tokenizer' in function registry 'callbacks'. If you're using a custom function, make sure the code is available. If the function is provided by a third-party package, e.g. spacy-transformers, make sure the package is installed in your environment.

Available names: spacy.copy_from_base_model.v1, spacy.models_and_pipes_with_nvtx_range.v1, spacy.models_with_nvtx_range.v1
2025-05-26 15:18:26,652 - WARNING - Using fallback spacy pipeline without parser, ner, or linker
2025-05-26 15:18:26,652 - ERROR - Failed to add symptom rules: "[E001] No component 'medspacy_target_matcher' found in pipeline. Available names: ['sentencizer', 'tok2vec', 'tagger', 'attribute_ruler', 'lemmatizer', 'parser', 'ner']"
2025-05-26 15:18:26,674 - ERROR - Failed to create MongoDB indexes: An existing index has the same name as the requested index. When index names are not specified, they are auto generated and can cause conflicts. Please refer to our documentation. Requested index: { v: 2, unique: true, key: { term: 1 }, name: "term_1" }, existing index: { v: 2, key: { term: 1 }, name: "term_1" }, full error: {'ok': 0.0, 'errmsg': 'An existing index has the same name as the requested index. When index names are not specified, they are auto generated and can cause conflicts. Please refer to our documentation. Requested index: { v: 2, unique: true, key: { term: 1 }, name: "term_1" }, existing index: { v: 2, key: { term: 1 }, name: "term_1" }', 'code': 86, 'codeName': 'IndexKeySpecsConflict'}
2025-05-26 15:18:27,449 - WARNING - Failed to reconfigure tokenizer from config: 'spacy.tokenizer.Tokenizer' object has no attribute 'from_config'
2025-05-26 15:18:30,181 - WARNING - 401 Unauthorized for term 'patient complains of headache the headache started three days ago. the headache is associated with fevers and chills', retrying with new ticket...
2025-05-26 15:18:32,848 - WARNING - UMLS API returned status 401 for term 'patient complains of headache the headache started three days ago. the headache is associated with fevers and chills'
2025-05-26 15:18:35,756 - WARNING - 401 Unauthorized for term 'nausea and vomiting and loss of appetite the patient has jaundice in the eyes taking foods with fats makes the nausea worse taking strong tea and licking salt alleviates the nausea', retrying with new ticket...
2025-05-26 15:18:38,161 - WARNING - UMLS API returned status 401 for term 'nausea and vomiting and loss of appetite the patient has jaundice in the eyes taking foods with fats makes the nausea worse taking strong tea and licking salt alleviates the nausea'
2025-05-26 15:18:40,610 - WARNING - 401 Unauthorized for term 'patient presents with facial pain', retrying with new ticket...
2025-05-26 15:18:44,005 - WARNING - UMLS API returned status 401 for term 'patient presents with facial pain'
2025-05-26 15:18:46,821 - WARNING - 401 Unauthorized for term 'and fever for 10 days. reports purulent nasal discharge. facial pain over maxillary sinuses', retrying with new ticket...
2025-05-26 15:18:49,624 - WARNING - UMLS API returned status 401 for term 'and fever for 10 days. reports purulent nasal discharge. facial pain over maxillary sinuses'
2025-05-26 15:18:52,653 - WARNING - 401 Unauthorized for term 'bilateral nasal congestion', retrying with new ticket...
2025-05-26 15:18:55,104 - WARNING - UMLS API returned status 401 for term 'bilateral nasal congestion'
2025-05-26 15:18:57,868 - WARNING - 401 Unauthorized for term 'back pain for two weeks the patient reports backpain for three weeks on assessment', retrying with new ticket...
2025-05-26 15:19:01,112 - WARNING - UMLS API returned status 401 for term 'back pain for two weeks the patient reports backpain for three weeks on assessment'
2025-05-26 15:19:03,585 - WARNING - 401 Unauthorized for term 'the patient is obese the backpain is made worse by sitting down for long the pain is alleviated by standing and stretching', retrying with new ticket...
2025-05-26 15:19:06,668 - WARNING - UMLS API returned status 401 for term 'the patient is obese the backpain is made worse by sitting down for long the pain is alleviated by standing and stretching'
2025-05-26 15:19:09,056 - WARNING - 401 Unauthorized for term 'and purulent nasal discharge for 10 days. low-grade fever (up to 100.5°f). no sore throat or hearing loss. pulmonary: no cough or shortness of breath. cardiovascular: no chest pain or palpitations. neurological: mild headache associated with sinus pain', retrying with new ticket...
2025-05-26 15:19:11,653 - WARNING - UMLS API returned status 401 for term 'and purulent nasal discharge for 10 days. low-grade fever (up to 100.5°f). no sore throat or hearing loss. pulmonary: no cough or shortness of breath. cardiovascular: no chest pain or palpitations. neurological: mild headache associated with sinus pain'
2025-05-26 15:19:14,516 - WARNING - 401 Unauthorized for term 'no dizziness. musculoskeletal: no joint pain or stiffness. gastrointestinal: no nausea or diarrhea. genitourinary: no urinary changes. endocrine: no weight changes or thirst. hematologic: no easy bruising or bleeding. dermatologic: no rashes or lesions. psychiatric: no mood changes. ophthalmologic: no vision changes. primary assessment: symptoms consistent with acute bacterial sinusitis', retrying with new ticket...
2025-05-26 15:19:17,508 - WARNING - UMLS API returned status 401 for term 'no dizziness. musculoskeletal: no joint pain or stiffness. gastrointestinal: no nausea or diarrhea. genitourinary: no urinary changes. endocrine: no weight changes or thirst. hematologic: no easy bruising or bleeding. dermatologic: no rashes or lesions. psychiatric: no mood changes. ophthalmologic: no vision changes. primary assessment: symptoms consistent with acute bacterial sinusitis'
2025-05-26 15:19:19,759 - WARNING - 401 Unauthorized for term 'likely secondary to recent viral upper respiratory infection. differential includes viral sinusitis or allergic rhinitis. other systems: neurological: headache likely related to sinusitis. endocrine: stable diabetes. cardiovascular: stable hypertension. no acute abnormalities in pulmonary', retrying with new ticket...
2025-05-26 15:19:22,230 - WARNING - UMLS API returned status 401 for term 'likely secondary to recent viral upper respiratory infection. differential includes viral sinusitis or allergic rhinitis. other systems: neurological: headache likely related to sinusitis. endocrine: stable diabetes. cardiovascular: stable hypertension. no acute abnormalities in pulmonary'
2025-05-26 15:20:54,907 - ERROR - Failed to initialize NLP pipeline: [E893] Could not find function 'replace_tokenizer' in function registry 'callbacks'. If you're using a custom function, make sure the code is available. If the function is provided by a third-party package, e.g. spacy-transformers, make sure the package is installed in your environment.

Available names: spacy.copy_from_base_model.v1, spacy.models_and_pipes_with_nvtx_range.v1, spacy.models_with_nvtx_range.v1
2025-05-26 15:20:55,824 - WARNING - Using fallback spacy pipeline without parser, ner, or linker
2025-05-26 15:20:55,873 - ERROR - Error extracting features for note ID 2: 'KnowledgeBaseUpdater' object has no attribute 'is_new_symptom'
2025-05-26 15:20:55,873 - WARNING - Empty text for embedding, skipping embedding-based scoring
2025-05-26 15:20:55,876 - ERROR - Error generating differentials: string indices must be integers, not 'str'
2025-05-26 15:20:55,917 - ERROR - Error extracting features for note ID 3: 'KnowledgeBaseUpdater' object has no attribute 'is_new_symptom'
2025-05-26 15:20:55,947 - ERROR - Failed to create MongoDB indexes: An existing index has the same name as the requested index. When index names are not specified, they are auto generated and can cause conflicts. Please refer to our documentation. Requested index: { v: 2, unique: true, key: { term: 1 }, name: "term_1" }, existing index: { v: 2, key: { term: 1 }, name: "term_1" }, full error: {'ok': 0.0, 'errmsg': 'An existing index has the same name as the requested index. When index names are not specified, they are auto generated and can cause conflicts. Please refer to our documentation. Requested index: { v: 2, unique: true, key: { term: 1 }, name: "term_1" }, existing index: { v: 2, key: { term: 1 }, name: "term_1" }', 'code': 86, 'codeName': 'IndexKeySpecsConflict'}
2025-05-26 15:20:55,992 - ERROR - Failed to create MongoDB indexes: An existing index has the same name as the requested index. When index names are not specified, they are auto generated and can cause conflicts. Please refer to our documentation. Requested index: { v: 2, unique: true, key: { term: 1 }, name: "term_1" }, existing index: { v: 2, key: { term: 1 }, name: "term_1" }, full error: {'ok': 0.0, 'errmsg': 'An existing index has the same name as the requested index. When index names are not specified, they are auto generated and can cause conflicts. Please refer to our documentation. Requested index: { v: 2, unique: true, key: { term: 1 }, name: "term_1" }, existing index: { v: 2, key: { term: 1 }, name: "term_1" }', 'code': 86, 'codeName': 'IndexKeySpecsConflict'}
2025-05-26 15:20:56,753 - WARNING - Failed to reconfigure tokenizer from config: 'spacy.tokenizer.Tokenizer' object has no attribute 'from_config'
2025-05-26 15:20:59,371 - WARNING - 401 Unauthorized for term 'patient complains of headache the headache started three days ago. the headache is associated with fevers and chills', retrying with new ticket...
2025-05-26 15:21:01,807 - WARNING - UMLS API returned status 401 for term 'patient complains of headache the headache started three days ago. the headache is associated with fevers and chills'
2025-05-26 15:21:04,579 - WARNING - 401 Unauthorized for term 'nausea and vomiting and loss of appetite the patient has jaundice in the eyes taking foods with fats makes the nausea worse taking strong tea and licking salt alleviates the nausea', retrying with new ticket...
2025-05-26 15:21:07,074 - WARNING - UMLS API returned status 401 for term 'nausea and vomiting and loss of appetite the patient has jaundice in the eyes taking foods with fats makes the nausea worse taking strong tea and licking salt alleviates the nausea'
2025-05-26 15:21:09,523 - WARNING - 401 Unauthorized for term 'patient presents with facial pain', retrying with new ticket...
2025-05-26 15:21:13,609 - WARNING - UMLS API returned status 401 for term 'patient presents with facial pain'
2025-05-26 15:21:16,713 - WARNING - 401 Unauthorized for term 'and fever for 10 days. reports purulent nasal discharge. facial pain over maxillary sinuses', retrying with new ticket...
2025-05-26 15:21:19,735 - WARNING - UMLS API returned status 401 for term 'and fever for 10 days. reports purulent nasal discharge. facial pain over maxillary sinuses'
2025-05-26 15:21:22,364 - WARNING - 401 Unauthorized for term 'bilateral nasal congestion', retrying with new ticket...
2025-05-26 15:21:24,992 - WARNING - UMLS API returned status 401 for term 'bilateral nasal congestion'
2025-05-26 15:21:27,622 - WARNING - 401 Unauthorized for term 'back pain for two weeks the patient reports backpain for three weeks on assessment', retrying with new ticket...
2025-05-26 15:21:29,884 - WARNING - UMLS API returned status 401 for term 'back pain for two weeks the patient reports backpain for three weeks on assessment'
2025-05-26 15:21:32,576 - WARNING - 401 Unauthorized for term 'the patient is obese the backpain is made worse by sitting down for long the pain is alleviated by standing and stretching', retrying with new ticket...
2025-05-26 15:21:35,255 - WARNING - UMLS API returned status 401 for term 'the patient is obese the backpain is made worse by sitting down for long the pain is alleviated by standing and stretching'
2025-05-26 15:21:37,991 - WARNING - 401 Unauthorized for term 'and purulent nasal discharge for 10 days. low-grade fever (up to 100.5°f). no sore throat or hearing loss. pulmonary: no cough or shortness of breath. cardiovascular: no chest pain or palpitations. neurological: mild headache associated with sinus pain', retrying with new ticket...
2025-05-26 15:21:40,428 - WARNING - UMLS API returned status 401 for term 'and purulent nasal discharge for 10 days. low-grade fever (up to 100.5°f). no sore throat or hearing loss. pulmonary: no cough or shortness of breath. cardiovascular: no chest pain or palpitations. neurological: mild headache associated with sinus pain'
2025-05-26 15:21:45,484 - WARNING - 401 Unauthorized for term 'no dizziness. musculoskeletal: no joint pain or stiffness. gastrointestinal: no nausea or diarrhea. genitourinary: no urinary changes. endocrine: no weight changes or thirst. hematologic: no easy bruising or bleeding. dermatologic: no rashes or lesions. psychiatric: no mood changes. ophthalmologic: no vision changes. primary assessment: symptoms consistent with acute bacterial sinusitis', retrying with new ticket...
2025-05-26 15:21:47,940 - WARNING - UMLS API returned status 401 for term 'no dizziness. musculoskeletal: no joint pain or stiffness. gastrointestinal: no nausea or diarrhea. genitourinary: no urinary changes. endocrine: no weight changes or thirst. hematologic: no easy bruising or bleeding. dermatologic: no rashes or lesions. psychiatric: no mood changes. ophthalmologic: no vision changes. primary assessment: symptoms consistent with acute bacterial sinusitis'
2025-05-26 15:21:51,511 - WARNING - 401 Unauthorized for term 'likely secondary to recent viral upper respiratory infection. differential includes viral sinusitis or allergic rhinitis. other systems: neurological: headache likely related to sinusitis. endocrine: stable diabetes. cardiovascular: stable hypertension. no acute abnormalities in pulmonary', retrying with new ticket...
2025-05-26 15:21:54,407 - WARNING - UMLS API returned status 401 for term 'likely secondary to recent viral upper respiratory infection. differential includes viral sinusitis or allergic rhinitis. other systems: neurological: headache likely related to sinusitis. endocrine: stable diabetes. cardiovascular: stable hypertension. no acute abnormalities in pulmonary'
2025-05-26 15:23:28,069 - ERROR - Failed to initialize NLP pipeline: [E893] Could not find function 'replace_tokenizer' in function registry 'callbacks'. If you're using a custom function, make sure the code is available. If the function is provided by a third-party package, e.g. spacy-transformers, make sure the package is installed in your environment.

Available names: spacy.copy_from_base_model.v1, spacy.models_and_pipes_with_nvtx_range.v1, spacy.models_with_nvtx_range.v1
2025-05-26 15:23:28,963 - WARNING - Using fallback spacy pipeline without parser, ner, or linker
2025-05-26 15:23:29,653 - WARNING - Failed to reconfigure tokenizer from config: 'spacy.tokenizer.Tokenizer' object has no attribute 'from_config'
2025-05-26 15:23:33,922 - WARNING - 401 Unauthorized for term 'patient complains of headache the headache started three days ago. the headache is associated with fevers and chills', retrying with new ticket...
2025-05-26 15:23:36,686 - WARNING - UMLS API returned status 401 for term 'patient complains of headache the headache started three days ago. the headache is associated with fevers and chills'
2025-05-26 15:23:39,718 - WARNING - 401 Unauthorized for term 'nausea and vomiting and loss of appetite the patient has jaundice in the eyes taking foods with fats makes the nausea worse taking strong tea and licking salt alleviates the nausea', retrying with new ticket...
2025-05-26 15:23:42,466 - WARNING - UMLS API returned status 401 for term 'nausea and vomiting and loss of appetite the patient has jaundice in the eyes taking foods with fats makes the nausea worse taking strong tea and licking salt alleviates the nausea'
2025-05-26 15:23:45,192 - WARNING - 401 Unauthorized for term 'patient presents with facial pain', retrying with new ticket...
2025-05-26 15:23:47,778 - WARNING - UMLS API returned status 401 for term 'patient presents with facial pain'
2025-05-26 15:23:50,334 - WARNING - 401 Unauthorized for term 'and fever for 10 days. reports purulent nasal discharge. facial pain over maxillary sinuses', retrying with new ticket...
2025-05-26 15:23:53,144 - WARNING - UMLS API returned status 401 for term 'and fever for 10 days. reports purulent nasal discharge. facial pain over maxillary sinuses'
2025-05-26 15:23:55,597 - WARNING - 401 Unauthorized for term 'bilateral nasal congestion', retrying with new ticket...
2025-05-26 15:23:58,886 - WARNING - UMLS API returned status 401 for term 'bilateral nasal congestion'
2025-05-26 15:24:01,274 - WARNING - 401 Unauthorized for term 'back pain for two weeks the patient reports backpain for three weeks on assessment', retrying with new ticket...
2025-05-26 15:24:03,750 - WARNING - UMLS API returned status 401 for term 'back pain for two weeks the patient reports backpain for three weeks on assessment'
2025-05-26 15:24:06,474 - WARNING - 401 Unauthorized for term 'the patient is obese the backpain is made worse by sitting down for long the pain is alleviated by standing and stretching', retrying with new ticket...
2025-05-26 15:24:08,875 - WARNING - UMLS API returned status 401 for term 'the patient is obese the backpain is made worse by sitting down for long the pain is alleviated by standing and stretching'
2025-05-26 15:24:12,211 - WARNING - 401 Unauthorized for term 'and purulent nasal discharge for 10 days. low-grade fever (up to 100.5°f). no sore throat or hearing loss. pulmonary: no cough or shortness of breath. cardiovascular: no chest pain or palpitations. neurological: mild headache associated with sinus pain', retrying with new ticket...
2025-05-26 15:24:15,417 - WARNING - UMLS API returned status 401 for term 'and purulent nasal discharge for 10 days. low-grade fever (up to 100.5°f). no sore throat or hearing loss. pulmonary: no cough or shortness of breath. cardiovascular: no chest pain or palpitations. neurological: mild headache associated with sinus pain'
2025-05-26 15:24:18,345 - WARNING - 401 Unauthorized for term 'no dizziness. musculoskeletal: no joint pain or stiffness. gastrointestinal: no nausea or diarrhea. genitourinary: no urinary changes. endocrine: no weight changes or thirst. hematologic: no easy bruising or bleeding. dermatologic: no rashes or lesions. psychiatric: no mood changes. ophthalmologic: no vision changes. primary assessment: symptoms consistent with acute bacterial sinusitis', retrying with new ticket...
2025-05-26 15:24:21,209 - WARNING - UMLS API returned status 401 for term 'no dizziness. musculoskeletal: no joint pain or stiffness. gastrointestinal: no nausea or diarrhea. genitourinary: no urinary changes. endocrine: no weight changes or thirst. hematologic: no easy bruising or bleeding. dermatologic: no rashes or lesions. psychiatric: no mood changes. ophthalmologic: no vision changes. primary assessment: symptoms consistent with acute bacterial sinusitis'
2025-05-26 15:24:23,775 - WARNING - 401 Unauthorized for term 'likely secondary to recent viral upper respiratory infection. differential includes viral sinusitis or allergic rhinitis. other systems: neurological: headache likely related to sinusitis. endocrine: stable diabetes. cardiovascular: stable hypertension. no acute abnormalities in pulmonary', retrying with new ticket...
2025-05-26 15:24:28,449 - WARNING - UMLS API returned status 401 for term 'likely secondary to recent viral upper respiratory infection. differential includes viral sinusitis or allergic rhinitis. other systems: neurological: headache likely related to sinusitis. endocrine: stable diabetes. cardiovascular: stable hypertension. no acute abnormalities in pulmonary'
2025-05-26 20:24:40,294 - WARNING - Diagnosis relevance weights for facial pain|nasal congestion|sinusitis|sinus pain|purulent nasal discharge do not sum to 1.0: 0
2025-05-26 20:24:40,294 - WARNING - Diagnosis relevance weights for cough do not sum to 1.0: 0
2025-05-26 20:24:40,295 - WARNING - Diagnosis relevance weights for headache|photophobia do not sum to 1.0: 0
2025-05-26 20:24:40,295 - WARNING - Diagnosis relevance weights for chest pain|shortness of breath|chest tightness do not sum to 1.0: 0
2025-05-26 20:24:40,295 - WARNING - Diagnosis relevance weights for epigastric pain|nausea do not sum to 1.0: 0
2025-05-26 20:24:40,295 - WARNING - Diagnosis relevance weights for knee pain|swelling do not sum to 1.0: 0
2025-05-26 20:24:40,295 - WARNING - Diagnosis relevance weights for back pain|lower back pain|backache do not sum to 1.0: 0
2025-05-26 20:24:40,295 - WARNING - Diagnosis relevance weights for fever|chills do not sum to 1.0: 0
2025-05-26 20:24:40,296 - WARNING - Diagnosis relevance weights for fatigue|obesity do not sum to 1.0: 0
2025-05-26 20:24:40,296 - WARNING - Diagnosis angina relevance weights do not sum to 1.0: 0.8
2025-05-26 20:24:40,331 - ERROR - Invalid JSON in /home/mathu/projects/hospital/departments/nlp/knowledge_base/medical_terms.json: Expecting value: line 7 column 12 (char 143). Using default data.
2025-05-26 20:24:40,363 - ERROR - Failed to create MongoDB indexes: An existing index has the same name as the requested index. When index names are not specified, they are auto generated and can cause conflicts. Please refer to our documentation. Requested index: { v: 2, unique: true, key: { term: 1 }, name: "term_1" }, existing index: { v: 2, key: { term: 1 }, name: "term_1" }, full error: {'ok': 0.0, 'errmsg': 'An existing index has the same name as the requested index. When index names are not specified, they are auto generated and can cause conflicts. Please refer to our documentation. Requested index: { v: 2, unique: true, key: { term: 1 }, name: "term_1" }, existing index: { v: 2, key: { term: 1 }, name: "term_1" }', 'code': 86, 'codeName': 'IndexKeySpecsConflict'}
2025-05-26 20:24:40,388 - ERROR - Failed to create MongoDB indexes: An existing index has the same name as the requested index. When index names are not specified, they are auto generated and can cause conflicts. Please refer to our documentation. Requested index: { v: 2, unique: true, key: { term: 1 }, name: "term_1" }, existing index: { v: 2, key: { term: 1 }, name: "term_1" }, full error: {'ok': 0.0, 'errmsg': 'An existing index has the same name as the requested index. When index names are not specified, they are auto generated and can cause conflicts. Please refer to our documentation. Requested index: { v: 2, unique: true, key: { term: 1 }, name: "term_1" }, existing index: { v: 2, key: { term: 1 }, name: "term_1" }', 'code': 86, 'codeName': 'IndexKeySpecsConflict'}
2025-05-26 20:24:41,345 - WARNING - Failed to reconfigure tokenizer from config: 'spacy.tokenizer.Tokenizer' object has no attribute 'from_config'
2025-05-26 20:24:45,387 - WARNING - 401 Unauthorized for term 'patient complains of headache the headache started three days ago. the headache is associated with fevers and chills', retrying with new ticket...
2025-05-26 20:24:48,561 - WARNING - UMLS API returned status 401 for term 'patient complains of headache the headache started three days ago. the headache is associated with fevers and chills'
2025-05-26 20:24:51,736 - WARNING - 401 Unauthorized for term 'nausea and vomiting and loss of appetite the patient has jaundice in the eyes taking foods with fats makes the nausea worse taking strong tea and licking salt alleviates the nausea', retrying with new ticket...
2025-05-26 20:24:54,912 - WARNING - UMLS API returned status 401 for term 'nausea and vomiting and loss of appetite the patient has jaundice in the eyes taking foods with fats makes the nausea worse taking strong tea and licking salt alleviates the nausea'
2025-05-26 20:24:58,177 - WARNING - 401 Unauthorized for term 'patient presents with facial pain', retrying with new ticket...
2025-05-26 20:25:01,361 - WARNING - UMLS API returned status 401 for term 'patient presents with facial pain'
2025-05-26 20:25:04,535 - WARNING - 401 Unauthorized for term 'and fever for 10 days. reports purulent nasal discharge. facial pain over maxillary sinuses', retrying with new ticket...
2025-05-26 20:25:07,812 - WARNING - UMLS API returned status 401 for term 'and fever for 10 days. reports purulent nasal discharge. facial pain over maxillary sinuses'
2025-05-26 20:25:10,987 - WARNING - 401 Unauthorized for term 'bilateral nasal congestion', retrying with new ticket...
2025-05-26 20:25:14,160 - WARNING - UMLS API returned status 401 for term 'bilateral nasal congestion'
2025-05-26 20:25:17,438 - WARNING - 401 Unauthorized for term 'back pain for two weeks the patient reports backpain for three weeks on assessment', retrying with new ticket...
2025-05-26 20:25:20,714 - WARNING - UMLS API returned status 401 for term 'back pain for two weeks the patient reports backpain for three weeks on assessment'
2025-05-26 20:25:23,715 - WARNING - 401 Unauthorized for term 'the patient is obese the backpain is made worse by sitting down for long the pain is alleviated by standing and stretching', retrying with new ticket...
2025-05-26 20:25:26,859 - WARNING - UMLS API returned status 401 for term 'the patient is obese the backpain is made worse by sitting down for long the pain is alleviated by standing and stretching'
2025-05-26 20:25:30,135 - WARNING - 401 Unauthorized for term 'and purulent nasal discharge for 10 days. low-grade fever (up to 100.5°f). no sore throat or hearing loss. pulmonary: no cough or shortness of breath. cardiovascular: no chest pain or palpitations. neurological: mild headache associated with sinus pain', retrying with new ticket...
2025-05-26 20:25:34,077 - WARNING - UMLS API returned status 401 for term 'and purulent nasal discharge for 10 days. low-grade fever (up to 100.5°f). no sore throat or hearing loss. pulmonary: no cough or shortness of breath. cardiovascular: no chest pain or palpitations. neurological: mild headache associated with sinus pain'
2025-05-26 20:25:37,251 - WARNING - 401 Unauthorized for term 'no dizziness. musculoskeletal: no joint pain or stiffness. gastrointestinal: no nausea or diarrhea. genitourinary: no urinary changes. endocrine: no weight changes or thirst. hematologic: no easy bruising or bleeding. dermatologic: no rashes or lesions. psychiatric: no mood changes. ophthalmologic: no vision changes. primary assessment: symptoms consistent with acute bacterial sinusitis', retrying with new ticket...
2025-05-26 20:25:40,528 - WARNING - UMLS API returned status 401 for term 'no dizziness. musculoskeletal: no joint pain or stiffness. gastrointestinal: no nausea or diarrhea. genitourinary: no urinary changes. endocrine: no weight changes or thirst. hematologic: no easy bruising or bleeding. dermatologic: no rashes or lesions. psychiatric: no mood changes. ophthalmologic: no vision changes. primary assessment: symptoms consistent with acute bacterial sinusitis'
2025-05-26 20:25:43,805 - WARNING - 401 Unauthorized for term 'likely secondary to recent viral upper respiratory infection. differential includes viral sinusitis or allergic rhinitis. other systems: neurological: headache likely related to sinusitis. endocrine: stable diabetes. cardiovascular: stable hypertension. no acute abnormalities in pulmonary', retrying with new ticket...
2025-05-26 20:25:47,008 - WARNING - UMLS API returned status 401 for term 'likely secondary to recent viral upper respiratory infection. differential includes viral sinusitis or allergic rhinitis. other systems: neurological: headache likely related to sinusitis. endocrine: stable diabetes. cardiovascular: stable hypertension. no acute abnormalities in pulmonary'
2025-05-26 20:27:11,559 - ERROR - Failed to initialize NLP pipeline: [E893] Could not find function 'replace_tokenizer' in function registry 'callbacks'. If you're using a custom function, make sure the code is available. If the function is provided by a third-party package, e.g. spacy-transformers, make sure the package is installed in your environment.

Available names: spacy.copy_from_base_model.v1, spacy.models_and_pipes_with_nvtx_range.v1, spacy.models_with_nvtx_range.v1
2025-05-26 20:27:12,382 - WARNING - Using fallback spacy pipeline without parser, ner, or linker
2025-05-26 20:27:13,156 - WARNING - Failed to reconfigure tokenizer from config: 'spacy.tokenizer.Tokenizer' object has no attribute 'from_config'
2025-05-26 20:27:16,324 - WARNING - 401 Unauthorized for term 'patient complains of headache the headache started three days ago. the headache is associated with fevers and chills', retrying with new ticket...
2025-05-26 20:27:19,603 - WARNING - UMLS API returned status 401 for term 'patient complains of headache the headache started three days ago. the headache is associated with fevers and chills'
2025-05-26 20:27:22,420 - WARNING - 401 Unauthorized for term 'nausea and vomiting and loss of appetite the patient has jaundice in the eyes taking foods with fats makes the nausea worse taking strong tea and licking salt alleviates the nausea', retrying with new ticket...
2025-05-26 20:27:25,278 - WARNING - UMLS API returned status 401 for term 'nausea and vomiting and loss of appetite the patient has jaundice in the eyes taking foods with fats makes the nausea worse taking strong tea and licking salt alleviates the nausea'
2025-05-26 20:27:28,337 - WARNING - 401 Unauthorized for term 'patient presents with facial pain', retrying with new ticket...
2025-05-26 20:27:31,641 - WARNING - UMLS API returned status 401 for term 'patient presents with facial pain'
2025-05-26 20:27:34,917 - WARNING - 401 Unauthorized for term 'and fever for 10 days. reports purulent nasal discharge. facial pain over maxillary sinuses', retrying with new ticket...
2025-05-26 20:27:38,196 - WARNING - UMLS API returned status 401 for term 'and fever for 10 days. reports purulent nasal discharge. facial pain over maxillary sinuses'
2025-05-26 20:27:41,268 - WARNING - 401 Unauthorized for term 'bilateral nasal congestion', retrying with new ticket...
2025-05-26 20:27:44,545 - WARNING - UMLS API returned status 401 for term 'bilateral nasal congestion'
2025-05-26 20:27:47,823 - WARNING - 401 Unauthorized for term 'back pain for two weeks the patient reports backpain for three weeks on assessment', retrying with new ticket...
2025-05-26 20:27:51,117 - WARNING - UMLS API returned status 401 for term 'back pain for two weeks the patient reports backpain for three weeks on assessment'
2025-05-26 20:27:54,306 - WARNING - 401 Unauthorized for term 'the patient is obese the backpain is made worse by sitting down for long the pain is alleviated by standing and stretching', retrying with new ticket...
2025-05-26 20:27:57,551 - WARNING - UMLS API returned status 401 for term 'the patient is obese the backpain is made worse by sitting down for long the pain is alleviated by standing and stretching'
2025-05-26 20:28:00,624 - WARNING - 401 Unauthorized for term 'and purulent nasal discharge for 10 days. low-grade fever (up to 100.5°f). no sore throat or hearing loss. pulmonary: no cough or shortness of breath. cardiovascular: no chest pain or palpitations. neurological: mild headache associated with sinus pain', retrying with new ticket...
2025-05-26 20:28:03,798 - WARNING - UMLS API returned status 401 for term 'and purulent nasal discharge for 10 days. low-grade fever (up to 100.5°f). no sore throat or hearing loss. pulmonary: no cough or shortness of breath. cardiovascular: no chest pain or palpitations. neurological: mild headache associated with sinus pain'
2025-05-26 20:28:07,392 - WARNING - 401 Unauthorized for term 'no dizziness. musculoskeletal: no joint pain or stiffness. gastrointestinal: no nausea or diarrhea. genitourinary: no urinary changes. endocrine: no weight changes or thirst. hematologic: no easy bruising or bleeding. dermatologic: no rashes or lesions. psychiatric: no mood changes. ophthalmologic: no vision changes. primary assessment: symptoms consistent with acute bacterial sinusitis', retrying with new ticket...
2025-05-26 20:28:10,251 - WARNING - UMLS API returned status 401 for term 'no dizziness. musculoskeletal: no joint pain or stiffness. gastrointestinal: no nausea or diarrhea. genitourinary: no urinary changes. endocrine: no weight changes or thirst. hematologic: no easy bruising or bleeding. dermatologic: no rashes or lesions. psychiatric: no mood changes. ophthalmologic: no vision changes. primary assessment: symptoms consistent with acute bacterial sinusitis'
2025-05-26 20:28:13,319 - WARNING - 401 Unauthorized for term 'likely secondary to recent viral upper respiratory infection. differential includes viral sinusitis or allergic rhinitis. other systems: neurological: headache likely related to sinusitis. endocrine: stable diabetes. cardiovascular: stable hypertension. no acute abnormalities in pulmonary', retrying with new ticket...
2025-05-26 20:28:16,529 - WARNING - UMLS API returned status 401 for term 'likely secondary to recent viral upper respiratory infection. differential includes viral sinusitis or allergic rhinitis. other systems: neurological: headache likely related to sinusitis. endocrine: stable diabetes. cardiovascular: stable hypertension. no acute abnormalities in pulmonary'
2025-05-26 20:29:56,744 - ERROR - Failed to initialize NLP pipeline: [E893] Could not find function 'replace_tokenizer' in function registry 'callbacks'. If you're using a custom function, make sure the code is available. If the function is provided by a third-party package, e.g. spacy-transformers, make sure the package is installed in your environment.

Available names: spacy.copy_from_base_model.v1, spacy.models_and_pipes_with_nvtx_range.v1, spacy.models_with_nvtx_range.v1
2025-05-26 20:29:57,694 - WARNING - Using fallback spacy pipeline without parser, ner, or linker
2025-05-26 20:29:57,695 - ERROR - Failed to add symptom rules: "[E001] No component 'medspacy_target_matcher' found in pipeline. Available names: ['sentencizer', 'tok2vec', 'tagger', 'attribute_ruler', 'lemmatizer', 'parser', 'ner']"
2025-05-26 20:29:57,749 - WARNING - No category mapping found for 'mood changes ophthalmologic no vision changes primary assessment symptoms consistent acute bacterial sinusitis likely secondary to recent viral upper respiratory infection differential includes viral sinusitis'. Defaulting to 'general'.
2025-05-26 20:29:57,753 - WARNING - No category mapping found for 'acute abnormalities in pulmonary musculoskeletal gi gu hematologic dermatologic psychiatric'. Defaulting to 'general'.
2025-05-26 20:29:57,759 - ERROR - Error extracting features for note ID 1: 'KnowledgeBaseUpdater' object has no attribute 'is_new_symptom'
2025-05-26 20:29:57,781 - ERROR - Failed to create MongoDB indexes: An existing index has the same name as the requested index. When index names are not specified, they are auto generated and can cause conflicts. Please refer to our documentation. Requested index: { v: 2, unique: true, key: { term: 1 }, name: "term_1" }, existing index: { v: 2, key: { term: 1 }, name: "term_1" }, full error: {'ok': 0.0, 'errmsg': 'An existing index has the same name as the requested index. When index names are not specified, they are auto generated and can cause conflicts. Please refer to our documentation. Requested index: { v: 2, unique: true, key: { term: 1 }, name: "term_1" }, existing index: { v: 2, key: { term: 1 }, name: "term_1" }', 'code': 86, 'codeName': 'IndexKeySpecsConflict'}
2025-05-26 20:29:57,801 - ERROR - Failed to create MongoDB indexes: An existing index has the same name as the requested index. When index names are not specified, they are auto generated and can cause conflicts. Please refer to our documentation. Requested index: { v: 2, unique: true, key: { term: 1 }, name: "term_1" }, existing index: { v: 2, key: { term: 1 }, name: "term_1" }, full error: {'ok': 0.0, 'errmsg': 'An existing index has the same name as the requested index. When index names are not specified, they are auto generated and can cause conflicts. Please refer to our documentation. Requested index: { v: 2, unique: true, key: { term: 1 }, name: "term_1" }, existing index: { v: 2, key: { term: 1 }, name: "term_1" }', 'code': 86, 'codeName': 'IndexKeySpecsConflict'}
2025-05-26 20:29:58,492 - WARNING - Failed to reconfigure tokenizer from config: 'spacy.tokenizer.Tokenizer' object has no attribute 'from_config'
2025-05-26 20:30:02,164 - WARNING - 401 Unauthorized for term 'patient complains of headache the headache started three days ago. the headache is associated with fevers and chills', retrying with new ticket...
2025-05-26 20:30:05,544 - WARNING - UMLS API returned status 401 for term 'patient complains of headache the headache started three days ago. the headache is associated with fevers and chills'
2025-05-26 20:30:08,818 - WARNING - 401 Unauthorized for term 'nausea and vomiting and loss of appetite the patient has jaundice in the eyes taking foods with fats makes the nausea worse taking strong tea and licking salt alleviates the nausea', retrying with new ticket...
2025-05-26 20:30:12,299 - WARNING - UMLS API returned status 401 for term 'nausea and vomiting and loss of appetite the patient has jaundice in the eyes taking foods with fats makes the nausea worse taking strong tea and licking salt alleviates the nausea'
2025-05-26 20:30:15,473 - WARNING - 401 Unauthorized for term 'patient presents with facial pain', retrying with new ticket...
2025-05-26 20:30:18,649 - WARNING - UMLS API returned status 401 for term 'patient presents with facial pain'
2025-05-26 20:30:21,616 - WARNING - 401 Unauthorized for term 'and fever for 10 days. reports purulent nasal discharge. facial pain over maxillary sinuses', retrying with new ticket...
2025-05-26 20:30:24,893 - WARNING - UMLS API returned status 401 for term 'and fever for 10 days. reports purulent nasal discharge. facial pain over maxillary sinuses'
2025-05-26 20:30:28,171 - WARNING - 401 Unauthorized for term 'bilateral nasal congestion', retrying with new ticket...
2025-05-26 20:30:31,445 - WARNING - UMLS API returned status 401 for term 'bilateral nasal congestion'
2025-05-26 20:30:34,619 - WARNING - 401 Unauthorized for term 'back pain for two weeks the patient reports backpain for three weeks on assessment', retrying with new ticket...
2025-05-26 20:30:37,793 - WARNING - UMLS API returned status 401 for term 'back pain for two weeks the patient reports backpain for three weeks on assessment'
2025-05-26 20:30:41,071 - WARNING - 401 Unauthorized for term 'the patient is obese the backpain is made worse by sitting down for long the pain is alleviated by standing and stretching', retrying with new ticket...
2025-05-26 20:30:44,451 - WARNING - UMLS API returned status 401 for term 'the patient is obese the backpain is made worse by sitting down for long the pain is alleviated by standing and stretching'
2025-05-26 20:30:47,726 - WARNING - 401 Unauthorized for term 'and purulent nasal discharge for 10 days. low-grade fever (up to 100.5°f). no sore throat or hearing loss. pulmonary: no cough or shortness of breath. cardiovascular: no chest pain or palpitations. neurological: mild headache associated with sinus pain', retrying with new ticket...
2025-05-26 20:30:51,003 - WARNING - UMLS API returned status 401 for term 'and purulent nasal discharge for 10 days. low-grade fever (up to 100.5°f). no sore throat or hearing loss. pulmonary: no cough or shortness of breath. cardiovascular: no chest pain or palpitations. neurological: mild headache associated with sinus pain'
2025-05-26 20:30:54,278 - WARNING - 401 Unauthorized for term 'no dizziness. musculoskeletal: no joint pain or stiffness. gastrointestinal: no nausea or diarrhea. genitourinary: no urinary changes. endocrine: no weight changes or thirst. hematologic: no easy bruising or bleeding. dermatologic: no rashes or lesions. psychiatric: no mood changes. ophthalmologic: no vision changes. primary assessment: symptoms consistent with acute bacterial sinusitis', retrying with new ticket...
2025-05-26 20:30:57,555 - WARNING - UMLS API returned status 401 for term 'no dizziness. musculoskeletal: no joint pain or stiffness. gastrointestinal: no nausea or diarrhea. genitourinary: no urinary changes. endocrine: no weight changes or thirst. hematologic: no easy bruising or bleeding. dermatologic: no rashes or lesions. psychiatric: no mood changes. ophthalmologic: no vision changes. primary assessment: symptoms consistent with acute bacterial sinusitis'
2025-05-26 20:31:00,831 - WARNING - 401 Unauthorized for term 'likely secondary to recent viral upper respiratory infection. differential includes viral sinusitis or allergic rhinitis. other systems: neurological: headache likely related to sinusitis. endocrine: stable diabetes. cardiovascular: stable hypertension. no acute abnormalities in pulmonary', retrying with new ticket...
2025-05-26 20:31:04,109 - WARNING - UMLS API returned status 401 for term 'likely secondary to recent viral upper respiratory infection. differential includes viral sinusitis or allergic rhinitis. other systems: neurological: headache likely related to sinusitis. endocrine: stable diabetes. cardiovascular: stable hypertension. no acute abnormalities in pulmonary'
2025-05-26 20:32:41,215 - ERROR - Failed to initialize NLP pipeline: [E893] Could not find function 'replace_tokenizer' in function registry 'callbacks'. If you're using a custom function, make sure the code is available. If the function is provided by a third-party package, e.g. spacy-transformers, make sure the package is installed in your environment.

Available names: spacy.copy_from_base_model.v1, spacy.models_and_pipes_with_nvtx_range.v1, spacy.models_with_nvtx_range.v1
2025-05-26 20:32:42,134 - WARNING - Using fallback spacy pipeline without parser, ner, or linker
2025-05-26 20:32:42,811 - WARNING - Failed to reconfigure tokenizer from config: 'spacy.tokenizer.Tokenizer' object has no attribute 'from_config'
2025-05-26 20:32:46,194 - WARNING - 401 Unauthorized for term 'patient complains of headache the headache started three days ago. the headache is associated with fevers and chills', retrying with new ticket...
2025-05-26 20:32:49,471 - WARNING - UMLS API returned status 401 for term 'patient complains of headache the headache started three days ago. the headache is associated with fevers and chills'
2025-05-26 20:32:52,544 - WARNING - 401 Unauthorized for term 'nausea and vomiting and loss of appetite the patient has jaundice in the eyes taking foods with fats makes the nausea worse taking strong tea and licking salt alleviates the nausea', retrying with new ticket...
2025-05-26 20:32:55,718 - WARNING - UMLS API returned status 401 for term 'nausea and vomiting and loss of appetite the patient has jaundice in the eyes taking foods with fats makes the nausea worse taking strong tea and licking salt alleviates the nausea'
2025-05-26 20:32:58,994 - WARNING - 401 Unauthorized for term 'patient presents with facial pain', retrying with new ticket...
2025-05-26 20:33:02,067 - WARNING - UMLS API returned status 401 for term 'patient presents with facial pain'
2025-05-26 20:33:05,343 - WARNING - 401 Unauthorized for term 'and fever for 10 days. reports purulent nasal discharge. facial pain over maxillary sinuses', retrying with new ticket...
2025-05-26 20:33:08,514 - WARNING - UMLS API returned status 401 for term 'and fever for 10 days. reports purulent nasal discharge. facial pain over maxillary sinuses'
2025-05-26 20:33:11,794 - WARNING - 401 Unauthorized for term 'bilateral nasal congestion', retrying with new ticket...
2025-05-26 20:33:15,071 - WARNING - UMLS API returned status 401 for term 'bilateral nasal congestion'
2025-05-26 20:33:18,553 - WARNING - 401 Unauthorized for term 'back pain for two weeks the patient reports backpain for three weeks on assessment', retrying with new ticket...
2025-05-26 20:33:21,624 - WARNING - UMLS API returned status 401 for term 'back pain for two weeks the patient reports backpain for three weeks on assessment'
2025-05-26 20:33:24,696 - WARNING - 401 Unauthorized for term 'the patient is obese the backpain is made worse by sitting down for long the pain is alleviated by standing and stretching', retrying with new ticket...
2025-05-26 20:33:27,897 - WARNING - UMLS API returned status 401 for term 'the patient is obese the backpain is made worse by sitting down for long the pain is alleviated by standing and stretching'
2025-05-26 20:33:31,249 - WARNING - 401 Unauthorized for term 'and purulent nasal discharge for 10 days. low-grade fever (up to 100.5°f). no sore throat or hearing loss. pulmonary: no cough or shortness of breath. cardiovascular: no chest pain or palpitations. neurological: mild headache associated with sinus pain', retrying with new ticket...
2025-05-26 20:33:34,526 - WARNING - UMLS API returned status 401 for term 'and purulent nasal discharge for 10 days. low-grade fever (up to 100.5°f). no sore throat or hearing loss. pulmonary: no cough or shortness of breath. cardiovascular: no chest pain or palpitations. neurological: mild headache associated with sinus pain'
2025-05-26 20:33:37,701 - WARNING - 401 Unauthorized for term 'no dizziness. musculoskeletal: no joint pain or stiffness. gastrointestinal: no nausea or diarrhea. genitourinary: no urinary changes. endocrine: no weight changes or thirst. hematologic: no easy bruising or bleeding. dermatologic: no rashes or lesions. psychiatric: no mood changes. ophthalmologic: no vision changes. primary assessment: symptoms consistent with acute bacterial sinusitis', retrying with new ticket...
2025-05-26 20:33:40,977 - WARNING - UMLS API returned status 401 for term 'no dizziness. musculoskeletal: no joint pain or stiffness. gastrointestinal: no nausea or diarrhea. genitourinary: no urinary changes. endocrine: no weight changes or thirst. hematologic: no easy bruising or bleeding. dermatologic: no rashes or lesions. psychiatric: no mood changes. ophthalmologic: no vision changes. primary assessment: symptoms consistent with acute bacterial sinusitis'
2025-05-26 20:33:44,253 - WARNING - 401 Unauthorized for term 'likely secondary to recent viral upper respiratory infection. differential includes viral sinusitis or allergic rhinitis. other systems: neurological: headache likely related to sinusitis. endocrine: stable diabetes. cardiovascular: stable hypertension. no acute abnormalities in pulmonary', retrying with new ticket...
2025-05-26 20:33:47,631 - WARNING - UMLS API returned status 401 for term 'likely secondary to recent viral upper respiratory infection. differential includes viral sinusitis or allergic rhinitis. other systems: neurological: headache likely related to sinusitis. endocrine: stable diabetes. cardiovascular: stable hypertension. no acute abnormalities in pulmonary'
2025-05-26 20:35:20,135 - ERROR - Failed to initialize NLP pipeline: [E893] Could not find function 'replace_tokenizer' in function registry 'callbacks'. If you're using a custom function, make sure the code is available. If the function is provided by a third-party package, e.g. spacy-transformers, make sure the package is installed in your environment.

Available names: spacy.copy_from_base_model.v1, spacy.models_and_pipes_with_nvtx_range.v1, spacy.models_with_nvtx_range.v1
2025-05-26 20:35:21,066 - WARNING - Using fallback spacy pipeline without parser, ner, or linker
2025-05-26 20:35:21,066 - ERROR - Failed to add symptom rules: "[E001] No component 'medspacy_target_matcher' found in pipeline. Available names: ['sentencizer', 'tok2vec', 'tagger', 'attribute_ruler', 'lemmatizer', 'parser', 'ner']"
2025-05-26 20:35:21,112 - WARNING - No category mapping found for 'mood changes ophthalmologic no vision changes primary assessment symptoms consistent acute bacterial sinusitis likely secondary to recent viral upper respiratory infection differential includes viral sinusitis'. Defaulting to 'general'.
2025-05-26 20:35:21,117 - WARNING - No category mapping found for 'acute abnormalities in pulmonary musculoskeletal gi gu hematologic dermatologic psychiatric'. Defaulting to 'general'.
2025-05-26 20:35:21,122 - WARNING - Missing symptoms: ['patient presents with facial pain, nasal congestion, and fever for 10 days. reports purulent nasal discharge.']. Initiating knowledge base update.
2025-05-26 20:35:21,122 - ERROR - Error extracting features for note ID 1: 'KnowledgeBaseUpdater' object has no attribute 'is_new_symptom'
2025-05-26 20:35:21,143 - ERROR - Failed to create MongoDB indexes: An existing index has the same name as the requested index. When index names are not specified, they are auto generated and can cause conflicts. Please refer to our documentation. Requested index: { v: 2, unique: true, key: { term: 1 }, name: "term_1" }, existing index: { v: 2, key: { term: 1 }, name: "term_1" }, full error: {'ok': 0.0, 'errmsg': 'An existing index has the same name as the requested index. When index names are not specified, they are auto generated and can cause conflicts. Please refer to our documentation. Requested index: { v: 2, unique: true, key: { term: 1 }, name: "term_1" }, existing index: { v: 2, key: { term: 1 }, name: "term_1" }', 'code': 86, 'codeName': 'IndexKeySpecsConflict'}
2025-05-26 20:35:21,162 - ERROR - Failed to create MongoDB indexes: An existing index has the same name as the requested index. When index names are not specified, they are auto generated and can cause conflicts. Please refer to our documentation. Requested index: { v: 2, unique: true, key: { term: 1 }, name: "term_1" }, existing index: { v: 2, key: { term: 1 }, name: "term_1" }, full error: {'ok': 0.0, 'errmsg': 'An existing index has the same name as the requested index. When index names are not specified, they are auto generated and can cause conflicts. Please refer to our documentation. Requested index: { v: 2, unique: true, key: { term: 1 }, name: "term_1" }, existing index: { v: 2, key: { term: 1 }, name: "term_1" }', 'code': 86, 'codeName': 'IndexKeySpecsConflict'}
2025-05-26 20:35:21,857 - WARNING - Failed to reconfigure tokenizer from config: 'spacy.tokenizer.Tokenizer' object has no attribute 'from_config'
2025-05-26 20:35:25,416 - WARNING - 401 Unauthorized for term 'patient complains of headache the headache started three days ago. the headache is associated with fevers and chills', retrying with new ticket...
2025-05-26 20:35:28,591 - WARNING - UMLS API returned status 401 for term 'patient complains of headache the headache started three days ago. the headache is associated with fevers and chills'
2025-05-26 20:35:31,868 - WARNING - 401 Unauthorized for term 'nausea and vomiting and loss of appetite the patient has jaundice in the eyes taking foods with fats makes the nausea worse taking strong tea and licking salt alleviates the nausea', retrying with new ticket...
2025-05-26 20:35:35,143 - WARNING - UMLS API returned status 401 for term 'nausea and vomiting and loss of appetite the patient has jaundice in the eyes taking foods with fats makes the nausea worse taking strong tea and licking salt alleviates the nausea'
2025-05-26 20:35:38,216 - WARNING - 401 Unauthorized for term 'patient presents with facial pain', retrying with new ticket...
2025-05-26 20:35:41,595 - WARNING - UMLS API returned status 401 for term 'patient presents with facial pain'
2025-05-26 20:35:44,774 - WARNING - 401 Unauthorized for term 'and fever for 10 days. reports purulent nasal discharge. facial pain over maxillary sinuses', retrying with new ticket...
2025-05-26 20:35:48,046 - WARNING - UMLS API returned status 401 for term 'and fever for 10 days. reports purulent nasal discharge. facial pain over maxillary sinuses'
2025-05-26 20:35:51,866 - WARNING - 401 Unauthorized for term 'bilateral nasal congestion', retrying with new ticket...
2025-05-26 20:35:55,011 - WARNING - UMLS API returned status 401 for term 'bilateral nasal congestion'
2025-05-26 20:35:58,183 - WARNING - 401 Unauthorized for term 'back pain for two weeks the patient reports backpain for three weeks on assessment', retrying with new ticket...
2025-05-26 20:36:01,459 - WARNING - UMLS API returned status 401 for term 'back pain for two weeks the patient reports backpain for three weeks on assessment'
2025-05-26 20:36:04,741 - WARNING - 401 Unauthorized for term 'the patient is obese the backpain is made worse by sitting down for long the pain is alleviated by standing and stretching', retrying with new ticket...
2025-05-26 20:36:08,013 - WARNING - UMLS API returned status 401 for term 'the patient is obese the backpain is made worse by sitting down for long the pain is alleviated by standing and stretching'
2025-05-26 20:36:11,289 - WARNING - 401 Unauthorized for term 'and purulent nasal discharge for 10 days. low-grade fever (up to 100.5°f). no sore throat or hearing loss. pulmonary: no cough or shortness of breath. cardiovascular: no chest pain or palpitations. neurological: mild headache associated with sinus pain', retrying with new ticket...
2025-05-26 20:36:14,463 - WARNING - UMLS API returned status 401 for term 'and purulent nasal discharge for 10 days. low-grade fever (up to 100.5°f). no sore throat or hearing loss. pulmonary: no cough or shortness of breath. cardiovascular: no chest pain or palpitations. neurological: mild headache associated with sinus pain'
2025-05-26 20:36:17,740 - WARNING - 401 Unauthorized for term 'no dizziness. musculoskeletal: no joint pain or stiffness. gastrointestinal: no nausea or diarrhea. genitourinary: no urinary changes. endocrine: no weight changes or thirst. hematologic: no easy bruising or bleeding. dermatologic: no rashes or lesions. psychiatric: no mood changes. ophthalmologic: no vision changes. primary assessment: symptoms consistent with acute bacterial sinusitis', retrying with new ticket...
2025-05-26 20:36:20,914 - WARNING - UMLS API returned status 401 for term 'no dizziness. musculoskeletal: no joint pain or stiffness. gastrointestinal: no nausea or diarrhea. genitourinary: no urinary changes. endocrine: no weight changes or thirst. hematologic: no easy bruising or bleeding. dermatologic: no rashes or lesions. psychiatric: no mood changes. ophthalmologic: no vision changes. primary assessment: symptoms consistent with acute bacterial sinusitis'
2025-05-26 20:36:24,168 - WARNING - 401 Unauthorized for term 'likely secondary to recent viral upper respiratory infection. differential includes viral sinusitis or allergic rhinitis. other systems: neurological: headache likely related to sinusitis. endocrine: stable diabetes. cardiovascular: stable hypertension. no acute abnormalities in pulmonary', retrying with new ticket...
2025-05-26 20:36:27,673 - WARNING - UMLS API returned status 401 for term 'likely secondary to recent viral upper respiratory infection. differential includes viral sinusitis or allergic rhinitis. other systems: neurological: headache likely related to sinusitis. endocrine: stable diabetes. cardiovascular: stable hypertension. no acute abnormalities in pulmonary'
2025-05-26 20:37:53,660 - ERROR - Failed to initialize NLP pipeline: [E893] Could not find function 'replace_tokenizer' in function registry 'callbacks'. If you're using a custom function, make sure the code is available. If the function is provided by a third-party package, e.g. spacy-transformers, make sure the package is installed in your environment.

Available names: spacy.copy_from_base_model.v1, spacy.models_and_pipes_with_nvtx_range.v1, spacy.models_with_nvtx_range.v1
2025-05-26 20:37:54,581 - WARNING - Using fallback spacy pipeline without parser, ner, or linker
2025-05-26 20:37:55,261 - WARNING - Failed to reconfigure tokenizer from config: 'spacy.tokenizer.Tokenizer' object has no attribute 'from_config'
2025-05-26 20:37:58,599 - WARNING - 401 Unauthorized for term 'patient complains of headache the headache started three days ago. the headache is associated with fevers and chills', retrying with new ticket...
2025-05-26 20:38:01,773 - WARNING - UMLS API returned status 401 for term 'patient complains of headache the headache started three days ago. the headache is associated with fevers and chills'
2025-05-26 20:38:04,948 - WARNING - 401 Unauthorized for term 'nausea and vomiting and loss of appetite the patient has jaundice in the eyes taking foods with fats makes the nausea worse taking strong tea and licking salt alleviates the nausea', retrying with new ticket...
2025-05-26 20:38:08,121 - WARNING - UMLS API returned status 401 for term 'nausea and vomiting and loss of appetite the patient has jaundice in the eyes taking foods with fats makes the nausea worse taking strong tea and licking salt alleviates the nausea'
2025-05-26 20:38:11,398 - WARNING - 401 Unauthorized for term 'patient presents with facial pain', retrying with new ticket...
2025-05-26 20:38:14,675 - WARNING - UMLS API returned status 401 for term 'patient presents with facial pain'
2025-05-26 20:38:17,853 - WARNING - 401 Unauthorized for term 'and fever for 10 days. reports purulent nasal discharge. facial pain over maxillary sinuses', retrying with new ticket...
2025-05-26 20:38:21,126 - WARNING - UMLS API returned status 401 for term 'and fever for 10 days. reports purulent nasal discharge. facial pain over maxillary sinuses'
2025-05-26 20:38:24,402 - WARNING - 401 Unauthorized for term 'bilateral nasal congestion', retrying with new ticket...
2025-05-26 20:38:27,475 - WARNING - UMLS API returned status 401 for term 'bilateral nasal congestion'
2025-05-26 20:38:30,855 - WARNING - 401 Unauthorized for term 'back pain for two weeks the patient reports backpain for three weeks on assessment', retrying with new ticket...
2025-05-26 20:38:34,131 - WARNING - UMLS API returned status 401 for term 'back pain for two weeks the patient reports backpain for three weeks on assessment'
2025-05-26 20:38:37,330 - WARNING - 401 Unauthorized for term 'the patient is obese the backpain is made worse by sitting down for long the pain is alleviated by standing and stretching', retrying with new ticket...
2025-05-26 20:38:40,582 - WARNING - UMLS API returned status 401 for term 'the patient is obese the backpain is made worse by sitting down for long the pain is alleviated by standing and stretching'
2025-05-26 20:38:43,857 - WARNING - 401 Unauthorized for term 'and purulent nasal discharge for 10 days. low-grade fever (up to 100.5°f). no sore throat or hearing loss. pulmonary: no cough or shortness of breath. cardiovascular: no chest pain or palpitations. neurological: mild headache associated with sinus pain', retrying with new ticket...
2025-05-26 20:38:47,135 - WARNING - UMLS API returned status 401 for term 'and purulent nasal discharge for 10 days. low-grade fever (up to 100.5°f). no sore throat or hearing loss. pulmonary: no cough or shortness of breath. cardiovascular: no chest pain or palpitations. neurological: mild headache associated with sinus pain'
2025-05-26 20:38:50,411 - WARNING - 401 Unauthorized for term 'no dizziness. musculoskeletal: no joint pain or stiffness. gastrointestinal: no nausea or diarrhea. genitourinary: no urinary changes. endocrine: no weight changes or thirst. hematologic: no easy bruising or bleeding. dermatologic: no rashes or lesions. psychiatric: no mood changes. ophthalmologic: no vision changes. primary assessment: symptoms consistent with acute bacterial sinusitis', retrying with new ticket...
2025-05-26 20:38:53,688 - WARNING - UMLS API returned status 401 for term 'no dizziness. musculoskeletal: no joint pain or stiffness. gastrointestinal: no nausea or diarrhea. genitourinary: no urinary changes. endocrine: no weight changes or thirst. hematologic: no easy bruising or bleeding. dermatologic: no rashes or lesions. psychiatric: no mood changes. ophthalmologic: no vision changes. primary assessment: symptoms consistent with acute bacterial sinusitis'
2025-05-26 20:38:56,927 - WARNING - 401 Unauthorized for term 'likely secondary to recent viral upper respiratory infection. differential includes viral sinusitis or allergic rhinitis. other systems: neurological: headache likely related to sinusitis. endocrine: stable diabetes. cardiovascular: stable hypertension. no acute abnormalities in pulmonary', retrying with new ticket...
2025-05-26 20:39:00,241 - WARNING - UMLS API returned status 401 for term 'likely secondary to recent viral upper respiratory infection. differential includes viral sinusitis or allergic rhinitis. other systems: neurological: headache likely related to sinusitis. endocrine: stable diabetes. cardiovascular: stable hypertension. no acute abnormalities in pulmonary'
2025-05-26 20:40:35,771 - ERROR - Failed to initialize NLP pipeline: [E893] Could not find function 'replace_tokenizer' in function registry 'callbacks'. If you're using a custom function, make sure the code is available. If the function is provided by a third-party package, e.g. spacy-transformers, make sure the package is installed in your environment.

Available names: spacy.copy_from_base_model.v1, spacy.models_and_pipes_with_nvtx_range.v1, spacy.models_with_nvtx_range.v1
2025-05-26 20:40:36,735 - WARNING - Using fallback spacy pipeline without parser, ner, or linker
2025-05-26 20:40:36,735 - ERROR - Failed to add symptom rules: "[E001] No component 'medspacy_target_matcher' found in pipeline. Available names: ['sentencizer', 'tok2vec', 'tagger', 'attribute_ruler', 'lemmatizer', 'parser', 'ner']"
2025-05-26 20:40:36,752 - ERROR - Failed to create MongoDB indexes: An existing index has the same name as the requested index. When index names are not specified, they are auto generated and can cause conflicts. Please refer to our documentation. Requested index: { v: 2, unique: true, key: { term: 1 }, name: "term_1" }, existing index: { v: 2, key: { term: 1 }, name: "term_1" }, full error: {'ok': 0.0, 'errmsg': 'An existing index has the same name as the requested index. When index names are not specified, they are auto generated and can cause conflicts. Please refer to our documentation. Requested index: { v: 2, unique: true, key: { term: 1 }, name: "term_1" }, existing index: { v: 2, key: { term: 1 }, name: "term_1" }', 'code': 86, 'codeName': 'IndexKeySpecsConflict'}
2025-05-26 20:40:37,447 - WARNING - Failed to reconfigure tokenizer from config: 'spacy.tokenizer.Tokenizer' object has no attribute 'from_config'
2025-05-26 20:40:40,794 - WARNING - 401 Unauthorized for term 'patient complains of headache the headache started three days ago. the headache is associated with fevers and chills', retrying with new ticket...
2025-05-26 20:40:44,071 - WARNING - UMLS API returned status 401 for term 'patient complains of headache the headache started three days ago. the headache is associated with fevers and chills'
2025-05-26 20:40:47,345 - WARNING - 401 Unauthorized for term 'nausea and vomiting and loss of appetite the patient has jaundice in the eyes taking foods with fats makes the nausea worse taking strong tea and licking salt alleviates the nausea', retrying with new ticket...
2025-05-26 20:40:50,625 - WARNING - UMLS API returned status 401 for term 'nausea and vomiting and loss of appetite the patient has jaundice in the eyes taking foods with fats makes the nausea worse taking strong tea and licking salt alleviates the nausea'
2025-05-26 20:52:32,111 - WARNING - Diagnosis relevance weights for facial pain|nasal congestion|sinusitis|sinus pain|purulent nasal discharge do not sum to 1.0: 0
2025-05-26 20:52:32,111 - WARNING - Diagnosis relevance weights for cough do not sum to 1.0: 0
2025-05-26 20:52:32,111 - WARNING - Diagnosis relevance weights for headache|photophobia do not sum to 1.0: 0
2025-05-26 20:52:32,112 - WARNING - Diagnosis relevance weights for chest pain|shortness of breath|chest tightness do not sum to 1.0: 0
2025-05-26 20:52:32,112 - WARNING - Diagnosis relevance weights for epigastric pain|nausea do not sum to 1.0: 0
2025-05-26 20:52:32,112 - WARNING - Diagnosis relevance weights for knee pain|swelling do not sum to 1.0: 0
2025-05-26 20:52:32,112 - WARNING - Diagnosis relevance weights for back pain|lower back pain|backache do not sum to 1.0: 0
2025-05-26 20:52:32,113 - WARNING - Diagnosis relevance weights for fever|chills do not sum to 1.0: 0
2025-05-26 20:52:32,113 - WARNING - Diagnosis relevance weights for fatigue|obesity do not sum to 1.0: 0
2025-05-26 20:52:32,113 - WARNING - Diagnosis angina relevance weights do not sum to 1.0: 0.8
2025-05-26 20:52:32,149 - ERROR - Invalid JSON in /home/mathu/projects/hospital/departments/nlp/knowledge_base/medical_terms.json: Expecting value: line 7 column 12 (char 143). Using default data.
2025-05-26 20:52:32,183 - ERROR - Failed to create MongoDB indexes: An existing index has the same name as the requested index. When index names are not specified, they are auto generated and can cause conflicts. Please refer to our documentation. Requested index: { v: 2, unique: true, key: { term: 1 }, name: "term_1" }, existing index: { v: 2, key: { term: 1 }, name: "term_1" }, full error: {'ok': 0.0, 'errmsg': 'An existing index has the same name as the requested index. When index names are not specified, they are auto generated and can cause conflicts. Please refer to our documentation. Requested index: { v: 2, unique: true, key: { term: 1 }, name: "term_1" }, existing index: { v: 2, key: { term: 1 }, name: "term_1" }', 'code': 86, 'codeName': 'IndexKeySpecsConflict'}
2025-05-26 20:52:32,210 - ERROR - Failed to create MongoDB indexes: An existing index has the same name as the requested index. When index names are not specified, they are auto generated and can cause conflicts. Please refer to our documentation. Requested index: { v: 2, unique: true, key: { term: 1 }, name: "term_1" }, existing index: { v: 2, key: { term: 1 }, name: "term_1" }, full error: {'ok': 0.0, 'errmsg': 'An existing index has the same name as the requested index. When index names are not specified, they are auto generated and can cause conflicts. Please refer to our documentation. Requested index: { v: 2, unique: true, key: { term: 1 }, name: "term_1" }, existing index: { v: 2, key: { term: 1 }, name: "term_1" }', 'code': 86, 'codeName': 'IndexKeySpecsConflict'}
2025-05-26 20:52:33,225 - WARNING - Failed to reconfigure tokenizer from config: 'spacy.tokenizer.Tokenizer' object has no attribute 'from_config'
2025-05-26 20:52:33,259 - WARNING - Skipping UMLS search: term too long or empty -> 'patient complains of headache the headache started...'
2025-05-26 20:52:33,260 - WARNING - Skipping UMLS search: term too long or empty -> 'nausea and vomiting and loss of appetite the patie...'
2025-05-26 20:52:36,556 - WARNING - 401 Unauthorized for term 'patient presents with facial pain', retrying with new ticket...
2025-05-26 20:52:39,732 - WARNING - UMLS API returned status 401 for term 'patient presents with facial pain'
2025-05-26 20:52:43,010 - WARNING - 401 Unauthorized for term 'and fever for 10 days. reports purulent nasal discharge. facial pain over maxillary sinuses', retrying with new ticket...
2025-05-26 20:52:46,284 - WARNING - UMLS API returned status 401 for term 'and fever for 10 days. reports purulent nasal discharge. facial pain over maxillary sinuses'
2025-05-26 20:52:49,563 - WARNING - 401 Unauthorized for term 'bilateral nasal congestion', retrying with new ticket...
2025-05-26 20:52:52,839 - WARNING - UMLS API returned status 401 for term 'bilateral nasal congestion'
2025-05-26 20:52:56,013 - WARNING - 401 Unauthorized for term 'back pain for two weeks the patient reports backpain for three weeks on assessment', retrying with new ticket...
2025-05-26 20:52:59,289 - WARNING - UMLS API returned status 401 for term 'back pain for two weeks the patient reports backpain for three weeks on assessment'
2025-05-26 20:52:59,294 - WARNING - Skipping UMLS search: term too long or empty -> 'the patient is obese the backpain is made worse by...'
2025-05-26 20:52:59,296 - WARNING - Skipping UMLS search: term too long or empty -> 'and purulent nasal discharge for 10 days. low-grad...'
2025-05-26 20:52:59,298 - WARNING - Skipping UMLS search: term too long or empty -> 'no dizziness. musculoskeletal: no joint pain or st...'
2025-05-26 20:52:59,302 - WARNING - Skipping UMLS search: term too long or empty -> 'likely secondary to recent viral upper respiratory...'
2025-05-26 20:56:05,310 - WARNING - Diagnosis relevance weights for facial pain|nasal congestion|sinusitis|sinus pain|purulent nasal discharge do not sum to 1.0: 0
2025-05-26 20:56:05,311 - WARNING - Diagnosis relevance weights for cough do not sum to 1.0: 0
2025-05-26 20:56:05,311 - WARNING - Diagnosis relevance weights for headache|photophobia do not sum to 1.0: 0
2025-05-26 20:56:05,311 - WARNING - Diagnosis relevance weights for chest pain|shortness of breath|chest tightness do not sum to 1.0: 0
2025-05-26 20:56:05,311 - WARNING - Diagnosis relevance weights for epigastric pain|nausea do not sum to 1.0: 0
2025-05-26 20:56:05,312 - WARNING - Diagnosis relevance weights for knee pain|swelling do not sum to 1.0: 0
2025-05-26 20:56:05,312 - WARNING - Diagnosis relevance weights for back pain|lower back pain|backache do not sum to 1.0: 0
2025-05-26 20:56:05,312 - WARNING - Diagnosis relevance weights for fever|chills do not sum to 1.0: 0
2025-05-26 20:56:05,312 - WARNING - Diagnosis relevance weights for fatigue|obesity do not sum to 1.0: 0
2025-05-26 20:56:05,313 - WARNING - Diagnosis angina relevance weights do not sum to 1.0: 0.8
2025-05-26 20:56:05,351 - ERROR - Invalid JSON in /home/mathu/projects/hospital/departments/nlp/knowledge_base/medical_terms.json: Expecting value: line 7 column 12 (char 143). Using default data.
2025-05-26 20:56:05,386 - ERROR - Failed to create MongoDB indexes: An existing index has the same name as the requested index. When index names are not specified, they are auto generated and can cause conflicts. Please refer to our documentation. Requested index: { v: 2, unique: true, key: { term: 1 }, name: "term_1" }, existing index: { v: 2, key: { term: 1 }, name: "term_1" }, full error: {'ok': 0.0, 'errmsg': 'An existing index has the same name as the requested index. When index names are not specified, they are auto generated and can cause conflicts. Please refer to our documentation. Requested index: { v: 2, unique: true, key: { term: 1 }, name: "term_1" }, existing index: { v: 2, key: { term: 1 }, name: "term_1" }', 'code': 86, 'codeName': 'IndexKeySpecsConflict'}
2025-05-26 20:56:05,412 - ERROR - Failed to create MongoDB indexes: An existing index has the same name as the requested index. When index names are not specified, they are auto generated and can cause conflicts. Please refer to our documentation. Requested index: { v: 2, unique: true, key: { term: 1 }, name: "term_1" }, existing index: { v: 2, key: { term: 1 }, name: "term_1" }, full error: {'ok': 0.0, 'errmsg': 'An existing index has the same name as the requested index. When index names are not specified, they are auto generated and can cause conflicts. Please refer to our documentation. Requested index: { v: 2, unique: true, key: { term: 1 }, name: "term_1" }, existing index: { v: 2, key: { term: 1 }, name: "term_1" }', 'code': 86, 'codeName': 'IndexKeySpecsConflict'}
2025-05-26 20:56:06,433 - WARNING - Failed to reconfigure tokenizer from config: 'spacy.tokenizer.Tokenizer' object has no attribute 'from_config'
2025-05-26 20:56:09,747 - WARNING - 401 Unauthorized for term 'patient complains of headache the headache started three days ago', retrying with new ticket...
2025-05-26 20:56:12,923 - WARNING - UMLS API returned status 401 for term 'patient complains of headache the headache started three days ago'
2025-05-26 20:56:15,995 - WARNING - 401 Unauthorized for term 'the headache is associated with fevers and chills', retrying with new ticket...
2025-05-26 20:56:19,169 - WARNING - UMLS API returned status 401 for term 'the headache is associated with fevers and chills'
2025-05-26 20:56:19,175 - WARNING - Skipping UMLS search: term too long or empty -> 'nausea and vomiting and loss of appetite the patie...'
2025-05-26 20:56:22,547 - WARNING - 401 Unauthorized for term 'patient presents with facial pain', retrying with new ticket...
2025-05-26 20:56:25,824 - WARNING - UMLS API returned status 401 for term 'patient presents with facial pain'
2025-05-26 20:56:29,203 - WARNING - 401 Unauthorized for term 'and fever for 10 days', retrying with new ticket...
2025-05-26 20:56:32,583 - WARNING - UMLS API returned status 401 for term 'and fever for 10 days'
2025-05-26 20:56:35,756 - WARNING - 401 Unauthorized for term 'reports purulent nasal discharge', retrying with new ticket...
2025-05-26 22:21:21,266 - WARNING - Diagnosis relevance weights for facial pain|nasal congestion|sinusitis|sinus pain|purulent nasal discharge do not sum to 1.0: 0
2025-05-26 22:21:21,267 - WARNING - Diagnosis relevance weights for cough do not sum to 1.0: 0
2025-05-26 22:21:21,267 - WARNING - Diagnosis relevance weights for headache|photophobia do not sum to 1.0: 0
2025-05-26 22:21:21,268 - WARNING - Diagnosis relevance weights for chest pain|shortness of breath|chest tightness do not sum to 1.0: 0
2025-05-26 22:21:21,268 - WARNING - Diagnosis relevance weights for epigastric pain|nausea do not sum to 1.0: 0
2025-05-26 22:21:21,268 - WARNING - Diagnosis relevance weights for knee pain|swelling do not sum to 1.0: 0
2025-05-26 22:21:21,269 - WARNING - Diagnosis relevance weights for back pain|lower back pain|backache do not sum to 1.0: 0
2025-05-26 22:21:21,269 - WARNING - Diagnosis relevance weights for fever|chills do not sum to 1.0: 0
2025-05-26 22:21:21,269 - WARNING - Diagnosis relevance weights for fatigue|obesity do not sum to 1.0: 0
2025-05-26 22:21:21,270 - WARNING - Diagnosis angina relevance weights do not sum to 1.0: 0.8
2025-05-26 22:21:21,308 - ERROR - Invalid JSON in /home/mathu/projects/hospital/departments/nlp/knowledge_base/medical_terms.json: Expecting value: line 7 column 12 (char 143). Using default data.
2025-05-26 22:21:21,338 - ERROR - Failed to create MongoDB indexes: An existing index has the same name as the requested index. When index names are not specified, they are auto generated and can cause conflicts. Please refer to our documentation. Requested index: { v: 2, unique: true, key: { term: 1 }, name: "term_1" }, existing index: { v: 2, key: { term: 1 }, name: "term_1" }, full error: {'ok': 0.0, 'errmsg': 'An existing index has the same name as the requested index. When index names are not specified, they are auto generated and can cause conflicts. Please refer to our documentation. Requested index: { v: 2, unique: true, key: { term: 1 }, name: "term_1" }, existing index: { v: 2, key: { term: 1 }, name: "term_1" }', 'code': 86, 'codeName': 'IndexKeySpecsConflict'}
2025-05-26 22:21:21,362 - ERROR - Failed to create MongoDB indexes: An existing index has the same name as the requested index. When index names are not specified, they are auto generated and can cause conflicts. Please refer to our documentation. Requested index: { v: 2, unique: true, key: { term: 1 }, name: "term_1" }, existing index: { v: 2, key: { term: 1 }, name: "term_1" }, full error: {'ok': 0.0, 'errmsg': 'An existing index has the same name as the requested index. When index names are not specified, they are auto generated and can cause conflicts. Please refer to our documentation. Requested index: { v: 2, unique: true, key: { term: 1 }, name: "term_1" }, existing index: { v: 2, key: { term: 1 }, name: "term_1" }', 'code': 86, 'codeName': 'IndexKeySpecsConflict'}
2025-05-26 22:21:22,083 - WARNING - Failed to reconfigure tokenizer from config: 'spacy.tokenizer.Tokenizer' object has no attribute 'from_config'
2025-05-26 22:21:26,316 - WARNING - 401 Unauthorized for term 'fevers', retrying with new ticket...
2025-05-26 22:21:29,594 - WARNING - UMLS API returned status 401 for term 'fevers'
2025-05-26 22:21:32,869 - WARNING - 401 Unauthorized for term 'associated with', retrying with new ticket...
2025-05-26 22:21:36,055 - WARNING - UMLS API returned status 401 for term 'associated with'
2025-05-26 22:21:39,117 - WARNING - 401 Unauthorized for term 'patient complains', retrying with new ticket...
2025-05-26 22:21:42,393 - WARNING - UMLS API returned status 401 for term 'patient complains'
2025-05-26 22:21:45,568 - WARNING - 401 Unauthorized for term 'headache', retrying with new ticket...
2025-05-26 22:21:48,845 - WARNING - UMLS API returned status 401 for term 'headache'
2025-05-26 22:21:52,019 - WARNING - 401 Unauthorized for term 'days', retrying with new ticket...
2025-05-26 22:21:55,296 - WARNING - UMLS API returned status 401 for term 'days'
2025-05-26 22:21:58,573 - WARNING - 401 Unauthorized for term 'chills', retrying with new ticket...
2025-05-26 22:22:01,850 - WARNING - UMLS API returned status 401 for term 'chills'
2025-05-26 22:22:05,228 - WARNING - 401 Unauthorized for term 'strong', retrying with new ticket...
2025-05-26 22:22:08,609 - WARNING - UMLS API returned status 401 for term 'strong'
2025-05-26 22:22:11,885 - WARNING - 401 Unauthorized for term 'patient', retrying with new ticket...
2025-05-26 22:22:15,162 - WARNING - UMLS API returned status 401 for term 'patient'
2025-05-26 22:22:18,438 - WARNING - 401 Unauthorized for term 'eyes', retrying with new ticket...
2025-05-26 22:22:21,613 - WARNING - UMLS API returned status 401 for term 'eyes'
2025-05-26 22:22:24,891 - WARNING - 401 Unauthorized for term 'tea', retrying with new ticket...
2025-05-26 22:22:28,266 - WARNING - UMLS API returned status 401 for term 'tea'
2025-05-26 22:22:31,546 - WARNING - 401 Unauthorized for term 'licking', retrying with new ticket...
2025-05-26 22:22:34,823 - WARNING - UMLS API returned status 401 for term 'licking'
2025-05-26 22:22:38,099 - WARNING - 401 Unauthorized for term 'nausea', retrying with new ticket...
2025-05-26 22:22:41,274 - WARNING - UMLS API returned status 401 for term 'nausea'
2025-05-26 22:22:44,551 - WARNING - 401 Unauthorized for term 'loss of appetite', retrying with new ticket...
2025-05-26 22:22:47,828 - WARNING - UMLS API returned status 401 for term 'loss of appetite'
2025-05-26 22:22:51,105 - WARNING - 401 Unauthorized for term 'vomiting', retrying with new ticket...
2025-05-26 22:22:54,383 - WARNING - UMLS API returned status 401 for term 'vomiting'
2025-05-26 22:22:57,556 - WARNING - 401 Unauthorized for term 'jaundice', retrying with new ticket...
2025-05-26 22:23:00,730 - WARNING - UMLS API returned status 401 for term 'jaundice'
2025-05-26 22:23:04,010 - WARNING - 401 Unauthorized for term 'worse', retrying with new ticket...
2025-05-26 22:23:07,240 - WARNING - UMLS API returned status 401 for term 'worse'
2025-05-26 22:23:10,562 - WARNING - 401 Unauthorized for term 'fats', retrying with new ticket...
2025-05-26 22:23:13,735 - WARNING - UMLS API returned status 401 for term 'fats'
2025-05-26 22:23:17,012 - WARNING - 401 Unauthorized for term 'foods', retrying with new ticket...
2025-05-26 22:23:20,132 - WARNING - UMLS API returned status 401 for term 'foods'
2025-05-26 22:23:23,565 - WARNING - 401 Unauthorized for term 'facial pain', retrying with new ticket...
2025-05-26 22:23:26,740 - WARNING - UMLS API returned status 401 for term 'facial pain'
2025-05-26 22:23:29,814 - WARNING - 401 Unauthorized for term 'patient', retrying with new ticket...
2025-05-26 22:23:32,927 - WARNING - UMLS API returned status 401 for term 'patient'
2025-05-26 22:23:36,008 - WARNING - 401 Unauthorized for term 'facial pain', retrying with new ticket...
2025-05-26 22:23:39,061 - WARNING - UMLS API returned status 401 for term 'facial pain'
2025-05-26 22:23:41,938 - WARNING - 401 Unauthorized for term 'reports', retrying with new ticket...
2025-05-26 22:23:45,069 - WARNING - UMLS API returned status 401 for term 'reports'
2025-05-26 22:23:48,356 - WARNING - 401 Unauthorized for term 'days', retrying with new ticket...
2025-05-26 22:23:51,519 - WARNING - UMLS API returned status 401 for term 'days'
2025-05-26 22:23:54,527 - WARNING - 401 Unauthorized for term 'purulent', retrying with new ticket...
2025-05-26 22:23:57,601 - WARNING - UMLS API returned status 401 for term 'purulent'
2025-05-26 22:24:00,533 - WARNING - 401 Unauthorized for term 'nasal discharge', retrying with new ticket...
2025-05-26 22:24:03,707 - WARNING - UMLS API returned status 401 for term 'nasal discharge'
2025-05-26 22:24:06,928 - WARNING - 401 Unauthorized for term 'fever', retrying with new ticket...
2025-05-26 22:24:10,215 - WARNING - UMLS API returned status 401 for term 'fever'
2025-05-26 22:24:13,539 - WARNING - 401 Unauthorized for term 'maxillary sinuses', retrying with new ticket...
2025-05-26 22:24:16,815 - WARNING - UMLS API returned status 401 for term 'maxillary sinuses'
2025-05-26 22:24:20,113 - WARNING - 401 Unauthorized for term 'bilateral', retrying with new ticket...
2025-05-26 22:24:24,290 - WARNING - UMLS API returned status 401 for term 'bilateral'
2025-05-26 22:24:27,466 - WARNING - 401 Unauthorized for term 'nasal congestion', retrying with new ticket...
2025-05-26 22:24:30,582 - WARNING - UMLS API returned status 401 for term 'nasal congestion'
2025-05-26 22:24:33,813 - WARNING - 401 Unauthorized for term 'weeks', retrying with new ticket...
2025-05-26 22:24:36,815 - WARNING - UMLS API returned status 401 for term 'weeks'
2025-05-26 22:24:39,852 - WARNING - 401 Unauthorized for term 'back pain', retrying with new ticket...
2025-05-26 22:24:42,875 - WARNING - UMLS API returned status 401 for term 'back pain'
2025-05-26 22:24:45,740 - WARNING - 401 Unauthorized for term 'patient reports', retrying with new ticket...
2025-05-26 22:24:48,694 - WARNING - UMLS API returned status 401 for term 'patient reports'
2025-05-26 22:24:51,627 - WARNING - 401 Unauthorized for term 'assessment', retrying with new ticket...
2025-05-26 22:24:54,857 - WARNING - UMLS API returned status 401 for term 'assessment'
2025-05-26 22:24:58,180 - WARNING - 401 Unauthorized for term 'patient', retrying with new ticket...
2025-05-26 22:25:01,252 - WARNING - UMLS API returned status 401 for term 'patient'
2025-05-26 22:25:04,222 - WARNING - 401 Unauthorized for term 'stretching', retrying with new ticket...
2025-05-26 22:25:07,293 - WARNING - UMLS API returned status 401 for term 'stretching'
2025-05-26 22:25:10,193 - WARNING - 401 Unauthorized for term 'obese', retrying with new ticket...
2025-05-26 22:25:13,131 - WARNING - UMLS API returned status 401 for term 'obese'
2025-05-26 22:25:16,305 - WARNING - 401 Unauthorized for term 'sitting', retrying with new ticket...
2025-05-26 22:25:19,487 - WARNING - UMLS API returned status 401 for term 'sitting'
2025-05-26 22:25:22,654 - WARNING - 401 Unauthorized for term 'pain', retrying with new ticket...
2025-05-26 22:25:25,726 - WARNING - UMLS API returned status 401 for term 'pain'
2025-05-26 22:25:29,105 - WARNING - 401 Unauthorized for term 'backpain', retrying with new ticket...
2025-05-26 22:25:32,236 - WARNING - UMLS API returned status 401 for term 'backpain'
2025-05-26 22:25:35,351 - WARNING - 401 Unauthorized for term 'standing', retrying with new ticket...
2025-05-26 22:25:38,592 - WARNING - UMLS API returned status 401 for term 'standing'
2025-05-26 22:25:41,905 - WARNING - 401 Unauthorized for term 'shortness of breath', retrying with new ticket...
2025-05-26 22:25:45,182 - WARNING - UMLS API returned status 401 for term 'shortness of breath'
2025-05-26 22:25:48,458 - WARNING - 401 Unauthorized for term 'associated with', retrying with new ticket...
2025-05-26 22:25:51,531 - WARNING - UMLS API returned status 401 for term 'associated with'
2025-05-26 22:25:54,740 - WARNING - 401 Unauthorized for term 'no cough', retrying with new ticket...
2025-05-26 22:25:58,185 - WARNING - UMLS API returned status 401 for term 'no cough'
2025-05-26 22:26:01,459 - WARNING - 401 Unauthorized for term 'hearing loss', retrying with new ticket...
2025-05-26 22:26:04,633 - WARNING - UMLS API returned status 401 for term 'hearing loss'
2025-05-26 22:26:07,710 - WARNING - 401 Unauthorized for term 'pulmonary', retrying with new ticket...
2025-05-26 22:26:10,608 - WARNING - UMLS API returned status 401 for term 'pulmonary'
2025-05-26 22:26:13,686 - WARNING - 401 Unauthorized for term 'days', retrying with new ticket...
2025-05-26 22:26:16,748 - WARNING - UMLS API returned status 401 for term 'days'
2025-05-26 22:26:19,826 - WARNING - 401 Unauthorized for term 'nasal discharge', retrying with new ticket...
2025-05-26 22:26:22,897 - WARNING - UMLS API returned status 401 for term 'nasal discharge'
2025-05-26 22:26:26,193 - WARNING - 401 Unauthorized for term 'purulent', retrying with new ticket...
2025-05-26 22:26:29,310 - WARNING - UMLS API returned status 401 for term 'purulent'
2025-05-26 22:26:32,690 - WARNING - 401 Unauthorized for term 'cardiovascular', retrying with new ticket...
2025-05-26 22:26:35,665 - WARNING - UMLS API returned status 401 for term 'cardiovascular'
2025-05-26 22:26:38,680 - WARNING - 401 Unauthorized for term 'mild headache', retrying with new ticket...
2025-05-26 22:26:41,650 - WARNING - UMLS API returned status 401 for term 'mild headache'
2025-05-26 22:26:44,771 - WARNING - 401 Unauthorized for term 'palpitations', retrying with new ticket...
2025-05-26 22:26:47,747 - WARNING - UMLS API returned status 401 for term 'palpitations'
2025-05-26 22:26:50,710 - WARNING - 401 Unauthorized for term 'sinus pain', retrying with new ticket...
2025-05-26 22:26:53,680 - WARNING - UMLS API returned status 401 for term 'sinus pain'
2025-05-26 22:26:56,858 - WARNING - 401 Unauthorized for term 'neurological', retrying with new ticket...
2025-05-26 22:27:00,256 - WARNING - UMLS API returned status 401 for term 'neurological'
2025-05-26 22:27:03,460 - WARNING - 401 Unauthorized for term 'chest pain', retrying with new ticket...
2025-05-26 22:27:06,584 - WARNING - UMLS API returned status 401 for term 'chest pain'
2025-05-26 22:27:09,574 - WARNING - 401 Unauthorized for term 'low-grade', retrying with new ticket...
2025-05-26 22:27:12,676 - WARNING - UMLS API returned status 401 for term 'low-grade'
2025-05-26 22:27:15,852 - WARNING - 401 Unauthorized for term 'no dizziness', retrying with new ticket...
2025-05-26 22:27:19,148 - WARNING - UMLS API returned status 401 for term 'no dizziness'
2025-05-26 22:28:02,162 - WARNING - Diagnosis relevance weights for facial pain|nasal congestion|sinusitis|sinus pain|purulent nasal discharge do not sum to 1.0: 0
2025-05-26 22:28:02,163 - WARNING - Diagnosis relevance weights for cough do not sum to 1.0: 0
2025-05-26 22:28:02,163 - WARNING - Diagnosis relevance weights for headache|photophobia do not sum to 1.0: 0
2025-05-26 22:28:02,163 - WARNING - Diagnosis relevance weights for chest pain|shortness of breath|chest tightness do not sum to 1.0: 0
2025-05-26 22:28:02,164 - WARNING - Diagnosis relevance weights for epigastric pain|nausea do not sum to 1.0: 0
2025-05-26 22:28:02,164 - WARNING - Diagnosis relevance weights for knee pain|swelling do not sum to 1.0: 0
2025-05-26 22:28:02,165 - WARNING - Diagnosis relevance weights for back pain|lower back pain|backache do not sum to 1.0: 0
2025-05-26 22:28:02,165 - WARNING - Diagnosis relevance weights for fever|chills do not sum to 1.0: 0
2025-05-26 22:28:02,165 - WARNING - Diagnosis relevance weights for fatigue|obesity do not sum to 1.0: 0
2025-05-26 22:28:02,166 - WARNING - Diagnosis angina relevance weights do not sum to 1.0: 0.8
2025-05-26 22:28:02,208 - ERROR - Invalid JSON in /home/mathu/projects/hospital/departments/nlp/knowledge_base/medical_terms.json: Expecting value: line 7 column 12 (char 143). Using default data.
2025-05-26 22:28:02,239 - ERROR - Failed to create MongoDB indexes: An existing index has the same name as the requested index. When index names are not specified, they are auto generated and can cause conflicts. Please refer to our documentation. Requested index: { v: 2, unique: true, key: { term: 1 }, name: "term_1" }, existing index: { v: 2, key: { term: 1 }, name: "term_1" }, full error: {'ok': 0.0, 'errmsg': 'An existing index has the same name as the requested index. When index names are not specified, they are auto generated and can cause conflicts. Please refer to our documentation. Requested index: { v: 2, unique: true, key: { term: 1 }, name: "term_1" }, existing index: { v: 2, key: { term: 1 }, name: "term_1" }', 'code': 86, 'codeName': 'IndexKeySpecsConflict'}
2025-05-26 22:28:02,265 - ERROR - Failed to create MongoDB indexes: An existing index has the same name as the requested index. When index names are not specified, they are auto generated and can cause conflicts. Please refer to our documentation. Requested index: { v: 2, unique: true, key: { term: 1 }, name: "term_1" }, existing index: { v: 2, key: { term: 1 }, name: "term_1" }, full error: {'ok': 0.0, 'errmsg': 'An existing index has the same name as the requested index. When index names are not specified, they are auto generated and can cause conflicts. Please refer to our documentation. Requested index: { v: 2, unique: true, key: { term: 1 }, name: "term_1" }, existing index: { v: 2, key: { term: 1 }, name: "term_1" }', 'code': 86, 'codeName': 'IndexKeySpecsConflict'}
2025-05-26 22:28:03,016 - WARNING - Failed to reconfigure tokenizer from config: 'spacy.tokenizer.Tokenizer' object has no attribute 'from_config'
2025-05-26 22:28:06,485 - WARNING - 401 Unauthorized for term 'fevers', retrying with new ticket...
2025-05-26 22:28:09,352 - WARNING - UMLS API returned status 401 for term 'fevers'
2025-05-26 22:28:12,016 - WARNING - 401 Unauthorized for term 'headache', retrying with new ticket...
2025-05-26 22:28:14,881 - WARNING - UMLS API returned status 401 for term 'headache'
2025-05-26 22:28:17,646 - WARNING - 401 Unauthorized for term 'chills', retrying with new ticket...
2025-05-26 22:28:20,410 - WARNING - UMLS API returned status 401 for term 'chills'
2025-05-26 22:28:23,278 - WARNING - 401 Unauthorized for term 'patient complains', retrying with new ticket...
2025-05-26 22:28:26,045 - WARNING - UMLS API returned status 401 for term 'patient complains'
2025-05-26 22:28:28,909 - WARNING - 401 Unauthorized for term 'associated with', retrying with new ticket...
2025-05-26 22:28:31,776 - WARNING - UMLS API returned status 401 for term 'associated with'
2025-05-26 22:28:34,746 - WARNING - 401 Unauthorized for term 'days', retrying with new ticket...
2025-05-26 22:28:37,408 - WARNING - UMLS API returned status 401 for term 'days'
2025-05-26 22:28:40,377 - WARNING - 401 Unauthorized for term 'foods', retrying with new ticket...
2025-05-26 22:28:43,111 - WARNING - UMLS API returned status 401 for term 'foods'
2025-05-26 22:28:46,012 - WARNING - 401 Unauthorized for term 'jaundice', retrying with new ticket...
2025-05-26 22:28:48,876 - WARNING - UMLS API returned status 401 for term 'jaundice'
2025-05-26 22:28:51,641 - WARNING - 401 Unauthorized for term 'fats', retrying with new ticket...
2025-05-26 22:28:54,405 - WARNING - UMLS API returned status 401 for term 'fats'
2025-05-26 22:28:57,270 - WARNING - 401 Unauthorized for term 'strong', retrying with new ticket...
2025-05-26 22:29:00,345 - WARNING - UMLS API returned status 401 for term 'strong'
2025-05-26 22:29:03,212 - WARNING - 401 Unauthorized for term 'vomiting', retrying with new ticket...
2025-05-26 22:29:06,181 - WARNING - UMLS API returned status 401 for term 'vomiting'
2025-05-26 22:29:09,048 - WARNING - 401 Unauthorized for term 'loss of appetite', retrying with new ticket...
2025-05-26 22:29:11,915 - WARNING - UMLS API returned status 401 for term 'loss of appetite'
2025-05-26 22:29:14,680 - WARNING - 401 Unauthorized for term 'nausea', retrying with new ticket...
2025-05-26 22:29:17,547 - WARNING - UMLS API returned status 401 for term 'nausea'
2025-05-26 22:29:20,209 - WARNING - 401 Unauthorized for term 'patient', retrying with new ticket...
2025-05-26 22:29:23,044 - WARNING - UMLS API returned status 401 for term 'patient'
2025-05-26 22:29:25,842 - WARNING - 401 Unauthorized for term 'worse', retrying with new ticket...
2025-05-26 22:29:28,606 - WARNING - UMLS API returned status 401 for term 'worse'
2025-05-26 22:29:31,473 - WARNING - 401 Unauthorized for term 'eyes', retrying with new ticket...
2025-05-26 22:29:34,135 - WARNING - UMLS API returned status 401 for term 'eyes'
2025-05-26 22:29:37,003 - WARNING - 401 Unauthorized for term 'licking', retrying with new ticket...
2025-05-26 22:29:39,767 - WARNING - UMLS API returned status 401 for term 'licking'
2025-05-26 22:29:42,635 - WARNING - 401 Unauthorized for term 'tea', retrying with new ticket...
2025-05-26 22:29:45,399 - WARNING - UMLS API returned status 401 for term 'tea'
2025-05-26 22:29:48,368 - WARNING - 401 Unauthorized for term 'facial pain', retrying with new ticket...
2025-05-26 22:29:51,235 - WARNING - UMLS API returned status 401 for term 'facial pain'
2025-05-26 22:29:54,048 - WARNING - 401 Unauthorized for term 'patient', retrying with new ticket...
2025-05-26 22:29:56,969 - WARNING - UMLS API returned status 401 for term 'patient'
2025-05-26 22:29:59,836 - WARNING - 401 Unauthorized for term 'fever', retrying with new ticket...
2025-05-26 22:30:02,704 - WARNING - UMLS API returned status 401 for term 'fever'
2025-05-26 22:30:05,468 - WARNING - 401 Unauthorized for term 'facial pain', retrying with new ticket...
2025-05-26 22:30:08,336 - WARNING - UMLS API returned status 401 for term 'facial pain'
2025-05-26 22:30:11,203 - WARNING - 401 Unauthorized for term 'maxillary sinuses', retrying with new ticket...
2025-05-26 22:30:13,967 - WARNING - UMLS API returned status 401 for term 'maxillary sinuses'
2025-05-26 22:30:16,732 - WARNING - 401 Unauthorized for term 'reports', retrying with new ticket...
2025-05-26 22:30:19,606 - WARNING - UMLS API returned status 401 for term 'reports'
2025-05-26 22:30:22,466 - WARNING - 401 Unauthorized for term 'nasal discharge', retrying with new ticket...
2025-05-26 22:30:25,334 - WARNING - UMLS API returned status 401 for term 'nasal discharge'
2025-05-26 22:30:28,200 - WARNING - 401 Unauthorized for term 'purulent', retrying with new ticket...
2025-05-26 22:30:31,012 - WARNING - UMLS API returned status 401 for term 'purulent'
2025-05-26 22:30:33,935 - WARNING - 401 Unauthorized for term 'days', retrying with new ticket...
2025-05-26 22:30:36,803 - WARNING - UMLS API returned status 401 for term 'days'
2025-05-26 22:30:39,772 - WARNING - 401 Unauthorized for term 'nasal congestion', retrying with new ticket...
2025-05-26 22:30:42,638 - WARNING - UMLS API returned status 401 for term 'nasal congestion'
2025-05-26 22:30:45,503 - WARNING - 401 Unauthorized for term 'bilateral', retrying with new ticket...
2025-05-26 22:30:48,373 - WARNING - UMLS API returned status 401 for term 'bilateral'
2025-05-26 22:30:51,342 - WARNING - 401 Unauthorized for term 'assessment', retrying with new ticket...
2025-05-26 22:30:54,107 - WARNING - UMLS API returned status 401 for term 'assessment'
2025-05-26 22:30:56,974 - WARNING - 401 Unauthorized for term 'weeks', retrying with new ticket...
2025-05-26 22:30:59,739 - WARNING - UMLS API returned status 401 for term 'weeks'
2025-05-26 22:31:02,503 - WARNING - 401 Unauthorized for term 'back pain', retrying with new ticket...
2025-05-26 22:31:05,371 - WARNING - UMLS API returned status 401 for term 'back pain'
2025-05-26 22:31:08,135 - WARNING - 401 Unauthorized for term 'patient reports', retrying with new ticket...
2025-05-26 22:31:10,999 - WARNING - UMLS API returned status 401 for term 'patient reports'
2025-05-26 22:31:13,867 - WARNING - 401 Unauthorized for term 'sitting', retrying with new ticket...
2025-05-26 22:31:16,736 - WARNING - UMLS API returned status 401 for term 'sitting'
2025-05-26 22:31:19,502 - WARNING - 401 Unauthorized for term 'obese', retrying with new ticket...
2025-05-26 22:31:22,343 - WARNING - UMLS API returned status 401 for term 'obese'
2025-05-26 22:31:25,235 - WARNING - 401 Unauthorized for term 'pain', retrying with new ticket...
2025-05-26 22:31:28,099 - WARNING - UMLS API returned status 401 for term 'pain'
2025-05-26 22:31:30,970 - WARNING - 401 Unauthorized for term 'stretching', retrying with new ticket...
2025-05-26 22:31:33,633 - WARNING - UMLS API returned status 401 for term 'stretching'
2025-05-26 22:31:36,496 - WARNING - 401 Unauthorized for term 'standing', retrying with new ticket...
2025-05-26 22:31:39,162 - WARNING - UMLS API returned status 401 for term 'standing'
2025-05-26 22:31:41,925 - WARNING - 401 Unauthorized for term 'patient', retrying with new ticket...
2025-05-26 22:31:44,691 - WARNING - UMLS API returned status 401 for term 'patient'
2025-05-26 22:31:47,557 - WARNING - 401 Unauthorized for term 'backpain', retrying with new ticket...
2025-05-26 22:31:50,425 - WARNING - UMLS API returned status 401 for term 'backpain'
2025-05-26 22:31:53,293 - WARNING - 401 Unauthorized for term 'mild headache', retrying with new ticket...
2025-05-26 22:31:56,057 - WARNING - UMLS API returned status 401 for term 'mild headache'
2025-05-26 22:31:58,719 - WARNING - 401 Unauthorized for term 'shortness of breath', retrying with new ticket...
2025-05-26 22:32:01,585 - WARNING - UMLS API returned status 401 for term 'shortness of breath'
2025-05-26 22:32:04,455 - WARNING - 401 Unauthorized for term 'cardiovascular', retrying with new ticket...
2025-05-26 22:32:07,116 - WARNING - UMLS API returned status 401 for term 'cardiovascular'
2025-05-26 22:32:09,982 - WARNING - 401 Unauthorized for term 'chest pain', retrying with new ticket...
2025-05-26 22:32:12,847 - WARNING - UMLS API returned status 401 for term 'chest pain'
2025-05-26 22:32:15,614 - WARNING - 401 Unauthorized for term 'nasal discharge', retrying with new ticket...
2025-05-26 22:32:18,482 - WARNING - UMLS API returned status 401 for term 'nasal discharge'
2025-05-26 22:32:21,248 - WARNING - 401 Unauthorized for term 'no cough', retrying with new ticket...
2025-05-26 22:32:24,013 - WARNING - UMLS API returned status 401 for term 'no cough'
2025-05-26 22:32:26,776 - WARNING - 401 Unauthorized for term 'neurological', retrying with new ticket...
2025-05-26 22:32:29,540 - WARNING - UMLS API returned status 401 for term 'neurological'
2025-05-26 22:32:32,408 - WARNING - 401 Unauthorized for term 'hearing loss', retrying with new ticket...
2025-05-26 22:32:35,275 - WARNING - UMLS API returned status 401 for term 'hearing loss'
2025-05-26 22:32:38,139 - WARNING - 401 Unauthorized for term 'sinus pain', retrying with new ticket...
2025-05-26 22:32:40,908 - WARNING - UMLS API returned status 401 for term 'sinus pain'
2025-05-26 22:32:43,771 - WARNING - 401 Unauthorized for term 'pulmonary', retrying with new ticket...
2025-05-26 22:32:46,436 - WARNING - UMLS API returned status 401 for term 'pulmonary'
2025-05-26 22:32:49,235 - WARNING - 401 Unauthorized for term 'associated with', retrying with new ticket...
2025-05-26 22:32:52,376 - WARNING - UMLS API returned status 401 for term 'associated with'
2025-05-26 22:32:55,141 - WARNING - 401 Unauthorized for term 'low-grade', retrying with new ticket...
2025-05-26 22:32:57,700 - WARNING - UMLS API returned status 401 for term 'low-grade'
2025-05-26 22:33:00,464 - WARNING - 401 Unauthorized for term 'purulent', retrying with new ticket...
2025-05-26 22:33:03,332 - WARNING - UMLS API returned status 401 for term 'purulent'
2025-05-26 22:33:06,199 - WARNING - 401 Unauthorized for term 'palpitations', retrying with new ticket...
2025-05-26 22:33:09,066 - WARNING - UMLS API returned status 401 for term 'palpitations'
2025-05-26 22:33:11,884 - WARNING - 401 Unauthorized for term 'days', retrying with new ticket...
2025-05-26 22:33:14,698 - WARNING - UMLS API returned status 401 for term 'days'
2025-05-26 22:33:17,769 - WARNING - 401 Unauthorized for term 'bacterial sinusitis', retrying with new ticket...
2025-05-26 22:33:20,637 - WARNING - UMLS API returned status 401 for term 'bacterial sinusitis'
2025-05-26 22:33:23,504 - WARNING - 401 Unauthorized for term 'consistent with', retrying with new ticket...
2025-05-26 22:33:26,371 - WARNING - UMLS API returned status 401 for term 'consistent with'
2025-05-26 22:33:29,135 - WARNING - 401 Unauthorized for term 'diarrhea', retrying with new ticket...
2025-05-26 22:33:31,900 - WARNING - UMLS API returned status 401 for term 'diarrhea'
2025-05-26 22:33:35,177 - WARNING - 401 Unauthorized for term 'endocrine', retrying with new ticket...
2025-05-26 22:33:37,841 - WARNING - UMLS API returned status 401 for term 'endocrine'
2025-05-26 22:33:40,605 - WARNING - 401 Unauthorized for term 'lesions', retrying with new ticket...
2025-05-26 22:33:43,471 - WARNING - UMLS API returned status 401 for term 'lesions'
2025-05-26 22:33:46,339 - WARNING - 401 Unauthorized for term 'psychiatric', retrying with new ticket...
2025-05-26 22:33:49,205 - WARNING - UMLS API returned status 401 for term 'psychiatric'
2025-05-26 22:33:51,971 - WARNING - 401 Unauthorized for term 'no joint pain', retrying with new ticket...
2025-05-26 22:33:55,164 - WARNING - UMLS API returned status 401 for term 'no joint pain'
2025-05-26 22:33:58,014 - WARNING - 401 Unauthorized for term 'vision', retrying with new ticket...
2025-05-26 22:34:00,880 - WARNING - UMLS API returned status 401 for term 'vision'
2025-05-26 22:34:03,746 - WARNING - 401 Unauthorized for term 'weight changes', retrying with new ticket...
2025-05-26 22:34:06,408 - WARNING - UMLS API returned status 401 for term 'weight changes'
2025-05-26 22:34:09,277 - WARNING - 401 Unauthorized for term 'acute', retrying with new ticket...
2025-05-26 22:34:12,143 - WARNING - UMLS API returned status 401 for term 'acute'
2025-05-26 22:34:15,064 - WARNING - 401 Unauthorized for term 'dermatologic', retrying with new ticket...
2025-05-26 22:34:17,979 - WARNING - UMLS API returned status 401 for term 'dermatologic'
2025-05-26 22:34:20,742 - WARNING - 401 Unauthorized for term 'urinary changes', retrying with new ticket...
2025-05-26 22:34:23,515 - WARNING - UMLS API returned status 401 for term 'urinary changes'
2025-05-26 22:34:26,663 - WARNING - 401 Unauthorized for term 'bruising', retrying with new ticket...
2025-05-26 22:34:29,550 - WARNING - UMLS API returned status 401 for term 'bruising'
2025-05-26 22:34:32,622 - WARNING - 401 Unauthorized for term 'gastrointestinal', retrying with new ticket...
2025-05-26 22:34:35,491 - WARNING - UMLS API returned status 401 for term 'gastrointestinal'
2025-05-26 22:34:38,359 - WARNING - 401 Unauthorized for term 'symptoms', retrying with new ticket...
2025-05-26 22:34:41,225 - WARNING - UMLS API returned status 401 for term 'symptoms'
2025-05-26 22:34:43,989 - WARNING - 401 Unauthorized for term 'hematologic', retrying with new ticket...
2025-05-26 22:34:46,855 - WARNING - UMLS API returned status 401 for term 'hematologic'
2025-05-26 22:34:49,723 - WARNING - 401 Unauthorized for term 'primary assessment', retrying with new ticket...
2025-05-26 22:34:52,592 - WARNING - UMLS API returned status 401 for term 'primary assessment'
2025-05-26 22:34:55,457 - WARNING - 401 Unauthorized for term 'genitourinary', retrying with new ticket...
2025-05-26 22:34:58,324 - WARNING - UMLS API returned status 401 for term 'genitourinary'
2025-05-26 22:35:01,192 - WARNING - 401 Unauthorized for term 'mood changes', retrying with new ticket...
2025-05-26 22:35:04,103 - WARNING - UMLS API returned status 401 for term 'mood changes'
2025-05-26 22:35:07,131 - WARNING - 401 Unauthorized for term 'no rashes', retrying with new ticket...
2025-05-26 22:35:09,895 - WARNING - UMLS API returned status 401 for term 'no rashes'
2025-05-26 22:35:12,762 - WARNING - 401 Unauthorized for term 'no dizziness', retrying with new ticket...
2025-05-26 22:35:15,733 - WARNING - UMLS API returned status 401 for term 'no dizziness'
2025-05-26 22:35:18,702 - WARNING - 401 Unauthorized for term 'nausea', retrying with new ticket...
2025-05-26 22:35:21,569 - WARNING - UMLS API returned status 401 for term 'nausea'
2025-05-26 22:35:24,435 - WARNING - 401 Unauthorized for term 'bleeding', retrying with new ticket...
2025-05-26 22:35:27,414 - WARNING - UMLS API returned status 401 for term 'bleeding'
2025-05-26 22:35:30,082 - WARNING - 401 Unauthorized for term 'stiffness', retrying with new ticket...
2025-05-26 22:35:32,832 - WARNING - UMLS API returned status 401 for term 'stiffness'
2025-05-26 22:35:35,700 - WARNING - 401 Unauthorized for term 'ophthalmologic', retrying with new ticket...
2025-05-26 22:35:38,566 - WARNING - UMLS API returned status 401 for term 'ophthalmologic'
2025-05-26 22:35:41,741 - WARNING - 401 Unauthorized for term 'headache', retrying with new ticket...
2025-05-26 22:35:44,710 - WARNING - UMLS API returned status 401 for term 'headache'
2025-05-26 22:35:47,578 - WARNING - 401 Unauthorized for term 'acute abnormalities', retrying with new ticket...
2025-05-26 22:35:50,445 - WARNING - UMLS API returned status 401 for term 'acute abnormalities'
2025-05-26 22:35:53,188 - WARNING - 401 Unauthorized for term 'respiratory infection', retrying with new ticket...
2025-05-26 22:35:56,078 - WARNING - UMLS API returned status 401 for term 'respiratory infection'
2025-05-26 22:35:58,880 - WARNING - 401 Unauthorized for term 'viral sinusitis', retrying with new ticket...
2025-05-26 22:36:01,811 - WARNING - UMLS API returned status 401 for term 'viral sinusitis'
2025-05-26 22:36:04,678 - WARNING - 401 Unauthorized for term 'secondary to', retrying with new ticket...
2025-05-26 22:36:07,546 - WARNING - UMLS API returned status 401 for term 'secondary to'
2025-05-26 22:36:10,324 - WARNING - 401 Unauthorized for term 'differential', retrying with new ticket...
2025-05-26 22:36:13,242 - WARNING - UMLS API returned status 401 for term 'differential'
2025-05-26 22:36:15,942 - WARNING - 401 Unauthorized for term 'cardiovascular', retrying with new ticket...
2025-05-26 22:36:18,807 - WARNING - UMLS API returned status 401 for term 'cardiovascular'
2025-05-26 22:36:21,584 - WARNING - 401 Unauthorized for term 'neurological', retrying with new ticket...
2025-05-26 22:36:24,440 - WARNING - UMLS API returned status 401 for term 'neurological'
2025-05-26 22:36:27,308 - WARNING - 401 Unauthorized for term 'hypertension', retrying with new ticket...
2025-05-26 22:36:30,176 - WARNING - UMLS API returned status 401 for term 'hypertension'
2025-05-26 22:36:32,940 - WARNING - 401 Unauthorized for term 'viral upper', retrying with new ticket...
2025-05-26 22:36:35,807 - WARNING - UMLS API returned status 401 for term 'viral upper'
2025-05-26 22:36:38,674 - WARNING - 401 Unauthorized for term 'stable', retrying with new ticket...
2025-05-26 22:36:41,440 - WARNING - UMLS API returned status 401 for term 'stable'
2025-05-26 22:36:44,312 - WARNING - 401 Unauthorized for term 'diabetes', retrying with new ticket...
2025-05-26 22:36:47,011 - WARNING - UMLS API returned status 401 for term 'diabetes'
2025-05-26 22:36:49,936 - WARNING - 401 Unauthorized for term 'allergic rhinitis', retrying with new ticket...
2025-05-26 22:36:52,742 - WARNING - UMLS API returned status 401 for term 'allergic rhinitis'
2025-05-26 22:36:55,673 - WARNING - 401 Unauthorized for term 'pulmonary', retrying with new ticket...
2025-05-26 22:36:58,539 - WARNING - UMLS API returned status 401 for term 'pulmonary'
2025-05-26 22:37:01,305 - WARNING - 401 Unauthorized for term 'endocrine', retrying with new ticket...
2025-05-26 22:37:04,171 - WARNING - UMLS API returned status 401 for term 'endocrine'
2025-05-26 22:37:07,039 - WARNING - 401 Unauthorized for term 'sinusitis', retrying with new ticket...
2025-05-26 22:37:09,907 - WARNING - UMLS API returned status 401 for term 'sinusitis'
2025-05-26 22:38:35,438 - ERROR - Failed to initialize NLP pipeline: [E893] Could not find function 'replace_tokenizer' in function registry 'callbacks'. If you're using a custom function, make sure the code is available. If the function is provided by a third-party package, e.g. spacy-transformers, make sure the package is installed in your environment.

Available names: spacy.copy_from_base_model.v1, spacy.models_and_pipes_with_nvtx_range.v1, spacy.models_with_nvtx_range.v1
2025-05-26 22:38:36,359 - WARNING - Using fallback spacy pipeline without parser, ner, or linker
2025-05-26 22:38:37,068 - WARNING - Failed to reconfigure tokenizer from config: 'spacy.tokenizer.Tokenizer' object has no attribute 'from_config'
2025-05-26 22:38:40,017 - WARNING - 401 Unauthorized for term 'fevers', retrying with new ticket...
2025-05-26 22:38:42,884 - WARNING - UMLS API returned status 401 for term 'fevers'
2025-05-26 22:38:45,649 - WARNING - 401 Unauthorized for term 'headache', retrying with new ticket...
2025-05-26 22:38:48,516 - WARNING - UMLS API returned status 401 for term 'headache'
2025-05-26 22:38:51,281 - WARNING - 401 Unauthorized for term 'chills', retrying with new ticket...
2025-05-26 22:38:54,044 - WARNING - UMLS API returned status 401 for term 'chills'
2025-05-26 22:38:56,913 - WARNING - 401 Unauthorized for term 'patient complains', retrying with new ticket...
2025-05-26 22:38:59,678 - WARNING - UMLS API returned status 401 for term 'patient complains'
2025-05-26 22:39:02,544 - WARNING - 401 Unauthorized for term 'associated with', retrying with new ticket...
2025-05-26 22:39:05,309 - WARNING - UMLS API returned status 401 for term 'associated with'
2025-05-26 22:39:08,184 - WARNING - 401 Unauthorized for term 'days', retrying with new ticket...
2025-05-26 22:39:11,044 - WARNING - UMLS API returned status 401 for term 'days'
2025-05-26 22:39:13,953 - WARNING - 401 Unauthorized for term 'foods', retrying with new ticket...
2025-05-26 22:39:16,880 - WARNING - UMLS API returned status 401 for term 'foods'
2025-05-26 22:39:19,571 - WARNING - 401 Unauthorized for term 'jaundice', retrying with new ticket...
2025-05-26 22:39:22,410 - WARNING - UMLS API returned status 401 for term 'jaundice'
2025-05-26 22:39:25,175 - WARNING - 401 Unauthorized for term 'fats', retrying with new ticket...
2025-05-26 22:39:28,043 - WARNING - UMLS API returned status 401 for term 'fats'
2025-05-26 22:39:30,925 - WARNING - 401 Unauthorized for term 'strong', retrying with new ticket...
2025-05-26 22:39:33,674 - WARNING - UMLS API returned status 401 for term 'strong'
2025-05-26 22:39:36,438 - WARNING - 401 Unauthorized for term 'vomiting', retrying with new ticket...
2025-05-26 22:39:39,306 - WARNING - UMLS API returned status 401 for term 'vomiting'
2025-05-26 22:39:42,173 - WARNING - 401 Unauthorized for term 'loss of appetite', retrying with new ticket...
2025-05-26 22:39:45,038 - WARNING - UMLS API returned status 401 for term 'loss of appetite'
2025-05-26 22:39:47,907 - WARNING - 401 Unauthorized for term 'nausea', retrying with new ticket...
2025-05-26 22:39:50,775 - WARNING - UMLS API returned status 401 for term 'nausea'
2025-05-26 22:39:53,437 - WARNING - 401 Unauthorized for term 'patient', retrying with new ticket...
2025-05-26 22:39:56,304 - WARNING - UMLS API returned status 401 for term 'patient'
2025-05-26 22:39:59,172 - WARNING - 401 Unauthorized for term 'worse', retrying with new ticket...
2025-05-26 22:40:02,036 - WARNING - UMLS API returned status 401 for term 'worse'
2025-05-26 22:40:04,803 - WARNING - 401 Unauthorized for term 'eyes', retrying with new ticket...
2025-05-26 22:40:07,567 - WARNING - UMLS API returned status 401 for term 'eyes'
2025-05-26 22:40:10,435 - WARNING - 401 Unauthorized for term 'licking', retrying with new ticket...
2025-05-26 22:40:13,302 - WARNING - UMLS API returned status 401 for term 'licking'
2025-05-26 22:40:15,966 - WARNING - 401 Unauthorized for term 'tea', retrying with new ticket...
2025-05-26 22:40:18,693 - WARNING - UMLS API returned status 401 for term 'tea'
2025-05-26 22:40:21,597 - WARNING - 401 Unauthorized for term 'facial pain', retrying with new ticket...
2025-05-26 22:40:24,464 - WARNING - UMLS API returned status 401 for term 'facial pain'
2025-05-26 22:40:27,229 - WARNING - 401 Unauthorized for term 'patient', retrying with new ticket...
2025-05-26 22:40:30,096 - WARNING - UMLS API returned status 401 for term 'patient'
2025-05-26 22:40:33,066 - WARNING - 401 Unauthorized for term 'fever', retrying with new ticket...
2025-05-26 22:40:35,867 - WARNING - UMLS API returned status 401 for term 'fever'
2025-05-26 22:40:38,905 - WARNING - 401 Unauthorized for term 'facial pain', retrying with new ticket...
2025-05-26 22:40:41,768 - WARNING - UMLS API returned status 401 for term 'facial pain'
2025-05-26 22:40:44,577 - WARNING - 401 Unauthorized for term 'maxillary sinuses', retrying with new ticket...
2025-05-26 22:40:47,300 - WARNING - UMLS API returned status 401 for term 'maxillary sinuses'
2025-05-26 22:40:50,166 - WARNING - 401 Unauthorized for term 'reports', retrying with new ticket...
2025-05-26 22:40:53,034 - WARNING - UMLS API returned status 401 for term 'reports'
2025-05-26 22:40:55,898 - WARNING - 401 Unauthorized for term 'nasal discharge', retrying with new ticket...
2025-05-26 22:40:58,769 - WARNING - UMLS API returned status 401 for term 'nasal discharge'
2025-05-26 22:41:01,635 - WARNING - 401 Unauthorized for term 'purulent', retrying with new ticket...
2025-05-26 22:41:04,502 - WARNING - UMLS API returned status 401 for term 'purulent'
2025-05-26 22:41:07,367 - WARNING - 401 Unauthorized for term 'days', retrying with new ticket...
2025-05-26 22:41:10,236 - WARNING - UMLS API returned status 401 for term 'days'
2025-05-26 22:41:13,205 - WARNING - 401 Unauthorized for term 'nasal congestion', retrying with new ticket...
2025-05-26 22:41:16,073 - WARNING - UMLS API returned status 401 for term 'nasal congestion'
2025-05-26 22:41:18,839 - WARNING - 401 Unauthorized for term 'bilateral', retrying with new ticket...
2025-05-26 22:41:21,500 - WARNING - UMLS API returned status 401 for term 'bilateral'
2025-05-26 22:41:24,478 - WARNING - 401 Unauthorized for term 'assessment', retrying with new ticket...
2025-05-26 22:41:27,250 - WARNING - UMLS API returned status 401 for term 'assessment'
2025-05-26 22:41:30,102 - WARNING - 401 Unauthorized for term 'weeks', retrying with new ticket...
2025-05-26 22:41:33,071 - WARNING - UMLS API returned status 401 for term 'weeks'
2025-05-26 22:41:35,939 - WARNING - 401 Unauthorized for term 'back pain', retrying with new ticket...
2025-05-26 22:41:38,704 - WARNING - UMLS API returned status 401 for term 'back pain'
2025-05-26 22:41:41,570 - WARNING - 401 Unauthorized for term 'patient reports', retrying with new ticket...
2025-05-26 22:41:44,642 - WARNING - UMLS API returned status 401 for term 'patient reports'
2025-05-26 22:41:47,496 - WARNING - 401 Unauthorized for term 'sitting', retrying with new ticket...
2025-05-26 22:41:50,275 - WARNING - UMLS API returned status 401 for term 'sitting'
2025-05-26 22:41:53,244 - WARNING - 401 Unauthorized for term 'obese', retrying with new ticket...
2025-05-26 22:41:56,111 - WARNING - UMLS API returned status 401 for term 'obese'
2025-05-26 22:41:58,876 - WARNING - 401 Unauthorized for term 'pain', retrying with new ticket...
2025-05-26 22:42:01,743 - WARNING - UMLS API returned status 401 for term 'pain'
2025-05-26 22:42:04,610 - WARNING - 401 Unauthorized for term 'stretching', retrying with new ticket...
2025-05-26 22:42:07,580 - WARNING - UMLS API returned status 401 for term 'stretching'
2025-05-26 22:42:10,447 - WARNING - 401 Unauthorized for term 'standing', retrying with new ticket...
2025-05-26 22:42:13,315 - WARNING - UMLS API returned status 401 for term 'standing'
2025-05-26 22:42:16,079 - WARNING - 401 Unauthorized for term 'patient', retrying with new ticket...
2025-05-26 22:42:18,798 - WARNING - UMLS API returned status 401 for term 'patient'
2025-05-26 22:42:21,506 - WARNING - 401 Unauthorized for term 'backpain', retrying with new ticket...
2025-05-26 22:42:24,373 - WARNING - UMLS API returned status 401 for term 'backpain'
2025-05-26 22:42:27,241 - WARNING - 401 Unauthorized for term 'mild headache', retrying with new ticket...
2025-05-26 22:42:30,107 - WARNING - UMLS API returned status 401 for term 'mild headache'
2025-05-26 22:42:32,872 - WARNING - 401 Unauthorized for term 'shortness of breath', retrying with new ticket...
2025-05-26 22:42:35,740 - WARNING - UMLS API returned status 401 for term 'shortness of breath'
2025-05-26 22:42:38,550 - WARNING - 401 Unauthorized for term 'cardiovascular', retrying with new ticket...
2025-05-26 22:42:41,298 - WARNING - UMLS API returned status 401 for term 'cardiovascular'
2025-05-26 22:42:44,136 - WARNING - 401 Unauthorized for term 'chest pain', retrying with new ticket...
2025-05-26 22:42:47,005 - WARNING - UMLS API returned status 401 for term 'chest pain'
2025-05-26 22:42:49,772 - WARNING - 401 Unauthorized for term 'nasal discharge', retrying with new ticket...
2025-05-26 22:42:52,636 - WARNING - UMLS API returned status 401 for term 'nasal discharge'
2025-05-26 22:42:55,503 - WARNING - 401 Unauthorized for term 'no cough', retrying with new ticket...
2025-05-26 22:42:58,370 - WARNING - UMLS API returned status 401 for term 'no cough'
2025-05-26 22:43:01,135 - WARNING - 401 Unauthorized for term 'neurological', retrying with new ticket...
2025-05-26 22:43:04,003 - WARNING - UMLS API returned status 401 for term 'neurological'
2025-05-26 22:43:06,768 - WARNING - 401 Unauthorized for term 'hearing loss', retrying with new ticket...
2025-05-26 22:43:09,634 - WARNING - UMLS API returned status 401 for term 'hearing loss'
2025-05-26 22:43:12,504 - WARNING - 401 Unauthorized for term 'sinus pain', retrying with new ticket...
2025-05-26 22:43:15,368 - WARNING - UMLS API returned status 401 for term 'sinus pain'
2025-05-26 22:43:18,235 - WARNING - 401 Unauthorized for term 'pulmonary', retrying with new ticket...
2025-05-26 22:43:21,100 - WARNING - UMLS API returned status 401 for term 'pulmonary'
2025-05-26 22:43:23,970 - WARNING - 401 Unauthorized for term 'associated with', retrying with new ticket...
2025-05-26 22:43:26,735 - WARNING - UMLS API returned status 401 for term 'associated with'
2025-05-26 22:43:29,602 - WARNING - 401 Unauthorized for term 'low-grade', retrying with new ticket...
2025-05-26 22:43:32,367 - WARNING - UMLS API returned status 401 for term 'low-grade'
2025-05-26 22:43:35,235 - WARNING - 401 Unauthorized for term 'purulent', retrying with new ticket...
2025-05-26 22:43:38,306 - WARNING - UMLS API returned status 401 for term 'purulent'
2025-05-26 22:43:41,172 - WARNING - 401 Unauthorized for term 'palpitations', retrying with new ticket...
2025-05-26 22:43:43,938 - WARNING - UMLS API returned status 401 for term 'palpitations'
2025-05-26 22:43:46,703 - WARNING - 401 Unauthorized for term 'days', retrying with new ticket...
2025-05-26 22:43:49,570 - WARNING - UMLS API returned status 401 for term 'days'
2025-05-26 22:43:52,642 - WARNING - 401 Unauthorized for term 'bacterial sinusitis', retrying with new ticket...
2025-05-26 22:43:55,510 - WARNING - UMLS API returned status 401 for term 'bacterial sinusitis'
2025-05-26 22:43:58,382 - WARNING - 401 Unauthorized for term 'consistent with', retrying with new ticket...
2025-05-26 22:44:01,243 - WARNING - UMLS API returned status 401 for term 'consistent with'
2025-05-26 22:44:04,111 - WARNING - 401 Unauthorized for term 'diarrhea', retrying with new ticket...
2025-05-26 22:44:06,976 - WARNING - UMLS API returned status 401 for term 'diarrhea'
2025-05-26 22:44:09,846 - WARNING - 401 Unauthorized for term 'endocrine', retrying with new ticket...
2025-05-26 22:44:12,507 - WARNING - UMLS API returned status 401 for term 'endocrine'
2025-05-26 22:44:15,375 - WARNING - 401 Unauthorized for term 'lesions', retrying with new ticket...
2025-05-26 22:44:18,241 - WARNING - UMLS API returned status 401 for term 'lesions'
2025-05-26 22:44:20,951 - WARNING - 401 Unauthorized for term 'psychiatric', retrying with new ticket...
2025-05-26 22:44:23,772 - WARNING - UMLS API returned status 401 for term 'psychiatric'
2025-05-26 22:44:26,571 - WARNING - 401 Unauthorized for term 'no joint pain', retrying with new ticket...
2025-05-26 22:44:29,505 - WARNING - UMLS API returned status 401 for term 'no joint pain'
2025-05-26 22:44:32,373 - WARNING - 401 Unauthorized for term 'vision', retrying with new ticket...
2025-05-26 22:44:35,137 - WARNING - UMLS API returned status 401 for term 'vision'
2025-05-26 22:44:38,007 - WARNING - 401 Unauthorized for term 'weight changes', retrying with new ticket...
2025-05-26 22:44:40,873 - WARNING - UMLS API returned status 401 for term 'weight changes'
2025-05-26 22:44:43,534 - WARNING - 401 Unauthorized for term 'acute', retrying with new ticket...
2025-05-26 22:44:46,504 - WARNING - UMLS API returned status 401 for term 'acute'
2025-05-26 22:44:49,371 - WARNING - 401 Unauthorized for term 'dermatologic', retrying with new ticket...
2025-05-26 22:44:52,238 - WARNING - UMLS API returned status 401 for term 'dermatologic'
2025-05-26 22:44:55,310 - WARNING - 401 Unauthorized for term 'urinary changes', retrying with new ticket...
2025-05-26 22:44:58,179 - WARNING - UMLS API returned status 401 for term 'urinary changes'
2025-05-26 22:45:01,046 - WARNING - 401 Unauthorized for term 'bruising', retrying with new ticket...
2025-05-26 22:45:03,705 - WARNING - UMLS API returned status 401 for term 'bruising'
2025-05-26 22:45:06,579 - WARNING - 401 Unauthorized for term 'gastrointestinal', retrying with new ticket...
2025-05-26 22:45:09,441 - WARNING - UMLS API returned status 401 for term 'gastrointestinal'
2025-05-26 22:45:12,295 - WARNING - 401 Unauthorized for term 'symptoms', retrying with new ticket...
2025-05-26 22:45:15,176 - WARNING - UMLS API returned status 401 for term 'symptoms'
2025-05-26 22:45:18,041 - WARNING - 401 Unauthorized for term 'hematologic', retrying with new ticket...
2025-05-26 22:45:21,014 - WARNING - UMLS API returned status 401 for term 'hematologic'
2025-05-26 22:45:23,777 - WARNING - 401 Unauthorized for term 'primary assessment', retrying with new ticket...
2025-05-26 22:45:26,645 - WARNING - UMLS API returned status 401 for term 'primary assessment'
2025-05-26 22:45:29,509 - WARNING - 401 Unauthorized for term 'genitourinary', retrying with new ticket...
2025-05-26 22:45:32,379 - WARNING - UMLS API returned status 401 for term 'genitourinary'
2025-05-26 22:45:35,246 - WARNING - 401 Unauthorized for term 'mood changes', retrying with new ticket...
2025-05-26 22:45:38,216 - WARNING - UMLS API returned status 401 for term 'mood changes'
2025-05-26 22:45:41,083 - WARNING - 401 Unauthorized for term 'no rashes', retrying with new ticket...
2025-05-26 22:45:43,848 - WARNING - UMLS API returned status 401 for term 'no rashes'
2025-05-26 22:45:46,715 - WARNING - 401 Unauthorized for term 'no dizziness', retrying with new ticket...
2025-05-26 22:45:49,579 - WARNING - UMLS API returned status 401 for term 'no dizziness'
2025-05-26 22:45:52,450 - WARNING - 401 Unauthorized for term 'nausea', retrying with new ticket...
2025-05-26 22:45:55,315 - WARNING - UMLS API returned status 401 for term 'nausea'
2025-05-26 22:45:58,184 - WARNING - 401 Unauthorized for term 'bleeding', retrying with new ticket...
2025-05-26 22:46:01,056 - WARNING - UMLS API returned status 401 for term 'bleeding'
2025-05-26 22:46:03,713 - WARNING - 401 Unauthorized for term 'stiffness', retrying with new ticket...
2025-05-26 22:46:06,580 - WARNING - UMLS API returned status 401 for term 'stiffness'
2025-05-26 22:46:09,243 - WARNING - 401 Unauthorized for term 'ophthalmologic', retrying with new ticket...
2025-05-26 22:46:12,110 - WARNING - UMLS API returned status 401 for term 'ophthalmologic'
2025-05-26 22:46:15,182 - WARNING - 401 Unauthorized for term 'headache', retrying with new ticket...
2025-05-26 22:46:18,049 - WARNING - UMLS API returned status 401 for term 'headache'
2025-05-26 22:46:20,812 - WARNING - 401 Unauthorized for term 'acute abnormalities', retrying with new ticket...
2025-05-26 22:46:23,681 - WARNING - UMLS API returned status 401 for term 'acute abnormalities'
2025-05-26 22:46:26,549 - WARNING - 401 Unauthorized for term 'respiratory infection', retrying with new ticket...
2025-05-26 22:46:29,313 - WARNING - UMLS API returned status 401 for term 'respiratory infection'
2025-05-26 22:46:32,180 - WARNING - 401 Unauthorized for term 'viral sinusitis', retrying with new ticket...
2025-05-26 22:46:35,047 - WARNING - UMLS API returned status 401 for term 'viral sinusitis'
2025-05-26 22:46:37,915 - WARNING - 401 Unauthorized for term 'secondary to', retrying with new ticket...
2025-05-26 22:46:40,782 - WARNING - UMLS API returned status 401 for term 'secondary to'
2025-05-26 22:46:43,446 - WARNING - 401 Unauthorized for term 'differential', retrying with new ticket...
2025-05-26 22:46:46,100 - WARNING - UMLS API returned status 401 for term 'differential'
2025-05-26 22:46:48,872 - WARNING - 401 Unauthorized for term 'cardiovascular', retrying with new ticket...
2025-05-26 22:46:51,738 - WARNING - UMLS API returned status 401 for term 'cardiovascular'
2025-05-26 22:46:54,551 - WARNING - 401 Unauthorized for term 'neurological', retrying with new ticket...
2025-05-26 22:46:57,576 - WARNING - UMLS API returned status 401 for term 'neurological'
2025-05-26 22:47:00,443 - WARNING - 401 Unauthorized for term 'hypertension', retrying with new ticket...
2025-05-26 22:47:03,311 - WARNING - UMLS API returned status 401 for term 'hypertension'
2025-05-26 22:47:05,972 - WARNING - 401 Unauthorized for term 'viral upper', retrying with new ticket...
2025-05-26 22:47:08,645 - WARNING - UMLS API returned status 401 for term 'viral upper'
2025-05-26 22:47:11,399 - WARNING - 401 Unauthorized for term 'stable', retrying with new ticket...
2025-05-26 22:47:14,125 - WARNING - UMLS API returned status 401 for term 'stable'
2025-05-26 22:47:16,977 - WARNING - 401 Unauthorized for term 'diabetes', retrying with new ticket...
2025-05-26 22:47:19,694 - WARNING - UMLS API returned status 401 for term 'diabetes'
2025-05-26 22:47:22,391 - WARNING - 401 Unauthorized for term 'allergic rhinitis', retrying with new ticket...
2025-05-26 22:47:25,266 - WARNING - UMLS API returned status 401 for term 'allergic rhinitis'
2025-05-26 22:47:28,194 - WARNING - 401 Unauthorized for term 'pulmonary', retrying with new ticket...
2025-05-26 22:47:30,958 - WARNING - UMLS API returned status 401 for term 'pulmonary'
2025-05-26 22:47:33,827 - WARNING - 401 Unauthorized for term 'endocrine', retrying with new ticket...
2025-05-26 22:47:36,693 - WARNING - UMLS API returned status 401 for term 'endocrine'
2025-05-26 22:47:39,559 - WARNING - 401 Unauthorized for term 'sinusitis', retrying with new ticket...
2025-05-26 22:47:42,325 - WARNING - UMLS API returned status 401 for term 'sinusitis'
2025-05-26 22:49:17,188 - ERROR - Failed to initialize NLP pipeline: [E893] Could not find function 'replace_tokenizer' in function registry 'callbacks'. If you're using a custom function, make sure the code is available. If the function is provided by a third-party package, e.g. spacy-transformers, make sure the package is installed in your environment.

Available names: spacy.copy_from_base_model.v1, spacy.models_and_pipes_with_nvtx_range.v1, spacy.models_with_nvtx_range.v1
2025-05-26 22:49:18,108 - WARNING - Using fallback spacy pipeline without parser, ner, or linker
2025-05-26 22:49:18,109 - ERROR - Failed to add symptom rules: "[E001] No component 'medspacy_target_matcher' found in pipeline. Available names: ['sentencizer', 'tok2vec', 'tagger', 'attribute_ruler', 'lemmatizer', 'parser', 'ner']"
2025-05-26 22:49:18,181 - WARNING - No category mapping found for 'mood changes ophthalmologic no vision changes primary assessment symptoms consistent acute bacterial sinusitis likely secondary to recent viral upper respiratory infection differential includes viral sinusitis'. Defaulting to 'general'.
2025-05-26 22:49:18,194 - WARNING - No category mapping found for 'acute abnormalities in pulmonary musculoskeletal gi gu hematologic dermatologic psychiatric'. Defaulting to 'general'.
2025-05-26 22:49:18,199 - ERROR - Error extracting features for note ID 1: 'KnowledgeBaseUpdater' object has no attribute 'is_new_symptom'
2025-05-26 22:49:18,246 - ERROR - Failed to create MongoDB indexes: An existing index has the same name as the requested index. When index names are not specified, they are auto generated and can cause conflicts. Please refer to our documentation. Requested index: { v: 2, unique: true, key: { term: 1 }, name: "term_1" }, existing index: { v: 2, key: { term: 1 }, name: "term_1" }, full error: {'ok': 0.0, 'errmsg': 'An existing index has the same name as the requested index. When index names are not specified, they are auto generated and can cause conflicts. Please refer to our documentation. Requested index: { v: 2, unique: true, key: { term: 1 }, name: "term_1" }, existing index: { v: 2, key: { term: 1 }, name: "term_1" }', 'code': 86, 'codeName': 'IndexKeySpecsConflict'}
2025-05-26 22:49:18,280 - ERROR - Failed to create MongoDB indexes: An existing index has the same name as the requested index. When index names are not specified, they are auto generated and can cause conflicts. Please refer to our documentation. Requested index: { v: 2, unique: true, key: { term: 1 }, name: "term_1" }, existing index: { v: 2, key: { term: 1 }, name: "term_1" }, full error: {'ok': 0.0, 'errmsg': 'An existing index has the same name as the requested index. When index names are not specified, they are auto generated and can cause conflicts. Please refer to our documentation. Requested index: { v: 2, unique: true, key: { term: 1 }, name: "term_1" }, existing index: { v: 2, key: { term: 1 }, name: "term_1" }', 'code': 86, 'codeName': 'IndexKeySpecsConflict'}
2025-05-26 22:49:18,980 - WARNING - Failed to reconfigure tokenizer from config: 'spacy.tokenizer.Tokenizer' object has no attribute 'from_config'
2025-05-26 22:49:21,959 - WARNING - 401 Unauthorized for term 'fevers', retrying with new ticket...
2025-05-26 22:49:24,724 - WARNING - UMLS API returned status 401 for term 'fevers'
2025-05-26 22:49:27,694 - WARNING - 401 Unauthorized for term 'headache', retrying with new ticket...
2025-05-26 22:49:30,558 - WARNING - UMLS API returned status 401 for term 'headache'
2025-05-26 22:49:33,429 - WARNING - 401 Unauthorized for term 'chills', retrying with new ticket...
2025-05-26 22:49:36,293 - WARNING - UMLS API returned status 401 for term 'chills'
2025-05-26 22:49:39,265 - WARNING - 401 Unauthorized for term 'patient complains', retrying with new ticket...
2025-05-26 22:49:42,132 - WARNING - UMLS API returned status 401 for term 'patient complains'
2025-05-26 22:49:44,795 - WARNING - 401 Unauthorized for term 'associated with', retrying with new ticket...
2025-05-26 22:49:47,493 - WARNING - UMLS API returned status 401 for term 'associated with'
2025-05-26 22:49:50,222 - WARNING - 401 Unauthorized for term 'days', retrying with new ticket...
2025-05-26 22:49:53,089 - WARNING - UMLS API returned status 401 for term 'days'
2025-05-26 22:49:56,059 - WARNING - 401 Unauthorized for term 'foods', retrying with new ticket...
2025-05-26 22:49:58,852 - WARNING - UMLS API returned status 401 for term 'foods'
2025-05-26 22:50:01,790 - WARNING - 401 Unauthorized for term 'jaundice', retrying with new ticket...
2025-05-26 22:50:04,559 - WARNING - UMLS API returned status 401 for term 'jaundice'
2025-05-26 22:50:07,425 - WARNING - 401 Unauthorized for term 'fats', retrying with new ticket...
2025-05-26 22:50:10,087 - WARNING - UMLS API returned status 401 for term 'fats'
2025-05-26 22:50:12,955 - WARNING - 401 Unauthorized for term 'strong', retrying with new ticket...
2025-05-26 22:50:15,823 - WARNING - UMLS API returned status 401 for term 'strong'
2025-05-26 22:50:18,689 - WARNING - 401 Unauthorized for term 'vomiting', retrying with new ticket...
2025-05-26 22:50:21,556 - WARNING - UMLS API returned status 401 for term 'vomiting'
2025-05-26 22:50:24,423 - WARNING - 401 Unauthorized for term 'loss of appetite', retrying with new ticket...
2025-05-26 22:50:27,288 - WARNING - UMLS API returned status 401 for term 'loss of appetite'
2025-05-26 22:50:30,160 - WARNING - 401 Unauthorized for term 'nausea', retrying with new ticket...
2025-05-26 22:50:33,025 - WARNING - UMLS API returned status 401 for term 'nausea'
2025-05-26 22:50:35,790 - WARNING - 401 Unauthorized for term 'patient', retrying with new ticket...
2025-05-26 22:50:38,657 - WARNING - UMLS API returned status 401 for term 'patient'
2025-05-26 22:50:41,422 - WARNING - 401 Unauthorized for term 'worse', retrying with new ticket...
2025-05-26 22:50:44,187 - WARNING - UMLS API returned status 401 for term 'worse'
2025-05-26 22:50:49,000 - WARNING - 401 Unauthorized for term 'eyes', retrying with new ticket...
2025-05-26 22:50:51,764 - WARNING - UMLS API returned status 401 for term 'eyes'
2025-05-26 22:50:54,632 - WARNING - 401 Unauthorized for term 'licking', retrying with new ticket...
2025-05-26 22:50:57,498 - WARNING - UMLS API returned status 401 for term 'licking'
2025-05-26 22:51:00,312 - WARNING - 401 Unauthorized for term 'tea', retrying with new ticket...
2025-05-26 22:51:03,234 - WARNING - UMLS API returned status 401 for term 'tea'
2025-05-26 22:51:06,306 - WARNING - 401 Unauthorized for term 'facial pain', retrying with new ticket...
2025-05-26 22:51:09,172 - WARNING - UMLS API returned status 401 for term 'facial pain'
2025-05-26 22:51:11,937 - WARNING - 401 Unauthorized for term 'patient', retrying with new ticket...
2025-05-26 22:51:14,804 - WARNING - UMLS API returned status 401 for term 'patient'
2025-05-26 22:51:17,774 - WARNING - 401 Unauthorized for term 'fever', retrying with new ticket...
2025-05-26 22:51:20,641 - WARNING - UMLS API returned status 401 for term 'fever'
2025-05-26 22:51:23,376 - WARNING - 401 Unauthorized for term 'facial pain', retrying with new ticket...
2025-05-26 22:51:26,273 - WARNING - UMLS API returned status 401 for term 'facial pain'
2025-05-26 22:51:29,035 - WARNING - 401 Unauthorized for term 'maxillary sinuses', retrying with new ticket...
2025-05-26 22:51:31,905 - WARNING - UMLS API returned status 401 for term 'maxillary sinuses'
2025-05-26 22:51:34,772 - WARNING - 401 Unauthorized for term 'reports', retrying with new ticket...
2025-05-26 22:51:37,742 - WARNING - UMLS API returned status 401 for term 'reports'
2025-05-26 22:51:40,610 - WARNING - 401 Unauthorized for term 'nasal discharge', retrying with new ticket...
2025-05-26 22:51:43,374 - WARNING - UMLS API returned status 401 for term 'nasal discharge'
2025-05-26 22:51:46,242 - WARNING - 401 Unauthorized for term 'purulent', retrying with new ticket...
2025-05-26 22:51:48,970 - WARNING - UMLS API returned status 401 for term 'purulent'
2025-05-26 22:51:51,873 - WARNING - 401 Unauthorized for term 'days', retrying with new ticket...
2025-05-26 22:51:54,638 - WARNING - UMLS API returned status 401 for term 'days'
2025-05-26 22:51:57,608 - WARNING - 401 Unauthorized for term 'nasal congestion', retrying with new ticket...
2025-05-26 22:52:00,475 - WARNING - UMLS API returned status 401 for term 'nasal congestion'
2025-05-26 22:52:03,239 - WARNING - 401 Unauthorized for term 'bilateral', retrying with new ticket...
2025-05-26 22:52:06,107 - WARNING - UMLS API returned status 401 for term 'bilateral'
2025-05-26 22:52:09,077 - WARNING - 401 Unauthorized for term 'assessment', retrying with new ticket...
2025-05-26 22:52:11,943 - WARNING - UMLS API returned status 401 for term 'assessment'
2025-05-26 22:52:14,709 - WARNING - 401 Unauthorized for term 'weeks', retrying with new ticket...
2025-05-26 22:52:17,678 - WARNING - UMLS API returned status 401 for term 'weeks'
2025-05-26 22:52:20,391 - WARNING - 401 Unauthorized for term 'back pain', retrying with new ticket...
2025-05-26 22:52:23,311 - WARNING - UMLS API returned status 401 for term 'back pain'
2025-05-26 22:52:26,073 - WARNING - 401 Unauthorized for term 'patient reports', retrying with new ticket...
2025-05-26 22:52:28,886 - WARNING - UMLS API returned status 401 for term 'patient reports'
2025-05-26 22:52:31,911 - WARNING - 401 Unauthorized for term 'sitting', retrying with new ticket...
2025-05-26 22:52:34,780 - WARNING - UMLS API returned status 401 for term 'sitting'
2025-05-26 22:52:37,646 - WARNING - 401 Unauthorized for term 'obese', retrying with new ticket...
2025-05-26 22:52:40,510 - WARNING - UMLS API returned status 401 for term 'obese'
2025-05-26 22:52:43,278 - WARNING - 401 Unauthorized for term 'pain', retrying with new ticket...
2025-05-26 22:52:45,903 - WARNING - UMLS API returned status 401 for term 'pain'
2025-05-26 22:52:48,705 - WARNING - 401 Unauthorized for term 'stretching', retrying with new ticket...
2025-05-26 22:52:51,470 - WARNING - UMLS API returned status 401 for term 'stretching'
2025-05-26 22:52:54,235 - WARNING - 401 Unauthorized for term 'standing', retrying with new ticket...
2025-05-26 22:52:57,103 - WARNING - UMLS API returned status 401 for term 'standing'
2025-05-26 22:52:59,969 - WARNING - 401 Unauthorized for term 'patient', retrying with new ticket...
2025-05-26 22:53:02,836 - WARNING - UMLS API returned status 401 for term 'patient'
2025-05-26 22:53:05,704 - WARNING - 401 Unauthorized for term 'backpain', retrying with new ticket...
2025-05-26 22:53:08,568 - WARNING - UMLS API returned status 401 for term 'backpain'
2025-05-26 22:53:11,643 - WARNING - 401 Unauthorized for term 'mild headache', retrying with new ticket...
2025-05-26 22:53:14,352 - WARNING - UMLS API returned status 401 for term 'mild headache'
2025-05-26 22:53:17,275 - WARNING - 401 Unauthorized for term 'shortness of breath', retrying with new ticket...
2025-05-26 22:53:20,041 - WARNING - UMLS API returned status 401 for term 'shortness of breath'
2025-05-26 22:53:22,905 - WARNING - 401 Unauthorized for term 'cardiovascular', retrying with new ticket...
2025-05-26 22:53:25,774 - WARNING - UMLS API returned status 401 for term 'cardiovascular'
2025-05-26 22:53:28,641 - WARNING - 401 Unauthorized for term 'chest pain', retrying with new ticket...
2025-05-26 22:53:31,509 - WARNING - UMLS API returned status 401 for term 'chest pain'
2025-05-26 22:53:34,376 - WARNING - 401 Unauthorized for term 'nasal discharge', retrying with new ticket...
2025-05-26 22:53:37,243 - WARNING - UMLS API returned status 401 for term 'nasal discharge'
2025-05-26 22:53:40,011 - WARNING - 401 Unauthorized for term 'no cough', retrying with new ticket...
2025-05-26 22:53:42,875 - WARNING - UMLS API returned status 401 for term 'no cough'
2025-05-26 22:53:45,640 - WARNING - 401 Unauthorized for term 'neurological', retrying with new ticket...
2025-05-26 22:53:48,504 - WARNING - UMLS API returned status 401 for term 'neurological'
2025-05-26 22:53:51,273 - WARNING - 401 Unauthorized for term 'hearing loss', retrying with new ticket...
2025-05-26 22:53:54,139 - WARNING - UMLS API returned status 401 for term 'hearing loss'
2025-05-26 22:53:56,904 - WARNING - 401 Unauthorized for term 'sinus pain', retrying with new ticket...
2025-05-26 22:53:59,669 - WARNING - UMLS API returned status 401 for term 'sinus pain'
2025-05-26 22:54:02,945 - WARNING - 401 Unauthorized for term 'pulmonary', retrying with new ticket...
2025-05-26 22:54:05,710 - WARNING - UMLS API returned status 401 for term 'pulmonary'
2025-05-26 22:54:08,575 - WARNING - 401 Unauthorized for term 'associated with', retrying with new ticket...
2025-05-26 22:54:11,444 - WARNING - UMLS API returned status 401 for term 'associated with'
2025-05-26 22:54:14,107 - WARNING - 401 Unauthorized for term 'low-grade', retrying with new ticket...
2025-05-26 22:54:16,976 - WARNING - UMLS API returned status 401 for term 'low-grade'
2025-05-26 22:54:19,784 - WARNING - 401 Unauthorized for term 'purulent', retrying with new ticket...
2025-05-26 22:54:22,708 - WARNING - UMLS API returned status 401 for term 'purulent'
2025-05-26 22:54:25,474 - WARNING - 401 Unauthorized for term 'palpitations', retrying with new ticket...
2025-05-26 22:54:28,238 - WARNING - UMLS API returned status 401 for term 'palpitations'
2025-05-26 22:54:31,005 - WARNING - 401 Unauthorized for term 'days', retrying with new ticket...
2025-05-26 22:54:33,871 - WARNING - UMLS API returned status 401 for term 'days'
2025-05-26 22:54:36,942 - WARNING - 401 Unauthorized for term 'bacterial sinusitis', retrying with new ticket...
2025-05-26 22:54:39,807 - WARNING - UMLS API returned status 401 for term 'bacterial sinusitis'
2025-05-26 22:54:42,677 - WARNING - 401 Unauthorized for term 'consistent with', retrying with new ticket...
2025-05-26 22:54:45,439 - WARNING - UMLS API returned status 401 for term 'consistent with'
2025-05-26 22:54:48,207 - WARNING - 401 Unauthorized for term 'diarrhea', retrying with new ticket...
2025-05-26 22:54:51,073 - WARNING - UMLS API returned status 401 for term 'diarrhea'
2025-05-26 22:54:53,941 - WARNING - 401 Unauthorized for term 'endocrine', retrying with new ticket...
2025-05-26 22:54:56,747 - WARNING - UMLS API returned status 401 for term 'endocrine'
2025-05-26 22:54:59,676 - WARNING - 401 Unauthorized for term 'lesions', retrying with new ticket...
2025-05-26 22:55:02,542 - WARNING - UMLS API returned status 401 for term 'lesions'
2025-05-26 22:55:05,406 - WARNING - 401 Unauthorized for term 'psychiatric', retrying with new ticket...
2025-05-26 22:55:08,175 - WARNING - UMLS API returned status 401 for term 'psychiatric'
2025-05-26 22:55:11,040 - WARNING - 401 Unauthorized for term 'no joint pain', retrying with new ticket...
2025-05-26 22:55:13,909 - WARNING - UMLS API returned status 401 for term 'no joint pain'
2025-05-26 22:55:16,776 - WARNING - 401 Unauthorized for term 'vision', retrying with new ticket...
2025-05-26 22:55:19,580 - WARNING - UMLS API returned status 401 for term 'vision'
2025-05-26 22:55:22,511 - WARNING - 401 Unauthorized for term 'weight changes', retrying with new ticket...
2025-05-26 22:55:25,379 - WARNING - UMLS API returned status 401 for term 'weight changes'
2025-05-26 22:55:28,245 - WARNING - 401 Unauthorized for term 'acute', retrying with new ticket...
2025-05-26 22:55:31,109 - WARNING - UMLS API returned status 401 for term 'acute'
2025-05-26 22:55:33,979 - WARNING - 401 Unauthorized for term 'dermatologic', retrying with new ticket...
2025-05-26 22:55:36,844 - WARNING - UMLS API returned status 401 for term 'dermatologic'
2025-05-26 22:55:39,713 - WARNING - 401 Unauthorized for term 'urinary changes', retrying with new ticket...
2025-05-26 22:55:42,581 - WARNING - UMLS API returned status 401 for term 'urinary changes'
2025-05-26 22:55:45,756 - WARNING - 401 Unauthorized for term 'bruising', retrying with new ticket...
2025-05-26 22:55:48,315 - WARNING - UMLS API returned status 401 for term 'bruising'
2025-05-26 22:55:51,240 - WARNING - 401 Unauthorized for term 'gastrointestinal', retrying with new ticket...
2025-05-26 22:55:54,049 - WARNING - UMLS API returned status 401 for term 'gastrointestinal'
2025-05-26 22:55:56,917 - WARNING - 401 Unauthorized for term 'symptoms', retrying with new ticket...
2025-05-26 22:55:59,784 - WARNING - UMLS API returned status 401 for term 'symptoms'
2025-05-26 22:56:02,856 - WARNING - 401 Unauthorized for term 'hematologic', retrying with new ticket...
2025-05-26 22:56:05,723 - WARNING - UMLS API returned status 401 for term 'hematologic'
2025-05-26 22:56:08,588 - WARNING - 401 Unauthorized for term 'primary assessment', retrying with new ticket...
2025-05-26 22:56:11,355 - WARNING - UMLS API returned status 401 for term 'primary assessment'
2025-05-26 22:56:14,223 - WARNING - 401 Unauthorized for term 'genitourinary', retrying with new ticket...
2025-05-26 22:56:17,193 - WARNING - UMLS API returned status 401 for term 'genitourinary'
2025-05-26 22:56:19,957 - WARNING - 401 Unauthorized for term 'mood changes', retrying with new ticket...
2025-05-26 22:56:22,823 - WARNING - UMLS API returned status 401 for term 'mood changes'
2025-05-26 22:56:25,691 - WARNING - 401 Unauthorized for term 'no rashes', retrying with new ticket...
2025-05-26 22:56:28,559 - WARNING - UMLS API returned status 401 for term 'no rashes'
2025-05-26 22:56:31,322 - WARNING - 401 Unauthorized for term 'no dizziness', retrying with new ticket...
2025-05-27 06:18:48,061 - WARNING - UMLS API returned status 401 for term 'no dizziness'
2025-05-27 06:18:50,525 - WARNING - 401 Unauthorized for term 'nausea', retrying with new ticket...
2025-05-27 06:18:53,228 - WARNING - UMLS API returned status 401 for term 'nausea'
2025-05-27 06:18:56,095 - WARNING - 401 Unauthorized for term 'bleeding', retrying with new ticket...
2025-05-27 06:18:58,757 - WARNING - UMLS API returned status 401 for term 'bleeding'
2025-05-27 06:19:01,550 - WARNING - 401 Unauthorized for term 'stiffness', retrying with new ticket...
2025-05-27 06:19:04,391 - WARNING - UMLS API returned status 401 for term 'stiffness'
2025-05-27 06:19:07,155 - WARNING - 401 Unauthorized for term 'ophthalmologic', retrying with new ticket...
2025-05-27 06:19:10,021 - WARNING - UMLS API returned status 401 for term 'ophthalmologic'
2025-05-27 06:19:13,014 - WARNING - 401 Unauthorized for term 'headache', retrying with new ticket...
2025-05-27 06:19:15,683 - WARNING - UMLS API returned status 401 for term 'headache'
2025-05-27 06:19:18,213 - WARNING - 401 Unauthorized for term 'acute abnormalities', retrying with new ticket...
2025-05-27 06:19:20,828 - WARNING - UMLS API returned status 401 for term 'acute abnormalities'
2025-05-27 06:19:23,640 - WARNING - 401 Unauthorized for term 'respiratory infection', retrying with new ticket...
2025-05-27 06:19:26,410 - WARNING - UMLS API returned status 401 for term 'respiratory infection'
2025-05-27 06:19:29,069 - WARNING - 401 Unauthorized for term 'viral sinusitis', retrying with new ticket...
2025-05-27 06:19:31,933 - WARNING - UMLS API returned status 401 for term 'viral sinusitis'
2025-05-27 06:19:34,549 - WARNING - 401 Unauthorized for term 'secondary to', retrying with new ticket...
2025-05-27 06:19:37,464 - WARNING - UMLS API returned status 401 for term 'secondary to'
2025-05-27 06:19:40,229 - WARNING - 401 Unauthorized for term 'differential', retrying with new ticket...
2025-05-27 06:19:43,094 - WARNING - UMLS API returned status 401 for term 'differential'
2025-05-27 06:19:45,859 - WARNING - 401 Unauthorized for term 'cardiovascular', retrying with new ticket...
2025-05-27 06:19:48,728 - WARNING - UMLS API returned status 401 for term 'cardiovascular'
2025-05-27 06:19:51,526 - WARNING - 401 Unauthorized for term 'neurological', retrying with new ticket...
2025-05-27 06:19:54,361 - WARNING - UMLS API returned status 401 for term 'neurological'
2025-05-27 06:19:57,227 - WARNING - 401 Unauthorized for term 'hypertension', retrying with new ticket...
2025-05-27 06:19:59,993 - WARNING - UMLS API returned status 401 for term 'hypertension'
2025-05-27 06:20:02,860 - WARNING - 401 Unauthorized for term 'viral upper', retrying with new ticket...
2025-05-27 06:20:05,625 - WARNING - UMLS API returned status 401 for term 'viral upper'
2025-05-27 06:20:08,390 - WARNING - 401 Unauthorized for term 'stable', retrying with new ticket...
2025-05-27 06:20:11,085 - WARNING - UMLS API returned status 401 for term 'stable'
2025-05-27 06:20:13,576 - WARNING - 401 Unauthorized for term 'diabetes', retrying with new ticket...
2025-05-27 06:20:16,169 - WARNING - UMLS API returned status 401 for term 'diabetes'
2025-05-27 06:20:18,831 - WARNING - 401 Unauthorized for term 'allergic rhinitis', retrying with new ticket...
2025-05-27 06:20:21,495 - WARNING - UMLS API returned status 401 for term 'allergic rhinitis'
2025-05-27 06:20:24,055 - WARNING - 401 Unauthorized for term 'pulmonary', retrying with new ticket...
2025-05-27 06:20:26,718 - WARNING - UMLS API returned status 401 for term 'pulmonary'
2025-05-27 06:20:29,483 - WARNING - 401 Unauthorized for term 'endocrine', retrying with new ticket...
2025-05-27 06:20:32,348 - WARNING - UMLS API returned status 401 for term 'endocrine'
2025-05-27 06:20:35,116 - WARNING - 401 Unauthorized for term 'sinusitis', retrying with new ticket...
2025-05-27 06:20:37,983 - WARNING - UMLS API returned status 401 for term 'sinusitis'
2025-05-27 06:22:17,252 - ERROR - Failed to initialize NLP pipeline: [E893] Could not find function 'replace_tokenizer' in function registry 'callbacks'. If you're using a custom function, make sure the code is available. If the function is provided by a third-party package, e.g. spacy-transformers, make sure the package is installed in your environment.

Available names: spacy.copy_from_base_model.v1, spacy.models_and_pipes_with_nvtx_range.v1, spacy.models_with_nvtx_range.v1
2025-05-27 06:22:18,172 - WARNING - Using fallback spacy pipeline without parser, ner, or linker
2025-05-27 06:22:18,854 - WARNING - Failed to reconfigure tokenizer from config: 'spacy.tokenizer.Tokenizer' object has no attribute 'from_config'
2025-05-27 06:22:21,651 - WARNING - 401 Unauthorized for term 'fevers', retrying with new ticket...
2025-05-27 06:22:24,479 - WARNING - UMLS API returned status 401 for term 'fevers'
2025-05-27 06:22:27,142 - WARNING - 401 Unauthorized for term 'headache', retrying with new ticket...
2025-05-27 06:22:30,011 - WARNING - UMLS API returned status 401 for term 'headache'
2025-05-27 06:22:32,876 - WARNING - 401 Unauthorized for term 'chills', retrying with new ticket...
2025-05-27 06:22:35,745 - WARNING - UMLS API returned status 401 for term 'chills'
2025-05-27 06:22:38,616 - WARNING - 401 Unauthorized for term 'patient complains', retrying with new ticket...
2025-05-27 06:22:41,375 - WARNING - UMLS API returned status 401 for term 'patient complains'
2025-05-27 06:22:44,048 - WARNING - 401 Unauthorized for term 'associated with', retrying with new ticket...
2025-05-27 06:22:47,012 - WARNING - UMLS API returned status 401 for term 'associated with'
2025-05-27 06:22:49,894 - WARNING - 401 Unauthorized for term 'days', retrying with new ticket...
2025-05-27 06:22:52,741 - WARNING - UMLS API returned status 401 for term 'days'
2025-05-27 06:22:55,711 - WARNING - 401 Unauthorized for term 'foods', retrying with new ticket...
2025-05-27 06:22:58,476 - WARNING - UMLS API returned status 401 for term 'foods'
2025-05-27 06:23:01,345 - WARNING - 401 Unauthorized for term 'jaundice', retrying with new ticket...
2025-05-27 06:23:04,108 - WARNING - UMLS API returned status 401 for term 'jaundice'
2025-05-27 06:23:06,976 - WARNING - 401 Unauthorized for term 'fats', retrying with new ticket...
2025-05-27 06:23:09,843 - WARNING - UMLS API returned status 401 for term 'fats'
2025-05-27 06:23:12,608 - WARNING - 401 Unauthorized for term 'strong', retrying with new ticket...
2025-05-27 06:23:15,416 - WARNING - UMLS API returned status 401 for term 'strong'
2025-05-27 06:23:18,343 - WARNING - 401 Unauthorized for term 'vomiting', retrying with new ticket...
2025-05-27 06:23:21,108 - WARNING - UMLS API returned status 401 for term 'vomiting'
2025-05-27 06:23:23,873 - WARNING - 401 Unauthorized for term 'loss of appetite', retrying with new ticket...
2025-05-27 06:23:26,838 - WARNING - UMLS API returned status 401 for term 'loss of appetite'
2025-05-27 06:23:29,607 - WARNING - 401 Unauthorized for term 'nausea', retrying with new ticket...
2025-05-27 06:23:32,471 - WARNING - UMLS API returned status 401 for term 'nausea'
2025-05-27 06:23:35,341 - WARNING - 401 Unauthorized for term 'patient', retrying with new ticket...
2025-05-27 06:23:38,208 - WARNING - UMLS API returned status 401 for term 'patient'
2025-05-27 06:23:41,075 - WARNING - 401 Unauthorized for term 'worse', retrying with new ticket...
2025-05-27 06:23:43,942 - WARNING - UMLS API returned status 401 for term 'worse'
2025-05-27 06:23:46,707 - WARNING - 401 Unauthorized for term 'eyes', retrying with new ticket...
2025-05-27 06:23:50,393 - WARNING - UMLS API returned status 401 for term 'eyes'
2025-05-27 06:23:53,159 - WARNING - 401 Unauthorized for term 'licking', retrying with new ticket...
2025-05-27 06:23:55,854 - WARNING - UMLS API returned status 401 for term 'licking'
2025-05-27 06:23:58,687 - WARNING - 401 Unauthorized for term 'tea', retrying with new ticket...
2025-05-27 06:24:01,556 - WARNING - UMLS API returned status 401 for term 'tea'
2025-05-27 06:24:04,422 - WARNING - 401 Unauthorized for term 'facial pain', retrying with new ticket...
2025-05-27 06:24:07,289 - WARNING - UMLS API returned status 401 for term 'facial pain'
2025-05-27 06:24:10,156 - WARNING - 401 Unauthorized for term 'patient', retrying with new ticket...
2025-05-27 06:24:13,022 - WARNING - UMLS API returned status 401 for term 'patient'
2025-05-27 06:24:15,892 - WARNING - 401 Unauthorized for term 'fever', retrying with new ticket...
2025-05-27 06:24:18,582 - WARNING - UMLS API returned status 401 for term 'fever'
2025-05-27 06:24:21,342 - WARNING - 401 Unauthorized for term 'facial pain', retrying with new ticket...
2025-05-27 06:24:24,185 - WARNING - UMLS API returned status 401 for term 'facial pain'
2025-05-27 06:24:26,951 - WARNING - 401 Unauthorized for term 'maxillary sinuses', retrying with new ticket...
2025-05-27 06:24:29,511 - WARNING - UMLS API returned status 401 for term 'maxillary sinuses'
2025-05-27 06:24:32,376 - WARNING - 401 Unauthorized for term 'reports', retrying with new ticket...
2025-05-27 06:24:34,813 - WARNING - UMLS API returned status 401 for term 'reports'
2025-05-27 06:24:37,568 - WARNING - 401 Unauthorized for term 'nasal discharge', retrying with new ticket...
2025-05-27 06:24:40,467 - WARNING - UMLS API returned status 401 for term 'nasal discharge'
2025-05-27 06:24:43,232 - WARNING - 401 Unauthorized for term 'purulent', retrying with new ticket...
2025-05-27 06:24:45,892 - WARNING - UMLS API returned status 401 for term 'purulent'
2025-05-27 06:24:48,980 - WARNING - 401 Unauthorized for term 'days', retrying with new ticket...
2025-05-27 06:24:51,731 - WARNING - UMLS API returned status 401 for term 'days'
2025-05-27 06:24:54,637 - WARNING - 401 Unauthorized for term 'nasal congestion', retrying with new ticket...
2025-05-27 06:24:57,466 - WARNING - UMLS API returned status 401 for term 'nasal congestion'
2025-05-27 06:25:00,333 - WARNING - 401 Unauthorized for term 'bilateral', retrying with new ticket...
2025-05-27 06:25:03,200 - WARNING - UMLS API returned status 401 for term 'bilateral'
2025-05-27 06:25:06,068 - WARNING - 401 Unauthorized for term 'assessment', retrying with new ticket...
2025-05-27 06:25:08,934 - WARNING - UMLS API returned status 401 for term 'assessment'
2025-05-27 06:25:11,699 - WARNING - 401 Unauthorized for term 'weeks', retrying with new ticket...
2025-05-27 06:25:14,466 - WARNING - UMLS API returned status 401 for term 'weeks'
2025-05-27 06:25:17,229 - WARNING - 401 Unauthorized for term 'back pain', retrying with new ticket...
2025-05-27 06:25:19,891 - WARNING - UMLS API returned status 401 for term 'back pain'
2025-05-27 06:25:22,759 - WARNING - 401 Unauthorized for term 'patient reports', retrying with new ticket...
2025-05-27 06:25:25,623 - WARNING - UMLS API returned status 401 for term 'patient reports'
2025-05-27 06:25:28,493 - WARNING - 401 Unauthorized for term 'sitting', retrying with new ticket...
2025-05-27 06:25:31,360 - WARNING - UMLS API returned status 401 for term 'sitting'
2025-05-27 06:25:34,228 - WARNING - 401 Unauthorized for term 'obese', retrying with new ticket...
2025-05-27 06:25:37,094 - WARNING - UMLS API returned status 401 for term 'obese'
2025-05-27 06:25:40,064 - WARNING - 401 Unauthorized for term 'pain', retrying with new ticket...
2025-05-27 06:25:43,034 - WARNING - UMLS API returned status 401 for term 'pain'
2025-05-27 06:25:45,901 - WARNING - 401 Unauthorized for term 'stretching', retrying with new ticket...
2025-05-27 06:25:48,665 - WARNING - UMLS API returned status 401 for term 'stretching'
2025-05-27 06:25:51,428 - WARNING - 401 Unauthorized for term 'standing', retrying with new ticket...
2025-05-27 06:25:54,298 - WARNING - UMLS API returned status 401 for term 'standing'
2025-05-27 06:25:56,992 - WARNING - 401 Unauthorized for term 'patient', retrying with new ticket...
2025-05-27 06:25:59,725 - WARNING - UMLS API returned status 401 for term 'patient'
2025-05-27 06:26:02,592 - WARNING - 401 Unauthorized for term 'backpain', retrying with new ticket...
2025-05-27 06:26:05,357 - WARNING - UMLS API returned status 401 for term 'backpain'
2025-05-27 06:26:08,326 - WARNING - 401 Unauthorized for term 'mild headache', retrying with new ticket...
2025-05-27 06:26:11,193 - WARNING - UMLS API returned status 401 for term 'mild headache'
2025-05-27 06:26:14,061 - WARNING - 401 Unauthorized for term 'shortness of breath', retrying with new ticket...
2025-05-27 06:26:16,925 - WARNING - UMLS API returned status 401 for term 'shortness of breath'
2025-05-27 06:26:19,429 - WARNING - 401 Unauthorized for term 'cardiovascular', retrying with new ticket...
2025-05-27 06:26:22,253 - WARNING - UMLS API returned status 401 for term 'cardiovascular'
2025-05-27 06:26:25,120 - WARNING - 401 Unauthorized for term 'chest pain', retrying with new ticket...
2025-05-27 06:26:27,988 - WARNING - UMLS API returned status 401 for term 'chest pain'
2025-05-27 06:26:30,855 - WARNING - 401 Unauthorized for term 'nasal discharge', retrying with new ticket...
2025-05-27 06:26:33,722 - WARNING - UMLS API returned status 401 for term 'nasal discharge'
2025-05-27 06:26:36,590 - WARNING - 401 Unauthorized for term 'no cough', retrying with new ticket...
2025-05-27 06:26:39,457 - WARNING - UMLS API returned status 401 for term 'no cough'
2025-05-27 06:26:42,323 - WARNING - 401 Unauthorized for term 'neurological', retrying with new ticket...
2025-05-27 06:26:45,088 - WARNING - UMLS API returned status 401 for term 'neurological'
2025-05-27 06:26:47,877 - WARNING - 401 Unauthorized for term 'hearing loss', retrying with new ticket...
2025-05-27 06:26:50,618 - WARNING - UMLS API returned status 401 for term 'hearing loss'
2025-05-27 06:26:53,393 - WARNING - 401 Unauthorized for term 'sinus pain', retrying with new ticket...
2025-05-27 06:26:56,250 - WARNING - UMLS API returned status 401 for term 'sinus pain'
2025-05-27 06:26:59,017 - WARNING - 401 Unauthorized for term 'pulmonary', retrying with new ticket...
2025-05-27 06:27:01,984 - WARNING - UMLS API returned status 401 for term 'pulmonary'
2025-05-27 06:27:04,851 - WARNING - 401 Unauthorized for term 'associated with', retrying with new ticket...
2025-05-27 06:27:07,719 - WARNING - UMLS API returned status 401 for term 'associated with'
2025-05-27 06:27:10,279 - WARNING - 401 Unauthorized for term 'low-grade', retrying with new ticket...
2025-05-27 06:27:13,147 - WARNING - UMLS API returned status 401 for term 'low-grade'
2025-05-27 06:27:16,015 - WARNING - 401 Unauthorized for term 'purulent', retrying with new ticket...
2025-05-27 06:27:18,776 - WARNING - UMLS API returned status 401 for term 'purulent'
2025-05-27 06:27:21,645 - WARNING - 401 Unauthorized for term 'palpitations', retrying with new ticket...
2025-05-27 06:27:24,512 - WARNING - UMLS API returned status 401 for term 'palpitations'
2025-05-27 06:27:27,277 - WARNING - 401 Unauthorized for term 'days', retrying with new ticket...
2025-05-27 06:27:30,042 - WARNING - UMLS API returned status 401 for term 'days'
2025-05-27 06:27:33,217 - WARNING - 401 Unauthorized for term 'bacterial sinusitis', retrying with new ticket...
2025-05-27 06:27:35,981 - WARNING - UMLS API returned status 401 for term 'bacterial sinusitis'
2025-05-27 06:27:38,848 - WARNING - 401 Unauthorized for term 'consistent with', retrying with new ticket...
2025-05-27 06:27:41,716 - WARNING - UMLS API returned status 401 for term 'consistent with'
2025-05-27 06:27:44,584 - WARNING - 401 Unauthorized for term 'diarrhea', retrying with new ticket...
2025-05-27 06:27:47,447 - WARNING - UMLS API returned status 401 for term 'diarrhea'
2025-05-27 06:27:50,245 - WARNING - 401 Unauthorized for term 'endocrine', retrying with new ticket...
2025-05-27 06:27:53,185 - WARNING - UMLS API returned status 401 for term 'endocrine'
2025-05-27 06:27:56,156 - WARNING - 401 Unauthorized for term 'lesions', retrying with new ticket...
2025-05-27 06:27:59,226 - WARNING - UMLS API returned status 401 for term 'lesions'
2025-05-27 06:28:01,991 - WARNING - 401 Unauthorized for term 'psychiatric', retrying with new ticket...
2025-05-27 06:28:04,859 - WARNING - UMLS API returned status 401 for term 'psychiatric'
2025-05-27 06:28:06,292 - WARNING - TGT expired. Resetting.
2025-05-27 06:28:09,568 - WARNING - 401 Unauthorized for term 'no joint pain', retrying with new ticket...
2025-05-27 06:28:12,334 - WARNING - UMLS API returned status 401 for term 'no joint pain'
2025-05-27 06:28:15,198 - WARNING - 401 Unauthorized for term 'vision', retrying with new ticket...
2025-05-27 06:28:18,068 - WARNING - UMLS API returned status 401 for term 'vision'
2025-05-27 06:28:20,833 - WARNING - 401 Unauthorized for term 'weight changes', retrying with new ticket...
2025-05-27 06:28:23,700 - WARNING - UMLS API returned status 401 for term 'weight changes'
2025-05-27 06:28:26,569 - WARNING - 401 Unauthorized for term 'acute', retrying with new ticket...
2025-05-27 06:28:29,432 - WARNING - UMLS API returned status 401 for term 'acute'
2025-05-27 06:28:32,301 - WARNING - 401 Unauthorized for term 'dermatologic', retrying with new ticket...
2025-05-27 06:28:35,169 - WARNING - UMLS API returned status 401 for term 'dermatologic'
2025-05-27 06:28:38,036 - WARNING - 401 Unauthorized for term 'urinary changes', retrying with new ticket...
2025-05-27 06:28:40,699 - WARNING - UMLS API returned status 401 for term 'urinary changes'
2025-05-27 06:28:43,567 - WARNING - 401 Unauthorized for term 'bruising', retrying with new ticket...
2025-05-27 06:28:46,433 - WARNING - UMLS API returned status 401 for term 'bruising'
2025-05-27 06:28:49,300 - WARNING - 401 Unauthorized for term 'gastrointestinal', retrying with new ticket...
2025-05-27 06:28:52,167 - WARNING - UMLS API returned status 401 for term 'gastrointestinal'
2025-05-27 06:28:54,830 - WARNING - 401 Unauthorized for term 'symptoms', retrying with new ticket...
2025-05-27 06:28:57,594 - WARNING - UMLS API returned status 401 for term 'symptoms'
2025-05-27 06:29:00,666 - WARNING - 401 Unauthorized for term 'hematologic', retrying with new ticket...
2025-05-27 06:29:03,432 - WARNING - UMLS API returned status 401 for term 'hematologic'
2025-05-27 06:29:06,298 - WARNING - 401 Unauthorized for term 'primary assessment', retrying with new ticket...
2025-05-27 06:29:09,191 - WARNING - UMLS API returned status 401 for term 'primary assessment'
2025-05-27 06:29:12,035 - WARNING - 401 Unauthorized for term 'genitourinary', retrying with new ticket...
2025-05-27 06:29:14,901 - WARNING - UMLS API returned status 401 for term 'genitourinary'
2025-05-27 06:29:17,768 - WARNING - 401 Unauthorized for term 'mood changes', retrying with new ticket...
2025-05-27 06:29:20,532 - WARNING - UMLS API returned status 401 for term 'mood changes'
2025-05-27 06:29:23,297 - WARNING - 401 Unauthorized for term 'no rashes', retrying with new ticket...
2025-05-27 06:29:26,164 - WARNING - UMLS API returned status 401 for term 'no rashes'
2025-05-27 06:29:29,032 - WARNING - 401 Unauthorized for term 'no dizziness', retrying with new ticket...
2025-05-27 06:29:31,899 - WARNING - UMLS API returned status 401 for term 'no dizziness'
2025-05-27 06:29:34,766 - WARNING - 401 Unauthorized for term 'nausea', retrying with new ticket...
2025-05-27 06:29:37,631 - WARNING - UMLS API returned status 401 for term 'nausea'
2025-05-27 06:29:40,500 - WARNING - 401 Unauthorized for term 'bleeding', retrying with new ticket...
2025-05-27 06:29:43,368 - WARNING - UMLS API returned status 401 for term 'bleeding'
2025-05-27 06:29:46,059 - WARNING - 401 Unauthorized for term 'stiffness', retrying with new ticket...
2025-05-27 06:29:48,899 - WARNING - UMLS API returned status 401 for term 'stiffness'
2025-05-27 06:29:51,764 - WARNING - 401 Unauthorized for term 'ophthalmologic', retrying with new ticket...
2025-05-27 06:29:54,553 - WARNING - UMLS API returned status 401 for term 'ophthalmologic'
2025-05-27 06:29:57,499 - WARNING - 401 Unauthorized for term 'headache', retrying with new ticket...
2025-05-27 06:30:00,264 - WARNING - UMLS API returned status 401 for term 'headache'
2025-05-27 06:30:03,025 - WARNING - 401 Unauthorized for term 'acute abnormalities', retrying with new ticket...
2025-05-27 06:30:05,896 - WARNING - UMLS API returned status 401 for term 'acute abnormalities'
2025-05-27 06:30:08,764 - WARNING - 401 Unauthorized for term 'respiratory infection', retrying with new ticket...
2025-05-27 06:30:11,630 - WARNING - UMLS API returned status 401 for term 'respiratory infection'
2025-05-27 06:30:14,497 - WARNING - 401 Unauthorized for term 'viral sinusitis', retrying with new ticket...
2025-05-27 06:30:17,365 - WARNING - UMLS API returned status 401 for term 'viral sinusitis'
2025-05-27 06:30:20,129 - WARNING - 401 Unauthorized for term 'secondary to', retrying with new ticket...
2025-05-27 06:30:22,921 - WARNING - UMLS API returned status 401 for term 'secondary to'
2025-05-27 06:30:25,762 - WARNING - 401 Unauthorized for term 'differential', retrying with new ticket...
2025-05-27 06:30:28,625 - WARNING - UMLS API returned status 401 for term 'differential'
2025-05-27 06:30:31,803 - WARNING - 401 Unauthorized for term 'cardiovascular', retrying with new ticket...
2025-05-27 06:30:34,463 - WARNING - UMLS API returned status 401 for term 'cardiovascular'
2025-05-27 06:30:37,250 - WARNING - 401 Unauthorized for term 'neurological', retrying with new ticket...
2025-05-27 06:30:40,097 - WARNING - UMLS API returned status 401 for term 'neurological'
2025-05-27 06:30:42,965 - WARNING - 401 Unauthorized for term 'hypertension', retrying with new ticket...
2025-05-27 06:30:45,833 - WARNING - UMLS API returned status 401 for term 'hypertension'
2025-05-27 06:30:48,700 - WARNING - 401 Unauthorized for term 'viral upper', retrying with new ticket...
2025-05-27 06:30:51,464 - WARNING - UMLS API returned status 401 for term 'viral upper'
2025-05-27 06:30:54,431 - WARNING - 401 Unauthorized for term 'stable', retrying with new ticket...
2025-05-27 06:30:57,300 - WARNING - UMLS API returned status 401 for term 'stable'
2025-05-27 06:31:00,168 - WARNING - 401 Unauthorized for term 'diabetes', retrying with new ticket...
2025-05-27 06:31:03,147 - WARNING - UMLS API returned status 401 for term 'diabetes'
2025-05-27 06:31:05,902 - WARNING - 401 Unauthorized for term 'allergic rhinitis', retrying with new ticket...
2025-05-27 06:31:08,769 - WARNING - UMLS API returned status 401 for term 'allergic rhinitis'
2025-05-27 06:31:11,637 - WARNING - 401 Unauthorized for term 'pulmonary', retrying with new ticket...
2025-05-27 06:31:14,504 - WARNING - UMLS API returned status 401 for term 'pulmonary'
2025-05-27 06:31:17,371 - WARNING - 401 Unauthorized for term 'endocrine', retrying with new ticket...
2025-05-27 06:31:20,339 - WARNING - UMLS API returned status 401 for term 'endocrine'
2025-05-27 06:31:23,413 - WARNING - 401 Unauthorized for term 'sinusitis', retrying with new ticket...
2025-05-27 06:31:26,073 - WARNING - UMLS API returned status 401 for term 'sinusitis'
2025-05-27 06:33:01,753 - ERROR - Failed to initialize NLP pipeline: [E893] Could not find function 'replace_tokenizer' in function registry 'callbacks'. If you're using a custom function, make sure the code is available. If the function is provided by a third-party package, e.g. spacy-transformers, make sure the package is installed in your environment.

Available names: spacy.copy_from_base_model.v1, spacy.models_and_pipes_with_nvtx_range.v1, spacy.models_with_nvtx_range.v1
2025-05-27 06:33:03,452 - WARNING - Using fallback spacy pipeline without parser, ner, or linker
2025-05-27 06:33:03,453 - ERROR - Failed to add symptom rules: "[E001] No component 'medspacy_target_matcher' found in pipeline. Available names: ['sentencizer', 'tok2vec', 'tagger', 'attribute_ruler', 'lemmatizer', 'parser', 'ner']"
2025-05-27 06:33:03,523 - WARNING - No category mapping found for 'mood changes ophthalmologic no vision changes primary assessment symptoms consistent acute bacterial sinusitis likely secondary to recent viral upper respiratory infection differential includes viral sinusitis'. Defaulting to 'general'.
2025-05-27 06:33:03,532 - WARNING - No category mapping found for 'acute abnormalities in pulmonary musculoskeletal gi gu hematologic dermatologic psychiatric'. Defaulting to 'general'.
2025-05-27 06:33:03,538 - WARNING - Missing symptoms: ['patient presents with facial pain, nasal congestion, and fever for 10 days. reports purulent nasal discharge.']. Initiating knowledge base update.
2025-05-27 06:33:03,538 - ERROR - Error extracting features for note ID 1: 'KnowledgeBaseUpdater' object has no attribute 'is_new_symptom'
2025-05-27 06:33:03,568 - ERROR - Failed to create MongoDB indexes: An existing index has the same name as the requested index. When index names are not specified, they are auto generated and can cause conflicts. Please refer to our documentation. Requested index: { v: 2, unique: true, key: { term: 1 }, name: "term_1" }, existing index: { v: 2, key: { term: 1 }, name: "term_1" }, full error: {'ok': 0.0, 'errmsg': 'An existing index has the same name as the requested index. When index names are not specified, they are auto generated and can cause conflicts. Please refer to our documentation. Requested index: { v: 2, unique: true, key: { term: 1 }, name: "term_1" }, existing index: { v: 2, key: { term: 1 }, name: "term_1" }', 'code': 86, 'codeName': 'IndexKeySpecsConflict'}
2025-05-27 06:33:03,599 - ERROR - Failed to create MongoDB indexes: An existing index has the same name as the requested index. When index names are not specified, they are auto generated and can cause conflicts. Please refer to our documentation. Requested index: { v: 2, unique: true, key: { term: 1 }, name: "term_1" }, existing index: { v: 2, key: { term: 1 }, name: "term_1" }, full error: {'ok': 0.0, 'errmsg': 'An existing index has the same name as the requested index. When index names are not specified, they are auto generated and can cause conflicts. Please refer to our documentation. Requested index: { v: 2, unique: true, key: { term: 1 }, name: "term_1" }, existing index: { v: 2, key: { term: 1 }, name: "term_1" }', 'code': 86, 'codeName': 'IndexKeySpecsConflict'}
2025-05-27 06:33:04,469 - WARNING - Failed to reconfigure tokenizer from config: 'spacy.tokenizer.Tokenizer' object has no attribute 'from_config'
2025-05-27 06:33:07,346 - WARNING - 401 Unauthorized for term 'fevers', retrying with new ticket...
2025-05-27 06:33:10,049 - WARNING - UMLS API returned status 401 for term 'fevers'
2025-05-27 06:33:12,993 - WARNING - 401 Unauthorized for term 'headache', retrying with new ticket...
2025-05-27 06:33:15,644 - WARNING - UMLS API returned status 401 for term 'headache'
2025-05-27 06:33:18,239 - WARNING - 401 Unauthorized for term 'chills', retrying with new ticket...
2025-05-27 06:33:20,603 - WARNING - UMLS API returned status 401 for term 'chills'
2025-05-27 06:33:23,376 - WARNING - 401 Unauthorized for term 'patient complains', retrying with new ticket...
2025-05-27 06:33:26,099 - WARNING - UMLS API returned status 401 for term 'patient complains'
2025-05-27 06:33:28,650 - WARNING - 401 Unauthorized for term 'associated with', retrying with new ticket...
2025-05-27 06:33:31,106 - WARNING - UMLS API returned status 401 for term 'associated with'
2025-05-27 06:33:33,871 - WARNING - 401 Unauthorized for term 'days', retrying with new ticket...
2025-05-27 06:33:36,855 - WARNING - UMLS API returned status 401 for term 'days'
2025-05-27 06:33:39,811 - WARNING - 401 Unauthorized for term 'foods', retrying with new ticket...
2025-05-27 06:33:42,677 - WARNING - UMLS API returned status 401 for term 'foods'
2025-05-27 06:34:29,955 - WARNING - Diagnosis relevance weights for facial pain|nasal congestion|sinusitis|sinus pain|purulent nasal discharge do not sum to 1.0: 0
2025-05-27 06:34:29,956 - WARNING - Diagnosis relevance weights for cough do not sum to 1.0: 0
2025-05-27 06:34:29,956 - WARNING - Diagnosis relevance weights for headache|photophobia do not sum to 1.0: 0
2025-05-27 06:34:29,956 - WARNING - Diagnosis relevance weights for chest pain|shortness of breath|chest tightness do not sum to 1.0: 0
2025-05-27 06:34:29,957 - WARNING - Diagnosis relevance weights for epigastric pain|nausea do not sum to 1.0: 0
2025-05-27 06:34:29,957 - WARNING - Diagnosis relevance weights for knee pain|swelling do not sum to 1.0: 0
2025-05-27 06:34:29,958 - WARNING - Diagnosis relevance weights for back pain|lower back pain|backache do not sum to 1.0: 0
2025-05-27 06:34:29,958 - WARNING - Diagnosis relevance weights for fever|chills do not sum to 1.0: 0
2025-05-27 06:34:29,958 - WARNING - Diagnosis relevance weights for fatigue|obesity do not sum to 1.0: 0
2025-05-27 06:34:29,959 - WARNING - Diagnosis angina relevance weights do not sum to 1.0: 0.8
2025-05-27 06:34:30,000 - ERROR - Invalid JSON in /home/mathu/projects/hospital/departments/nlp/knowledge_base/medical_terms.json: Expecting value: line 7 column 12 (char 143). Using default data.
2025-05-27 06:34:30,034 - ERROR - Failed to create MongoDB indexes: An existing index has the same name as the requested index. When index names are not specified, they are auto generated and can cause conflicts. Please refer to our documentation. Requested index: { v: 2, unique: true, key: { term: 1 }, name: "term_1" }, existing index: { v: 2, key: { term: 1 }, name: "term_1" }, full error: {'ok': 0.0, 'errmsg': 'An existing index has the same name as the requested index. When index names are not specified, they are auto generated and can cause conflicts. Please refer to our documentation. Requested index: { v: 2, unique: true, key: { term: 1 }, name: "term_1" }, existing index: { v: 2, key: { term: 1 }, name: "term_1" }', 'code': 86, 'codeName': 'IndexKeySpecsConflict'}
2025-05-27 06:34:30,054 - ERROR - Failed to create MongoDB indexes: An existing index has the same name as the requested index. When index names are not specified, they are auto generated and can cause conflicts. Please refer to our documentation. Requested index: { v: 2, unique: true, key: { term: 1 }, name: "term_1" }, existing index: { v: 2, key: { term: 1 }, name: "term_1" }, full error: {'ok': 0.0, 'errmsg': 'An existing index has the same name as the requested index. When index names are not specified, they are auto generated and can cause conflicts. Please refer to our documentation. Requested index: { v: 2, unique: true, key: { term: 1 }, name: "term_1" }, existing index: { v: 2, key: { term: 1 }, name: "term_1" }', 'code': 86, 'codeName': 'IndexKeySpecsConflict'}
2025-05-27 06:34:30,835 - WARNING - Failed to reconfigure tokenizer from config: 'spacy.tokenizer.Tokenizer' object has no attribute 'from_config'
2025-05-27 06:34:34,290 - WARNING - 401 Unauthorized for term 'fevers', retrying with new ticket...
2025-05-27 06:34:36,025 - WARNING - 401 Unauthorized for term 'fevers', retrying with new ticket...
2025-05-27 06:34:36,026 - WARNING - Skipping non-clinical or blocked term: 'days'
2025-05-27 06:34:36,026 - WARNING - Skipping non-clinical or blocked term: 'chills'
2025-05-27 06:34:38,790 - WARNING - 401 Unauthorized for term 'associated with', retrying with new ticket...
2025-05-27 06:34:40,430 - WARNING - 401 Unauthorized for term 'associated with', retrying with new ticket...
2025-05-27 06:34:43,194 - WARNING - 401 Unauthorized for term 'headache', retrying with new ticket...
2025-05-27 06:34:44,969 - WARNING - 401 Unauthorized for term 'headache', retrying with new ticket...
2025-05-27 06:34:47,597 - WARNING - 401 Unauthorized for term 'patient complains', retrying with new ticket...
2025-05-27 06:34:49,205 - WARNING - 401 Unauthorized for term 'patient complains', retrying with new ticket...
2025-05-27 06:34:52,028 - WARNING - 401 Unauthorized for term 'fats', retrying with new ticket...
2025-05-27 06:34:53,843 - WARNING - 401 Unauthorized for term 'fats', retrying with new ticket...
2025-05-27 06:34:56,559 - WARNING - 401 Unauthorized for term 'nausea', retrying with new ticket...
2025-05-27 06:34:58,274 - WARNING - 401 Unauthorized for term 'nausea', retrying with new ticket...
2025-05-27 06:35:01,010 - WARNING - 401 Unauthorized for term 'worse', retrying with new ticket...
2025-05-27 06:35:02,605 - WARNING - 401 Unauthorized for term 'worse', retrying with new ticket...
2025-05-27 06:35:05,130 - WARNING - 401 Unauthorized for term 'tea', retrying with new ticket...
2025-05-27 06:35:06,952 - WARNING - 401 Unauthorized for term 'tea', retrying with new ticket...
2025-05-27 06:35:09,820 - WARNING - 401 Unauthorized for term 'eyes', retrying with new ticket...
2025-05-27 06:35:11,663 - WARNING - 401 Unauthorized for term 'eyes', retrying with new ticket...
2025-05-27 06:35:14,530 - WARNING - 401 Unauthorized for term 'loss of appetite', retrying with new ticket...
2025-05-27 06:35:16,374 - WARNING - 401 Unauthorized for term 'loss of appetite', retrying with new ticket...
2025-05-27 06:35:19,168 - WARNING - 401 Unauthorized for term 'vomiting', retrying with new ticket...
2025-05-27 06:35:20,981 - WARNING - 401 Unauthorized for term 'vomiting', retrying with new ticket...
2025-05-27 06:35:23,849 - WARNING - 401 Unauthorized for term 'jaundice', retrying with new ticket...
2025-05-27 06:35:25,692 - WARNING - 401 Unauthorized for term 'jaundice', retrying with new ticket...
2025-05-27 06:35:28,456 - WARNING - 401 Unauthorized for term 'foods', retrying with new ticket...
2025-05-27 06:35:30,302 - WARNING - 401 Unauthorized for term 'foods', retrying with new ticket...
2025-05-27 06:35:33,066 - WARNING - 401 Unauthorized for term 'strong', retrying with new ticket...
2025-05-27 06:35:34,908 - WARNING - 401 Unauthorized for term 'strong', retrying with new ticket...
2025-05-27 06:35:37,674 - WARNING - 401 Unauthorized for term 'licking', retrying with new ticket...
2025-05-27 06:35:39,516 - WARNING - 401 Unauthorized for term 'licking', retrying with new ticket...
2025-05-27 06:35:42,384 - WARNING - 401 Unauthorized for term 'patient', retrying with new ticket...
2025-05-27 06:35:44,226 - WARNING - 401 Unauthorized for term 'patient', retrying with new ticket...
2025-05-27 06:35:47,216 - WARNING - 401 Unauthorized for term 'facial pain', retrying with new ticket...
2025-05-27 06:35:49,042 - WARNING - 401 Unauthorized for term 'facial pain', retrying with new ticket...
2025-05-27 06:35:49,181 - WARNING - Skipping non-clinical or blocked term: 'days'
2025-05-27 06:35:52,011 - WARNING - 401 Unauthorized for term 'purulent', retrying with new ticket...
2025-05-27 06:35:53,852 - WARNING - 401 Unauthorized for term 'purulent', retrying with new ticket...
2025-05-27 06:35:56,718 - WARNING - 401 Unauthorized for term 'nasal discharge', retrying with new ticket...
2025-05-27 06:35:58,254 - WARNING - 401 Unauthorized for term 'nasal discharge', retrying with new ticket...
2025-05-27 06:36:01,152 - WARNING - 401 Unauthorized for term 'reports', retrying with new ticket...
2025-05-27 06:36:02,741 - WARNING - 401 Unauthorized for term 'reports', retrying with new ticket...
2025-05-27 06:36:05,582 - WARNING - 401 Unauthorized for term 'fever', retrying with new ticket...
2025-05-27 06:36:07,469 - WARNING - 401 Unauthorized for term 'fever', retrying with new ticket...
2025-05-27 06:36:10,336 - WARNING - 401 Unauthorized for term 'maxillary sinuses', retrying with new ticket...
2025-05-27 06:36:12,079 - WARNING - 401 Unauthorized for term 'maxillary sinuses', retrying with new ticket...
2025-05-27 06:36:15,050 - WARNING - 401 Unauthorized for term 'nasal congestion', retrying with new ticket...
2025-05-27 06:36:16,890 - WARNING - 401 Unauthorized for term 'nasal congestion', retrying with new ticket...
2025-05-27 06:36:19,483 - WARNING - 401 Unauthorized for term 'bilateral', retrying with new ticket...
2025-05-27 06:36:21,325 - WARNING - 401 Unauthorized for term 'bilateral', retrying with new ticket...
2025-05-27 06:36:24,367 - WARNING - 401 Unauthorized for term 'weeks', retrying with new ticket...
2025-05-27 06:36:25,950 - WARNING - 401 Unauthorized for term 'weeks', retrying with new ticket...
2025-05-27 06:36:28,622 - WARNING - 401 Unauthorized for term 'back pain', retrying with new ticket...
2025-05-27 06:36:30,512 - WARNING - 401 Unauthorized for term 'back pain', retrying with new ticket...
2025-05-27 06:36:33,383 - WARNING - 401 Unauthorized for term 'patient reports', retrying with new ticket...
2025-05-27 06:36:35,222 - WARNING - 401 Unauthorized for term 'patient reports', retrying with new ticket...
2025-05-27 06:36:38,089 - WARNING - 401 Unauthorized for term 'assessment', retrying with new ticket...
2025-05-27 06:36:40,035 - WARNING - 401 Unauthorized for term 'assessment', retrying with new ticket...
2025-05-27 06:36:43,104 - WARNING - 401 Unauthorized for term 'stretching', retrying with new ticket...
2025-05-27 06:36:44,951 - WARNING - 401 Unauthorized for term 'stretching', retrying with new ticket...
2025-05-27 06:36:47,817 - WARNING - 401 Unauthorized for term 'pain', retrying with new ticket...
2025-05-27 06:36:49,597 - WARNING - 401 Unauthorized for term 'pain', retrying with new ticket...
2025-05-27 06:36:52,425 - WARNING - 401 Unauthorized for term 'backpain', retrying with new ticket...
2025-05-27 06:36:54,265 - WARNING - 401 Unauthorized for term 'backpain', retrying with new ticket...
2025-05-27 06:36:57,236 - WARNING - 401 Unauthorized for term 'sitting', retrying with new ticket...
2025-05-27 06:36:59,081 - WARNING - 401 Unauthorized for term 'sitting', retrying with new ticket...
2025-05-27 06:37:01,949 - WARNING - 401 Unauthorized for term 'obese', retrying with new ticket...
2025-05-27 06:37:03,584 - WARNING - 401 Unauthorized for term 'obese', retrying with new ticket...
2025-05-27 06:37:06,247 - WARNING - 401 Unauthorized for term 'standing', retrying with new ticket...
2025-05-27 06:37:08,014 - WARNING - 401 Unauthorized for term 'standing', retrying with new ticket...
2025-05-27 06:37:10,993 - WARNING - 401 Unauthorized for term 'low-grade', retrying with new ticket...
2025-05-27 06:37:12,548 - WARNING - 401 Unauthorized for term 'low-grade', retrying with new ticket...
2025-05-27 06:37:12,548 - WARNING - Skipping non-clinical or blocked term: 'days'
2025-05-27 06:37:15,188 - WARNING - 401 Unauthorized for term 'chest pain', retrying with new ticket...
2025-05-27 06:37:16,835 - WARNING - 401 Unauthorized for term 'chest pain', retrying with new ticket...
2025-05-27 06:37:19,401 - WARNING - 401 Unauthorized for term 'palpitations', retrying with new ticket...
2025-05-27 06:37:21,095 - WARNING - 401 Unauthorized for term 'palpitations', retrying with new ticket...
2025-05-27 06:37:23,758 - WARNING - 401 Unauthorized for term 'mild headache', retrying with new ticket...
2025-05-27 06:37:25,498 - WARNING - 401 Unauthorized for term 'mild headache', retrying with new ticket...
2025-05-27 06:37:28,100 - WARNING - 401 Unauthorized for term 'neurological', retrying with new ticket...
2025-05-27 06:37:29,803 - WARNING - 401 Unauthorized for term 'neurological', retrying with new ticket...
2025-05-27 06:37:32,292 - WARNING - 401 Unauthorized for term 'no cough', retrying with new ticket...
2025-05-27 06:37:33,929 - WARNING - 401 Unauthorized for term 'no cough', retrying with new ticket...
2025-05-27 06:37:36,455 - WARNING - 401 Unauthorized for term 'shortness of breath', retrying with new ticket...
2025-05-27 06:37:38,123 - WARNING - 401 Unauthorized for term 'shortness of breath', retrying with new ticket...
2025-05-27 06:37:40,702 - WARNING - 401 Unauthorized for term 'pulmonary', retrying with new ticket...
2025-05-27 06:37:42,317 - WARNING - 401 Unauthorized for term 'pulmonary', retrying with new ticket...
2025-05-27 06:37:45,058 - WARNING - 401 Unauthorized for term 'sinus pain', retrying with new ticket...
2025-05-27 06:37:47,007 - WARNING - 401 Unauthorized for term 'sinus pain', retrying with new ticket...
2025-05-27 06:37:49,869 - WARNING - 401 Unauthorized for term 'hearing loss', retrying with new ticket...
2025-05-27 06:37:51,817 - WARNING - 401 Unauthorized for term 'hearing loss', retrying with new ticket...
2025-05-27 06:37:54,685 - WARNING - 401 Unauthorized for term 'cardiovascular', retrying with new ticket...
2025-05-27 06:37:56,540 - WARNING - 401 Unauthorized for term 'cardiovascular', retrying with new ticket...
2025-05-27 06:37:56,765 - WARNING - Skipping non-clinical or blocked term: 'psychiatric'
2025-05-27 06:37:59,601 - WARNING - 401 Unauthorized for term 'endocrine', retrying with new ticket...
2025-05-27 06:38:01,443 - WARNING - 401 Unauthorized for term 'endocrine', retrying with new ticket...
2025-05-27 06:38:04,310 - WARNING - 401 Unauthorized for term 'no joint pain', retrying with new ticket...
2025-05-27 06:38:06,153 - WARNING - 401 Unauthorized for term 'no joint pain', retrying with new ticket...
2025-05-27 06:38:09,023 - WARNING - 401 Unauthorized for term 'diarrhea', retrying with new ticket...
2025-05-27 06:38:11,065 - WARNING - 401 Unauthorized for term 'diarrhea', retrying with new ticket...
2025-05-27 06:38:13,937 - WARNING - 401 Unauthorized for term 'mood changes', retrying with new ticket...
2025-05-27 06:38:15,779 - WARNING - 401 Unauthorized for term 'mood changes', retrying with new ticket...
2025-05-27 06:38:18,577 - WARNING - 401 Unauthorized for term 'bruising', retrying with new ticket...
2025-05-27 06:38:20,387 - WARNING - 401 Unauthorized for term 'bruising', retrying with new ticket...
2025-05-27 06:38:23,254 - WARNING - 401 Unauthorized for term 'dermatologic', retrying with new ticket...
2025-05-27 06:38:24,995 - WARNING - 401 Unauthorized for term 'dermatologic', retrying with new ticket...
2025-05-27 06:38:27,863 - WARNING - 401 Unauthorized for term 'urinary changes', retrying with new ticket...
2025-05-27 06:38:29,607 - WARNING - 401 Unauthorized for term 'urinary changes', retrying with new ticket...
2025-05-27 06:38:32,367 - WARNING - 401 Unauthorized for term 'consistent with', retrying with new ticket...
2025-05-27 06:38:34,109 - WARNING - 401 Unauthorized for term 'consistent with', retrying with new ticket...
2025-05-27 06:38:36,771 - WARNING - 401 Unauthorized for term 'no dizziness', retrying with new ticket...
2025-05-27 06:38:38,614 - WARNING - 401 Unauthorized for term 'no dizziness', retrying with new ticket...
2025-05-27 06:38:41,481 - WARNING - 401 Unauthorized for term 'primary assessment', retrying with new ticket...
2025-05-27 06:38:43,325 - WARNING - 401 Unauthorized for term 'primary assessment', retrying with new ticket...
2025-05-27 06:38:43,327 - WARNING - Skipping non-clinical or blocked term: 'gastrointestinal'
2025-05-27 06:38:46,087 - WARNING - 401 Unauthorized for term 'genitourinary', retrying with new ticket...
2025-05-27 06:38:47,933 - WARNING - 401 Unauthorized for term 'genitourinary', retrying with new ticket...
2025-05-27 06:38:50,800 - WARNING - 401 Unauthorized for term 'ophthalmologic', retrying with new ticket...
2025-05-27 06:38:52,643 - WARNING - 401 Unauthorized for term 'ophthalmologic', retrying with new ticket...
2025-05-27 06:38:55,510 - WARNING - 401 Unauthorized for term 'weight changes', retrying with new ticket...
2025-05-27 06:38:57,355 - WARNING - 401 Unauthorized for term 'weight changes', retrying with new ticket...
2025-05-27 06:39:00,221 - WARNING - 401 Unauthorized for term 'bacterial sinusitis', retrying with new ticket...
2025-05-27 06:39:02,066 - WARNING - 401 Unauthorized for term 'bacterial sinusitis', retrying with new ticket...
2025-05-27 06:39:04,932 - WARNING - 401 Unauthorized for term 'no rashes', retrying with new ticket...
2025-05-27 06:39:06,774 - WARNING - 401 Unauthorized for term 'no rashes', retrying with new ticket...
2025-05-27 06:39:06,777 - WARNING - Skipping non-clinical or blocked term: 'hematologic'
2025-05-27 06:39:09,642 - WARNING - 401 Unauthorized for term 'lesions', retrying with new ticket...
2025-05-27 06:39:11,317 - WARNING - 401 Unauthorized for term 'lesions', retrying with new ticket...
2025-05-27 06:39:11,318 - WARNING - Skipping non-clinical or blocked term: 'symptoms'
2025-05-27 06:39:14,147 - WARNING - 401 Unauthorized for term 'stiffness', retrying with new ticket...
2025-05-27 06:39:15,990 - WARNING - 401 Unauthorized for term 'stiffness', retrying with new ticket...
2025-05-27 06:39:18,805 - WARNING - 401 Unauthorized for term 'acute', retrying with new ticket...
2025-05-27 06:39:20,356 - WARNING - 401 Unauthorized for term 'acute', retrying with new ticket...
2025-05-27 06:39:20,357 - WARNING - Skipping non-clinical or blocked term: 'vision'
2025-05-27 06:39:23,183 - WARNING - 401 Unauthorized for term 'bleeding', retrying with new ticket...
2025-05-27 06:39:25,003 - WARNING - 401 Unauthorized for term 'bleeding', retrying with new ticket...
2025-05-27 06:39:27,886 - WARNING - 401 Unauthorized for term 'hypertension', retrying with new ticket...
2025-05-27 06:39:29,649 - WARNING - 401 Unauthorized for term 'hypertension', retrying with new ticket...
2025-05-27 06:39:32,411 - WARNING - 401 Unauthorized for term 'secondary to', retrying with new ticket...
2025-05-27 06:39:34,016 - WARNING - 401 Unauthorized for term 'secondary to', retrying with new ticket...
2025-05-27 06:39:36,880 - WARNING - 401 Unauthorized for term 'differential', retrying with new ticket...
2025-05-27 06:39:38,723 - WARNING - 401 Unauthorized for term 'differential', retrying with new ticket...
2025-05-27 06:39:41,591 - WARNING - 401 Unauthorized for term 'viral upper', retrying with new ticket...
2025-05-27 06:39:43,434 - WARNING - 401 Unauthorized for term 'viral upper', retrying with new ticket...
2025-05-27 06:39:46,302 - WARNING - 401 Unauthorized for term 'viral sinusitis', retrying with new ticket...
2025-05-27 06:39:47,940 - WARNING - 401 Unauthorized for term 'viral sinusitis', retrying with new ticket...
2025-05-27 06:39:50,704 - WARNING - 401 Unauthorized for term 'acute abnormalities', retrying with new ticket...
2025-05-27 06:39:52,343 - WARNING - 401 Unauthorized for term 'acute abnormalities', retrying with new ticket...
2025-05-27 06:39:55,210 - WARNING - 401 Unauthorized for term 'stable', retrying with new ticket...
2025-05-27 06:39:56,951 - WARNING - 401 Unauthorized for term 'stable', retrying with new ticket...
2025-05-27 06:39:59,715 - WARNING - 401 Unauthorized for term 'respiratory infection', retrying with new ticket...
2025-05-27 06:40:01,559 - WARNING - 401 Unauthorized for term 'respiratory infection', retrying with new ticket...
2025-05-27 06:40:04,426 - WARNING - 401 Unauthorized for term 'sinusitis', retrying with new ticket...
2025-05-27 06:40:06,271 - WARNING - 401 Unauthorized for term 'sinusitis', retrying with new ticket...
2025-05-27 06:40:08,931 - WARNING - 401 Unauthorized for term 'diabetes', retrying with new ticket...
2025-05-27 06:40:10,784 - WARNING - 401 Unauthorized for term 'diabetes', retrying with new ticket...
2025-05-27 06:40:13,641 - WARNING - 401 Unauthorized for term 'allergic rhinitis', retrying with new ticket...
2025-05-27 06:40:15,486 - WARNING - 401 Unauthorized for term 'allergic rhinitis', retrying with new ticket...
2025-05-27 06:41:43,067 - ERROR - Failed to initialize NLP pipeline: [E893] Could not find function 'replace_tokenizer' in function registry 'callbacks'. If you're using a custom function, make sure the code is available. If the function is provided by a third-party package, e.g. spacy-transformers, make sure the package is installed in your environment.

Available names: spacy.copy_from_base_model.v1, spacy.models_and_pipes_with_nvtx_range.v1, spacy.models_with_nvtx_range.v1
2025-05-27 06:41:43,964 - WARNING - Using fallback spacy pipeline without parser, ner, or linker
2025-05-27 06:41:44,687 - WARNING - Failed to reconfigure tokenizer from config: 'spacy.tokenizer.Tokenizer' object has no attribute 'from_config'
2025-05-27 06:41:44,795 - WARNING - Skipping non-clinical or blocked term: 'days'
2025-05-27 06:41:44,796 - WARNING - Skipping non-clinical or blocked term: 'chills'
2025-05-27 06:41:45,040 - WARNING - Skipping non-clinical or blocked term: 'days'
2025-05-27 06:41:45,368 - WARNING - Skipping non-clinical or blocked term: 'days'
2025-05-27 06:41:45,532 - WARNING - Skipping non-clinical or blocked term: 'psychiatric'
2025-05-27 06:41:45,534 - WARNING - Skipping non-clinical or blocked term: 'gastrointestinal'
2025-05-27 06:41:45,535 - WARNING - Skipping non-clinical or blocked term: 'hematologic'
2025-05-27 06:41:45,535 - WARNING - Skipping non-clinical or blocked term: 'symptoms'
2025-05-27 06:41:45,536 - WARNING - Skipping non-clinical or blocked term: 'vision'
2025-05-27 06:43:19,073 - ERROR - Failed to initialize NLP pipeline: [E893] Could not find function 'replace_tokenizer' in function registry 'callbacks'. If you're using a custom function, make sure the code is available. If the function is provided by a third-party package, e.g. spacy-transformers, make sure the package is installed in your environment.

Available names: spacy.copy_from_base_model.v1, spacy.models_and_pipes_with_nvtx_range.v1, spacy.models_with_nvtx_range.v1
2025-05-27 06:43:20,006 - WARNING - Using fallback spacy pipeline without parser, ner, or linker
2025-05-27 06:43:20,007 - ERROR - Failed to add symptom rules: "[E001] No component 'medspacy_target_matcher' found in pipeline. Available names: ['sentencizer', 'tok2vec', 'tagger', 'attribute_ruler', 'lemmatizer', 'parser', 'ner']"
2025-05-27 06:43:20,064 - WARNING - No category mapping found for 'mood changes ophthalmologic no vision changes primary assessment symptoms consistent acute bacterial sinusitis likely secondary to recent viral upper respiratory infection differential includes viral sinusitis'. Defaulting to 'general'.
2025-05-27 06:43:20,070 - WARNING - No category mapping found for 'acute abnormalities in pulmonary musculoskeletal gi gu hematologic dermatologic psychiatric'. Defaulting to 'general'.
2025-05-27 06:43:20,076 - ERROR - Error extracting features for note ID 1: 'KnowledgeBaseUpdater' object has no attribute 'is_new_symptom'
2025-05-27 06:43:20,096 - ERROR - Failed to create MongoDB indexes: An existing index has the same name as the requested index. When index names are not specified, they are auto generated and can cause conflicts. Please refer to our documentation. Requested index: { v: 2, unique: true, key: { term: 1 }, name: "term_1" }, existing index: { v: 2, key: { term: 1 }, name: "term_1" }, full error: {'ok': 0.0, 'errmsg': 'An existing index has the same name as the requested index. When index names are not specified, they are auto generated and can cause conflicts. Please refer to our documentation. Requested index: { v: 2, unique: true, key: { term: 1 }, name: "term_1" }, existing index: { v: 2, key: { term: 1 }, name: "term_1" }', 'code': 86, 'codeName': 'IndexKeySpecsConflict'}
2025-05-27 06:43:20,115 - ERROR - Failed to create MongoDB indexes: An existing index has the same name as the requested index. When index names are not specified, they are auto generated and can cause conflicts. Please refer to our documentation. Requested index: { v: 2, unique: true, key: { term: 1 }, name: "term_1" }, existing index: { v: 2, key: { term: 1 }, name: "term_1" }, full error: {'ok': 0.0, 'errmsg': 'An existing index has the same name as the requested index. When index names are not specified, they are auto generated and can cause conflicts. Please refer to our documentation. Requested index: { v: 2, unique: true, key: { term: 1 }, name: "term_1" }, existing index: { v: 2, key: { term: 1 }, name: "term_1" }', 'code': 86, 'codeName': 'IndexKeySpecsConflict'}
2025-05-27 06:43:20,822 - WARNING - Failed to reconfigure tokenizer from config: 'spacy.tokenizer.Tokenizer' object has no attribute 'from_config'
2025-05-27 06:43:20,946 - WARNING - Skipping non-clinical or blocked term: 'days'
2025-05-27 06:43:20,946 - WARNING - Skipping non-clinical or blocked term: 'chills'
2025-05-27 06:43:21,183 - WARNING - Skipping non-clinical or blocked term: 'days'
2025-05-27 06:43:21,523 - WARNING - Skipping non-clinical or blocked term: 'days'
2025-05-27 06:43:21,679 - WARNING - Skipping non-clinical or blocked term: 'psychiatric'
2025-05-27 06:43:21,680 - WARNING - Skipping non-clinical or blocked term: 'gastrointestinal'
2025-05-27 06:43:21,681 - WARNING - Skipping non-clinical or blocked term: 'hematologic'
2025-05-27 06:43:21,681 - WARNING - Skipping non-clinical or blocked term: 'symptoms'
2025-05-27 06:43:21,681 - WARNING - Skipping non-clinical or blocked term: 'vision'
2025-05-27 06:44:56,827 - ERROR - Failed to initialize NLP pipeline: [E893] Could not find function 'replace_tokenizer' in function registry 'callbacks'. If you're using a custom function, make sure the code is available. If the function is provided by a third-party package, e.g. spacy-transformers, make sure the package is installed in your environment.

Available names: spacy.copy_from_base_model.v1, spacy.models_and_pipes_with_nvtx_range.v1, spacy.models_with_nvtx_range.v1
2025-05-27 06:44:57,732 - WARNING - Using fallback spacy pipeline without parser, ner, or linker
2025-05-27 06:44:58,424 - WARNING - Failed to reconfigure tokenizer from config: 'spacy.tokenizer.Tokenizer' object has no attribute 'from_config'
2025-05-27 06:44:58,544 - WARNING - Skipping non-clinical or blocked term: 'days'
2025-05-27 06:44:58,544 - WARNING - Skipping non-clinical or blocked term: 'chills'
2025-05-27 06:44:58,777 - WARNING - Skipping non-clinical or blocked term: 'days'
2025-05-27 06:44:59,111 - WARNING - Skipping non-clinical or blocked term: 'days'
2025-05-27 06:44:59,272 - WARNING - Skipping non-clinical or blocked term: 'psychiatric'
2025-05-27 06:44:59,274 - WARNING - Skipping non-clinical or blocked term: 'gastrointestinal'
2025-05-27 06:44:59,274 - WARNING - Skipping non-clinical or blocked term: 'hematologic'
2025-05-27 06:44:59,275 - WARNING - Skipping non-clinical or blocked term: 'symptoms'
2025-05-27 06:44:59,275 - WARNING - Skipping non-clinical or blocked term: 'vision'
2025-05-27 06:46:34,058 - ERROR - Failed to initialize NLP pipeline: [E893] Could not find function 'replace_tokenizer' in function registry 'callbacks'. If you're using a custom function, make sure the code is available. If the function is provided by a third-party package, e.g. spacy-transformers, make sure the package is installed in your environment.

Available names: spacy.copy_from_base_model.v1, spacy.models_and_pipes_with_nvtx_range.v1, spacy.models_with_nvtx_range.v1
2025-05-27 06:46:34,877 - WARNING - Using fallback spacy pipeline without parser, ner, or linker
2025-05-27 06:46:34,878 - ERROR - Failed to add symptom rules: "[E001] No component 'medspacy_target_matcher' found in pipeline. Available names: ['sentencizer', 'tok2vec', 'tagger', 'attribute_ruler', 'lemmatizer', 'parser', 'ner']"
2025-05-27 06:46:34,955 - WARNING - No category mapping found for 'mood changes ophthalmologic no vision changes primary assessment symptoms consistent acute bacterial sinusitis likely secondary to recent viral upper respiratory infection differential includes viral sinusitis'. Defaulting to 'general'.
2025-05-27 06:46:34,963 - WARNING - No category mapping found for 'acute abnormalities in pulmonary musculoskeletal gi gu hematologic dermatologic psychiatric'. Defaulting to 'general'.
2025-05-27 06:46:34,970 - WARNING - Missing symptoms: ['patient presents with facial pain, nasal congestion, and fever for 10 days. reports purulent nasal discharge.']. Initiating knowledge base update.
2025-05-27 06:46:34,971 - ERROR - Error extracting features for note ID 1: 'KnowledgeBaseUpdater' object has no attribute 'is_new_symptom'
2025-05-27 06:46:35,013 - ERROR - Failed to create MongoDB indexes: An existing index has the same name as the requested index. When index names are not specified, they are auto generated and can cause conflicts. Please refer to our documentation. Requested index: { v: 2, unique: true, key: { term: 1 }, name: "term_1" }, existing index: { v: 2, key: { term: 1 }, name: "term_1" }, full error: {'ok': 0.0, 'errmsg': 'An existing index has the same name as the requested index. When index names are not specified, they are auto generated and can cause conflicts. Please refer to our documentation. Requested index: { v: 2, unique: true, key: { term: 1 }, name: "term_1" }, existing index: { v: 2, key: { term: 1 }, name: "term_1" }', 'code': 86, 'codeName': 'IndexKeySpecsConflict'}
2025-05-27 06:46:35,054 - ERROR - Failed to create MongoDB indexes: An existing index has the same name as the requested index. When index names are not specified, they are auto generated and can cause conflicts. Please refer to our documentation. Requested index: { v: 2, unique: true, key: { term: 1 }, name: "term_1" }, existing index: { v: 2, key: { term: 1 }, name: "term_1" }, full error: {'ok': 0.0, 'errmsg': 'An existing index has the same name as the requested index. When index names are not specified, they are auto generated and can cause conflicts. Please refer to our documentation. Requested index: { v: 2, unique: true, key: { term: 1 }, name: "term_1" }, existing index: { v: 2, key: { term: 1 }, name: "term_1" }', 'code': 86, 'codeName': 'IndexKeySpecsConflict'}
2025-05-27 06:46:36,014 - WARNING - Failed to reconfigure tokenizer from config: 'spacy.tokenizer.Tokenizer' object has no attribute 'from_config'
2025-05-27 06:46:36,145 - WARNING - Skipping non-clinical or blocked term: 'days'
2025-05-27 06:46:36,145 - WARNING - Skipping non-clinical or blocked term: 'chills'
2025-05-27 06:46:36,395 - WARNING - Skipping non-clinical or blocked term: 'days'
2025-05-27 06:46:36,844 - WARNING - Skipping non-clinical or blocked term: 'days'
2025-05-27 06:46:37,020 - WARNING - Skipping non-clinical or blocked term: 'psychiatric'
2025-05-27 06:46:37,021 - WARNING - Skipping non-clinical or blocked term: 'gastrointestinal'
2025-05-27 06:46:37,021 - WARNING - Skipping non-clinical or blocked term: 'hematologic'
2025-05-27 06:46:37,022 - WARNING - Skipping non-clinical or blocked term: 'symptoms'
2025-05-27 06:46:37,022 - WARNING - Skipping non-clinical or blocked term: 'vision'
2025-05-27 06:50:25,581 - WARNING - Diagnosis relevance weights for facial pain|nasal congestion|sinusitis|sinus pain|purulent nasal discharge do not sum to 1.0: 0
2025-05-27 06:50:25,581 - WARNING - Diagnosis relevance weights for cough do not sum to 1.0: 0
2025-05-27 06:50:25,582 - WARNING - Diagnosis relevance weights for headache|photophobia do not sum to 1.0: 0
2025-05-27 06:50:25,582 - WARNING - Diagnosis relevance weights for chest pain|shortness of breath|chest tightness do not sum to 1.0: 0
2025-05-27 06:50:25,582 - WARNING - Diagnosis relevance weights for epigastric pain|nausea do not sum to 1.0: 0
2025-05-27 06:50:25,583 - WARNING - Diagnosis relevance weights for knee pain|swelling do not sum to 1.0: 0
2025-05-27 06:50:25,583 - WARNING - Diagnosis relevance weights for back pain|lower back pain|backache do not sum to 1.0: 0
2025-05-27 06:50:25,583 - WARNING - Diagnosis relevance weights for fever|chills do not sum to 1.0: 0
2025-05-27 06:50:25,584 - WARNING - Diagnosis relevance weights for fatigue|obesity do not sum to 1.0: 0
2025-05-27 06:50:25,584 - WARNING - Diagnosis angina relevance weights do not sum to 1.0: 0.8
2025-05-27 06:50:25,625 - ERROR - Invalid JSON in /home/mathu/projects/hospital/departments/nlp/knowledge_base/medical_terms.json: Expecting value: line 7 column 12 (char 143). Using default data.
2025-05-27 06:50:25,655 - ERROR - Failed to create MongoDB indexes: An existing index has the same name as the requested index. When index names are not specified, they are auto generated and can cause conflicts. Please refer to our documentation. Requested index: { v: 2, unique: true, key: { term: 1 }, name: "term_1" }, existing index: { v: 2, key: { term: 1 }, name: "term_1" }, full error: {'ok': 0.0, 'errmsg': 'An existing index has the same name as the requested index. When index names are not specified, they are auto generated and can cause conflicts. Please refer to our documentation. Requested index: { v: 2, unique: true, key: { term: 1 }, name: "term_1" }, existing index: { v: 2, key: { term: 1 }, name: "term_1" }', 'code': 86, 'codeName': 'IndexKeySpecsConflict'}
2025-05-27 06:50:25,682 - ERROR - Failed to create MongoDB indexes: An existing index has the same name as the requested index. When index names are not specified, they are auto generated and can cause conflicts. Please refer to our documentation. Requested index: { v: 2, unique: true, key: { term: 1 }, name: "term_1" }, existing index: { v: 2, key: { term: 1 }, name: "term_1" }, full error: {'ok': 0.0, 'errmsg': 'An existing index has the same name as the requested index. When index names are not specified, they are auto generated and can cause conflicts. Please refer to our documentation. Requested index: { v: 2, unique: true, key: { term: 1 }, name: "term_1" }, existing index: { v: 2, key: { term: 1 }, name: "term_1" }', 'code': 86, 'codeName': 'IndexKeySpecsConflict'}
2025-05-27 06:50:26,418 - WARNING - Failed to reconfigure tokenizer from config: 'spacy.tokenizer.Tokenizer' object has no attribute 'from_config'
2025-05-27 06:50:30,092 - WARNING - 401 Unauthorized for term 'associated with', retrying with new ticket...
2025-05-27 06:50:31,936 - WARNING - 401 Unauthorized for term 'associated with', retrying with new ticket...
2025-05-27 06:50:31,938 - WARNING - Skipping non-clinical or blocked term: 'days'
2025-05-27 06:50:31,939 - WARNING - Skipping non-clinical or blocked term: 'chills'
2025-05-27 06:50:34,706 - WARNING - 401 Unauthorized for term 'headache', retrying with new ticket...
2025-05-27 06:50:36,543 - WARNING - 401 Unauthorized for term 'headache', retrying with new ticket...
2025-05-27 06:50:39,308 - WARNING - 401 Unauthorized for term 'fevers', retrying with new ticket...
2025-05-27 06:50:41,151 - WARNING - 401 Unauthorized for term 'fevers', retrying with new ticket...
2025-05-27 06:50:43,813 - WARNING - 401 Unauthorized for term 'patient complains', retrying with new ticket...
2025-05-27 06:50:45,657 - WARNING - 401 Unauthorized for term 'patient complains', retrying with new ticket...
2025-05-27 06:50:48,627 - WARNING - 401 Unauthorized for term 'worse', retrying with new ticket...
2025-05-27 06:50:50,471 - WARNING - 401 Unauthorized for term 'worse', retrying with new ticket...
2025-05-27 06:50:53,267 - WARNING - 401 Unauthorized for term 'loss of appetite', retrying with new ticket...
2025-05-27 06:50:55,078 - WARNING - 401 Unauthorized for term 'loss of appetite', retrying with new ticket...
2025-05-27 06:50:57,945 - WARNING - 401 Unauthorized for term 'eyes', retrying with new ticket...
2025-05-27 06:50:59,788 - WARNING - 401 Unauthorized for term 'eyes', retrying with new ticket...
2025-05-27 06:51:02,606 - WARNING - 401 Unauthorized for term 'nausea', retrying with new ticket...
2025-05-27 06:51:04,499 - WARNING - 401 Unauthorized for term 'nausea', retrying with new ticket...
2025-05-27 06:51:07,366 - WARNING - 401 Unauthorized for term 'foods', retrying with new ticket...
2025-05-27 06:51:09,209 - WARNING - 401 Unauthorized for term 'foods', retrying with new ticket...
2025-05-27 06:51:12,080 - WARNING - 401 Unauthorized for term 'vomiting', retrying with new ticket...
2025-05-27 06:51:13,920 - WARNING - 401 Unauthorized for term 'vomiting', retrying with new ticket...
2025-05-27 06:51:16,788 - WARNING - 401 Unauthorized for term 'patient', retrying with new ticket...
2025-05-27 06:51:18,564 - WARNING - 401 Unauthorized for term 'patient', retrying with new ticket...
2025-05-27 06:51:21,806 - WARNING - 401 Unauthorized for term 'strong', retrying with new ticket...
2025-05-27 06:51:23,647 - WARNING - 401 Unauthorized for term 'strong', retrying with new ticket...
2025-05-27 06:51:26,413 - WARNING - 401 Unauthorized for term 'licking', retrying with new ticket...
2025-05-27 06:51:28,158 - WARNING - 401 Unauthorized for term 'licking', retrying with new ticket...
2025-05-27 06:51:31,022 - WARNING - 401 Unauthorized for term 'jaundice', retrying with new ticket...
2025-05-27 06:51:32,863 - WARNING - 401 Unauthorized for term 'jaundice', retrying with new ticket...
2025-05-27 06:51:35,629 - WARNING - 401 Unauthorized for term 'tea', retrying with new ticket...
2025-05-27 06:51:37,472 - WARNING - 401 Unauthorized for term 'tea', retrying with new ticket...
2025-05-27 06:51:40,339 - WARNING - 401 Unauthorized for term 'fats', retrying with new ticket...
2025-05-27 06:51:42,185 - WARNING - 401 Unauthorized for term 'fats', retrying with new ticket...
2025-05-27 06:51:45,049 - WARNING - 401 Unauthorized for term 'facial pain', retrying with new ticket...
2025-05-27 06:51:46,892 - WARNING - 401 Unauthorized for term 'facial pain', retrying with new ticket...
2025-05-27 06:51:49,701 - WARNING - 401 Unauthorized for term 'nasal discharge', retrying with new ticket...
2025-05-27 06:51:51,224 - WARNING - 401 Unauthorized for term 'nasal discharge', retrying with new ticket...
2025-05-27 06:51:51,225 - WARNING - Skipping non-clinical or blocked term: 'days'
2025-05-27 06:51:53,711 - WARNING - 401 Unauthorized for term 'purulent', retrying with new ticket...
2025-05-27 06:51:55,315 - WARNING - 401 Unauthorized for term 'purulent', retrying with new ticket...
2025-05-27 06:51:57,871 - WARNING - 401 Unauthorized for term 'maxillary sinuses', retrying with new ticket...
2025-05-27 06:51:59,451 - WARNING - 401 Unauthorized for term 'maxillary sinuses', retrying with new ticket...
2025-05-27 06:52:01,976 - WARNING - 401 Unauthorized for term 'fever', retrying with new ticket...
2025-05-27 06:52:03,891 - WARNING - 401 Unauthorized for term 'fever', retrying with new ticket...
2025-05-27 06:52:06,369 - WARNING - 401 Unauthorized for term 'reports', retrying with new ticket...
2025-05-27 06:52:07,908 - WARNING - 401 Unauthorized for term 'reports', retrying with new ticket...
2025-05-27 06:52:10,411 - WARNING - 401 Unauthorized for term 'bilateral', retrying with new ticket...
2025-05-27 06:52:11,963 - WARNING - 401 Unauthorized for term 'bilateral', retrying with new ticket...
2025-05-27 06:52:14,645 - WARNING - 401 Unauthorized for term 'nasal congestion', retrying with new ticket...
2025-05-27 06:52:16,385 - WARNING - 401 Unauthorized for term 'nasal congestion', retrying with new ticket...
2025-05-27 06:52:19,353 - WARNING - 401 Unauthorized for term 'back pain', retrying with new ticket...
2025-05-27 06:52:21,198 - WARNING - 401 Unauthorized for term 'back pain', retrying with new ticket...
2025-05-27 06:52:24,064 - WARNING - 401 Unauthorized for term 'assessment', retrying with new ticket...
2025-05-27 06:52:25,659 - WARNING - 401 Unauthorized for term 'assessment', retrying with new ticket...
2025-05-27 06:52:28,586 - WARNING - 401 Unauthorized for term 'weeks', retrying with new ticket...
2025-05-27 06:52:30,515 - WARNING - 401 Unauthorized for term 'weeks', retrying with new ticket...
2025-05-27 06:52:33,383 - WARNING - 401 Unauthorized for term 'patient reports', retrying with new ticket...
2025-05-27 06:52:35,082 - WARNING - 401 Unauthorized for term 'patient reports', retrying with new ticket...
2025-05-27 06:52:38,288 - WARNING - 401 Unauthorized for term 'standing', retrying with new ticket...
2025-05-27 06:52:40,141 - WARNING - 401 Unauthorized for term 'standing', retrying with new ticket...
2025-05-27 06:52:42,830 - WARNING - 401 Unauthorized for term 'sitting', retrying with new ticket...
2025-05-27 06:52:44,579 - WARNING - 401 Unauthorized for term 'sitting', retrying with new ticket...
2025-05-27 06:52:47,776 - WARNING - 401 Unauthorized for term 'obese', retrying with new ticket...
2025-05-27 06:52:49,544 - WARNING - 401 Unauthorized for term 'obese', retrying with new ticket...
2025-05-27 06:52:52,174 - WARNING - 401 Unauthorized for term 'pain', retrying with new ticket...
2025-05-27 06:52:54,021 - WARNING - 401 Unauthorized for term 'pain', retrying with new ticket...
2025-05-27 06:52:56,806 - WARNING - 401 Unauthorized for term 'stretching', retrying with new ticket...
2025-05-27 06:52:58,524 - WARNING - 401 Unauthorized for term 'stretching', retrying with new ticket...
2025-05-27 06:53:01,092 - WARNING - 401 Unauthorized for term 'backpain', retrying with new ticket...
2025-05-27 06:53:02,650 - WARNING - 401 Unauthorized for term 'backpain', retrying with new ticket...
2025-05-27 06:53:05,377 - WARNING - 401 Unauthorized for term 'low-grade', retrying with new ticket...
2025-05-27 06:53:06,924 - WARNING - 401 Unauthorized for term 'low-grade', retrying with new ticket...
2025-05-27 06:53:09,392 - WARNING - 401 Unauthorized for term 'no cough', retrying with new ticket...
2025-05-27 06:53:10,957 - WARNING - 401 Unauthorized for term 'no cough', retrying with new ticket...
2025-05-27 06:53:10,958 - WARNING - Skipping non-clinical or blocked term: 'days'
2025-05-27 06:53:13,530 - WARNING - 401 Unauthorized for term 'shortness of breath', retrying with new ticket...
2025-05-27 06:53:15,044 - WARNING - 401 Unauthorized for term 'shortness of breath', retrying with new ticket...
2025-05-27 06:53:17,480 - WARNING - 401 Unauthorized for term 'hearing loss', retrying with new ticket...
2025-05-27 06:53:19,022 - WARNING - 401 Unauthorized for term 'hearing loss', retrying with new ticket...
2025-05-27 06:53:21,392 - WARNING - 401 Unauthorized for term 'neurological', retrying with new ticket...
2025-05-27 06:53:22,903 - WARNING - 401 Unauthorized for term 'neurological', retrying with new ticket...
2025-05-27 06:53:25,301 - WARNING - 401 Unauthorized for term 'mild headache', retrying with new ticket...
2025-05-27 06:53:26,835 - WARNING - 401 Unauthorized for term 'mild headache', retrying with new ticket...
2025-05-27 06:53:29,345 - WARNING - 401 Unauthorized for term 'palpitations', retrying with new ticket...
2025-05-27 06:53:30,874 - WARNING - 401 Unauthorized for term 'palpitations', retrying with new ticket...
2025-05-27 06:53:33,273 - WARNING - 401 Unauthorized for term 'cardiovascular', retrying with new ticket...
2025-05-27 06:53:34,816 - WARNING - 401 Unauthorized for term 'cardiovascular', retrying with new ticket...
2025-05-27 06:53:37,600 - WARNING - 401 Unauthorized for term 'sinus pain', retrying with new ticket...
2025-05-27 06:53:39,136 - WARNING - 401 Unauthorized for term 'sinus pain', retrying with new ticket...
2025-05-27 06:53:41,562 - WARNING - 401 Unauthorized for term 'pulmonary', retrying with new ticket...
2025-05-27 06:53:43,121 - WARNING - 401 Unauthorized for term 'pulmonary', retrying with new ticket...
2025-05-27 06:53:45,666 - WARNING - 401 Unauthorized for term 'chest pain', retrying with new ticket...
2025-05-27 06:53:47,358 - WARNING - 401 Unauthorized for term 'chest pain', retrying with new ticket...
2025-05-27 06:53:50,088 - WARNING - 401 Unauthorized for term 'consistent with', retrying with new ticket...
2025-05-27 06:53:51,700 - WARNING - 401 Unauthorized for term 'consistent with', retrying with new ticket...
2025-05-27 06:53:54,265 - WARNING - 401 Unauthorized for term 'primary assessment', retrying with new ticket...
2025-05-27 06:53:56,038 - WARNING - 401 Unauthorized for term 'primary assessment', retrying with new ticket...
2025-05-27 06:53:59,040 - WARNING - 401 Unauthorized for term 'no dizziness', retrying with new ticket...
2025-05-27 06:54:00,799 - WARNING - 401 Unauthorized for term 'no dizziness', retrying with new ticket...
2025-05-27 06:54:03,546 - WARNING - 401 Unauthorized for term 'urinary changes', retrying with new ticket...
2025-05-27 06:54:05,300 - WARNING - 401 Unauthorized for term 'urinary changes', retrying with new ticket...
2025-05-27 06:54:07,951 - WARNING - 401 Unauthorized for term 'bacterial sinusitis', retrying with new ticket...
2025-05-27 06:54:09,589 - WARNING - 401 Unauthorized for term 'bacterial sinusitis', retrying with new ticket...
2025-05-27 06:54:09,591 - WARNING - Skipping non-clinical or blocked term: 'psychiatric'
2025-05-27 06:54:09,595 - WARNING - Skipping non-clinical or blocked term: 'vision'
2025-05-27 06:54:12,146 - WARNING - 401 Unauthorized for term 'ophthalmologic', retrying with new ticket...
2025-05-27 06:54:13,786 - WARNING - 401 Unauthorized for term 'ophthalmologic', retrying with new ticket...
2025-05-27 06:54:13,788 - WARNING - Skipping non-clinical or blocked term: 'symptoms'
2025-05-27 06:54:16,652 - WARNING - 401 Unauthorized for term 'acute', retrying with new ticket...
2025-05-27 06:54:18,559 - WARNING - 401 Unauthorized for term 'acute', retrying with new ticket...
2025-05-27 06:54:21,103 - WARNING - 401 Unauthorized for term 'genitourinary', retrying with new ticket...
2025-05-27 06:54:22,899 - WARNING - 401 Unauthorized for term 'genitourinary', retrying with new ticket...
2025-05-27 06:54:25,766 - WARNING - 401 Unauthorized for term 'diarrhea', retrying with new ticket...
2025-05-27 06:54:27,607 - WARNING - 401 Unauthorized for term 'diarrhea', retrying with new ticket...
2025-05-27 06:54:30,272 - WARNING - 401 Unauthorized for term 'bruising', retrying with new ticket...
2025-05-27 06:54:32,112 - WARNING - 401 Unauthorized for term 'bruising', retrying with new ticket...
2025-05-27 06:54:34,778 - WARNING - 401 Unauthorized for term 'weight changes', retrying with new ticket...
2025-05-27 06:54:36,562 - WARNING - 401 Unauthorized for term 'weight changes', retrying with new ticket...
2025-05-27 06:54:39,283 - WARNING - 401 Unauthorized for term 'no joint pain', retrying with new ticket...
2025-05-27 06:54:41,125 - WARNING - 401 Unauthorized for term 'no joint pain', retrying with new ticket...
2025-05-27 06:54:43,994 - WARNING - 401 Unauthorized for term 'bleeding', retrying with new ticket...
2025-05-27 06:54:45,768 - WARNING - 401 Unauthorized for term 'bleeding', retrying with new ticket...
2025-05-27 06:54:48,390 - WARNING - 401 Unauthorized for term 'no rashes', retrying with new ticket...
2025-05-27 06:54:50,034 - WARNING - 401 Unauthorized for term 'no rashes', retrying with new ticket...
2025-05-27 06:54:52,619 - WARNING - 401 Unauthorized for term 'endocrine', retrying with new ticket...
2025-05-27 06:54:54,335 - WARNING - 401 Unauthorized for term 'endocrine', retrying with new ticket...
2025-05-27 06:54:56,848 - WARNING - 401 Unauthorized for term 'dermatologic', retrying with new ticket...
2025-05-27 06:54:58,421 - WARNING - 401 Unauthorized for term 'dermatologic', retrying with new ticket...
2025-05-27 06:55:00,994 - WARNING - 401 Unauthorized for term 'stiffness', retrying with new ticket...
2025-05-27 06:55:02,734 - WARNING - 401 Unauthorized for term 'stiffness', retrying with new ticket...
2025-05-27 06:55:02,736 - WARNING - Skipping non-clinical or blocked term: 'gastrointestinal'
2025-05-27 06:55:05,497 - WARNING - 401 Unauthorized for term 'mood changes', retrying with new ticket...
2025-05-27 06:55:07,236 - WARNING - 401 Unauthorized for term 'mood changes', retrying with new ticket...
2025-05-27 06:55:07,238 - WARNING - Skipping non-clinical or blocked term: 'hematologic'
2025-05-27 06:55:10,005 - WARNING - 401 Unauthorized for term 'lesions', retrying with new ticket...
2025-05-27 06:55:11,697 - WARNING - 401 Unauthorized for term 'lesions', retrying with new ticket...
2025-05-27 06:55:14,716 - WARNING - 401 Unauthorized for term 'viral sinusitis', retrying with new ticket...
2025-05-27 06:55:16,557 - WARNING - 401 Unauthorized for term 'viral sinusitis', retrying with new ticket...
2025-05-27 06:55:19,355 - WARNING - 401 Unauthorized for term 'respiratory infection', retrying with new ticket...
2025-05-27 06:55:21,061 - WARNING - 401 Unauthorized for term 'respiratory infection', retrying with new ticket...
2025-05-27 06:55:24,032 - WARNING - 401 Unauthorized for term 'hypertension', retrying with new ticket...
2025-05-27 06:55:25,877 - WARNING - 401 Unauthorized for term 'hypertension', retrying with new ticket...
2025-05-27 06:55:28,742 - WARNING - 401 Unauthorized for term 'diabetes', retrying with new ticket...
2025-05-27 06:55:30,586 - WARNING - 401 Unauthorized for term 'diabetes', retrying with new ticket...
2025-05-27 06:55:33,400 - WARNING - 401 Unauthorized for term 'stable', retrying with new ticket...
2025-05-27 06:55:35,259 - WARNING - 401 Unauthorized for term 'stable', retrying with new ticket...
2025-05-27 06:55:38,166 - WARNING - 401 Unauthorized for term 'viral upper', retrying with new ticket...
2025-05-27 06:55:39,763 - WARNING - 401 Unauthorized for term 'viral upper', retrying with new ticket...
2025-05-27 06:55:42,219 - WARNING - 401 Unauthorized for term 'allergic rhinitis', retrying with new ticket...
2025-05-27 06:55:43,749 - WARNING - 401 Unauthorized for term 'allergic rhinitis', retrying with new ticket...
2025-05-27 06:55:46,128 - WARNING - 401 Unauthorized for term 'differential', retrying with new ticket...
2025-05-27 06:55:47,658 - WARNING - 401 Unauthorized for term 'differential', retrying with new ticket...
2025-05-27 06:55:50,091 - WARNING - 401 Unauthorized for term 'sinusitis', retrying with new ticket...
2025-05-27 06:55:51,631 - WARNING - 401 Unauthorized for term 'sinusitis', retrying with new ticket...
2025-05-27 06:55:54,046 - WARNING - 401 Unauthorized for term 'secondary to', retrying with new ticket...
2025-05-27 06:55:55,561 - WARNING - 401 Unauthorized for term 'secondary to', retrying with new ticket...
2025-05-27 06:55:57,988 - WARNING - 401 Unauthorized for term 'acute abnormalities', retrying with new ticket...
2025-05-27 06:55:59,528 - WARNING - 401 Unauthorized for term 'acute abnormalities', retrying with new ticket...
2025-05-27 07:01:06,715 - WARNING - Diagnosis relevance weights for facial pain|nasal congestion|sinusitis|sinus pain|purulent nasal discharge do not sum to 1.0: 0
2025-05-27 07:01:06,715 - WARNING - Diagnosis relevance weights for cough do not sum to 1.0: 0
2025-05-27 07:01:06,715 - WARNING - Diagnosis relevance weights for headache|photophobia do not sum to 1.0: 0
2025-05-27 07:01:06,716 - WARNING - Diagnosis relevance weights for chest pain|shortness of breath|chest tightness do not sum to 1.0: 0
2025-05-27 07:01:06,716 - WARNING - Diagnosis relevance weights for epigastric pain|nausea do not sum to 1.0: 0
2025-05-27 07:01:06,716 - WARNING - Diagnosis relevance weights for knee pain|swelling do not sum to 1.0: 0
2025-05-27 07:01:06,717 - WARNING - Diagnosis relevance weights for back pain|lower back pain|backache do not sum to 1.0: 0
2025-05-27 07:01:06,717 - WARNING - Diagnosis relevance weights for fever|chills do not sum to 1.0: 0
2025-05-27 07:01:06,717 - WARNING - Diagnosis relevance weights for fatigue|obesity do not sum to 1.0: 0
2025-05-27 07:01:06,717 - WARNING - Diagnosis angina relevance weights do not sum to 1.0: 0.8
2025-05-27 07:01:06,751 - ERROR - Invalid JSON in /home/mathu/projects/hospital/departments/nlp/knowledge_base/medical_terms.json: Expecting value: line 7 column 12 (char 143). Using default data.
2025-05-27 07:01:06,780 - ERROR - Failed to create MongoDB indexes: An existing index has the same name as the requested index. When index names are not specified, they are auto generated and can cause conflicts. Please refer to our documentation. Requested index: { v: 2, unique: true, key: { term: 1 }, name: "term_1" }, existing index: { v: 2, key: { term: 1 }, name: "term_1" }, full error: {'ok': 0.0, 'errmsg': 'An existing index has the same name as the requested index. When index names are not specified, they are auto generated and can cause conflicts. Please refer to our documentation. Requested index: { v: 2, unique: true, key: { term: 1 }, name: "term_1" }, existing index: { v: 2, key: { term: 1 }, name: "term_1" }', 'code': 86, 'codeName': 'IndexKeySpecsConflict'}
2025-05-27 07:01:06,809 - ERROR - Failed to create MongoDB indexes: An existing index has the same name as the requested index. When index names are not specified, they are auto generated and can cause conflicts. Please refer to our documentation. Requested index: { v: 2, unique: true, key: { term: 1 }, name: "term_1" }, existing index: { v: 2, key: { term: 1 }, name: "term_1" }, full error: {'ok': 0.0, 'errmsg': 'An existing index has the same name as the requested index. When index names are not specified, they are auto generated and can cause conflicts. Please refer to our documentation. Requested index: { v: 2, unique: true, key: { term: 1 }, name: "term_1" }, existing index: { v: 2, key: { term: 1 }, name: "term_1" }', 'code': 86, 'codeName': 'IndexKeySpecsConflict'}
2025-05-27 07:01:07,525 - WARNING - Failed to reconfigure tokenizer from config: 'spacy.tokenizer.Tokenizer' object has no attribute 'from_config'
2025-05-27 07:01:10,852 - WARNING - UMLS API returned status 401 for term 'associated with'
2025-05-27 07:01:10,855 - WARNING - 401 Unauthorized for term 'associated with' (exact), retrying...
2025-05-27 07:01:13,104 - WARNING - UMLS API returned status 401 for term 'associated with'
2025-05-27 07:01:13,106 - WARNING - 401 Unauthorized for term 'associated with' (exact), retrying...
2025-05-27 07:01:15,357 - WARNING - UMLS API returned status 401 for term 'associated with'
2025-05-27 07:01:15,359 - WARNING - 401 Unauthorized for term 'associated with' (exact), retrying...
2025-05-27 07:01:15,360 - WARNING - Failed to fetch UMLS CUI for 'associated with' after 3 attempts
2025-05-27 07:04:35,728 - WARNING - Diagnosis relevance weights for facial pain|nasal congestion|sinusitis|sinus pain|purulent nasal discharge do not sum to 1.0: 0
2025-05-27 07:04:35,729 - WARNING - Diagnosis relevance weights for cough do not sum to 1.0: 0
2025-05-27 07:04:35,729 - WARNING - Diagnosis relevance weights for headache|photophobia do not sum to 1.0: 0
2025-05-27 07:04:35,729 - WARNING - Diagnosis relevance weights for chest pain|shortness of breath|chest tightness do not sum to 1.0: 0
2025-05-27 07:04:35,730 - WARNING - Diagnosis relevance weights for epigastric pain|nausea do not sum to 1.0: 0
2025-05-27 07:04:35,730 - WARNING - Diagnosis relevance weights for knee pain|swelling do not sum to 1.0: 0
2025-05-27 07:04:35,731 - WARNING - Diagnosis relevance weights for back pain|lower back pain|backache do not sum to 1.0: 0
2025-05-27 07:04:35,731 - WARNING - Diagnosis relevance weights for fever|chills do not sum to 1.0: 0
2025-05-27 07:04:35,732 - WARNING - Diagnosis relevance weights for fatigue|obesity do not sum to 1.0: 0
2025-05-27 07:04:35,732 - WARNING - Diagnosis angina relevance weights do not sum to 1.0: 0.8
2025-05-27 07:04:35,770 - ERROR - Invalid JSON in /home/mathu/projects/hospital/departments/nlp/knowledge_base/medical_terms.json: Expecting value: line 7 column 12 (char 143). Using default data.
2025-05-27 07:04:35,804 - ERROR - Failed to create MongoDB indexes: An existing index has the same name as the requested index. When index names are not specified, they are auto generated and can cause conflicts. Please refer to our documentation. Requested index: { v: 2, unique: true, key: { term: 1 }, name: "term_1" }, existing index: { v: 2, key: { term: 1 }, name: "term_1" }, full error: {'ok': 0.0, 'errmsg': 'An existing index has the same name as the requested index. When index names are not specified, they are auto generated and can cause conflicts. Please refer to our documentation. Requested index: { v: 2, unique: true, key: { term: 1 }, name: "term_1" }, existing index: { v: 2, key: { term: 1 }, name: "term_1" }', 'code': 86, 'codeName': 'IndexKeySpecsConflict'}
2025-05-27 07:04:35,830 - ERROR - Failed to create MongoDB indexes: An existing index has the same name as the requested index. When index names are not specified, they are auto generated and can cause conflicts. Please refer to our documentation. Requested index: { v: 2, unique: true, key: { term: 1 }, name: "term_1" }, existing index: { v: 2, key: { term: 1 }, name: "term_1" }, full error: {'ok': 0.0, 'errmsg': 'An existing index has the same name as the requested index. When index names are not specified, they are auto generated and can cause conflicts. Please refer to our documentation. Requested index: { v: 2, unique: true, key: { term: 1 }, name: "term_1" }, existing index: { v: 2, key: { term: 1 }, name: "term_1" }', 'code': 86, 'codeName': 'IndexKeySpecsConflict'}
2025-05-27 07:04:36,602 - WARNING - Failed to load CUI cache: Ran out of input
2025-05-27 07:04:36,694 - WARNING - Skipping non-clinical or blocked term: 'chills'
2025-05-27 07:04:39,841 - WARNING - UMLS API returned status 401 for term 'patient complains'
2025-05-27 07:04:39,842 - WARNING - 401 Unauthorized for term 'patient complains' (exact), retrying...
2025-05-27 07:04:42,095 - WARNING - UMLS API returned status 401 for term 'patient complains'
2025-05-27 07:04:42,097 - WARNING - 401 Unauthorized for term 'patient complains' (exact), retrying...
2025-05-27 07:04:44,347 - WARNING - UMLS API returned status 401 for term 'patient complains'
2025-05-27 07:04:44,349 - WARNING - 401 Unauthorized for term 'patient complains' (exact), retrying...
2025-05-27 07:04:44,350 - WARNING - Failed to fetch UMLS CUI for 'patient complains' after 3 attempts
2025-05-29 12:47:10,613 - WARNING - Diagnosis relevance weights for facial pain|nasal congestion|sinusitis|sinus pain|purulent nasal discharge do not sum to 1.0: 0
2025-05-29 12:47:10,614 - WARNING - Diagnosis relevance weights for cough do not sum to 1.0: 0
2025-05-29 12:47:10,614 - WARNING - Diagnosis relevance weights for headache|photophobia do not sum to 1.0: 0
2025-05-29 12:47:10,614 - WARNING - Diagnosis relevance weights for chest pain|shortness of breath|chest tightness do not sum to 1.0: 0
2025-05-29 12:47:10,615 - WARNING - Diagnosis relevance weights for epigastric pain|nausea do not sum to 1.0: 0
2025-05-29 12:47:10,615 - WARNING - Diagnosis relevance weights for knee pain|swelling do not sum to 1.0: 0
2025-05-29 12:47:10,615 - WARNING - Diagnosis relevance weights for back pain|lower back pain|backache do not sum to 1.0: 0
2025-05-29 12:47:10,615 - WARNING - Diagnosis relevance weights for fever|chills do not sum to 1.0: 0
2025-05-29 12:47:10,616 - WARNING - Diagnosis relevance weights for fatigue|obesity do not sum to 1.0: 0
2025-05-29 12:47:10,616 - WARNING - Diagnosis angina relevance weights do not sum to 1.0: 0.8
2025-05-29 12:47:10,667 - ERROR - Invalid JSON in /home/mathu/projects/hospital/departments/nlp/knowledge_base/medical_terms.json: Expecting value: line 7 column 12 (char 143). Using default data.
2025-05-29 12:47:10,717 - ERROR - Failed to create MongoDB indexes: An existing index has the same name as the requested index. When index names are not specified, they are auto generated and can cause conflicts. Please refer to our documentation. Requested index: { v: 2, unique: true, key: { term: 1 }, name: "term_1" }, existing index: { v: 2, key: { term: 1 }, name: "term_1" }, full error: {'ok': 0.0, 'errmsg': 'An existing index has the same name as the requested index. When index names are not specified, they are auto generated and can cause conflicts. Please refer to our documentation. Requested index: { v: 2, unique: true, key: { term: 1 }, name: "term_1" }, existing index: { v: 2, key: { term: 1 }, name: "term_1" }', 'code': 86, 'codeName': 'IndexKeySpecsConflict'}
2025-05-29 12:47:10,762 - ERROR - Failed to create MongoDB indexes: An existing index has the same name as the requested index. When index names are not specified, they are auto generated and can cause conflicts. Please refer to our documentation. Requested index: { v: 2, unique: true, key: { term: 1 }, name: "term_1" }, existing index: { v: 2, key: { term: 1 }, name: "term_1" }, full error: {'ok': 0.0, 'errmsg': 'An existing index has the same name as the requested index. When index names are not specified, they are auto generated and can cause conflicts. Please refer to our documentation. Requested index: { v: 2, unique: true, key: { term: 1 }, name: "term_1" }, existing index: { v: 2, key: { term: 1 }, name: "term_1" }', 'code': 86, 'codeName': 'IndexKeySpecsConflict'}
2025-05-29 12:47:11,635 - WARNING - Failed to load CUI cache: Ran out of input
2025-05-29 12:47:40,008 - WARNING - UMLS API returned status 401 for term 'associated with'
2025-05-29 12:47:40,010 - WARNING - 401 Unauthorized for term 'associated with' (exact), retrying...
2025-05-29 12:47:54,127 - WARNING - UMLS API returned status 401 for term 'associated with'
2025-05-29 12:47:54,129 - WARNING - 401 Unauthorized for term 'associated with' (exact), retrying...
2025-05-29 12:48:08,383 - WARNING - UMLS API returned status 401 for term 'associated with'
2025-05-29 12:48:08,383 - WARNING - 401 Unauthorized for term 'associated with' (exact), retrying...
2025-05-29 12:48:08,384 - WARNING - Failed to fetch UMLS CUI for 'associated with' after 3 attempts
2025-05-29 21:26:10,818 - WARNING - Diagnosis relevance weights for facial pain|nasal congestion|sinusitis|sinus pain|purulent nasal discharge do not sum to 1.0: 0
2025-05-29 21:26:10,819 - WARNING - Diagnosis relevance weights for cough do not sum to 1.0: 0
2025-05-29 21:26:10,819 - WARNING - Diagnosis relevance weights for headache|photophobia do not sum to 1.0: 0
2025-05-29 21:26:10,820 - WARNING - Diagnosis relevance weights for chest pain|shortness of breath|chest tightness do not sum to 1.0: 0
2025-05-29 21:26:10,820 - WARNING - Diagnosis relevance weights for epigastric pain|nausea do not sum to 1.0: 0
2025-05-29 21:26:10,820 - WARNING - Diagnosis relevance weights for knee pain|swelling do not sum to 1.0: 0
2025-05-29 21:26:10,821 - WARNING - Diagnosis relevance weights for back pain|lower back pain|backache do not sum to 1.0: 0
2025-05-29 21:26:10,821 - WARNING - Diagnosis relevance weights for fever|chills do not sum to 1.0: 0
2025-05-29 21:26:10,822 - WARNING - Diagnosis relevance weights for fatigue|obesity do not sum to 1.0: 0
2025-05-29 21:26:10,822 - WARNING - Diagnosis angina relevance weights do not sum to 1.0: 0.8
2025-05-29 21:26:10,882 - ERROR - Invalid JSON in /home/mathu/projects/hospital/departments/nlp/knowledge_base/medical_terms.json: Expecting value: line 7 column 12 (char 143). Using default data.
2025-05-29 21:26:10,965 - ERROR - Failed to create MongoDB indexes: An existing index has the same name as the requested index. When index names are not specified, they are auto generated and can cause conflicts. Please refer to our documentation. Requested index: { v: 2, unique: true, key: { term: 1 }, name: "term_1" }, existing index: { v: 2, key: { term: 1 }, name: "term_1" }, full error: {'ok': 0.0, 'errmsg': 'An existing index has the same name as the requested index. When index names are not specified, they are auto generated and can cause conflicts. Please refer to our documentation. Requested index: { v: 2, unique: true, key: { term: 1 }, name: "term_1" }, existing index: { v: 2, key: { term: 1 }, name: "term_1" }', 'code': 86, 'codeName': 'IndexKeySpecsConflict'}
2025-05-29 21:26:11,032 - ERROR - Failed to create MongoDB indexes: An existing index has the same name as the requested index. When index names are not specified, they are auto generated and can cause conflicts. Please refer to our documentation. Requested index: { v: 2, unique: true, key: { term: 1 }, name: "term_1" }, existing index: { v: 2, key: { term: 1 }, name: "term_1" }, full error: {'ok': 0.0, 'errmsg': 'An existing index has the same name as the requested index. When index names are not specified, they are auto generated and can cause conflicts. Please refer to our documentation. Requested index: { v: 2, unique: true, key: { term: 1 }, name: "term_1" }, existing index: { v: 2, key: { term: 1 }, name: "term_1" }', 'code': 86, 'codeName': 'IndexKeySpecsConflict'}
2025-05-29 21:26:12,157 - ERROR - Failed to connect to PostgreSQL database: connection to server at "localhost" (127.0.0.1), port 5432 failed: FATAL:  password authentication failed for user "postgres"
connection to server at "localhost" (127.0.0.1), port 5432 failed: FATAL:  password authentication failed for user "postgres"

2025-05-29 21:26:12,158 - ERROR - Cannot query UMLS for term 'facial pain': No database connection
2025-05-29 21:26:12,198 - ERROR - Failed to connect to PostgreSQL database: connection to server at "localhost" (127.0.0.1), port 5432 failed: FATAL:  password authentication failed for user "postgres"
connection to server at "localhost" (127.0.0.1), port 5432 failed: FATAL:  password authentication failed for user "postgres"

2025-05-29 21:26:12,337 - ERROR - Failed to connect to PostgreSQL database: connection to server at "localhost" (127.0.0.1), port 5432 failed: FATAL:  password authentication failed for user "postgres"
connection to server at "localhost" (127.0.0.1), port 5432 failed: FATAL:  password authentication failed for user "postgres"

2025-05-29 21:26:12,338 - ERROR - Cannot query UMLS for term 'nasal congestion': No database connection
2025-05-29 21:26:12,404 - ERROR - Failed to connect to PostgreSQL database: connection to server at "localhost" (127.0.0.1), port 5432 failed: FATAL:  password authentication failed for user "postgres"
connection to server at "localhost" (127.0.0.1), port 5432 failed: FATAL:  password authentication failed for user "postgres"

2025-05-29 21:26:12,527 - ERROR - Failed to connect to PostgreSQL database: connection to server at "localhost" (127.0.0.1), port 5432 failed: FATAL:  password authentication failed for user "postgres"
connection to server at "localhost" (127.0.0.1), port 5432 failed: FATAL:  password authentication failed for user "postgres"

2025-05-29 21:26:12,527 - ERROR - Cannot query UMLS for term 'purulent': No database connection
2025-05-29 21:26:12,583 - ERROR - Failed to connect to PostgreSQL database: connection to server at "localhost" (127.0.0.1), port 5432 failed: FATAL:  password authentication failed for user "postgres"
connection to server at "localhost" (127.0.0.1), port 5432 failed: FATAL:  password authentication failed for user "postgres"

2025-05-29 21:26:12,584 - ERROR - Cannot query UMLS for term 'nasal discharge': No database connection
2025-05-29 21:26:12,633 - ERROR - Failed to connect to PostgreSQL database: connection to server at "localhost" (127.0.0.1), port 5432 failed: FATAL:  password authentication failed for user "postgres"
connection to server at "localhost" (127.0.0.1), port 5432 failed: FATAL:  password authentication failed for user "postgres"

2025-05-29 21:26:12,750 - ERROR - Failed to connect to PostgreSQL database: connection to server at "localhost" (127.0.0.1), port 5432 failed: FATAL:  password authentication failed for user "postgres"
connection to server at "localhost" (127.0.0.1), port 5432 failed: FATAL:  password authentication failed for user "postgres"

2025-05-29 21:26:12,751 - ERROR - Cannot query UMLS for term 'fever': No database connection
2025-05-29 21:26:12,803 - ERROR - Failed to connect to PostgreSQL database: connection to server at "localhost" (127.0.0.1), port 5432 failed: FATAL:  password authentication failed for user "postgres"
connection to server at "localhost" (127.0.0.1), port 5432 failed: FATAL:  password authentication failed for user "postgres"

2025-05-29 21:26:12,953 - ERROR - Failed to connect to PostgreSQL database: connection to server at "localhost" (127.0.0.1), port 5432 failed: FATAL:  password authentication failed for user "postgres"
connection to server at "localhost" (127.0.0.1), port 5432 failed: FATAL:  password authentication failed for user "postgres"

2025-05-29 21:26:12,954 - ERROR - Cannot query UMLS for term 'patient': No database connection
2025-05-29 21:26:12,992 - ERROR - Failed to connect to PostgreSQL database: connection to server at "localhost" (127.0.0.1), port 5432 failed: FATAL:  password authentication failed for user "postgres"
connection to server at "localhost" (127.0.0.1), port 5432 failed: FATAL:  password authentication failed for user "postgres"

2025-05-29 21:26:12,992 - ERROR - Cannot query UMLS for term 'nasal congestion': No database connection
2025-05-29 21:26:12,993 - WARNING - Skipping non-clinical or blocked term: 'days'
2025-05-29 21:26:13,041 - ERROR - Failed to connect to PostgreSQL database: connection to server at "localhost" (127.0.0.1), port 5432 failed: FATAL:  password authentication failed for user "postgres"
connection to server at "localhost" (127.0.0.1), port 5432 failed: FATAL:  password authentication failed for user "postgres"

2025-05-29 21:26:13,041 - ERROR - Cannot query UMLS for term 'reports': No database connection
2025-05-29 21:26:13,093 - ERROR - Failed to connect to PostgreSQL database: connection to server at "localhost" (127.0.0.1), port 5432 failed: FATAL:  password authentication failed for user "postgres"
connection to server at "localhost" (127.0.0.1), port 5432 failed: FATAL:  password authentication failed for user "postgres"

2025-05-29 21:26:13,093 - ERROR - Cannot query UMLS for term 'facial pain': No database connection
2025-05-29 21:26:13,136 - ERROR - Failed to connect to PostgreSQL database: connection to server at "localhost" (127.0.0.1), port 5432 failed: FATAL:  password authentication failed for user "postgres"
connection to server at "localhost" (127.0.0.1), port 5432 failed: FATAL:  password authentication failed for user "postgres"

2025-05-29 21:26:13,137 - ERROR - Cannot query UMLS for term 'purulent': No database connection
2025-05-29 21:26:13,202 - ERROR - Failed to connect to PostgreSQL database: connection to server at "localhost" (127.0.0.1), port 5432 failed: FATAL:  password authentication failed for user "postgres"
connection to server at "localhost" (127.0.0.1), port 5432 failed: FATAL:  password authentication failed for user "postgres"

2025-05-29 21:26:13,203 - ERROR - Cannot query UMLS for term 'fever': No database connection
2025-05-29 21:26:13,245 - ERROR - Failed to connect to PostgreSQL database: connection to server at "localhost" (127.0.0.1), port 5432 failed: FATAL:  password authentication failed for user "postgres"
connection to server at "localhost" (127.0.0.1), port 5432 failed: FATAL:  password authentication failed for user "postgres"

2025-05-29 21:26:13,246 - ERROR - Cannot query UMLS for term 'nasal discharge': No database connection
2025-05-29 21:26:13,299 - ERROR - Failed to connect to PostgreSQL database: connection to server at "localhost" (127.0.0.1), port 5432 failed: FATAL:  password authentication failed for user "postgres"
connection to server at "localhost" (127.0.0.1), port 5432 failed: FATAL:  password authentication failed for user "postgres"

2025-05-29 21:26:13,445 - ERROR - Failed to connect to PostgreSQL database: connection to server at "localhost" (127.0.0.1), port 5432 failed: FATAL:  password authentication failed for user "postgres"
connection to server at "localhost" (127.0.0.1), port 5432 failed: FATAL:  password authentication failed for user "postgres"

2025-05-29 21:26:13,445 - ERROR - Cannot query UMLS for term 'headache': No database connection
2025-05-29 21:26:13,482 - ERROR - Failed to connect to PostgreSQL database: connection to server at "localhost" (127.0.0.1), port 5432 failed: FATAL:  password authentication failed for user "postgres"
connection to server at "localhost" (127.0.0.1), port 5432 failed: FATAL:  password authentication failed for user "postgres"

2025-05-29 21:26:13,618 - ERROR - Failed to connect to PostgreSQL database: connection to server at "localhost" (127.0.0.1), port 5432 failed: FATAL:  password authentication failed for user "postgres"
connection to server at "localhost" (127.0.0.1), port 5432 failed: FATAL:  password authentication failed for user "postgres"

2025-05-29 21:26:13,618 - ERROR - Cannot query UMLS for term 'headache': No database connection
2025-05-29 21:26:13,668 - ERROR - Failed to connect to PostgreSQL database: connection to server at "localhost" (127.0.0.1), port 5432 failed: FATAL:  password authentication failed for user "postgres"
connection to server at "localhost" (127.0.0.1), port 5432 failed: FATAL:  password authentication failed for user "postgres"

2025-05-29 21:26:13,669 - ERROR - Cannot query UMLS for term 'patient complains': No database connection
2025-05-29 21:26:13,722 - ERROR - Failed to connect to PostgreSQL database: connection to server at "localhost" (127.0.0.1), port 5432 failed: FATAL:  password authentication failed for user "postgres"
connection to server at "localhost" (127.0.0.1), port 5432 failed: FATAL:  password authentication failed for user "postgres"

2025-05-29 21:26:13,855 - ERROR - Failed to connect to PostgreSQL database: connection to server at "localhost" (127.0.0.1), port 5432 failed: FATAL:  password authentication failed for user "postgres"
connection to server at "localhost" (127.0.0.1), port 5432 failed: FATAL:  password authentication failed for user "postgres"

2025-05-29 21:26:13,855 - ERROR - Cannot query UMLS for term 'back pain': No database connection
2025-05-29 21:26:13,899 - ERROR - Failed to connect to PostgreSQL database: connection to server at "localhost" (127.0.0.1), port 5432 failed: FATAL:  password authentication failed for user "postgres"
connection to server at "localhost" (127.0.0.1), port 5432 failed: FATAL:  password authentication failed for user "postgres"

2025-05-29 21:26:14,012 - ERROR - Failed to connect to PostgreSQL database: connection to server at "localhost" (127.0.0.1), port 5432 failed: FATAL:  password authentication failed for user "postgres"
connection to server at "localhost" (127.0.0.1), port 5432 failed: FATAL:  password authentication failed for user "postgres"

2025-05-29 21:26:14,012 - ERROR - Cannot query UMLS for term 'pain': No database connection
2025-05-29 21:26:14,058 - ERROR - Failed to connect to PostgreSQL database: connection to server at "localhost" (127.0.0.1), port 5432 failed: FATAL:  password authentication failed for user "postgres"
connection to server at "localhost" (127.0.0.1), port 5432 failed: FATAL:  password authentication failed for user "postgres"

2025-05-29 21:26:14,058 - ERROR - Cannot query UMLS for term 'movement': No database connection
2025-05-29 21:26:14,108 - ERROR - Failed to connect to PostgreSQL database: connection to server at "localhost" (127.0.0.1), port 5432 failed: FATAL:  password authentication failed for user "postgres"
connection to server at "localhost" (127.0.0.1), port 5432 failed: FATAL:  password authentication failed for user "postgres"

2025-05-29 21:26:14,240 - ERROR - Failed to connect to PostgreSQL database: connection to server at "localhost" (127.0.0.1), port 5432 failed: FATAL:  password authentication failed for user "postgres"
connection to server at "localhost" (127.0.0.1), port 5432 failed: FATAL:  password authentication failed for user "postgres"

2025-05-29 21:26:14,241 - ERROR - Cannot query UMLS for term 'obesity': No database connection
2025-05-29 21:26:14,287 - ERROR - Failed to connect to PostgreSQL database: connection to server at "localhost" (127.0.0.1), port 5432 failed: FATAL:  password authentication failed for user "postgres"
connection to server at "localhost" (127.0.0.1), port 5432 failed: FATAL:  password authentication failed for user "postgres"

2025-05-29 21:26:14,397 - ERROR - Failed to connect to PostgreSQL database: connection to server at "localhost" (127.0.0.1), port 5432 failed: FATAL:  password authentication failed for user "postgres"
connection to server at "localhost" (127.0.0.1), port 5432 failed: FATAL:  password authentication failed for user "postgres"

2025-05-29 21:26:14,398 - ERROR - Cannot query UMLS for term 'weeks': No database connection
2025-05-29 21:26:14,444 - ERROR - Failed to connect to PostgreSQL database: connection to server at "localhost" (127.0.0.1), port 5432 failed: FATAL:  password authentication failed for user "postgres"
connection to server at "localhost" (127.0.0.1), port 5432 failed: FATAL:  password authentication failed for user "postgres"

2025-05-29 21:26:14,445 - ERROR - Cannot query UMLS for term 'back pain': No database connection
2025-05-29 21:26:14,494 - ERROR - Failed to connect to PostgreSQL database: connection to server at "localhost" (127.0.0.1), port 5432 failed: FATAL:  password authentication failed for user "postgres"
connection to server at "localhost" (127.0.0.1), port 5432 failed: FATAL:  password authentication failed for user "postgres"

2025-05-29 21:26:14,676 - ERROR - Failed to connect to PostgreSQL database: connection to server at "localhost" (127.0.0.1), port 5432 failed: FATAL:  password authentication failed for user "postgres"
connection to server at "localhost" (127.0.0.1), port 5432 failed: FATAL:  password authentication failed for user "postgres"

2025-05-29 21:26:14,677 - ERROR - Cannot query UMLS for term 'associated with': No database connection
2025-05-29 21:26:14,717 - ERROR - Failed to connect to PostgreSQL database: connection to server at "localhost" (127.0.0.1), port 5432 failed: FATAL:  password authentication failed for user "postgres"
connection to server at "localhost" (127.0.0.1), port 5432 failed: FATAL:  password authentication failed for user "postgres"

2025-05-29 21:26:14,718 - ERROR - Cannot query UMLS for term 'headache': No database connection
2025-05-29 21:26:14,718 - WARNING - Skipping non-clinical or blocked term: 'days'
2025-05-29 21:26:14,719 - WARNING - Skipping non-clinical or blocked term: 'chills'
2025-05-29 21:26:14,790 - ERROR - Failed to connect to PostgreSQL database: connection to server at "localhost" (127.0.0.1), port 5432 failed: FATAL:  password authentication failed for user "postgres"
connection to server at "localhost" (127.0.0.1), port 5432 failed: FATAL:  password authentication failed for user "postgres"

2025-05-29 21:26:14,791 - ERROR - Cannot query UMLS for term 'fevers': No database connection
2025-05-29 21:26:14,838 - ERROR - Failed to connect to PostgreSQL database: connection to server at "localhost" (127.0.0.1), port 5432 failed: FATAL:  password authentication failed for user "postgres"
connection to server at "localhost" (127.0.0.1), port 5432 failed: FATAL:  password authentication failed for user "postgres"

2025-05-29 21:26:14,839 - ERROR - Cannot query UMLS for term 'patient complains': No database connection
2025-05-29 21:26:14,896 - ERROR - Failed to connect to PostgreSQL database: connection to server at "localhost" (127.0.0.1), port 5432 failed: FATAL:  password authentication failed for user "postgres"
connection to server at "localhost" (127.0.0.1), port 5432 failed: FATAL:  password authentication failed for user "postgres"

2025-05-29 21:26:15,086 - ERROR - Failed to connect to PostgreSQL database: connection to server at "localhost" (127.0.0.1), port 5432 failed: FATAL:  password authentication failed for user "postgres"
connection to server at "localhost" (127.0.0.1), port 5432 failed: FATAL:  password authentication failed for user "postgres"

2025-05-29 21:26:15,087 - ERROR - Cannot query UMLS for term 'vomiting': No database connection
2025-05-29 21:26:15,135 - ERROR - Failed to connect to PostgreSQL database: connection to server at "localhost" (127.0.0.1), port 5432 failed: FATAL:  password authentication failed for user "postgres"
connection to server at "localhost" (127.0.0.1), port 5432 failed: FATAL:  password authentication failed for user "postgres"

2025-05-29 21:26:15,136 - ERROR - Cannot query UMLS for term 'patient': No database connection
2025-05-29 21:26:15,136 - WARNING - Skipping non-clinical or blocked term: 'eyes'
2025-05-29 21:26:15,180 - ERROR - Failed to connect to PostgreSQL database: connection to server at "localhost" (127.0.0.1), port 5432 failed: FATAL:  password authentication failed for user "postgres"
connection to server at "localhost" (127.0.0.1), port 5432 failed: FATAL:  password authentication failed for user "postgres"

2025-05-29 21:26:15,180 - ERROR - Cannot query UMLS for term 'strong': No database connection
2025-05-29 21:26:15,224 - ERROR - Failed to connect to PostgreSQL database: connection to server at "localhost" (127.0.0.1), port 5432 failed: FATAL:  password authentication failed for user "postgres"
connection to server at "localhost" (127.0.0.1), port 5432 failed: FATAL:  password authentication failed for user "postgres"

2025-05-29 21:26:15,224 - ERROR - Cannot query UMLS for term 'loss of appetite': No database connection
2025-05-29 21:26:15,272 - ERROR - Failed to connect to PostgreSQL database: connection to server at "localhost" (127.0.0.1), port 5432 failed: FATAL:  password authentication failed for user "postgres"
connection to server at "localhost" (127.0.0.1), port 5432 failed: FATAL:  password authentication failed for user "postgres"

2025-05-29 21:26:15,272 - ERROR - Cannot query UMLS for term 'jaundice': No database connection
2025-05-29 21:26:15,332 - ERROR - Failed to connect to PostgreSQL database: connection to server at "localhost" (127.0.0.1), port 5432 failed: FATAL:  password authentication failed for user "postgres"
connection to server at "localhost" (127.0.0.1), port 5432 failed: FATAL:  password authentication failed for user "postgres"

2025-05-29 21:26:15,332 - ERROR - Cannot query UMLS for term 'tea': No database connection
2025-05-29 21:26:15,377 - ERROR - Failed to connect to PostgreSQL database: connection to server at "localhost" (127.0.0.1), port 5432 failed: FATAL:  password authentication failed for user "postgres"
connection to server at "localhost" (127.0.0.1), port 5432 failed: FATAL:  password authentication failed for user "postgres"

2025-05-29 21:26:15,378 - ERROR - Cannot query UMLS for term 'fats': No database connection
2025-05-29 21:26:15,425 - ERROR - Failed to connect to PostgreSQL database: connection to server at "localhost" (127.0.0.1), port 5432 failed: FATAL:  password authentication failed for user "postgres"
connection to server at "localhost" (127.0.0.1), port 5432 failed: FATAL:  password authentication failed for user "postgres"

2025-05-29 21:26:15,425 - ERROR - Cannot query UMLS for term 'nausea': No database connection
2025-05-29 21:26:15,426 - WARNING - Skipping non-clinical or blocked term: 'worse'
2025-05-29 21:26:15,480 - ERROR - Failed to connect to PostgreSQL database: connection to server at "localhost" (127.0.0.1), port 5432 failed: FATAL:  password authentication failed for user "postgres"
connection to server at "localhost" (127.0.0.1), port 5432 failed: FATAL:  password authentication failed for user "postgres"

2025-05-29 21:26:15,480 - ERROR - Cannot query UMLS for term 'licking': No database connection
2025-05-29 21:26:15,480 - WARNING - Skipping non-clinical or blocked term: 'foods'
2025-05-29 21:26:15,529 - ERROR - Failed to connect to PostgreSQL database: connection to server at "localhost" (127.0.0.1), port 5432 failed: FATAL:  password authentication failed for user "postgres"
connection to server at "localhost" (127.0.0.1), port 5432 failed: FATAL:  password authentication failed for user "postgres"

2025-05-29 21:26:15,652 - ERROR - Failed to connect to PostgreSQL database: connection to server at "localhost" (127.0.0.1), port 5432 failed: FATAL:  password authentication failed for user "postgres"
connection to server at "localhost" (127.0.0.1), port 5432 failed: FATAL:  password authentication failed for user "postgres"

2025-05-29 21:26:15,652 - ERROR - Cannot query UMLS for term 'facial pain': No database connection
2025-05-29 21:26:15,693 - ERROR - Failed to connect to PostgreSQL database: connection to server at "localhost" (127.0.0.1), port 5432 failed: FATAL:  password authentication failed for user "postgres"
connection to server at "localhost" (127.0.0.1), port 5432 failed: FATAL:  password authentication failed for user "postgres"

2025-05-29 21:26:15,693 - ERROR - Cannot query UMLS for term 'patient': No database connection
2025-05-29 21:26:15,760 - ERROR - Failed to connect to PostgreSQL database: connection to server at "localhost" (127.0.0.1), port 5432 failed: FATAL:  password authentication failed for user "postgres"
connection to server at "localhost" (127.0.0.1), port 5432 failed: FATAL:  password authentication failed for user "postgres"

2025-05-29 21:26:15,991 - ERROR - Failed to connect to PostgreSQL database: connection to server at "localhost" (127.0.0.1), port 5432 failed: FATAL:  password authentication failed for user "postgres"
connection to server at "localhost" (127.0.0.1), port 5432 failed: FATAL:  password authentication failed for user "postgres"

2025-05-29 21:26:15,992 - ERROR - Cannot query UMLS for term 'assessment': No database connection
2025-05-29 21:26:16,042 - ERROR - Failed to connect to PostgreSQL database: connection to server at "localhost" (127.0.0.1), port 5432 failed: FATAL:  password authentication failed for user "postgres"
connection to server at "localhost" (127.0.0.1), port 5432 failed: FATAL:  password authentication failed for user "postgres"

2025-05-29 21:26:16,042 - ERROR - Cannot query UMLS for term 'weeks': No database connection
2025-05-29 21:26:16,092 - ERROR - Failed to connect to PostgreSQL database: connection to server at "localhost" (127.0.0.1), port 5432 failed: FATAL:  password authentication failed for user "postgres"
connection to server at "localhost" (127.0.0.1), port 5432 failed: FATAL:  password authentication failed for user "postgres"

2025-05-29 21:26:16,093 - ERROR - Cannot query UMLS for term 'back pain': No database connection
2025-05-29 21:26:16,137 - ERROR - Failed to connect to PostgreSQL database: connection to server at "localhost" (127.0.0.1), port 5432 failed: FATAL:  password authentication failed for user "postgres"
connection to server at "localhost" (127.0.0.1), port 5432 failed: FATAL:  password authentication failed for user "postgres"

2025-05-29 21:26:16,137 - ERROR - Cannot query UMLS for term 'patient reports': No database connection
2025-05-29 21:26:16,198 - ERROR - Failed to connect to PostgreSQL database: connection to server at "localhost" (127.0.0.1), port 5432 failed: FATAL:  password authentication failed for user "postgres"
connection to server at "localhost" (127.0.0.1), port 5432 failed: FATAL:  password authentication failed for user "postgres"

2025-05-29 21:26:16,399 - ERROR - Failed to connect to PostgreSQL database: connection to server at "localhost" (127.0.0.1), port 5432 failed: FATAL:  password authentication failed for user "postgres"
connection to server at "localhost" (127.0.0.1), port 5432 failed: FATAL:  password authentication failed for user "postgres"

2025-05-29 21:26:16,399 - ERROR - Cannot query UMLS for term 'patient': No database connection
2025-05-29 21:26:16,445 - ERROR - Failed to connect to PostgreSQL database: connection to server at "localhost" (127.0.0.1), port 5432 failed: FATAL:  password authentication failed for user "postgres"
connection to server at "localhost" (127.0.0.1), port 5432 failed: FATAL:  password authentication failed for user "postgres"

2025-05-29 21:26:16,446 - ERROR - Cannot query UMLS for term 'obese': No database connection
2025-05-29 21:26:16,487 - ERROR - Failed to connect to PostgreSQL database: connection to server at "localhost" (127.0.0.1), port 5432 failed: FATAL:  password authentication failed for user "postgres"
connection to server at "localhost" (127.0.0.1), port 5432 failed: FATAL:  password authentication failed for user "postgres"

2025-05-29 21:26:16,488 - ERROR - Cannot query UMLS for term 'backpain': No database connection
2025-05-29 21:26:16,529 - ERROR - Failed to connect to PostgreSQL database: connection to server at "localhost" (127.0.0.1), port 5432 failed: FATAL:  password authentication failed for user "postgres"
connection to server at "localhost" (127.0.0.1), port 5432 failed: FATAL:  password authentication failed for user "postgres"

2025-05-29 21:26:16,530 - ERROR - Cannot query UMLS for term 'sitting': No database connection
2025-05-29 21:26:16,579 - ERROR - Failed to connect to PostgreSQL database: connection to server at "localhost" (127.0.0.1), port 5432 failed: FATAL:  password authentication failed for user "postgres"
connection to server at "localhost" (127.0.0.1), port 5432 failed: FATAL:  password authentication failed for user "postgres"

2025-05-29 21:26:16,579 - ERROR - Cannot query UMLS for term 'standing': No database connection
2025-05-29 21:26:16,637 - ERROR - Failed to connect to PostgreSQL database: connection to server at "localhost" (127.0.0.1), port 5432 failed: FATAL:  password authentication failed for user "postgres"
connection to server at "localhost" (127.0.0.1), port 5432 failed: FATAL:  password authentication failed for user "postgres"

2025-05-29 21:26:16,637 - ERROR - Cannot query UMLS for term 'stretching': No database connection
2025-05-29 21:26:16,686 - ERROR - Failed to connect to PostgreSQL database: connection to server at "localhost" (127.0.0.1), port 5432 failed: FATAL:  password authentication failed for user "postgres"
connection to server at "localhost" (127.0.0.1), port 5432 failed: FATAL:  password authentication failed for user "postgres"

2025-05-29 21:26:16,686 - ERROR - Cannot query UMLS for term 'pain': No database connection
2025-05-29 21:26:16,729 - ERROR - Failed to connect to PostgreSQL database: connection to server at "localhost" (127.0.0.1), port 5432 failed: FATAL:  password authentication failed for user "postgres"
connection to server at "localhost" (127.0.0.1), port 5432 failed: FATAL:  password authentication failed for user "postgres"

2025-05-29 21:26:16,863 - WARNING - Skipping non-clinical or blocked term: 'days'
2025-05-29 21:26:16,903 - ERROR - Failed to connect to PostgreSQL database: connection to server at "localhost" (127.0.0.1), port 5432 failed: FATAL:  password authentication failed for user "postgres"
connection to server at "localhost" (127.0.0.1), port 5432 failed: FATAL:  password authentication failed for user "postgres"

2025-05-29 21:26:16,904 - ERROR - Cannot query UMLS for term 'reports': No database connection
2025-05-29 21:26:16,954 - ERROR - Failed to connect to PostgreSQL database: connection to server at "localhost" (127.0.0.1), port 5432 failed: FATAL:  password authentication failed for user "postgres"
connection to server at "localhost" (127.0.0.1), port 5432 failed: FATAL:  password authentication failed for user "postgres"

2025-05-29 21:26:16,955 - ERROR - Cannot query UMLS for term 'facial pain': No database connection
2025-05-29 21:26:16,988 - ERROR - Failed to connect to PostgreSQL database: connection to server at "localhost" (127.0.0.1), port 5432 failed: FATAL:  password authentication failed for user "postgres"
connection to server at "localhost" (127.0.0.1), port 5432 failed: FATAL:  password authentication failed for user "postgres"

2025-05-29 21:26:16,989 - ERROR - Cannot query UMLS for term 'maxillary sinuses': No database connection
2025-05-29 21:26:17,039 - ERROR - Failed to connect to PostgreSQL database: connection to server at "localhost" (127.0.0.1), port 5432 failed: FATAL:  password authentication failed for user "postgres"
connection to server at "localhost" (127.0.0.1), port 5432 failed: FATAL:  password authentication failed for user "postgres"

2025-05-29 21:26:17,040 - ERROR - Cannot query UMLS for term 'purulent': No database connection
2025-05-29 21:26:17,092 - ERROR - Failed to connect to PostgreSQL database: connection to server at "localhost" (127.0.0.1), port 5432 failed: FATAL:  password authentication failed for user "postgres"
connection to server at "localhost" (127.0.0.1), port 5432 failed: FATAL:  password authentication failed for user "postgres"

2025-05-29 21:26:17,093 - ERROR - Cannot query UMLS for term 'fever': No database connection
2025-05-29 21:26:17,140 - ERROR - Failed to connect to PostgreSQL database: connection to server at "localhost" (127.0.0.1), port 5432 failed: FATAL:  password authentication failed for user "postgres"
connection to server at "localhost" (127.0.0.1), port 5432 failed: FATAL:  password authentication failed for user "postgres"

2025-05-29 21:26:17,141 - ERROR - Cannot query UMLS for term 'nasal discharge': No database connection
2025-05-29 21:26:17,177 - ERROR - Failed to connect to PostgreSQL database: connection to server at "localhost" (127.0.0.1), port 5432 failed: FATAL:  password authentication failed for user "postgres"
connection to server at "localhost" (127.0.0.1), port 5432 failed: FATAL:  password authentication failed for user "postgres"

2025-05-29 21:26:17,400 - ERROR - Failed to connect to PostgreSQL database: connection to server at "localhost" (127.0.0.1), port 5432 failed: FATAL:  password authentication failed for user "postgres"
connection to server at "localhost" (127.0.0.1), port 5432 failed: FATAL:  password authentication failed for user "postgres"

2025-05-29 21:26:17,401 - ERROR - Cannot query UMLS for term 'sinusitis': No database connection
2025-05-29 21:26:17,441 - ERROR - Failed to connect to PostgreSQL database: connection to server at "localhost" (127.0.0.1), port 5432 failed: FATAL:  password authentication failed for user "postgres"
connection to server at "localhost" (127.0.0.1), port 5432 failed: FATAL:  password authentication failed for user "postgres"

2025-05-29 21:26:17,441 - ERROR - Cannot query UMLS for term 'viral sinusitis': No database connection
2025-05-29 21:26:17,489 - ERROR - Failed to connect to PostgreSQL database: connection to server at "localhost" (127.0.0.1), port 5432 failed: FATAL:  password authentication failed for user "postgres"
connection to server at "localhost" (127.0.0.1), port 5432 failed: FATAL:  password authentication failed for user "postgres"

2025-05-29 21:26:17,489 - ERROR - Cannot query UMLS for term 'headache': No database connection
2025-05-29 21:26:17,530 - ERROR - Failed to connect to PostgreSQL database: connection to server at "localhost" (127.0.0.1), port 5432 failed: FATAL:  password authentication failed for user "postgres"
connection to server at "localhost" (127.0.0.1), port 5432 failed: FATAL:  password authentication failed for user "postgres"

2025-05-29 21:26:17,530 - ERROR - Cannot query UMLS for term 'respiratory infection': No database connection
2025-05-29 21:26:17,589 - ERROR - Failed to connect to PostgreSQL database: connection to server at "localhost" (127.0.0.1), port 5432 failed: FATAL:  password authentication failed for user "postgres"
connection to server at "localhost" (127.0.0.1), port 5432 failed: FATAL:  password authentication failed for user "postgres"

2025-05-29 21:26:17,589 - ERROR - Cannot query UMLS for term 'cardiovascular': No database connection
2025-05-29 21:26:17,656 - ERROR - Failed to connect to PostgreSQL database: connection to server at "localhost" (127.0.0.1), port 5432 failed: FATAL:  password authentication failed for user "postgres"
connection to server at "localhost" (127.0.0.1), port 5432 failed: FATAL:  password authentication failed for user "postgres"

2025-05-29 21:26:17,657 - ERROR - Cannot query UMLS for term 'allergic rhinitis': No database connection
2025-05-29 21:26:17,707 - ERROR - Failed to connect to PostgreSQL database: connection to server at "localhost" (127.0.0.1), port 5432 failed: FATAL:  password authentication failed for user "postgres"
connection to server at "localhost" (127.0.0.1), port 5432 failed: FATAL:  password authentication failed for user "postgres"

2025-05-29 21:26:17,707 - ERROR - Cannot query UMLS for term 'endocrine': No database connection
2025-05-29 21:26:17,749 - ERROR - Failed to connect to PostgreSQL database: connection to server at "localhost" (127.0.0.1), port 5432 failed: FATAL:  password authentication failed for user "postgres"
connection to server at "localhost" (127.0.0.1), port 5432 failed: FATAL:  password authentication failed for user "postgres"

2025-05-29 21:26:17,750 - ERROR - Cannot query UMLS for term 'stable': No database connection
2025-05-29 21:26:17,805 - ERROR - Failed to connect to PostgreSQL database: connection to server at "localhost" (127.0.0.1), port 5432 failed: FATAL:  password authentication failed for user "postgres"
connection to server at "localhost" (127.0.0.1), port 5432 failed: FATAL:  password authentication failed for user "postgres"

2025-05-29 21:26:17,805 - ERROR - Cannot query UMLS for term 'diabetes': No database connection
2025-05-29 21:26:17,863 - ERROR - Failed to connect to PostgreSQL database: connection to server at "localhost" (127.0.0.1), port 5432 failed: FATAL:  password authentication failed for user "postgres"
connection to server at "localhost" (127.0.0.1), port 5432 failed: FATAL:  password authentication failed for user "postgres"

2025-05-29 21:26:17,864 - ERROR - Cannot query UMLS for term 'acute abnormalities': No database connection
2025-05-29 21:26:17,918 - ERROR - Failed to connect to PostgreSQL database: connection to server at "localhost" (127.0.0.1), port 5432 failed: FATAL:  password authentication failed for user "postgres"
connection to server at "localhost" (127.0.0.1), port 5432 failed: FATAL:  password authentication failed for user "postgres"

2025-05-29 21:26:17,919 - ERROR - Cannot query UMLS for term 'viral upper': No database connection
2025-05-29 21:26:17,968 - ERROR - Failed to connect to PostgreSQL database: connection to server at "localhost" (127.0.0.1), port 5432 failed: FATAL:  password authentication failed for user "postgres"
connection to server at "localhost" (127.0.0.1), port 5432 failed: FATAL:  password authentication failed for user "postgres"

2025-05-29 21:26:17,968 - ERROR - Cannot query UMLS for term 'differential': No database connection
2025-05-29 21:26:18,021 - ERROR - Failed to connect to PostgreSQL database: connection to server at "localhost" (127.0.0.1), port 5432 failed: FATAL:  password authentication failed for user "postgres"
connection to server at "localhost" (127.0.0.1), port 5432 failed: FATAL:  password authentication failed for user "postgres"

2025-05-29 21:26:18,021 - ERROR - Cannot query UMLS for term 'pulmonary': No database connection
2025-05-29 21:26:18,056 - ERROR - Failed to connect to PostgreSQL database: connection to server at "localhost" (127.0.0.1), port 5432 failed: FATAL:  password authentication failed for user "postgres"
connection to server at "localhost" (127.0.0.1), port 5432 failed: FATAL:  password authentication failed for user "postgres"

2025-05-29 21:26:18,056 - ERROR - Cannot query UMLS for term 'secondary to': No database connection
2025-05-29 21:26:18,139 - ERROR - Failed to connect to PostgreSQL database: connection to server at "localhost" (127.0.0.1), port 5432 failed: FATAL:  password authentication failed for user "postgres"
connection to server at "localhost" (127.0.0.1), port 5432 failed: FATAL:  password authentication failed for user "postgres"

2025-05-29 21:26:18,139 - ERROR - Cannot query UMLS for term 'hypertension': No database connection
2025-05-29 21:26:18,199 - ERROR - Failed to connect to PostgreSQL database: connection to server at "localhost" (127.0.0.1), port 5432 failed: FATAL:  password authentication failed for user "postgres"
connection to server at "localhost" (127.0.0.1), port 5432 failed: FATAL:  password authentication failed for user "postgres"

2025-05-29 21:26:18,200 - ERROR - Cannot query UMLS for term 'neurological': No database connection
2025-05-29 21:26:18,243 - ERROR - Failed to connect to PostgreSQL database: connection to server at "localhost" (127.0.0.1), port 5432 failed: FATAL:  password authentication failed for user "postgres"
connection to server at "localhost" (127.0.0.1), port 5432 failed: FATAL:  password authentication failed for user "postgres"

2025-05-29 21:26:18,385 - ERROR - Failed to connect to PostgreSQL database: connection to server at "localhost" (127.0.0.1), port 5432 failed: FATAL:  password authentication failed for user "postgres"
connection to server at "localhost" (127.0.0.1), port 5432 failed: FATAL:  password authentication failed for user "postgres"

2025-05-29 21:26:18,386 - ERROR - Cannot query UMLS for term 'pain': No database connection
2025-05-29 21:26:18,426 - ERROR - Failed to connect to PostgreSQL database: connection to server at "localhost" (127.0.0.1), port 5432 failed: FATAL:  password authentication failed for user "postgres"
connection to server at "localhost" (127.0.0.1), port 5432 failed: FATAL:  password authentication failed for user "postgres"

2025-05-29 21:26:18,426 - ERROR - Cannot query UMLS for term 'radiating': No database connection
2025-05-29 21:26:18,478 - ERROR - Failed to connect to PostgreSQL database: connection to server at "localhost" (127.0.0.1), port 5432 failed: FATAL:  password authentication failed for user "postgres"
connection to server at "localhost" (127.0.0.1), port 5432 failed: FATAL:  password authentication failed for user "postgres"

2025-05-29 21:26:18,618 - ERROR - Failed to connect to PostgreSQL database: connection to server at "localhost" (127.0.0.1), port 5432 failed: FATAL:  password authentication failed for user "postgres"
connection to server at "localhost" (127.0.0.1), port 5432 failed: FATAL:  password authentication failed for user "postgres"

2025-05-29 21:26:18,619 - ERROR - Cannot query UMLS for term 'nasal congestion': No database connection
2025-05-29 21:26:18,659 - ERROR - Failed to connect to PostgreSQL database: connection to server at "localhost" (127.0.0.1), port 5432 failed: FATAL:  password authentication failed for user "postgres"
connection to server at "localhost" (127.0.0.1), port 5432 failed: FATAL:  password authentication failed for user "postgres"

2025-05-29 21:26:18,660 - ERROR - Cannot query UMLS for term 'bilateral': No database connection
2025-05-29 21:26:18,701 - ERROR - Failed to connect to PostgreSQL database: connection to server at "localhost" (127.0.0.1), port 5432 failed: FATAL:  password authentication failed for user "postgres"
connection to server at "localhost" (127.0.0.1), port 5432 failed: FATAL:  password authentication failed for user "postgres"

2025-05-29 21:26:18,933 - ERROR - Failed to connect to PostgreSQL database: connection to server at "localhost" (127.0.0.1), port 5432 failed: FATAL:  password authentication failed for user "postgres"
connection to server at "localhost" (127.0.0.1), port 5432 failed: FATAL:  password authentication failed for user "postgres"

2025-05-29 21:26:18,934 - ERROR - Cannot query UMLS for term 'associated with': No database connection
2025-05-29 21:26:18,975 - ERROR - Failed to connect to PostgreSQL database: connection to server at "localhost" (127.0.0.1), port 5432 failed: FATAL:  password authentication failed for user "postgres"
connection to server at "localhost" (127.0.0.1), port 5432 failed: FATAL:  password authentication failed for user "postgres"

2025-05-29 21:26:18,976 - ERROR - Cannot query UMLS for term 'sinus pain': No database connection
2025-05-29 21:26:18,976 - WARNING - Skipping non-clinical or blocked term: 'days'
2025-05-29 21:26:19,021 - ERROR - Failed to connect to PostgreSQL database: connection to server at "localhost" (127.0.0.1), port 5432 failed: FATAL:  password authentication failed for user "postgres"
connection to server at "localhost" (127.0.0.1), port 5432 failed: FATAL:  password authentication failed for user "postgres"

2025-05-29 21:26:19,021 - ERROR - Cannot query UMLS for term 'cardiovascular': No database connection
2025-05-29 21:26:19,056 - ERROR - Failed to connect to PostgreSQL database: connection to server at "localhost" (127.0.0.1), port 5432 failed: FATAL:  password authentication failed for user "postgres"
connection to server at "localhost" (127.0.0.1), port 5432 failed: FATAL:  password authentication failed for user "postgres"

2025-05-29 21:26:19,056 - ERROR - Cannot query UMLS for term 'hearing loss': No database connection
2025-05-29 21:26:19,146 - ERROR - Failed to connect to PostgreSQL database: connection to server at "localhost" (127.0.0.1), port 5432 failed: FATAL:  password authentication failed for user "postgres"
connection to server at "localhost" (127.0.0.1), port 5432 failed: FATAL:  password authentication failed for user "postgres"

2025-05-29 21:26:19,147 - ERROR - Cannot query UMLS for term 'pulmonary': No database connection
2025-05-29 21:26:19,205 - ERROR - Failed to connect to PostgreSQL database: connection to server at "localhost" (127.0.0.1), port 5432 failed: FATAL:  password authentication failed for user "postgres"
connection to server at "localhost" (127.0.0.1), port 5432 failed: FATAL:  password authentication failed for user "postgres"

2025-05-29 21:26:19,205 - ERROR - Cannot query UMLS for term 'mild headache': No database connection
2025-05-29 21:26:19,255 - ERROR - Failed to connect to PostgreSQL database: connection to server at "localhost" (127.0.0.1), port 5432 failed: FATAL:  password authentication failed for user "postgres"
connection to server at "localhost" (127.0.0.1), port 5432 failed: FATAL:  password authentication failed for user "postgres"

2025-05-29 21:26:19,256 - ERROR - Cannot query UMLS for term 'shortness of breath': No database connection
2025-05-29 21:26:19,301 - ERROR - Failed to connect to PostgreSQL database: connection to server at "localhost" (127.0.0.1), port 5432 failed: FATAL:  password authentication failed for user "postgres"
connection to server at "localhost" (127.0.0.1), port 5432 failed: FATAL:  password authentication failed for user "postgres"

2025-05-29 21:26:19,301 - ERROR - Cannot query UMLS for term 'low-grade': No database connection
2025-05-29 21:26:19,335 - ERROR - Failed to connect to PostgreSQL database: connection to server at "localhost" (127.0.0.1), port 5432 failed: FATAL:  password authentication failed for user "postgres"
connection to server at "localhost" (127.0.0.1), port 5432 failed: FATAL:  password authentication failed for user "postgres"

2025-05-29 21:26:19,336 - ERROR - Cannot query UMLS for term 'neurological': No database connection
2025-05-29 21:26:19,388 - ERROR - Failed to connect to PostgreSQL database: connection to server at "localhost" (127.0.0.1), port 5432 failed: FATAL:  password authentication failed for user "postgres"
connection to server at "localhost" (127.0.0.1), port 5432 failed: FATAL:  password authentication failed for user "postgres"

2025-05-29 21:26:19,388 - ERROR - Cannot query UMLS for term 'purulent': No database connection
2025-05-29 21:26:19,450 - ERROR - Failed to connect to PostgreSQL database: connection to server at "localhost" (127.0.0.1), port 5432 failed: FATAL:  password authentication failed for user "postgres"
connection to server at "localhost" (127.0.0.1), port 5432 failed: FATAL:  password authentication failed for user "postgres"

2025-05-29 21:26:19,451 - ERROR - Cannot query UMLS for term 'palpitations': No database connection
2025-05-29 21:26:19,500 - ERROR - Failed to connect to PostgreSQL database: connection to server at "localhost" (127.0.0.1), port 5432 failed: FATAL:  password authentication failed for user "postgres"
connection to server at "localhost" (127.0.0.1), port 5432 failed: FATAL:  password authentication failed for user "postgres"

2025-05-29 21:26:19,500 - ERROR - Cannot query UMLS for term 'chest pain': No database connection
2025-05-29 21:26:19,548 - ERROR - Failed to connect to PostgreSQL database: connection to server at "localhost" (127.0.0.1), port 5432 failed: FATAL:  password authentication failed for user "postgres"
connection to server at "localhost" (127.0.0.1), port 5432 failed: FATAL:  password authentication failed for user "postgres"

2025-05-29 21:26:19,549 - ERROR - Cannot query UMLS for term 'no cough': No database connection
2025-05-29 21:26:19,596 - ERROR - Failed to connect to PostgreSQL database: connection to server at "localhost" (127.0.0.1), port 5432 failed: FATAL:  password authentication failed for user "postgres"
connection to server at "localhost" (127.0.0.1), port 5432 failed: FATAL:  password authentication failed for user "postgres"

2025-05-29 21:26:19,596 - ERROR - Cannot query UMLS for term 'nasal discharge': No database connection
2025-05-29 21:26:19,640 - ERROR - Failed to connect to PostgreSQL database: connection to server at "localhost" (127.0.0.1), port 5432 failed: FATAL:  password authentication failed for user "postgres"
connection to server at "localhost" (127.0.0.1), port 5432 failed: FATAL:  password authentication failed for user "postgres"

2025-05-29 21:26:19,892 - ERROR - Failed to connect to PostgreSQL database: connection to server at "localhost" (127.0.0.1), port 5432 failed: FATAL:  password authentication failed for user "postgres"
connection to server at "localhost" (127.0.0.1), port 5432 failed: FATAL:  password authentication failed for user "postgres"

2025-05-29 21:26:19,892 - ERROR - Cannot query UMLS for term 'dermatologic': No database connection
2025-05-29 21:26:19,939 - ERROR - Failed to connect to PostgreSQL database: connection to server at "localhost" (127.0.0.1), port 5432 failed: FATAL:  password authentication failed for user "postgres"
connection to server at "localhost" (127.0.0.1), port 5432 failed: FATAL:  password authentication failed for user "postgres"

2025-05-29 21:26:19,939 - ERROR - Cannot query UMLS for term 'consistent with': No database connection
2025-05-29 21:26:19,976 - ERROR - Failed to connect to PostgreSQL database: connection to server at "localhost" (127.0.0.1), port 5432 failed: FATAL:  password authentication failed for user "postgres"
connection to server at "localhost" (127.0.0.1), port 5432 failed: FATAL:  password authentication failed for user "postgres"

2025-05-29 21:26:19,977 - ERROR - Cannot query UMLS for term 'mood changes': No database connection
2025-05-29 21:26:19,977 - WARNING - Skipping non-clinical or blocked term: 'gastrointestinal'
2025-05-29 21:26:19,977 - WARNING - Skipping non-clinical or blocked term: 'psychiatric'
2025-05-29 21:26:20,037 - ERROR - Failed to connect to PostgreSQL database: connection to server at "localhost" (127.0.0.1), port 5432 failed: FATAL:  password authentication failed for user "postgres"
connection to server at "localhost" (127.0.0.1), port 5432 failed: FATAL:  password authentication failed for user "postgres"

2025-05-29 21:26:20,038 - ERROR - Cannot query UMLS for term 'weight changes': No database connection
2025-05-29 21:26:20,038 - WARNING - Skipping non-clinical or blocked term: 'hematologic'
2025-05-29 21:26:20,111 - ERROR - Failed to connect to PostgreSQL database: connection to server at "localhost" (127.0.0.1), port 5432 failed: FATAL:  password authentication failed for user "postgres"
connection to server at "localhost" (127.0.0.1), port 5432 failed: FATAL:  password authentication failed for user "postgres"

2025-05-29 21:26:20,112 - ERROR - Cannot query UMLS for term 'diarrhea': No database connection
2025-05-29 21:26:20,169 - ERROR - Failed to connect to PostgreSQL database: connection to server at "localhost" (127.0.0.1), port 5432 failed: FATAL:  password authentication failed for user "postgres"
connection to server at "localhost" (127.0.0.1), port 5432 failed: FATAL:  password authentication failed for user "postgres"

2025-05-29 21:26:20,169 - ERROR - Cannot query UMLS for term 'no dizziness': No database connection
2025-05-29 21:26:20,203 - ERROR - Failed to connect to PostgreSQL database: connection to server at "localhost" (127.0.0.1), port 5432 failed: FATAL:  password authentication failed for user "postgres"
connection to server at "localhost" (127.0.0.1), port 5432 failed: FATAL:  password authentication failed for user "postgres"

2025-05-29 21:26:20,203 - ERROR - Cannot query UMLS for term 'primary assessment': No database connection
2025-05-29 21:26:20,273 - ERROR - Failed to connect to PostgreSQL database: connection to server at "localhost" (127.0.0.1), port 5432 failed: FATAL:  password authentication failed for user "postgres"
connection to server at "localhost" (127.0.0.1), port 5432 failed: FATAL:  password authentication failed for user "postgres"

2025-05-29 21:26:20,274 - ERROR - Cannot query UMLS for term 'ophthalmologic': No database connection
2025-05-29 21:26:20,345 - ERROR - Failed to connect to PostgreSQL database: connection to server at "localhost" (127.0.0.1), port 5432 failed: FATAL:  password authentication failed for user "postgres"
connection to server at "localhost" (127.0.0.1), port 5432 failed: FATAL:  password authentication failed for user "postgres"

2025-05-29 21:26:20,346 - ERROR - Cannot query UMLS for term 'genitourinary': No database connection
2025-05-29 21:26:20,408 - ERROR - Failed to connect to PostgreSQL database: connection to server at "localhost" (127.0.0.1), port 5432 failed: FATAL:  password authentication failed for user "postgres"
connection to server at "localhost" (127.0.0.1), port 5432 failed: FATAL:  password authentication failed for user "postgres"

2025-05-29 21:26:20,408 - ERROR - Cannot query UMLS for term 'urinary changes': No database connection
2025-05-29 21:26:20,449 - ERROR - Failed to connect to PostgreSQL database: connection to server at "localhost" (127.0.0.1), port 5432 failed: FATAL:  password authentication failed for user "postgres"
connection to server at "localhost" (127.0.0.1), port 5432 failed: FATAL:  password authentication failed for user "postgres"

2025-05-29 21:26:20,450 - ERROR - Cannot query UMLS for term 'stiffness': No database connection
2025-05-29 21:26:20,497 - ERROR - Failed to connect to PostgreSQL database: connection to server at "localhost" (127.0.0.1), port 5432 failed: FATAL:  password authentication failed for user "postgres"
connection to server at "localhost" (127.0.0.1), port 5432 failed: FATAL:  password authentication failed for user "postgres"

2025-05-29 21:26:20,498 - ERROR - Cannot query UMLS for term 'bruising': No database connection
2025-05-29 21:26:20,498 - WARNING - Skipping non-clinical or blocked term: 'vision'
2025-05-29 21:26:20,540 - ERROR - Failed to connect to PostgreSQL database: connection to server at "localhost" (127.0.0.1), port 5432 failed: FATAL:  password authentication failed for user "postgres"
connection to server at "localhost" (127.0.0.1), port 5432 failed: FATAL:  password authentication failed for user "postgres"

2025-05-29 21:26:20,541 - ERROR - Cannot query UMLS for term 'no rashes': No database connection
2025-05-29 21:26:20,587 - ERROR - Failed to connect to PostgreSQL database: connection to server at "localhost" (127.0.0.1), port 5432 failed: FATAL:  password authentication failed for user "postgres"
connection to server at "localhost" (127.0.0.1), port 5432 failed: FATAL:  password authentication failed for user "postgres"

2025-05-29 21:26:20,587 - ERROR - Cannot query UMLS for term 'endocrine': No database connection
2025-05-29 21:26:20,644 - ERROR - Failed to connect to PostgreSQL database: connection to server at "localhost" (127.0.0.1), port 5432 failed: FATAL:  password authentication failed for user "postgres"
connection to server at "localhost" (127.0.0.1), port 5432 failed: FATAL:  password authentication failed for user "postgres"

2025-05-29 21:26:20,645 - ERROR - Cannot query UMLS for term 'lesions': No database connection
2025-05-29 21:26:20,646 - WARNING - Skipping non-clinical or blocked term: 'symptoms'
2025-05-29 21:26:20,687 - ERROR - Failed to connect to PostgreSQL database: connection to server at "localhost" (127.0.0.1), port 5432 failed: FATAL:  password authentication failed for user "postgres"
connection to server at "localhost" (127.0.0.1), port 5432 failed: FATAL:  password authentication failed for user "postgres"

2025-05-29 21:26:20,687 - ERROR - Cannot query UMLS for term 'no joint pain': No database connection
2025-05-29 21:26:20,738 - ERROR - Failed to connect to PostgreSQL database: connection to server at "localhost" (127.0.0.1), port 5432 failed: FATAL:  password authentication failed for user "postgres"
connection to server at "localhost" (127.0.0.1), port 5432 failed: FATAL:  password authentication failed for user "postgres"

2025-05-29 21:26:20,738 - ERROR - Cannot query UMLS for term 'bacterial sinusitis': No database connection
2025-05-29 21:26:20,802 - ERROR - Failed to connect to PostgreSQL database: connection to server at "localhost" (127.0.0.1), port 5432 failed: FATAL:  password authentication failed for user "postgres"
connection to server at "localhost" (127.0.0.1), port 5432 failed: FATAL:  password authentication failed for user "postgres"

2025-05-29 21:26:20,803 - ERROR - Cannot query UMLS for term 'acute': No database connection
2025-05-29 21:26:20,899 - ERROR - Failed to connect to PostgreSQL database: connection to server at "localhost" (127.0.0.1), port 5432 failed: FATAL:  password authentication failed for user "postgres"
connection to server at "localhost" (127.0.0.1), port 5432 failed: FATAL:  password authentication failed for user "postgres"

2025-05-29 21:26:20,899 - ERROR - Cannot query UMLS for term 'bleeding': No database connection
2025-05-29 21:26:20,960 - ERROR - Failed to connect to PostgreSQL database: connection to server at "localhost" (127.0.0.1), port 5432 failed: FATAL:  password authentication failed for user "postgres"
connection to server at "localhost" (127.0.0.1), port 5432 failed: FATAL:  password authentication failed for user "postgres"

2025-05-29 21:26:20,960 - ERROR - Cannot query UMLS for term 'nausea': No database connection
2025-05-29 21:26:21,035 - ERROR - Failed to connect to PostgreSQL database: connection to server at "localhost" (127.0.0.1), port 5432 failed: FATAL:  password authentication failed for user "postgres"
connection to server at "localhost" (127.0.0.1), port 5432 failed: FATAL:  password authentication failed for user "postgres"

2025-05-29 21:32:47,685 - WARNING - Diagnosis relevance weights for facial pain|nasal congestion|sinusitis|sinus pain|purulent nasal discharge do not sum to 1.0: 0
2025-05-29 21:32:47,685 - WARNING - Diagnosis relevance weights for cough do not sum to 1.0: 0
2025-05-29 21:32:47,686 - WARNING - Diagnosis relevance weights for headache|photophobia do not sum to 1.0: 0
2025-05-29 21:32:47,686 - WARNING - Diagnosis relevance weights for chest pain|shortness of breath|chest tightness do not sum to 1.0: 0
2025-05-29 21:32:47,686 - WARNING - Diagnosis relevance weights for epigastric pain|nausea do not sum to 1.0: 0
2025-05-29 21:32:47,687 - WARNING - Diagnosis relevance weights for knee pain|swelling do not sum to 1.0: 0
2025-05-29 21:32:47,687 - WARNING - Diagnosis relevance weights for back pain|lower back pain|backache do not sum to 1.0: 0
2025-05-29 21:32:47,687 - WARNING - Diagnosis relevance weights for fever|chills do not sum to 1.0: 0
2025-05-29 21:32:47,688 - WARNING - Diagnosis relevance weights for fatigue|obesity do not sum to 1.0: 0
2025-05-29 21:32:47,688 - WARNING - Diagnosis angina relevance weights do not sum to 1.0: 0.8
2025-05-29 21:32:47,740 - ERROR - Invalid JSON in /home/mathu/projects/hospital/departments/nlp/knowledge_base/medical_terms.json: Expecting value: line 7 column 12 (char 143). Using default data.
2025-05-29 21:32:47,809 - ERROR - Failed to create MongoDB indexes: An existing index has the same name as the requested index. When index names are not specified, they are auto generated and can cause conflicts. Please refer to our documentation. Requested index: { v: 2, unique: true, key: { term: 1 }, name: "term_1" }, existing index: { v: 2, key: { term: 1 }, name: "term_1" }, full error: {'ok': 0.0, 'errmsg': 'An existing index has the same name as the requested index. When index names are not specified, they are auto generated and can cause conflicts. Please refer to our documentation. Requested index: { v: 2, unique: true, key: { term: 1 }, name: "term_1" }, existing index: { v: 2, key: { term: 1 }, name: "term_1" }', 'code': 86, 'codeName': 'IndexKeySpecsConflict'}
2025-05-29 21:32:47,859 - ERROR - Failed to create MongoDB indexes: An existing index has the same name as the requested index. When index names are not specified, they are auto generated and can cause conflicts. Please refer to our documentation. Requested index: { v: 2, unique: true, key: { term: 1 }, name: "term_1" }, existing index: { v: 2, key: { term: 1 }, name: "term_1" }, full error: {'ok': 0.0, 'errmsg': 'An existing index has the same name as the requested index. When index names are not specified, they are auto generated and can cause conflicts. Please refer to our documentation. Requested index: { v: 2, unique: true, key: { term: 1 }, name: "term_1" }, existing index: { v: 2, key: { term: 1 }, name: "term_1" }', 'code': 86, 'codeName': 'IndexKeySpecsConflict'}
2025-05-29 21:32:48,860 - ERROR - Attempt 1/3 failed for term 'facial pain': relation "mrconso" does not exist
LINE 3:                     FROM MRCONSO c
                                 ^

2025-05-29 21:32:48,860 - ERROR - Attempt 2/3 failed for term 'facial pain': current transaction is aborted, commands ignored until end of transaction block

2025-05-29 21:32:48,861 - ERROR - Attempt 3/3 failed for term 'facial pain': current transaction is aborted, commands ignored until end of transaction block

2025-05-29 21:32:48,861 - ERROR - Max retries reached for term 'facial pain'
2025-05-29 21:32:48,878 - WARNING - Failed to fetch semantic type for CUI NO_CUI_facial pain: relation "mrsty" does not exist
LINE 3:                             FROM MRSTY sty
                                         ^

2025-05-29 21:32:48,984 - ERROR - Attempt 1/3 failed for term 'nasal congestion': relation "mrconso" does not exist
LINE 3:                     FROM MRCONSO c
                                 ^

2025-05-29 21:32:48,984 - ERROR - Attempt 2/3 failed for term 'nasal congestion': current transaction is aborted, commands ignored until end of transaction block

2025-05-29 21:32:48,985 - ERROR - Attempt 3/3 failed for term 'nasal congestion': current transaction is aborted, commands ignored until end of transaction block

2025-05-29 21:32:48,985 - ERROR - Max retries reached for term 'nasal congestion'
2025-05-29 21:32:48,999 - WARNING - Failed to fetch semantic type for CUI NO_CUI_nasal congestion: relation "mrsty" does not exist
LINE 3:                             FROM MRSTY sty
                                         ^

2025-05-29 21:32:49,107 - ERROR - Attempt 1/3 failed for term 'purulent': relation "mrconso" does not exist
LINE 3:                     FROM MRCONSO c
                                 ^

2025-05-29 21:32:49,108 - ERROR - Attempt 2/3 failed for term 'purulent': current transaction is aborted, commands ignored until end of transaction block

2025-05-29 21:32:49,109 - ERROR - Attempt 3/3 failed for term 'purulent': current transaction is aborted, commands ignored until end of transaction block

2025-05-29 21:32:49,109 - ERROR - Max retries reached for term 'purulent'
2025-05-29 21:32:49,120 - ERROR - Attempt 1/3 failed for term 'nasal discharge': relation "mrconso" does not exist
LINE 3:                     FROM MRCONSO c
                                 ^

2025-05-29 21:32:49,120 - ERROR - Attempt 2/3 failed for term 'nasal discharge': current transaction is aborted, commands ignored until end of transaction block

2025-05-29 21:32:49,121 - ERROR - Attempt 3/3 failed for term 'nasal discharge': current transaction is aborted, commands ignored until end of transaction block

2025-05-29 21:32:49,121 - ERROR - Max retries reached for term 'nasal discharge'
2025-05-29 21:32:49,135 - WARNING - Failed to fetch semantic type for CUI NO_CUI_purulent nasal discharge: relation "mrsty" does not exist
LINE 3:                             FROM MRSTY sty
                                         ^

2025-05-29 21:32:49,253 - ERROR - Attempt 1/3 failed for term 'fever': relation "mrconso" does not exist
LINE 3:                     FROM MRCONSO c
                                 ^

2025-05-29 21:32:49,253 - ERROR - Attempt 2/3 failed for term 'fever': current transaction is aborted, commands ignored until end of transaction block

2025-05-29 21:32:49,254 - ERROR - Attempt 3/3 failed for term 'fever': current transaction is aborted, commands ignored until end of transaction block

2025-05-29 21:32:49,254 - ERROR - Max retries reached for term 'fever'
2025-05-29 21:32:49,269 - WARNING - Failed to fetch semantic type for CUI NO_CUI_fever: relation "mrsty" does not exist
LINE 3:                             FROM MRSTY sty
                                         ^

2025-05-29 21:32:49,390 - WARNING - Skipping non-clinical or blocked term: 'days'
2025-05-29 21:32:49,399 - ERROR - Attempt 1/3 failed for term 'facial pain': relation "mrconso" does not exist
LINE 3:                     FROM MRCONSO c
                                 ^

2025-05-29 21:32:49,400 - ERROR - Attempt 2/3 failed for term 'facial pain': current transaction is aborted, commands ignored until end of transaction block

2025-05-29 21:32:49,401 - ERROR - Attempt 3/3 failed for term 'facial pain': current transaction is aborted, commands ignored until end of transaction block

2025-05-29 21:32:49,401 - ERROR - Max retries reached for term 'facial pain'
2025-05-29 21:32:49,413 - ERROR - Attempt 1/3 failed for term 'nasal discharge': relation "mrconso" does not exist
LINE 3:                     FROM MRCONSO c
                                 ^

2025-05-29 21:32:49,414 - ERROR - Attempt 2/3 failed for term 'nasal discharge': current transaction is aborted, commands ignored until end of transaction block

2025-05-29 21:32:49,415 - ERROR - Attempt 3/3 failed for term 'nasal discharge': current transaction is aborted, commands ignored until end of transaction block

2025-05-29 21:32:49,416 - ERROR - Max retries reached for term 'nasal discharge'
2025-05-29 21:32:49,428 - ERROR - Attempt 1/3 failed for term 'fever': relation "mrconso" does not exist
LINE 3:                     FROM MRCONSO c
                                 ^

2025-05-29 21:32:49,429 - ERROR - Attempt 2/3 failed for term 'fever': current transaction is aborted, commands ignored until end of transaction block

2025-05-29 21:32:49,430 - ERROR - Attempt 3/3 failed for term 'fever': current transaction is aborted, commands ignored until end of transaction block

2025-05-29 21:32:49,431 - ERROR - Max retries reached for term 'fever'
2025-05-29 21:32:49,446 - ERROR - Attempt 1/3 failed for term 'patient': relation "mrconso" does not exist
LINE 3:                     FROM MRCONSO c
                                 ^

2025-05-29 21:32:49,447 - ERROR - Attempt 2/3 failed for term 'patient': current transaction is aborted, commands ignored until end of transaction block

2025-05-29 21:32:49,449 - ERROR - Attempt 3/3 failed for term 'patient': current transaction is aborted, commands ignored until end of transaction block

2025-05-29 21:32:49,449 - ERROR - Max retries reached for term 'patient'
2025-05-29 21:32:49,474 - ERROR - Attempt 1/3 failed for term 'nasal congestion': relation "mrconso" does not exist
LINE 3:                     FROM MRCONSO c
                                 ^

2025-05-29 21:32:49,475 - ERROR - Attempt 2/3 failed for term 'nasal congestion': current transaction is aborted, commands ignored until end of transaction block

2025-05-29 21:32:49,476 - ERROR - Attempt 3/3 failed for term 'nasal congestion': current transaction is aborted, commands ignored until end of transaction block

2025-05-29 21:32:49,476 - ERROR - Max retries reached for term 'nasal congestion'
2025-05-29 21:32:49,498 - ERROR - Attempt 1/3 failed for term 'purulent': relation "mrconso" does not exist
LINE 3:                     FROM MRCONSO c
                                 ^

2025-05-29 21:32:49,499 - ERROR - Attempt 2/3 failed for term 'purulent': current transaction is aborted, commands ignored until end of transaction block

2025-05-29 21:32:49,500 - ERROR - Attempt 3/3 failed for term 'purulent': current transaction is aborted, commands ignored until end of transaction block

2025-05-29 21:32:49,500 - ERROR - Max retries reached for term 'purulent'
2025-05-29 21:32:49,520 - ERROR - Attempt 1/3 failed for term 'reports': relation "mrconso" does not exist
LINE 3:                     FROM MRCONSO c
                                 ^

2025-05-29 21:32:49,521 - ERROR - Attempt 2/3 failed for term 'reports': current transaction is aborted, commands ignored until end of transaction block

2025-05-29 21:32:49,522 - ERROR - Attempt 3/3 failed for term 'reports': current transaction is aborted, commands ignored until end of transaction block

2025-05-29 21:32:49,522 - ERROR - Max retries reached for term 'reports'
2025-05-29 21:32:49,539 - WARNING - Failed to fetch semantic type for CUI NO_CUI_patient presents with facial pain, nasal congestion, and fever for 10 days. reports purulent nasal discharge.: relation "mrsty" does not exist
LINE 3:                             FROM MRSTY sty
                                         ^

2025-05-29 21:32:49,648 - ERROR - Attempt 1/3 failed for term 'headache': relation "mrconso" does not exist
LINE 3:                     FROM MRCONSO c
                                 ^

2025-05-29 21:32:49,649 - ERROR - Attempt 2/3 failed for term 'headache': current transaction is aborted, commands ignored until end of transaction block

2025-05-29 21:32:49,650 - ERROR - Attempt 3/3 failed for term 'headache': current transaction is aborted, commands ignored until end of transaction block

2025-05-29 21:32:49,650 - ERROR - Max retries reached for term 'headache'
2025-05-29 21:32:49,662 - WARNING - Failed to fetch semantic type for CUI NO_CUI_headache: relation "mrsty" does not exist
LINE 3:                             FROM MRSTY sty
                                         ^

2025-05-29 21:32:49,788 - ERROR - Attempt 1/3 failed for term 'headache': relation "mrconso" does not exist
LINE 3:                     FROM MRCONSO c
                                 ^

2025-05-29 21:32:49,788 - ERROR - Attempt 2/3 failed for term 'headache': current transaction is aborted, commands ignored until end of transaction block

2025-05-29 21:32:49,789 - ERROR - Attempt 3/3 failed for term 'headache': current transaction is aborted, commands ignored until end of transaction block

2025-05-29 21:32:49,789 - ERROR - Max retries reached for term 'headache'
2025-05-29 21:32:49,801 - ERROR - Attempt 1/3 failed for term 'patient complains': relation "mrconso" does not exist
LINE 3:                     FROM MRCONSO c
                                 ^

2025-05-29 21:32:49,802 - ERROR - Attempt 2/3 failed for term 'patient complains': current transaction is aborted, commands ignored until end of transaction block

2025-05-29 21:32:49,802 - ERROR - Attempt 3/3 failed for term 'patient complains': current transaction is aborted, commands ignored until end of transaction block

2025-05-29 21:32:49,803 - ERROR - Max retries reached for term 'patient complains'
2025-05-29 21:32:49,817 - WARNING - Failed to fetch semantic type for CUI NO_CUI_patient complains of headache: relation "mrsty" does not exist
LINE 3:                             FROM MRSTY sty
                                         ^

2025-05-29 21:32:49,912 - ERROR - Attempt 1/3 failed for term 'back pain': relation "mrconso" does not exist
LINE 3:                     FROM MRCONSO c
                                 ^

2025-05-29 21:32:49,913 - ERROR - Attempt 2/3 failed for term 'back pain': current transaction is aborted, commands ignored until end of transaction block

2025-05-29 21:32:49,913 - ERROR - Attempt 3/3 failed for term 'back pain': current transaction is aborted, commands ignored until end of transaction block

2025-05-29 21:32:49,914 - ERROR - Max retries reached for term 'back pain'
2025-05-29 21:32:49,925 - WARNING - Failed to fetch semantic type for CUI NO_CUI_back pain: relation "mrsty" does not exist
LINE 3:                             FROM MRSTY sty
                                         ^

2025-05-29 21:32:50,069 - ERROR - Attempt 1/3 failed for term 'movement': relation "mrconso" does not exist
LINE 3:                     FROM MRCONSO c
                                 ^

2025-05-29 21:32:50,070 - ERROR - Attempt 2/3 failed for term 'movement': current transaction is aborted, commands ignored until end of transaction block

2025-05-29 21:32:50,071 - ERROR - Attempt 3/3 failed for term 'movement': current transaction is aborted, commands ignored until end of transaction block

2025-05-29 21:32:50,071 - ERROR - Max retries reached for term 'movement'
2025-05-29 21:32:50,084 - ERROR - Attempt 1/3 failed for term 'pain': relation "mrconso" does not exist
LINE 3:                     FROM MRCONSO c
                                 ^

2025-05-29 21:32:50,084 - ERROR - Attempt 2/3 failed for term 'pain': current transaction is aborted, commands ignored until end of transaction block

2025-05-29 21:32:50,085 - ERROR - Attempt 3/3 failed for term 'pain': current transaction is aborted, commands ignored until end of transaction block

2025-05-29 21:32:50,085 - ERROR - Max retries reached for term 'pain'
2025-05-29 21:32:50,101 - WARNING - Failed to fetch semantic type for CUI NO_CUI_pain on movement: relation "mrsty" does not exist
LINE 3:                             FROM MRSTY sty
                                         ^

2025-05-29 21:32:50,206 - ERROR - Attempt 1/3 failed for term 'obesity': relation "mrconso" does not exist
LINE 3:                     FROM MRCONSO c
                                 ^

2025-05-29 21:32:50,206 - ERROR - Attempt 2/3 failed for term 'obesity': current transaction is aborted, commands ignored until end of transaction block

2025-05-29 21:32:50,207 - ERROR - Attempt 3/3 failed for term 'obesity': current transaction is aborted, commands ignored until end of transaction block

2025-05-29 21:32:50,207 - ERROR - Max retries reached for term 'obesity'
2025-05-29 21:32:50,218 - WARNING - Failed to fetch semantic type for CUI NO_CUI_obesity: relation "mrsty" does not exist
LINE 3:                             FROM MRSTY sty
                                         ^

2025-05-29 21:32:50,342 - ERROR - Attempt 1/3 failed for term 'back pain': relation "mrconso" does not exist
LINE 3:                     FROM MRCONSO c
                                 ^

2025-05-29 21:32:50,343 - ERROR - Attempt 2/3 failed for term 'back pain': current transaction is aborted, commands ignored until end of transaction block

2025-05-29 21:32:50,343 - ERROR - Attempt 3/3 failed for term 'back pain': current transaction is aborted, commands ignored until end of transaction block

2025-05-29 21:32:50,343 - ERROR - Max retries reached for term 'back pain'
2025-05-29 21:32:50,357 - ERROR - Attempt 1/3 failed for term 'weeks': relation "mrconso" does not exist
LINE 3:                     FROM MRCONSO c
                                 ^

2025-05-29 21:32:50,357 - ERROR - Attempt 2/3 failed for term 'weeks': current transaction is aborted, commands ignored until end of transaction block

2025-05-29 21:32:50,358 - ERROR - Attempt 3/3 failed for term 'weeks': current transaction is aborted, commands ignored until end of transaction block

2025-05-29 21:32:50,359 - ERROR - Max retries reached for term 'weeks'
2025-05-29 21:32:50,374 - WARNING - Failed to fetch semantic type for CUI NO_CUI_back pain for two weeks: relation "mrsty" does not exist
LINE 3:                             FROM MRSTY sty
                                         ^

2025-05-29 21:32:50,502 - WARNING - Skipping non-clinical or blocked term: 'days'
2025-05-29 21:32:50,513 - ERROR - Attempt 1/3 failed for term 'patient complains': relation "mrconso" does not exist
LINE 3:                     FROM MRCONSO c
                                 ^

2025-05-29 21:32:50,514 - ERROR - Attempt 2/3 failed for term 'patient complains': current transaction is aborted, commands ignored until end of transaction block

2025-05-29 21:32:50,515 - ERROR - Attempt 3/3 failed for term 'patient complains': current transaction is aborted, commands ignored until end of transaction block

2025-05-29 21:32:50,515 - ERROR - Max retries reached for term 'patient complains'
2025-05-29 21:32:50,517 - WARNING - Skipping non-clinical or blocked term: 'chills'
2025-05-29 21:32:50,536 - ERROR - Attempt 1/3 failed for term 'fevers': relation "mrconso" does not exist
LINE 3:                     FROM MRCONSO c
                                 ^

2025-05-29 21:32:50,537 - ERROR - Attempt 2/3 failed for term 'fevers': current transaction is aborted, commands ignored until end of transaction block

2025-05-29 21:32:50,537 - ERROR - Attempt 3/3 failed for term 'fevers': current transaction is aborted, commands ignored until end of transaction block

2025-05-29 21:32:50,538 - ERROR - Max retries reached for term 'fevers'
2025-05-29 21:32:50,555 - ERROR - Attempt 1/3 failed for term 'headache': relation "mrconso" does not exist
LINE 3:                     FROM MRCONSO c
                                 ^

2025-05-29 21:32:50,556 - ERROR - Attempt 2/3 failed for term 'headache': current transaction is aborted, commands ignored until end of transaction block

2025-05-29 21:32:50,557 - ERROR - Attempt 3/3 failed for term 'headache': current transaction is aborted, commands ignored until end of transaction block

2025-05-29 21:32:50,557 - ERROR - Max retries reached for term 'headache'
2025-05-29 21:32:50,573 - ERROR - Attempt 1/3 failed for term 'associated with': relation "mrconso" does not exist
LINE 3:                     FROM MRCONSO c
                                 ^

2025-05-29 21:32:50,574 - ERROR - Attempt 2/3 failed for term 'associated with': current transaction is aborted, commands ignored until end of transaction block

2025-05-29 21:32:50,575 - ERROR - Attempt 3/3 failed for term 'associated with': current transaction is aborted, commands ignored until end of transaction block

2025-05-29 21:32:50,577 - ERROR - Max retries reached for term 'associated with'
2025-05-29 21:32:50,597 - WARNING - Failed to fetch semantic type for CUI NO_CUI_patient complains of headache the headache started three days ago. the headache is associated with fevers and chills: relation "mrsty" does not exist
LINE 3:                             FROM MRSTY sty
                                         ^

2025-05-29 21:32:50,768 - WARNING - Skipping non-clinical or blocked term: 'worse'
2025-05-29 21:32:50,768 - WARNING - Skipping non-clinical or blocked term: 'eyes'
2025-05-29 21:32:50,778 - ERROR - Attempt 1/3 failed for term 'licking': relation "mrconso" does not exist
LINE 3:                     FROM MRCONSO c
                                 ^

2025-05-29 21:32:50,779 - ERROR - Attempt 2/3 failed for term 'licking': current transaction is aborted, commands ignored until end of transaction block

2025-05-29 21:32:50,781 - ERROR - Attempt 3/3 failed for term 'licking': current transaction is aborted, commands ignored until end of transaction block

2025-05-29 21:32:50,781 - ERROR - Max retries reached for term 'licking'
2025-05-29 21:32:50,795 - ERROR - Attempt 1/3 failed for term 'patient': relation "mrconso" does not exist
LINE 3:                     FROM MRCONSO c
                                 ^

2025-05-29 21:32:50,796 - ERROR - Attempt 2/3 failed for term 'patient': current transaction is aborted, commands ignored until end of transaction block

2025-05-29 21:32:50,797 - ERROR - Attempt 3/3 failed for term 'patient': current transaction is aborted, commands ignored until end of transaction block

2025-05-29 21:32:50,798 - ERROR - Max retries reached for term 'patient'
2025-05-29 21:32:50,799 - WARNING - Skipping non-clinical or blocked term: 'foods'
2025-05-29 21:32:50,819 - ERROR - Attempt 1/3 failed for term 'strong': relation "mrconso" does not exist
LINE 3:                     FROM MRCONSO c
                                 ^

2025-05-29 21:32:50,820 - ERROR - Attempt 2/3 failed for term 'strong': current transaction is aborted, commands ignored until end of transaction block

2025-05-29 21:32:50,821 - ERROR - Attempt 3/3 failed for term 'strong': current transaction is aborted, commands ignored until end of transaction block

2025-05-29 21:32:50,821 - ERROR - Max retries reached for term 'strong'
2025-05-29 21:32:50,839 - ERROR - Attempt 1/3 failed for term 'fats': relation "mrconso" does not exist
LINE 3:                     FROM MRCONSO c
                                 ^

2025-05-29 21:32:50,840 - ERROR - Attempt 2/3 failed for term 'fats': current transaction is aborted, commands ignored until end of transaction block

2025-05-29 21:32:50,841 - ERROR - Attempt 3/3 failed for term 'fats': current transaction is aborted, commands ignored until end of transaction block

2025-05-29 21:32:50,841 - ERROR - Max retries reached for term 'fats'
2025-05-29 21:32:50,861 - ERROR - Attempt 1/3 failed for term 'tea': relation "mrconso" does not exist
LINE 3:                     FROM MRCONSO c
                                 ^

2025-05-29 21:32:50,862 - ERROR - Attempt 2/3 failed for term 'tea': current transaction is aborted, commands ignored until end of transaction block

2025-05-29 21:32:50,864 - ERROR - Attempt 3/3 failed for term 'tea': current transaction is aborted, commands ignored until end of transaction block

2025-05-29 21:32:50,865 - ERROR - Max retries reached for term 'tea'
2025-05-29 21:32:50,884 - ERROR - Attempt 1/3 failed for term 'vomiting': relation "mrconso" does not exist
LINE 3:                     FROM MRCONSO c
                                 ^

2025-05-29 21:32:50,885 - ERROR - Attempt 2/3 failed for term 'vomiting': current transaction is aborted, commands ignored until end of transaction block

2025-05-29 21:32:50,886 - ERROR - Attempt 3/3 failed for term 'vomiting': current transaction is aborted, commands ignored until end of transaction block

2025-05-29 21:32:50,887 - ERROR - Max retries reached for term 'vomiting'
2025-05-29 21:32:50,909 - ERROR - Attempt 1/3 failed for term 'nausea': relation "mrconso" does not exist
LINE 3:                     FROM MRCONSO c
                                 ^

2025-05-29 21:32:50,912 - ERROR - Attempt 2/3 failed for term 'nausea': current transaction is aborted, commands ignored until end of transaction block

2025-05-29 21:32:50,913 - ERROR - Attempt 3/3 failed for term 'nausea': current transaction is aborted, commands ignored until end of transaction block

2025-05-29 21:32:50,915 - ERROR - Max retries reached for term 'nausea'
2025-05-29 21:32:50,931 - ERROR - Attempt 1/3 failed for term 'jaundice': relation "mrconso" does not exist
LINE 3:                     FROM MRCONSO c
                                 ^

2025-05-29 21:32:50,932 - ERROR - Attempt 2/3 failed for term 'jaundice': current transaction is aborted, commands ignored until end of transaction block

2025-05-29 21:32:50,933 - ERROR - Attempt 3/3 failed for term 'jaundice': current transaction is aborted, commands ignored until end of transaction block

2025-05-29 21:32:50,935 - ERROR - Max retries reached for term 'jaundice'
2025-05-29 21:32:50,959 - ERROR - Attempt 1/3 failed for term 'loss of appetite': relation "mrconso" does not exist
LINE 3:                     FROM MRCONSO c
                                 ^

2025-05-29 21:32:50,961 - ERROR - Attempt 2/3 failed for term 'loss of appetite': current transaction is aborted, commands ignored until end of transaction block

2025-05-29 21:32:50,962 - ERROR - Attempt 3/3 failed for term 'loss of appetite': current transaction is aborted, commands ignored until end of transaction block

2025-05-29 21:32:50,963 - ERROR - Max retries reached for term 'loss of appetite'
2025-05-29 21:32:50,982 - WARNING - Failed to fetch semantic type for CUI NO_CUI_nausea and vomiting and loss of appetite the patient has jaundice in the eyes taking foods with fats makes the nausea worse taking strong tea and licking salt alleviates the nausea: relation "mrsty" does not exist
LINE 3:                             FROM MRSTY sty
                                         ^

2025-05-29 21:32:51,122 - ERROR - Attempt 1/3 failed for term 'facial pain': relation "mrconso" does not exist
LINE 3:                     FROM MRCONSO c
                                 ^

2025-05-29 21:32:51,123 - ERROR - Attempt 2/3 failed for term 'facial pain': current transaction is aborted, commands ignored until end of transaction block

2025-05-29 21:32:51,124 - ERROR - Attempt 3/3 failed for term 'facial pain': current transaction is aborted, commands ignored until end of transaction block

2025-05-29 21:32:51,124 - ERROR - Max retries reached for term 'facial pain'
2025-05-29 21:32:51,134 - ERROR - Attempt 1/3 failed for term 'patient': relation "mrconso" does not exist
LINE 3:                     FROM MRCONSO c
                                 ^

2025-05-29 21:32:51,135 - ERROR - Attempt 2/3 failed for term 'patient': current transaction is aborted, commands ignored until end of transaction block

2025-05-29 21:32:51,135 - ERROR - Attempt 3/3 failed for term 'patient': current transaction is aborted, commands ignored until end of transaction block

2025-05-29 21:32:51,136 - ERROR - Max retries reached for term 'patient'
2025-05-29 21:32:51,156 - WARNING - Failed to fetch semantic type for CUI NO_CUI_patient presents with facial pain: relation "mrsty" does not exist
LINE 3:                             FROM MRSTY sty
                                         ^

2025-05-29 21:32:51,271 - ERROR - Attempt 1/3 failed for term 'back pain': relation "mrconso" does not exist
LINE 3:                     FROM MRCONSO c
                                 ^

2025-05-29 21:32:51,271 - ERROR - Attempt 2/3 failed for term 'back pain': current transaction is aborted, commands ignored until end of transaction block

2025-05-29 21:32:51,272 - ERROR - Attempt 3/3 failed for term 'back pain': current transaction is aborted, commands ignored until end of transaction block

2025-05-29 21:32:51,272 - ERROR - Max retries reached for term 'back pain'
2025-05-29 21:32:51,287 - ERROR - Attempt 1/3 failed for term 'weeks': relation "mrconso" does not exist
LINE 3:                     FROM MRCONSO c
                                 ^

2025-05-29 21:32:51,288 - ERROR - Attempt 2/3 failed for term 'weeks': current transaction is aborted, commands ignored until end of transaction block

2025-05-29 21:32:51,289 - ERROR - Attempt 3/3 failed for term 'weeks': current transaction is aborted, commands ignored until end of transaction block

2025-05-29 21:32:51,290 - ERROR - Max retries reached for term 'weeks'
2025-05-29 21:32:51,307 - ERROR - Attempt 1/3 failed for term 'assessment': relation "mrconso" does not exist
LINE 3:                     FROM MRCONSO c
                                 ^

2025-05-29 21:32:51,308 - ERROR - Attempt 2/3 failed for term 'assessment': current transaction is aborted, commands ignored until end of transaction block

2025-05-29 21:32:51,309 - ERROR - Attempt 3/3 failed for term 'assessment': current transaction is aborted, commands ignored until end of transaction block

2025-05-29 21:32:51,309 - ERROR - Max retries reached for term 'assessment'
2025-05-29 21:32:51,327 - ERROR - Attempt 1/3 failed for term 'patient reports': relation "mrconso" does not exist
LINE 3:                     FROM MRCONSO c
                                 ^

2025-05-29 21:32:51,329 - ERROR - Attempt 2/3 failed for term 'patient reports': current transaction is aborted, commands ignored until end of transaction block

2025-05-29 21:32:51,331 - ERROR - Attempt 3/3 failed for term 'patient reports': current transaction is aborted, commands ignored until end of transaction block

2025-05-29 21:32:51,331 - ERROR - Max retries reached for term 'patient reports'
2025-05-29 21:32:51,354 - WARNING - Failed to fetch semantic type for CUI NO_CUI_back pain for two weeks the patient reports backpain for three weeks on assessment: relation "mrsty" does not exist
LINE 3:                             FROM MRSTY sty
                                         ^

2025-05-29 21:32:51,498 - ERROR - Attempt 1/3 failed for term 'standing': relation "mrconso" does not exist
LINE 3:                     FROM MRCONSO c
                                 ^

2025-05-29 21:32:51,498 - ERROR - Attempt 2/3 failed for term 'standing': current transaction is aborted, commands ignored until end of transaction block

2025-05-29 21:32:51,499 - ERROR - Attempt 3/3 failed for term 'standing': current transaction is aborted, commands ignored until end of transaction block

2025-05-29 21:32:51,499 - ERROR - Max retries reached for term 'standing'
2025-05-29 21:32:51,513 - ERROR - Attempt 1/3 failed for term 'stretching': relation "mrconso" does not exist
LINE 3:                     FROM MRCONSO c
                                 ^

2025-05-29 21:32:51,514 - ERROR - Attempt 2/3 failed for term 'stretching': current transaction is aborted, commands ignored until end of transaction block

2025-05-29 21:32:51,515 - ERROR - Attempt 3/3 failed for term 'stretching': current transaction is aborted, commands ignored until end of transaction block

2025-05-29 21:32:51,515 - ERROR - Max retries reached for term 'stretching'
2025-05-29 21:32:51,529 - ERROR - Attempt 1/3 failed for term 'patient': relation "mrconso" does not exist
LINE 3:                     FROM MRCONSO c
                                 ^

2025-05-29 21:32:51,530 - ERROR - Attempt 2/3 failed for term 'patient': current transaction is aborted, commands ignored until end of transaction block

2025-05-29 21:32:51,531 - ERROR - Attempt 3/3 failed for term 'patient': current transaction is aborted, commands ignored until end of transaction block

2025-05-29 21:32:51,532 - ERROR - Max retries reached for term 'patient'
2025-05-29 21:32:51,545 - ERROR - Attempt 1/3 failed for term 'pain': relation "mrconso" does not exist
LINE 3:                     FROM MRCONSO c
                                 ^

2025-05-29 21:32:51,546 - ERROR - Attempt 2/3 failed for term 'pain': current transaction is aborted, commands ignored until end of transaction block

2025-05-29 21:32:51,547 - ERROR - Attempt 3/3 failed for term 'pain': current transaction is aborted, commands ignored until end of transaction block

2025-05-29 21:32:51,548 - ERROR - Max retries reached for term 'pain'
2025-05-29 21:32:51,567 - ERROR - Attempt 1/3 failed for term 'obese': relation "mrconso" does not exist
LINE 3:                     FROM MRCONSO c
                                 ^

2025-05-29 21:32:51,568 - ERROR - Attempt 2/3 failed for term 'obese': current transaction is aborted, commands ignored until end of transaction block

2025-05-29 21:32:51,569 - ERROR - Attempt 3/3 failed for term 'obese': current transaction is aborted, commands ignored until end of transaction block

2025-05-29 21:32:51,569 - ERROR - Max retries reached for term 'obese'
2025-05-29 21:32:51,588 - ERROR - Attempt 1/3 failed for term 'sitting': relation "mrconso" does not exist
LINE 3:                     FROM MRCONSO c
                                 ^

2025-05-29 21:32:51,589 - ERROR - Attempt 2/3 failed for term 'sitting': current transaction is aborted, commands ignored until end of transaction block

2025-05-29 21:32:51,589 - ERROR - Attempt 3/3 failed for term 'sitting': current transaction is aborted, commands ignored until end of transaction block

2025-05-29 21:32:51,589 - ERROR - Max retries reached for term 'sitting'
2025-05-29 21:32:51,608 - ERROR - Attempt 1/3 failed for term 'backpain': relation "mrconso" does not exist
LINE 3:                     FROM MRCONSO c
                                 ^

2025-05-29 21:32:51,610 - ERROR - Attempt 2/3 failed for term 'backpain': current transaction is aborted, commands ignored until end of transaction block

2025-05-29 21:32:51,612 - ERROR - Attempt 3/3 failed for term 'backpain': current transaction is aborted, commands ignored until end of transaction block

2025-05-29 21:32:51,613 - ERROR - Max retries reached for term 'backpain'
2025-05-29 21:32:51,633 - WARNING - Failed to fetch semantic type for CUI NO_CUI_the patient is obese the backpain is made worse by sitting down for long the pain is alleviated by standing and stretching: relation "mrsty" does not exist
LINE 3:                             FROM MRSTY sty
                                         ^

2025-05-29 21:32:51,780 - WARNING - Skipping non-clinical or blocked term: 'days'
2025-05-29 21:32:51,789 - ERROR - Attempt 1/3 failed for term 'facial pain': relation "mrconso" does not exist
LINE 3:                     FROM MRCONSO c
                                 ^

2025-05-29 21:32:51,790 - ERROR - Attempt 2/3 failed for term 'facial pain': current transaction is aborted, commands ignored until end of transaction block

2025-05-29 21:32:51,791 - ERROR - Attempt 3/3 failed for term 'facial pain': current transaction is aborted, commands ignored until end of transaction block

2025-05-29 21:32:51,791 - ERROR - Max retries reached for term 'facial pain'
2025-05-29 21:32:51,805 - ERROR - Attempt 1/3 failed for term 'nasal discharge': relation "mrconso" does not exist
LINE 3:                     FROM MRCONSO c
                                 ^

2025-05-29 21:32:51,806 - ERROR - Attempt 2/3 failed for term 'nasal discharge': current transaction is aborted, commands ignored until end of transaction block

2025-05-29 21:32:51,806 - ERROR - Attempt 3/3 failed for term 'nasal discharge': current transaction is aborted, commands ignored until end of transaction block

2025-05-29 21:32:51,807 - ERROR - Max retries reached for term 'nasal discharge'
2025-05-29 21:32:51,822 - ERROR - Attempt 1/3 failed for term 'fever': relation "mrconso" does not exist
LINE 3:                     FROM MRCONSO c
                                 ^

2025-05-29 21:32:51,823 - ERROR - Attempt 2/3 failed for term 'fever': current transaction is aborted, commands ignored until end of transaction block

2025-05-29 21:32:51,824 - ERROR - Attempt 3/3 failed for term 'fever': current transaction is aborted, commands ignored until end of transaction block

2025-05-29 21:32:51,824 - ERROR - Max retries reached for term 'fever'
2025-05-29 21:32:51,846 - ERROR - Attempt 1/3 failed for term 'maxillary sinuses': relation "mrconso" does not exist
LINE 3:                     FROM MRCONSO c
                                 ^

2025-05-29 21:32:51,847 - ERROR - Attempt 2/3 failed for term 'maxillary sinuses': current transaction is aborted, commands ignored until end of transaction block

2025-05-29 21:32:51,848 - ERROR - Attempt 3/3 failed for term 'maxillary sinuses': current transaction is aborted, commands ignored until end of transaction block

2025-05-29 21:32:51,849 - ERROR - Max retries reached for term 'maxillary sinuses'
2025-05-29 21:32:51,864 - ERROR - Attempt 1/3 failed for term 'purulent': relation "mrconso" does not exist
LINE 3:                     FROM MRCONSO c
                                 ^

2025-05-29 21:32:51,866 - ERROR - Attempt 2/3 failed for term 'purulent': current transaction is aborted, commands ignored until end of transaction block

2025-05-29 21:32:51,867 - ERROR - Attempt 3/3 failed for term 'purulent': current transaction is aborted, commands ignored until end of transaction block

2025-05-29 21:32:51,867 - ERROR - Max retries reached for term 'purulent'
2025-05-29 21:32:51,882 - ERROR - Attempt 1/3 failed for term 'reports': relation "mrconso" does not exist
LINE 3:                     FROM MRCONSO c
                                 ^

2025-05-29 21:32:51,883 - ERROR - Attempt 2/3 failed for term 'reports': current transaction is aborted, commands ignored until end of transaction block

2025-05-29 21:32:51,884 - ERROR - Attempt 3/3 failed for term 'reports': current transaction is aborted, commands ignored until end of transaction block

2025-05-29 21:32:51,884 - ERROR - Max retries reached for term 'reports'
2025-05-29 21:32:51,898 - WARNING - Failed to fetch semantic type for CUI NO_CUI_and fever for 10 days. reports purulent nasal discharge. facial pain over maxillary sinuses: relation "mrsty" does not exist
LINE 3:                             FROM MRSTY sty
                                         ^

2025-05-29 21:32:52,105 - ERROR - Attempt 1/3 failed for term 'sinusitis': relation "mrconso" does not exist
LINE 3:                     FROM MRCONSO c
                                 ^

2025-05-29 21:32:52,106 - ERROR - Attempt 2/3 failed for term 'sinusitis': current transaction is aborted, commands ignored until end of transaction block

2025-05-29 21:32:52,107 - ERROR - Attempt 3/3 failed for term 'sinusitis': current transaction is aborted, commands ignored until end of transaction block

2025-05-29 21:32:52,107 - ERROR - Max retries reached for term 'sinusitis'
2025-05-29 21:32:52,121 - ERROR - Attempt 1/3 failed for term 'pulmonary': relation "mrconso" does not exist
LINE 3:                     FROM MRCONSO c
                                 ^

2025-05-29 21:32:52,122 - ERROR - Attempt 2/3 failed for term 'pulmonary': current transaction is aborted, commands ignored until end of transaction block

2025-05-29 21:32:52,123 - ERROR - Attempt 3/3 failed for term 'pulmonary': current transaction is aborted, commands ignored until end of transaction block

2025-05-29 21:32:52,123 - ERROR - Max retries reached for term 'pulmonary'
2025-05-29 21:32:52,139 - ERROR - Attempt 1/3 failed for term 'stable': relation "mrconso" does not exist
LINE 3:                     FROM MRCONSO c
                                 ^

2025-05-29 21:32:52,140 - ERROR - Attempt 2/3 failed for term 'stable': current transaction is aborted, commands ignored until end of transaction block

2025-05-29 21:32:52,142 - ERROR - Attempt 3/3 failed for term 'stable': current transaction is aborted, commands ignored until end of transaction block

2025-05-29 21:32:52,143 - ERROR - Max retries reached for term 'stable'
2025-05-29 21:32:52,160 - ERROR - Attempt 1/3 failed for term 'diabetes': relation "mrconso" does not exist
LINE 3:                     FROM MRCONSO c
                                 ^

2025-05-29 21:32:52,161 - ERROR - Attempt 2/3 failed for term 'diabetes': current transaction is aborted, commands ignored until end of transaction block

2025-05-29 21:32:52,162 - ERROR - Attempt 3/3 failed for term 'diabetes': current transaction is aborted, commands ignored until end of transaction block

2025-05-29 21:32:52,162 - ERROR - Max retries reached for term 'diabetes'
2025-05-29 21:32:52,177 - ERROR - Attempt 1/3 failed for term 'hypertension': relation "mrconso" does not exist
LINE 3:                     FROM MRCONSO c
                                 ^

2025-05-29 21:32:52,178 - ERROR - Attempt 2/3 failed for term 'hypertension': current transaction is aborted, commands ignored until end of transaction block

2025-05-29 21:32:52,179 - ERROR - Attempt 3/3 failed for term 'hypertension': current transaction is aborted, commands ignored until end of transaction block

2025-05-29 21:32:52,182 - ERROR - Max retries reached for term 'hypertension'
2025-05-29 21:32:52,202 - ERROR - Attempt 1/3 failed for term 'viral sinusitis': relation "mrconso" does not exist
LINE 3:                     FROM MRCONSO c
                                 ^

2025-05-29 21:32:52,204 - ERROR - Attempt 2/3 failed for term 'viral sinusitis': current transaction is aborted, commands ignored until end of transaction block

2025-05-29 21:32:52,205 - ERROR - Attempt 3/3 failed for term 'viral sinusitis': current transaction is aborted, commands ignored until end of transaction block

2025-05-29 21:32:52,205 - ERROR - Max retries reached for term 'viral sinusitis'
2025-05-29 21:32:52,222 - ERROR - Attempt 1/3 failed for term 'acute abnormalities': relation "mrconso" does not exist
LINE 3:                     FROM MRCONSO c
                                 ^

2025-05-29 21:32:52,223 - ERROR - Attempt 2/3 failed for term 'acute abnormalities': current transaction is aborted, commands ignored until end of transaction block

2025-05-29 21:32:52,224 - ERROR - Attempt 3/3 failed for term 'acute abnormalities': current transaction is aborted, commands ignored until end of transaction block

2025-05-29 21:32:52,225 - ERROR - Max retries reached for term 'acute abnormalities'
2025-05-29 21:32:52,242 - ERROR - Attempt 1/3 failed for term 'cardiovascular': relation "mrconso" does not exist
LINE 3:                     FROM MRCONSO c
                                 ^

2025-05-29 21:32:52,243 - ERROR - Attempt 2/3 failed for term 'cardiovascular': current transaction is aborted, commands ignored until end of transaction block

2025-05-29 21:32:52,244 - ERROR - Attempt 3/3 failed for term 'cardiovascular': current transaction is aborted, commands ignored until end of transaction block

2025-05-29 21:32:52,244 - ERROR - Max retries reached for term 'cardiovascular'
2025-05-29 21:32:52,259 - ERROR - Attempt 1/3 failed for term 'headache': relation "mrconso" does not exist
LINE 3:                     FROM MRCONSO c
                                 ^

2025-05-29 21:32:52,260 - ERROR - Attempt 2/3 failed for term 'headache': current transaction is aborted, commands ignored until end of transaction block

2025-05-29 21:32:52,261 - ERROR - Attempt 3/3 failed for term 'headache': current transaction is aborted, commands ignored until end of transaction block

2025-05-29 21:32:52,262 - ERROR - Max retries reached for term 'headache'
2025-05-29 21:32:52,286 - ERROR - Attempt 1/3 failed for term 'endocrine': relation "mrconso" does not exist
LINE 3:                     FROM MRCONSO c
                                 ^

2025-05-29 21:32:52,288 - ERROR - Attempt 2/3 failed for term 'endocrine': current transaction is aborted, commands ignored until end of transaction block

2025-05-29 21:32:52,289 - ERROR - Attempt 3/3 failed for term 'endocrine': current transaction is aborted, commands ignored until end of transaction block

2025-05-29 21:32:52,290 - ERROR - Max retries reached for term 'endocrine'
2025-05-29 21:32:52,317 - ERROR - Attempt 1/3 failed for term 'secondary to': relation "mrconso" does not exist
LINE 3:                     FROM MRCONSO c
                                 ^

2025-05-29 21:32:52,318 - ERROR - Attempt 2/3 failed for term 'secondary to': current transaction is aborted, commands ignored until end of transaction block

2025-05-29 21:32:52,319 - ERROR - Attempt 3/3 failed for term 'secondary to': current transaction is aborted, commands ignored until end of transaction block

2025-05-29 21:32:52,320 - ERROR - Max retries reached for term 'secondary to'
2025-05-29 21:32:52,341 - ERROR - Attempt 1/3 failed for term 'neurological': relation "mrconso" does not exist
LINE 3:                     FROM MRCONSO c
                                 ^

2025-05-29 21:32:52,342 - ERROR - Attempt 2/3 failed for term 'neurological': current transaction is aborted, commands ignored until end of transaction block

2025-05-29 21:32:52,343 - ERROR - Attempt 3/3 failed for term 'neurological': current transaction is aborted, commands ignored until end of transaction block

2025-05-29 21:32:52,344 - ERROR - Max retries reached for term 'neurological'
2025-05-29 21:32:52,359 - ERROR - Attempt 1/3 failed for term 'viral upper': relation "mrconso" does not exist
LINE 3:                     FROM MRCONSO c
                                 ^

2025-05-29 21:32:52,360 - ERROR - Attempt 2/3 failed for term 'viral upper': current transaction is aborted, commands ignored until end of transaction block

2025-05-29 21:32:52,361 - ERROR - Attempt 3/3 failed for term 'viral upper': current transaction is aborted, commands ignored until end of transaction block

2025-05-29 21:32:52,361 - ERROR - Max retries reached for term 'viral upper'
2025-05-29 21:32:52,382 - ERROR - Attempt 1/3 failed for term 'allergic rhinitis': relation "mrconso" does not exist
LINE 3:                     FROM MRCONSO c
                                 ^

2025-05-29 21:32:52,383 - ERROR - Attempt 2/3 failed for term 'allergic rhinitis': current transaction is aborted, commands ignored until end of transaction block

2025-05-29 21:32:52,384 - ERROR - Attempt 3/3 failed for term 'allergic rhinitis': current transaction is aborted, commands ignored until end of transaction block

2025-05-29 21:32:52,384 - ERROR - Max retries reached for term 'allergic rhinitis'
2025-05-29 21:32:52,403 - ERROR - Attempt 1/3 failed for term 'differential': relation "mrconso" does not exist
LINE 3:                     FROM MRCONSO c
                                 ^

2025-05-29 21:32:52,404 - ERROR - Attempt 2/3 failed for term 'differential': current transaction is aborted, commands ignored until end of transaction block

2025-05-29 21:32:52,404 - ERROR - Attempt 3/3 failed for term 'differential': current transaction is aborted, commands ignored until end of transaction block

2025-05-29 21:32:52,404 - ERROR - Max retries reached for term 'differential'
2025-05-29 21:32:52,419 - ERROR - Attempt 1/3 failed for term 'respiratory infection': relation "mrconso" does not exist
LINE 3:                     FROM MRCONSO c
                                 ^

2025-05-29 21:32:52,420 - ERROR - Attempt 2/3 failed for term 'respiratory infection': current transaction is aborted, commands ignored until end of transaction block

2025-05-29 21:32:52,420 - ERROR - Attempt 3/3 failed for term 'respiratory infection': current transaction is aborted, commands ignored until end of transaction block

2025-05-29 21:32:52,421 - ERROR - Max retries reached for term 'respiratory infection'
2025-05-29 21:32:52,438 - WARNING - Failed to fetch semantic type for CUI NO_CUI_likely secondary to recent viral upper respiratory infection. differential includes viral sinusitis or allergic rhinitis. other systems: neurological: headache likely related to sinusitis. endocrine: stable diabetes. cardiovascular: stable hypertension. no acute abnormalities in pulmonary: relation "mrsty" does not exist
LINE 3:                             FROM MRSTY sty
                                         ^

2025-05-29 21:32:52,540 - ERROR - Attempt 1/3 failed for term 'radiating': relation "mrconso" does not exist
LINE 3:                     FROM MRCONSO c
                                 ^

2025-05-29 21:32:52,541 - ERROR - Attempt 2/3 failed for term 'radiating': current transaction is aborted, commands ignored until end of transaction block

2025-05-29 21:32:52,542 - ERROR - Attempt 3/3 failed for term 'radiating': current transaction is aborted, commands ignored until end of transaction block

2025-05-29 21:32:52,542 - ERROR - Max retries reached for term 'radiating'
2025-05-29 21:32:52,558 - ERROR - Attempt 1/3 failed for term 'pain': relation "mrconso" does not exist
LINE 3:                     FROM MRCONSO c
                                 ^

2025-05-29 21:32:52,560 - ERROR - Attempt 2/3 failed for term 'pain': current transaction is aborted, commands ignored until end of transaction block

2025-05-29 21:32:52,561 - ERROR - Attempt 3/3 failed for term 'pain': current transaction is aborted, commands ignored until end of transaction block

2025-05-29 21:32:52,562 - ERROR - Max retries reached for term 'pain'
2025-05-29 21:32:52,584 - WARNING - Failed to fetch semantic type for CUI NO_CUI_radiating pain: relation "mrsty" does not exist
LINE 3:                             FROM MRSTY sty
                                         ^

2025-05-29 21:32:52,676 - ERROR - Attempt 1/3 failed for term 'bilateral': relation "mrconso" does not exist
LINE 3:                     FROM MRCONSO c
                                 ^

2025-05-29 21:32:52,677 - ERROR - Attempt 2/3 failed for term 'bilateral': current transaction is aborted, commands ignored until end of transaction block

2025-05-29 21:32:52,678 - ERROR - Attempt 3/3 failed for term 'bilateral': current transaction is aborted, commands ignored until end of transaction block

2025-05-29 21:32:52,678 - ERROR - Max retries reached for term 'bilateral'
2025-05-29 21:32:52,690 - ERROR - Attempt 1/3 failed for term 'nasal congestion': relation "mrconso" does not exist
LINE 3:                     FROM MRCONSO c
                                 ^

2025-05-29 21:32:52,692 - ERROR - Attempt 2/3 failed for term 'nasal congestion': current transaction is aborted, commands ignored until end of transaction block

2025-05-29 21:32:52,693 - ERROR - Attempt 3/3 failed for term 'nasal congestion': current transaction is aborted, commands ignored until end of transaction block

2025-05-29 21:32:52,693 - ERROR - Max retries reached for term 'nasal congestion'
2025-05-29 21:32:52,711 - WARNING - Failed to fetch semantic type for CUI NO_CUI_bilateral nasal congestion: relation "mrsty" does not exist
LINE 3:                             FROM MRSTY sty
                                         ^

2025-05-29 21:32:52,914 - WARNING - Skipping non-clinical or blocked term: 'days'
2025-05-29 21:32:52,923 - ERROR - Attempt 1/3 failed for term 'shortness of breath': relation "mrconso" does not exist
LINE 3:                     FROM MRCONSO c
                                 ^

2025-05-29 21:32:52,924 - ERROR - Attempt 2/3 failed for term 'shortness of breath': current transaction is aborted, commands ignored until end of transaction block

2025-05-29 21:32:52,925 - ERROR - Attempt 3/3 failed for term 'shortness of breath': current transaction is aborted, commands ignored until end of transaction block

2025-05-29 21:32:52,926 - ERROR - Max retries reached for term 'shortness of breath'
2025-05-29 21:32:52,938 - ERROR - Attempt 1/3 failed for term 'no cough': relation "mrconso" does not exist
LINE 3:                     FROM MRCONSO c
                                 ^

2025-05-29 21:32:52,939 - ERROR - Attempt 2/3 failed for term 'no cough': current transaction is aborted, commands ignored until end of transaction block

2025-05-29 21:32:52,939 - ERROR - Attempt 3/3 failed for term 'no cough': current transaction is aborted, commands ignored until end of transaction block

2025-05-29 21:32:52,940 - ERROR - Max retries reached for term 'no cough'
2025-05-29 21:32:52,958 - ERROR - Attempt 1/3 failed for term 'pulmonary': relation "mrconso" does not exist
LINE 3:                     FROM MRCONSO c
                                 ^

2025-05-29 21:32:52,959 - ERROR - Attempt 2/3 failed for term 'pulmonary': current transaction is aborted, commands ignored until end of transaction block

2025-05-29 21:32:52,961 - ERROR - Attempt 3/3 failed for term 'pulmonary': current transaction is aborted, commands ignored until end of transaction block

2025-05-29 21:32:52,962 - ERROR - Max retries reached for term 'pulmonary'
2025-05-29 21:32:52,984 - ERROR - Attempt 1/3 failed for term 'mild headache': relation "mrconso" does not exist
LINE 3:                     FROM MRCONSO c
                                 ^

2025-05-29 21:32:52,985 - ERROR - Attempt 2/3 failed for term 'mild headache': current transaction is aborted, commands ignored until end of transaction block

2025-05-29 21:32:52,985 - ERROR - Attempt 3/3 failed for term 'mild headache': current transaction is aborted, commands ignored until end of transaction block

2025-05-29 21:32:52,986 - ERROR - Max retries reached for term 'mild headache'
2025-05-29 21:32:53,004 - ERROR - Attempt 1/3 failed for term 'nasal discharge': relation "mrconso" does not exist
LINE 3:                     FROM MRCONSO c
                                 ^

2025-05-29 21:32:53,005 - ERROR - Attempt 2/3 failed for term 'nasal discharge': current transaction is aborted, commands ignored until end of transaction block

2025-05-29 21:32:53,006 - ERROR - Attempt 3/3 failed for term 'nasal discharge': current transaction is aborted, commands ignored until end of transaction block

2025-05-29 21:32:53,006 - ERROR - Max retries reached for term 'nasal discharge'
2025-05-29 21:32:53,021 - ERROR - Attempt 1/3 failed for term 'sinus pain': relation "mrconso" does not exist
LINE 3:                     FROM MRCONSO c
                                 ^

2025-05-29 21:32:53,022 - ERROR - Attempt 2/3 failed for term 'sinus pain': current transaction is aborted, commands ignored until end of transaction block

2025-05-29 21:32:53,023 - ERROR - Attempt 3/3 failed for term 'sinus pain': current transaction is aborted, commands ignored until end of transaction block

2025-05-29 21:32:53,024 - ERROR - Max retries reached for term 'sinus pain'
2025-05-29 21:32:53,039 - ERROR - Attempt 1/3 failed for term 'cardiovascular': relation "mrconso" does not exist
LINE 3:                     FROM MRCONSO c
                                 ^

2025-05-29 21:32:53,041 - ERROR - Attempt 2/3 failed for term 'cardiovascular': current transaction is aborted, commands ignored until end of transaction block

2025-05-29 21:32:53,042 - ERROR - Attempt 3/3 failed for term 'cardiovascular': current transaction is aborted, commands ignored until end of transaction block

2025-05-29 21:32:53,042 - ERROR - Max retries reached for term 'cardiovascular'
2025-05-29 21:32:53,059 - ERROR - Attempt 1/3 failed for term 'palpitations': relation "mrconso" does not exist
LINE 3:                     FROM MRCONSO c
                                 ^

2025-05-29 21:32:53,059 - ERROR - Attempt 2/3 failed for term 'palpitations': current transaction is aborted, commands ignored until end of transaction block

2025-05-29 21:32:53,061 - ERROR - Attempt 3/3 failed for term 'palpitations': current transaction is aborted, commands ignored until end of transaction block

2025-05-29 21:32:53,062 - ERROR - Max retries reached for term 'palpitations'
2025-05-29 21:32:53,083 - ERROR - Attempt 1/3 failed for term 'hearing loss': relation "mrconso" does not exist
LINE 3:                     FROM MRCONSO c
                                 ^

2025-05-29 21:32:53,085 - ERROR - Attempt 2/3 failed for term 'hearing loss': current transaction is aborted, commands ignored until end of transaction block

2025-05-29 21:32:53,087 - ERROR - Attempt 3/3 failed for term 'hearing loss': current transaction is aborted, commands ignored until end of transaction block

2025-05-29 21:32:53,087 - ERROR - Max retries reached for term 'hearing loss'
2025-05-29 21:32:53,112 - ERROR - Attempt 1/3 failed for term 'low-grade': relation "mrconso" does not exist
LINE 3:                     FROM MRCONSO c
                                 ^

2025-05-29 21:32:53,113 - ERROR - Attempt 2/3 failed for term 'low-grade': current transaction is aborted, commands ignored until end of transaction block

2025-05-29 21:32:53,119 - ERROR - Attempt 3/3 failed for term 'low-grade': current transaction is aborted, commands ignored until end of transaction block

2025-05-29 21:32:53,119 - ERROR - Max retries reached for term 'low-grade'
2025-05-29 21:32:53,140 - ERROR - Attempt 1/3 failed for term 'chest pain': relation "mrconso" does not exist
LINE 3:                     FROM MRCONSO c
                                 ^

2025-05-29 21:32:53,142 - ERROR - Attempt 2/3 failed for term 'chest pain': current transaction is aborted, commands ignored until end of transaction block

2025-05-29 21:32:53,143 - ERROR - Attempt 3/3 failed for term 'chest pain': current transaction is aborted, commands ignored until end of transaction block

2025-05-29 21:32:53,143 - ERROR - Max retries reached for term 'chest pain'
2025-05-29 21:32:53,170 - ERROR - Attempt 1/3 failed for term 'purulent': relation "mrconso" does not exist
LINE 3:                     FROM MRCONSO c
                                 ^

2025-05-29 21:32:53,171 - ERROR - Attempt 2/3 failed for term 'purulent': current transaction is aborted, commands ignored until end of transaction block

2025-05-29 21:32:53,172 - ERROR - Attempt 3/3 failed for term 'purulent': current transaction is aborted, commands ignored until end of transaction block

2025-05-29 21:32:53,173 - ERROR - Max retries reached for term 'purulent'
2025-05-29 21:32:53,205 - ERROR - Attempt 1/3 failed for term 'neurological': relation "mrconso" does not exist
LINE 3:                     FROM MRCONSO c
                                 ^

2025-05-29 21:32:53,206 - ERROR - Attempt 2/3 failed for term 'neurological': current transaction is aborted, commands ignored until end of transaction block

2025-05-29 21:32:53,208 - ERROR - Attempt 3/3 failed for term 'neurological': current transaction is aborted, commands ignored until end of transaction block

2025-05-29 21:32:53,208 - ERROR - Max retries reached for term 'neurological'
2025-05-29 21:32:53,231 - ERROR - Attempt 1/3 failed for term 'associated with': relation "mrconso" does not exist
LINE 3:                     FROM MRCONSO c
                                 ^

2025-05-29 21:32:53,232 - ERROR - Attempt 2/3 failed for term 'associated with': current transaction is aborted, commands ignored until end of transaction block

2025-05-29 21:32:53,234 - ERROR - Attempt 3/3 failed for term 'associated with': current transaction is aborted, commands ignored until end of transaction block

2025-05-29 21:32:53,234 - ERROR - Max retries reached for term 'associated with'
2025-05-29 21:32:53,252 - WARNING - Failed to fetch semantic type for CUI NO_CUI_and purulent nasal discharge for 10 days. low-grade fever (up to 100.5°f). no sore throat or hearing loss. pulmonary: no cough or shortness of breath. cardiovascular: no chest pain or palpitations. neurological: mild headache associated with sinus pain: relation "mrsty" does not exist
LINE 3:                             FROM MRSTY sty
                                         ^

2025-05-29 21:32:53,517 - ERROR - Attempt 1/3 failed for term 'acute': relation "mrconso" does not exist
LINE 3:                     FROM MRCONSO c
                                 ^

2025-05-29 21:32:53,517 - ERROR - Attempt 2/3 failed for term 'acute': current transaction is aborted, commands ignored until end of transaction block

2025-05-29 21:32:53,518 - ERROR - Attempt 3/3 failed for term 'acute': current transaction is aborted, commands ignored until end of transaction block

2025-05-29 21:32:53,518 - ERROR - Max retries reached for term 'acute'
2025-05-29 21:32:53,531 - ERROR - Attempt 1/3 failed for term 'bacterial sinusitis': relation "mrconso" does not exist
LINE 3:                     FROM MRCONSO c
                                 ^

2025-05-29 21:32:53,532 - ERROR - Attempt 2/3 failed for term 'bacterial sinusitis': current transaction is aborted, commands ignored until end of transaction block

2025-05-29 21:32:53,533 - ERROR - Attempt 3/3 failed for term 'bacterial sinusitis': current transaction is aborted, commands ignored until end of transaction block

2025-05-29 21:32:53,533 - ERROR - Max retries reached for term 'bacterial sinusitis'
2025-05-29 21:32:53,548 - ERROR - Attempt 1/3 failed for term 'no joint pain': relation "mrconso" does not exist
LINE 3:                     FROM MRCONSO c
                                 ^

2025-05-29 21:32:53,549 - ERROR - Attempt 2/3 failed for term 'no joint pain': current transaction is aborted, commands ignored until end of transaction block

2025-05-29 21:32:53,550 - ERROR - Attempt 3/3 failed for term 'no joint pain': current transaction is aborted, commands ignored until end of transaction block

2025-05-29 21:32:53,550 - ERROR - Max retries reached for term 'no joint pain'
2025-05-29 21:32:53,565 - ERROR - Attempt 1/3 failed for term 'no dizziness': relation "mrconso" does not exist
LINE 3:                     FROM MRCONSO c
                                 ^

2025-05-29 21:32:53,566 - ERROR - Attempt 2/3 failed for term 'no dizziness': current transaction is aborted, commands ignored until end of transaction block

2025-05-29 21:32:53,566 - ERROR - Attempt 3/3 failed for term 'no dizziness': current transaction is aborted, commands ignored until end of transaction block

2025-05-29 21:32:53,567 - ERROR - Max retries reached for term 'no dizziness'
2025-05-29 21:32:53,581 - ERROR - Attempt 1/3 failed for term 'weight changes': relation "mrconso" does not exist
LINE 3:                     FROM MRCONSO c
                                 ^

2025-05-29 21:32:53,582 - ERROR - Attempt 2/3 failed for term 'weight changes': current transaction is aborted, commands ignored until end of transaction block

2025-05-29 21:32:53,582 - ERROR - Attempt 3/3 failed for term 'weight changes': current transaction is aborted, commands ignored until end of transaction block

2025-05-29 21:32:53,583 - ERROR - Max retries reached for term 'weight changes'
2025-05-29 21:32:53,596 - ERROR - Attempt 1/3 failed for term 'bruising': relation "mrconso" does not exist
LINE 3:                     FROM MRCONSO c
                                 ^

2025-05-29 21:32:53,597 - ERROR - Attempt 2/3 failed for term 'bruising': current transaction is aborted, commands ignored until end of transaction block

2025-05-29 21:32:53,598 - ERROR - Attempt 3/3 failed for term 'bruising': current transaction is aborted, commands ignored until end of transaction block

2025-05-29 21:32:53,598 - ERROR - Max retries reached for term 'bruising'
2025-05-29 21:32:53,613 - ERROR - Attempt 1/3 failed for term 'ophthalmologic': relation "mrconso" does not exist
LINE 3:                     FROM MRCONSO c
                                 ^

2025-05-29 21:32:53,614 - ERROR - Attempt 2/3 failed for term 'ophthalmologic': current transaction is aborted, commands ignored until end of transaction block

2025-05-29 21:32:53,616 - ERROR - Attempt 3/3 failed for term 'ophthalmologic': current transaction is aborted, commands ignored until end of transaction block

2025-05-29 21:32:53,616 - ERROR - Max retries reached for term 'ophthalmologic'
2025-05-29 21:32:53,636 - ERROR - Attempt 1/3 failed for term 'dermatologic': relation "mrconso" does not exist
LINE 3:                     FROM MRCONSO c
                                 ^

2025-05-29 21:32:53,637 - ERROR - Attempt 2/3 failed for term 'dermatologic': current transaction is aborted, commands ignored until end of transaction block

2025-05-29 21:32:53,638 - ERROR - Attempt 3/3 failed for term 'dermatologic': current transaction is aborted, commands ignored until end of transaction block

2025-05-29 21:32:53,638 - ERROR - Max retries reached for term 'dermatologic'
2025-05-29 21:32:53,653 - ERROR - Attempt 1/3 failed for term 'no rashes': relation "mrconso" does not exist
LINE 3:                     FROM MRCONSO c
                                 ^

2025-05-29 21:32:53,654 - ERROR - Attempt 2/3 failed for term 'no rashes': current transaction is aborted, commands ignored until end of transaction block

2025-05-29 21:32:53,655 - ERROR - Attempt 3/3 failed for term 'no rashes': current transaction is aborted, commands ignored until end of transaction block

2025-05-29 21:32:53,656 - ERROR - Max retries reached for term 'no rashes'
2025-05-29 21:32:53,676 - ERROR - Attempt 1/3 failed for term 'endocrine': relation "mrconso" does not exist
LINE 3:                     FROM MRCONSO c
                                 ^

2025-05-29 21:32:53,676 - ERROR - Attempt 2/3 failed for term 'endocrine': current transaction is aborted, commands ignored until end of transaction block

2025-05-29 21:32:53,677 - ERROR - Attempt 3/3 failed for term 'endocrine': current transaction is aborted, commands ignored until end of transaction block

2025-05-29 21:32:53,678 - ERROR - Max retries reached for term 'endocrine'
2025-05-29 21:32:53,681 - WARNING - Skipping non-clinical or blocked term: 'psychiatric'
2025-05-29 21:32:53,703 - ERROR - Attempt 1/3 failed for term 'nausea': relation "mrconso" does not exist
LINE 3:                     FROM MRCONSO c
                                 ^

2025-05-29 21:32:53,704 - ERROR - Attempt 2/3 failed for term 'nausea': current transaction is aborted, commands ignored until end of transaction block

2025-05-29 21:32:53,705 - ERROR - Attempt 3/3 failed for term 'nausea': current transaction is aborted, commands ignored until end of transaction block

2025-05-29 21:32:53,707 - ERROR - Max retries reached for term 'nausea'
2025-05-29 21:32:53,708 - WARNING - Skipping non-clinical or blocked term: 'symptoms'
2025-05-29 21:32:53,708 - WARNING - Skipping non-clinical or blocked term: 'hematologic'
2025-05-29 21:32:53,728 - ERROR - Attempt 1/3 failed for term 'bleeding': relation "mrconso" does not exist
LINE 3:                     FROM MRCONSO c
                                 ^

2025-05-29 21:32:53,730 - ERROR - Attempt 2/3 failed for term 'bleeding': current transaction is aborted, commands ignored until end of transaction block

2025-05-29 21:32:53,731 - ERROR - Attempt 3/3 failed for term 'bleeding': current transaction is aborted, commands ignored until end of transaction block

2025-05-29 21:32:53,732 - ERROR - Max retries reached for term 'bleeding'
2025-05-29 21:32:53,749 - ERROR - Attempt 1/3 failed for term 'primary assessment': relation "mrconso" does not exist
LINE 3:                     FROM MRCONSO c
                                 ^

2025-05-29 21:32:53,750 - ERROR - Attempt 2/3 failed for term 'primary assessment': current transaction is aborted, commands ignored until end of transaction block

2025-05-29 21:32:53,751 - ERROR - Attempt 3/3 failed for term 'primary assessment': current transaction is aborted, commands ignored until end of transaction block

2025-05-29 21:32:53,751 - ERROR - Max retries reached for term 'primary assessment'
2025-05-29 21:32:53,753 - WARNING - Skipping non-clinical or blocked term: 'vision'
2025-05-29 21:32:53,771 - ERROR - Attempt 1/3 failed for term 'consistent with': relation "mrconso" does not exist
LINE 3:                     FROM MRCONSO c
                                 ^

2025-05-29 21:32:53,772 - ERROR - Attempt 2/3 failed for term 'consistent with': current transaction is aborted, commands ignored until end of transaction block

2025-05-29 21:32:53,774 - ERROR - Attempt 3/3 failed for term 'consistent with': current transaction is aborted, commands ignored until end of transaction block

2025-05-29 21:32:53,774 - ERROR - Max retries reached for term 'consistent with'
2025-05-29 21:32:53,791 - ERROR - Attempt 1/3 failed for term 'genitourinary': relation "mrconso" does not exist
LINE 3:                     FROM MRCONSO c
                                 ^

2025-05-29 21:32:53,792 - ERROR - Attempt 2/3 failed for term 'genitourinary': current transaction is aborted, commands ignored until end of transaction block

2025-05-29 21:32:53,793 - ERROR - Attempt 3/3 failed for term 'genitourinary': current transaction is aborted, commands ignored until end of transaction block

2025-05-29 21:32:53,793 - ERROR - Max retries reached for term 'genitourinary'
2025-05-29 21:32:53,794 - WARNING - Skipping non-clinical or blocked term: 'gastrointestinal'
2025-05-29 21:32:53,816 - ERROR - Attempt 1/3 failed for term 'diarrhea': relation "mrconso" does not exist
LINE 3:                     FROM MRCONSO c
                                 ^

2025-05-29 21:32:53,817 - ERROR - Attempt 2/3 failed for term 'diarrhea': current transaction is aborted, commands ignored until end of transaction block

2025-05-29 21:32:53,819 - ERROR - Attempt 3/3 failed for term 'diarrhea': current transaction is aborted, commands ignored until end of transaction block

2025-05-29 21:32:53,819 - ERROR - Max retries reached for term 'diarrhea'
2025-05-29 21:32:53,837 - ERROR - Attempt 1/3 failed for term 'mood changes': relation "mrconso" does not exist
LINE 3:                     FROM MRCONSO c
                                 ^

2025-05-29 21:32:53,839 - ERROR - Attempt 2/3 failed for term 'mood changes': current transaction is aborted, commands ignored until end of transaction block

2025-05-29 21:32:53,840 - ERROR - Attempt 3/3 failed for term 'mood changes': current transaction is aborted, commands ignored until end of transaction block

2025-05-29 21:32:53,841 - ERROR - Max retries reached for term 'mood changes'
2025-05-29 21:32:53,857 - ERROR - Attempt 1/3 failed for term 'lesions': relation "mrconso" does not exist
LINE 3:                     FROM MRCONSO c
                                 ^

2025-05-29 21:32:53,858 - ERROR - Attempt 2/3 failed for term 'lesions': current transaction is aborted, commands ignored until end of transaction block

2025-05-29 21:32:53,859 - ERROR - Attempt 3/3 failed for term 'lesions': current transaction is aborted, commands ignored until end of transaction block

2025-05-29 21:32:53,859 - ERROR - Max retries reached for term 'lesions'
2025-05-29 21:32:53,875 - ERROR - Attempt 1/3 failed for term 'stiffness': relation "mrconso" does not exist
LINE 3:                     FROM MRCONSO c
                                 ^

2025-05-29 21:32:53,876 - ERROR - Attempt 2/3 failed for term 'stiffness': current transaction is aborted, commands ignored until end of transaction block

2025-05-29 21:32:53,876 - ERROR - Attempt 3/3 failed for term 'stiffness': current transaction is aborted, commands ignored until end of transaction block

2025-05-29 21:32:53,877 - ERROR - Max retries reached for term 'stiffness'
2025-05-29 21:32:53,892 - ERROR - Attempt 1/3 failed for term 'urinary changes': relation "mrconso" does not exist
LINE 3:                     FROM MRCONSO c
                                 ^

2025-05-29 21:32:53,893 - ERROR - Attempt 2/3 failed for term 'urinary changes': current transaction is aborted, commands ignored until end of transaction block

2025-05-29 21:32:53,895 - ERROR - Attempt 3/3 failed for term 'urinary changes': current transaction is aborted, commands ignored until end of transaction block

2025-05-29 21:32:53,896 - ERROR - Max retries reached for term 'urinary changes'
2025-05-29 21:32:53,914 - WARNING - Failed to fetch semantic type for CUI NO_CUI_no dizziness. musculoskeletal: no joint pain or stiffness. gastrointestinal: no nausea or diarrhea. genitourinary: no urinary changes. endocrine: no weight changes or thirst. hematologic: no easy bruising or bleeding. dermatologic: no rashes or lesions. psychiatric: no mood changes. ophthalmologic: no vision changes. primary assessment: symptoms consistent with acute bacterial sinusitis: relation "mrsty" does not exist
LINE 3:                             FROM MRSTY sty
                                         ^

2025-05-29 21:34:30,631 - ERROR - Failed to initialize NLP pipeline: [E893] Could not find function 'replace_tokenizer' in function registry 'callbacks'. If you're using a custom function, make sure the code is available. If the function is provided by a third-party package, e.g. spacy-transformers, make sure the package is installed in your environment.

Available names: spacy.copy_from_base_model.v1, spacy.models_and_pipes_with_nvtx_range.v1, spacy.models_with_nvtx_range.v1
2025-05-29 21:34:31,864 - WARNING - Using fallback spacy pipeline without parser, ner, or linker
2025-05-29 21:34:32,765 - ERROR - Attempt 1/3 failed for term 'facial pain': relation "mrconso" does not exist
LINE 3:                     FROM MRCONSO c
                                 ^

2025-05-29 21:34:32,765 - ERROR - Attempt 2/3 failed for term 'facial pain': current transaction is aborted, commands ignored until end of transaction block

2025-05-29 21:34:32,766 - ERROR - Attempt 3/3 failed for term 'facial pain': current transaction is aborted, commands ignored until end of transaction block

2025-05-29 21:34:32,766 - ERROR - Max retries reached for term 'facial pain'
2025-05-29 21:34:32,777 - WARNING - Failed to fetch semantic type for CUI NO_CUI_facial pain: relation "mrsty" does not exist
LINE 3:                             FROM MRSTY sty
                                         ^

2025-05-29 21:34:32,886 - ERROR - Attempt 1/3 failed for term 'nasal congestion': relation "mrconso" does not exist
LINE 3:                     FROM MRCONSO c
                                 ^

2025-05-29 21:34:32,887 - ERROR - Attempt 2/3 failed for term 'nasal congestion': current transaction is aborted, commands ignored until end of transaction block

2025-05-29 21:34:32,887 - ERROR - Attempt 3/3 failed for term 'nasal congestion': current transaction is aborted, commands ignored until end of transaction block

2025-05-29 21:34:32,888 - ERROR - Max retries reached for term 'nasal congestion'
2025-05-29 21:34:32,902 - WARNING - Failed to fetch semantic type for CUI NO_CUI_nasal congestion: relation "mrsty" does not exist
LINE 3:                             FROM MRSTY sty
                                         ^

2025-05-29 21:34:32,981 - ERROR - Attempt 1/3 failed for term 'purulent': relation "mrconso" does not exist
LINE 3:                     FROM MRCONSO c
                                 ^

2025-05-29 21:34:32,982 - ERROR - Attempt 2/3 failed for term 'purulent': current transaction is aborted, commands ignored until end of transaction block

2025-05-29 21:34:32,982 - ERROR - Attempt 3/3 failed for term 'purulent': current transaction is aborted, commands ignored until end of transaction block

2025-05-29 21:34:32,982 - ERROR - Max retries reached for term 'purulent'
2025-05-29 21:34:32,994 - ERROR - Attempt 1/3 failed for term 'nasal discharge': relation "mrconso" does not exist
LINE 3:                     FROM MRCONSO c
                                 ^

2025-05-29 21:34:32,995 - ERROR - Attempt 2/3 failed for term 'nasal discharge': current transaction is aborted, commands ignored until end of transaction block

2025-05-29 21:34:32,996 - ERROR - Attempt 3/3 failed for term 'nasal discharge': current transaction is aborted, commands ignored until end of transaction block

2025-05-29 21:34:32,996 - ERROR - Max retries reached for term 'nasal discharge'
2025-05-29 21:34:33,016 - WARNING - Failed to fetch semantic type for CUI NO_CUI_purulent nasal discharge: relation "mrsty" does not exist
LINE 3:                             FROM MRSTY sty
                                         ^

2025-05-29 21:34:33,105 - ERROR - Attempt 1/3 failed for term 'fever': relation "mrconso" does not exist
LINE 3:                     FROM MRCONSO c
                                 ^

2025-05-29 21:34:33,106 - ERROR - Attempt 2/3 failed for term 'fever': current transaction is aborted, commands ignored until end of transaction block

2025-05-29 21:34:33,106 - ERROR - Attempt 3/3 failed for term 'fever': current transaction is aborted, commands ignored until end of transaction block

2025-05-29 21:34:33,106 - ERROR - Max retries reached for term 'fever'
2025-05-29 21:34:33,122 - WARNING - Failed to fetch semantic type for CUI NO_CUI_fever: relation "mrsty" does not exist
LINE 3:                             FROM MRSTY sty
                                         ^

2025-05-29 21:34:33,238 - WARNING - Skipping non-clinical or blocked term: 'days'
2025-05-29 21:34:33,248 - ERROR - Attempt 1/3 failed for term 'facial pain': relation "mrconso" does not exist
LINE 3:                     FROM MRCONSO c
                                 ^

2025-05-29 21:34:33,248 - ERROR - Attempt 2/3 failed for term 'facial pain': current transaction is aborted, commands ignored until end of transaction block

2025-05-29 21:34:33,249 - ERROR - Attempt 3/3 failed for term 'facial pain': current transaction is aborted, commands ignored until end of transaction block

2025-05-29 21:34:33,250 - ERROR - Max retries reached for term 'facial pain'
2025-05-29 21:34:33,263 - ERROR - Attempt 1/3 failed for term 'nasal discharge': relation "mrconso" does not exist
LINE 3:                     FROM MRCONSO c
                                 ^

2025-05-29 21:34:33,264 - ERROR - Attempt 2/3 failed for term 'nasal discharge': current transaction is aborted, commands ignored until end of transaction block

2025-05-29 21:34:33,265 - ERROR - Attempt 3/3 failed for term 'nasal discharge': current transaction is aborted, commands ignored until end of transaction block

2025-05-29 21:34:33,266 - ERROR - Max retries reached for term 'nasal discharge'
2025-05-29 21:34:33,279 - ERROR - Attempt 1/3 failed for term 'fever': relation "mrconso" does not exist
LINE 3:                     FROM MRCONSO c
                                 ^

2025-05-29 21:34:33,280 - ERROR - Attempt 2/3 failed for term 'fever': current transaction is aborted, commands ignored until end of transaction block

2025-05-29 21:34:33,281 - ERROR - Attempt 3/3 failed for term 'fever': current transaction is aborted, commands ignored until end of transaction block

2025-05-29 21:34:33,282 - ERROR - Max retries reached for term 'fever'
2025-05-29 21:34:33,297 - ERROR - Attempt 1/3 failed for term 'patient': relation "mrconso" does not exist
LINE 3:                     FROM MRCONSO c
                                 ^

2025-05-29 21:34:33,299 - ERROR - Attempt 2/3 failed for term 'patient': current transaction is aborted, commands ignored until end of transaction block

2025-05-29 21:34:33,300 - ERROR - Attempt 3/3 failed for term 'patient': current transaction is aborted, commands ignored until end of transaction block

2025-05-29 21:34:33,300 - ERROR - Max retries reached for term 'patient'
2025-05-29 21:34:33,317 - ERROR - Attempt 1/3 failed for term 'nasal congestion': relation "mrconso" does not exist
LINE 3:                     FROM MRCONSO c
                                 ^

2025-05-29 21:34:33,318 - ERROR - Attempt 2/3 failed for term 'nasal congestion': current transaction is aborted, commands ignored until end of transaction block

2025-05-29 21:34:33,319 - ERROR - Attempt 3/3 failed for term 'nasal congestion': current transaction is aborted, commands ignored until end of transaction block

2025-05-29 21:34:33,320 - ERROR - Max retries reached for term 'nasal congestion'
2025-05-29 21:34:33,336 - ERROR - Attempt 1/3 failed for term 'purulent': relation "mrconso" does not exist
LINE 3:                     FROM MRCONSO c
                                 ^

2025-05-29 21:34:33,337 - ERROR - Attempt 2/3 failed for term 'purulent': current transaction is aborted, commands ignored until end of transaction block

2025-05-29 21:34:33,338 - ERROR - Attempt 3/3 failed for term 'purulent': current transaction is aborted, commands ignored until end of transaction block

2025-05-29 21:34:33,339 - ERROR - Max retries reached for term 'purulent'
2025-05-29 21:34:33,354 - ERROR - Attempt 1/3 failed for term 'reports': relation "mrconso" does not exist
LINE 3:                     FROM MRCONSO c
                                 ^

2025-05-29 21:34:33,355 - ERROR - Attempt 2/3 failed for term 'reports': current transaction is aborted, commands ignored until end of transaction block

2025-05-29 21:34:33,355 - ERROR - Attempt 3/3 failed for term 'reports': current transaction is aborted, commands ignored until end of transaction block

2025-05-29 21:34:33,355 - ERROR - Max retries reached for term 'reports'
2025-05-29 21:34:33,369 - WARNING - Failed to fetch semantic type for CUI NO_CUI_patient presents with facial pain, nasal congestion, and fever for 10 days. reports purulent nasal discharge.: relation "mrsty" does not exist
LINE 3:                             FROM MRSTY sty
                                         ^

2025-05-29 21:34:33,455 - ERROR - Attempt 1/3 failed for term 'headache': relation "mrconso" does not exist
LINE 3:                     FROM MRCONSO c
                                 ^

2025-05-29 21:34:33,456 - ERROR - Attempt 2/3 failed for term 'headache': current transaction is aborted, commands ignored until end of transaction block

2025-05-29 21:34:33,456 - ERROR - Attempt 3/3 failed for term 'headache': current transaction is aborted, commands ignored until end of transaction block

2025-05-29 21:34:33,457 - ERROR - Max retries reached for term 'headache'
2025-05-29 21:34:33,467 - WARNING - Failed to fetch semantic type for CUI NO_CUI_headache: relation "mrsty" does not exist
LINE 3:                             FROM MRSTY sty
                                         ^

2025-05-29 21:34:33,558 - ERROR - Attempt 1/3 failed for term 'headache': relation "mrconso" does not exist
LINE 3:                     FROM MRCONSO c
                                 ^

2025-05-29 21:34:33,558 - ERROR - Attempt 2/3 failed for term 'headache': current transaction is aborted, commands ignored until end of transaction block

2025-05-29 21:34:33,559 - ERROR - Attempt 3/3 failed for term 'headache': current transaction is aborted, commands ignored until end of transaction block

2025-05-29 21:34:33,559 - ERROR - Max retries reached for term 'headache'
2025-05-29 21:34:33,573 - ERROR - Attempt 1/3 failed for term 'patient complains': relation "mrconso" does not exist
LINE 3:                     FROM MRCONSO c
                                 ^

2025-05-29 21:34:33,574 - ERROR - Attempt 2/3 failed for term 'patient complains': current transaction is aborted, commands ignored until end of transaction block

2025-05-29 21:34:33,575 - ERROR - Attempt 3/3 failed for term 'patient complains': current transaction is aborted, commands ignored until end of transaction block

2025-05-29 21:34:33,576 - ERROR - Max retries reached for term 'patient complains'
2025-05-29 21:34:33,590 - WARNING - Failed to fetch semantic type for CUI NO_CUI_patient complains of headache: relation "mrsty" does not exist
LINE 3:                             FROM MRSTY sty
                                         ^

2025-05-29 21:34:33,694 - ERROR - Attempt 1/3 failed for term 'back pain': relation "mrconso" does not exist
LINE 3:                     FROM MRCONSO c
                                 ^

2025-05-29 21:34:33,694 - ERROR - Attempt 2/3 failed for term 'back pain': current transaction is aborted, commands ignored until end of transaction block

2025-05-29 21:34:33,695 - ERROR - Attempt 3/3 failed for term 'back pain': current transaction is aborted, commands ignored until end of transaction block

2025-05-29 21:34:33,695 - ERROR - Max retries reached for term 'back pain'
2025-05-29 21:34:33,707 - WARNING - Failed to fetch semantic type for CUI NO_CUI_back pain: relation "mrsty" does not exist
LINE 3:                             FROM MRSTY sty
                                         ^

2025-05-29 21:34:33,801 - ERROR - Attempt 1/3 failed for term 'movement': relation "mrconso" does not exist
LINE 3:                     FROM MRCONSO c
                                 ^

2025-05-29 21:34:33,801 - ERROR - Attempt 2/3 failed for term 'movement': current transaction is aborted, commands ignored until end of transaction block

2025-05-29 21:34:33,802 - ERROR - Attempt 3/3 failed for term 'movement': current transaction is aborted, commands ignored until end of transaction block

2025-05-29 21:34:33,802 - ERROR - Max retries reached for term 'movement'
2025-05-29 21:34:33,822 - ERROR - Attempt 1/3 failed for term 'pain': relation "mrconso" does not exist
LINE 3:                     FROM MRCONSO c
                                 ^

2025-05-29 21:34:33,823 - ERROR - Attempt 2/3 failed for term 'pain': current transaction is aborted, commands ignored until end of transaction block

2025-05-29 21:34:33,823 - ERROR - Attempt 3/3 failed for term 'pain': current transaction is aborted, commands ignored until end of transaction block

2025-05-29 21:34:33,824 - ERROR - Max retries reached for term 'pain'
2025-05-29 21:34:33,839 - WARNING - Failed to fetch semantic type for CUI NO_CUI_pain on movement: relation "mrsty" does not exist
LINE 3:                             FROM MRSTY sty
                                         ^

2025-05-29 21:34:33,922 - ERROR - Attempt 1/3 failed for term 'obesity': relation "mrconso" does not exist
LINE 3:                     FROM MRCONSO c
                                 ^

2025-05-29 21:34:33,923 - ERROR - Attempt 2/3 failed for term 'obesity': current transaction is aborted, commands ignored until end of transaction block

2025-05-29 21:34:33,924 - ERROR - Attempt 3/3 failed for term 'obesity': current transaction is aborted, commands ignored until end of transaction block

2025-05-29 21:34:33,924 - ERROR - Max retries reached for term 'obesity'
2025-05-29 21:34:33,935 - WARNING - Failed to fetch semantic type for CUI NO_CUI_obesity: relation "mrsty" does not exist
LINE 3:                             FROM MRSTY sty
                                         ^

2025-05-29 21:34:34,058 - ERROR - Attempt 1/3 failed for term 'back pain': relation "mrconso" does not exist
LINE 3:                     FROM MRCONSO c
                                 ^

2025-05-29 21:34:34,059 - ERROR - Attempt 2/3 failed for term 'back pain': current transaction is aborted, commands ignored until end of transaction block

2025-05-29 21:34:34,059 - ERROR - Attempt 3/3 failed for term 'back pain': current transaction is aborted, commands ignored until end of transaction block

2025-05-29 21:34:34,060 - ERROR - Max retries reached for term 'back pain'
2025-05-29 21:34:34,074 - ERROR - Attempt 1/3 failed for term 'weeks': relation "mrconso" does not exist
LINE 3:                     FROM MRCONSO c
                                 ^

2025-05-29 21:34:34,074 - ERROR - Attempt 2/3 failed for term 'weeks': current transaction is aborted, commands ignored until end of transaction block

2025-05-29 21:34:34,075 - ERROR - Attempt 3/3 failed for term 'weeks': current transaction is aborted, commands ignored until end of transaction block

2025-05-29 21:34:34,076 - ERROR - Max retries reached for term 'weeks'
2025-05-29 21:34:34,091 - WARNING - Failed to fetch semantic type for CUI NO_CUI_back pain for two weeks: relation "mrsty" does not exist
LINE 3:                             FROM MRSTY sty
                                         ^

2025-05-29 21:34:34,197 - WARNING - Skipping non-clinical or blocked term: 'days'
2025-05-29 21:34:34,207 - ERROR - Attempt 1/3 failed for term 'patient complains': relation "mrconso" does not exist
LINE 3:                     FROM MRCONSO c
                                 ^

2025-05-29 21:34:34,208 - ERROR - Attempt 2/3 failed for term 'patient complains': current transaction is aborted, commands ignored until end of transaction block

2025-05-29 21:34:34,208 - ERROR - Attempt 3/3 failed for term 'patient complains': current transaction is aborted, commands ignored until end of transaction block

2025-05-29 21:34:34,209 - ERROR - Max retries reached for term 'patient complains'
2025-05-29 21:34:34,209 - WARNING - Skipping non-clinical or blocked term: 'chills'
2025-05-29 21:34:34,223 - ERROR - Attempt 1/3 failed for term 'fevers': relation "mrconso" does not exist
LINE 3:                     FROM MRCONSO c
                                 ^

2025-05-29 21:34:34,224 - ERROR - Attempt 2/3 failed for term 'fevers': current transaction is aborted, commands ignored until end of transaction block

2025-05-29 21:34:34,225 - ERROR - Attempt 3/3 failed for term 'fevers': current transaction is aborted, commands ignored until end of transaction block

2025-05-29 21:34:34,226 - ERROR - Max retries reached for term 'fevers'
2025-05-29 21:34:34,240 - ERROR - Attempt 1/3 failed for term 'headache': relation "mrconso" does not exist
LINE 3:                     FROM MRCONSO c
                                 ^

2025-05-29 21:34:34,241 - ERROR - Attempt 2/3 failed for term 'headache': current transaction is aborted, commands ignored until end of transaction block

2025-05-29 21:34:34,242 - ERROR - Attempt 3/3 failed for term 'headache': current transaction is aborted, commands ignored until end of transaction block

2025-05-29 21:34:34,243 - ERROR - Max retries reached for term 'headache'
2025-05-29 21:34:34,257 - ERROR - Attempt 1/3 failed for term 'associated with': relation "mrconso" does not exist
LINE 3:                     FROM MRCONSO c
                                 ^

2025-05-29 21:34:34,258 - ERROR - Attempt 2/3 failed for term 'associated with': current transaction is aborted, commands ignored until end of transaction block

2025-05-29 21:34:34,259 - ERROR - Attempt 3/3 failed for term 'associated with': current transaction is aborted, commands ignored until end of transaction block

2025-05-29 21:34:34,259 - ERROR - Max retries reached for term 'associated with'
2025-05-29 21:34:34,275 - WARNING - Failed to fetch semantic type for CUI NO_CUI_patient complains of headache the headache started three days ago. the headache is associated with fevers and chills: relation "mrsty" does not exist
LINE 3:                             FROM MRSTY sty
                                         ^

2025-05-29 21:34:34,415 - WARNING - Skipping non-clinical or blocked term: 'worse'
2025-05-29 21:34:34,415 - WARNING - Skipping non-clinical or blocked term: 'eyes'
2025-05-29 21:34:34,425 - ERROR - Attempt 1/3 failed for term 'licking': relation "mrconso" does not exist
LINE 3:                     FROM MRCONSO c
                                 ^

2025-05-29 21:34:34,425 - ERROR - Attempt 2/3 failed for term 'licking': current transaction is aborted, commands ignored until end of transaction block

2025-05-29 21:34:34,426 - ERROR - Attempt 3/3 failed for term 'licking': current transaction is aborted, commands ignored until end of transaction block

2025-05-29 21:34:34,427 - ERROR - Max retries reached for term 'licking'
2025-05-29 21:34:34,439 - ERROR - Attempt 1/3 failed for term 'patient': relation "mrconso" does not exist
LINE 3:                     FROM MRCONSO c
                                 ^

2025-05-29 21:34:34,440 - ERROR - Attempt 2/3 failed for term 'patient': current transaction is aborted, commands ignored until end of transaction block

2025-05-29 21:34:34,440 - ERROR - Attempt 3/3 failed for term 'patient': current transaction is aborted, commands ignored until end of transaction block

2025-05-29 21:34:34,441 - ERROR - Max retries reached for term 'patient'
2025-05-29 21:34:34,441 - WARNING - Skipping non-clinical or blocked term: 'foods'
2025-05-29 21:34:34,454 - ERROR - Attempt 1/3 failed for term 'strong': relation "mrconso" does not exist
LINE 3:                     FROM MRCONSO c
                                 ^

2025-05-29 21:34:34,454 - ERROR - Attempt 2/3 failed for term 'strong': current transaction is aborted, commands ignored until end of transaction block

2025-05-29 21:34:34,455 - ERROR - Attempt 3/3 failed for term 'strong': current transaction is aborted, commands ignored until end of transaction block

2025-05-29 21:34:34,455 - ERROR - Max retries reached for term 'strong'
2025-05-29 21:34:34,468 - ERROR - Attempt 1/3 failed for term 'fats': relation "mrconso" does not exist
LINE 3:                     FROM MRCONSO c
                                 ^

2025-05-29 21:34:34,469 - ERROR - Attempt 2/3 failed for term 'fats': current transaction is aborted, commands ignored until end of transaction block

2025-05-29 21:34:34,470 - ERROR - Attempt 3/3 failed for term 'fats': current transaction is aborted, commands ignored until end of transaction block

2025-05-29 21:34:34,470 - ERROR - Max retries reached for term 'fats'
2025-05-29 21:34:34,482 - ERROR - Attempt 1/3 failed for term 'tea': relation "mrconso" does not exist
LINE 3:                     FROM MRCONSO c
                                 ^

2025-05-29 21:34:34,483 - ERROR - Attempt 2/3 failed for term 'tea': current transaction is aborted, commands ignored until end of transaction block

2025-05-29 21:34:34,484 - ERROR - Attempt 3/3 failed for term 'tea': current transaction is aborted, commands ignored until end of transaction block

2025-05-29 21:34:34,484 - ERROR - Max retries reached for term 'tea'
2025-05-29 21:34:34,497 - ERROR - Attempt 1/3 failed for term 'vomiting': relation "mrconso" does not exist
LINE 3:                     FROM MRCONSO c
                                 ^

2025-05-29 21:34:34,498 - ERROR - Attempt 2/3 failed for term 'vomiting': current transaction is aborted, commands ignored until end of transaction block

2025-05-29 21:34:34,499 - ERROR - Attempt 3/3 failed for term 'vomiting': current transaction is aborted, commands ignored until end of transaction block

2025-05-29 21:34:34,499 - ERROR - Max retries reached for term 'vomiting'
2025-05-29 21:34:34,512 - ERROR - Attempt 1/3 failed for term 'nausea': relation "mrconso" does not exist
LINE 3:                     FROM MRCONSO c
                                 ^

2025-05-29 21:34:34,513 - ERROR - Attempt 2/3 failed for term 'nausea': current transaction is aborted, commands ignored until end of transaction block

2025-05-29 21:34:34,514 - ERROR - Attempt 3/3 failed for term 'nausea': current transaction is aborted, commands ignored until end of transaction block

2025-05-29 21:34:34,514 - ERROR - Max retries reached for term 'nausea'
2025-05-29 21:34:34,527 - ERROR - Attempt 1/3 failed for term 'jaundice': relation "mrconso" does not exist
LINE 3:                     FROM MRCONSO c
                                 ^

2025-05-29 21:34:34,528 - ERROR - Attempt 2/3 failed for term 'jaundice': current transaction is aborted, commands ignored until end of transaction block

2025-05-29 21:34:34,528 - ERROR - Attempt 3/3 failed for term 'jaundice': current transaction is aborted, commands ignored until end of transaction block

2025-05-29 21:34:34,528 - ERROR - Max retries reached for term 'jaundice'
2025-05-29 21:34:34,541 - ERROR - Attempt 1/3 failed for term 'loss of appetite': relation "mrconso" does not exist
LINE 3:                     FROM MRCONSO c
                                 ^

2025-05-29 21:34:34,542 - ERROR - Attempt 2/3 failed for term 'loss of appetite': current transaction is aborted, commands ignored until end of transaction block

2025-05-29 21:34:34,543 - ERROR - Attempt 3/3 failed for term 'loss of appetite': current transaction is aborted, commands ignored until end of transaction block

2025-05-29 21:34:34,543 - ERROR - Max retries reached for term 'loss of appetite'
2025-05-29 21:34:34,556 - WARNING - Failed to fetch semantic type for CUI NO_CUI_nausea and vomiting and loss of appetite the patient has jaundice in the eyes taking foods with fats makes the nausea worse taking strong tea and licking salt alleviates the nausea: relation "mrsty" does not exist
LINE 3:                             FROM MRSTY sty
                                         ^

2025-05-29 21:34:34,671 - ERROR - Attempt 1/3 failed for term 'facial pain': relation "mrconso" does not exist
LINE 3:                     FROM MRCONSO c
                                 ^

2025-05-29 21:34:34,672 - ERROR - Attempt 2/3 failed for term 'facial pain': current transaction is aborted, commands ignored until end of transaction block

2025-05-29 21:34:34,672 - ERROR - Attempt 3/3 failed for term 'facial pain': current transaction is aborted, commands ignored until end of transaction block

2025-05-29 21:34:34,673 - ERROR - Max retries reached for term 'facial pain'
2025-05-29 21:34:34,687 - ERROR - Attempt 1/3 failed for term 'patient': relation "mrconso" does not exist
LINE 3:                     FROM MRCONSO c
                                 ^

2025-05-29 21:34:34,688 - ERROR - Attempt 2/3 failed for term 'patient': current transaction is aborted, commands ignored until end of transaction block

2025-05-29 21:34:34,689 - ERROR - Attempt 3/3 failed for term 'patient': current transaction is aborted, commands ignored until end of transaction block

2025-05-29 21:34:34,689 - ERROR - Max retries reached for term 'patient'
2025-05-29 21:34:34,702 - WARNING - Failed to fetch semantic type for CUI NO_CUI_patient presents with facial pain: relation "mrsty" does not exist
LINE 3:                             FROM MRSTY sty
                                         ^

2025-05-29 21:34:34,825 - ERROR - Attempt 1/3 failed for term 'back pain': relation "mrconso" does not exist
LINE 3:                     FROM MRCONSO c
                                 ^

2025-05-29 21:34:34,826 - ERROR - Attempt 2/3 failed for term 'back pain': current transaction is aborted, commands ignored until end of transaction block

2025-05-29 21:34:34,827 - ERROR - Attempt 3/3 failed for term 'back pain': current transaction is aborted, commands ignored until end of transaction block

2025-05-29 21:34:34,827 - ERROR - Max retries reached for term 'back pain'
2025-05-29 21:34:34,841 - ERROR - Attempt 1/3 failed for term 'weeks': relation "mrconso" does not exist
LINE 3:                     FROM MRCONSO c
                                 ^

2025-05-29 21:34:34,842 - ERROR - Attempt 2/3 failed for term 'weeks': current transaction is aborted, commands ignored until end of transaction block

2025-05-29 21:34:34,843 - ERROR - Attempt 3/3 failed for term 'weeks': current transaction is aborted, commands ignored until end of transaction block

2025-05-29 21:34:34,843 - ERROR - Max retries reached for term 'weeks'
2025-05-29 21:34:34,859 - ERROR - Attempt 1/3 failed for term 'assessment': relation "mrconso" does not exist
LINE 3:                     FROM MRCONSO c
                                 ^

2025-05-29 21:34:34,860 - ERROR - Attempt 2/3 failed for term 'assessment': current transaction is aborted, commands ignored until end of transaction block

2025-05-29 21:34:34,860 - ERROR - Attempt 3/3 failed for term 'assessment': current transaction is aborted, commands ignored until end of transaction block

2025-05-29 21:34:34,861 - ERROR - Max retries reached for term 'assessment'
2025-05-29 21:34:34,876 - ERROR - Attempt 1/3 failed for term 'patient reports': relation "mrconso" does not exist
LINE 3:                     FROM MRCONSO c
                                 ^

2025-05-29 21:34:34,877 - ERROR - Attempt 2/3 failed for term 'patient reports': current transaction is aborted, commands ignored until end of transaction block

2025-05-29 21:34:34,878 - ERROR - Attempt 3/3 failed for term 'patient reports': current transaction is aborted, commands ignored until end of transaction block

2025-05-29 21:34:34,878 - ERROR - Max retries reached for term 'patient reports'
2025-05-29 21:34:34,896 - WARNING - Failed to fetch semantic type for CUI NO_CUI_back pain for two weeks the patient reports backpain for three weeks on assessment: relation "mrsty" does not exist
LINE 3:                             FROM MRSTY sty
                                         ^

2025-05-29 21:34:35,033 - ERROR - Attempt 1/3 failed for term 'standing': relation "mrconso" does not exist
LINE 3:                     FROM MRCONSO c
                                 ^

2025-05-29 21:34:35,034 - ERROR - Attempt 2/3 failed for term 'standing': current transaction is aborted, commands ignored until end of transaction block

2025-05-29 21:34:35,034 - ERROR - Attempt 3/3 failed for term 'standing': current transaction is aborted, commands ignored until end of transaction block

2025-05-29 21:34:35,035 - ERROR - Max retries reached for term 'standing'
2025-05-29 21:34:35,049 - ERROR - Attempt 1/3 failed for term 'stretching': relation "mrconso" does not exist
LINE 3:                     FROM MRCONSO c
                                 ^

2025-05-29 21:34:35,050 - ERROR - Attempt 2/3 failed for term 'stretching': current transaction is aborted, commands ignored until end of transaction block

2025-05-29 21:34:35,051 - ERROR - Attempt 3/3 failed for term 'stretching': current transaction is aborted, commands ignored until end of transaction block

2025-05-29 21:34:35,051 - ERROR - Max retries reached for term 'stretching'
2025-05-29 21:34:35,061 - ERROR - Attempt 1/3 failed for term 'patient': relation "mrconso" does not exist
LINE 3:                     FROM MRCONSO c
                                 ^

2025-05-29 21:34:35,063 - ERROR - Attempt 2/3 failed for term 'patient': current transaction is aborted, commands ignored until end of transaction block

2025-05-29 21:34:35,064 - ERROR - Attempt 3/3 failed for term 'patient': current transaction is aborted, commands ignored until end of transaction block

2025-05-29 21:34:35,064 - ERROR - Max retries reached for term 'patient'
2025-05-29 21:34:35,077 - ERROR - Attempt 1/3 failed for term 'pain': relation "mrconso" does not exist
LINE 3:                     FROM MRCONSO c
                                 ^

2025-05-29 21:34:35,079 - ERROR - Attempt 2/3 failed for term 'pain': current transaction is aborted, commands ignored until end of transaction block

2025-05-29 21:34:35,080 - ERROR - Attempt 3/3 failed for term 'pain': current transaction is aborted, commands ignored until end of transaction block

2025-05-29 21:34:35,081 - ERROR - Max retries reached for term 'pain'
2025-05-29 21:34:35,093 - ERROR - Attempt 1/3 failed for term 'obese': relation "mrconso" does not exist
LINE 3:                     FROM MRCONSO c
                                 ^

2025-05-29 21:34:35,094 - ERROR - Attempt 2/3 failed for term 'obese': current transaction is aborted, commands ignored until end of transaction block

2025-05-29 21:34:35,094 - ERROR - Attempt 3/3 failed for term 'obese': current transaction is aborted, commands ignored until end of transaction block

2025-05-29 21:34:35,095 - ERROR - Max retries reached for term 'obese'
2025-05-29 21:34:35,108 - ERROR - Attempt 1/3 failed for term 'sitting': relation "mrconso" does not exist
LINE 3:                     FROM MRCONSO c
                                 ^

2025-05-29 21:34:35,109 - ERROR - Attempt 2/3 failed for term 'sitting': current transaction is aborted, commands ignored until end of transaction block

2025-05-29 21:34:35,109 - ERROR - Attempt 3/3 failed for term 'sitting': current transaction is aborted, commands ignored until end of transaction block

2025-05-29 21:34:35,109 - ERROR - Max retries reached for term 'sitting'
2025-05-29 21:34:35,122 - ERROR - Attempt 1/3 failed for term 'backpain': relation "mrconso" does not exist
LINE 3:                     FROM MRCONSO c
                                 ^

2025-05-29 21:34:35,123 - ERROR - Attempt 2/3 failed for term 'backpain': current transaction is aborted, commands ignored until end of transaction block

2025-05-29 21:34:35,123 - ERROR - Attempt 3/3 failed for term 'backpain': current transaction is aborted, commands ignored until end of transaction block

2025-05-29 21:34:35,124 - ERROR - Max retries reached for term 'backpain'
2025-05-29 21:34:35,137 - WARNING - Failed to fetch semantic type for CUI NO_CUI_the patient is obese the backpain is made worse by sitting down for long the pain is alleviated by standing and stretching: relation "mrsty" does not exist
LINE 3:                             FROM MRSTY sty
                                         ^

2025-05-29 21:34:35,276 - WARNING - Skipping non-clinical or blocked term: 'days'
2025-05-29 21:34:35,285 - ERROR - Attempt 1/3 failed for term 'facial pain': relation "mrconso" does not exist
LINE 3:                     FROM MRCONSO c
                                 ^

2025-05-29 21:34:35,286 - ERROR - Attempt 2/3 failed for term 'facial pain': current transaction is aborted, commands ignored until end of transaction block

2025-05-29 21:34:35,287 - ERROR - Attempt 3/3 failed for term 'facial pain': current transaction is aborted, commands ignored until end of transaction block

2025-05-29 21:34:35,287 - ERROR - Max retries reached for term 'facial pain'
2025-05-29 21:34:35,301 - ERROR - Attempt 1/3 failed for term 'nasal discharge': relation "mrconso" does not exist
LINE 3:                     FROM MRCONSO c
                                 ^

2025-05-29 21:34:35,301 - ERROR - Attempt 2/3 failed for term 'nasal discharge': current transaction is aborted, commands ignored until end of transaction block

2025-05-29 21:34:35,302 - ERROR - Attempt 3/3 failed for term 'nasal discharge': current transaction is aborted, commands ignored until end of transaction block

2025-05-29 21:34:35,303 - ERROR - Max retries reached for term 'nasal discharge'
2025-05-29 21:34:35,314 - ERROR - Attempt 1/3 failed for term 'fever': relation "mrconso" does not exist
LINE 3:                     FROM MRCONSO c
                                 ^

2025-05-29 21:34:35,314 - ERROR - Attempt 2/3 failed for term 'fever': current transaction is aborted, commands ignored until end of transaction block

2025-05-29 21:34:35,315 - ERROR - Attempt 3/3 failed for term 'fever': current transaction is aborted, commands ignored until end of transaction block

2025-05-29 21:34:35,315 - ERROR - Max retries reached for term 'fever'
2025-05-29 21:34:35,328 - ERROR - Attempt 1/3 failed for term 'maxillary sinuses': relation "mrconso" does not exist
LINE 3:                     FROM MRCONSO c
                                 ^

2025-05-29 21:34:35,329 - ERROR - Attempt 2/3 failed for term 'maxillary sinuses': current transaction is aborted, commands ignored until end of transaction block

2025-05-29 21:34:35,330 - ERROR - Attempt 3/3 failed for term 'maxillary sinuses': current transaction is aborted, commands ignored until end of transaction block

2025-05-29 21:34:35,330 - ERROR - Max retries reached for term 'maxillary sinuses'
2025-05-29 21:34:35,342 - ERROR - Attempt 1/3 failed for term 'purulent': relation "mrconso" does not exist
LINE 3:                     FROM MRCONSO c
                                 ^

2025-05-29 21:34:35,343 - ERROR - Attempt 2/3 failed for term 'purulent': current transaction is aborted, commands ignored until end of transaction block

2025-05-29 21:34:35,343 - ERROR - Attempt 3/3 failed for term 'purulent': current transaction is aborted, commands ignored until end of transaction block

2025-05-29 21:34:35,344 - ERROR - Max retries reached for term 'purulent'
2025-05-29 21:34:35,358 - ERROR - Attempt 1/3 failed for term 'reports': relation "mrconso" does not exist
LINE 3:                     FROM MRCONSO c
                                 ^

2025-05-29 21:34:35,358 - ERROR - Attempt 2/3 failed for term 'reports': current transaction is aborted, commands ignored until end of transaction block

2025-05-29 21:34:35,359 - ERROR - Attempt 3/3 failed for term 'reports': current transaction is aborted, commands ignored until end of transaction block

2025-05-29 21:34:35,359 - ERROR - Max retries reached for term 'reports'
2025-05-29 21:34:35,372 - WARNING - Failed to fetch semantic type for CUI NO_CUI_and fever for 10 days. reports purulent nasal discharge. facial pain over maxillary sinuses: relation "mrsty" does not exist
LINE 3:                             FROM MRSTY sty
                                         ^

2025-05-29 21:34:35,550 - ERROR - Attempt 1/3 failed for term 'sinusitis': relation "mrconso" does not exist
LINE 3:                     FROM MRCONSO c
                                 ^

2025-05-29 21:34:35,551 - ERROR - Attempt 2/3 failed for term 'sinusitis': current transaction is aborted, commands ignored until end of transaction block

2025-05-29 21:34:35,551 - ERROR - Attempt 3/3 failed for term 'sinusitis': current transaction is aborted, commands ignored until end of transaction block

2025-05-29 21:34:35,552 - ERROR - Max retries reached for term 'sinusitis'
2025-05-29 21:34:35,564 - ERROR - Attempt 1/3 failed for term 'pulmonary': relation "mrconso" does not exist
LINE 3:                     FROM MRCONSO c
                                 ^

2025-05-29 21:34:35,565 - ERROR - Attempt 2/3 failed for term 'pulmonary': current transaction is aborted, commands ignored until end of transaction block

2025-05-29 21:34:35,566 - ERROR - Attempt 3/3 failed for term 'pulmonary': current transaction is aborted, commands ignored until end of transaction block

2025-05-29 21:34:35,566 - ERROR - Max retries reached for term 'pulmonary'
2025-05-29 21:34:35,581 - ERROR - Attempt 1/3 failed for term 'stable': relation "mrconso" does not exist
LINE 3:                     FROM MRCONSO c
                                 ^

2025-05-29 21:34:35,582 - ERROR - Attempt 2/3 failed for term 'stable': current transaction is aborted, commands ignored until end of transaction block

2025-05-29 21:34:35,583 - ERROR - Attempt 3/3 failed for term 'stable': current transaction is aborted, commands ignored until end of transaction block

2025-05-29 21:34:35,583 - ERROR - Max retries reached for term 'stable'
2025-05-29 21:34:35,604 - ERROR - Attempt 1/3 failed for term 'diabetes': relation "mrconso" does not exist
LINE 3:                     FROM MRCONSO c
                                 ^

2025-05-29 21:34:35,606 - ERROR - Attempt 2/3 failed for term 'diabetes': current transaction is aborted, commands ignored until end of transaction block

2025-05-29 21:34:35,607 - ERROR - Attempt 3/3 failed for term 'diabetes': current transaction is aborted, commands ignored until end of transaction block

2025-05-29 21:34:35,608 - ERROR - Max retries reached for term 'diabetes'
2025-05-29 21:34:35,626 - ERROR - Attempt 1/3 failed for term 'hypertension': relation "mrconso" does not exist
LINE 3:                     FROM MRCONSO c
                                 ^

2025-05-29 21:34:35,627 - ERROR - Attempt 2/3 failed for term 'hypertension': current transaction is aborted, commands ignored until end of transaction block

2025-05-29 21:34:35,628 - ERROR - Attempt 3/3 failed for term 'hypertension': current transaction is aborted, commands ignored until end of transaction block

2025-05-29 21:34:35,629 - ERROR - Max retries reached for term 'hypertension'
2025-05-29 21:34:35,652 - ERROR - Attempt 1/3 failed for term 'viral sinusitis': relation "mrconso" does not exist
LINE 3:                     FROM MRCONSO c
                                 ^

2025-05-29 21:34:35,656 - ERROR - Attempt 2/3 failed for term 'viral sinusitis': current transaction is aborted, commands ignored until end of transaction block

2025-05-29 21:34:35,657 - ERROR - Attempt 3/3 failed for term 'viral sinusitis': current transaction is aborted, commands ignored until end of transaction block

2025-05-29 21:34:35,658 - ERROR - Max retries reached for term 'viral sinusitis'
2025-05-29 21:34:35,676 - ERROR - Attempt 1/3 failed for term 'acute abnormalities': relation "mrconso" does not exist
LINE 3:                     FROM MRCONSO c
                                 ^

2025-05-29 21:34:35,678 - ERROR - Attempt 2/3 failed for term 'acute abnormalities': current transaction is aborted, commands ignored until end of transaction block

2025-05-29 21:34:35,683 - ERROR - Attempt 3/3 failed for term 'acute abnormalities': current transaction is aborted, commands ignored until end of transaction block

2025-05-29 21:34:35,683 - ERROR - Max retries reached for term 'acute abnormalities'
2025-05-29 21:34:35,700 - ERROR - Attempt 1/3 failed for term 'cardiovascular': relation "mrconso" does not exist
LINE 3:                     FROM MRCONSO c
                                 ^

2025-05-29 21:34:35,702 - ERROR - Attempt 2/3 failed for term 'cardiovascular': current transaction is aborted, commands ignored until end of transaction block

2025-05-29 21:34:35,703 - ERROR - Attempt 3/3 failed for term 'cardiovascular': current transaction is aborted, commands ignored until end of transaction block

2025-05-29 21:34:35,705 - ERROR - Max retries reached for term 'cardiovascular'
2025-05-29 21:34:35,732 - ERROR - Attempt 1/3 failed for term 'headache': relation "mrconso" does not exist
LINE 3:                     FROM MRCONSO c
                                 ^

2025-05-29 21:34:35,733 - ERROR - Attempt 2/3 failed for term 'headache': current transaction is aborted, commands ignored until end of transaction block

2025-05-29 21:34:35,736 - ERROR - Attempt 3/3 failed for term 'headache': current transaction is aborted, commands ignored until end of transaction block

2025-05-29 21:34:35,738 - ERROR - Max retries reached for term 'headache'
2025-05-29 21:34:35,767 - ERROR - Attempt 1/3 failed for term 'endocrine': relation "mrconso" does not exist
LINE 3:                     FROM MRCONSO c
                                 ^

2025-05-29 21:34:35,768 - ERROR - Attempt 2/3 failed for term 'endocrine': current transaction is aborted, commands ignored until end of transaction block

2025-05-29 21:34:35,768 - ERROR - Attempt 3/3 failed for term 'endocrine': current transaction is aborted, commands ignored until end of transaction block

2025-05-29 21:34:35,769 - ERROR - Max retries reached for term 'endocrine'
2025-05-29 21:34:35,794 - ERROR - Attempt 1/3 failed for term 'secondary to': relation "mrconso" does not exist
LINE 3:                     FROM MRCONSO c
                                 ^

2025-05-29 21:34:35,796 - ERROR - Attempt 2/3 failed for term 'secondary to': current transaction is aborted, commands ignored until end of transaction block

2025-05-29 21:34:35,799 - ERROR - Attempt 3/3 failed for term 'secondary to': current transaction is aborted, commands ignored until end of transaction block

2025-05-29 21:34:35,800 - ERROR - Max retries reached for term 'secondary to'
2025-05-29 21:34:35,816 - ERROR - Attempt 1/3 failed for term 'neurological': relation "mrconso" does not exist
LINE 3:                     FROM MRCONSO c
                                 ^

2025-05-29 21:34:35,817 - ERROR - Attempt 2/3 failed for term 'neurological': current transaction is aborted, commands ignored until end of transaction block

2025-05-29 21:34:35,818 - ERROR - Attempt 3/3 failed for term 'neurological': current transaction is aborted, commands ignored until end of transaction block

2025-05-29 21:34:35,818 - ERROR - Max retries reached for term 'neurological'
2025-05-29 21:34:35,832 - ERROR - Attempt 1/3 failed for term 'viral upper': relation "mrconso" does not exist
LINE 3:                     FROM MRCONSO c
                                 ^

2025-05-29 21:34:35,833 - ERROR - Attempt 2/3 failed for term 'viral upper': current transaction is aborted, commands ignored until end of transaction block

2025-05-29 21:34:35,834 - ERROR - Attempt 3/3 failed for term 'viral upper': current transaction is aborted, commands ignored until end of transaction block

2025-05-29 21:34:35,834 - ERROR - Max retries reached for term 'viral upper'
2025-05-29 21:34:35,865 - ERROR - Attempt 1/3 failed for term 'allergic rhinitis': relation "mrconso" does not exist
LINE 3:                     FROM MRCONSO c
                                 ^

2025-05-29 21:34:35,867 - ERROR - Attempt 2/3 failed for term 'allergic rhinitis': current transaction is aborted, commands ignored until end of transaction block

2025-05-29 21:34:35,869 - ERROR - Attempt 3/3 failed for term 'allergic rhinitis': current transaction is aborted, commands ignored until end of transaction block

2025-05-29 21:34:35,870 - ERROR - Max retries reached for term 'allergic rhinitis'
2025-05-29 21:34:35,884 - ERROR - Attempt 1/3 failed for term 'differential': relation "mrconso" does not exist
LINE 3:                     FROM MRCONSO c
                                 ^

2025-05-29 21:34:35,884 - ERROR - Attempt 2/3 failed for term 'differential': current transaction is aborted, commands ignored until end of transaction block

2025-05-29 21:34:35,885 - ERROR - Attempt 3/3 failed for term 'differential': current transaction is aborted, commands ignored until end of transaction block

2025-05-29 21:34:35,885 - ERROR - Max retries reached for term 'differential'
2025-05-29 21:34:35,897 - ERROR - Attempt 1/3 failed for term 'respiratory infection': relation "mrconso" does not exist
LINE 3:                     FROM MRCONSO c
                                 ^

2025-05-29 21:34:35,898 - ERROR - Attempt 2/3 failed for term 'respiratory infection': current transaction is aborted, commands ignored until end of transaction block

2025-05-29 21:34:35,899 - ERROR - Attempt 3/3 failed for term 'respiratory infection': current transaction is aborted, commands ignored until end of transaction block

2025-05-29 21:34:35,900 - ERROR - Max retries reached for term 'respiratory infection'
2025-05-29 21:34:35,920 - WARNING - Failed to fetch semantic type for CUI NO_CUI_likely secondary to recent viral upper respiratory infection. differential includes viral sinusitis or allergic rhinitis. other systems: neurological: headache likely related to sinusitis. endocrine: stable diabetes. cardiovascular: stable hypertension. no acute abnormalities in pulmonary: relation "mrsty" does not exist
LINE 3:                             FROM MRSTY sty
                                         ^

2025-05-29 21:34:36,042 - ERROR - Attempt 1/3 failed for term 'radiating': relation "mrconso" does not exist
LINE 3:                     FROM MRCONSO c
                                 ^

2025-05-29 21:34:36,043 - ERROR - Attempt 2/3 failed for term 'radiating': current transaction is aborted, commands ignored until end of transaction block

2025-05-29 21:34:36,043 - ERROR - Attempt 3/3 failed for term 'radiating': current transaction is aborted, commands ignored until end of transaction block

2025-05-29 21:34:36,043 - ERROR - Max retries reached for term 'radiating'
2025-05-29 21:34:36,056 - ERROR - Attempt 1/3 failed for term 'pain': relation "mrconso" does not exist
LINE 3:                     FROM MRCONSO c
                                 ^

2025-05-29 21:34:36,057 - ERROR - Attempt 2/3 failed for term 'pain': current transaction is aborted, commands ignored until end of transaction block

2025-05-29 21:34:36,058 - ERROR - Attempt 3/3 failed for term 'pain': current transaction is aborted, commands ignored until end of transaction block

2025-05-29 21:34:36,058 - ERROR - Max retries reached for term 'pain'
2025-05-29 21:34:36,070 - WARNING - Failed to fetch semantic type for CUI NO_CUI_radiating pain: relation "mrsty" does not exist
LINE 3:                             FROM MRSTY sty
                                         ^

2025-05-29 21:34:36,146 - ERROR - Attempt 1/3 failed for term 'bilateral': relation "mrconso" does not exist
LINE 3:                     FROM MRCONSO c
                                 ^

2025-05-29 21:34:36,147 - ERROR - Attempt 2/3 failed for term 'bilateral': current transaction is aborted, commands ignored until end of transaction block

2025-05-29 21:34:36,147 - ERROR - Attempt 3/3 failed for term 'bilateral': current transaction is aborted, commands ignored until end of transaction block

2025-05-29 21:34:36,147 - ERROR - Max retries reached for term 'bilateral'
2025-05-29 21:34:36,159 - ERROR - Attempt 1/3 failed for term 'nasal congestion': relation "mrconso" does not exist
LINE 3:                     FROM MRCONSO c
                                 ^

2025-05-29 21:34:36,160 - ERROR - Attempt 2/3 failed for term 'nasal congestion': current transaction is aborted, commands ignored until end of transaction block

2025-05-29 21:34:36,161 - ERROR - Attempt 3/3 failed for term 'nasal congestion': current transaction is aborted, commands ignored until end of transaction block

2025-05-29 21:34:36,161 - ERROR - Max retries reached for term 'nasal congestion'
2025-05-29 21:34:36,175 - WARNING - Failed to fetch semantic type for CUI NO_CUI_bilateral nasal congestion: relation "mrsty" does not exist
LINE 3:                             FROM MRSTY sty
                                         ^

2025-05-29 21:34:36,388 - WARNING - Skipping non-clinical or blocked term: 'days'
2025-05-29 21:34:36,398 - ERROR - Attempt 1/3 failed for term 'shortness of breath': relation "mrconso" does not exist
LINE 3:                     FROM MRCONSO c
                                 ^

2025-05-29 21:34:36,399 - ERROR - Attempt 2/3 failed for term 'shortness of breath': current transaction is aborted, commands ignored until end of transaction block

2025-05-29 21:34:36,400 - ERROR - Attempt 3/3 failed for term 'shortness of breath': current transaction is aborted, commands ignored until end of transaction block

2025-05-29 21:34:36,400 - ERROR - Max retries reached for term 'shortness of breath'
2025-05-29 21:34:36,412 - ERROR - Attempt 1/3 failed for term 'no cough': relation "mrconso" does not exist
LINE 3:                     FROM MRCONSO c
                                 ^

2025-05-29 21:34:36,413 - ERROR - Attempt 2/3 failed for term 'no cough': current transaction is aborted, commands ignored until end of transaction block

2025-05-29 21:34:36,413 - ERROR - Attempt 3/3 failed for term 'no cough': current transaction is aborted, commands ignored until end of transaction block

2025-05-29 21:34:36,414 - ERROR - Max retries reached for term 'no cough'
2025-05-29 21:34:36,426 - ERROR - Attempt 1/3 failed for term 'pulmonary': relation "mrconso" does not exist
LINE 3:                     FROM MRCONSO c
                                 ^

2025-05-29 21:34:36,427 - ERROR - Attempt 2/3 failed for term 'pulmonary': current transaction is aborted, commands ignored until end of transaction block

2025-05-29 21:34:36,428 - ERROR - Attempt 3/3 failed for term 'pulmonary': current transaction is aborted, commands ignored until end of transaction block

2025-05-29 21:34:36,428 - ERROR - Max retries reached for term 'pulmonary'
2025-05-29 21:34:36,443 - ERROR - Attempt 1/3 failed for term 'mild headache': relation "mrconso" does not exist
LINE 3:                     FROM MRCONSO c
                                 ^

2025-05-29 21:34:36,444 - ERROR - Attempt 2/3 failed for term 'mild headache': current transaction is aborted, commands ignored until end of transaction block

2025-05-29 21:34:36,445 - ERROR - Attempt 3/3 failed for term 'mild headache': current transaction is aborted, commands ignored until end of transaction block

2025-05-29 21:34:36,445 - ERROR - Max retries reached for term 'mild headache'
2025-05-29 21:34:36,465 - ERROR - Attempt 1/3 failed for term 'nasal discharge': relation "mrconso" does not exist
LINE 3:                     FROM MRCONSO c
                                 ^

2025-05-29 21:34:36,466 - ERROR - Attempt 2/3 failed for term 'nasal discharge': current transaction is aborted, commands ignored until end of transaction block

2025-05-29 21:34:36,467 - ERROR - Attempt 3/3 failed for term 'nasal discharge': current transaction is aborted, commands ignored until end of transaction block

2025-05-29 21:34:36,467 - ERROR - Max retries reached for term 'nasal discharge'
2025-05-29 21:34:36,480 - ERROR - Attempt 1/3 failed for term 'sinus pain': relation "mrconso" does not exist
LINE 3:                     FROM MRCONSO c
                                 ^

2025-05-29 21:34:36,480 - ERROR - Attempt 2/3 failed for term 'sinus pain': current transaction is aborted, commands ignored until end of transaction block

2025-05-29 21:34:36,481 - ERROR - Attempt 3/3 failed for term 'sinus pain': current transaction is aborted, commands ignored until end of transaction block

2025-05-29 21:34:36,481 - ERROR - Max retries reached for term 'sinus pain'
2025-05-29 21:34:36,494 - ERROR - Attempt 1/3 failed for term 'cardiovascular': relation "mrconso" does not exist
LINE 3:                     FROM MRCONSO c
                                 ^

2025-05-29 21:34:36,495 - ERROR - Attempt 2/3 failed for term 'cardiovascular': current transaction is aborted, commands ignored until end of transaction block

2025-05-29 21:34:36,496 - ERROR - Attempt 3/3 failed for term 'cardiovascular': current transaction is aborted, commands ignored until end of transaction block

2025-05-29 21:34:36,496 - ERROR - Max retries reached for term 'cardiovascular'
2025-05-29 21:34:36,508 - ERROR - Attempt 1/3 failed for term 'palpitations': relation "mrconso" does not exist
LINE 3:                     FROM MRCONSO c
                                 ^

2025-05-29 21:34:36,509 - ERROR - Attempt 2/3 failed for term 'palpitations': current transaction is aborted, commands ignored until end of transaction block

2025-05-29 21:34:36,509 - ERROR - Attempt 3/3 failed for term 'palpitations': current transaction is aborted, commands ignored until end of transaction block

2025-05-29 21:34:36,510 - ERROR - Max retries reached for term 'palpitations'
2025-05-29 21:34:36,523 - ERROR - Attempt 1/3 failed for term 'hearing loss': relation "mrconso" does not exist
LINE 3:                     FROM MRCONSO c
                                 ^

2025-05-29 21:34:36,523 - ERROR - Attempt 2/3 failed for term 'hearing loss': current transaction is aborted, commands ignored until end of transaction block

2025-05-29 21:34:36,524 - ERROR - Attempt 3/3 failed for term 'hearing loss': current transaction is aborted, commands ignored until end of transaction block

2025-05-29 21:34:36,524 - ERROR - Max retries reached for term 'hearing loss'
2025-05-29 21:34:36,537 - ERROR - Attempt 1/3 failed for term 'low-grade': relation "mrconso" does not exist
LINE 3:                     FROM MRCONSO c
                                 ^

2025-05-29 21:34:36,538 - ERROR - Attempt 2/3 failed for term 'low-grade': current transaction is aborted, commands ignored until end of transaction block

2025-05-29 21:34:36,539 - ERROR - Attempt 3/3 failed for term 'low-grade': current transaction is aborted, commands ignored until end of transaction block

2025-05-29 21:34:36,539 - ERROR - Max retries reached for term 'low-grade'
2025-05-29 21:34:36,555 - ERROR - Attempt 1/3 failed for term 'chest pain': relation "mrconso" does not exist
LINE 3:                     FROM MRCONSO c
                                 ^

2025-05-29 21:34:36,556 - ERROR - Attempt 2/3 failed for term 'chest pain': current transaction is aborted, commands ignored until end of transaction block

2025-05-29 21:34:36,557 - ERROR - Attempt 3/3 failed for term 'chest pain': current transaction is aborted, commands ignored until end of transaction block

2025-05-29 21:34:36,557 - ERROR - Max retries reached for term 'chest pain'
2025-05-29 21:34:36,571 - ERROR - Attempt 1/3 failed for term 'purulent': relation "mrconso" does not exist
LINE 3:                     FROM MRCONSO c
                                 ^

2025-05-29 21:34:36,573 - ERROR - Attempt 2/3 failed for term 'purulent': current transaction is aborted, commands ignored until end of transaction block

2025-05-29 21:34:36,574 - ERROR - Attempt 3/3 failed for term 'purulent': current transaction is aborted, commands ignored until end of transaction block

2025-05-29 21:34:36,574 - ERROR - Max retries reached for term 'purulent'
2025-05-29 21:34:36,590 - ERROR - Attempt 1/3 failed for term 'neurological': relation "mrconso" does not exist
LINE 3:                     FROM MRCONSO c
                                 ^

2025-05-29 21:34:36,591 - ERROR - Attempt 2/3 failed for term 'neurological': current transaction is aborted, commands ignored until end of transaction block

2025-05-29 21:34:36,591 - ERROR - Attempt 3/3 failed for term 'neurological': current transaction is aborted, commands ignored until end of transaction block

2025-05-29 21:34:36,592 - ERROR - Max retries reached for term 'neurological'
2025-05-29 21:34:36,607 - ERROR - Attempt 1/3 failed for term 'associated with': relation "mrconso" does not exist
LINE 3:                     FROM MRCONSO c
                                 ^

2025-05-29 21:34:36,607 - ERROR - Attempt 2/3 failed for term 'associated with': current transaction is aborted, commands ignored until end of transaction block

2025-05-29 21:34:36,608 - ERROR - Attempt 3/3 failed for term 'associated with': current transaction is aborted, commands ignored until end of transaction block

2025-05-29 21:34:36,608 - ERROR - Max retries reached for term 'associated with'
2025-05-29 21:34:36,626 - WARNING - Failed to fetch semantic type for CUI NO_CUI_and purulent nasal discharge for 10 days. low-grade fever (up to 100.5°f). no sore throat or hearing loss. pulmonary: no cough or shortness of breath. cardiovascular: no chest pain or palpitations. neurological: mild headache associated with sinus pain: relation "mrsty" does not exist
LINE 3:                             FROM MRSTY sty
                                         ^

2025-05-29 21:34:36,884 - ERROR - Attempt 1/3 failed for term 'acute': relation "mrconso" does not exist
LINE 3:                     FROM MRCONSO c
                                 ^

2025-05-29 21:34:36,884 - ERROR - Attempt 2/3 failed for term 'acute': current transaction is aborted, commands ignored until end of transaction block

2025-05-29 21:34:36,885 - ERROR - Attempt 3/3 failed for term 'acute': current transaction is aborted, commands ignored until end of transaction block

2025-05-29 21:34:36,885 - ERROR - Max retries reached for term 'acute'
2025-05-29 21:34:36,898 - ERROR - Attempt 1/3 failed for term 'bacterial sinusitis': relation "mrconso" does not exist
LINE 3:                     FROM MRCONSO c
                                 ^

2025-05-29 21:34:36,899 - ERROR - Attempt 2/3 failed for term 'bacterial sinusitis': current transaction is aborted, commands ignored until end of transaction block

2025-05-29 21:34:36,899 - ERROR - Attempt 3/3 failed for term 'bacterial sinusitis': current transaction is aborted, commands ignored until end of transaction block

2025-05-29 21:34:36,900 - ERROR - Max retries reached for term 'bacterial sinusitis'
2025-05-29 21:34:36,911 - ERROR - Attempt 1/3 failed for term 'no joint pain': relation "mrconso" does not exist
LINE 3:                     FROM MRCONSO c
                                 ^

2025-05-29 21:34:36,912 - ERROR - Attempt 2/3 failed for term 'no joint pain': current transaction is aborted, commands ignored until end of transaction block

2025-05-29 21:34:36,913 - ERROR - Attempt 3/3 failed for term 'no joint pain': current transaction is aborted, commands ignored until end of transaction block

2025-05-29 21:34:36,914 - ERROR - Max retries reached for term 'no joint pain'
2025-05-29 21:34:36,925 - ERROR - Attempt 1/3 failed for term 'no dizziness': relation "mrconso" does not exist
LINE 3:                     FROM MRCONSO c
                                 ^

2025-05-29 21:34:36,926 - ERROR - Attempt 2/3 failed for term 'no dizziness': current transaction is aborted, commands ignored until end of transaction block

2025-05-29 21:34:36,927 - ERROR - Attempt 3/3 failed for term 'no dizziness': current transaction is aborted, commands ignored until end of transaction block

2025-05-29 21:34:36,927 - ERROR - Max retries reached for term 'no dizziness'
2025-05-29 21:34:36,941 - ERROR - Attempt 1/3 failed for term 'weight changes': relation "mrconso" does not exist
LINE 3:                     FROM MRCONSO c
                                 ^

2025-05-29 21:34:36,942 - ERROR - Attempt 2/3 failed for term 'weight changes': current transaction is aborted, commands ignored until end of transaction block

2025-05-29 21:34:36,942 - ERROR - Attempt 3/3 failed for term 'weight changes': current transaction is aborted, commands ignored until end of transaction block

2025-05-29 21:34:36,943 - ERROR - Max retries reached for term 'weight changes'
2025-05-29 21:34:36,956 - ERROR - Attempt 1/3 failed for term 'bruising': relation "mrconso" does not exist
LINE 3:                     FROM MRCONSO c
                                 ^

2025-05-29 21:34:36,956 - ERROR - Attempt 2/3 failed for term 'bruising': current transaction is aborted, commands ignored until end of transaction block

2025-05-29 21:34:36,957 - ERROR - Attempt 3/3 failed for term 'bruising': current transaction is aborted, commands ignored until end of transaction block

2025-05-29 21:34:36,957 - ERROR - Max retries reached for term 'bruising'
2025-05-29 21:34:36,971 - ERROR - Attempt 1/3 failed for term 'ophthalmologic': relation "mrconso" does not exist
LINE 3:                     FROM MRCONSO c
                                 ^

2025-05-29 21:34:36,971 - ERROR - Attempt 2/3 failed for term 'ophthalmologic': current transaction is aborted, commands ignored until end of transaction block

2025-05-29 21:34:36,972 - ERROR - Attempt 3/3 failed for term 'ophthalmologic': current transaction is aborted, commands ignored until end of transaction block

2025-05-29 21:34:36,972 - ERROR - Max retries reached for term 'ophthalmologic'
2025-05-29 21:34:36,986 - ERROR - Attempt 1/3 failed for term 'dermatologic': relation "mrconso" does not exist
LINE 3:                     FROM MRCONSO c
                                 ^

2025-05-29 21:34:36,987 - ERROR - Attempt 2/3 failed for term 'dermatologic': current transaction is aborted, commands ignored until end of transaction block

2025-05-29 21:34:36,987 - ERROR - Attempt 3/3 failed for term 'dermatologic': current transaction is aborted, commands ignored until end of transaction block

2025-05-29 21:34:36,987 - ERROR - Max retries reached for term 'dermatologic'
2025-05-29 21:34:37,001 - ERROR - Attempt 1/3 failed for term 'no rashes': relation "mrconso" does not exist
LINE 3:                     FROM MRCONSO c
                                 ^

2025-05-29 21:34:37,002 - ERROR - Attempt 2/3 failed for term 'no rashes': current transaction is aborted, commands ignored until end of transaction block

2025-05-29 21:34:37,003 - ERROR - Attempt 3/3 failed for term 'no rashes': current transaction is aborted, commands ignored until end of transaction block

2025-05-29 21:34:37,003 - ERROR - Max retries reached for term 'no rashes'
2025-05-29 21:34:37,019 - ERROR - Attempt 1/3 failed for term 'endocrine': relation "mrconso" does not exist
LINE 3:                     FROM MRCONSO c
                                 ^

2025-05-29 21:34:37,019 - ERROR - Attempt 2/3 failed for term 'endocrine': current transaction is aborted, commands ignored until end of transaction block

2025-05-29 21:34:37,020 - ERROR - Attempt 3/3 failed for term 'endocrine': current transaction is aborted, commands ignored until end of transaction block

2025-05-29 21:34:37,020 - ERROR - Max retries reached for term 'endocrine'
2025-05-29 21:34:37,020 - WARNING - Skipping non-clinical or blocked term: 'psychiatric'
2025-05-29 21:34:37,036 - ERROR - Attempt 1/3 failed for term 'nausea': relation "mrconso" does not exist
LINE 3:                     FROM MRCONSO c
                                 ^

2025-05-29 21:34:37,037 - ERROR - Attempt 2/3 failed for term 'nausea': current transaction is aborted, commands ignored until end of transaction block

2025-05-29 21:34:37,037 - ERROR - Attempt 3/3 failed for term 'nausea': current transaction is aborted, commands ignored until end of transaction block

2025-05-29 21:34:37,038 - ERROR - Max retries reached for term 'nausea'
2025-05-29 21:34:37,038 - WARNING - Skipping non-clinical or blocked term: 'symptoms'
2025-05-29 21:34:37,039 - WARNING - Skipping non-clinical or blocked term: 'hematologic'
2025-05-29 21:34:37,052 - ERROR - Attempt 1/3 failed for term 'bleeding': relation "mrconso" does not exist
LINE 3:                     FROM MRCONSO c
                                 ^

2025-05-29 21:34:37,052 - ERROR - Attempt 2/3 failed for term 'bleeding': current transaction is aborted, commands ignored until end of transaction block

2025-05-29 21:34:37,053 - ERROR - Attempt 3/3 failed for term 'bleeding': current transaction is aborted, commands ignored until end of transaction block

2025-05-29 21:34:37,053 - ERROR - Max retries reached for term 'bleeding'
2025-05-29 21:34:37,067 - ERROR - Attempt 1/3 failed for term 'primary assessment': relation "mrconso" does not exist
LINE 3:                     FROM MRCONSO c
                                 ^

2025-05-29 21:34:37,068 - ERROR - Attempt 2/3 failed for term 'primary assessment': current transaction is aborted, commands ignored until end of transaction block

2025-05-29 21:34:37,068 - ERROR - Attempt 3/3 failed for term 'primary assessment': current transaction is aborted, commands ignored until end of transaction block

2025-05-29 21:34:37,069 - ERROR - Max retries reached for term 'primary assessment'
2025-05-29 21:34:37,070 - WARNING - Skipping non-clinical or blocked term: 'vision'
2025-05-29 21:34:37,087 - ERROR - Attempt 1/3 failed for term 'consistent with': relation "mrconso" does not exist
LINE 3:                     FROM MRCONSO c
                                 ^

2025-05-29 21:34:37,088 - ERROR - Attempt 2/3 failed for term 'consistent with': current transaction is aborted, commands ignored until end of transaction block

2025-05-29 21:34:37,088 - ERROR - Attempt 3/3 failed for term 'consistent with': current transaction is aborted, commands ignored until end of transaction block

2025-05-29 21:34:37,089 - ERROR - Max retries reached for term 'consistent with'
2025-05-29 21:34:37,104 - ERROR - Attempt 1/3 failed for term 'genitourinary': relation "mrconso" does not exist
LINE 3:                     FROM MRCONSO c
                                 ^

2025-05-29 21:34:37,104 - ERROR - Attempt 2/3 failed for term 'genitourinary': current transaction is aborted, commands ignored until end of transaction block

2025-05-29 21:34:37,105 - ERROR - Attempt 3/3 failed for term 'genitourinary': current transaction is aborted, commands ignored until end of transaction block

2025-05-29 21:34:37,105 - ERROR - Max retries reached for term 'genitourinary'
2025-05-29 21:34:37,106 - WARNING - Skipping non-clinical or blocked term: 'gastrointestinal'
2025-05-29 21:34:37,120 - ERROR - Attempt 1/3 failed for term 'diarrhea': relation "mrconso" does not exist
LINE 3:                     FROM MRCONSO c
                                 ^

2025-05-29 21:34:37,120 - ERROR - Attempt 2/3 failed for term 'diarrhea': current transaction is aborted, commands ignored until end of transaction block

2025-05-29 21:34:37,121 - ERROR - Attempt 3/3 failed for term 'diarrhea': current transaction is aborted, commands ignored until end of transaction block

2025-05-29 21:34:37,121 - ERROR - Max retries reached for term 'diarrhea'
2025-05-29 21:34:37,136 - ERROR - Attempt 1/3 failed for term 'mood changes': relation "mrconso" does not exist
LINE 3:                     FROM MRCONSO c
                                 ^

2025-05-29 21:34:37,137 - ERROR - Attempt 2/3 failed for term 'mood changes': current transaction is aborted, commands ignored until end of transaction block

2025-05-29 21:34:37,137 - ERROR - Attempt 3/3 failed for term 'mood changes': current transaction is aborted, commands ignored until end of transaction block

2025-05-29 21:34:37,138 - ERROR - Max retries reached for term 'mood changes'
2025-05-29 21:34:37,153 - ERROR - Attempt 1/3 failed for term 'lesions': relation "mrconso" does not exist
LINE 3:                     FROM MRCONSO c
                                 ^

2025-05-29 21:34:37,153 - ERROR - Attempt 2/3 failed for term 'lesions': current transaction is aborted, commands ignored until end of transaction block

2025-05-29 21:34:37,154 - ERROR - Attempt 3/3 failed for term 'lesions': current transaction is aborted, commands ignored until end of transaction block

2025-05-29 21:34:37,154 - ERROR - Max retries reached for term 'lesions'
2025-05-29 21:34:37,167 - ERROR - Attempt 1/3 failed for term 'stiffness': relation "mrconso" does not exist
LINE 3:                     FROM MRCONSO c
                                 ^

2025-05-29 21:34:37,168 - ERROR - Attempt 2/3 failed for term 'stiffness': current transaction is aborted, commands ignored until end of transaction block

2025-05-29 21:34:37,169 - ERROR - Attempt 3/3 failed for term 'stiffness': current transaction is aborted, commands ignored until end of transaction block

2025-05-29 21:34:37,169 - ERROR - Max retries reached for term 'stiffness'
2025-05-29 21:34:37,182 - ERROR - Attempt 1/3 failed for term 'urinary changes': relation "mrconso" does not exist
LINE 3:                     FROM MRCONSO c
                                 ^

2025-05-29 21:34:37,183 - ERROR - Attempt 2/3 failed for term 'urinary changes': current transaction is aborted, commands ignored until end of transaction block

2025-05-29 21:34:37,184 - ERROR - Attempt 3/3 failed for term 'urinary changes': current transaction is aborted, commands ignored until end of transaction block

2025-05-29 21:34:37,184 - ERROR - Max retries reached for term 'urinary changes'
2025-05-29 21:34:37,196 - WARNING - Failed to fetch semantic type for CUI NO_CUI_no dizziness. musculoskeletal: no joint pain or stiffness. gastrointestinal: no nausea or diarrhea. genitourinary: no urinary changes. endocrine: no weight changes or thirst. hematologic: no easy bruising or bleeding. dermatologic: no rashes or lesions. psychiatric: no mood changes. ophthalmologic: no vision changes. primary assessment: symptoms consistent with acute bacterial sinusitis: relation "mrsty" does not exist
LINE 3:                             FROM MRSTY sty
                                         ^

2025-05-29 21:35:12,752 - WARNING - Failed to add scispacy_linker: HTTPSConnectionPool(host='s3-us-west-2.amazonaws.com', port=443): Max retries exceeded with url: /ai2-s2-scispacy/data/linkers/2023-04-23/umls/tfidf_vectorizer.joblib (Caused by NameResolutionError("<urllib3.connection.HTTPSConnection object at 0x771b46684c90>: Failed to resolve 's3-us-west-2.amazonaws.com' ([Errno -3] Temporary failure in name resolution)")). Continuing without UMLS linking.
2025-05-29 21:35:15,473 - ERROR - Failed to initialize NLP pipeline: [E893] Could not find function 'replace_tokenizer' in function registry 'callbacks'. If you're using a custom function, make sure the code is available. If the function is provided by a third-party package, e.g. spacy-transformers, make sure the package is installed in your environment.

Available names: spacy.copy_from_base_model.v1, spacy.models_and_pipes_with_nvtx_range.v1, spacy.models_with_nvtx_range.v1
2025-05-29 21:35:16,709 - WARNING - Using fallback spacy pipeline without parser, ner, or linker
2025-05-29 21:35:16,710 - ERROR - Failed to add symptom rules: "[E001] No component 'medspacy_target_matcher' found in pipeline. Available names: ['sentencizer', 'tok2vec', 'tagger', 'attribute_ruler', 'lemmatizer', 'parser', 'ner']"
2025-05-29 21:35:16,858 - WARNING - No category mapping found for 'mood changes ophthalmologic no vision changes primary assessment symptoms consistent acute bacterial sinusitis likely secondary to recent viral upper respiratory infection differential includes viral sinusitis'. Defaulting to 'general'.
2025-05-29 21:35:16,877 - WARNING - No category mapping found for 'acute abnormalities in pulmonary musculoskeletal gi gu hematologic dermatologic psychiatric'. Defaulting to 'general'.
2025-05-29 21:35:16,898 - ERROR - Error extracting features for note ID 1: 'KnowledgeBaseUpdater' object has no attribute 'is_new_symptom'
2025-05-29 21:35:16,957 - ERROR - Failed to create MongoDB indexes: An existing index has the same name as the requested index. When index names are not specified, they are auto generated and can cause conflicts. Please refer to our documentation. Requested index: { v: 2, unique: true, key: { term: 1 }, name: "term_1" }, existing index: { v: 2, key: { term: 1 }, name: "term_1" }, full error: {'ok': 0.0, 'errmsg': 'An existing index has the same name as the requested index. When index names are not specified, they are auto generated and can cause conflicts. Please refer to our documentation. Requested index: { v: 2, unique: true, key: { term: 1 }, name: "term_1" }, existing index: { v: 2, key: { term: 1 }, name: "term_1" }', 'code': 86, 'codeName': 'IndexKeySpecsConflict'}
2025-05-29 21:35:17,020 - ERROR - Failed to create MongoDB indexes: An existing index has the same name as the requested index. When index names are not specified, they are auto generated and can cause conflicts. Please refer to our documentation. Requested index: { v: 2, unique: true, key: { term: 1 }, name: "term_1" }, existing index: { v: 2, key: { term: 1 }, name: "term_1" }, full error: {'ok': 0.0, 'errmsg': 'An existing index has the same name as the requested index. When index names are not specified, they are auto generated and can cause conflicts. Please refer to our documentation. Requested index: { v: 2, unique: true, key: { term: 1 }, name: "term_1" }, existing index: { v: 2, key: { term: 1 }, name: "term_1" }', 'code': 86, 'codeName': 'IndexKeySpecsConflict'}
2025-05-29 21:35:18,869 - ERROR - Attempt 1/3 failed for term 'facial pain': relation "mrconso" does not exist
LINE 3:                     FROM MRCONSO c
                                 ^

2025-05-29 21:35:18,870 - ERROR - Attempt 2/3 failed for term 'facial pain': current transaction is aborted, commands ignored until end of transaction block

2025-05-29 21:35:18,872 - ERROR - Attempt 3/3 failed for term 'facial pain': current transaction is aborted, commands ignored until end of transaction block

2025-05-29 21:35:18,875 - ERROR - Max retries reached for term 'facial pain'
2025-05-29 21:35:18,906 - WARNING - Failed to fetch semantic type for CUI NO_CUI_facial pain: relation "mrsty" does not exist
LINE 3:                             FROM MRSTY sty
                                         ^

2025-05-29 21:35:19,112 - ERROR - Attempt 1/3 failed for term 'nasal congestion': relation "mrconso" does not exist
LINE 3:                     FROM MRCONSO c
                                 ^

2025-05-29 21:35:19,114 - ERROR - Attempt 2/3 failed for term 'nasal congestion': current transaction is aborted, commands ignored until end of transaction block

2025-05-29 21:35:19,116 - ERROR - Attempt 3/3 failed for term 'nasal congestion': current transaction is aborted, commands ignored until end of transaction block

2025-05-29 21:35:19,116 - ERROR - Max retries reached for term 'nasal congestion'
2025-05-29 21:35:19,150 - WARNING - Failed to fetch semantic type for CUI NO_CUI_nasal congestion: relation "mrsty" does not exist
LINE 3:                             FROM MRSTY sty
                                         ^

2025-05-29 21:35:19,336 - ERROR - Attempt 1/3 failed for term 'purulent': relation "mrconso" does not exist
LINE 3:                     FROM MRCONSO c
                                 ^

2025-05-29 21:35:19,337 - ERROR - Attempt 2/3 failed for term 'purulent': current transaction is aborted, commands ignored until end of transaction block

2025-05-29 21:35:19,338 - ERROR - Attempt 3/3 failed for term 'purulent': current transaction is aborted, commands ignored until end of transaction block

2025-05-29 21:35:19,338 - ERROR - Max retries reached for term 'purulent'
2025-05-29 21:35:19,361 - ERROR - Attempt 1/3 failed for term 'nasal discharge': relation "mrconso" does not exist
LINE 3:                     FROM MRCONSO c
                                 ^

2025-05-29 21:35:19,363 - ERROR - Attempt 2/3 failed for term 'nasal discharge': current transaction is aborted, commands ignored until end of transaction block

2025-05-29 21:35:19,364 - ERROR - Attempt 3/3 failed for term 'nasal discharge': current transaction is aborted, commands ignored until end of transaction block

2025-05-29 21:35:19,364 - ERROR - Max retries reached for term 'nasal discharge'
2025-05-29 21:35:19,409 - WARNING - Failed to fetch semantic type for CUI NO_CUI_purulent nasal discharge: relation "mrsty" does not exist
LINE 3:                             FROM MRSTY sty
                                         ^

2025-05-29 21:35:19,599 - ERROR - Attempt 1/3 failed for term 'fever': relation "mrconso" does not exist
LINE 3:                     FROM MRCONSO c
                                 ^

2025-05-29 21:35:19,600 - ERROR - Attempt 2/3 failed for term 'fever': current transaction is aborted, commands ignored until end of transaction block

2025-05-29 21:35:19,601 - ERROR - Attempt 3/3 failed for term 'fever': current transaction is aborted, commands ignored until end of transaction block

2025-05-29 21:35:19,603 - ERROR - Max retries reached for term 'fever'
2025-05-29 21:35:19,638 - WARNING - Failed to fetch semantic type for CUI NO_CUI_fever: relation "mrsty" does not exist
LINE 3:                             FROM MRSTY sty
                                         ^

2025-05-29 21:35:19,923 - WARNING - Skipping non-clinical or blocked term: 'days'
2025-05-29 21:35:19,948 - ERROR - Attempt 1/3 failed for term 'facial pain': relation "mrconso" does not exist
LINE 3:                     FROM MRCONSO c
                                 ^

2025-05-29 21:35:19,950 - ERROR - Attempt 2/3 failed for term 'facial pain': current transaction is aborted, commands ignored until end of transaction block

2025-05-29 21:35:19,952 - ERROR - Attempt 3/3 failed for term 'facial pain': current transaction is aborted, commands ignored until end of transaction block

2025-05-29 21:35:19,952 - ERROR - Max retries reached for term 'facial pain'
2025-05-29 21:35:19,977 - ERROR - Attempt 1/3 failed for term 'nasal discharge': relation "mrconso" does not exist
LINE 3:                     FROM MRCONSO c
                                 ^

2025-05-29 21:35:19,978 - ERROR - Attempt 2/3 failed for term 'nasal discharge': current transaction is aborted, commands ignored until end of transaction block

2025-05-29 21:35:19,981 - ERROR - Attempt 3/3 failed for term 'nasal discharge': current transaction is aborted, commands ignored until end of transaction block

2025-05-29 21:35:19,981 - ERROR - Max retries reached for term 'nasal discharge'
2025-05-29 21:35:20,002 - ERROR - Attempt 1/3 failed for term 'fever': relation "mrconso" does not exist
LINE 3:                     FROM MRCONSO c
                                 ^

2025-05-29 21:35:20,003 - ERROR - Attempt 2/3 failed for term 'fever': current transaction is aborted, commands ignored until end of transaction block

2025-05-29 21:35:20,006 - ERROR - Attempt 3/3 failed for term 'fever': current transaction is aborted, commands ignored until end of transaction block

2025-05-29 21:35:20,007 - ERROR - Max retries reached for term 'fever'
2025-05-29 21:35:20,043 - ERROR - Attempt 1/3 failed for term 'patient': relation "mrconso" does not exist
LINE 3:                     FROM MRCONSO c
                                 ^

2025-05-29 21:35:20,046 - ERROR - Attempt 2/3 failed for term 'patient': current transaction is aborted, commands ignored until end of transaction block

2025-05-29 21:35:20,050 - ERROR - Attempt 3/3 failed for term 'patient': current transaction is aborted, commands ignored until end of transaction block

2025-05-29 21:35:20,050 - ERROR - Max retries reached for term 'patient'
2025-05-29 21:35:20,079 - ERROR - Attempt 1/3 failed for term 'nasal congestion': relation "mrconso" does not exist
LINE 3:                     FROM MRCONSO c
                                 ^

2025-05-29 21:35:20,080 - ERROR - Attempt 2/3 failed for term 'nasal congestion': current transaction is aborted, commands ignored until end of transaction block

2025-05-29 21:35:20,085 - ERROR - Attempt 3/3 failed for term 'nasal congestion': current transaction is aborted, commands ignored until end of transaction block

2025-05-29 21:35:20,087 - ERROR - Max retries reached for term 'nasal congestion'
2025-05-29 21:35:20,113 - ERROR - Attempt 1/3 failed for term 'purulent': relation "mrconso" does not exist
LINE 3:                     FROM MRCONSO c
                                 ^

2025-05-29 21:35:20,115 - ERROR - Attempt 2/3 failed for term 'purulent': current transaction is aborted, commands ignored until end of transaction block

2025-05-29 21:35:20,116 - ERROR - Attempt 3/3 failed for term 'purulent': current transaction is aborted, commands ignored until end of transaction block

2025-05-29 21:35:20,117 - ERROR - Max retries reached for term 'purulent'
2025-05-29 21:35:20,152 - ERROR - Attempt 1/3 failed for term 'reports': relation "mrconso" does not exist
LINE 3:                     FROM MRCONSO c
                                 ^

2025-05-29 21:35:20,155 - ERROR - Attempt 2/3 failed for term 'reports': current transaction is aborted, commands ignored until end of transaction block

2025-05-29 21:35:20,158 - ERROR - Attempt 3/3 failed for term 'reports': current transaction is aborted, commands ignored until end of transaction block

2025-05-29 21:35:20,161 - ERROR - Max retries reached for term 'reports'
2025-05-29 21:35:20,191 - WARNING - Failed to fetch semantic type for CUI NO_CUI_patient presents with facial pain, nasal congestion, and fever for 10 days. reports purulent nasal discharge.: relation "mrsty" does not exist
LINE 3:                             FROM MRSTY sty
                                         ^

2025-05-29 21:35:20,392 - ERROR - Attempt 1/3 failed for term 'headache': relation "mrconso" does not exist
LINE 3:                     FROM MRCONSO c
                                 ^

2025-05-29 21:35:20,392 - ERROR - Attempt 2/3 failed for term 'headache': current transaction is aborted, commands ignored until end of transaction block

2025-05-29 21:35:20,393 - ERROR - Attempt 3/3 failed for term 'headache': current transaction is aborted, commands ignored until end of transaction block

2025-05-29 21:35:20,393 - ERROR - Max retries reached for term 'headache'
2025-05-29 21:35:20,409 - WARNING - Failed to fetch semantic type for CUI NO_CUI_headache: relation "mrsty" does not exist
LINE 3:                             FROM MRSTY sty
                                         ^

2025-05-29 21:35:20,578 - ERROR - Attempt 1/3 failed for term 'headache': relation "mrconso" does not exist
LINE 3:                     FROM MRCONSO c
                                 ^

2025-05-29 21:35:20,579 - ERROR - Attempt 2/3 failed for term 'headache': current transaction is aborted, commands ignored until end of transaction block

2025-05-29 21:35:20,580 - ERROR - Attempt 3/3 failed for term 'headache': current transaction is aborted, commands ignored until end of transaction block

2025-05-29 21:35:20,581 - ERROR - Max retries reached for term 'headache'
2025-05-29 21:35:20,609 - ERROR - Attempt 1/3 failed for term 'patient complains': relation "mrconso" does not exist
LINE 3:                     FROM MRCONSO c
                                 ^

2025-05-29 21:35:20,613 - ERROR - Attempt 2/3 failed for term 'patient complains': current transaction is aborted, commands ignored until end of transaction block

2025-05-29 21:35:20,614 - ERROR - Attempt 3/3 failed for term 'patient complains': current transaction is aborted, commands ignored until end of transaction block

2025-05-29 21:35:20,617 - ERROR - Max retries reached for term 'patient complains'
2025-05-29 21:35:20,644 - WARNING - Failed to fetch semantic type for CUI NO_CUI_patient complains of headache: relation "mrsty" does not exist
LINE 3:                             FROM MRSTY sty
                                         ^

2025-05-29 21:35:20,823 - ERROR - Attempt 1/3 failed for term 'back pain': relation "mrconso" does not exist
LINE 3:                     FROM MRCONSO c
                                 ^

2025-05-29 21:35:20,824 - ERROR - Attempt 2/3 failed for term 'back pain': current transaction is aborted, commands ignored until end of transaction block

2025-05-29 21:35:20,825 - ERROR - Attempt 3/3 failed for term 'back pain': current transaction is aborted, commands ignored until end of transaction block

2025-05-29 21:35:20,825 - ERROR - Max retries reached for term 'back pain'
2025-05-29 21:35:20,846 - WARNING - Failed to fetch semantic type for CUI NO_CUI_back pain: relation "mrsty" does not exist
LINE 3:                             FROM MRSTY sty
                                         ^

2025-05-29 21:35:21,086 - ERROR - Attempt 1/3 failed for term 'movement': relation "mrconso" does not exist
LINE 3:                     FROM MRCONSO c
                                 ^

2025-05-29 21:35:21,089 - ERROR - Attempt 2/3 failed for term 'movement': current transaction is aborted, commands ignored until end of transaction block

2025-05-29 21:35:21,094 - ERROR - Attempt 3/3 failed for term 'movement': current transaction is aborted, commands ignored until end of transaction block

2025-05-29 21:35:21,101 - ERROR - Max retries reached for term 'movement'
2025-05-29 21:35:21,138 - ERROR - Attempt 1/3 failed for term 'pain': relation "mrconso" does not exist
LINE 3:                     FROM MRCONSO c
                                 ^

2025-05-29 21:35:21,140 - ERROR - Attempt 2/3 failed for term 'pain': current transaction is aborted, commands ignored until end of transaction block

2025-05-29 21:35:21,141 - ERROR - Attempt 3/3 failed for term 'pain': current transaction is aborted, commands ignored until end of transaction block

2025-05-29 21:35:21,142 - ERROR - Max retries reached for term 'pain'
2025-05-29 21:35:21,189 - WARNING - Failed to fetch semantic type for CUI NO_CUI_pain on movement: relation "mrsty" does not exist
LINE 3:                             FROM MRSTY sty
                                         ^

2025-05-29 21:35:21,484 - ERROR - Attempt 1/3 failed for term 'obesity': relation "mrconso" does not exist
LINE 3:                     FROM MRCONSO c
                                 ^

2025-05-29 21:35:21,485 - ERROR - Attempt 2/3 failed for term 'obesity': current transaction is aborted, commands ignored until end of transaction block

2025-05-29 21:35:21,486 - ERROR - Attempt 3/3 failed for term 'obesity': current transaction is aborted, commands ignored until end of transaction block

2025-05-29 21:35:21,487 - ERROR - Max retries reached for term 'obesity'
2025-05-29 21:35:21,507 - WARNING - Failed to fetch semantic type for CUI NO_CUI_obesity: relation "mrsty" does not exist
LINE 3:                             FROM MRSTY sty
                                         ^

2025-05-29 21:35:21,724 - ERROR - Attempt 1/3 failed for term 'back pain': relation "mrconso" does not exist
LINE 3:                     FROM MRCONSO c
                                 ^

2025-05-29 21:35:21,725 - ERROR - Attempt 2/3 failed for term 'back pain': current transaction is aborted, commands ignored until end of transaction block

2025-05-29 21:35:21,727 - ERROR - Attempt 3/3 failed for term 'back pain': current transaction is aborted, commands ignored until end of transaction block

2025-05-29 21:35:21,727 - ERROR - Max retries reached for term 'back pain'
2025-05-29 21:35:21,757 - ERROR - Attempt 1/3 failed for term 'weeks': relation "mrconso" does not exist
LINE 3:                     FROM MRCONSO c
                                 ^

2025-05-29 21:35:21,759 - ERROR - Attempt 2/3 failed for term 'weeks': current transaction is aborted, commands ignored until end of transaction block

2025-05-29 21:35:21,762 - ERROR - Attempt 3/3 failed for term 'weeks': current transaction is aborted, commands ignored until end of transaction block

2025-05-29 21:35:21,764 - ERROR - Max retries reached for term 'weeks'
2025-05-29 21:35:21,788 - WARNING - Failed to fetch semantic type for CUI NO_CUI_back pain for two weeks: relation "mrsty" does not exist
LINE 3:                             FROM MRSTY sty
                                         ^

2025-05-29 21:35:22,008 - WARNING - Skipping non-clinical or blocked term: 'days'
2025-05-29 21:35:22,027 - ERROR - Attempt 1/3 failed for term 'patient complains': relation "mrconso" does not exist
LINE 3:                     FROM MRCONSO c
                                 ^

2025-05-29 21:35:22,028 - ERROR - Attempt 2/3 failed for term 'patient complains': current transaction is aborted, commands ignored until end of transaction block

2025-05-29 21:35:22,030 - ERROR - Attempt 3/3 failed for term 'patient complains': current transaction is aborted, commands ignored until end of transaction block

2025-05-29 21:35:22,030 - ERROR - Max retries reached for term 'patient complains'
2025-05-29 21:35:22,031 - WARNING - Skipping non-clinical or blocked term: 'chills'
2025-05-29 21:35:22,053 - ERROR - Attempt 1/3 failed for term 'fevers': relation "mrconso" does not exist
LINE 3:                     FROM MRCONSO c
                                 ^

2025-05-29 21:35:22,054 - ERROR - Attempt 2/3 failed for term 'fevers': current transaction is aborted, commands ignored until end of transaction block

2025-05-29 21:35:22,055 - ERROR - Attempt 3/3 failed for term 'fevers': current transaction is aborted, commands ignored until end of transaction block

2025-05-29 21:35:22,056 - ERROR - Max retries reached for term 'fevers'
2025-05-29 21:35:22,080 - ERROR - Attempt 1/3 failed for term 'headache': relation "mrconso" does not exist
LINE 3:                     FROM MRCONSO c
                                 ^

2025-05-29 21:35:22,082 - ERROR - Attempt 2/3 failed for term 'headache': current transaction is aborted, commands ignored until end of transaction block

2025-05-29 21:35:22,083 - ERROR - Attempt 3/3 failed for term 'headache': current transaction is aborted, commands ignored until end of transaction block

2025-05-29 21:35:22,084 - ERROR - Max retries reached for term 'headache'
2025-05-29 21:35:22,100 - ERROR - Attempt 1/3 failed for term 'associated with': relation "mrconso" does not exist
LINE 3:                     FROM MRCONSO c
                                 ^

2025-05-29 21:35:22,101 - ERROR - Attempt 2/3 failed for term 'associated with': current transaction is aborted, commands ignored until end of transaction block

2025-05-29 21:35:22,102 - ERROR - Attempt 3/3 failed for term 'associated with': current transaction is aborted, commands ignored until end of transaction block

2025-05-29 21:35:22,103 - ERROR - Max retries reached for term 'associated with'
2025-05-29 21:35:22,131 - WARNING - Failed to fetch semantic type for CUI NO_CUI_patient complains of headache the headache started three days ago. the headache is associated with fevers and chills: relation "mrsty" does not exist
LINE 3:                             FROM MRSTY sty
                                         ^

2025-05-29 21:35:22,479 - WARNING - Skipping non-clinical or blocked term: 'worse'
2025-05-29 21:35:22,480 - WARNING - Skipping non-clinical or blocked term: 'eyes'
2025-05-29 21:35:22,502 - ERROR - Attempt 1/3 failed for term 'licking': relation "mrconso" does not exist
LINE 3:                     FROM MRCONSO c
                                 ^

2025-05-29 21:35:22,503 - ERROR - Attempt 2/3 failed for term 'licking': current transaction is aborted, commands ignored until end of transaction block

2025-05-29 21:35:22,505 - ERROR - Attempt 3/3 failed for term 'licking': current transaction is aborted, commands ignored until end of transaction block

2025-05-29 21:35:22,505 - ERROR - Max retries reached for term 'licking'
2025-05-29 21:35:22,531 - ERROR - Attempt 1/3 failed for term 'patient': relation "mrconso" does not exist
LINE 3:                     FROM MRCONSO c
                                 ^

2025-05-29 21:35:22,534 - ERROR - Attempt 2/3 failed for term 'patient': current transaction is aborted, commands ignored until end of transaction block

2025-05-29 21:35:22,535 - ERROR - Attempt 3/3 failed for term 'patient': current transaction is aborted, commands ignored until end of transaction block

2025-05-29 21:35:22,537 - ERROR - Max retries reached for term 'patient'
2025-05-29 21:35:22,544 - WARNING - Skipping non-clinical or blocked term: 'foods'
2025-05-29 21:35:22,579 - ERROR - Attempt 1/3 failed for term 'strong': relation "mrconso" does not exist
LINE 3:                     FROM MRCONSO c
                                 ^

2025-05-29 21:35:22,584 - ERROR - Attempt 2/3 failed for term 'strong': current transaction is aborted, commands ignored until end of transaction block

2025-05-29 21:35:22,586 - ERROR - Attempt 3/3 failed for term 'strong': current transaction is aborted, commands ignored until end of transaction block

2025-05-29 21:35:22,586 - ERROR - Max retries reached for term 'strong'
2025-05-29 21:35:22,620 - ERROR - Attempt 1/3 failed for term 'fats': relation "mrconso" does not exist
LINE 3:                     FROM MRCONSO c
                                 ^

2025-05-29 21:35:22,621 - ERROR - Attempt 2/3 failed for term 'fats': current transaction is aborted, commands ignored until end of transaction block

2025-05-29 21:35:22,624 - ERROR - Attempt 3/3 failed for term 'fats': current transaction is aborted, commands ignored until end of transaction block

2025-05-29 21:35:22,625 - ERROR - Max retries reached for term 'fats'
2025-05-29 21:35:22,650 - ERROR - Attempt 1/3 failed for term 'tea': relation "mrconso" does not exist
LINE 3:                     FROM MRCONSO c
                                 ^

2025-05-29 21:35:22,651 - ERROR - Attempt 2/3 failed for term 'tea': current transaction is aborted, commands ignored until end of transaction block

2025-05-29 21:35:22,652 - ERROR - Attempt 3/3 failed for term 'tea': current transaction is aborted, commands ignored until end of transaction block

2025-05-29 21:35:22,653 - ERROR - Max retries reached for term 'tea'
2025-05-29 21:35:22,680 - ERROR - Attempt 1/3 failed for term 'vomiting': relation "mrconso" does not exist
LINE 3:                     FROM MRCONSO c
                                 ^

2025-05-29 21:35:22,681 - ERROR - Attempt 2/3 failed for term 'vomiting': current transaction is aborted, commands ignored until end of transaction block

2025-05-29 21:35:22,682 - ERROR - Attempt 3/3 failed for term 'vomiting': current transaction is aborted, commands ignored until end of transaction block

2025-05-29 21:35:22,682 - ERROR - Max retries reached for term 'vomiting'
2025-05-29 21:35:22,714 - ERROR - Attempt 1/3 failed for term 'nausea': relation "mrconso" does not exist
LINE 3:                     FROM MRCONSO c
                                 ^

2025-05-29 21:35:22,715 - ERROR - Attempt 2/3 failed for term 'nausea': current transaction is aborted, commands ignored until end of transaction block

2025-05-29 21:35:22,719 - ERROR - Attempt 3/3 failed for term 'nausea': current transaction is aborted, commands ignored until end of transaction block

2025-05-29 21:35:22,721 - ERROR - Max retries reached for term 'nausea'
2025-05-29 21:35:22,761 - ERROR - Attempt 1/3 failed for term 'jaundice': relation "mrconso" does not exist
LINE 3:                     FROM MRCONSO c
                                 ^

2025-05-29 21:35:22,767 - ERROR - Attempt 2/3 failed for term 'jaundice': current transaction is aborted, commands ignored until end of transaction block

2025-05-29 21:35:22,772 - ERROR - Attempt 3/3 failed for term 'jaundice': current transaction is aborted, commands ignored until end of transaction block

2025-05-29 21:35:22,776 - ERROR - Max retries reached for term 'jaundice'
2025-05-29 21:35:22,806 - ERROR - Attempt 1/3 failed for term 'loss of appetite': relation "mrconso" does not exist
LINE 3:                     FROM MRCONSO c
                                 ^

2025-05-29 21:35:22,808 - ERROR - Attempt 2/3 failed for term 'loss of appetite': current transaction is aborted, commands ignored until end of transaction block

2025-05-29 21:35:22,810 - ERROR - Attempt 3/3 failed for term 'loss of appetite': current transaction is aborted, commands ignored until end of transaction block

2025-05-29 21:35:22,811 - ERROR - Max retries reached for term 'loss of appetite'
2025-05-29 21:35:22,844 - WARNING - Failed to fetch semantic type for CUI NO_CUI_nausea and vomiting and loss of appetite the patient has jaundice in the eyes taking foods with fats makes the nausea worse taking strong tea and licking salt alleviates the nausea: relation "mrsty" does not exist
LINE 3:                             FROM MRSTY sty
                                         ^

2025-05-29 21:35:23,047 - ERROR - Attempt 1/3 failed for term 'facial pain': relation "mrconso" does not exist
LINE 3:                     FROM MRCONSO c
                                 ^

2025-05-29 21:35:23,048 - ERROR - Attempt 2/3 failed for term 'facial pain': current transaction is aborted, commands ignored until end of transaction block

2025-05-29 21:35:23,048 - ERROR - Attempt 3/3 failed for term 'facial pain': current transaction is aborted, commands ignored until end of transaction block

2025-05-29 21:35:23,049 - ERROR - Max retries reached for term 'facial pain'
2025-05-29 21:35:23,066 - ERROR - Attempt 1/3 failed for term 'patient': relation "mrconso" does not exist
LINE 3:                     FROM MRCONSO c
                                 ^

2025-05-29 21:35:23,067 - ERROR - Attempt 2/3 failed for term 'patient': current transaction is aborted, commands ignored until end of transaction block

2025-05-29 21:35:23,068 - ERROR - Attempt 3/3 failed for term 'patient': current transaction is aborted, commands ignored until end of transaction block

2025-05-29 21:35:23,068 - ERROR - Max retries reached for term 'patient'
2025-05-29 21:35:23,099 - WARNING - Failed to fetch semantic type for CUI NO_CUI_patient presents with facial pain: relation "mrsty" does not exist
LINE 3:                             FROM MRSTY sty
                                         ^

2025-05-29 21:35:23,346 - ERROR - Attempt 1/3 failed for term 'back pain': relation "mrconso" does not exist
LINE 3:                     FROM MRCONSO c
                                 ^

2025-05-29 21:35:23,347 - ERROR - Attempt 2/3 failed for term 'back pain': current transaction is aborted, commands ignored until end of transaction block

2025-05-29 21:35:23,347 - ERROR - Attempt 3/3 failed for term 'back pain': current transaction is aborted, commands ignored until end of transaction block

2025-05-29 21:35:23,348 - ERROR - Max retries reached for term 'back pain'
2025-05-29 21:35:23,368 - ERROR - Attempt 1/3 failed for term 'weeks': relation "mrconso" does not exist
LINE 3:                     FROM MRCONSO c
                                 ^

2025-05-29 21:35:23,370 - ERROR - Attempt 2/3 failed for term 'weeks': current transaction is aborted, commands ignored until end of transaction block

2025-05-29 21:35:23,371 - ERROR - Attempt 3/3 failed for term 'weeks': current transaction is aborted, commands ignored until end of transaction block

2025-05-29 21:35:23,372 - ERROR - Max retries reached for term 'weeks'
2025-05-29 21:35:23,399 - ERROR - Attempt 1/3 failed for term 'assessment': relation "mrconso" does not exist
LINE 3:                     FROM MRCONSO c
                                 ^

2025-05-29 21:35:23,401 - ERROR - Attempt 2/3 failed for term 'assessment': current transaction is aborted, commands ignored until end of transaction block

2025-05-29 21:35:23,402 - ERROR - Attempt 3/3 failed for term 'assessment': current transaction is aborted, commands ignored until end of transaction block

2025-05-29 21:35:23,403 - ERROR - Max retries reached for term 'assessment'
2025-05-29 21:35:23,425 - ERROR - Attempt 1/3 failed for term 'patient reports': relation "mrconso" does not exist
LINE 3:                     FROM MRCONSO c
                                 ^

2025-05-29 21:35:23,428 - ERROR - Attempt 2/3 failed for term 'patient reports': current transaction is aborted, commands ignored until end of transaction block

2025-05-29 21:35:23,429 - ERROR - Attempt 3/3 failed for term 'patient reports': current transaction is aborted, commands ignored until end of transaction block

2025-05-29 21:35:23,430 - ERROR - Max retries reached for term 'patient reports'
2025-05-29 21:35:23,459 - WARNING - Failed to fetch semantic type for CUI NO_CUI_back pain for two weeks the patient reports backpain for three weeks on assessment: relation "mrsty" does not exist
LINE 3:                             FROM MRSTY sty
                                         ^

2025-05-29 21:35:23,830 - ERROR - Attempt 1/3 failed for term 'standing': relation "mrconso" does not exist
LINE 3:                     FROM MRCONSO c
                                 ^

2025-05-29 21:35:23,831 - ERROR - Attempt 2/3 failed for term 'standing': current transaction is aborted, commands ignored until end of transaction block

2025-05-29 21:35:23,832 - ERROR - Attempt 3/3 failed for term 'standing': current transaction is aborted, commands ignored until end of transaction block

2025-05-29 21:35:23,832 - ERROR - Max retries reached for term 'standing'
2025-05-29 21:35:23,849 - ERROR - Attempt 1/3 failed for term 'stretching': relation "mrconso" does not exist
LINE 3:                     FROM MRCONSO c
                                 ^

2025-05-29 21:35:23,851 - ERROR - Attempt 2/3 failed for term 'stretching': current transaction is aborted, commands ignored until end of transaction block

2025-05-29 21:35:23,852 - ERROR - Attempt 3/3 failed for term 'stretching': current transaction is aborted, commands ignored until end of transaction block

2025-05-29 21:35:23,852 - ERROR - Max retries reached for term 'stretching'
2025-05-29 21:35:23,880 - ERROR - Attempt 1/3 failed for term 'patient': relation "mrconso" does not exist
LINE 3:                     FROM MRCONSO c
                                 ^

2025-05-29 21:35:23,882 - ERROR - Attempt 2/3 failed for term 'patient': current transaction is aborted, commands ignored until end of transaction block

2025-05-29 21:35:23,885 - ERROR - Attempt 3/3 failed for term 'patient': current transaction is aborted, commands ignored until end of transaction block

2025-05-29 21:35:23,886 - ERROR - Max retries reached for term 'patient'
2025-05-29 21:35:23,917 - ERROR - Attempt 1/3 failed for term 'pain': relation "mrconso" does not exist
LINE 3:                     FROM MRCONSO c
                                 ^

2025-05-29 21:35:23,919 - ERROR - Attempt 2/3 failed for term 'pain': current transaction is aborted, commands ignored until end of transaction block

2025-05-29 21:35:23,921 - ERROR - Attempt 3/3 failed for term 'pain': current transaction is aborted, commands ignored until end of transaction block

2025-05-29 21:35:23,922 - ERROR - Max retries reached for term 'pain'
2025-05-29 21:35:23,949 - ERROR - Attempt 1/3 failed for term 'obese': relation "mrconso" does not exist
LINE 3:                     FROM MRCONSO c
                                 ^

2025-05-29 21:35:23,951 - ERROR - Attempt 2/3 failed for term 'obese': current transaction is aborted, commands ignored until end of transaction block

2025-05-29 21:35:23,954 - ERROR - Attempt 3/3 failed for term 'obese': current transaction is aborted, commands ignored until end of transaction block

2025-05-29 21:35:23,957 - ERROR - Max retries reached for term 'obese'
2025-05-29 21:35:23,986 - ERROR - Attempt 1/3 failed for term 'sitting': relation "mrconso" does not exist
LINE 3:                     FROM MRCONSO c
                                 ^

2025-05-29 21:35:23,988 - ERROR - Attempt 2/3 failed for term 'sitting': current transaction is aborted, commands ignored until end of transaction block

2025-05-29 21:35:23,989 - ERROR - Attempt 3/3 failed for term 'sitting': current transaction is aborted, commands ignored until end of transaction block

2025-05-29 21:35:23,991 - ERROR - Max retries reached for term 'sitting'
2025-05-29 21:35:24,016 - ERROR - Attempt 1/3 failed for term 'backpain': relation "mrconso" does not exist
LINE 3:                     FROM MRCONSO c
                                 ^

2025-05-29 21:35:24,018 - ERROR - Attempt 2/3 failed for term 'backpain': current transaction is aborted, commands ignored until end of transaction block

2025-05-29 21:35:24,019 - ERROR - Attempt 3/3 failed for term 'backpain': current transaction is aborted, commands ignored until end of transaction block

2025-05-29 21:35:24,020 - ERROR - Max retries reached for term 'backpain'
2025-05-29 21:35:24,056 - WARNING - Failed to fetch semantic type for CUI NO_CUI_the patient is obese the backpain is made worse by sitting down for long the pain is alleviated by standing and stretching: relation "mrsty" does not exist
LINE 3:                             FROM MRSTY sty
                                         ^

2025-05-29 21:35:24,326 - WARNING - Skipping non-clinical or blocked term: 'days'
2025-05-29 21:35:24,364 - ERROR - Attempt 1/3 failed for term 'facial pain': relation "mrconso" does not exist
LINE 3:                     FROM MRCONSO c
                                 ^

2025-05-29 21:35:24,369 - ERROR - Attempt 2/3 failed for term 'facial pain': current transaction is aborted, commands ignored until end of transaction block

2025-05-29 21:35:24,374 - ERROR - Attempt 3/3 failed for term 'facial pain': current transaction is aborted, commands ignored until end of transaction block

2025-05-29 21:35:24,376 - ERROR - Max retries reached for term 'facial pain'
2025-05-29 21:35:24,407 - ERROR - Attempt 1/3 failed for term 'nasal discharge': relation "mrconso" does not exist
LINE 3:                     FROM MRCONSO c
                                 ^

2025-05-29 21:35:24,408 - ERROR - Attempt 2/3 failed for term 'nasal discharge': current transaction is aborted, commands ignored until end of transaction block

2025-05-29 21:35:24,411 - ERROR - Attempt 3/3 failed for term 'nasal discharge': current transaction is aborted, commands ignored until end of transaction block

2025-05-29 21:35:24,413 - ERROR - Max retries reached for term 'nasal discharge'
2025-05-29 21:35:24,454 - ERROR - Attempt 1/3 failed for term 'fever': relation "mrconso" does not exist
LINE 3:                     FROM MRCONSO c
                                 ^

2025-05-29 21:35:24,455 - ERROR - Attempt 2/3 failed for term 'fever': current transaction is aborted, commands ignored until end of transaction block

2025-05-29 21:35:24,456 - ERROR - Attempt 3/3 failed for term 'fever': current transaction is aborted, commands ignored until end of transaction block

2025-05-29 21:35:24,459 - ERROR - Max retries reached for term 'fever'
2025-05-29 21:35:24,484 - ERROR - Attempt 1/3 failed for term 'maxillary sinuses': relation "mrconso" does not exist
LINE 3:                     FROM MRCONSO c
                                 ^

2025-05-29 21:35:24,488 - ERROR - Attempt 2/3 failed for term 'maxillary sinuses': current transaction is aborted, commands ignored until end of transaction block

2025-05-29 21:35:24,489 - ERROR - Attempt 3/3 failed for term 'maxillary sinuses': current transaction is aborted, commands ignored until end of transaction block

2025-05-29 21:35:24,490 - ERROR - Max retries reached for term 'maxillary sinuses'
2025-05-29 21:35:24,516 - ERROR - Attempt 1/3 failed for term 'purulent': relation "mrconso" does not exist
LINE 3:                     FROM MRCONSO c
                                 ^

2025-05-29 21:35:24,517 - ERROR - Attempt 2/3 failed for term 'purulent': current transaction is aborted, commands ignored until end of transaction block

2025-05-29 21:35:24,518 - ERROR - Attempt 3/3 failed for term 'purulent': current transaction is aborted, commands ignored until end of transaction block

2025-05-29 21:35:24,519 - ERROR - Max retries reached for term 'purulent'
2025-05-29 21:35:24,541 - ERROR - Attempt 1/3 failed for term 'reports': relation "mrconso" does not exist
LINE 3:                     FROM MRCONSO c
                                 ^

2025-05-29 21:35:24,543 - ERROR - Attempt 2/3 failed for term 'reports': current transaction is aborted, commands ignored until end of transaction block

2025-05-29 21:35:24,551 - ERROR - Attempt 3/3 failed for term 'reports': current transaction is aborted, commands ignored until end of transaction block

2025-05-29 21:35:24,551 - ERROR - Max retries reached for term 'reports'
2025-05-29 21:35:24,586 - WARNING - Failed to fetch semantic type for CUI NO_CUI_and fever for 10 days. reports purulent nasal discharge. facial pain over maxillary sinuses: relation "mrsty" does not exist
LINE 3:                             FROM MRSTY sty
                                         ^

2025-05-29 21:35:25,038 - ERROR - Attempt 1/3 failed for term 'sinusitis': relation "mrconso" does not exist
LINE 3:                     FROM MRCONSO c
                                 ^

2025-05-29 21:35:25,039 - ERROR - Attempt 2/3 failed for term 'sinusitis': current transaction is aborted, commands ignored until end of transaction block

2025-05-29 21:35:25,040 - ERROR - Attempt 3/3 failed for term 'sinusitis': current transaction is aborted, commands ignored until end of transaction block

2025-05-29 21:35:25,040 - ERROR - Max retries reached for term 'sinusitis'
2025-05-29 21:35:25,064 - ERROR - Attempt 1/3 failed for term 'pulmonary': relation "mrconso" does not exist
LINE 3:                     FROM MRCONSO c
                                 ^

2025-05-29 21:35:25,066 - ERROR - Attempt 2/3 failed for term 'pulmonary': current transaction is aborted, commands ignored until end of transaction block

2025-05-29 21:35:25,068 - ERROR - Attempt 3/3 failed for term 'pulmonary': current transaction is aborted, commands ignored until end of transaction block

2025-05-29 21:35:25,069 - ERROR - Max retries reached for term 'pulmonary'
2025-05-29 21:35:25,097 - ERROR - Attempt 1/3 failed for term 'stable': relation "mrconso" does not exist
LINE 3:                     FROM MRCONSO c
                                 ^

2025-05-29 21:35:25,098 - ERROR - Attempt 2/3 failed for term 'stable': current transaction is aborted, commands ignored until end of transaction block

2025-05-29 21:35:25,101 - ERROR - Attempt 3/3 failed for term 'stable': current transaction is aborted, commands ignored until end of transaction block

2025-05-29 21:35:25,102 - ERROR - Max retries reached for term 'stable'
2025-05-29 21:35:25,136 - ERROR - Attempt 1/3 failed for term 'diabetes': relation "mrconso" does not exist
LINE 3:                     FROM MRCONSO c
                                 ^

2025-05-29 21:35:25,137 - ERROR - Attempt 2/3 failed for term 'diabetes': current transaction is aborted, commands ignored until end of transaction block

2025-05-29 21:35:25,137 - ERROR - Attempt 3/3 failed for term 'diabetes': current transaction is aborted, commands ignored until end of transaction block

2025-05-29 21:35:25,138 - ERROR - Max retries reached for term 'diabetes'
2025-05-29 21:35:25,162 - ERROR - Attempt 1/3 failed for term 'hypertension': relation "mrconso" does not exist
LINE 3:                     FROM MRCONSO c
                                 ^

2025-05-29 21:35:25,165 - ERROR - Attempt 2/3 failed for term 'hypertension': current transaction is aborted, commands ignored until end of transaction block

2025-05-29 21:35:25,169 - ERROR - Attempt 3/3 failed for term 'hypertension': current transaction is aborted, commands ignored until end of transaction block

2025-05-29 21:35:25,170 - ERROR - Max retries reached for term 'hypertension'
2025-05-29 21:35:25,194 - ERROR - Attempt 1/3 failed for term 'viral sinusitis': relation "mrconso" does not exist
LINE 3:                     FROM MRCONSO c
                                 ^

2025-05-29 21:35:25,195 - ERROR - Attempt 2/3 failed for term 'viral sinusitis': current transaction is aborted, commands ignored until end of transaction block

2025-05-29 21:35:25,196 - ERROR - Attempt 3/3 failed for term 'viral sinusitis': current transaction is aborted, commands ignored until end of transaction block

2025-05-29 21:35:25,196 - ERROR - Max retries reached for term 'viral sinusitis'
2025-05-29 21:35:25,218 - ERROR - Attempt 1/3 failed for term 'acute abnormalities': relation "mrconso" does not exist
LINE 3:                     FROM MRCONSO c
                                 ^

2025-05-29 21:35:25,219 - ERROR - Attempt 2/3 failed for term 'acute abnormalities': current transaction is aborted, commands ignored until end of transaction block

2025-05-29 21:35:25,222 - ERROR - Attempt 3/3 failed for term 'acute abnormalities': current transaction is aborted, commands ignored until end of transaction block

2025-05-29 21:35:25,223 - ERROR - Max retries reached for term 'acute abnormalities'
2025-05-29 21:35:25,255 - ERROR - Attempt 1/3 failed for term 'cardiovascular': relation "mrconso" does not exist
LINE 3:                     FROM MRCONSO c
                                 ^

2025-05-29 21:35:25,255 - ERROR - Attempt 2/3 failed for term 'cardiovascular': current transaction is aborted, commands ignored until end of transaction block

2025-05-29 21:35:25,256 - ERROR - Attempt 3/3 failed for term 'cardiovascular': current transaction is aborted, commands ignored until end of transaction block

2025-05-29 21:35:25,257 - ERROR - Max retries reached for term 'cardiovascular'
2025-05-29 21:35:25,284 - ERROR - Attempt 1/3 failed for term 'headache': relation "mrconso" does not exist
LINE 3:                     FROM MRCONSO c
                                 ^

2025-05-29 21:35:25,286 - ERROR - Attempt 2/3 failed for term 'headache': current transaction is aborted, commands ignored until end of transaction block

2025-05-29 21:35:25,287 - ERROR - Attempt 3/3 failed for term 'headache': current transaction is aborted, commands ignored until end of transaction block

2025-05-29 21:35:25,289 - ERROR - Max retries reached for term 'headache'
2025-05-29 21:35:25,316 - ERROR - Attempt 1/3 failed for term 'endocrine': relation "mrconso" does not exist
LINE 3:                     FROM MRCONSO c
                                 ^

2025-05-29 21:35:25,318 - ERROR - Attempt 2/3 failed for term 'endocrine': current transaction is aborted, commands ignored until end of transaction block

2025-05-29 21:35:25,320 - ERROR - Attempt 3/3 failed for term 'endocrine': current transaction is aborted, commands ignored until end of transaction block

2025-05-29 21:35:25,323 - ERROR - Max retries reached for term 'endocrine'
2025-05-29 21:35:25,352 - ERROR - Attempt 1/3 failed for term 'secondary to': relation "mrconso" does not exist
LINE 3:                     FROM MRCONSO c
                                 ^

2025-05-29 21:35:25,354 - ERROR - Attempt 2/3 failed for term 'secondary to': current transaction is aborted, commands ignored until end of transaction block

2025-05-29 21:35:25,357 - ERROR - Attempt 3/3 failed for term 'secondary to': current transaction is aborted, commands ignored until end of transaction block

2025-05-29 21:35:25,358 - ERROR - Max retries reached for term 'secondary to'
2025-05-29 21:35:25,381 - ERROR - Attempt 1/3 failed for term 'neurological': relation "mrconso" does not exist
LINE 3:                     FROM MRCONSO c
                                 ^

2025-05-29 21:35:25,383 - ERROR - Attempt 2/3 failed for term 'neurological': current transaction is aborted, commands ignored until end of transaction block

2025-05-29 21:35:25,385 - ERROR - Attempt 3/3 failed for term 'neurological': current transaction is aborted, commands ignored until end of transaction block

2025-05-29 21:35:25,387 - ERROR - Max retries reached for term 'neurological'
2025-05-29 21:35:25,403 - ERROR - Attempt 1/3 failed for term 'viral upper': relation "mrconso" does not exist
LINE 3:                     FROM MRCONSO c
                                 ^

2025-05-29 21:35:25,403 - ERROR - Attempt 2/3 failed for term 'viral upper': current transaction is aborted, commands ignored until end of transaction block

2025-05-29 21:35:25,404 - ERROR - Attempt 3/3 failed for term 'viral upper': current transaction is aborted, commands ignored until end of transaction block

2025-05-29 21:35:25,404 - ERROR - Max retries reached for term 'viral upper'
2025-05-29 21:35:25,419 - ERROR - Attempt 1/3 failed for term 'allergic rhinitis': relation "mrconso" does not exist
LINE 3:                     FROM MRCONSO c
                                 ^

2025-05-29 21:35:25,419 - ERROR - Attempt 2/3 failed for term 'allergic rhinitis': current transaction is aborted, commands ignored until end of transaction block

2025-05-29 21:35:25,420 - ERROR - Attempt 3/3 failed for term 'allergic rhinitis': current transaction is aborted, commands ignored until end of transaction block

2025-05-29 21:35:25,420 - ERROR - Max retries reached for term 'allergic rhinitis'
2025-05-29 21:35:25,433 - ERROR - Attempt 1/3 failed for term 'differential': relation "mrconso" does not exist
LINE 3:                     FROM MRCONSO c
                                 ^

2025-05-29 21:35:25,433 - ERROR - Attempt 2/3 failed for term 'differential': current transaction is aborted, commands ignored until end of transaction block

2025-05-29 21:35:25,434 - ERROR - Attempt 3/3 failed for term 'differential': current transaction is aborted, commands ignored until end of transaction block

2025-05-29 21:35:25,434 - ERROR - Max retries reached for term 'differential'
2025-05-29 21:35:25,447 - ERROR - Attempt 1/3 failed for term 'respiratory infection': relation "mrconso" does not exist
LINE 3:                     FROM MRCONSO c
                                 ^

2025-05-29 21:35:25,447 - ERROR - Attempt 2/3 failed for term 'respiratory infection': current transaction is aborted, commands ignored until end of transaction block

2025-05-29 21:35:25,448 - ERROR - Attempt 3/3 failed for term 'respiratory infection': current transaction is aborted, commands ignored until end of transaction block

2025-05-29 21:35:25,448 - ERROR - Max retries reached for term 'respiratory infection'
2025-05-29 21:35:25,462 - WARNING - Failed to fetch semantic type for CUI NO_CUI_likely secondary to recent viral upper respiratory infection. differential includes viral sinusitis or allergic rhinitis. other systems: neurological: headache likely related to sinusitis. endocrine: stable diabetes. cardiovascular: stable hypertension. no acute abnormalities in pulmonary: relation "mrsty" does not exist
LINE 3:                             FROM MRSTY sty
                                         ^

2025-05-29 21:35:25,583 - ERROR - Attempt 1/3 failed for term 'radiating': relation "mrconso" does not exist
LINE 3:                     FROM MRCONSO c
                                 ^

2025-05-29 21:35:25,584 - ERROR - Attempt 2/3 failed for term 'radiating': current transaction is aborted, commands ignored until end of transaction block

2025-05-29 21:35:25,585 - ERROR - Attempt 3/3 failed for term 'radiating': current transaction is aborted, commands ignored until end of transaction block

2025-05-29 21:35:25,585 - ERROR - Max retries reached for term 'radiating'
2025-05-29 21:35:25,598 - ERROR - Attempt 1/3 failed for term 'pain': relation "mrconso" does not exist
LINE 3:                     FROM MRCONSO c
                                 ^

2025-05-29 21:35:25,599 - ERROR - Attempt 2/3 failed for term 'pain': current transaction is aborted, commands ignored until end of transaction block

2025-05-29 21:35:25,599 - ERROR - Attempt 3/3 failed for term 'pain': current transaction is aborted, commands ignored until end of transaction block

2025-05-29 21:35:25,600 - ERROR - Max retries reached for term 'pain'
2025-05-29 21:35:25,621 - WARNING - Failed to fetch semantic type for CUI NO_CUI_radiating pain: relation "mrsty" does not exist
LINE 3:                             FROM MRSTY sty
                                         ^

2025-05-29 21:35:25,710 - ERROR - Attempt 1/3 failed for term 'bilateral': relation "mrconso" does not exist
LINE 3:                     FROM MRCONSO c
                                 ^

2025-05-29 21:35:25,711 - ERROR - Attempt 2/3 failed for term 'bilateral': current transaction is aborted, commands ignored until end of transaction block

2025-05-29 21:35:25,711 - ERROR - Attempt 3/3 failed for term 'bilateral': current transaction is aborted, commands ignored until end of transaction block

2025-05-29 21:35:25,711 - ERROR - Max retries reached for term 'bilateral'
2025-05-29 21:35:25,727 - ERROR - Attempt 1/3 failed for term 'nasal congestion': relation "mrconso" does not exist
LINE 3:                     FROM MRCONSO c
                                 ^

2025-05-29 21:35:25,728 - ERROR - Attempt 2/3 failed for term 'nasal congestion': current transaction is aborted, commands ignored until end of transaction block

2025-05-29 21:35:25,729 - ERROR - Attempt 3/3 failed for term 'nasal congestion': current transaction is aborted, commands ignored until end of transaction block

2025-05-29 21:35:25,729 - ERROR - Max retries reached for term 'nasal congestion'
2025-05-29 21:35:25,749 - WARNING - Failed to fetch semantic type for CUI NO_CUI_bilateral nasal congestion: relation "mrsty" does not exist
LINE 3:                             FROM MRSTY sty
                                         ^

2025-05-29 21:35:26,006 - WARNING - Skipping non-clinical or blocked term: 'days'
2025-05-29 21:35:26,022 - ERROR - Attempt 1/3 failed for term 'shortness of breath': relation "mrconso" does not exist
LINE 3:                     FROM MRCONSO c
                                 ^

2025-05-29 21:35:26,023 - ERROR - Attempt 2/3 failed for term 'shortness of breath': current transaction is aborted, commands ignored until end of transaction block

2025-05-29 21:35:26,024 - ERROR - Attempt 3/3 failed for term 'shortness of breath': current transaction is aborted, commands ignored until end of transaction block

2025-05-29 21:35:26,025 - ERROR - Max retries reached for term 'shortness of breath'
2025-05-29 21:35:26,042 - ERROR - Attempt 1/3 failed for term 'no cough': relation "mrconso" does not exist
LINE 3:                     FROM MRCONSO c
                                 ^

2025-05-29 21:35:26,043 - ERROR - Attempt 2/3 failed for term 'no cough': current transaction is aborted, commands ignored until end of transaction block

2025-05-29 21:35:26,044 - ERROR - Attempt 3/3 failed for term 'no cough': current transaction is aborted, commands ignored until end of transaction block

2025-05-29 21:35:26,044 - ERROR - Max retries reached for term 'no cough'
2025-05-29 21:35:26,056 - ERROR - Attempt 1/3 failed for term 'pulmonary': relation "mrconso" does not exist
LINE 3:                     FROM MRCONSO c
                                 ^

2025-05-29 21:35:26,058 - ERROR - Attempt 2/3 failed for term 'pulmonary': current transaction is aborted, commands ignored until end of transaction block

2025-05-29 21:35:26,058 - ERROR - Attempt 3/3 failed for term 'pulmonary': current transaction is aborted, commands ignored until end of transaction block

2025-05-29 21:35:26,059 - ERROR - Max retries reached for term 'pulmonary'
2025-05-29 21:35:26,077 - ERROR - Attempt 1/3 failed for term 'mild headache': relation "mrconso" does not exist
LINE 3:                     FROM MRCONSO c
                                 ^

2025-05-29 21:35:26,078 - ERROR - Attempt 2/3 failed for term 'mild headache': current transaction is aborted, commands ignored until end of transaction block

2025-05-29 21:35:26,079 - ERROR - Attempt 3/3 failed for term 'mild headache': current transaction is aborted, commands ignored until end of transaction block

2025-05-29 21:35:26,079 - ERROR - Max retries reached for term 'mild headache'
2025-05-29 21:35:26,098 - ERROR - Attempt 1/3 failed for term 'nasal discharge': relation "mrconso" does not exist
LINE 3:                     FROM MRCONSO c
                                 ^

2025-05-29 21:35:26,099 - ERROR - Attempt 2/3 failed for term 'nasal discharge': current transaction is aborted, commands ignored until end of transaction block

2025-05-29 21:35:26,099 - ERROR - Attempt 3/3 failed for term 'nasal discharge': current transaction is aborted, commands ignored until end of transaction block

2025-05-29 21:35:26,100 - ERROR - Max retries reached for term 'nasal discharge'
2025-05-29 21:35:26,115 - ERROR - Attempt 1/3 failed for term 'sinus pain': relation "mrconso" does not exist
LINE 3:                     FROM MRCONSO c
                                 ^

2025-05-29 21:35:26,116 - ERROR - Attempt 2/3 failed for term 'sinus pain': current transaction is aborted, commands ignored until end of transaction block

2025-05-29 21:35:26,116 - ERROR - Attempt 3/3 failed for term 'sinus pain': current transaction is aborted, commands ignored until end of transaction block

2025-05-29 21:35:26,117 - ERROR - Max retries reached for term 'sinus pain'
2025-05-29 21:35:26,131 - ERROR - Attempt 1/3 failed for term 'cardiovascular': relation "mrconso" does not exist
LINE 3:                     FROM MRCONSO c
                                 ^

2025-05-29 21:35:26,131 - ERROR - Attempt 2/3 failed for term 'cardiovascular': current transaction is aborted, commands ignored until end of transaction block

2025-05-29 21:35:26,132 - ERROR - Attempt 3/3 failed for term 'cardiovascular': current transaction is aborted, commands ignored until end of transaction block

2025-05-29 21:35:26,132 - ERROR - Max retries reached for term 'cardiovascular'
2025-05-29 21:35:26,148 - ERROR - Attempt 1/3 failed for term 'palpitations': relation "mrconso" does not exist
LINE 3:                     FROM MRCONSO c
                                 ^

2025-05-29 21:35:26,149 - ERROR - Attempt 2/3 failed for term 'palpitations': current transaction is aborted, commands ignored until end of transaction block

2025-05-29 21:35:26,149 - ERROR - Attempt 3/3 failed for term 'palpitations': current transaction is aborted, commands ignored until end of transaction block

2025-05-29 21:35:26,150 - ERROR - Max retries reached for term 'palpitations'
2025-05-29 21:35:26,173 - ERROR - Attempt 1/3 failed for term 'hearing loss': relation "mrconso" does not exist
LINE 3:                     FROM MRCONSO c
                                 ^

2025-05-29 21:35:26,174 - ERROR - Attempt 2/3 failed for term 'hearing loss': current transaction is aborted, commands ignored until end of transaction block

2025-05-29 21:35:26,175 - ERROR - Attempt 3/3 failed for term 'hearing loss': current transaction is aborted, commands ignored until end of transaction block

2025-05-29 21:35:26,175 - ERROR - Max retries reached for term 'hearing loss'
2025-05-29 21:35:26,200 - ERROR - Attempt 1/3 failed for term 'low-grade': relation "mrconso" does not exist
LINE 3:                     FROM MRCONSO c
                                 ^

2025-05-29 21:35:26,201 - ERROR - Attempt 2/3 failed for term 'low-grade': current transaction is aborted, commands ignored until end of transaction block

2025-05-29 21:35:26,203 - ERROR - Attempt 3/3 failed for term 'low-grade': current transaction is aborted, commands ignored until end of transaction block

2025-05-29 21:35:26,203 - ERROR - Max retries reached for term 'low-grade'
2025-05-29 21:35:26,231 - ERROR - Attempt 1/3 failed for term 'chest pain': relation "mrconso" does not exist
LINE 3:                     FROM MRCONSO c
                                 ^

2025-05-29 21:35:26,232 - ERROR - Attempt 2/3 failed for term 'chest pain': current transaction is aborted, commands ignored until end of transaction block

2025-05-29 21:35:26,235 - ERROR - Attempt 3/3 failed for term 'chest pain': current transaction is aborted, commands ignored until end of transaction block

2025-05-29 21:35:26,235 - ERROR - Max retries reached for term 'chest pain'
2025-05-29 21:35:26,253 - ERROR - Attempt 1/3 failed for term 'purulent': relation "mrconso" does not exist
LINE 3:                     FROM MRCONSO c
                                 ^

2025-05-29 21:35:26,256 - ERROR - Attempt 2/3 failed for term 'purulent': current transaction is aborted, commands ignored until end of transaction block

2025-05-29 21:35:26,257 - ERROR - Attempt 3/3 failed for term 'purulent': current transaction is aborted, commands ignored until end of transaction block

2025-05-29 21:35:26,257 - ERROR - Max retries reached for term 'purulent'
2025-05-29 21:35:26,292 - ERROR - Attempt 1/3 failed for term 'neurological': relation "mrconso" does not exist
LINE 3:                     FROM MRCONSO c
                                 ^

2025-05-29 21:35:26,293 - ERROR - Attempt 2/3 failed for term 'neurological': current transaction is aborted, commands ignored until end of transaction block

2025-05-29 21:35:26,294 - ERROR - Attempt 3/3 failed for term 'neurological': current transaction is aborted, commands ignored until end of transaction block

2025-05-29 21:35:26,295 - ERROR - Max retries reached for term 'neurological'
2025-05-29 21:35:26,318 - ERROR - Attempt 1/3 failed for term 'associated with': relation "mrconso" does not exist
LINE 3:                     FROM MRCONSO c
                                 ^

2025-05-29 21:35:26,319 - ERROR - Attempt 2/3 failed for term 'associated with': current transaction is aborted, commands ignored until end of transaction block

2025-05-29 21:35:26,322 - ERROR - Attempt 3/3 failed for term 'associated with': current transaction is aborted, commands ignored until end of transaction block

2025-05-29 21:35:26,323 - ERROR - Max retries reached for term 'associated with'
2025-05-29 21:35:26,352 - WARNING - Failed to fetch semantic type for CUI NO_CUI_and purulent nasal discharge for 10 days. low-grade fever (up to 100.5°f). no sore throat or hearing loss. pulmonary: no cough or shortness of breath. cardiovascular: no chest pain or palpitations. neurological: mild headache associated with sinus pain: relation "mrsty" does not exist
LINE 3:                             FROM MRSTY sty
                                         ^

2025-05-29 21:35:26,692 - ERROR - Attempt 1/3 failed for term 'acute': relation "mrconso" does not exist
LINE 3:                     FROM MRCONSO c
                                 ^

2025-05-29 21:35:26,692 - ERROR - Attempt 2/3 failed for term 'acute': current transaction is aborted, commands ignored until end of transaction block

2025-05-29 21:35:26,693 - ERROR - Attempt 3/3 failed for term 'acute': current transaction is aborted, commands ignored until end of transaction block

2025-05-29 21:35:26,694 - ERROR - Max retries reached for term 'acute'
2025-05-29 21:35:26,709 - ERROR - Attempt 1/3 failed for term 'bacterial sinusitis': relation "mrconso" does not exist
LINE 3:                     FROM MRCONSO c
                                 ^

2025-05-29 21:35:26,710 - ERROR - Attempt 2/3 failed for term 'bacterial sinusitis': current transaction is aborted, commands ignored until end of transaction block

2025-05-29 21:35:26,711 - ERROR - Attempt 3/3 failed for term 'bacterial sinusitis': current transaction is aborted, commands ignored until end of transaction block

2025-05-29 21:35:26,711 - ERROR - Max retries reached for term 'bacterial sinusitis'
2025-05-29 21:35:26,727 - ERROR - Attempt 1/3 failed for term 'no joint pain': relation "mrconso" does not exist
LINE 3:                     FROM MRCONSO c
                                 ^

2025-05-29 21:35:26,728 - ERROR - Attempt 2/3 failed for term 'no joint pain': current transaction is aborted, commands ignored until end of transaction block

2025-05-29 21:35:26,729 - ERROR - Attempt 3/3 failed for term 'no joint pain': current transaction is aborted, commands ignored until end of transaction block

2025-05-29 21:35:26,729 - ERROR - Max retries reached for term 'no joint pain'
2025-05-29 21:35:26,750 - ERROR - Attempt 1/3 failed for term 'no dizziness': relation "mrconso" does not exist
LINE 3:                     FROM MRCONSO c
                                 ^

2025-05-29 21:35:26,751 - ERROR - Attempt 2/3 failed for term 'no dizziness': current transaction is aborted, commands ignored until end of transaction block

2025-05-29 21:35:26,752 - ERROR - Attempt 3/3 failed for term 'no dizziness': current transaction is aborted, commands ignored until end of transaction block

2025-05-29 21:35:26,752 - ERROR - Max retries reached for term 'no dizziness'
2025-05-29 21:35:26,768 - ERROR - Attempt 1/3 failed for term 'weight changes': relation "mrconso" does not exist
LINE 3:                     FROM MRCONSO c
                                 ^

2025-05-29 21:35:26,769 - ERROR - Attempt 2/3 failed for term 'weight changes': current transaction is aborted, commands ignored until end of transaction block

2025-05-29 21:35:26,770 - ERROR - Attempt 3/3 failed for term 'weight changes': current transaction is aborted, commands ignored until end of transaction block

2025-05-29 21:35:26,770 - ERROR - Max retries reached for term 'weight changes'
2025-05-29 21:35:26,785 - ERROR - Attempt 1/3 failed for term 'bruising': relation "mrconso" does not exist
LINE 3:                     FROM MRCONSO c
                                 ^

2025-05-29 21:35:26,786 - ERROR - Attempt 2/3 failed for term 'bruising': current transaction is aborted, commands ignored until end of transaction block

2025-05-29 21:35:26,786 - ERROR - Attempt 3/3 failed for term 'bruising': current transaction is aborted, commands ignored until end of transaction block

2025-05-29 21:35:26,786 - ERROR - Max retries reached for term 'bruising'
2025-05-29 21:35:26,803 - ERROR - Attempt 1/3 failed for term 'ophthalmologic': relation "mrconso" does not exist
LINE 3:                     FROM MRCONSO c
                                 ^

2025-05-29 21:35:26,804 - ERROR - Attempt 2/3 failed for term 'ophthalmologic': current transaction is aborted, commands ignored until end of transaction block

2025-05-29 21:35:26,805 - ERROR - Attempt 3/3 failed for term 'ophthalmologic': current transaction is aborted, commands ignored until end of transaction block

2025-05-29 21:35:26,805 - ERROR - Max retries reached for term 'ophthalmologic'
2025-05-29 21:35:26,826 - ERROR - Attempt 1/3 failed for term 'dermatologic': relation "mrconso" does not exist
LINE 3:                     FROM MRCONSO c
                                 ^

2025-05-29 21:35:26,827 - ERROR - Attempt 2/3 failed for term 'dermatologic': current transaction is aborted, commands ignored until end of transaction block

2025-05-29 21:35:26,828 - ERROR - Attempt 3/3 failed for term 'dermatologic': current transaction is aborted, commands ignored until end of transaction block

2025-05-29 21:35:26,828 - ERROR - Max retries reached for term 'dermatologic'
2025-05-29 21:35:26,842 - ERROR - Attempt 1/3 failed for term 'no rashes': relation "mrconso" does not exist
LINE 3:                     FROM MRCONSO c
                                 ^

2025-05-29 21:35:26,844 - ERROR - Attempt 2/3 failed for term 'no rashes': current transaction is aborted, commands ignored until end of transaction block

2025-05-29 21:35:26,845 - ERROR - Attempt 3/3 failed for term 'no rashes': current transaction is aborted, commands ignored until end of transaction block

2025-05-29 21:35:26,845 - ERROR - Max retries reached for term 'no rashes'
2025-05-29 21:35:26,868 - ERROR - Attempt 1/3 failed for term 'endocrine': relation "mrconso" does not exist
LINE 3:                     FROM MRCONSO c
                                 ^

2025-05-29 21:35:26,869 - ERROR - Attempt 2/3 failed for term 'endocrine': current transaction is aborted, commands ignored until end of transaction block

2025-05-29 21:35:26,869 - ERROR - Attempt 3/3 failed for term 'endocrine': current transaction is aborted, commands ignored until end of transaction block

2025-05-29 21:35:26,870 - ERROR - Max retries reached for term 'endocrine'
2025-05-29 21:35:26,870 - WARNING - Skipping non-clinical or blocked term: 'psychiatric'
2025-05-29 21:35:26,889 - ERROR - Attempt 1/3 failed for term 'nausea': relation "mrconso" does not exist
LINE 3:                     FROM MRCONSO c
                                 ^

2025-05-29 21:35:26,890 - ERROR - Attempt 2/3 failed for term 'nausea': current transaction is aborted, commands ignored until end of transaction block

2025-05-29 21:35:26,891 - ERROR - Attempt 3/3 failed for term 'nausea': current transaction is aborted, commands ignored until end of transaction block

2025-05-29 21:35:26,891 - ERROR - Max retries reached for term 'nausea'
2025-05-29 21:35:26,892 - WARNING - Skipping non-clinical or blocked term: 'symptoms'
2025-05-29 21:35:26,892 - WARNING - Skipping non-clinical or blocked term: 'hematologic'
2025-05-29 21:35:26,911 - ERROR - Attempt 1/3 failed for term 'bleeding': relation "mrconso" does not exist
LINE 3:                     FROM MRCONSO c
                                 ^

2025-05-29 21:35:26,912 - ERROR - Attempt 2/3 failed for term 'bleeding': current transaction is aborted, commands ignored until end of transaction block

2025-05-29 21:35:26,913 - ERROR - Attempt 3/3 failed for term 'bleeding': current transaction is aborted, commands ignored until end of transaction block

2025-05-29 21:35:26,914 - ERROR - Max retries reached for term 'bleeding'
2025-05-29 21:35:26,933 - ERROR - Attempt 1/3 failed for term 'primary assessment': relation "mrconso" does not exist
LINE 3:                     FROM MRCONSO c
                                 ^

2025-05-29 21:35:26,934 - ERROR - Attempt 2/3 failed for term 'primary assessment': current transaction is aborted, commands ignored until end of transaction block

2025-05-29 21:35:26,935 - ERROR - Attempt 3/3 failed for term 'primary assessment': current transaction is aborted, commands ignored until end of transaction block

2025-05-29 21:35:26,936 - ERROR - Max retries reached for term 'primary assessment'
2025-05-29 21:35:26,944 - WARNING - Skipping non-clinical or blocked term: 'vision'
2025-05-29 21:35:26,959 - ERROR - Attempt 1/3 failed for term 'consistent with': relation "mrconso" does not exist
LINE 3:                     FROM MRCONSO c
                                 ^

2025-05-29 21:35:26,960 - ERROR - Attempt 2/3 failed for term 'consistent with': current transaction is aborted, commands ignored until end of transaction block

2025-05-29 21:35:26,960 - ERROR - Attempt 3/3 failed for term 'consistent with': current transaction is aborted, commands ignored until end of transaction block

2025-05-29 21:35:26,961 - ERROR - Max retries reached for term 'consistent with'
2025-05-29 21:35:26,977 - ERROR - Attempt 1/3 failed for term 'genitourinary': relation "mrconso" does not exist
LINE 3:                     FROM MRCONSO c
                                 ^

2025-05-29 21:35:26,977 - ERROR - Attempt 2/3 failed for term 'genitourinary': current transaction is aborted, commands ignored until end of transaction block

2025-05-29 21:35:26,978 - ERROR - Attempt 3/3 failed for term 'genitourinary': current transaction is aborted, commands ignored until end of transaction block

2025-05-29 21:35:26,979 - ERROR - Max retries reached for term 'genitourinary'
2025-05-29 21:35:26,984 - WARNING - Skipping non-clinical or blocked term: 'gastrointestinal'
2025-05-29 21:35:27,001 - ERROR - Attempt 1/3 failed for term 'diarrhea': relation "mrconso" does not exist
LINE 3:                     FROM MRCONSO c
                                 ^

2025-05-29 21:35:27,003 - ERROR - Attempt 2/3 failed for term 'diarrhea': current transaction is aborted, commands ignored until end of transaction block

2025-05-29 21:35:27,004 - ERROR - Attempt 3/3 failed for term 'diarrhea': current transaction is aborted, commands ignored until end of transaction block

2025-05-29 21:35:27,004 - ERROR - Max retries reached for term 'diarrhea'
2025-05-29 21:35:27,023 - ERROR - Attempt 1/3 failed for term 'mood changes': relation "mrconso" does not exist
LINE 3:                     FROM MRCONSO c
                                 ^

2025-05-29 21:35:27,024 - ERROR - Attempt 2/3 failed for term 'mood changes': current transaction is aborted, commands ignored until end of transaction block

2025-05-29 21:35:27,025 - ERROR - Attempt 3/3 failed for term 'mood changes': current transaction is aborted, commands ignored until end of transaction block

2025-05-29 21:35:27,026 - ERROR - Max retries reached for term 'mood changes'
2025-05-29 21:35:27,041 - ERROR - Attempt 1/3 failed for term 'lesions': relation "mrconso" does not exist
LINE 3:                     FROM MRCONSO c
                                 ^

2025-05-29 21:35:27,042 - ERROR - Attempt 2/3 failed for term 'lesions': current transaction is aborted, commands ignored until end of transaction block

2025-05-29 21:35:27,043 - ERROR - Attempt 3/3 failed for term 'lesions': current transaction is aborted, commands ignored until end of transaction block

2025-05-29 21:35:27,043 - ERROR - Max retries reached for term 'lesions'
2025-05-29 21:35:27,060 - ERROR - Attempt 1/3 failed for term 'stiffness': relation "mrconso" does not exist
LINE 3:                     FROM MRCONSO c
                                 ^

2025-05-29 21:35:27,061 - ERROR - Attempt 2/3 failed for term 'stiffness': current transaction is aborted, commands ignored until end of transaction block

2025-05-29 21:35:27,062 - ERROR - Attempt 3/3 failed for term 'stiffness': current transaction is aborted, commands ignored until end of transaction block

2025-05-29 21:35:27,063 - ERROR - Max retries reached for term 'stiffness'
2025-05-29 21:35:27,078 - ERROR - Attempt 1/3 failed for term 'urinary changes': relation "mrconso" does not exist
LINE 3:                     FROM MRCONSO c
                                 ^

2025-05-29 21:35:27,078 - ERROR - Attempt 2/3 failed for term 'urinary changes': current transaction is aborted, commands ignored until end of transaction block

2025-05-29 21:35:27,079 - ERROR - Attempt 3/3 failed for term 'urinary changes': current transaction is aborted, commands ignored until end of transaction block

2025-05-29 21:35:27,079 - ERROR - Max retries reached for term 'urinary changes'
2025-05-29 21:35:27,100 - WARNING - Failed to fetch semantic type for CUI NO_CUI_no dizziness. musculoskeletal: no joint pain or stiffness. gastrointestinal: no nausea or diarrhea. genitourinary: no urinary changes. endocrine: no weight changes or thirst. hematologic: no easy bruising or bleeding. dermatologic: no rashes or lesions. psychiatric: no mood changes. ophthalmologic: no vision changes. primary assessment: symptoms consistent with acute bacterial sinusitis: relation "mrsty" does not exist
LINE 3:                             FROM MRSTY sty
                                         ^

2025-05-29 21:37:04,488 - ERROR - Failed to initialize NLP pipeline: [E893] Could not find function 'replace_tokenizer' in function registry 'callbacks'. If you're using a custom function, make sure the code is available. If the function is provided by a third-party package, e.g. spacy-transformers, make sure the package is installed in your environment.

Available names: spacy.copy_from_base_model.v1, spacy.models_and_pipes_with_nvtx_range.v1, spacy.models_with_nvtx_range.v1
2025-05-29 21:37:05,450 - WARNING - Using fallback spacy pipeline without parser, ner, or linker
2025-05-29 21:37:06,349 - ERROR - Attempt 1/3 failed for term 'facial pain': relation "mrconso" does not exist
LINE 3:                     FROM MRCONSO c
                                 ^

2025-05-29 21:37:06,349 - ERROR - Attempt 2/3 failed for term 'facial pain': current transaction is aborted, commands ignored until end of transaction block

2025-05-29 21:37:06,350 - ERROR - Attempt 3/3 failed for term 'facial pain': current transaction is aborted, commands ignored until end of transaction block

2025-05-29 21:37:06,350 - ERROR - Max retries reached for term 'facial pain'
2025-05-29 21:37:06,364 - WARNING - Failed to fetch semantic type for CUI NO_CUI_facial pain: relation "mrsty" does not exist
LINE 3:                             FROM MRSTY sty
                                         ^

2025-05-29 21:37:06,474 - ERROR - Attempt 1/3 failed for term 'nasal congestion': relation "mrconso" does not exist
LINE 3:                     FROM MRCONSO c
                                 ^

2025-05-29 21:37:06,475 - ERROR - Attempt 2/3 failed for term 'nasal congestion': current transaction is aborted, commands ignored until end of transaction block

2025-05-29 21:37:06,476 - ERROR - Attempt 3/3 failed for term 'nasal congestion': current transaction is aborted, commands ignored until end of transaction block

2025-05-29 21:37:06,476 - ERROR - Max retries reached for term 'nasal congestion'
2025-05-29 21:37:06,489 - WARNING - Failed to fetch semantic type for CUI NO_CUI_nasal congestion: relation "mrsty" does not exist
LINE 3:                             FROM MRSTY sty
                                         ^

2025-05-29 21:37:06,577 - ERROR - Attempt 1/3 failed for term 'purulent': relation "mrconso" does not exist
LINE 3:                     FROM MRCONSO c
                                 ^

2025-05-29 21:37:06,577 - ERROR - Attempt 2/3 failed for term 'purulent': current transaction is aborted, commands ignored until end of transaction block

2025-05-29 21:37:06,578 - ERROR - Attempt 3/3 failed for term 'purulent': current transaction is aborted, commands ignored until end of transaction block

2025-05-29 21:37:06,578 - ERROR - Max retries reached for term 'purulent'
2025-05-29 21:37:06,590 - ERROR - Attempt 1/3 failed for term 'nasal discharge': relation "mrconso" does not exist
LINE 3:                     FROM MRCONSO c
                                 ^

2025-05-29 21:37:06,590 - ERROR - Attempt 2/3 failed for term 'nasal discharge': current transaction is aborted, commands ignored until end of transaction block

2025-05-29 21:37:06,591 - ERROR - Attempt 3/3 failed for term 'nasal discharge': current transaction is aborted, commands ignored until end of transaction block

2025-05-29 21:37:06,592 - ERROR - Max retries reached for term 'nasal discharge'
2025-05-29 21:37:06,606 - WARNING - Failed to fetch semantic type for CUI NO_CUI_purulent nasal discharge: relation "mrsty" does not exist
LINE 3:                             FROM MRSTY sty
                                         ^

2025-05-29 21:37:06,713 - ERROR - Attempt 1/3 failed for term 'fever': relation "mrconso" does not exist
LINE 3:                     FROM MRCONSO c
                                 ^

2025-05-29 21:37:06,714 - ERROR - Attempt 2/3 failed for term 'fever': current transaction is aborted, commands ignored until end of transaction block

2025-05-29 21:37:06,715 - ERROR - Attempt 3/3 failed for term 'fever': current transaction is aborted, commands ignored until end of transaction block

2025-05-29 21:37:06,715 - ERROR - Max retries reached for term 'fever'
2025-05-29 21:37:06,729 - WARNING - Failed to fetch semantic type for CUI NO_CUI_fever: relation "mrsty" does not exist
LINE 3:                             FROM MRSTY sty
                                         ^

2025-05-29 21:37:06,837 - WARNING - Skipping non-clinical or blocked term: 'days'
2025-05-29 21:37:06,847 - ERROR - Attempt 1/3 failed for term 'facial pain': relation "mrconso" does not exist
LINE 3:                     FROM MRCONSO c
                                 ^

2025-05-29 21:37:06,847 - ERROR - Attempt 2/3 failed for term 'facial pain': current transaction is aborted, commands ignored until end of transaction block

2025-05-29 21:37:06,849 - ERROR - Attempt 3/3 failed for term 'facial pain': current transaction is aborted, commands ignored until end of transaction block

2025-05-29 21:37:06,849 - ERROR - Max retries reached for term 'facial pain'
2025-05-29 21:37:06,863 - ERROR - Attempt 1/3 failed for term 'nasal discharge': relation "mrconso" does not exist
LINE 3:                     FROM MRCONSO c
                                 ^

2025-05-29 21:37:06,864 - ERROR - Attempt 2/3 failed for term 'nasal discharge': current transaction is aborted, commands ignored until end of transaction block

2025-05-29 21:37:06,865 - ERROR - Attempt 3/3 failed for term 'nasal discharge': current transaction is aborted, commands ignored until end of transaction block

2025-05-29 21:37:06,865 - ERROR - Max retries reached for term 'nasal discharge'
2025-05-29 21:37:06,877 - ERROR - Attempt 1/3 failed for term 'fever': relation "mrconso" does not exist
LINE 3:                     FROM MRCONSO c
                                 ^

2025-05-29 21:37:06,878 - ERROR - Attempt 2/3 failed for term 'fever': current transaction is aborted, commands ignored until end of transaction block

2025-05-29 21:37:06,879 - ERROR - Attempt 3/3 failed for term 'fever': current transaction is aborted, commands ignored until end of transaction block

2025-05-29 21:37:06,880 - ERROR - Max retries reached for term 'fever'
2025-05-29 21:37:06,899 - ERROR - Attempt 1/3 failed for term 'patient': relation "mrconso" does not exist
LINE 3:                     FROM MRCONSO c
                                 ^

2025-05-29 21:37:06,901 - ERROR - Attempt 2/3 failed for term 'patient': current transaction is aborted, commands ignored until end of transaction block

2025-05-29 21:37:06,902 - ERROR - Attempt 3/3 failed for term 'patient': current transaction is aborted, commands ignored until end of transaction block

2025-05-29 21:37:06,902 - ERROR - Max retries reached for term 'patient'
2025-05-29 21:37:06,914 - ERROR - Attempt 1/3 failed for term 'nasal congestion': relation "mrconso" does not exist
LINE 3:                     FROM MRCONSO c
                                 ^

2025-05-29 21:37:06,915 - ERROR - Attempt 2/3 failed for term 'nasal congestion': current transaction is aborted, commands ignored until end of transaction block

2025-05-29 21:37:06,916 - ERROR - Attempt 3/3 failed for term 'nasal congestion': current transaction is aborted, commands ignored until end of transaction block

2025-05-29 21:37:06,917 - ERROR - Max retries reached for term 'nasal congestion'
2025-05-29 21:37:06,934 - ERROR - Attempt 1/3 failed for term 'purulent': relation "mrconso" does not exist
LINE 3:                     FROM MRCONSO c
                                 ^

2025-05-29 21:37:06,935 - ERROR - Attempt 2/3 failed for term 'purulent': current transaction is aborted, commands ignored until end of transaction block

2025-05-29 21:37:06,936 - ERROR - Attempt 3/3 failed for term 'purulent': current transaction is aborted, commands ignored until end of transaction block

2025-05-29 21:37:06,936 - ERROR - Max retries reached for term 'purulent'
2025-05-29 21:37:06,953 - ERROR - Attempt 1/3 failed for term 'reports': relation "mrconso" does not exist
LINE 3:                     FROM MRCONSO c
                                 ^

2025-05-29 21:37:06,954 - ERROR - Attempt 2/3 failed for term 'reports': current transaction is aborted, commands ignored until end of transaction block

2025-05-29 21:37:06,954 - ERROR - Attempt 3/3 failed for term 'reports': current transaction is aborted, commands ignored until end of transaction block

2025-05-29 21:37:06,955 - ERROR - Max retries reached for term 'reports'
2025-05-29 21:37:06,970 - WARNING - Failed to fetch semantic type for CUI NO_CUI_patient presents with facial pain, nasal congestion, and fever for 10 days. reports purulent nasal discharge.: relation "mrsty" does not exist
LINE 3:                             FROM MRSTY sty
                                         ^

2025-05-29 21:37:07,068 - ERROR - Attempt 1/3 failed for term 'headache': relation "mrconso" does not exist
LINE 3:                     FROM MRCONSO c
                                 ^

2025-05-29 21:37:07,069 - ERROR - Attempt 2/3 failed for term 'headache': current transaction is aborted, commands ignored until end of transaction block

2025-05-29 21:37:07,069 - ERROR - Attempt 3/3 failed for term 'headache': current transaction is aborted, commands ignored until end of transaction block

2025-05-29 21:37:07,069 - ERROR - Max retries reached for term 'headache'
2025-05-29 21:37:07,083 - WARNING - Failed to fetch semantic type for CUI NO_CUI_headache: relation "mrsty" does not exist
LINE 3:                             FROM MRSTY sty
                                         ^

2025-05-29 21:37:07,204 - ERROR - Attempt 1/3 failed for term 'headache': relation "mrconso" does not exist
LINE 3:                     FROM MRCONSO c
                                 ^

2025-05-29 21:37:07,205 - ERROR - Attempt 2/3 failed for term 'headache': current transaction is aborted, commands ignored until end of transaction block

2025-05-29 21:37:07,205 - ERROR - Attempt 3/3 failed for term 'headache': current transaction is aborted, commands ignored until end of transaction block

2025-05-29 21:37:07,206 - ERROR - Max retries reached for term 'headache'
2025-05-29 21:37:07,219 - ERROR - Attempt 1/3 failed for term 'patient complains': relation "mrconso" does not exist
LINE 3:                     FROM MRCONSO c
                                 ^

2025-05-29 21:37:07,220 - ERROR - Attempt 2/3 failed for term 'patient complains': current transaction is aborted, commands ignored until end of transaction block

2025-05-29 21:37:07,221 - ERROR - Attempt 3/3 failed for term 'patient complains': current transaction is aborted, commands ignored until end of transaction block

2025-05-29 21:37:07,221 - ERROR - Max retries reached for term 'patient complains'
2025-05-29 21:37:07,235 - WARNING - Failed to fetch semantic type for CUI NO_CUI_patient complains of headache: relation "mrsty" does not exist
LINE 3:                             FROM MRSTY sty
                                         ^

2025-05-29 21:37:07,315 - ERROR - Attempt 1/3 failed for term 'back pain': relation "mrconso" does not exist
LINE 3:                     FROM MRCONSO c
                                 ^

2025-05-29 21:37:07,316 - ERROR - Attempt 2/3 failed for term 'back pain': current transaction is aborted, commands ignored until end of transaction block

2025-05-29 21:37:07,317 - ERROR - Attempt 3/3 failed for term 'back pain': current transaction is aborted, commands ignored until end of transaction block

2025-05-29 21:37:07,317 - ERROR - Max retries reached for term 'back pain'
2025-05-29 21:37:07,328 - WARNING - Failed to fetch semantic type for CUI NO_CUI_back pain: relation "mrsty" does not exist
LINE 3:                             FROM MRSTY sty
                                         ^

2025-05-29 21:37:07,442 - ERROR - Attempt 1/3 failed for term 'movement': relation "mrconso" does not exist
LINE 3:                     FROM MRCONSO c
                                 ^

2025-05-29 21:37:07,443 - ERROR - Attempt 2/3 failed for term 'movement': current transaction is aborted, commands ignored until end of transaction block

2025-05-29 21:37:07,443 - ERROR - Attempt 3/3 failed for term 'movement': current transaction is aborted, commands ignored until end of transaction block

2025-05-29 21:37:07,443 - ERROR - Max retries reached for term 'movement'
2025-05-29 21:37:07,457 - ERROR - Attempt 1/3 failed for term 'pain': relation "mrconso" does not exist
LINE 3:                     FROM MRCONSO c
                                 ^

2025-05-29 21:37:07,458 - ERROR - Attempt 2/3 failed for term 'pain': current transaction is aborted, commands ignored until end of transaction block

2025-05-29 21:37:07,459 - ERROR - Attempt 3/3 failed for term 'pain': current transaction is aborted, commands ignored until end of transaction block

2025-05-29 21:37:07,459 - ERROR - Max retries reached for term 'pain'
2025-05-29 21:37:07,471 - WARNING - Failed to fetch semantic type for CUI NO_CUI_pain on movement: relation "mrsty" does not exist
LINE 3:                             FROM MRSTY sty
                                         ^

2025-05-29 21:37:07,546 - ERROR - Attempt 1/3 failed for term 'obesity': relation "mrconso" does not exist
LINE 3:                     FROM MRCONSO c
                                 ^

2025-05-29 21:37:07,547 - ERROR - Attempt 2/3 failed for term 'obesity': current transaction is aborted, commands ignored until end of transaction block

2025-05-29 21:37:07,547 - ERROR - Attempt 3/3 failed for term 'obesity': current transaction is aborted, commands ignored until end of transaction block

2025-05-29 21:37:07,548 - ERROR - Max retries reached for term 'obesity'
2025-05-29 21:37:07,559 - WARNING - Failed to fetch semantic type for CUI NO_CUI_obesity: relation "mrsty" does not exist
LINE 3:                             FROM MRSTY sty
                                         ^

2025-05-29 21:37:07,670 - ERROR - Attempt 1/3 failed for term 'back pain': relation "mrconso" does not exist
LINE 3:                     FROM MRCONSO c
                                 ^

2025-05-29 21:37:07,671 - ERROR - Attempt 2/3 failed for term 'back pain': current transaction is aborted, commands ignored until end of transaction block

2025-05-29 21:37:07,671 - ERROR - Attempt 3/3 failed for term 'back pain': current transaction is aborted, commands ignored until end of transaction block

2025-05-29 21:37:07,672 - ERROR - Max retries reached for term 'back pain'
2025-05-29 21:37:07,686 - ERROR - Attempt 1/3 failed for term 'weeks': relation "mrconso" does not exist
LINE 3:                     FROM MRCONSO c
                                 ^

2025-05-29 21:37:07,687 - ERROR - Attempt 2/3 failed for term 'weeks': current transaction is aborted, commands ignored until end of transaction block

2025-05-29 21:37:07,688 - ERROR - Attempt 3/3 failed for term 'weeks': current transaction is aborted, commands ignored until end of transaction block

2025-05-29 21:37:07,688 - ERROR - Max retries reached for term 'weeks'
2025-05-29 21:37:07,705 - WARNING - Failed to fetch semantic type for CUI NO_CUI_back pain for two weeks: relation "mrsty" does not exist
LINE 3:                             FROM MRSTY sty
                                         ^

2025-05-29 21:37:07,834 - WARNING - Skipping non-clinical or blocked term: 'days'
2025-05-29 21:37:07,847 - ERROR - Attempt 1/3 failed for term 'patient complains': relation "mrconso" does not exist
LINE 3:                     FROM MRCONSO c
                                 ^

2025-05-29 21:37:07,848 - ERROR - Attempt 2/3 failed for term 'patient complains': current transaction is aborted, commands ignored until end of transaction block

2025-05-29 21:37:07,849 - ERROR - Attempt 3/3 failed for term 'patient complains': current transaction is aborted, commands ignored until end of transaction block

2025-05-29 21:37:07,849 - ERROR - Max retries reached for term 'patient complains'
2025-05-29 21:37:07,851 - WARNING - Skipping non-clinical or blocked term: 'chills'
2025-05-29 21:37:07,866 - ERROR - Attempt 1/3 failed for term 'fevers': relation "mrconso" does not exist
LINE 3:                     FROM MRCONSO c
                                 ^

2025-05-29 21:37:07,867 - ERROR - Attempt 2/3 failed for term 'fevers': current transaction is aborted, commands ignored until end of transaction block

2025-05-29 21:37:07,868 - ERROR - Attempt 3/3 failed for term 'fevers': current transaction is aborted, commands ignored until end of transaction block

2025-05-29 21:37:07,868 - ERROR - Max retries reached for term 'fevers'
2025-05-29 21:37:07,885 - ERROR - Attempt 1/3 failed for term 'headache': relation "mrconso" does not exist
LINE 3:                     FROM MRCONSO c
                                 ^

2025-05-29 21:37:07,885 - ERROR - Attempt 2/3 failed for term 'headache': current transaction is aborted, commands ignored until end of transaction block

2025-05-29 21:37:07,886 - ERROR - Attempt 3/3 failed for term 'headache': current transaction is aborted, commands ignored until end of transaction block

2025-05-29 21:37:07,886 - ERROR - Max retries reached for term 'headache'
2025-05-29 21:37:07,900 - ERROR - Attempt 1/3 failed for term 'associated with': relation "mrconso" does not exist
LINE 3:                     FROM MRCONSO c
                                 ^

2025-05-29 21:37:07,901 - ERROR - Attempt 2/3 failed for term 'associated with': current transaction is aborted, commands ignored until end of transaction block

2025-05-29 21:37:07,902 - ERROR - Attempt 3/3 failed for term 'associated with': current transaction is aborted, commands ignored until end of transaction block

2025-05-29 21:37:07,903 - ERROR - Max retries reached for term 'associated with'
2025-05-29 21:37:07,918 - WARNING - Failed to fetch semantic type for CUI NO_CUI_patient complains of headache the headache started three days ago. the headache is associated with fevers and chills: relation "mrsty" does not exist
LINE 3:                             FROM MRSTY sty
                                         ^

2025-05-29 21:37:08,076 - WARNING - Skipping non-clinical or blocked term: 'worse'
2025-05-29 21:37:08,076 - WARNING - Skipping non-clinical or blocked term: 'eyes'
2025-05-29 21:37:08,086 - ERROR - Attempt 1/3 failed for term 'licking': relation "mrconso" does not exist
LINE 3:                     FROM MRCONSO c
                                 ^

2025-05-29 21:37:08,087 - ERROR - Attempt 2/3 failed for term 'licking': current transaction is aborted, commands ignored until end of transaction block

2025-05-29 21:37:08,088 - ERROR - Attempt 3/3 failed for term 'licking': current transaction is aborted, commands ignored until end of transaction block

2025-05-29 21:37:08,088 - ERROR - Max retries reached for term 'licking'
2025-05-29 21:37:08,103 - ERROR - Attempt 1/3 failed for term 'patient': relation "mrconso" does not exist
LINE 3:                     FROM MRCONSO c
                                 ^

2025-05-29 21:37:08,104 - ERROR - Attempt 2/3 failed for term 'patient': current transaction is aborted, commands ignored until end of transaction block

2025-05-29 21:37:08,105 - ERROR - Attempt 3/3 failed for term 'patient': current transaction is aborted, commands ignored until end of transaction block

2025-05-29 21:37:08,105 - ERROR - Max retries reached for term 'patient'
2025-05-29 21:37:08,106 - WARNING - Skipping non-clinical or blocked term: 'foods'
2025-05-29 21:37:08,118 - ERROR - Attempt 1/3 failed for term 'strong': relation "mrconso" does not exist
LINE 3:                     FROM MRCONSO c
                                 ^

2025-05-29 21:37:08,118 - ERROR - Attempt 2/3 failed for term 'strong': current transaction is aborted, commands ignored until end of transaction block

2025-05-29 21:37:08,119 - ERROR - Attempt 3/3 failed for term 'strong': current transaction is aborted, commands ignored until end of transaction block

2025-05-29 21:37:08,120 - ERROR - Max retries reached for term 'strong'
2025-05-29 21:37:08,132 - ERROR - Attempt 1/3 failed for term 'fats': relation "mrconso" does not exist
LINE 3:                     FROM MRCONSO c
                                 ^

2025-05-29 21:37:08,133 - ERROR - Attempt 2/3 failed for term 'fats': current transaction is aborted, commands ignored until end of transaction block

2025-05-29 21:37:08,134 - ERROR - Attempt 3/3 failed for term 'fats': current transaction is aborted, commands ignored until end of transaction block

2025-05-29 21:37:08,134 - ERROR - Max retries reached for term 'fats'
2025-05-29 21:37:08,147 - ERROR - Attempt 1/3 failed for term 'tea': relation "mrconso" does not exist
LINE 3:                     FROM MRCONSO c
                                 ^

2025-05-29 21:37:08,147 - ERROR - Attempt 2/3 failed for term 'tea': current transaction is aborted, commands ignored until end of transaction block

2025-05-29 21:37:08,148 - ERROR - Attempt 3/3 failed for term 'tea': current transaction is aborted, commands ignored until end of transaction block

2025-05-29 21:37:08,149 - ERROR - Max retries reached for term 'tea'
2025-05-29 21:37:08,167 - ERROR - Attempt 1/3 failed for term 'vomiting': relation "mrconso" does not exist
LINE 3:                     FROM MRCONSO c
                                 ^

2025-05-29 21:37:08,167 - ERROR - Attempt 2/3 failed for term 'vomiting': current transaction is aborted, commands ignored until end of transaction block

2025-05-29 21:37:08,168 - ERROR - Attempt 3/3 failed for term 'vomiting': current transaction is aborted, commands ignored until end of transaction block

2025-05-29 21:37:08,168 - ERROR - Max retries reached for term 'vomiting'
2025-05-29 21:37:08,182 - ERROR - Attempt 1/3 failed for term 'nausea': relation "mrconso" does not exist
LINE 3:                     FROM MRCONSO c
                                 ^

2025-05-29 21:37:08,184 - ERROR - Attempt 2/3 failed for term 'nausea': current transaction is aborted, commands ignored until end of transaction block

2025-05-29 21:37:08,185 - ERROR - Attempt 3/3 failed for term 'nausea': current transaction is aborted, commands ignored until end of transaction block

2025-05-29 21:37:08,185 - ERROR - Max retries reached for term 'nausea'
2025-05-29 21:37:08,202 - ERROR - Attempt 1/3 failed for term 'jaundice': relation "mrconso" does not exist
LINE 3:                     FROM MRCONSO c
                                 ^

2025-05-29 21:37:08,203 - ERROR - Attempt 2/3 failed for term 'jaundice': current transaction is aborted, commands ignored until end of transaction block

2025-05-29 21:37:08,204 - ERROR - Attempt 3/3 failed for term 'jaundice': current transaction is aborted, commands ignored until end of transaction block

2025-05-29 21:37:08,204 - ERROR - Max retries reached for term 'jaundice'
2025-05-29 21:37:08,220 - ERROR - Attempt 1/3 failed for term 'loss of appetite': relation "mrconso" does not exist
LINE 3:                     FROM MRCONSO c
                                 ^

2025-05-29 21:37:08,221 - ERROR - Attempt 2/3 failed for term 'loss of appetite': current transaction is aborted, commands ignored until end of transaction block

2025-05-29 21:37:08,222 - ERROR - Attempt 3/3 failed for term 'loss of appetite': current transaction is aborted, commands ignored until end of transaction block

2025-05-29 21:37:08,222 - ERROR - Max retries reached for term 'loss of appetite'
2025-05-29 21:37:08,242 - WARNING - Failed to fetch semantic type for CUI NO_CUI_nausea and vomiting and loss of appetite the patient has jaundice in the eyes taking foods with fats makes the nausea worse taking strong tea and licking salt alleviates the nausea: relation "mrsty" does not exist
LINE 3:                             FROM MRSTY sty
                                         ^

2025-05-29 21:37:08,379 - ERROR - Attempt 1/3 failed for term 'facial pain': relation "mrconso" does not exist
LINE 3:                     FROM MRCONSO c
                                 ^

2025-05-29 21:37:08,381 - ERROR - Attempt 2/3 failed for term 'facial pain': current transaction is aborted, commands ignored until end of transaction block

2025-05-29 21:37:08,382 - ERROR - Attempt 3/3 failed for term 'facial pain': current transaction is aborted, commands ignored until end of transaction block

2025-05-29 21:37:08,382 - ERROR - Max retries reached for term 'facial pain'
2025-05-29 21:37:08,400 - ERROR - Attempt 1/3 failed for term 'patient': relation "mrconso" does not exist
LINE 3:                     FROM MRCONSO c
                                 ^

2025-05-29 21:37:08,405 - ERROR - Attempt 2/3 failed for term 'patient': current transaction is aborted, commands ignored until end of transaction block

2025-05-29 21:37:08,407 - ERROR - Attempt 3/3 failed for term 'patient': current transaction is aborted, commands ignored until end of transaction block

2025-05-29 21:37:08,407 - ERROR - Max retries reached for term 'patient'
2025-05-29 21:37:08,435 - WARNING - Failed to fetch semantic type for CUI NO_CUI_patient presents with facial pain: relation "mrsty" does not exist
LINE 3:                             FROM MRSTY sty
                                         ^

2025-05-29 21:37:08,642 - ERROR - Attempt 1/3 failed for term 'back pain': relation "mrconso" does not exist
LINE 3:                     FROM MRCONSO c
                                 ^

2025-05-29 21:37:08,643 - ERROR - Attempt 2/3 failed for term 'back pain': current transaction is aborted, commands ignored until end of transaction block

2025-05-29 21:37:08,644 - ERROR - Attempt 3/3 failed for term 'back pain': current transaction is aborted, commands ignored until end of transaction block

2025-05-29 21:37:08,644 - ERROR - Max retries reached for term 'back pain'
2025-05-29 21:37:08,658 - ERROR - Attempt 1/3 failed for term 'weeks': relation "mrconso" does not exist
LINE 3:                     FROM MRCONSO c
                                 ^

2025-05-29 21:37:08,659 - ERROR - Attempt 2/3 failed for term 'weeks': current transaction is aborted, commands ignored until end of transaction block

2025-05-29 21:37:08,660 - ERROR - Attempt 3/3 failed for term 'weeks': current transaction is aborted, commands ignored until end of transaction block

2025-05-29 21:37:08,660 - ERROR - Max retries reached for term 'weeks'
2025-05-29 21:37:08,671 - ERROR - Attempt 1/3 failed for term 'assessment': relation "mrconso" does not exist
LINE 3:                     FROM MRCONSO c
                                 ^

2025-05-29 21:37:08,672 - ERROR - Attempt 2/3 failed for term 'assessment': current transaction is aborted, commands ignored until end of transaction block

2025-05-29 21:37:08,673 - ERROR - Attempt 3/3 failed for term 'assessment': current transaction is aborted, commands ignored until end of transaction block

2025-05-29 21:37:08,673 - ERROR - Max retries reached for term 'assessment'
2025-05-29 21:37:08,688 - ERROR - Attempt 1/3 failed for term 'patient reports': relation "mrconso" does not exist
LINE 3:                     FROM MRCONSO c
                                 ^

2025-05-29 21:37:08,688 - ERROR - Attempt 2/3 failed for term 'patient reports': current transaction is aborted, commands ignored until end of transaction block

2025-05-29 21:37:08,689 - ERROR - Attempt 3/3 failed for term 'patient reports': current transaction is aborted, commands ignored until end of transaction block

2025-05-29 21:37:08,689 - ERROR - Max retries reached for term 'patient reports'
2025-05-29 21:37:08,703 - WARNING - Failed to fetch semantic type for CUI NO_CUI_back pain for two weeks the patient reports backpain for three weeks on assessment: relation "mrsty" does not exist
LINE 3:                             FROM MRSTY sty
                                         ^

2025-05-29 21:37:08,825 - ERROR - Attempt 1/3 failed for term 'standing': relation "mrconso" does not exist
LINE 3:                     FROM MRCONSO c
                                 ^

2025-05-29 21:37:08,826 - ERROR - Attempt 2/3 failed for term 'standing': current transaction is aborted, commands ignored until end of transaction block

2025-05-29 21:37:08,827 - ERROR - Attempt 3/3 failed for term 'standing': current transaction is aborted, commands ignored until end of transaction block

2025-05-29 21:37:08,828 - ERROR - Max retries reached for term 'standing'
2025-05-29 21:37:08,846 - ERROR - Attempt 1/3 failed for term 'stretching': relation "mrconso" does not exist
LINE 3:                     FROM MRCONSO c
                                 ^

2025-05-29 21:37:08,848 - ERROR - Attempt 2/3 failed for term 'stretching': current transaction is aborted, commands ignored until end of transaction block

2025-05-29 21:37:08,849 - ERROR - Attempt 3/3 failed for term 'stretching': current transaction is aborted, commands ignored until end of transaction block

2025-05-29 21:37:08,850 - ERROR - Max retries reached for term 'stretching'
2025-05-29 21:37:08,863 - ERROR - Attempt 1/3 failed for term 'patient': relation "mrconso" does not exist
LINE 3:                     FROM MRCONSO c
                                 ^

2025-05-29 21:37:08,864 - ERROR - Attempt 2/3 failed for term 'patient': current transaction is aborted, commands ignored until end of transaction block

2025-05-29 21:37:08,864 - ERROR - Attempt 3/3 failed for term 'patient': current transaction is aborted, commands ignored until end of transaction block

2025-05-29 21:37:08,865 - ERROR - Max retries reached for term 'patient'
2025-05-29 21:37:08,879 - ERROR - Attempt 1/3 failed for term 'pain': relation "mrconso" does not exist
LINE 3:                     FROM MRCONSO c
                                 ^

2025-05-29 21:37:08,880 - ERROR - Attempt 2/3 failed for term 'pain': current transaction is aborted, commands ignored until end of transaction block

2025-05-29 21:37:08,880 - ERROR - Attempt 3/3 failed for term 'pain': current transaction is aborted, commands ignored until end of transaction block

2025-05-29 21:37:08,881 - ERROR - Max retries reached for term 'pain'
2025-05-29 21:37:08,895 - ERROR - Attempt 1/3 failed for term 'obese': relation "mrconso" does not exist
LINE 3:                     FROM MRCONSO c
                                 ^

2025-05-29 21:37:08,896 - ERROR - Attempt 2/3 failed for term 'obese': current transaction is aborted, commands ignored until end of transaction block

2025-05-29 21:37:08,897 - ERROR - Attempt 3/3 failed for term 'obese': current transaction is aborted, commands ignored until end of transaction block

2025-05-29 21:37:08,897 - ERROR - Max retries reached for term 'obese'
2025-05-29 21:37:08,912 - ERROR - Attempt 1/3 failed for term 'sitting': relation "mrconso" does not exist
LINE 3:                     FROM MRCONSO c
                                 ^

2025-05-29 21:37:08,912 - ERROR - Attempt 2/3 failed for term 'sitting': current transaction is aborted, commands ignored until end of transaction block

2025-05-29 21:37:08,914 - ERROR - Attempt 3/3 failed for term 'sitting': current transaction is aborted, commands ignored until end of transaction block

2025-05-29 21:37:08,914 - ERROR - Max retries reached for term 'sitting'
2025-05-29 21:37:08,927 - ERROR - Attempt 1/3 failed for term 'backpain': relation "mrconso" does not exist
LINE 3:                     FROM MRCONSO c
                                 ^

2025-05-29 21:37:08,928 - ERROR - Attempt 2/3 failed for term 'backpain': current transaction is aborted, commands ignored until end of transaction block

2025-05-29 21:37:08,929 - ERROR - Attempt 3/3 failed for term 'backpain': current transaction is aborted, commands ignored until end of transaction block

2025-05-29 21:37:08,929 - ERROR - Max retries reached for term 'backpain'
2025-05-29 21:37:08,941 - WARNING - Failed to fetch semantic type for CUI NO_CUI_the patient is obese the backpain is made worse by sitting down for long the pain is alleviated by standing and stretching: relation "mrsty" does not exist
LINE 3:                             FROM MRSTY sty
                                         ^

2025-05-29 21:37:09,088 - WARNING - Skipping non-clinical or blocked term: 'days'
2025-05-29 21:37:09,098 - ERROR - Attempt 1/3 failed for term 'facial pain': relation "mrconso" does not exist
LINE 3:                     FROM MRCONSO c
                                 ^

2025-05-29 21:37:09,099 - ERROR - Attempt 2/3 failed for term 'facial pain': current transaction is aborted, commands ignored until end of transaction block

2025-05-29 21:37:09,100 - ERROR - Attempt 3/3 failed for term 'facial pain': current transaction is aborted, commands ignored until end of transaction block

2025-05-29 21:37:09,100 - ERROR - Max retries reached for term 'facial pain'
2025-05-29 21:37:09,116 - ERROR - Attempt 1/3 failed for term 'nasal discharge': relation "mrconso" does not exist
LINE 3:                     FROM MRCONSO c
                                 ^

2025-05-29 21:37:09,117 - ERROR - Attempt 2/3 failed for term 'nasal discharge': current transaction is aborted, commands ignored until end of transaction block

2025-05-29 21:37:09,118 - ERROR - Attempt 3/3 failed for term 'nasal discharge': current transaction is aborted, commands ignored until end of transaction block

2025-05-29 21:37:09,118 - ERROR - Max retries reached for term 'nasal discharge'
2025-05-29 21:37:09,129 - ERROR - Attempt 1/3 failed for term 'fever': relation "mrconso" does not exist
LINE 3:                     FROM MRCONSO c
                                 ^

2025-05-29 21:37:09,130 - ERROR - Attempt 2/3 failed for term 'fever': current transaction is aborted, commands ignored until end of transaction block

2025-05-29 21:37:09,131 - ERROR - Attempt 3/3 failed for term 'fever': current transaction is aborted, commands ignored until end of transaction block

2025-05-29 21:37:09,131 - ERROR - Max retries reached for term 'fever'
2025-05-29 21:37:09,144 - ERROR - Attempt 1/3 failed for term 'maxillary sinuses': relation "mrconso" does not exist
LINE 3:                     FROM MRCONSO c
                                 ^

2025-05-29 21:37:09,145 - ERROR - Attempt 2/3 failed for term 'maxillary sinuses': current transaction is aborted, commands ignored until end of transaction block

2025-05-29 21:37:09,145 - ERROR - Attempt 3/3 failed for term 'maxillary sinuses': current transaction is aborted, commands ignored until end of transaction block

2025-05-29 21:37:09,146 - ERROR - Max retries reached for term 'maxillary sinuses'
2025-05-29 21:37:09,158 - ERROR - Attempt 1/3 failed for term 'purulent': relation "mrconso" does not exist
LINE 3:                     FROM MRCONSO c
                                 ^

2025-05-29 21:37:09,159 - ERROR - Attempt 2/3 failed for term 'purulent': current transaction is aborted, commands ignored until end of transaction block

2025-05-29 21:37:09,160 - ERROR - Attempt 3/3 failed for term 'purulent': current transaction is aborted, commands ignored until end of transaction block

2025-05-29 21:37:09,160 - ERROR - Max retries reached for term 'purulent'
2025-05-29 21:37:09,172 - ERROR - Attempt 1/3 failed for term 'reports': relation "mrconso" does not exist
LINE 3:                     FROM MRCONSO c
                                 ^

2025-05-29 21:37:09,173 - ERROR - Attempt 2/3 failed for term 'reports': current transaction is aborted, commands ignored until end of transaction block

2025-05-29 21:37:09,174 - ERROR - Attempt 3/3 failed for term 'reports': current transaction is aborted, commands ignored until end of transaction block

2025-05-29 21:37:09,174 - ERROR - Max retries reached for term 'reports'
2025-05-29 21:37:09,188 - WARNING - Failed to fetch semantic type for CUI NO_CUI_and fever for 10 days. reports purulent nasal discharge. facial pain over maxillary sinuses: relation "mrsty" does not exist
LINE 3:                             FROM MRSTY sty
                                         ^

2025-05-29 21:37:09,370 - ERROR - Attempt 1/3 failed for term 'sinusitis': relation "mrconso" does not exist
LINE 3:                     FROM MRCONSO c
                                 ^

2025-05-29 21:37:09,370 - ERROR - Attempt 2/3 failed for term 'sinusitis': current transaction is aborted, commands ignored until end of transaction block

2025-05-29 21:37:09,371 - ERROR - Attempt 3/3 failed for term 'sinusitis': current transaction is aborted, commands ignored until end of transaction block

2025-05-29 21:37:09,371 - ERROR - Max retries reached for term 'sinusitis'
2025-05-29 21:37:09,384 - ERROR - Attempt 1/3 failed for term 'pulmonary': relation "mrconso" does not exist
LINE 3:                     FROM MRCONSO c
                                 ^

2025-05-29 21:37:09,385 - ERROR - Attempt 2/3 failed for term 'pulmonary': current transaction is aborted, commands ignored until end of transaction block

2025-05-29 21:37:09,386 - ERROR - Attempt 3/3 failed for term 'pulmonary': current transaction is aborted, commands ignored until end of transaction block

2025-05-29 21:37:09,386 - ERROR - Max retries reached for term 'pulmonary'
2025-05-29 21:37:09,401 - ERROR - Attempt 1/3 failed for term 'stable': relation "mrconso" does not exist
LINE 3:                     FROM MRCONSO c
                                 ^

2025-05-29 21:37:09,403 - ERROR - Attempt 2/3 failed for term 'stable': current transaction is aborted, commands ignored until end of transaction block

2025-05-29 21:37:09,404 - ERROR - Attempt 3/3 failed for term 'stable': current transaction is aborted, commands ignored until end of transaction block

2025-05-29 21:37:09,404 - ERROR - Max retries reached for term 'stable'
2025-05-29 21:37:09,423 - ERROR - Attempt 1/3 failed for term 'diabetes': relation "mrconso" does not exist
LINE 3:                     FROM MRCONSO c
                                 ^

2025-05-29 21:37:09,423 - ERROR - Attempt 2/3 failed for term 'diabetes': current transaction is aborted, commands ignored until end of transaction block

2025-05-29 21:37:09,424 - ERROR - Attempt 3/3 failed for term 'diabetes': current transaction is aborted, commands ignored until end of transaction block

2025-05-29 21:37:09,424 - ERROR - Max retries reached for term 'diabetes'
2025-05-29 21:37:09,438 - ERROR - Attempt 1/3 failed for term 'hypertension': relation "mrconso" does not exist
LINE 3:                     FROM MRCONSO c
                                 ^

2025-05-29 21:37:09,439 - ERROR - Attempt 2/3 failed for term 'hypertension': current transaction is aborted, commands ignored until end of transaction block

2025-05-29 21:37:09,439 - ERROR - Attempt 3/3 failed for term 'hypertension': current transaction is aborted, commands ignored until end of transaction block

2025-05-29 21:37:09,440 - ERROR - Max retries reached for term 'hypertension'
2025-05-29 21:37:09,452 - ERROR - Attempt 1/3 failed for term 'viral sinusitis': relation "mrconso" does not exist
LINE 3:                     FROM MRCONSO c
                                 ^

2025-05-29 21:37:09,453 - ERROR - Attempt 2/3 failed for term 'viral sinusitis': current transaction is aborted, commands ignored until end of transaction block

2025-05-29 21:37:09,454 - ERROR - Attempt 3/3 failed for term 'viral sinusitis': current transaction is aborted, commands ignored until end of transaction block

2025-05-29 21:37:09,454 - ERROR - Max retries reached for term 'viral sinusitis'
2025-05-29 21:37:09,468 - ERROR - Attempt 1/3 failed for term 'acute abnormalities': relation "mrconso" does not exist
LINE 3:                     FROM MRCONSO c
                                 ^

2025-05-29 21:37:09,469 - ERROR - Attempt 2/3 failed for term 'acute abnormalities': current transaction is aborted, commands ignored until end of transaction block

2025-05-29 21:37:09,470 - ERROR - Attempt 3/3 failed for term 'acute abnormalities': current transaction is aborted, commands ignored until end of transaction block

2025-05-29 21:37:09,471 - ERROR - Max retries reached for term 'acute abnormalities'
2025-05-29 21:37:09,483 - ERROR - Attempt 1/3 failed for term 'cardiovascular': relation "mrconso" does not exist
LINE 3:                     FROM MRCONSO c
                                 ^

2025-05-29 21:37:09,484 - ERROR - Attempt 2/3 failed for term 'cardiovascular': current transaction is aborted, commands ignored until end of transaction block

2025-05-29 21:37:09,485 - ERROR - Attempt 3/3 failed for term 'cardiovascular': current transaction is aborted, commands ignored until end of transaction block

2025-05-29 21:37:09,485 - ERROR - Max retries reached for term 'cardiovascular'
2025-05-29 21:37:09,498 - ERROR - Attempt 1/3 failed for term 'headache': relation "mrconso" does not exist
LINE 3:                     FROM MRCONSO c
                                 ^

2025-05-29 21:37:09,498 - ERROR - Attempt 2/3 failed for term 'headache': current transaction is aborted, commands ignored until end of transaction block

2025-05-29 21:37:09,499 - ERROR - Attempt 3/3 failed for term 'headache': current transaction is aborted, commands ignored until end of transaction block

2025-05-29 21:37:09,500 - ERROR - Max retries reached for term 'headache'
2025-05-29 21:37:09,511 - ERROR - Attempt 1/3 failed for term 'endocrine': relation "mrconso" does not exist
LINE 3:                     FROM MRCONSO c
                                 ^

2025-05-29 21:37:09,512 - ERROR - Attempt 2/3 failed for term 'endocrine': current transaction is aborted, commands ignored until end of transaction block

2025-05-29 21:37:09,512 - ERROR - Attempt 3/3 failed for term 'endocrine': current transaction is aborted, commands ignored until end of transaction block

2025-05-29 21:37:09,512 - ERROR - Max retries reached for term 'endocrine'
2025-05-29 21:37:09,527 - ERROR - Attempt 1/3 failed for term 'secondary to': relation "mrconso" does not exist
LINE 3:                     FROM MRCONSO c
                                 ^

2025-05-29 21:37:09,528 - ERROR - Attempt 2/3 failed for term 'secondary to': current transaction is aborted, commands ignored until end of transaction block

2025-05-29 21:37:09,529 - ERROR - Attempt 3/3 failed for term 'secondary to': current transaction is aborted, commands ignored until end of transaction block

2025-05-29 21:37:09,529 - ERROR - Max retries reached for term 'secondary to'
2025-05-29 21:37:09,545 - ERROR - Attempt 1/3 failed for term 'neurological': relation "mrconso" does not exist
LINE 3:                     FROM MRCONSO c
                                 ^

2025-05-29 21:37:09,546 - ERROR - Attempt 2/3 failed for term 'neurological': current transaction is aborted, commands ignored until end of transaction block

2025-05-29 21:37:09,547 - ERROR - Attempt 3/3 failed for term 'neurological': current transaction is aborted, commands ignored until end of transaction block

2025-05-29 21:37:09,547 - ERROR - Max retries reached for term 'neurological'
2025-05-29 21:37:09,564 - ERROR - Attempt 1/3 failed for term 'viral upper': relation "mrconso" does not exist
LINE 3:                     FROM MRCONSO c
                                 ^

2025-05-29 21:37:09,565 - ERROR - Attempt 2/3 failed for term 'viral upper': current transaction is aborted, commands ignored until end of transaction block

2025-05-29 21:37:09,566 - ERROR - Attempt 3/3 failed for term 'viral upper': current transaction is aborted, commands ignored until end of transaction block

2025-05-29 21:37:09,567 - ERROR - Max retries reached for term 'viral upper'
2025-05-29 21:37:09,583 - ERROR - Attempt 1/3 failed for term 'allergic rhinitis': relation "mrconso" does not exist
LINE 3:                     FROM MRCONSO c
                                 ^

2025-05-29 21:37:09,583 - ERROR - Attempt 2/3 failed for term 'allergic rhinitis': current transaction is aborted, commands ignored until end of transaction block

2025-05-29 21:37:09,584 - ERROR - Attempt 3/3 failed for term 'allergic rhinitis': current transaction is aborted, commands ignored until end of transaction block

2025-05-29 21:37:09,585 - ERROR - Max retries reached for term 'allergic rhinitis'
2025-05-29 21:37:09,597 - ERROR - Attempt 1/3 failed for term 'differential': relation "mrconso" does not exist
LINE 3:                     FROM MRCONSO c
                                 ^

2025-05-29 21:37:09,598 - ERROR - Attempt 2/3 failed for term 'differential': current transaction is aborted, commands ignored until end of transaction block

2025-05-29 21:37:09,599 - ERROR - Attempt 3/3 failed for term 'differential': current transaction is aborted, commands ignored until end of transaction block

2025-05-29 21:37:09,599 - ERROR - Max retries reached for term 'differential'
2025-05-29 21:37:09,615 - ERROR - Attempt 1/3 failed for term 'respiratory infection': relation "mrconso" does not exist
LINE 3:                     FROM MRCONSO c
                                 ^

2025-05-29 21:37:09,616 - ERROR - Attempt 2/3 failed for term 'respiratory infection': current transaction is aborted, commands ignored until end of transaction block

2025-05-29 21:37:09,616 - ERROR - Attempt 3/3 failed for term 'respiratory infection': current transaction is aborted, commands ignored until end of transaction block

2025-05-29 21:37:09,617 - ERROR - Max retries reached for term 'respiratory infection'
2025-05-29 21:37:09,630 - WARNING - Failed to fetch semantic type for CUI NO_CUI_likely secondary to recent viral upper respiratory infection. differential includes viral sinusitis or allergic rhinitis. other systems: neurological: headache likely related to sinusitis. endocrine: stable diabetes. cardiovascular: stable hypertension. no acute abnormalities in pulmonary: relation "mrsty" does not exist
LINE 3:                             FROM MRSTY sty
                                         ^

2025-05-29 21:37:09,710 - ERROR - Attempt 1/3 failed for term 'radiating': relation "mrconso" does not exist
LINE 3:                     FROM MRCONSO c
                                 ^

2025-05-29 21:37:09,711 - ERROR - Attempt 2/3 failed for term 'radiating': current transaction is aborted, commands ignored until end of transaction block

2025-05-29 21:37:09,711 - ERROR - Attempt 3/3 failed for term 'radiating': current transaction is aborted, commands ignored until end of transaction block

2025-05-29 21:37:09,711 - ERROR - Max retries reached for term 'radiating'
2025-05-29 21:37:09,724 - ERROR - Attempt 1/3 failed for term 'pain': relation "mrconso" does not exist
LINE 3:                     FROM MRCONSO c
                                 ^

2025-05-29 21:37:09,725 - ERROR - Attempt 2/3 failed for term 'pain': current transaction is aborted, commands ignored until end of transaction block

2025-05-29 21:37:09,726 - ERROR - Attempt 3/3 failed for term 'pain': current transaction is aborted, commands ignored until end of transaction block

2025-05-29 21:37:09,726 - ERROR - Max retries reached for term 'pain'
2025-05-29 21:37:09,739 - WARNING - Failed to fetch semantic type for CUI NO_CUI_radiating pain: relation "mrsty" does not exist
LINE 3:                             FROM MRSTY sty
                                         ^

2025-05-29 21:37:09,841 - ERROR - Attempt 1/3 failed for term 'bilateral': relation "mrconso" does not exist
LINE 3:                     FROM MRCONSO c
                                 ^

2025-05-29 21:37:09,841 - ERROR - Attempt 2/3 failed for term 'bilateral': current transaction is aborted, commands ignored until end of transaction block

2025-05-29 21:37:09,842 - ERROR - Attempt 3/3 failed for term 'bilateral': current transaction is aborted, commands ignored until end of transaction block

2025-05-29 21:37:09,842 - ERROR - Max retries reached for term 'bilateral'
2025-05-29 21:37:09,856 - ERROR - Attempt 1/3 failed for term 'nasal congestion': relation "mrconso" does not exist
LINE 3:                     FROM MRCONSO c
                                 ^

2025-05-29 21:37:09,857 - ERROR - Attempt 2/3 failed for term 'nasal congestion': current transaction is aborted, commands ignored until end of transaction block

2025-05-29 21:37:09,858 - ERROR - Attempt 3/3 failed for term 'nasal congestion': current transaction is aborted, commands ignored until end of transaction block

2025-05-29 21:37:09,859 - ERROR - Max retries reached for term 'nasal congestion'
2025-05-29 21:37:09,872 - WARNING - Failed to fetch semantic type for CUI NO_CUI_bilateral nasal congestion: relation "mrsty" does not exist
LINE 3:                             FROM MRSTY sty
                                         ^

2025-05-29 21:37:10,084 - WARNING - Skipping non-clinical or blocked term: 'days'
2025-05-29 21:37:10,095 - ERROR - Attempt 1/3 failed for term 'shortness of breath': relation "mrconso" does not exist
LINE 3:                     FROM MRCONSO c
                                 ^

2025-05-29 21:37:10,096 - ERROR - Attempt 2/3 failed for term 'shortness of breath': current transaction is aborted, commands ignored until end of transaction block

2025-05-29 21:37:10,097 - ERROR - Attempt 3/3 failed for term 'shortness of breath': current transaction is aborted, commands ignored until end of transaction block

2025-05-29 21:37:10,097 - ERROR - Max retries reached for term 'shortness of breath'
2025-05-29 21:37:10,116 - ERROR - Attempt 1/3 failed for term 'no cough': relation "mrconso" does not exist
LINE 3:                     FROM MRCONSO c
                                 ^

2025-05-29 21:37:10,117 - ERROR - Attempt 2/3 failed for term 'no cough': current transaction is aborted, commands ignored until end of transaction block

2025-05-29 21:37:10,118 - ERROR - Attempt 3/3 failed for term 'no cough': current transaction is aborted, commands ignored until end of transaction block

2025-05-29 21:37:10,118 - ERROR - Max retries reached for term 'no cough'
2025-05-29 21:37:10,131 - ERROR - Attempt 1/3 failed for term 'pulmonary': relation "mrconso" does not exist
LINE 3:                     FROM MRCONSO c
                                 ^

2025-05-29 21:37:10,132 - ERROR - Attempt 2/3 failed for term 'pulmonary': current transaction is aborted, commands ignored until end of transaction block

2025-05-29 21:37:10,133 - ERROR - Attempt 3/3 failed for term 'pulmonary': current transaction is aborted, commands ignored until end of transaction block

2025-05-29 21:37:10,133 - ERROR - Max retries reached for term 'pulmonary'
2025-05-29 21:37:10,145 - ERROR - Attempt 1/3 failed for term 'mild headache': relation "mrconso" does not exist
LINE 3:                     FROM MRCONSO c
                                 ^

2025-05-29 21:37:10,146 - ERROR - Attempt 2/3 failed for term 'mild headache': current transaction is aborted, commands ignored until end of transaction block

2025-05-29 21:37:10,147 - ERROR - Attempt 3/3 failed for term 'mild headache': current transaction is aborted, commands ignored until end of transaction block

2025-05-29 21:37:10,148 - ERROR - Max retries reached for term 'mild headache'
2025-05-29 21:37:10,159 - ERROR - Attempt 1/3 failed for term 'nasal discharge': relation "mrconso" does not exist
LINE 3:                     FROM MRCONSO c
                                 ^

2025-05-29 21:37:10,160 - ERROR - Attempt 2/3 failed for term 'nasal discharge': current transaction is aborted, commands ignored until end of transaction block

2025-05-29 21:37:10,161 - ERROR - Attempt 3/3 failed for term 'nasal discharge': current transaction is aborted, commands ignored until end of transaction block

2025-05-29 21:37:10,162 - ERROR - Max retries reached for term 'nasal discharge'
2025-05-29 21:37:10,174 - ERROR - Attempt 1/3 failed for term 'sinus pain': relation "mrconso" does not exist
LINE 3:                     FROM MRCONSO c
                                 ^

2025-05-29 21:37:10,175 - ERROR - Attempt 2/3 failed for term 'sinus pain': current transaction is aborted, commands ignored until end of transaction block

2025-05-29 21:37:10,177 - ERROR - Attempt 3/3 failed for term 'sinus pain': current transaction is aborted, commands ignored until end of transaction block

2025-05-29 21:37:10,177 - ERROR - Max retries reached for term 'sinus pain'
2025-05-29 21:37:10,189 - ERROR - Attempt 1/3 failed for term 'cardiovascular': relation "mrconso" does not exist
LINE 3:                     FROM MRCONSO c
                                 ^

2025-05-29 21:37:10,190 - ERROR - Attempt 2/3 failed for term 'cardiovascular': current transaction is aborted, commands ignored until end of transaction block

2025-05-29 21:37:10,190 - ERROR - Attempt 3/3 failed for term 'cardiovascular': current transaction is aborted, commands ignored until end of transaction block

2025-05-29 21:37:10,191 - ERROR - Max retries reached for term 'cardiovascular'
2025-05-29 21:37:10,205 - ERROR - Attempt 1/3 failed for term 'palpitations': relation "mrconso" does not exist
LINE 3:                     FROM MRCONSO c
                                 ^

2025-05-29 21:37:10,205 - ERROR - Attempt 2/3 failed for term 'palpitations': current transaction is aborted, commands ignored until end of transaction block

2025-05-29 21:37:10,206 - ERROR - Attempt 3/3 failed for term 'palpitations': current transaction is aborted, commands ignored until end of transaction block

2025-05-29 21:37:10,206 - ERROR - Max retries reached for term 'palpitations'
2025-05-29 21:37:10,221 - ERROR - Attempt 1/3 failed for term 'hearing loss': relation "mrconso" does not exist
LINE 3:                     FROM MRCONSO c
                                 ^

2025-05-29 21:37:10,221 - ERROR - Attempt 2/3 failed for term 'hearing loss': current transaction is aborted, commands ignored until end of transaction block

2025-05-29 21:37:10,222 - ERROR - Attempt 3/3 failed for term 'hearing loss': current transaction is aborted, commands ignored until end of transaction block

2025-05-29 21:37:10,222 - ERROR - Max retries reached for term 'hearing loss'
2025-05-29 21:37:10,235 - ERROR - Attempt 1/3 failed for term 'low-grade': relation "mrconso" does not exist
LINE 3:                     FROM MRCONSO c
                                 ^

2025-05-29 21:37:10,236 - ERROR - Attempt 2/3 failed for term 'low-grade': current transaction is aborted, commands ignored until end of transaction block

2025-05-29 21:37:10,237 - ERROR - Attempt 3/3 failed for term 'low-grade': current transaction is aborted, commands ignored until end of transaction block

2025-05-29 21:37:10,237 - ERROR - Max retries reached for term 'low-grade'
2025-05-29 21:37:10,253 - ERROR - Attempt 1/3 failed for term 'chest pain': relation "mrconso" does not exist
LINE 3:                     FROM MRCONSO c
                                 ^

2025-05-29 21:37:10,254 - ERROR - Attempt 2/3 failed for term 'chest pain': current transaction is aborted, commands ignored until end of transaction block

2025-05-29 21:37:10,254 - ERROR - Attempt 3/3 failed for term 'chest pain': current transaction is aborted, commands ignored until end of transaction block

2025-05-29 21:37:10,255 - ERROR - Max retries reached for term 'chest pain'
2025-05-29 21:37:10,274 - ERROR - Attempt 1/3 failed for term 'purulent': relation "mrconso" does not exist
LINE 3:                     FROM MRCONSO c
                                 ^

2025-05-29 21:37:10,275 - ERROR - Attempt 2/3 failed for term 'purulent': current transaction is aborted, commands ignored until end of transaction block

2025-05-29 21:37:10,277 - ERROR - Attempt 3/3 failed for term 'purulent': current transaction is aborted, commands ignored until end of transaction block

2025-05-29 21:37:10,278 - ERROR - Max retries reached for term 'purulent'
2025-05-29 21:37:10,300 - ERROR - Attempt 1/3 failed for term 'neurological': relation "mrconso" does not exist
LINE 3:                     FROM MRCONSO c
                                 ^

2025-05-29 21:37:10,302 - ERROR - Attempt 2/3 failed for term 'neurological': current transaction is aborted, commands ignored until end of transaction block

2025-05-29 21:37:10,303 - ERROR - Attempt 3/3 failed for term 'neurological': current transaction is aborted, commands ignored until end of transaction block

2025-05-29 21:37:10,303 - ERROR - Max retries reached for term 'neurological'
2025-05-29 21:37:10,328 - ERROR - Attempt 1/3 failed for term 'associated with': relation "mrconso" does not exist
LINE 3:                     FROM MRCONSO c
                                 ^

2025-05-29 21:37:10,330 - ERROR - Attempt 2/3 failed for term 'associated with': current transaction is aborted, commands ignored until end of transaction block

2025-05-29 21:37:10,331 - ERROR - Attempt 3/3 failed for term 'associated with': current transaction is aborted, commands ignored until end of transaction block

2025-05-29 21:37:10,331 - ERROR - Max retries reached for term 'associated with'
2025-05-29 21:37:10,350 - WARNING - Failed to fetch semantic type for CUI NO_CUI_and purulent nasal discharge for 10 days. low-grade fever (up to 100.5°f). no sore throat or hearing loss. pulmonary: no cough or shortness of breath. cardiovascular: no chest pain or palpitations. neurological: mild headache associated with sinus pain: relation "mrsty" does not exist
LINE 3:                             FROM MRSTY sty
                                         ^

2025-05-29 21:37:10,619 - ERROR - Attempt 1/3 failed for term 'acute': relation "mrconso" does not exist
LINE 3:                     FROM MRCONSO c
                                 ^

2025-05-29 21:37:10,620 - ERROR - Attempt 2/3 failed for term 'acute': current transaction is aborted, commands ignored until end of transaction block

2025-05-29 21:37:10,621 - ERROR - Attempt 3/3 failed for term 'acute': current transaction is aborted, commands ignored until end of transaction block

2025-05-29 21:37:10,621 - ERROR - Max retries reached for term 'acute'
2025-05-29 21:37:10,635 - ERROR - Attempt 1/3 failed for term 'bacterial sinusitis': relation "mrconso" does not exist
LINE 3:                     FROM MRCONSO c
                                 ^

2025-05-29 21:37:10,636 - ERROR - Attempt 2/3 failed for term 'bacterial sinusitis': current transaction is aborted, commands ignored until end of transaction block

2025-05-29 21:37:10,636 - ERROR - Attempt 3/3 failed for term 'bacterial sinusitis': current transaction is aborted, commands ignored until end of transaction block

2025-05-29 21:37:10,636 - ERROR - Max retries reached for term 'bacterial sinusitis'
2025-05-29 21:37:10,649 - ERROR - Attempt 1/3 failed for term 'no joint pain': relation "mrconso" does not exist
LINE 3:                     FROM MRCONSO c
                                 ^

2025-05-29 21:37:10,650 - ERROR - Attempt 2/3 failed for term 'no joint pain': current transaction is aborted, commands ignored until end of transaction block

2025-05-29 21:37:10,651 - ERROR - Attempt 3/3 failed for term 'no joint pain': current transaction is aborted, commands ignored until end of transaction block

2025-05-29 21:37:10,652 - ERROR - Max retries reached for term 'no joint pain'
2025-05-29 21:37:10,664 - ERROR - Attempt 1/3 failed for term 'no dizziness': relation "mrconso" does not exist
LINE 3:                     FROM MRCONSO c
                                 ^

2025-05-29 21:37:10,665 - ERROR - Attempt 2/3 failed for term 'no dizziness': current transaction is aborted, commands ignored until end of transaction block

2025-05-29 21:37:10,665 - ERROR - Attempt 3/3 failed for term 'no dizziness': current transaction is aborted, commands ignored until end of transaction block

2025-05-29 21:37:10,666 - ERROR - Max retries reached for term 'no dizziness'
2025-05-29 21:37:10,678 - ERROR - Attempt 1/3 failed for term 'weight changes': relation "mrconso" does not exist
LINE 3:                     FROM MRCONSO c
                                 ^

2025-05-29 21:37:10,679 - ERROR - Attempt 2/3 failed for term 'weight changes': current transaction is aborted, commands ignored until end of transaction block

2025-05-29 21:37:10,679 - ERROR - Attempt 3/3 failed for term 'weight changes': current transaction is aborted, commands ignored until end of transaction block

2025-05-29 21:37:10,680 - ERROR - Max retries reached for term 'weight changes'
2025-05-29 21:37:10,694 - ERROR - Attempt 1/3 failed for term 'bruising': relation "mrconso" does not exist
LINE 3:                     FROM MRCONSO c
                                 ^

2025-05-29 21:37:10,695 - ERROR - Attempt 2/3 failed for term 'bruising': current transaction is aborted, commands ignored until end of transaction block

2025-05-29 21:37:10,695 - ERROR - Attempt 3/3 failed for term 'bruising': current transaction is aborted, commands ignored until end of transaction block

2025-05-29 21:37:10,696 - ERROR - Max retries reached for term 'bruising'
2025-05-29 21:37:10,710 - ERROR - Attempt 1/3 failed for term 'ophthalmologic': relation "mrconso" does not exist
LINE 3:                     FROM MRCONSO c
                                 ^

2025-05-29 21:37:10,710 - ERROR - Attempt 2/3 failed for term 'ophthalmologic': current transaction is aborted, commands ignored until end of transaction block

2025-05-29 21:37:10,711 - ERROR - Attempt 3/3 failed for term 'ophthalmologic': current transaction is aborted, commands ignored until end of transaction block

2025-05-29 21:37:10,711 - ERROR - Max retries reached for term 'ophthalmologic'
2025-05-29 21:37:10,724 - ERROR - Attempt 1/3 failed for term 'dermatologic': relation "mrconso" does not exist
LINE 3:                     FROM MRCONSO c
                                 ^

2025-05-29 21:37:10,726 - ERROR - Attempt 2/3 failed for term 'dermatologic': current transaction is aborted, commands ignored until end of transaction block

2025-05-29 21:37:10,726 - ERROR - Attempt 3/3 failed for term 'dermatologic': current transaction is aborted, commands ignored until end of transaction block

2025-05-29 21:37:10,727 - ERROR - Max retries reached for term 'dermatologic'
2025-05-29 21:37:10,740 - ERROR - Attempt 1/3 failed for term 'no rashes': relation "mrconso" does not exist
LINE 3:                     FROM MRCONSO c
                                 ^

2025-05-29 21:37:10,741 - ERROR - Attempt 2/3 failed for term 'no rashes': current transaction is aborted, commands ignored until end of transaction block

2025-05-29 21:37:10,742 - ERROR - Attempt 3/3 failed for term 'no rashes': current transaction is aborted, commands ignored until end of transaction block

2025-05-29 21:37:10,743 - ERROR - Max retries reached for term 'no rashes'
2025-05-29 21:37:10,756 - ERROR - Attempt 1/3 failed for term 'endocrine': relation "mrconso" does not exist
LINE 3:                     FROM MRCONSO c
                                 ^

2025-05-29 21:37:10,756 - ERROR - Attempt 2/3 failed for term 'endocrine': current transaction is aborted, commands ignored until end of transaction block

2025-05-29 21:37:10,757 - ERROR - Attempt 3/3 failed for term 'endocrine': current transaction is aborted, commands ignored until end of transaction block

2025-05-29 21:37:10,758 - ERROR - Max retries reached for term 'endocrine'
2025-05-29 21:37:10,759 - WARNING - Skipping non-clinical or blocked term: 'psychiatric'
2025-05-29 21:37:10,771 - ERROR - Attempt 1/3 failed for term 'nausea': relation "mrconso" does not exist
LINE 3:                     FROM MRCONSO c
                                 ^

2025-05-29 21:37:10,773 - ERROR - Attempt 2/3 failed for term 'nausea': current transaction is aborted, commands ignored until end of transaction block

2025-05-29 21:37:10,774 - ERROR - Attempt 3/3 failed for term 'nausea': current transaction is aborted, commands ignored until end of transaction block

2025-05-29 21:37:10,774 - ERROR - Max retries reached for term 'nausea'
2025-05-29 21:37:10,775 - WARNING - Skipping non-clinical or blocked term: 'symptoms'
2025-05-29 21:37:10,776 - WARNING - Skipping non-clinical or blocked term: 'hematologic'
2025-05-29 21:37:10,792 - ERROR - Attempt 1/3 failed for term 'bleeding': relation "mrconso" does not exist
LINE 3:                     FROM MRCONSO c
                                 ^

2025-05-29 21:37:10,793 - ERROR - Attempt 2/3 failed for term 'bleeding': current transaction is aborted, commands ignored until end of transaction block

2025-05-29 21:37:10,795 - ERROR - Attempt 3/3 failed for term 'bleeding': current transaction is aborted, commands ignored until end of transaction block

2025-05-29 21:37:10,795 - ERROR - Max retries reached for term 'bleeding'
2025-05-29 21:37:10,810 - ERROR - Attempt 1/3 failed for term 'primary assessment': relation "mrconso" does not exist
LINE 3:                     FROM MRCONSO c
                                 ^

2025-05-29 21:37:10,811 - ERROR - Attempt 2/3 failed for term 'primary assessment': current transaction is aborted, commands ignored until end of transaction block

2025-05-29 21:37:10,813 - ERROR - Attempt 3/3 failed for term 'primary assessment': current transaction is aborted, commands ignored until end of transaction block

2025-05-29 21:37:10,813 - ERROR - Max retries reached for term 'primary assessment'
2025-05-29 21:37:10,815 - WARNING - Skipping non-clinical or blocked term: 'vision'
2025-05-29 21:37:10,833 - ERROR - Attempt 1/3 failed for term 'consistent with': relation "mrconso" does not exist
LINE 3:                     FROM MRCONSO c
                                 ^

2025-05-29 21:37:10,834 - ERROR - Attempt 2/3 failed for term 'consistent with': current transaction is aborted, commands ignored until end of transaction block

2025-05-29 21:37:10,835 - ERROR - Attempt 3/3 failed for term 'consistent with': current transaction is aborted, commands ignored until end of transaction block

2025-05-29 21:37:10,835 - ERROR - Max retries reached for term 'consistent with'
2025-05-29 21:37:10,853 - ERROR - Attempt 1/3 failed for term 'genitourinary': relation "mrconso" does not exist
LINE 3:                     FROM MRCONSO c
                                 ^

2025-05-29 21:37:10,854 - ERROR - Attempt 2/3 failed for term 'genitourinary': current transaction is aborted, commands ignored until end of transaction block

2025-05-29 21:37:10,855 - ERROR - Attempt 3/3 failed for term 'genitourinary': current transaction is aborted, commands ignored until end of transaction block

2025-05-29 21:37:10,855 - ERROR - Max retries reached for term 'genitourinary'
2025-05-29 21:37:10,855 - WARNING - Skipping non-clinical or blocked term: 'gastrointestinal'
2025-05-29 21:37:10,870 - ERROR - Attempt 1/3 failed for term 'diarrhea': relation "mrconso" does not exist
LINE 3:                     FROM MRCONSO c
                                 ^

2025-05-29 21:37:10,870 - ERROR - Attempt 2/3 failed for term 'diarrhea': current transaction is aborted, commands ignored until end of transaction block

2025-05-29 21:37:10,871 - ERROR - Attempt 3/3 failed for term 'diarrhea': current transaction is aborted, commands ignored until end of transaction block

2025-05-29 21:37:10,871 - ERROR - Max retries reached for term 'diarrhea'
2025-05-29 21:37:10,889 - ERROR - Attempt 1/3 failed for term 'mood changes': relation "mrconso" does not exist
LINE 3:                     FROM MRCONSO c
                                 ^

2025-05-29 21:37:10,890 - ERROR - Attempt 2/3 failed for term 'mood changes': current transaction is aborted, commands ignored until end of transaction block

2025-05-29 21:37:10,891 - ERROR - Attempt 3/3 failed for term 'mood changes': current transaction is aborted, commands ignored until end of transaction block

2025-05-29 21:37:10,891 - ERROR - Max retries reached for term 'mood changes'
2025-05-29 21:37:10,907 - ERROR - Attempt 1/3 failed for term 'lesions': relation "mrconso" does not exist
LINE 3:                     FROM MRCONSO c
                                 ^

2025-05-29 21:37:10,908 - ERROR - Attempt 2/3 failed for term 'lesions': current transaction is aborted, commands ignored until end of transaction block

2025-05-29 21:37:10,910 - ERROR - Attempt 3/3 failed for term 'lesions': current transaction is aborted, commands ignored until end of transaction block

2025-05-29 21:37:10,910 - ERROR - Max retries reached for term 'lesions'
2025-05-29 21:37:10,927 - ERROR - Attempt 1/3 failed for term 'stiffness': relation "mrconso" does not exist
LINE 3:                     FROM MRCONSO c
                                 ^

2025-05-29 21:37:10,928 - ERROR - Attempt 2/3 failed for term 'stiffness': current transaction is aborted, commands ignored until end of transaction block

2025-05-29 21:37:10,929 - ERROR - Attempt 3/3 failed for term 'stiffness': current transaction is aborted, commands ignored until end of transaction block

2025-05-29 21:37:10,929 - ERROR - Max retries reached for term 'stiffness'
2025-05-29 21:37:10,944 - ERROR - Attempt 1/3 failed for term 'urinary changes': relation "mrconso" does not exist
LINE 3:                     FROM MRCONSO c
                                 ^

2025-05-29 21:37:10,944 - ERROR - Attempt 2/3 failed for term 'urinary changes': current transaction is aborted, commands ignored until end of transaction block

2025-05-29 21:37:10,946 - ERROR - Attempt 3/3 failed for term 'urinary changes': current transaction is aborted, commands ignored until end of transaction block

2025-05-29 21:37:10,946 - ERROR - Max retries reached for term 'urinary changes'
2025-05-29 21:37:10,959 - WARNING - Failed to fetch semantic type for CUI NO_CUI_no dizziness. musculoskeletal: no joint pain or stiffness. gastrointestinal: no nausea or diarrhea. genitourinary: no urinary changes. endocrine: no weight changes or thirst. hematologic: no easy bruising or bleeding. dermatologic: no rashes or lesions. psychiatric: no mood changes. ophthalmologic: no vision changes. primary assessment: symptoms consistent with acute bacterial sinusitis: relation "mrsty" does not exist
LINE 3:                             FROM MRSTY sty
                                         ^

2025-05-29 21:38:58,246 - ERROR - Failed to initialize NLP pipeline: [E893] Could not find function 'replace_tokenizer' in function registry 'callbacks'. If you're using a custom function, make sure the code is available. If the function is provided by a third-party package, e.g. spacy-transformers, make sure the package is installed in your environment.

Available names: spacy.copy_from_base_model.v1, spacy.models_and_pipes_with_nvtx_range.v1, spacy.models_with_nvtx_range.v1
2025-05-29 21:39:00,549 - WARNING - Using fallback spacy pipeline without parser, ner, or linker
2025-05-29 21:39:00,551 - ERROR - Failed to add symptom rules: "[E001] No component 'medspacy_target_matcher' found in pipeline. Available names: ['sentencizer', 'tok2vec', 'tagger', 'attribute_ruler', 'lemmatizer', 'parser', 'ner']"
2025-05-29 21:39:00,684 - WARNING - No category mapping found for 'mood changes ophthalmologic no vision changes primary assessment symptoms consistent acute bacterial sinusitis likely secondary to recent viral upper respiratory infection differential includes viral sinusitis'. Defaulting to 'general'.
2025-05-29 21:39:00,710 - WARNING - No category mapping found for 'acute abnormalities in pulmonary musculoskeletal gi gu hematologic dermatologic psychiatric'. Defaulting to 'general'.
2025-05-29 21:39:00,735 - WARNING - Missing symptoms: ['patient presents with facial pain, nasal congestion, and fever for 10 days. reports purulent nasal discharge.']. Initiating knowledge base update.
2025-05-29 21:39:00,738 - ERROR - Error extracting features for note ID 1: 'KnowledgeBaseUpdater' object has no attribute 'is_new_symptom'
2025-05-29 21:39:00,823 - ERROR - Failed to create MongoDB indexes: An existing index has the same name as the requested index. When index names are not specified, they are auto generated and can cause conflicts. Please refer to our documentation. Requested index: { v: 2, unique: true, key: { term: 1 }, name: "term_1" }, existing index: { v: 2, key: { term: 1 }, name: "term_1" }, full error: {'ok': 0.0, 'errmsg': 'An existing index has the same name as the requested index. When index names are not specified, they are auto generated and can cause conflicts. Please refer to our documentation. Requested index: { v: 2, unique: true, key: { term: 1 }, name: "term_1" }, existing index: { v: 2, key: { term: 1 }, name: "term_1" }', 'code': 86, 'codeName': 'IndexKeySpecsConflict'}
2025-05-29 21:39:00,915 - ERROR - Failed to create MongoDB indexes: An existing index has the same name as the requested index. When index names are not specified, they are auto generated and can cause conflicts. Please refer to our documentation. Requested index: { v: 2, unique: true, key: { term: 1 }, name: "term_1" }, existing index: { v: 2, key: { term: 1 }, name: "term_1" }, full error: {'ok': 0.0, 'errmsg': 'An existing index has the same name as the requested index. When index names are not specified, they are auto generated and can cause conflicts. Please refer to our documentation. Requested index: { v: 2, unique: true, key: { term: 1 }, name: "term_1" }, existing index: { v: 2, key: { term: 1 }, name: "term_1" }', 'code': 86, 'codeName': 'IndexKeySpecsConflict'}
2025-05-29 21:39:02,931 - ERROR - Attempt 1/3 failed for term 'facial pain': relation "mrconso" does not exist
LINE 3:                     FROM MRCONSO c
                                 ^

2025-05-29 21:39:02,932 - ERROR - Attempt 2/3 failed for term 'facial pain': current transaction is aborted, commands ignored until end of transaction block

2025-05-29 21:39:02,933 - ERROR - Attempt 3/3 failed for term 'facial pain': current transaction is aborted, commands ignored until end of transaction block

2025-05-29 21:39:02,933 - ERROR - Max retries reached for term 'facial pain'
2025-05-29 21:39:02,956 - WARNING - Failed to fetch semantic type for CUI NO_CUI_facial pain: relation "mrsty" does not exist
LINE 3:                             FROM MRSTY sty
                                         ^

2025-05-29 21:39:03,116 - ERROR - Attempt 1/3 failed for term 'nasal congestion': relation "mrconso" does not exist
LINE 3:                     FROM MRCONSO c
                                 ^

2025-05-29 21:39:03,117 - ERROR - Attempt 2/3 failed for term 'nasal congestion': current transaction is aborted, commands ignored until end of transaction block

2025-05-29 21:39:03,118 - ERROR - Attempt 3/3 failed for term 'nasal congestion': current transaction is aborted, commands ignored until end of transaction block

2025-05-29 21:39:03,118 - ERROR - Max retries reached for term 'nasal congestion'
2025-05-29 21:39:03,143 - WARNING - Failed to fetch semantic type for CUI NO_CUI_nasal congestion: relation "mrsty" does not exist
LINE 3:                             FROM MRSTY sty
                                         ^

2025-05-29 21:39:03,319 - ERROR - Attempt 1/3 failed for term 'purulent': relation "mrconso" does not exist
LINE 3:                     FROM MRCONSO c
                                 ^

2025-05-29 21:39:03,320 - ERROR - Attempt 2/3 failed for term 'purulent': current transaction is aborted, commands ignored until end of transaction block

2025-05-29 21:39:03,321 - ERROR - Attempt 3/3 failed for term 'purulent': current transaction is aborted, commands ignored until end of transaction block

2025-05-29 21:39:03,322 - ERROR - Max retries reached for term 'purulent'
2025-05-29 21:39:03,340 - ERROR - Attempt 1/3 failed for term 'nasal discharge': relation "mrconso" does not exist
LINE 3:                     FROM MRCONSO c
                                 ^

2025-05-29 21:39:03,341 - ERROR - Attempt 2/3 failed for term 'nasal discharge': current transaction is aborted, commands ignored until end of transaction block

2025-05-29 21:39:03,341 - ERROR - Attempt 3/3 failed for term 'nasal discharge': current transaction is aborted, commands ignored until end of transaction block

2025-05-29 21:39:03,342 - ERROR - Max retries reached for term 'nasal discharge'
2025-05-29 21:39:03,361 - WARNING - Failed to fetch semantic type for CUI NO_CUI_purulent nasal discharge: relation "mrsty" does not exist
LINE 3:                             FROM MRSTY sty
                                         ^

2025-05-29 21:39:03,453 - ERROR - Attempt 1/3 failed for term 'fever': relation "mrconso" does not exist
LINE 3:                     FROM MRCONSO c
                                 ^

2025-05-29 21:39:03,453 - ERROR - Attempt 2/3 failed for term 'fever': current transaction is aborted, commands ignored until end of transaction block

2025-05-29 21:39:03,454 - ERROR - Attempt 3/3 failed for term 'fever': current transaction is aborted, commands ignored until end of transaction block

2025-05-29 21:39:03,455 - ERROR - Max retries reached for term 'fever'
2025-05-29 21:39:03,470 - WARNING - Failed to fetch semantic type for CUI NO_CUI_fever: relation "mrsty" does not exist
LINE 3:                             FROM MRSTY sty
                                         ^

2025-05-29 21:39:03,609 - WARNING - Skipping non-clinical or blocked term: 'days'
2025-05-29 21:39:03,621 - ERROR - Attempt 1/3 failed for term 'facial pain': relation "mrconso" does not exist
LINE 3:                     FROM MRCONSO c
                                 ^

2025-05-29 21:39:03,623 - ERROR - Attempt 2/3 failed for term 'facial pain': current transaction is aborted, commands ignored until end of transaction block

2025-05-29 21:39:03,625 - ERROR - Attempt 3/3 failed for term 'facial pain': current transaction is aborted, commands ignored until end of transaction block

2025-05-29 21:39:03,625 - ERROR - Max retries reached for term 'facial pain'
2025-05-29 21:39:03,640 - ERROR - Attempt 1/3 failed for term 'nasal discharge': relation "mrconso" does not exist
LINE 3:                     FROM MRCONSO c
                                 ^

2025-05-29 21:39:03,641 - ERROR - Attempt 2/3 failed for term 'nasal discharge': current transaction is aborted, commands ignored until end of transaction block

2025-05-29 21:39:03,642 - ERROR - Attempt 3/3 failed for term 'nasal discharge': current transaction is aborted, commands ignored until end of transaction block

2025-05-29 21:39:03,642 - ERROR - Max retries reached for term 'nasal discharge'
2025-05-29 21:39:03,658 - ERROR - Attempt 1/3 failed for term 'fever': relation "mrconso" does not exist
LINE 3:                     FROM MRCONSO c
                                 ^

2025-05-29 21:39:03,658 - ERROR - Attempt 2/3 failed for term 'fever': current transaction is aborted, commands ignored until end of transaction block

2025-05-29 21:39:03,659 - ERROR - Attempt 3/3 failed for term 'fever': current transaction is aborted, commands ignored until end of transaction block

2025-05-29 21:39:03,659 - ERROR - Max retries reached for term 'fever'
2025-05-29 21:39:03,673 - ERROR - Attempt 1/3 failed for term 'patient': relation "mrconso" does not exist
LINE 3:                     FROM MRCONSO c
                                 ^

2025-05-29 21:39:03,674 - ERROR - Attempt 2/3 failed for term 'patient': current transaction is aborted, commands ignored until end of transaction block

2025-05-29 21:39:03,674 - ERROR - Attempt 3/3 failed for term 'patient': current transaction is aborted, commands ignored until end of transaction block

2025-05-29 21:39:03,675 - ERROR - Max retries reached for term 'patient'
2025-05-29 21:39:03,687 - ERROR - Attempt 1/3 failed for term 'nasal congestion': relation "mrconso" does not exist
LINE 3:                     FROM MRCONSO c
                                 ^

2025-05-29 21:39:03,688 - ERROR - Attempt 2/3 failed for term 'nasal congestion': current transaction is aborted, commands ignored until end of transaction block

2025-05-29 21:39:03,689 - ERROR - Attempt 3/3 failed for term 'nasal congestion': current transaction is aborted, commands ignored until end of transaction block

2025-05-29 21:39:03,690 - ERROR - Max retries reached for term 'nasal congestion'
2025-05-29 21:39:03,702 - ERROR - Attempt 1/3 failed for term 'purulent': relation "mrconso" does not exist
LINE 3:                     FROM MRCONSO c
                                 ^

2025-05-29 21:39:03,703 - ERROR - Attempt 2/3 failed for term 'purulent': current transaction is aborted, commands ignored until end of transaction block

2025-05-29 21:39:03,704 - ERROR - Attempt 3/3 failed for term 'purulent': current transaction is aborted, commands ignored until end of transaction block

2025-05-29 21:39:03,705 - ERROR - Max retries reached for term 'purulent'
2025-05-29 21:39:03,723 - ERROR - Attempt 1/3 failed for term 'reports': relation "mrconso" does not exist
LINE 3:                     FROM MRCONSO c
                                 ^

2025-05-29 21:39:03,724 - ERROR - Attempt 2/3 failed for term 'reports': current transaction is aborted, commands ignored until end of transaction block

2025-05-29 21:39:03,725 - ERROR - Attempt 3/3 failed for term 'reports': current transaction is aborted, commands ignored until end of transaction block

2025-05-29 21:39:03,725 - ERROR - Max retries reached for term 'reports'
2025-05-29 21:39:03,743 - WARNING - Failed to fetch semantic type for CUI NO_CUI_patient presents with facial pain, nasal congestion, and fever for 10 days. reports purulent nasal discharge.: relation "mrsty" does not exist
LINE 3:                             FROM MRSTY sty
                                         ^

2025-05-29 21:39:03,855 - ERROR - Attempt 1/3 failed for term 'headache': relation "mrconso" does not exist
LINE 3:                     FROM MRCONSO c
                                 ^

2025-05-29 21:39:03,856 - ERROR - Attempt 2/3 failed for term 'headache': current transaction is aborted, commands ignored until end of transaction block

2025-05-29 21:39:03,856 - ERROR - Attempt 3/3 failed for term 'headache': current transaction is aborted, commands ignored until end of transaction block

2025-05-29 21:39:03,857 - ERROR - Max retries reached for term 'headache'
2025-05-29 21:39:03,872 - WARNING - Failed to fetch semantic type for CUI NO_CUI_headache: relation "mrsty" does not exist
LINE 3:                             FROM MRSTY sty
                                         ^

2025-05-29 21:39:03,960 - ERROR - Attempt 1/3 failed for term 'headache': relation "mrconso" does not exist
LINE 3:                     FROM MRCONSO c
                                 ^

2025-05-29 21:39:03,961 - ERROR - Attempt 2/3 failed for term 'headache': current transaction is aborted, commands ignored until end of transaction block

2025-05-29 21:39:03,961 - ERROR - Attempt 3/3 failed for term 'headache': current transaction is aborted, commands ignored until end of transaction block

2025-05-29 21:39:03,962 - ERROR - Max retries reached for term 'headache'
2025-05-29 21:39:03,974 - ERROR - Attempt 1/3 failed for term 'patient complains': relation "mrconso" does not exist
LINE 3:                     FROM MRCONSO c
                                 ^

2025-05-29 21:39:03,975 - ERROR - Attempt 2/3 failed for term 'patient complains': current transaction is aborted, commands ignored until end of transaction block

2025-05-29 21:39:03,975 - ERROR - Attempt 3/3 failed for term 'patient complains': current transaction is aborted, commands ignored until end of transaction block

2025-05-29 21:39:03,976 - ERROR - Max retries reached for term 'patient complains'
2025-05-29 21:39:03,989 - WARNING - Failed to fetch semantic type for CUI NO_CUI_patient complains of headache: relation "mrsty" does not exist
LINE 3:                             FROM MRSTY sty
                                         ^

2025-05-29 21:39:04,103 - ERROR - Attempt 1/3 failed for term 'back pain': relation "mrconso" does not exist
LINE 3:                     FROM MRCONSO c
                                 ^

2025-05-29 21:39:04,104 - ERROR - Attempt 2/3 failed for term 'back pain': current transaction is aborted, commands ignored until end of transaction block

2025-05-29 21:39:04,105 - ERROR - Attempt 3/3 failed for term 'back pain': current transaction is aborted, commands ignored until end of transaction block

2025-05-29 21:39:04,105 - ERROR - Max retries reached for term 'back pain'
2025-05-29 21:39:04,120 - WARNING - Failed to fetch semantic type for CUI NO_CUI_back pain: relation "mrsty" does not exist
LINE 3:                             FROM MRSTY sty
                                         ^

2025-05-29 21:39:04,224 - ERROR - Attempt 1/3 failed for term 'movement': relation "mrconso" does not exist
LINE 3:                     FROM MRCONSO c
                                 ^

2025-05-29 21:39:04,225 - ERROR - Attempt 2/3 failed for term 'movement': current transaction is aborted, commands ignored until end of transaction block

2025-05-29 21:39:04,225 - ERROR - Attempt 3/3 failed for term 'movement': current transaction is aborted, commands ignored until end of transaction block

2025-05-29 21:39:04,226 - ERROR - Max retries reached for term 'movement'
2025-05-29 21:39:04,239 - ERROR - Attempt 1/3 failed for term 'pain': relation "mrconso" does not exist
LINE 3:                     FROM MRCONSO c
                                 ^

2025-05-29 21:39:04,239 - ERROR - Attempt 2/3 failed for term 'pain': current transaction is aborted, commands ignored until end of transaction block

2025-05-29 21:39:04,240 - ERROR - Attempt 3/3 failed for term 'pain': current transaction is aborted, commands ignored until end of transaction block

2025-05-29 21:39:04,240 - ERROR - Max retries reached for term 'pain'
2025-05-29 21:39:04,263 - WARNING - Failed to fetch semantic type for CUI NO_CUI_pain on movement: relation "mrsty" does not exist
LINE 3:                             FROM MRSTY sty
                                         ^

2025-05-29 21:39:04,373 - ERROR - Attempt 1/3 failed for term 'obesity': relation "mrconso" does not exist
LINE 3:                     FROM MRCONSO c
                                 ^

2025-05-29 21:39:04,374 - ERROR - Attempt 2/3 failed for term 'obesity': current transaction is aborted, commands ignored until end of transaction block

2025-05-29 21:39:04,374 - ERROR - Attempt 3/3 failed for term 'obesity': current transaction is aborted, commands ignored until end of transaction block

2025-05-29 21:39:04,375 - ERROR - Max retries reached for term 'obesity'
2025-05-29 21:39:04,391 - WARNING - Failed to fetch semantic type for CUI NO_CUI_obesity: relation "mrsty" does not exist
LINE 3:                             FROM MRSTY sty
                                         ^

2025-05-29 21:39:04,484 - ERROR - Attempt 1/3 failed for term 'back pain': relation "mrconso" does not exist
LINE 3:                     FROM MRCONSO c
                                 ^

2025-05-29 21:39:04,485 - ERROR - Attempt 2/3 failed for term 'back pain': current transaction is aborted, commands ignored until end of transaction block

2025-05-29 21:39:04,485 - ERROR - Attempt 3/3 failed for term 'back pain': current transaction is aborted, commands ignored until end of transaction block

2025-05-29 21:39:04,486 - ERROR - Max retries reached for term 'back pain'
2025-05-29 21:39:04,497 - ERROR - Attempt 1/3 failed for term 'weeks': relation "mrconso" does not exist
LINE 3:                     FROM MRCONSO c
                                 ^

2025-05-29 21:39:04,498 - ERROR - Attempt 2/3 failed for term 'weeks': current transaction is aborted, commands ignored until end of transaction block

2025-05-29 21:39:04,498 - ERROR - Attempt 3/3 failed for term 'weeks': current transaction is aborted, commands ignored until end of transaction block

2025-05-29 21:39:04,499 - ERROR - Max retries reached for term 'weeks'
2025-05-29 21:39:04,511 - WARNING - Failed to fetch semantic type for CUI NO_CUI_back pain for two weeks: relation "mrsty" does not exist
LINE 3:                             FROM MRSTY sty
                                         ^

2025-05-29 21:39:04,681 - WARNING - Skipping non-clinical or blocked term: 'days'
2025-05-29 21:39:04,695 - ERROR - Attempt 1/3 failed for term 'patient complains': relation "mrconso" does not exist
LINE 3:                     FROM MRCONSO c
                                 ^

2025-05-29 21:39:04,696 - ERROR - Attempt 2/3 failed for term 'patient complains': current transaction is aborted, commands ignored until end of transaction block

2025-05-29 21:39:04,697 - ERROR - Attempt 3/3 failed for term 'patient complains': current transaction is aborted, commands ignored until end of transaction block

2025-05-29 21:39:04,698 - ERROR - Max retries reached for term 'patient complains'
2025-05-29 21:39:04,700 - WARNING - Skipping non-clinical or blocked term: 'chills'
2025-05-29 21:39:04,713 - ERROR - Attempt 1/3 failed for term 'fevers': relation "mrconso" does not exist
LINE 3:                     FROM MRCONSO c
                                 ^

2025-05-29 21:39:04,714 - ERROR - Attempt 2/3 failed for term 'fevers': current transaction is aborted, commands ignored until end of transaction block

2025-05-29 21:39:04,715 - ERROR - Attempt 3/3 failed for term 'fevers': current transaction is aborted, commands ignored until end of transaction block

2025-05-29 21:39:04,715 - ERROR - Max retries reached for term 'fevers'
2025-05-29 21:39:04,728 - ERROR - Attempt 1/3 failed for term 'headache': relation "mrconso" does not exist
LINE 3:                     FROM MRCONSO c
                                 ^

2025-05-29 21:39:04,729 - ERROR - Attempt 2/3 failed for term 'headache': current transaction is aborted, commands ignored until end of transaction block

2025-05-29 21:39:04,730 - ERROR - Attempt 3/3 failed for term 'headache': current transaction is aborted, commands ignored until end of transaction block

2025-05-29 21:39:04,730 - ERROR - Max retries reached for term 'headache'
2025-05-29 21:39:04,742 - ERROR - Attempt 1/3 failed for term 'associated with': relation "mrconso" does not exist
LINE 3:                     FROM MRCONSO c
                                 ^

2025-05-29 21:39:04,743 - ERROR - Attempt 2/3 failed for term 'associated with': current transaction is aborted, commands ignored until end of transaction block

2025-05-29 21:39:04,744 - ERROR - Attempt 3/3 failed for term 'associated with': current transaction is aborted, commands ignored until end of transaction block

2025-05-29 21:39:04,745 - ERROR - Max retries reached for term 'associated with'
2025-05-29 21:39:04,758 - WARNING - Failed to fetch semantic type for CUI NO_CUI_patient complains of headache the headache started three days ago. the headache is associated with fevers and chills: relation "mrsty" does not exist
LINE 3:                             FROM MRSTY sty
                                         ^

2025-05-29 21:39:04,945 - WARNING - Skipping non-clinical or blocked term: 'worse'
2025-05-29 21:39:04,953 - WARNING - Skipping non-clinical or blocked term: 'eyes'
2025-05-29 21:39:04,973 - ERROR - Attempt 1/3 failed for term 'licking': relation "mrconso" does not exist
LINE 3:                     FROM MRCONSO c
                                 ^

2025-05-29 21:39:04,975 - ERROR - Attempt 2/3 failed for term 'licking': current transaction is aborted, commands ignored until end of transaction block

2025-05-29 21:39:04,976 - ERROR - Attempt 3/3 failed for term 'licking': current transaction is aborted, commands ignored until end of transaction block

2025-05-29 21:39:04,977 - ERROR - Max retries reached for term 'licking'
2025-05-29 21:39:04,994 - ERROR - Attempt 1/3 failed for term 'patient': relation "mrconso" does not exist
LINE 3:                     FROM MRCONSO c
                                 ^

2025-05-29 21:39:04,995 - ERROR - Attempt 2/3 failed for term 'patient': current transaction is aborted, commands ignored until end of transaction block

2025-05-29 21:39:04,997 - ERROR - Attempt 3/3 failed for term 'patient': current transaction is aborted, commands ignored until end of transaction block

2025-05-29 21:39:04,997 - ERROR - Max retries reached for term 'patient'
2025-05-29 21:39:04,999 - WARNING - Skipping non-clinical or blocked term: 'foods'
2025-05-29 21:39:05,021 - ERROR - Attempt 1/3 failed for term 'strong': relation "mrconso" does not exist
LINE 3:                     FROM MRCONSO c
                                 ^

2025-05-29 21:39:05,023 - ERROR - Attempt 2/3 failed for term 'strong': current transaction is aborted, commands ignored until end of transaction block

2025-05-29 21:39:05,024 - ERROR - Attempt 3/3 failed for term 'strong': current transaction is aborted, commands ignored until end of transaction block

2025-05-29 21:39:05,024 - ERROR - Max retries reached for term 'strong'
2025-05-29 21:39:05,043 - ERROR - Attempt 1/3 failed for term 'fats': relation "mrconso" does not exist
LINE 3:                     FROM MRCONSO c
                                 ^

2025-05-29 21:39:05,044 - ERROR - Attempt 2/3 failed for term 'fats': current transaction is aborted, commands ignored until end of transaction block

2025-05-29 21:39:05,044 - ERROR - Attempt 3/3 failed for term 'fats': current transaction is aborted, commands ignored until end of transaction block

2025-05-29 21:39:05,045 - ERROR - Max retries reached for term 'fats'
2025-05-29 21:39:05,066 - ERROR - Attempt 1/3 failed for term 'tea': relation "mrconso" does not exist
LINE 3:                     FROM MRCONSO c
                                 ^

2025-05-29 21:39:05,068 - ERROR - Attempt 2/3 failed for term 'tea': current transaction is aborted, commands ignored until end of transaction block

2025-05-29 21:39:05,069 - ERROR - Attempt 3/3 failed for term 'tea': current transaction is aborted, commands ignored until end of transaction block

2025-05-29 21:39:05,070 - ERROR - Max retries reached for term 'tea'
2025-05-29 21:39:05,097 - ERROR - Attempt 1/3 failed for term 'vomiting': relation "mrconso" does not exist
LINE 3:                     FROM MRCONSO c
                                 ^

2025-05-29 21:39:05,099 - ERROR - Attempt 2/3 failed for term 'vomiting': current transaction is aborted, commands ignored until end of transaction block

2025-05-29 21:39:05,100 - ERROR - Attempt 3/3 failed for term 'vomiting': current transaction is aborted, commands ignored until end of transaction block

2025-05-29 21:39:05,100 - ERROR - Max retries reached for term 'vomiting'
2025-05-29 21:39:05,119 - ERROR - Attempt 1/3 failed for term 'nausea': relation "mrconso" does not exist
LINE 3:                     FROM MRCONSO c
                                 ^

2025-05-29 21:39:05,120 - ERROR - Attempt 2/3 failed for term 'nausea': current transaction is aborted, commands ignored until end of transaction block

2025-05-29 21:39:05,121 - ERROR - Attempt 3/3 failed for term 'nausea': current transaction is aborted, commands ignored until end of transaction block

2025-05-29 21:39:05,122 - ERROR - Max retries reached for term 'nausea'
2025-05-29 21:39:05,156 - ERROR - Attempt 1/3 failed for term 'jaundice': relation "mrconso" does not exist
LINE 3:                     FROM MRCONSO c
                                 ^

2025-05-29 21:39:05,158 - ERROR - Attempt 2/3 failed for term 'jaundice': current transaction is aborted, commands ignored until end of transaction block

2025-05-29 21:39:05,162 - ERROR - Attempt 3/3 failed for term 'jaundice': current transaction is aborted, commands ignored until end of transaction block

2025-05-29 21:39:05,164 - ERROR - Max retries reached for term 'jaundice'
2025-05-29 21:39:05,190 - ERROR - Attempt 1/3 failed for term 'loss of appetite': relation "mrconso" does not exist
LINE 3:                     FROM MRCONSO c
                                 ^

2025-05-29 21:39:05,190 - ERROR - Attempt 2/3 failed for term 'loss of appetite': current transaction is aborted, commands ignored until end of transaction block

2025-05-29 21:39:05,191 - ERROR - Attempt 3/3 failed for term 'loss of appetite': current transaction is aborted, commands ignored until end of transaction block

2025-05-29 21:39:05,192 - ERROR - Max retries reached for term 'loss of appetite'
2025-05-29 21:39:05,216 - WARNING - Failed to fetch semantic type for CUI NO_CUI_nausea and vomiting and loss of appetite the patient has jaundice in the eyes taking foods with fats makes the nausea worse taking strong tea and licking salt alleviates the nausea: relation "mrsty" does not exist
LINE 3:                             FROM MRSTY sty
                                         ^

2025-05-29 21:39:05,363 - ERROR - Attempt 1/3 failed for term 'facial pain': relation "mrconso" does not exist
LINE 3:                     FROM MRCONSO c
                                 ^

2025-05-29 21:39:05,363 - ERROR - Attempt 2/3 failed for term 'facial pain': current transaction is aborted, commands ignored until end of transaction block

2025-05-29 21:39:05,364 - ERROR - Attempt 3/3 failed for term 'facial pain': current transaction is aborted, commands ignored until end of transaction block

2025-05-29 21:39:05,364 - ERROR - Max retries reached for term 'facial pain'
2025-05-29 21:39:05,379 - ERROR - Attempt 1/3 failed for term 'patient': relation "mrconso" does not exist
LINE 3:                     FROM MRCONSO c
                                 ^

2025-05-29 21:39:05,380 - ERROR - Attempt 2/3 failed for term 'patient': current transaction is aborted, commands ignored until end of transaction block

2025-05-29 21:39:05,381 - ERROR - Attempt 3/3 failed for term 'patient': current transaction is aborted, commands ignored until end of transaction block

2025-05-29 21:39:05,381 - ERROR - Max retries reached for term 'patient'
2025-05-29 21:39:05,396 - WARNING - Failed to fetch semantic type for CUI NO_CUI_patient presents with facial pain: relation "mrsty" does not exist
LINE 3:                             FROM MRSTY sty
                                         ^

2025-05-29 21:39:05,549 - ERROR - Attempt 1/3 failed for term 'back pain': relation "mrconso" does not exist
LINE 3:                     FROM MRCONSO c
                                 ^

2025-05-29 21:39:05,550 - ERROR - Attempt 2/3 failed for term 'back pain': current transaction is aborted, commands ignored until end of transaction block

2025-05-29 21:39:05,551 - ERROR - Attempt 3/3 failed for term 'back pain': current transaction is aborted, commands ignored until end of transaction block

2025-05-29 21:39:05,551 - ERROR - Max retries reached for term 'back pain'
2025-05-29 21:39:05,568 - ERROR - Attempt 1/3 failed for term 'weeks': relation "mrconso" does not exist
LINE 3:                     FROM MRCONSO c
                                 ^

2025-05-29 21:39:05,570 - ERROR - Attempt 2/3 failed for term 'weeks': current transaction is aborted, commands ignored until end of transaction block

2025-05-29 21:39:05,571 - ERROR - Attempt 3/3 failed for term 'weeks': current transaction is aborted, commands ignored until end of transaction block

2025-05-29 21:39:05,572 - ERROR - Max retries reached for term 'weeks'
2025-05-29 21:39:05,591 - ERROR - Attempt 1/3 failed for term 'assessment': relation "mrconso" does not exist
LINE 3:                     FROM MRCONSO c
                                 ^

2025-05-29 21:39:05,595 - ERROR - Attempt 2/3 failed for term 'assessment': current transaction is aborted, commands ignored until end of transaction block

2025-05-29 21:39:05,597 - ERROR - Attempt 3/3 failed for term 'assessment': current transaction is aborted, commands ignored until end of transaction block

2025-05-29 21:39:05,597 - ERROR - Max retries reached for term 'assessment'
2025-05-29 21:39:05,626 - ERROR - Attempt 1/3 failed for term 'patient reports': relation "mrconso" does not exist
LINE 3:                     FROM MRCONSO c
                                 ^

2025-05-29 21:39:05,629 - ERROR - Attempt 2/3 failed for term 'patient reports': current transaction is aborted, commands ignored until end of transaction block

2025-05-29 21:39:05,631 - ERROR - Attempt 3/3 failed for term 'patient reports': current transaction is aborted, commands ignored until end of transaction block

2025-05-29 21:39:05,633 - ERROR - Max retries reached for term 'patient reports'
2025-05-29 21:39:05,662 - WARNING - Failed to fetch semantic type for CUI NO_CUI_back pain for two weeks the patient reports backpain for three weeks on assessment: relation "mrsty" does not exist
LINE 3:                             FROM MRSTY sty
                                         ^

2025-05-29 21:39:05,833 - ERROR - Attempt 1/3 failed for term 'standing': relation "mrconso" does not exist
LINE 3:                     FROM MRCONSO c
                                 ^

2025-05-29 21:39:05,834 - ERROR - Attempt 2/3 failed for term 'standing': current transaction is aborted, commands ignored until end of transaction block

2025-05-29 21:39:05,835 - ERROR - Attempt 3/3 failed for term 'standing': current transaction is aborted, commands ignored until end of transaction block

2025-05-29 21:39:05,836 - ERROR - Max retries reached for term 'standing'
2025-05-29 21:39:05,855 - ERROR - Attempt 1/3 failed for term 'stretching': relation "mrconso" does not exist
LINE 3:                     FROM MRCONSO c
                                 ^

2025-05-29 21:39:05,856 - ERROR - Attempt 2/3 failed for term 'stretching': current transaction is aborted, commands ignored until end of transaction block

2025-05-29 21:39:05,857 - ERROR - Attempt 3/3 failed for term 'stretching': current transaction is aborted, commands ignored until end of transaction block

2025-05-29 21:39:05,858 - ERROR - Max retries reached for term 'stretching'
2025-05-29 21:39:05,879 - ERROR - Attempt 1/3 failed for term 'patient': relation "mrconso" does not exist
LINE 3:                     FROM MRCONSO c
                                 ^

2025-05-29 21:39:05,880 - ERROR - Attempt 2/3 failed for term 'patient': current transaction is aborted, commands ignored until end of transaction block

2025-05-29 21:39:05,882 - ERROR - Attempt 3/3 failed for term 'patient': current transaction is aborted, commands ignored until end of transaction block

2025-05-29 21:39:05,884 - ERROR - Max retries reached for term 'patient'
2025-05-29 21:39:05,907 - ERROR - Attempt 1/3 failed for term 'pain': relation "mrconso" does not exist
LINE 3:                     FROM MRCONSO c
                                 ^

2025-05-29 21:39:05,909 - ERROR - Attempt 2/3 failed for term 'pain': current transaction is aborted, commands ignored until end of transaction block

2025-05-29 21:39:05,910 - ERROR - Attempt 3/3 failed for term 'pain': current transaction is aborted, commands ignored until end of transaction block

2025-05-29 21:39:05,911 - ERROR - Max retries reached for term 'pain'
2025-05-29 21:39:05,934 - ERROR - Attempt 1/3 failed for term 'obese': relation "mrconso" does not exist
LINE 3:                     FROM MRCONSO c
                                 ^

2025-05-29 21:39:05,937 - ERROR - Attempt 2/3 failed for term 'obese': current transaction is aborted, commands ignored until end of transaction block

2025-05-29 21:39:05,938 - ERROR - Attempt 3/3 failed for term 'obese': current transaction is aborted, commands ignored until end of transaction block

2025-05-29 21:39:05,939 - ERROR - Max retries reached for term 'obese'
2025-05-29 21:39:05,959 - ERROR - Attempt 1/3 failed for term 'sitting': relation "mrconso" does not exist
LINE 3:                     FROM MRCONSO c
                                 ^

2025-05-29 21:39:05,960 - ERROR - Attempt 2/3 failed for term 'sitting': current transaction is aborted, commands ignored until end of transaction block

2025-05-29 21:39:05,961 - ERROR - Attempt 3/3 failed for term 'sitting': current transaction is aborted, commands ignored until end of transaction block

2025-05-29 21:39:05,962 - ERROR - Max retries reached for term 'sitting'
2025-05-29 21:39:05,983 - ERROR - Attempt 1/3 failed for term 'backpain': relation "mrconso" does not exist
LINE 3:                     FROM MRCONSO c
                                 ^

2025-05-29 21:39:05,984 - ERROR - Attempt 2/3 failed for term 'backpain': current transaction is aborted, commands ignored until end of transaction block

2025-05-29 21:39:05,986 - ERROR - Attempt 3/3 failed for term 'backpain': current transaction is aborted, commands ignored until end of transaction block

2025-05-29 21:39:05,987 - ERROR - Max retries reached for term 'backpain'
2025-05-29 21:39:06,005 - WARNING - Failed to fetch semantic type for CUI NO_CUI_the patient is obese the backpain is made worse by sitting down for long the pain is alleviated by standing and stretching: relation "mrsty" does not exist
LINE 3:                             FROM MRSTY sty
                                         ^

2025-05-29 21:39:06,156 - WARNING - Skipping non-clinical or blocked term: 'days'
2025-05-29 21:39:06,167 - ERROR - Attempt 1/3 failed for term 'facial pain': relation "mrconso" does not exist
LINE 3:                     FROM MRCONSO c
                                 ^

2025-05-29 21:39:06,167 - ERROR - Attempt 2/3 failed for term 'facial pain': current transaction is aborted, commands ignored until end of transaction block

2025-05-29 21:39:06,168 - ERROR - Attempt 3/3 failed for term 'facial pain': current transaction is aborted, commands ignored until end of transaction block

2025-05-29 21:39:06,168 - ERROR - Max retries reached for term 'facial pain'
2025-05-29 21:39:06,183 - ERROR - Attempt 1/3 failed for term 'nasal discharge': relation "mrconso" does not exist
LINE 3:                     FROM MRCONSO c
                                 ^

2025-05-29 21:39:06,185 - ERROR - Attempt 2/3 failed for term 'nasal discharge': current transaction is aborted, commands ignored until end of transaction block

2025-05-29 21:39:06,186 - ERROR - Attempt 3/3 failed for term 'nasal discharge': current transaction is aborted, commands ignored until end of transaction block

2025-05-29 21:39:06,186 - ERROR - Max retries reached for term 'nasal discharge'
2025-05-29 21:39:06,204 - ERROR - Attempt 1/3 failed for term 'fever': relation "mrconso" does not exist
LINE 3:                     FROM MRCONSO c
                                 ^

2025-05-29 21:39:06,205 - ERROR - Attempt 2/3 failed for term 'fever': current transaction is aborted, commands ignored until end of transaction block

2025-05-29 21:39:06,206 - ERROR - Attempt 3/3 failed for term 'fever': current transaction is aborted, commands ignored until end of transaction block

2025-05-29 21:39:06,206 - ERROR - Max retries reached for term 'fever'
2025-05-29 21:39:06,225 - ERROR - Attempt 1/3 failed for term 'maxillary sinuses': relation "mrconso" does not exist
LINE 3:                     FROM MRCONSO c
                                 ^

2025-05-29 21:39:06,226 - ERROR - Attempt 2/3 failed for term 'maxillary sinuses': current transaction is aborted, commands ignored until end of transaction block

2025-05-29 21:39:06,227 - ERROR - Attempt 3/3 failed for term 'maxillary sinuses': current transaction is aborted, commands ignored until end of transaction block

2025-05-29 21:39:06,227 - ERROR - Max retries reached for term 'maxillary sinuses'
2025-05-29 21:39:06,246 - ERROR - Attempt 1/3 failed for term 'purulent': relation "mrconso" does not exist
LINE 3:                     FROM MRCONSO c
                                 ^

2025-05-29 21:39:06,247 - ERROR - Attempt 2/3 failed for term 'purulent': current transaction is aborted, commands ignored until end of transaction block

2025-05-29 21:39:06,248 - ERROR - Attempt 3/3 failed for term 'purulent': current transaction is aborted, commands ignored until end of transaction block

2025-05-29 21:39:06,249 - ERROR - Max retries reached for term 'purulent'
2025-05-29 21:39:06,266 - ERROR - Attempt 1/3 failed for term 'reports': relation "mrconso" does not exist
LINE 3:                     FROM MRCONSO c
                                 ^

2025-05-29 21:39:06,268 - ERROR - Attempt 2/3 failed for term 'reports': current transaction is aborted, commands ignored until end of transaction block

2025-05-29 21:39:06,269 - ERROR - Attempt 3/3 failed for term 'reports': current transaction is aborted, commands ignored until end of transaction block

2025-05-29 21:39:06,269 - ERROR - Max retries reached for term 'reports'
2025-05-29 21:39:06,285 - WARNING - Failed to fetch semantic type for CUI NO_CUI_and fever for 10 days. reports purulent nasal discharge. facial pain over maxillary sinuses: relation "mrsty" does not exist
LINE 3:                             FROM MRSTY sty
                                         ^

2025-05-29 21:39:06,518 - ERROR - Attempt 1/3 failed for term 'sinusitis': relation "mrconso" does not exist
LINE 3:                     FROM MRCONSO c
                                 ^

2025-05-29 21:39:06,519 - ERROR - Attempt 2/3 failed for term 'sinusitis': current transaction is aborted, commands ignored until end of transaction block

2025-05-29 21:39:06,520 - ERROR - Attempt 3/3 failed for term 'sinusitis': current transaction is aborted, commands ignored until end of transaction block

2025-05-29 21:39:06,520 - ERROR - Max retries reached for term 'sinusitis'
2025-05-29 21:39:06,537 - ERROR - Attempt 1/3 failed for term 'pulmonary': relation "mrconso" does not exist
LINE 3:                     FROM MRCONSO c
                                 ^

2025-05-29 21:39:06,537 - ERROR - Attempt 2/3 failed for term 'pulmonary': current transaction is aborted, commands ignored until end of transaction block

2025-05-29 21:39:06,538 - ERROR - Attempt 3/3 failed for term 'pulmonary': current transaction is aborted, commands ignored until end of transaction block

2025-05-29 21:39:06,539 - ERROR - Max retries reached for term 'pulmonary'
2025-05-29 21:39:06,555 - ERROR - Attempt 1/3 failed for term 'stable': relation "mrconso" does not exist
LINE 3:                     FROM MRCONSO c
                                 ^

2025-05-29 21:39:06,556 - ERROR - Attempt 2/3 failed for term 'stable': current transaction is aborted, commands ignored until end of transaction block

2025-05-29 21:39:06,557 - ERROR - Attempt 3/3 failed for term 'stable': current transaction is aborted, commands ignored until end of transaction block

2025-05-29 21:39:06,557 - ERROR - Max retries reached for term 'stable'
2025-05-29 21:39:06,574 - ERROR - Attempt 1/3 failed for term 'diabetes': relation "mrconso" does not exist
LINE 3:                     FROM MRCONSO c
                                 ^

2025-05-29 21:39:06,574 - ERROR - Attempt 2/3 failed for term 'diabetes': current transaction is aborted, commands ignored until end of transaction block

2025-05-29 21:39:06,575 - ERROR - Attempt 3/3 failed for term 'diabetes': current transaction is aborted, commands ignored until end of transaction block

2025-05-29 21:39:06,575 - ERROR - Max retries reached for term 'diabetes'
2025-05-29 21:39:06,591 - ERROR - Attempt 1/3 failed for term 'hypertension': relation "mrconso" does not exist
LINE 3:                     FROM MRCONSO c
                                 ^

2025-05-29 21:39:06,591 - ERROR - Attempt 2/3 failed for term 'hypertension': current transaction is aborted, commands ignored until end of transaction block

2025-05-29 21:39:06,592 - ERROR - Attempt 3/3 failed for term 'hypertension': current transaction is aborted, commands ignored until end of transaction block

2025-05-29 21:39:06,592 - ERROR - Max retries reached for term 'hypertension'
2025-05-29 21:39:06,618 - ERROR - Attempt 1/3 failed for term 'viral sinusitis': relation "mrconso" does not exist
LINE 3:                     FROM MRCONSO c
                                 ^

2025-05-29 21:39:06,622 - ERROR - Attempt 2/3 failed for term 'viral sinusitis': current transaction is aborted, commands ignored until end of transaction block

2025-05-29 21:39:06,623 - ERROR - Attempt 3/3 failed for term 'viral sinusitis': current transaction is aborted, commands ignored until end of transaction block

2025-05-29 21:39:06,623 - ERROR - Max retries reached for term 'viral sinusitis'
2025-05-29 21:39:06,644 - ERROR - Attempt 1/3 failed for term 'acute abnormalities': relation "mrconso" does not exist
LINE 3:                     FROM MRCONSO c
                                 ^

2025-05-29 21:39:06,645 - ERROR - Attempt 2/3 failed for term 'acute abnormalities': current transaction is aborted, commands ignored until end of transaction block

2025-05-29 21:39:06,647 - ERROR - Attempt 3/3 failed for term 'acute abnormalities': current transaction is aborted, commands ignored until end of transaction block

2025-05-29 21:39:06,647 - ERROR - Max retries reached for term 'acute abnormalities'
2025-05-29 21:39:06,671 - ERROR - Attempt 1/3 failed for term 'cardiovascular': relation "mrconso" does not exist
LINE 3:                     FROM MRCONSO c
                                 ^

2025-05-29 21:39:06,672 - ERROR - Attempt 2/3 failed for term 'cardiovascular': current transaction is aborted, commands ignored until end of transaction block

2025-05-29 21:39:06,675 - ERROR - Attempt 3/3 failed for term 'cardiovascular': current transaction is aborted, commands ignored until end of transaction block

2025-05-29 21:39:06,675 - ERROR - Max retries reached for term 'cardiovascular'
2025-05-29 21:39:06,710 - ERROR - Attempt 1/3 failed for term 'headache': relation "mrconso" does not exist
LINE 3:                     FROM MRCONSO c
                                 ^

2025-05-29 21:39:06,711 - ERROR - Attempt 2/3 failed for term 'headache': current transaction is aborted, commands ignored until end of transaction block

2025-05-29 21:39:06,712 - ERROR - Attempt 3/3 failed for term 'headache': current transaction is aborted, commands ignored until end of transaction block

2025-05-29 21:39:06,713 - ERROR - Max retries reached for term 'headache'
2025-05-29 21:39:06,737 - ERROR - Attempt 1/3 failed for term 'endocrine': relation "mrconso" does not exist
LINE 3:                     FROM MRCONSO c
                                 ^

2025-05-29 21:39:06,738 - ERROR - Attempt 2/3 failed for term 'endocrine': current transaction is aborted, commands ignored until end of transaction block

2025-05-29 21:39:06,739 - ERROR - Attempt 3/3 failed for term 'endocrine': current transaction is aborted, commands ignored until end of transaction block

2025-05-29 21:39:06,739 - ERROR - Max retries reached for term 'endocrine'
2025-05-29 21:39:06,765 - ERROR - Attempt 1/3 failed for term 'secondary to': relation "mrconso" does not exist
LINE 3:                     FROM MRCONSO c
                                 ^

2025-05-29 21:39:06,768 - ERROR - Attempt 2/3 failed for term 'secondary to': current transaction is aborted, commands ignored until end of transaction block

2025-05-29 21:39:06,769 - ERROR - Attempt 3/3 failed for term 'secondary to': current transaction is aborted, commands ignored until end of transaction block

2025-05-29 21:39:06,769 - ERROR - Max retries reached for term 'secondary to'
2025-05-29 21:39:06,798 - ERROR - Attempt 1/3 failed for term 'neurological': relation "mrconso" does not exist
LINE 3:                     FROM MRCONSO c
                                 ^

2025-05-29 21:39:06,803 - ERROR - Attempt 2/3 failed for term 'neurological': current transaction is aborted, commands ignored until end of transaction block

2025-05-29 21:39:06,804 - ERROR - Attempt 3/3 failed for term 'neurological': current transaction is aborted, commands ignored until end of transaction block

2025-05-29 21:39:06,804 - ERROR - Max retries reached for term 'neurological'
2025-05-29 21:39:06,837 - ERROR - Attempt 1/3 failed for term 'viral upper': relation "mrconso" does not exist
LINE 3:                     FROM MRCONSO c
                                 ^

2025-05-29 21:39:06,840 - ERROR - Attempt 2/3 failed for term 'viral upper': current transaction is aborted, commands ignored until end of transaction block

2025-05-29 21:39:06,843 - ERROR - Attempt 3/3 failed for term 'viral upper': current transaction is aborted, commands ignored until end of transaction block

2025-05-29 21:39:06,843 - ERROR - Max retries reached for term 'viral upper'
2025-05-29 21:39:06,860 - ERROR - Attempt 1/3 failed for term 'allergic rhinitis': relation "mrconso" does not exist
LINE 3:                     FROM MRCONSO c
                                 ^

2025-05-29 21:39:06,865 - ERROR - Attempt 2/3 failed for term 'allergic rhinitis': current transaction is aborted, commands ignored until end of transaction block

2025-05-29 21:39:06,866 - ERROR - Attempt 3/3 failed for term 'allergic rhinitis': current transaction is aborted, commands ignored until end of transaction block

2025-05-29 21:39:06,866 - ERROR - Max retries reached for term 'allergic rhinitis'
2025-05-29 21:39:06,893 - ERROR - Attempt 1/3 failed for term 'differential': relation "mrconso" does not exist
LINE 3:                     FROM MRCONSO c
                                 ^

2025-05-29 21:39:06,893 - ERROR - Attempt 2/3 failed for term 'differential': current transaction is aborted, commands ignored until end of transaction block

2025-05-29 21:39:06,899 - ERROR - Attempt 3/3 failed for term 'differential': current transaction is aborted, commands ignored until end of transaction block

2025-05-29 21:39:06,899 - ERROR - Max retries reached for term 'differential'
2025-05-29 21:39:06,942 - ERROR - Attempt 1/3 failed for term 'respiratory infection': relation "mrconso" does not exist
LINE 3:                     FROM MRCONSO c
                                 ^

2025-05-29 21:39:06,943 - ERROR - Attempt 2/3 failed for term 'respiratory infection': current transaction is aborted, commands ignored until end of transaction block

2025-05-29 21:39:06,946 - ERROR - Attempt 3/3 failed for term 'respiratory infection': current transaction is aborted, commands ignored until end of transaction block

2025-05-29 21:39:06,946 - ERROR - Max retries reached for term 'respiratory infection'
2025-05-29 21:39:06,969 - WARNING - Failed to fetch semantic type for CUI NO_CUI_likely secondary to recent viral upper respiratory infection. differential includes viral sinusitis or allergic rhinitis. other systems: neurological: headache likely related to sinusitis. endocrine: stable diabetes. cardiovascular: stable hypertension. no acute abnormalities in pulmonary: relation "mrsty" does not exist
LINE 3:                             FROM MRSTY sty
                                         ^

2025-05-29 21:39:07,271 - ERROR - Attempt 1/3 failed for term 'radiating': relation "mrconso" does not exist
LINE 3:                     FROM MRCONSO c
                                 ^

2025-05-29 21:39:07,272 - ERROR - Attempt 2/3 failed for term 'radiating': current transaction is aborted, commands ignored until end of transaction block

2025-05-29 21:39:07,273 - ERROR - Attempt 3/3 failed for term 'radiating': current transaction is aborted, commands ignored until end of transaction block

2025-05-29 21:39:07,273 - ERROR - Max retries reached for term 'radiating'
2025-05-29 21:39:07,288 - ERROR - Attempt 1/3 failed for term 'pain': relation "mrconso" does not exist
LINE 3:                     FROM MRCONSO c
                                 ^

2025-05-29 21:39:07,289 - ERROR - Attempt 2/3 failed for term 'pain': current transaction is aborted, commands ignored until end of transaction block

2025-05-29 21:39:07,290 - ERROR - Attempt 3/3 failed for term 'pain': current transaction is aborted, commands ignored until end of transaction block

2025-05-29 21:39:07,290 - ERROR - Max retries reached for term 'pain'
2025-05-29 21:39:07,303 - WARNING - Failed to fetch semantic type for CUI NO_CUI_radiating pain: relation "mrsty" does not exist
LINE 3:                             FROM MRSTY sty
                                         ^

2025-05-29 21:39:07,387 - ERROR - Attempt 1/3 failed for term 'bilateral': relation "mrconso" does not exist
LINE 3:                     FROM MRCONSO c
                                 ^

2025-05-29 21:39:07,388 - ERROR - Attempt 2/3 failed for term 'bilateral': current transaction is aborted, commands ignored until end of transaction block

2025-05-29 21:39:07,389 - ERROR - Attempt 3/3 failed for term 'bilateral': current transaction is aborted, commands ignored until end of transaction block

2025-05-29 21:39:07,389 - ERROR - Max retries reached for term 'bilateral'
2025-05-29 21:39:07,400 - ERROR - Attempt 1/3 failed for term 'nasal congestion': relation "mrconso" does not exist
LINE 3:                     FROM MRCONSO c
                                 ^

2025-05-29 21:39:07,400 - ERROR - Attempt 2/3 failed for term 'nasal congestion': current transaction is aborted, commands ignored until end of transaction block

2025-05-29 21:39:07,401 - ERROR - Attempt 3/3 failed for term 'nasal congestion': current transaction is aborted, commands ignored until end of transaction block

2025-05-29 21:39:07,402 - ERROR - Max retries reached for term 'nasal congestion'
2025-05-29 21:39:07,414 - WARNING - Failed to fetch semantic type for CUI NO_CUI_bilateral nasal congestion: relation "mrsty" does not exist
LINE 3:                             FROM MRSTY sty
                                         ^

2025-05-29 21:39:07,612 - WARNING - Skipping non-clinical or blocked term: 'days'
2025-05-29 21:39:07,624 - ERROR - Attempt 1/3 failed for term 'shortness of breath': relation "mrconso" does not exist
LINE 3:                     FROM MRCONSO c
                                 ^

2025-05-29 21:39:07,625 - ERROR - Attempt 2/3 failed for term 'shortness of breath': current transaction is aborted, commands ignored until end of transaction block

2025-05-29 21:39:07,625 - ERROR - Attempt 3/3 failed for term 'shortness of breath': current transaction is aborted, commands ignored until end of transaction block

2025-05-29 21:39:07,626 - ERROR - Max retries reached for term 'shortness of breath'
2025-05-29 21:39:07,640 - ERROR - Attempt 1/3 failed for term 'no cough': relation "mrconso" does not exist
LINE 3:                     FROM MRCONSO c
                                 ^

2025-05-29 21:39:07,641 - ERROR - Attempt 2/3 failed for term 'no cough': current transaction is aborted, commands ignored until end of transaction block

2025-05-29 21:39:07,641 - ERROR - Attempt 3/3 failed for term 'no cough': current transaction is aborted, commands ignored until end of transaction block

2025-05-29 21:39:07,641 - ERROR - Max retries reached for term 'no cough'
2025-05-29 21:39:07,654 - ERROR - Attempt 1/3 failed for term 'pulmonary': relation "mrconso" does not exist
LINE 3:                     FROM MRCONSO c
                                 ^

2025-05-29 21:39:07,654 - ERROR - Attempt 2/3 failed for term 'pulmonary': current transaction is aborted, commands ignored until end of transaction block

2025-05-29 21:39:07,655 - ERROR - Attempt 3/3 failed for term 'pulmonary': current transaction is aborted, commands ignored until end of transaction block

2025-05-29 21:39:07,655 - ERROR - Max retries reached for term 'pulmonary'
2025-05-29 21:39:07,667 - ERROR - Attempt 1/3 failed for term 'mild headache': relation "mrconso" does not exist
LINE 3:                     FROM MRCONSO c
                                 ^

2025-05-29 21:39:07,667 - ERROR - Attempt 2/3 failed for term 'mild headache': current transaction is aborted, commands ignored until end of transaction block

2025-05-29 21:39:07,668 - ERROR - Attempt 3/3 failed for term 'mild headache': current transaction is aborted, commands ignored until end of transaction block

2025-05-29 21:39:07,668 - ERROR - Max retries reached for term 'mild headache'
2025-05-29 21:39:07,685 - ERROR - Attempt 1/3 failed for term 'nasal discharge': relation "mrconso" does not exist
LINE 3:                     FROM MRCONSO c
                                 ^

2025-05-29 21:39:07,687 - ERROR - Attempt 2/3 failed for term 'nasal discharge': current transaction is aborted, commands ignored until end of transaction block

2025-05-29 21:39:07,689 - ERROR - Attempt 3/3 failed for term 'nasal discharge': current transaction is aborted, commands ignored until end of transaction block

2025-05-29 21:39:07,689 - ERROR - Max retries reached for term 'nasal discharge'
2025-05-29 21:39:07,709 - ERROR - Attempt 1/3 failed for term 'sinus pain': relation "mrconso" does not exist
LINE 3:                     FROM MRCONSO c
                                 ^

2025-05-29 21:39:07,710 - ERROR - Attempt 2/3 failed for term 'sinus pain': current transaction is aborted, commands ignored until end of transaction block

2025-05-29 21:39:07,710 - ERROR - Attempt 3/3 failed for term 'sinus pain': current transaction is aborted, commands ignored until end of transaction block

2025-05-29 21:39:07,711 - ERROR - Max retries reached for term 'sinus pain'
2025-05-29 21:39:07,725 - ERROR - Attempt 1/3 failed for term 'cardiovascular': relation "mrconso" does not exist
LINE 3:                     FROM MRCONSO c
                                 ^

2025-05-29 21:39:07,726 - ERROR - Attempt 2/3 failed for term 'cardiovascular': current transaction is aborted, commands ignored until end of transaction block

2025-05-29 21:39:07,727 - ERROR - Attempt 3/3 failed for term 'cardiovascular': current transaction is aborted, commands ignored until end of transaction block

2025-05-29 21:39:07,727 - ERROR - Max retries reached for term 'cardiovascular'
2025-05-29 21:39:07,742 - ERROR - Attempt 1/3 failed for term 'palpitations': relation "mrconso" does not exist
LINE 3:                     FROM MRCONSO c
                                 ^

2025-05-29 21:39:07,743 - ERROR - Attempt 2/3 failed for term 'palpitations': current transaction is aborted, commands ignored until end of transaction block

2025-05-29 21:39:07,744 - ERROR - Attempt 3/3 failed for term 'palpitations': current transaction is aborted, commands ignored until end of transaction block

2025-05-29 21:39:07,744 - ERROR - Max retries reached for term 'palpitations'
2025-05-29 21:39:07,757 - ERROR - Attempt 1/3 failed for term 'hearing loss': relation "mrconso" does not exist
LINE 3:                     FROM MRCONSO c
                                 ^

2025-05-29 21:39:07,758 - ERROR - Attempt 2/3 failed for term 'hearing loss': current transaction is aborted, commands ignored until end of transaction block

2025-05-29 21:39:07,759 - ERROR - Attempt 3/3 failed for term 'hearing loss': current transaction is aborted, commands ignored until end of transaction block

2025-05-29 21:39:07,759 - ERROR - Max retries reached for term 'hearing loss'
2025-05-29 21:39:07,780 - ERROR - Attempt 1/3 failed for term 'low-grade': relation "mrconso" does not exist
LINE 3:                     FROM MRCONSO c
                                 ^

2025-05-29 21:39:07,781 - ERROR - Attempt 2/3 failed for term 'low-grade': current transaction is aborted, commands ignored until end of transaction block

2025-05-29 21:39:07,782 - ERROR - Attempt 3/3 failed for term 'low-grade': current transaction is aborted, commands ignored until end of transaction block

2025-05-29 21:39:07,782 - ERROR - Max retries reached for term 'low-grade'
2025-05-29 21:39:07,808 - ERROR - Attempt 1/3 failed for term 'chest pain': relation "mrconso" does not exist
LINE 3:                     FROM MRCONSO c
                                 ^

2025-05-29 21:39:07,809 - ERROR - Attempt 2/3 failed for term 'chest pain': current transaction is aborted, commands ignored until end of transaction block

2025-05-29 21:39:07,810 - ERROR - Attempt 3/3 failed for term 'chest pain': current transaction is aborted, commands ignored until end of transaction block

2025-05-29 21:39:07,810 - ERROR - Max retries reached for term 'chest pain'
2025-05-29 21:39:07,825 - ERROR - Attempt 1/3 failed for term 'purulent': relation "mrconso" does not exist
LINE 3:                     FROM MRCONSO c
                                 ^

2025-05-29 21:39:07,826 - ERROR - Attempt 2/3 failed for term 'purulent': current transaction is aborted, commands ignored until end of transaction block

2025-05-29 21:39:07,826 - ERROR - Attempt 3/3 failed for term 'purulent': current transaction is aborted, commands ignored until end of transaction block

2025-05-29 21:39:07,826 - ERROR - Max retries reached for term 'purulent'
2025-05-29 21:39:07,841 - ERROR - Attempt 1/3 failed for term 'neurological': relation "mrconso" does not exist
LINE 3:                     FROM MRCONSO c
                                 ^

2025-05-29 21:39:07,841 - ERROR - Attempt 2/3 failed for term 'neurological': current transaction is aborted, commands ignored until end of transaction block

2025-05-29 21:39:07,842 - ERROR - Attempt 3/3 failed for term 'neurological': current transaction is aborted, commands ignored until end of transaction block

2025-05-29 21:39:07,842 - ERROR - Max retries reached for term 'neurological'
2025-05-29 21:39:07,856 - ERROR - Attempt 1/3 failed for term 'associated with': relation "mrconso" does not exist
LINE 3:                     FROM MRCONSO c
                                 ^

2025-05-29 21:39:07,856 - ERROR - Attempt 2/3 failed for term 'associated with': current transaction is aborted, commands ignored until end of transaction block

2025-05-29 21:39:07,857 - ERROR - Attempt 3/3 failed for term 'associated with': current transaction is aborted, commands ignored until end of transaction block

2025-05-29 21:39:07,858 - ERROR - Max retries reached for term 'associated with'
2025-05-29 21:39:07,874 - WARNING - Failed to fetch semantic type for CUI NO_CUI_and purulent nasal discharge for 10 days. low-grade fever (up to 100.5°f). no sore throat or hearing loss. pulmonary: no cough or shortness of breath. cardiovascular: no chest pain or palpitations. neurological: mild headache associated with sinus pain: relation "mrsty" does not exist
LINE 3:                             FROM MRSTY sty
                                         ^

2025-05-29 21:39:08,146 - ERROR - Attempt 1/3 failed for term 'acute': relation "mrconso" does not exist
LINE 3:                     FROM MRCONSO c
                                 ^

2025-05-29 21:39:08,147 - ERROR - Attempt 2/3 failed for term 'acute': current transaction is aborted, commands ignored until end of transaction block

2025-05-29 21:39:08,148 - ERROR - Attempt 3/3 failed for term 'acute': current transaction is aborted, commands ignored until end of transaction block

2025-05-29 21:39:08,148 - ERROR - Max retries reached for term 'acute'
2025-05-29 21:39:08,162 - ERROR - Attempt 1/3 failed for term 'bacterial sinusitis': relation "mrconso" does not exist
LINE 3:                     FROM MRCONSO c
                                 ^

2025-05-29 21:39:08,164 - ERROR - Attempt 2/3 failed for term 'bacterial sinusitis': current transaction is aborted, commands ignored until end of transaction block

2025-05-29 21:39:08,164 - ERROR - Attempt 3/3 failed for term 'bacterial sinusitis': current transaction is aborted, commands ignored until end of transaction block

2025-05-29 21:39:08,165 - ERROR - Max retries reached for term 'bacterial sinusitis'
2025-05-29 21:39:08,178 - ERROR - Attempt 1/3 failed for term 'no joint pain': relation "mrconso" does not exist
LINE 3:                     FROM MRCONSO c
                                 ^

2025-05-29 21:39:08,180 - ERROR - Attempt 2/3 failed for term 'no joint pain': current transaction is aborted, commands ignored until end of transaction block

2025-05-29 21:39:08,181 - ERROR - Attempt 3/3 failed for term 'no joint pain': current transaction is aborted, commands ignored until end of transaction block

2025-05-29 21:39:08,181 - ERROR - Max retries reached for term 'no joint pain'
2025-05-29 21:39:08,194 - ERROR - Attempt 1/3 failed for term 'no dizziness': relation "mrconso" does not exist
LINE 3:                     FROM MRCONSO c
                                 ^

2025-05-29 21:39:08,195 - ERROR - Attempt 2/3 failed for term 'no dizziness': current transaction is aborted, commands ignored until end of transaction block

2025-05-29 21:39:08,196 - ERROR - Attempt 3/3 failed for term 'no dizziness': current transaction is aborted, commands ignored until end of transaction block

2025-05-29 21:39:08,196 - ERROR - Max retries reached for term 'no dizziness'
2025-05-29 21:39:08,209 - ERROR - Attempt 1/3 failed for term 'weight changes': relation "mrconso" does not exist
LINE 3:                     FROM MRCONSO c
                                 ^

2025-05-29 21:39:08,209 - ERROR - Attempt 2/3 failed for term 'weight changes': current transaction is aborted, commands ignored until end of transaction block

2025-05-29 21:39:08,210 - ERROR - Attempt 3/3 failed for term 'weight changes': current transaction is aborted, commands ignored until end of transaction block

2025-05-29 21:39:08,210 - ERROR - Max retries reached for term 'weight changes'
2025-05-29 21:39:08,223 - ERROR - Attempt 1/3 failed for term 'bruising': relation "mrconso" does not exist
LINE 3:                     FROM MRCONSO c
                                 ^

2025-05-29 21:39:08,224 - ERROR - Attempt 2/3 failed for term 'bruising': current transaction is aborted, commands ignored until end of transaction block

2025-05-29 21:39:08,224 - ERROR - Attempt 3/3 failed for term 'bruising': current transaction is aborted, commands ignored until end of transaction block

2025-05-29 21:39:08,225 - ERROR - Max retries reached for term 'bruising'
2025-05-29 21:39:08,238 - ERROR - Attempt 1/3 failed for term 'ophthalmologic': relation "mrconso" does not exist
LINE 3:                     FROM MRCONSO c
                                 ^

2025-05-29 21:39:08,239 - ERROR - Attempt 2/3 failed for term 'ophthalmologic': current transaction is aborted, commands ignored until end of transaction block

2025-05-29 21:39:08,239 - ERROR - Attempt 3/3 failed for term 'ophthalmologic': current transaction is aborted, commands ignored until end of transaction block

2025-05-29 21:39:08,240 - ERROR - Max retries reached for term 'ophthalmologic'
2025-05-29 21:39:08,252 - ERROR - Attempt 1/3 failed for term 'dermatologic': relation "mrconso" does not exist
LINE 3:                     FROM MRCONSO c
                                 ^

2025-05-29 21:39:08,253 - ERROR - Attempt 2/3 failed for term 'dermatologic': current transaction is aborted, commands ignored until end of transaction block

2025-05-29 21:39:08,254 - ERROR - Attempt 3/3 failed for term 'dermatologic': current transaction is aborted, commands ignored until end of transaction block

2025-05-29 21:39:08,254 - ERROR - Max retries reached for term 'dermatologic'
2025-05-29 21:39:08,267 - ERROR - Attempt 1/3 failed for term 'no rashes': relation "mrconso" does not exist
LINE 3:                     FROM MRCONSO c
                                 ^

2025-05-29 21:39:08,268 - ERROR - Attempt 2/3 failed for term 'no rashes': current transaction is aborted, commands ignored until end of transaction block

2025-05-29 21:39:08,269 - ERROR - Attempt 3/3 failed for term 'no rashes': current transaction is aborted, commands ignored until end of transaction block

2025-05-29 21:39:08,269 - ERROR - Max retries reached for term 'no rashes'
2025-05-29 21:39:08,280 - ERROR - Attempt 1/3 failed for term 'endocrine': relation "mrconso" does not exist
LINE 3:                     FROM MRCONSO c
                                 ^

2025-05-29 21:39:08,281 - ERROR - Attempt 2/3 failed for term 'endocrine': current transaction is aborted, commands ignored until end of transaction block

2025-05-29 21:39:08,282 - ERROR - Attempt 3/3 failed for term 'endocrine': current transaction is aborted, commands ignored until end of transaction block

2025-05-29 21:39:08,282 - ERROR - Max retries reached for term 'endocrine'
2025-05-29 21:39:08,283 - WARNING - Skipping non-clinical or blocked term: 'psychiatric'
2025-05-29 21:39:08,296 - ERROR - Attempt 1/3 failed for term 'nausea': relation "mrconso" does not exist
LINE 3:                     FROM MRCONSO c
                                 ^

2025-05-29 21:39:08,298 - ERROR - Attempt 2/3 failed for term 'nausea': current transaction is aborted, commands ignored until end of transaction block

2025-05-29 21:39:08,299 - ERROR - Attempt 3/3 failed for term 'nausea': current transaction is aborted, commands ignored until end of transaction block

2025-05-29 21:39:08,299 - ERROR - Max retries reached for term 'nausea'
2025-05-29 21:39:08,300 - WARNING - Skipping non-clinical or blocked term: 'symptoms'
2025-05-29 21:39:08,301 - WARNING - Skipping non-clinical or blocked term: 'hematologic'
2025-05-29 21:39:08,314 - ERROR - Attempt 1/3 failed for term 'bleeding': relation "mrconso" does not exist
LINE 3:                     FROM MRCONSO c
                                 ^

2025-05-29 21:39:08,315 - ERROR - Attempt 2/3 failed for term 'bleeding': current transaction is aborted, commands ignored until end of transaction block

2025-05-29 21:39:08,315 - ERROR - Attempt 3/3 failed for term 'bleeding': current transaction is aborted, commands ignored until end of transaction block

2025-05-29 21:39:08,316 - ERROR - Max retries reached for term 'bleeding'
2025-05-29 21:39:08,330 - ERROR - Attempt 1/3 failed for term 'primary assessment': relation "mrconso" does not exist
LINE 3:                     FROM MRCONSO c
                                 ^

2025-05-29 21:39:08,331 - ERROR - Attempt 2/3 failed for term 'primary assessment': current transaction is aborted, commands ignored until end of transaction block

2025-05-29 21:39:08,331 - ERROR - Attempt 3/3 failed for term 'primary assessment': current transaction is aborted, commands ignored until end of transaction block

2025-05-29 21:39:08,332 - ERROR - Max retries reached for term 'primary assessment'
2025-05-29 21:39:08,332 - WARNING - Skipping non-clinical or blocked term: 'vision'
2025-05-29 21:39:08,348 - ERROR - Attempt 1/3 failed for term 'consistent with': relation "mrconso" does not exist
LINE 3:                     FROM MRCONSO c
                                 ^

2025-05-29 21:39:08,349 - ERROR - Attempt 2/3 failed for term 'consistent with': current transaction is aborted, commands ignored until end of transaction block

2025-05-29 21:39:08,350 - ERROR - Attempt 3/3 failed for term 'consistent with': current transaction is aborted, commands ignored until end of transaction block

2025-05-29 21:39:08,350 - ERROR - Max retries reached for term 'consistent with'
2025-05-29 21:39:08,364 - ERROR - Attempt 1/3 failed for term 'genitourinary': relation "mrconso" does not exist
LINE 3:                     FROM MRCONSO c
                                 ^

2025-05-29 21:39:08,365 - ERROR - Attempt 2/3 failed for term 'genitourinary': current transaction is aborted, commands ignored until end of transaction block

2025-05-29 21:39:08,365 - ERROR - Attempt 3/3 failed for term 'genitourinary': current transaction is aborted, commands ignored until end of transaction block

2025-05-29 21:39:08,366 - ERROR - Max retries reached for term 'genitourinary'
2025-05-29 21:39:08,366 - WARNING - Skipping non-clinical or blocked term: 'gastrointestinal'
2025-05-29 21:39:08,381 - ERROR - Attempt 1/3 failed for term 'diarrhea': relation "mrconso" does not exist
LINE 3:                     FROM MRCONSO c
                                 ^

2025-05-29 21:39:08,382 - ERROR - Attempt 2/3 failed for term 'diarrhea': current transaction is aborted, commands ignored until end of transaction block

2025-05-29 21:39:08,382 - ERROR - Attempt 3/3 failed for term 'diarrhea': current transaction is aborted, commands ignored until end of transaction block

2025-05-29 21:39:08,383 - ERROR - Max retries reached for term 'diarrhea'
2025-05-29 21:39:08,397 - ERROR - Attempt 1/3 failed for term 'mood changes': relation "mrconso" does not exist
LINE 3:                     FROM MRCONSO c
                                 ^

2025-05-29 21:39:08,398 - ERROR - Attempt 2/3 failed for term 'mood changes': current transaction is aborted, commands ignored until end of transaction block

2025-05-29 21:39:08,398 - ERROR - Attempt 3/3 failed for term 'mood changes': current transaction is aborted, commands ignored until end of transaction block

2025-05-29 21:39:08,399 - ERROR - Max retries reached for term 'mood changes'
2025-05-29 21:39:08,414 - ERROR - Attempt 1/3 failed for term 'lesions': relation "mrconso" does not exist
LINE 3:                     FROM MRCONSO c
                                 ^

2025-05-29 21:39:08,415 - ERROR - Attempt 2/3 failed for term 'lesions': current transaction is aborted, commands ignored until end of transaction block

2025-05-29 21:39:08,416 - ERROR - Attempt 3/3 failed for term 'lesions': current transaction is aborted, commands ignored until end of transaction block

2025-05-29 21:39:08,416 - ERROR - Max retries reached for term 'lesions'
2025-05-29 21:39:08,428 - ERROR - Attempt 1/3 failed for term 'stiffness': relation "mrconso" does not exist
LINE 3:                     FROM MRCONSO c
                                 ^

2025-05-29 21:39:08,429 - ERROR - Attempt 2/3 failed for term 'stiffness': current transaction is aborted, commands ignored until end of transaction block

2025-05-29 21:39:08,430 - ERROR - Attempt 3/3 failed for term 'stiffness': current transaction is aborted, commands ignored until end of transaction block

2025-05-29 21:39:08,430 - ERROR - Max retries reached for term 'stiffness'
2025-05-29 21:39:08,442 - ERROR - Attempt 1/3 failed for term 'urinary changes': relation "mrconso" does not exist
LINE 3:                     FROM MRCONSO c
                                 ^

2025-05-29 21:39:08,443 - ERROR - Attempt 2/3 failed for term 'urinary changes': current transaction is aborted, commands ignored until end of transaction block

2025-05-29 21:39:08,444 - ERROR - Attempt 3/3 failed for term 'urinary changes': current transaction is aborted, commands ignored until end of transaction block

2025-05-29 21:39:08,444 - ERROR - Max retries reached for term 'urinary changes'
2025-05-29 21:39:08,458 - WARNING - Failed to fetch semantic type for CUI NO_CUI_no dizziness. musculoskeletal: no joint pain or stiffness. gastrointestinal: no nausea or diarrhea. genitourinary: no urinary changes. endocrine: no weight changes or thirst. hematologic: no easy bruising or bleeding. dermatologic: no rashes or lesions. psychiatric: no mood changes. ophthalmologic: no vision changes. primary assessment: symptoms consistent with acute bacterial sinusitis: relation "mrsty" does not exist
LINE 3:                             FROM MRSTY sty
                                         ^

2025-05-29 21:40:48,429 - ERROR - Failed to initialize NLP pipeline: [E893] Could not find function 'replace_tokenizer' in function registry 'callbacks'. If you're using a custom function, make sure the code is available. If the function is provided by a third-party package, e.g. spacy-transformers, make sure the package is installed in your environment.

Available names: spacy.copy_from_base_model.v1, spacy.models_and_pipes_with_nvtx_range.v1, spacy.models_with_nvtx_range.v1
2025-05-29 21:40:49,376 - WARNING - Using fallback spacy pipeline without parser, ner, or linker
2025-05-29 21:40:50,343 - ERROR - Attempt 1/3 failed for term 'facial pain': relation "mrconso" does not exist
LINE 3:                     FROM MRCONSO c
                                 ^

2025-05-29 21:40:50,344 - ERROR - Attempt 2/3 failed for term 'facial pain': current transaction is aborted, commands ignored until end of transaction block

2025-05-29 21:40:50,346 - ERROR - Attempt 3/3 failed for term 'facial pain': current transaction is aborted, commands ignored until end of transaction block

2025-05-29 21:40:50,346 - ERROR - Max retries reached for term 'facial pain'
2025-05-29 21:40:50,372 - WARNING - Failed to fetch semantic type for CUI NO_CUI_facial pain: relation "mrsty" does not exist
LINE 3:                             FROM MRSTY sty
                                         ^

2025-05-29 21:40:50,523 - ERROR - Attempt 1/3 failed for term 'nasal congestion': relation "mrconso" does not exist
LINE 3:                     FROM MRCONSO c
                                 ^

2025-05-29 21:40:50,527 - ERROR - Attempt 2/3 failed for term 'nasal congestion': current transaction is aborted, commands ignored until end of transaction block

2025-05-29 21:40:50,531 - ERROR - Attempt 3/3 failed for term 'nasal congestion': current transaction is aborted, commands ignored until end of transaction block

2025-05-29 21:40:50,533 - ERROR - Max retries reached for term 'nasal congestion'
2025-05-29 21:40:50,560 - WARNING - Failed to fetch semantic type for CUI NO_CUI_nasal congestion: relation "mrsty" does not exist
LINE 3:                             FROM MRSTY sty
                                         ^

2025-05-29 21:40:50,680 - ERROR - Attempt 1/3 failed for term 'purulent': relation "mrconso" does not exist
LINE 3:                     FROM MRCONSO c
                                 ^

2025-05-29 21:40:50,680 - ERROR - Attempt 2/3 failed for term 'purulent': current transaction is aborted, commands ignored until end of transaction block

2025-05-29 21:40:50,681 - ERROR - Attempt 3/3 failed for term 'purulent': current transaction is aborted, commands ignored until end of transaction block

2025-05-29 21:40:50,681 - ERROR - Max retries reached for term 'purulent'
2025-05-29 21:40:50,694 - ERROR - Attempt 1/3 failed for term 'nasal discharge': relation "mrconso" does not exist
LINE 3:                     FROM MRCONSO c
                                 ^

2025-05-29 21:40:50,695 - ERROR - Attempt 2/3 failed for term 'nasal discharge': current transaction is aborted, commands ignored until end of transaction block

2025-05-29 21:40:50,696 - ERROR - Attempt 3/3 failed for term 'nasal discharge': current transaction is aborted, commands ignored until end of transaction block

2025-05-29 21:40:50,696 - ERROR - Max retries reached for term 'nasal discharge'
2025-05-29 21:40:50,709 - WARNING - Failed to fetch semantic type for CUI NO_CUI_purulent nasal discharge: relation "mrsty" does not exist
LINE 3:                             FROM MRSTY sty
                                         ^

2025-05-29 21:40:50,803 - ERROR - Attempt 1/3 failed for term 'fever': relation "mrconso" does not exist
LINE 3:                     FROM MRCONSO c
                                 ^

2025-05-29 21:40:50,804 - ERROR - Attempt 2/3 failed for term 'fever': current transaction is aborted, commands ignored until end of transaction block

2025-05-29 21:40:50,804 - ERROR - Attempt 3/3 failed for term 'fever': current transaction is aborted, commands ignored until end of transaction block

2025-05-29 21:40:50,804 - ERROR - Max retries reached for term 'fever'
2025-05-29 21:40:50,818 - WARNING - Failed to fetch semantic type for CUI NO_CUI_fever: relation "mrsty" does not exist
LINE 3:                             FROM MRSTY sty
                                         ^

2025-05-29 21:40:50,966 - WARNING - Skipping non-clinical or blocked term: 'days'
2025-05-29 21:40:50,976 - ERROR - Attempt 1/3 failed for term 'facial pain': relation "mrconso" does not exist
LINE 3:                     FROM MRCONSO c
                                 ^

2025-05-29 21:40:50,977 - ERROR - Attempt 2/3 failed for term 'facial pain': current transaction is aborted, commands ignored until end of transaction block

2025-05-29 21:40:50,978 - ERROR - Attempt 3/3 failed for term 'facial pain': current transaction is aborted, commands ignored until end of transaction block

2025-05-29 21:40:50,978 - ERROR - Max retries reached for term 'facial pain'
2025-05-29 21:40:50,993 - ERROR - Attempt 1/3 failed for term 'nasal discharge': relation "mrconso" does not exist
LINE 3:                     FROM MRCONSO c
                                 ^

2025-05-29 21:40:50,994 - ERROR - Attempt 2/3 failed for term 'nasal discharge': current transaction is aborted, commands ignored until end of transaction block

2025-05-29 21:40:50,995 - ERROR - Attempt 3/3 failed for term 'nasal discharge': current transaction is aborted, commands ignored until end of transaction block

2025-05-29 21:40:50,995 - ERROR - Max retries reached for term 'nasal discharge'
2025-05-29 21:40:51,013 - ERROR - Attempt 1/3 failed for term 'fever': relation "mrconso" does not exist
LINE 3:                     FROM MRCONSO c
                                 ^

2025-05-29 21:40:51,014 - ERROR - Attempt 2/3 failed for term 'fever': current transaction is aborted, commands ignored until end of transaction block

2025-05-29 21:40:51,015 - ERROR - Attempt 3/3 failed for term 'fever': current transaction is aborted, commands ignored until end of transaction block

2025-05-29 21:40:51,016 - ERROR - Max retries reached for term 'fever'
2025-05-29 21:40:51,030 - ERROR - Attempt 1/3 failed for term 'patient': relation "mrconso" does not exist
LINE 3:                     FROM MRCONSO c
                                 ^

2025-05-29 21:40:51,031 - ERROR - Attempt 2/3 failed for term 'patient': current transaction is aborted, commands ignored until end of transaction block

2025-05-29 21:40:51,032 - ERROR - Attempt 3/3 failed for term 'patient': current transaction is aborted, commands ignored until end of transaction block

2025-05-29 21:40:51,032 - ERROR - Max retries reached for term 'patient'
2025-05-29 21:40:51,045 - ERROR - Attempt 1/3 failed for term 'nasal congestion': relation "mrconso" does not exist
LINE 3:                     FROM MRCONSO c
                                 ^

2025-05-29 21:40:51,046 - ERROR - Attempt 2/3 failed for term 'nasal congestion': current transaction is aborted, commands ignored until end of transaction block

2025-05-29 21:40:51,046 - ERROR - Attempt 3/3 failed for term 'nasal congestion': current transaction is aborted, commands ignored until end of transaction block

2025-05-29 21:40:51,046 - ERROR - Max retries reached for term 'nasal congestion'
2025-05-29 21:40:51,059 - ERROR - Attempt 1/3 failed for term 'purulent': relation "mrconso" does not exist
LINE 3:                     FROM MRCONSO c
                                 ^

2025-05-29 21:40:51,060 - ERROR - Attempt 2/3 failed for term 'purulent': current transaction is aborted, commands ignored until end of transaction block

2025-05-29 21:40:51,061 - ERROR - Attempt 3/3 failed for term 'purulent': current transaction is aborted, commands ignored until end of transaction block

2025-05-29 21:40:51,061 - ERROR - Max retries reached for term 'purulent'
2025-05-29 21:40:51,075 - ERROR - Attempt 1/3 failed for term 'reports': relation "mrconso" does not exist
LINE 3:                     FROM MRCONSO c
                                 ^

2025-05-29 21:40:51,076 - ERROR - Attempt 2/3 failed for term 'reports': current transaction is aborted, commands ignored until end of transaction block

2025-05-29 21:40:51,077 - ERROR - Attempt 3/3 failed for term 'reports': current transaction is aborted, commands ignored until end of transaction block

2025-05-29 21:40:51,077 - ERROR - Max retries reached for term 'reports'
2025-05-29 21:40:51,090 - WARNING - Failed to fetch semantic type for CUI NO_CUI_patient presents with facial pain, nasal congestion, and fever for 10 days. reports purulent nasal discharge.: relation "mrsty" does not exist
LINE 3:                             FROM MRSTY sty
                                         ^

2025-05-29 21:40:51,211 - ERROR - Attempt 1/3 failed for term 'headache': relation "mrconso" does not exist
LINE 3:                     FROM MRCONSO c
                                 ^

2025-05-29 21:40:51,212 - ERROR - Attempt 2/3 failed for term 'headache': current transaction is aborted, commands ignored until end of transaction block

2025-05-29 21:40:51,212 - ERROR - Attempt 3/3 failed for term 'headache': current transaction is aborted, commands ignored until end of transaction block

2025-05-29 21:40:51,213 - ERROR - Max retries reached for term 'headache'
2025-05-29 21:40:51,246 - WARNING - Failed to fetch semantic type for CUI NO_CUI_headache: relation "mrsty" does not exist
LINE 3:                             FROM MRSTY sty
                                         ^

2025-05-29 21:40:51,396 - ERROR - Attempt 1/3 failed for term 'headache': relation "mrconso" does not exist
LINE 3:                     FROM MRCONSO c
                                 ^

2025-05-29 21:40:51,396 - ERROR - Attempt 2/3 failed for term 'headache': current transaction is aborted, commands ignored until end of transaction block

2025-05-29 21:40:51,397 - ERROR - Attempt 3/3 failed for term 'headache': current transaction is aborted, commands ignored until end of transaction block

2025-05-29 21:40:51,398 - ERROR - Max retries reached for term 'headache'
2025-05-29 21:40:51,412 - ERROR - Attempt 1/3 failed for term 'patient complains': relation "mrconso" does not exist
LINE 3:                     FROM MRCONSO c
                                 ^

2025-05-29 21:40:51,413 - ERROR - Attempt 2/3 failed for term 'patient complains': current transaction is aborted, commands ignored until end of transaction block

2025-05-29 21:40:51,414 - ERROR - Attempt 3/3 failed for term 'patient complains': current transaction is aborted, commands ignored until end of transaction block

2025-05-29 21:40:51,415 - ERROR - Max retries reached for term 'patient complains'
2025-05-29 21:40:51,430 - WARNING - Failed to fetch semantic type for CUI NO_CUI_patient complains of headache: relation "mrsty" does not exist
LINE 3:                             FROM MRSTY sty
                                         ^

2025-05-29 21:40:51,523 - ERROR - Attempt 1/3 failed for term 'back pain': relation "mrconso" does not exist
LINE 3:                     FROM MRCONSO c
                                 ^

2025-05-29 21:40:51,524 - ERROR - Attempt 2/3 failed for term 'back pain': current transaction is aborted, commands ignored until end of transaction block

2025-05-29 21:40:51,524 - ERROR - Attempt 3/3 failed for term 'back pain': current transaction is aborted, commands ignored until end of transaction block

2025-05-29 21:40:51,525 - ERROR - Max retries reached for term 'back pain'
2025-05-29 21:40:51,537 - WARNING - Failed to fetch semantic type for CUI NO_CUI_back pain: relation "mrsty" does not exist
LINE 3:                             FROM MRSTY sty
                                         ^

2025-05-29 21:40:51,635 - ERROR - Attempt 1/3 failed for term 'movement': relation "mrconso" does not exist
LINE 3:                     FROM MRCONSO c
                                 ^

2025-05-29 21:40:51,635 - ERROR - Attempt 2/3 failed for term 'movement': current transaction is aborted, commands ignored until end of transaction block

2025-05-29 21:40:51,636 - ERROR - Attempt 3/3 failed for term 'movement': current transaction is aborted, commands ignored until end of transaction block

2025-05-29 21:40:51,636 - ERROR - Max retries reached for term 'movement'
2025-05-29 21:40:51,651 - ERROR - Attempt 1/3 failed for term 'pain': relation "mrconso" does not exist
LINE 3:                     FROM MRCONSO c
                                 ^

2025-05-29 21:40:51,652 - ERROR - Attempt 2/3 failed for term 'pain': current transaction is aborted, commands ignored until end of transaction block

2025-05-29 21:40:51,653 - ERROR - Attempt 3/3 failed for term 'pain': current transaction is aborted, commands ignored until end of transaction block

2025-05-29 21:40:51,654 - ERROR - Max retries reached for term 'pain'
2025-05-29 21:40:51,671 - WARNING - Failed to fetch semantic type for CUI NO_CUI_pain on movement: relation "mrsty" does not exist
LINE 3:                             FROM MRSTY sty
                                         ^

2025-05-29 21:40:51,753 - ERROR - Attempt 1/3 failed for term 'obesity': relation "mrconso" does not exist
LINE 3:                     FROM MRCONSO c
                                 ^

2025-05-29 21:40:51,753 - ERROR - Attempt 2/3 failed for term 'obesity': current transaction is aborted, commands ignored until end of transaction block

2025-05-29 21:40:51,754 - ERROR - Attempt 3/3 failed for term 'obesity': current transaction is aborted, commands ignored until end of transaction block

2025-05-29 21:40:51,754 - ERROR - Max retries reached for term 'obesity'
2025-05-29 21:40:51,765 - WARNING - Failed to fetch semantic type for CUI NO_CUI_obesity: relation "mrsty" does not exist
LINE 3:                             FROM MRSTY sty
                                         ^

2025-05-29 21:40:51,887 - ERROR - Attempt 1/3 failed for term 'back pain': relation "mrconso" does not exist
LINE 3:                     FROM MRCONSO c
                                 ^

2025-05-29 21:40:51,888 - ERROR - Attempt 2/3 failed for term 'back pain': current transaction is aborted, commands ignored until end of transaction block

2025-05-29 21:40:51,888 - ERROR - Attempt 3/3 failed for term 'back pain': current transaction is aborted, commands ignored until end of transaction block

2025-05-29 21:40:51,889 - ERROR - Max retries reached for term 'back pain'
2025-05-29 21:40:51,900 - ERROR - Attempt 1/3 failed for term 'weeks': relation "mrconso" does not exist
LINE 3:                     FROM MRCONSO c
                                 ^

2025-05-29 21:40:51,901 - ERROR - Attempt 2/3 failed for term 'weeks': current transaction is aborted, commands ignored until end of transaction block

2025-05-29 21:40:51,902 - ERROR - Attempt 3/3 failed for term 'weeks': current transaction is aborted, commands ignored until end of transaction block

2025-05-29 21:40:51,902 - ERROR - Max retries reached for term 'weeks'
2025-05-29 21:40:51,914 - WARNING - Failed to fetch semantic type for CUI NO_CUI_back pain for two weeks: relation "mrsty" does not exist
LINE 3:                             FROM MRSTY sty
                                         ^

2025-05-29 21:40:52,027 - WARNING - Skipping non-clinical or blocked term: 'days'
2025-05-29 21:40:52,036 - ERROR - Attempt 1/3 failed for term 'patient complains': relation "mrconso" does not exist
LINE 3:                     FROM MRCONSO c
                                 ^

2025-05-29 21:40:52,037 - ERROR - Attempt 2/3 failed for term 'patient complains': current transaction is aborted, commands ignored until end of transaction block

2025-05-29 21:40:52,038 - ERROR - Attempt 3/3 failed for term 'patient complains': current transaction is aborted, commands ignored until end of transaction block

2025-05-29 21:40:52,039 - ERROR - Max retries reached for term 'patient complains'
2025-05-29 21:40:52,040 - WARNING - Skipping non-clinical or blocked term: 'chills'
2025-05-29 21:40:52,061 - ERROR - Attempt 1/3 failed for term 'fevers': relation "mrconso" does not exist
LINE 3:                     FROM MRCONSO c
                                 ^

2025-05-29 21:40:52,062 - ERROR - Attempt 2/3 failed for term 'fevers': current transaction is aborted, commands ignored until end of transaction block

2025-05-29 21:40:52,063 - ERROR - Attempt 3/3 failed for term 'fevers': current transaction is aborted, commands ignored until end of transaction block

2025-05-29 21:40:52,063 - ERROR - Max retries reached for term 'fevers'
2025-05-29 21:40:52,082 - ERROR - Attempt 1/3 failed for term 'headache': relation "mrconso" does not exist
LINE 3:                     FROM MRCONSO c
                                 ^

2025-05-29 21:40:52,083 - ERROR - Attempt 2/3 failed for term 'headache': current transaction is aborted, commands ignored until end of transaction block

2025-05-29 21:40:52,084 - ERROR - Attempt 3/3 failed for term 'headache': current transaction is aborted, commands ignored until end of transaction block

2025-05-29 21:40:52,084 - ERROR - Max retries reached for term 'headache'
2025-05-29 21:40:52,101 - ERROR - Attempt 1/3 failed for term 'associated with': relation "mrconso" does not exist
LINE 3:                     FROM MRCONSO c
                                 ^

2025-05-29 21:40:52,102 - ERROR - Attempt 2/3 failed for term 'associated with': current transaction is aborted, commands ignored until end of transaction block

2025-05-29 21:40:52,103 - ERROR - Attempt 3/3 failed for term 'associated with': current transaction is aborted, commands ignored until end of transaction block

2025-05-29 21:40:52,104 - ERROR - Max retries reached for term 'associated with'
2025-05-29 21:40:52,119 - WARNING - Failed to fetch semantic type for CUI NO_CUI_patient complains of headache the headache started three days ago. the headache is associated with fevers and chills: relation "mrsty" does not exist
LINE 3:                             FROM MRSTY sty
                                         ^

2025-05-29 21:40:52,251 - WARNING - Skipping non-clinical or blocked term: 'worse'
2025-05-29 21:40:52,252 - WARNING - Skipping non-clinical or blocked term: 'eyes'
2025-05-29 21:40:52,261 - ERROR - Attempt 1/3 failed for term 'licking': relation "mrconso" does not exist
LINE 3:                     FROM MRCONSO c
                                 ^

2025-05-29 21:40:52,262 - ERROR - Attempt 2/3 failed for term 'licking': current transaction is aborted, commands ignored until end of transaction block

2025-05-29 21:40:52,263 - ERROR - Attempt 3/3 failed for term 'licking': current transaction is aborted, commands ignored until end of transaction block

2025-05-29 21:40:52,264 - ERROR - Max retries reached for term 'licking'
2025-05-29 21:40:52,277 - ERROR - Attempt 1/3 failed for term 'patient': relation "mrconso" does not exist
LINE 3:                     FROM MRCONSO c
                                 ^

2025-05-29 21:40:52,278 - ERROR - Attempt 2/3 failed for term 'patient': current transaction is aborted, commands ignored until end of transaction block

2025-05-29 21:40:52,278 - ERROR - Attempt 3/3 failed for term 'patient': current transaction is aborted, commands ignored until end of transaction block

2025-05-29 21:40:52,278 - ERROR - Max retries reached for term 'patient'
2025-05-29 21:40:52,279 - WARNING - Skipping non-clinical or blocked term: 'foods'
2025-05-29 21:40:52,293 - ERROR - Attempt 1/3 failed for term 'strong': relation "mrconso" does not exist
LINE 3:                     FROM MRCONSO c
                                 ^

2025-05-29 21:40:52,293 - ERROR - Attempt 2/3 failed for term 'strong': current transaction is aborted, commands ignored until end of transaction block

2025-05-29 21:40:52,294 - ERROR - Attempt 3/3 failed for term 'strong': current transaction is aborted, commands ignored until end of transaction block

2025-05-29 21:40:52,294 - ERROR - Max retries reached for term 'strong'
2025-05-29 21:40:52,308 - ERROR - Attempt 1/3 failed for term 'fats': relation "mrconso" does not exist
LINE 3:                     FROM MRCONSO c
                                 ^

2025-05-29 21:40:52,309 - ERROR - Attempt 2/3 failed for term 'fats': current transaction is aborted, commands ignored until end of transaction block

2025-05-29 21:40:52,309 - ERROR - Attempt 3/3 failed for term 'fats': current transaction is aborted, commands ignored until end of transaction block

2025-05-29 21:40:52,310 - ERROR - Max retries reached for term 'fats'
2025-05-29 21:40:52,324 - ERROR - Attempt 1/3 failed for term 'tea': relation "mrconso" does not exist
LINE 3:                     FROM MRCONSO c
                                 ^

2025-05-29 21:40:52,325 - ERROR - Attempt 2/3 failed for term 'tea': current transaction is aborted, commands ignored until end of transaction block

2025-05-29 21:40:52,325 - ERROR - Attempt 3/3 failed for term 'tea': current transaction is aborted, commands ignored until end of transaction block

2025-05-29 21:40:52,326 - ERROR - Max retries reached for term 'tea'
2025-05-29 21:40:52,339 - ERROR - Attempt 1/3 failed for term 'vomiting': relation "mrconso" does not exist
LINE 3:                     FROM MRCONSO c
                                 ^

2025-05-29 21:40:52,340 - ERROR - Attempt 2/3 failed for term 'vomiting': current transaction is aborted, commands ignored until end of transaction block

2025-05-29 21:40:52,340 - ERROR - Attempt 3/3 failed for term 'vomiting': current transaction is aborted, commands ignored until end of transaction block

2025-05-29 21:40:52,341 - ERROR - Max retries reached for term 'vomiting'
2025-05-29 21:40:52,353 - ERROR - Attempt 1/3 failed for term 'nausea': relation "mrconso" does not exist
LINE 3:                     FROM MRCONSO c
                                 ^

2025-05-29 21:40:52,354 - ERROR - Attempt 2/3 failed for term 'nausea': current transaction is aborted, commands ignored until end of transaction block

2025-05-29 21:40:52,355 - ERROR - Attempt 3/3 failed for term 'nausea': current transaction is aborted, commands ignored until end of transaction block

2025-05-29 21:40:52,355 - ERROR - Max retries reached for term 'nausea'
2025-05-29 21:40:52,366 - ERROR - Attempt 1/3 failed for term 'jaundice': relation "mrconso" does not exist
LINE 3:                     FROM MRCONSO c
                                 ^

2025-05-29 21:40:52,367 - ERROR - Attempt 2/3 failed for term 'jaundice': current transaction is aborted, commands ignored until end of transaction block

2025-05-29 21:40:52,368 - ERROR - Attempt 3/3 failed for term 'jaundice': current transaction is aborted, commands ignored until end of transaction block

2025-05-29 21:40:52,368 - ERROR - Max retries reached for term 'jaundice'
2025-05-29 21:40:52,380 - ERROR - Attempt 1/3 failed for term 'loss of appetite': relation "mrconso" does not exist
LINE 3:                     FROM MRCONSO c
                                 ^

2025-05-29 21:40:52,381 - ERROR - Attempt 2/3 failed for term 'loss of appetite': current transaction is aborted, commands ignored until end of transaction block

2025-05-29 21:40:52,382 - ERROR - Attempt 3/3 failed for term 'loss of appetite': current transaction is aborted, commands ignored until end of transaction block

2025-05-29 21:40:52,382 - ERROR - Max retries reached for term 'loss of appetite'
2025-05-29 21:40:52,396 - WARNING - Failed to fetch semantic type for CUI NO_CUI_nausea and vomiting and loss of appetite the patient has jaundice in the eyes taking foods with fats makes the nausea worse taking strong tea and licking salt alleviates the nausea: relation "mrsty" does not exist
LINE 3:                             FROM MRSTY sty
                                         ^

2025-05-29 21:40:52,497 - ERROR - Attempt 1/3 failed for term 'facial pain': relation "mrconso" does not exist
LINE 3:                     FROM MRCONSO c
                                 ^

2025-05-29 21:40:52,498 - ERROR - Attempt 2/3 failed for term 'facial pain': current transaction is aborted, commands ignored until end of transaction block

2025-05-29 21:40:52,499 - ERROR - Attempt 3/3 failed for term 'facial pain': current transaction is aborted, commands ignored until end of transaction block

2025-05-29 21:40:52,499 - ERROR - Max retries reached for term 'facial pain'
2025-05-29 21:40:52,516 - ERROR - Attempt 1/3 failed for term 'patient': relation "mrconso" does not exist
LINE 3:                     FROM MRCONSO c
                                 ^

2025-05-29 21:40:52,517 - ERROR - Attempt 2/3 failed for term 'patient': current transaction is aborted, commands ignored until end of transaction block

2025-05-29 21:40:52,518 - ERROR - Attempt 3/3 failed for term 'patient': current transaction is aborted, commands ignored until end of transaction block

2025-05-29 21:40:52,519 - ERROR - Max retries reached for term 'patient'
2025-05-29 21:40:52,532 - WARNING - Failed to fetch semantic type for CUI NO_CUI_patient presents with facial pain: relation "mrsty" does not exist
LINE 3:                             FROM MRSTY sty
                                         ^

2025-05-29 21:40:52,631 - ERROR - Attempt 1/3 failed for term 'back pain': relation "mrconso" does not exist
LINE 3:                     FROM MRCONSO c
                                 ^

2025-05-29 21:40:52,632 - ERROR - Attempt 2/3 failed for term 'back pain': current transaction is aborted, commands ignored until end of transaction block

2025-05-29 21:40:52,632 - ERROR - Attempt 3/3 failed for term 'back pain': current transaction is aborted, commands ignored until end of transaction block

2025-05-29 21:40:52,633 - ERROR - Max retries reached for term 'back pain'
2025-05-29 21:40:52,645 - ERROR - Attempt 1/3 failed for term 'weeks': relation "mrconso" does not exist
LINE 3:                     FROM MRCONSO c
                                 ^

2025-05-29 21:40:52,645 - ERROR - Attempt 2/3 failed for term 'weeks': current transaction is aborted, commands ignored until end of transaction block

2025-05-29 21:40:52,646 - ERROR - Attempt 3/3 failed for term 'weeks': current transaction is aborted, commands ignored until end of transaction block

2025-05-29 21:40:52,647 - ERROR - Max retries reached for term 'weeks'
2025-05-29 21:40:52,660 - ERROR - Attempt 1/3 failed for term 'assessment': relation "mrconso" does not exist
LINE 3:                     FROM MRCONSO c
                                 ^

2025-05-29 21:40:52,662 - ERROR - Attempt 2/3 failed for term 'assessment': current transaction is aborted, commands ignored until end of transaction block

2025-05-29 21:40:52,663 - ERROR - Attempt 3/3 failed for term 'assessment': current transaction is aborted, commands ignored until end of transaction block

2025-05-29 21:40:52,664 - ERROR - Max retries reached for term 'assessment'
2025-05-29 21:40:52,678 - ERROR - Attempt 1/3 failed for term 'patient reports': relation "mrconso" does not exist
LINE 3:                     FROM MRCONSO c
                                 ^

2025-05-29 21:40:52,678 - ERROR - Attempt 2/3 failed for term 'patient reports': current transaction is aborted, commands ignored until end of transaction block

2025-05-29 21:40:52,679 - ERROR - Attempt 3/3 failed for term 'patient reports': current transaction is aborted, commands ignored until end of transaction block

2025-05-29 21:40:52,680 - ERROR - Max retries reached for term 'patient reports'
2025-05-29 21:40:52,695 - WARNING - Failed to fetch semantic type for CUI NO_CUI_back pain for two weeks the patient reports backpain for three weeks on assessment: relation "mrsty" does not exist
LINE 3:                             FROM MRSTY sty
                                         ^

2025-05-29 21:40:52,834 - ERROR - Attempt 1/3 failed for term 'standing': relation "mrconso" does not exist
LINE 3:                     FROM MRCONSO c
                                 ^

2025-05-29 21:40:52,835 - ERROR - Attempt 2/3 failed for term 'standing': current transaction is aborted, commands ignored until end of transaction block

2025-05-29 21:40:52,835 - ERROR - Attempt 3/3 failed for term 'standing': current transaction is aborted, commands ignored until end of transaction block

2025-05-29 21:40:52,836 - ERROR - Max retries reached for term 'standing'
2025-05-29 21:40:52,847 - ERROR - Attempt 1/3 failed for term 'stretching': relation "mrconso" does not exist
LINE 3:                     FROM MRCONSO c
                                 ^

2025-05-29 21:40:52,848 - ERROR - Attempt 2/3 failed for term 'stretching': current transaction is aborted, commands ignored until end of transaction block

2025-05-29 21:40:52,849 - ERROR - Attempt 3/3 failed for term 'stretching': current transaction is aborted, commands ignored until end of transaction block

2025-05-29 21:40:52,850 - ERROR - Max retries reached for term 'stretching'
2025-05-29 21:40:52,861 - ERROR - Attempt 1/3 failed for term 'patient': relation "mrconso" does not exist
LINE 3:                     FROM MRCONSO c
                                 ^

2025-05-29 21:40:52,862 - ERROR - Attempt 2/3 failed for term 'patient': current transaction is aborted, commands ignored until end of transaction block

2025-05-29 21:40:52,862 - ERROR - Attempt 3/3 failed for term 'patient': current transaction is aborted, commands ignored until end of transaction block

2025-05-29 21:40:52,863 - ERROR - Max retries reached for term 'patient'
2025-05-29 21:40:52,876 - ERROR - Attempt 1/3 failed for term 'pain': relation "mrconso" does not exist
LINE 3:                     FROM MRCONSO c
                                 ^

2025-05-29 21:40:52,876 - ERROR - Attempt 2/3 failed for term 'pain': current transaction is aborted, commands ignored until end of transaction block

2025-05-29 21:40:52,877 - ERROR - Attempt 3/3 failed for term 'pain': current transaction is aborted, commands ignored until end of transaction block

2025-05-29 21:40:52,877 - ERROR - Max retries reached for term 'pain'
2025-05-29 21:40:52,891 - ERROR - Attempt 1/3 failed for term 'obese': relation "mrconso" does not exist
LINE 3:                     FROM MRCONSO c
                                 ^

2025-05-29 21:40:52,892 - ERROR - Attempt 2/3 failed for term 'obese': current transaction is aborted, commands ignored until end of transaction block

2025-05-29 21:40:52,892 - ERROR - Attempt 3/3 failed for term 'obese': current transaction is aborted, commands ignored until end of transaction block

2025-05-29 21:40:52,893 - ERROR - Max retries reached for term 'obese'
2025-05-29 21:40:52,905 - ERROR - Attempt 1/3 failed for term 'sitting': relation "mrconso" does not exist
LINE 3:                     FROM MRCONSO c
                                 ^

2025-05-29 21:40:52,906 - ERROR - Attempt 2/3 failed for term 'sitting': current transaction is aborted, commands ignored until end of transaction block

2025-05-29 21:40:52,907 - ERROR - Attempt 3/3 failed for term 'sitting': current transaction is aborted, commands ignored until end of transaction block

2025-05-29 21:40:52,907 - ERROR - Max retries reached for term 'sitting'
2025-05-29 21:40:52,919 - ERROR - Attempt 1/3 failed for term 'backpain': relation "mrconso" does not exist
LINE 3:                     FROM MRCONSO c
                                 ^

2025-05-29 21:40:52,920 - ERROR - Attempt 2/3 failed for term 'backpain': current transaction is aborted, commands ignored until end of transaction block

2025-05-29 21:40:52,920 - ERROR - Attempt 3/3 failed for term 'backpain': current transaction is aborted, commands ignored until end of transaction block

2025-05-29 21:40:52,921 - ERROR - Max retries reached for term 'backpain'
2025-05-29 21:40:52,932 - WARNING - Failed to fetch semantic type for CUI NO_CUI_the patient is obese the backpain is made worse by sitting down for long the pain is alleviated by standing and stretching: relation "mrsty" does not exist
LINE 3:                             FROM MRSTY sty
                                         ^

2025-05-29 21:40:53,051 - WARNING - Skipping non-clinical or blocked term: 'days'
2025-05-29 21:40:53,062 - ERROR - Attempt 1/3 failed for term 'facial pain': relation "mrconso" does not exist
LINE 3:                     FROM MRCONSO c
                                 ^

2025-05-29 21:40:53,063 - ERROR - Attempt 2/3 failed for term 'facial pain': current transaction is aborted, commands ignored until end of transaction block

2025-05-29 21:40:53,064 - ERROR - Attempt 3/3 failed for term 'facial pain': current transaction is aborted, commands ignored until end of transaction block

2025-05-29 21:40:53,064 - ERROR - Max retries reached for term 'facial pain'
2025-05-29 21:40:53,082 - ERROR - Attempt 1/3 failed for term 'nasal discharge': relation "mrconso" does not exist
LINE 3:                     FROM MRCONSO c
                                 ^

2025-05-29 21:40:53,083 - ERROR - Attempt 2/3 failed for term 'nasal discharge': current transaction is aborted, commands ignored until end of transaction block

2025-05-29 21:40:53,083 - ERROR - Attempt 3/3 failed for term 'nasal discharge': current transaction is aborted, commands ignored until end of transaction block

2025-05-29 21:40:53,084 - ERROR - Max retries reached for term 'nasal discharge'
2025-05-29 21:40:53,100 - ERROR - Attempt 1/3 failed for term 'fever': relation "mrconso" does not exist
LINE 3:                     FROM MRCONSO c
                                 ^

2025-05-29 21:40:53,101 - ERROR - Attempt 2/3 failed for term 'fever': current transaction is aborted, commands ignored until end of transaction block

2025-05-29 21:40:53,102 - ERROR - Attempt 3/3 failed for term 'fever': current transaction is aborted, commands ignored until end of transaction block

2025-05-29 21:40:53,102 - ERROR - Max retries reached for term 'fever'
2025-05-29 21:40:53,118 - ERROR - Attempt 1/3 failed for term 'maxillary sinuses': relation "mrconso" does not exist
LINE 3:                     FROM MRCONSO c
                                 ^

2025-05-29 21:40:53,119 - ERROR - Attempt 2/3 failed for term 'maxillary sinuses': current transaction is aborted, commands ignored until end of transaction block

2025-05-29 21:40:53,120 - ERROR - Attempt 3/3 failed for term 'maxillary sinuses': current transaction is aborted, commands ignored until end of transaction block

2025-05-29 21:40:53,120 - ERROR - Max retries reached for term 'maxillary sinuses'
2025-05-29 21:40:53,132 - ERROR - Attempt 1/3 failed for term 'purulent': relation "mrconso" does not exist
LINE 3:                     FROM MRCONSO c
                                 ^

2025-05-29 21:40:53,133 - ERROR - Attempt 2/3 failed for term 'purulent': current transaction is aborted, commands ignored until end of transaction block

2025-05-29 21:40:53,135 - ERROR - Attempt 3/3 failed for term 'purulent': current transaction is aborted, commands ignored until end of transaction block

2025-05-29 21:40:53,136 - ERROR - Max retries reached for term 'purulent'
2025-05-29 21:40:53,148 - ERROR - Attempt 1/3 failed for term 'reports': relation "mrconso" does not exist
LINE 3:                     FROM MRCONSO c
                                 ^

2025-05-29 21:40:53,149 - ERROR - Attempt 2/3 failed for term 'reports': current transaction is aborted, commands ignored until end of transaction block

2025-05-29 21:40:53,150 - ERROR - Attempt 3/3 failed for term 'reports': current transaction is aborted, commands ignored until end of transaction block

2025-05-29 21:40:53,150 - ERROR - Max retries reached for term 'reports'
2025-05-29 21:40:53,163 - WARNING - Failed to fetch semantic type for CUI NO_CUI_and fever for 10 days. reports purulent nasal discharge. facial pain over maxillary sinuses: relation "mrsty" does not exist
LINE 3:                             FROM MRSTY sty
                                         ^

2025-05-29 21:40:53,373 - ERROR - Attempt 1/3 failed for term 'sinusitis': relation "mrconso" does not exist
LINE 3:                     FROM MRCONSO c
                                 ^

2025-05-29 21:40:53,374 - ERROR - Attempt 2/3 failed for term 'sinusitis': current transaction is aborted, commands ignored until end of transaction block

2025-05-29 21:40:53,374 - ERROR - Attempt 3/3 failed for term 'sinusitis': current transaction is aborted, commands ignored until end of transaction block

2025-05-29 21:40:53,375 - ERROR - Max retries reached for term 'sinusitis'
2025-05-29 21:40:53,388 - ERROR - Attempt 1/3 failed for term 'pulmonary': relation "mrconso" does not exist
LINE 3:                     FROM MRCONSO c
                                 ^

2025-05-29 21:40:53,389 - ERROR - Attempt 2/3 failed for term 'pulmonary': current transaction is aborted, commands ignored until end of transaction block

2025-05-29 21:40:53,390 - ERROR - Attempt 3/3 failed for term 'pulmonary': current transaction is aborted, commands ignored until end of transaction block

2025-05-29 21:40:53,390 - ERROR - Max retries reached for term 'pulmonary'
2025-05-29 21:40:53,404 - ERROR - Attempt 1/3 failed for term 'stable': relation "mrconso" does not exist
LINE 3:                     FROM MRCONSO c
                                 ^

2025-05-29 21:40:53,405 - ERROR - Attempt 2/3 failed for term 'stable': current transaction is aborted, commands ignored until end of transaction block

2025-05-29 21:40:53,405 - ERROR - Attempt 3/3 failed for term 'stable': current transaction is aborted, commands ignored until end of transaction block

2025-05-29 21:40:53,406 - ERROR - Max retries reached for term 'stable'
2025-05-29 21:40:53,419 - ERROR - Attempt 1/3 failed for term 'diabetes': relation "mrconso" does not exist
LINE 3:                     FROM MRCONSO c
                                 ^

2025-05-29 21:40:53,420 - ERROR - Attempt 2/3 failed for term 'diabetes': current transaction is aborted, commands ignored until end of transaction block

2025-05-29 21:40:53,420 - ERROR - Attempt 3/3 failed for term 'diabetes': current transaction is aborted, commands ignored until end of transaction block

2025-05-29 21:40:53,421 - ERROR - Max retries reached for term 'diabetes'
2025-05-29 21:40:53,433 - ERROR - Attempt 1/3 failed for term 'hypertension': relation "mrconso" does not exist
LINE 3:                     FROM MRCONSO c
                                 ^

2025-05-29 21:40:53,434 - ERROR - Attempt 2/3 failed for term 'hypertension': current transaction is aborted, commands ignored until end of transaction block

2025-05-29 21:40:53,435 - ERROR - Attempt 3/3 failed for term 'hypertension': current transaction is aborted, commands ignored until end of transaction block

2025-05-29 21:40:53,435 - ERROR - Max retries reached for term 'hypertension'
2025-05-29 21:40:53,447 - ERROR - Attempt 1/3 failed for term 'viral sinusitis': relation "mrconso" does not exist
LINE 3:                     FROM MRCONSO c
                                 ^

2025-05-29 21:40:53,448 - ERROR - Attempt 2/3 failed for term 'viral sinusitis': current transaction is aborted, commands ignored until end of transaction block

2025-05-29 21:40:53,449 - ERROR - Attempt 3/3 failed for term 'viral sinusitis': current transaction is aborted, commands ignored until end of transaction block

2025-05-29 21:40:53,450 - ERROR - Max retries reached for term 'viral sinusitis'
2025-05-29 21:40:53,461 - ERROR - Attempt 1/3 failed for term 'acute abnormalities': relation "mrconso" does not exist
LINE 3:                     FROM MRCONSO c
                                 ^

2025-05-29 21:40:53,462 - ERROR - Attempt 2/3 failed for term 'acute abnormalities': current transaction is aborted, commands ignored until end of transaction block

2025-05-29 21:40:53,463 - ERROR - Attempt 3/3 failed for term 'acute abnormalities': current transaction is aborted, commands ignored until end of transaction block

2025-05-29 21:40:53,464 - ERROR - Max retries reached for term 'acute abnormalities'
2025-05-29 21:40:53,477 - ERROR - Attempt 1/3 failed for term 'cardiovascular': relation "mrconso" does not exist
LINE 3:                     FROM MRCONSO c
                                 ^

2025-05-29 21:40:53,478 - ERROR - Attempt 2/3 failed for term 'cardiovascular': current transaction is aborted, commands ignored until end of transaction block

2025-05-29 21:40:53,478 - ERROR - Attempt 3/3 failed for term 'cardiovascular': current transaction is aborted, commands ignored until end of transaction block

2025-05-29 21:40:53,479 - ERROR - Max retries reached for term 'cardiovascular'
2025-05-29 21:40:53,493 - ERROR - Attempt 1/3 failed for term 'headache': relation "mrconso" does not exist
LINE 3:                     FROM MRCONSO c
                                 ^

2025-05-29 21:40:53,493 - ERROR - Attempt 2/3 failed for term 'headache': current transaction is aborted, commands ignored until end of transaction block

2025-05-29 21:40:53,494 - ERROR - Attempt 3/3 failed for term 'headache': current transaction is aborted, commands ignored until end of transaction block

2025-05-29 21:40:53,494 - ERROR - Max retries reached for term 'headache'
2025-05-29 21:40:53,506 - ERROR - Attempt 1/3 failed for term 'endocrine': relation "mrconso" does not exist
LINE 3:                     FROM MRCONSO c
                                 ^

2025-05-29 21:40:53,507 - ERROR - Attempt 2/3 failed for term 'endocrine': current transaction is aborted, commands ignored until end of transaction block

2025-05-29 21:40:53,508 - ERROR - Attempt 3/3 failed for term 'endocrine': current transaction is aborted, commands ignored until end of transaction block

2025-05-29 21:40:53,508 - ERROR - Max retries reached for term 'endocrine'
2025-05-29 21:40:53,521 - ERROR - Attempt 1/3 failed for term 'secondary to': relation "mrconso" does not exist
LINE 3:                     FROM MRCONSO c
                                 ^

2025-05-29 21:40:53,522 - ERROR - Attempt 2/3 failed for term 'secondary to': current transaction is aborted, commands ignored until end of transaction block

2025-05-29 21:40:53,522 - ERROR - Attempt 3/3 failed for term 'secondary to': current transaction is aborted, commands ignored until end of transaction block

2025-05-29 21:40:53,523 - ERROR - Max retries reached for term 'secondary to'
2025-05-29 21:40:53,539 - ERROR - Attempt 1/3 failed for term 'neurological': relation "mrconso" does not exist
LINE 3:                     FROM MRCONSO c
                                 ^

2025-05-29 21:40:53,539 - ERROR - Attempt 2/3 failed for term 'neurological': current transaction is aborted, commands ignored until end of transaction block

2025-05-29 21:40:53,541 - ERROR - Attempt 3/3 failed for term 'neurological': current transaction is aborted, commands ignored until end of transaction block

2025-05-29 21:40:53,541 - ERROR - Max retries reached for term 'neurological'
2025-05-29 21:40:53,557 - ERROR - Attempt 1/3 failed for term 'viral upper': relation "mrconso" does not exist
LINE 3:                     FROM MRCONSO c
                                 ^

2025-05-29 21:40:53,558 - ERROR - Attempt 2/3 failed for term 'viral upper': current transaction is aborted, commands ignored until end of transaction block

2025-05-29 21:40:53,558 - ERROR - Attempt 3/3 failed for term 'viral upper': current transaction is aborted, commands ignored until end of transaction block

2025-05-29 21:40:53,559 - ERROR - Max retries reached for term 'viral upper'
2025-05-29 21:40:53,574 - ERROR - Attempt 1/3 failed for term 'allergic rhinitis': relation "mrconso" does not exist
LINE 3:                     FROM MRCONSO c
                                 ^

2025-05-29 21:40:53,575 - ERROR - Attempt 2/3 failed for term 'allergic rhinitis': current transaction is aborted, commands ignored until end of transaction block

2025-05-29 21:40:53,575 - ERROR - Attempt 3/3 failed for term 'allergic rhinitis': current transaction is aborted, commands ignored until end of transaction block

2025-05-29 21:40:53,576 - ERROR - Max retries reached for term 'allergic rhinitis'
2025-05-29 21:40:53,593 - ERROR - Attempt 1/3 failed for term 'differential': relation "mrconso" does not exist
LINE 3:                     FROM MRCONSO c
                                 ^

2025-05-29 21:40:53,594 - ERROR - Attempt 2/3 failed for term 'differential': current transaction is aborted, commands ignored until end of transaction block

2025-05-29 21:40:53,594 - ERROR - Attempt 3/3 failed for term 'differential': current transaction is aborted, commands ignored until end of transaction block

2025-05-29 21:40:53,594 - ERROR - Max retries reached for term 'differential'
2025-05-29 21:40:53,609 - ERROR - Attempt 1/3 failed for term 'respiratory infection': relation "mrconso" does not exist
LINE 3:                     FROM MRCONSO c
                                 ^

2025-05-29 21:40:53,609 - ERROR - Attempt 2/3 failed for term 'respiratory infection': current transaction is aborted, commands ignored until end of transaction block

2025-05-29 21:40:53,610 - ERROR - Attempt 3/3 failed for term 'respiratory infection': current transaction is aborted, commands ignored until end of transaction block

2025-05-29 21:40:53,610 - ERROR - Max retries reached for term 'respiratory infection'
2025-05-29 21:40:53,630 - WARNING - Failed to fetch semantic type for CUI NO_CUI_likely secondary to recent viral upper respiratory infection. differential includes viral sinusitis or allergic rhinitis. other systems: neurological: headache likely related to sinusitis. endocrine: stable diabetes. cardiovascular: stable hypertension. no acute abnormalities in pulmonary: relation "mrsty" does not exist
LINE 3:                             FROM MRSTY sty
                                         ^

2025-05-29 21:40:53,775 - ERROR - Attempt 1/3 failed for term 'radiating': relation "mrconso" does not exist
LINE 3:                     FROM MRCONSO c
                                 ^

2025-05-29 21:40:53,776 - ERROR - Attempt 2/3 failed for term 'radiating': current transaction is aborted, commands ignored until end of transaction block

2025-05-29 21:40:53,776 - ERROR - Attempt 3/3 failed for term 'radiating': current transaction is aborted, commands ignored until end of transaction block

2025-05-29 21:40:53,780 - ERROR - Max retries reached for term 'radiating'
2025-05-29 21:40:53,800 - ERROR - Attempt 1/3 failed for term 'pain': relation "mrconso" does not exist
LINE 3:                     FROM MRCONSO c
                                 ^

2025-05-29 21:40:53,801 - ERROR - Attempt 2/3 failed for term 'pain': current transaction is aborted, commands ignored until end of transaction block

2025-05-29 21:40:53,803 - ERROR - Attempt 3/3 failed for term 'pain': current transaction is aborted, commands ignored until end of transaction block

2025-05-29 21:40:53,803 - ERROR - Max retries reached for term 'pain'
2025-05-29 21:40:53,836 - WARNING - Failed to fetch semantic type for CUI NO_CUI_radiating pain: relation "mrsty" does not exist
LINE 3:                             FROM MRSTY sty
                                         ^

2025-05-29 21:40:53,992 - ERROR - Attempt 1/3 failed for term 'bilateral': relation "mrconso" does not exist
LINE 3:                     FROM MRCONSO c
                                 ^

2025-05-29 21:40:53,992 - ERROR - Attempt 2/3 failed for term 'bilateral': current transaction is aborted, commands ignored until end of transaction block

2025-05-29 21:40:53,993 - ERROR - Attempt 3/3 failed for term 'bilateral': current transaction is aborted, commands ignored until end of transaction block

2025-05-29 21:40:53,994 - ERROR - Max retries reached for term 'bilateral'
2025-05-29 21:40:54,009 - ERROR - Attempt 1/3 failed for term 'nasal congestion': relation "mrconso" does not exist
LINE 3:                     FROM MRCONSO c
                                 ^

2025-05-29 21:40:54,010 - ERROR - Attempt 2/3 failed for term 'nasal congestion': current transaction is aborted, commands ignored until end of transaction block

2025-05-29 21:40:54,011 - ERROR - Attempt 3/3 failed for term 'nasal congestion': current transaction is aborted, commands ignored until end of transaction block

2025-05-29 21:40:54,011 - ERROR - Max retries reached for term 'nasal congestion'
2025-05-29 21:40:54,026 - WARNING - Failed to fetch semantic type for CUI NO_CUI_bilateral nasal congestion: relation "mrsty" does not exist
LINE 3:                             FROM MRSTY sty
                                         ^

2025-05-29 21:40:54,316 - WARNING - Skipping non-clinical or blocked term: 'days'
2025-05-29 21:40:54,331 - ERROR - Attempt 1/3 failed for term 'shortness of breath': relation "mrconso" does not exist
LINE 3:                     FROM MRCONSO c
                                 ^

2025-05-29 21:40:54,332 - ERROR - Attempt 2/3 failed for term 'shortness of breath': current transaction is aborted, commands ignored until end of transaction block

2025-05-29 21:40:54,333 - ERROR - Attempt 3/3 failed for term 'shortness of breath': current transaction is aborted, commands ignored until end of transaction block

2025-05-29 21:40:54,334 - ERROR - Max retries reached for term 'shortness of breath'
2025-05-29 21:40:54,359 - ERROR - Attempt 1/3 failed for term 'no cough': relation "mrconso" does not exist
LINE 3:                     FROM MRCONSO c
                                 ^

2025-05-29 21:40:54,360 - ERROR - Attempt 2/3 failed for term 'no cough': current transaction is aborted, commands ignored until end of transaction block

2025-05-29 21:40:54,360 - ERROR - Attempt 3/3 failed for term 'no cough': current transaction is aborted, commands ignored until end of transaction block

2025-05-29 21:40:54,361 - ERROR - Max retries reached for term 'no cough'
2025-05-29 21:40:54,376 - ERROR - Attempt 1/3 failed for term 'pulmonary': relation "mrconso" does not exist
LINE 3:                     FROM MRCONSO c
                                 ^

2025-05-29 21:40:54,377 - ERROR - Attempt 2/3 failed for term 'pulmonary': current transaction is aborted, commands ignored until end of transaction block

2025-05-29 21:40:54,377 - ERROR - Attempt 3/3 failed for term 'pulmonary': current transaction is aborted, commands ignored until end of transaction block

2025-05-29 21:40:54,378 - ERROR - Max retries reached for term 'pulmonary'
2025-05-29 21:40:54,399 - ERROR - Attempt 1/3 failed for term 'mild headache': relation "mrconso" does not exist
LINE 3:                     FROM MRCONSO c
                                 ^

2025-05-29 21:40:54,400 - ERROR - Attempt 2/3 failed for term 'mild headache': current transaction is aborted, commands ignored until end of transaction block

2025-05-29 21:40:54,402 - ERROR - Attempt 3/3 failed for term 'mild headache': current transaction is aborted, commands ignored until end of transaction block

2025-05-29 21:40:54,403 - ERROR - Max retries reached for term 'mild headache'
2025-05-29 21:40:54,425 - ERROR - Attempt 1/3 failed for term 'nasal discharge': relation "mrconso" does not exist
LINE 3:                     FROM MRCONSO c
                                 ^

2025-05-29 21:40:54,426 - ERROR - Attempt 2/3 failed for term 'nasal discharge': current transaction is aborted, commands ignored until end of transaction block

2025-05-29 21:40:54,427 - ERROR - Attempt 3/3 failed for term 'nasal discharge': current transaction is aborted, commands ignored until end of transaction block

2025-05-29 21:40:54,427 - ERROR - Max retries reached for term 'nasal discharge'
2025-05-29 21:40:54,441 - ERROR - Attempt 1/3 failed for term 'sinus pain': relation "mrconso" does not exist
LINE 3:                     FROM MRCONSO c
                                 ^

2025-05-29 21:40:54,442 - ERROR - Attempt 2/3 failed for term 'sinus pain': current transaction is aborted, commands ignored until end of transaction block

2025-05-29 21:40:54,442 - ERROR - Attempt 3/3 failed for term 'sinus pain': current transaction is aborted, commands ignored until end of transaction block

2025-05-29 21:40:54,443 - ERROR - Max retries reached for term 'sinus pain'
2025-05-29 21:40:54,457 - ERROR - Attempt 1/3 failed for term 'cardiovascular': relation "mrconso" does not exist
LINE 3:                     FROM MRCONSO c
                                 ^

2025-05-29 21:40:54,457 - ERROR - Attempt 2/3 failed for term 'cardiovascular': current transaction is aborted, commands ignored until end of transaction block

2025-05-29 21:40:54,458 - ERROR - Attempt 3/3 failed for term 'cardiovascular': current transaction is aborted, commands ignored until end of transaction block

2025-05-29 21:40:54,458 - ERROR - Max retries reached for term 'cardiovascular'
2025-05-29 21:40:54,474 - ERROR - Attempt 1/3 failed for term 'palpitations': relation "mrconso" does not exist
LINE 3:                     FROM MRCONSO c
                                 ^

2025-05-29 21:40:54,475 - ERROR - Attempt 2/3 failed for term 'palpitations': current transaction is aborted, commands ignored until end of transaction block

2025-05-29 21:40:54,475 - ERROR - Attempt 3/3 failed for term 'palpitations': current transaction is aborted, commands ignored until end of transaction block

2025-05-29 21:40:54,476 - ERROR - Max retries reached for term 'palpitations'
2025-05-29 21:40:54,492 - ERROR - Attempt 1/3 failed for term 'hearing loss': relation "mrconso" does not exist
LINE 3:                     FROM MRCONSO c
                                 ^

2025-05-29 21:40:54,493 - ERROR - Attempt 2/3 failed for term 'hearing loss': current transaction is aborted, commands ignored until end of transaction block

2025-05-29 21:40:54,494 - ERROR - Attempt 3/3 failed for term 'hearing loss': current transaction is aborted, commands ignored until end of transaction block

2025-05-29 21:40:54,495 - ERROR - Max retries reached for term 'hearing loss'
2025-05-29 21:40:54,516 - ERROR - Attempt 1/3 failed for term 'low-grade': relation "mrconso" does not exist
LINE 3:                     FROM MRCONSO c
                                 ^

2025-05-29 21:40:54,518 - ERROR - Attempt 2/3 failed for term 'low-grade': current transaction is aborted, commands ignored until end of transaction block

2025-05-29 21:40:54,519 - ERROR - Attempt 3/3 failed for term 'low-grade': current transaction is aborted, commands ignored until end of transaction block

2025-05-29 21:40:54,519 - ERROR - Max retries reached for term 'low-grade'
2025-05-29 21:40:54,536 - ERROR - Attempt 1/3 failed for term 'chest pain': relation "mrconso" does not exist
LINE 3:                     FROM MRCONSO c
                                 ^

2025-05-29 21:40:54,537 - ERROR - Attempt 2/3 failed for term 'chest pain': current transaction is aborted, commands ignored until end of transaction block

2025-05-29 21:40:54,538 - ERROR - Attempt 3/3 failed for term 'chest pain': current transaction is aborted, commands ignored until end of transaction block

2025-05-29 21:40:54,538 - ERROR - Max retries reached for term 'chest pain'
2025-05-29 21:40:54,554 - ERROR - Attempt 1/3 failed for term 'purulent': relation "mrconso" does not exist
LINE 3:                     FROM MRCONSO c
                                 ^

2025-05-29 21:40:54,555 - ERROR - Attempt 2/3 failed for term 'purulent': current transaction is aborted, commands ignored until end of transaction block

2025-05-29 21:40:54,555 - ERROR - Attempt 3/3 failed for term 'purulent': current transaction is aborted, commands ignored until end of transaction block

2025-05-29 21:40:54,556 - ERROR - Max retries reached for term 'purulent'
2025-05-29 21:40:54,572 - ERROR - Attempt 1/3 failed for term 'neurological': relation "mrconso" does not exist
LINE 3:                     FROM MRCONSO c
                                 ^

2025-05-29 21:40:54,573 - ERROR - Attempt 2/3 failed for term 'neurological': current transaction is aborted, commands ignored until end of transaction block

2025-05-29 21:40:54,574 - ERROR - Attempt 3/3 failed for term 'neurological': current transaction is aborted, commands ignored until end of transaction block

2025-05-29 21:40:54,574 - ERROR - Max retries reached for term 'neurological'
2025-05-29 21:40:54,590 - ERROR - Attempt 1/3 failed for term 'associated with': relation "mrconso" does not exist
LINE 3:                     FROM MRCONSO c
                                 ^

2025-05-29 21:40:54,591 - ERROR - Attempt 2/3 failed for term 'associated with': current transaction is aborted, commands ignored until end of transaction block

2025-05-29 21:40:54,592 - ERROR - Attempt 3/3 failed for term 'associated with': current transaction is aborted, commands ignored until end of transaction block

2025-05-29 21:40:54,592 - ERROR - Max retries reached for term 'associated with'
2025-05-29 21:40:54,608 - WARNING - Failed to fetch semantic type for CUI NO_CUI_and purulent nasal discharge for 10 days. low-grade fever (up to 100.5°f). no sore throat or hearing loss. pulmonary: no cough or shortness of breath. cardiovascular: no chest pain or palpitations. neurological: mild headache associated with sinus pain: relation "mrsty" does not exist
LINE 3:                             FROM MRSTY sty
                                         ^

2025-05-29 21:40:54,866 - ERROR - Attempt 1/3 failed for term 'acute': relation "mrconso" does not exist
LINE 3:                     FROM MRCONSO c
                                 ^

2025-05-29 21:40:54,867 - ERROR - Attempt 2/3 failed for term 'acute': current transaction is aborted, commands ignored until end of transaction block

2025-05-29 21:40:54,867 - ERROR - Attempt 3/3 failed for term 'acute': current transaction is aborted, commands ignored until end of transaction block

2025-05-29 21:40:54,867 - ERROR - Max retries reached for term 'acute'
2025-05-29 21:40:54,879 - ERROR - Attempt 1/3 failed for term 'bacterial sinusitis': relation "mrconso" does not exist
LINE 3:                     FROM MRCONSO c
                                 ^

2025-05-29 21:40:54,880 - ERROR - Attempt 2/3 failed for term 'bacterial sinusitis': current transaction is aborted, commands ignored until end of transaction block

2025-05-29 21:40:54,881 - ERROR - Attempt 3/3 failed for term 'bacterial sinusitis': current transaction is aborted, commands ignored until end of transaction block

2025-05-29 21:40:54,882 - ERROR - Max retries reached for term 'bacterial sinusitis'
2025-05-29 21:40:54,892 - ERROR - Attempt 1/3 failed for term 'no joint pain': relation "mrconso" does not exist
LINE 3:                     FROM MRCONSO c
                                 ^

2025-05-29 21:40:54,893 - ERROR - Attempt 2/3 failed for term 'no joint pain': current transaction is aborted, commands ignored until end of transaction block

2025-05-29 21:40:54,893 - ERROR - Attempt 3/3 failed for term 'no joint pain': current transaction is aborted, commands ignored until end of transaction block

2025-05-29 21:40:54,894 - ERROR - Max retries reached for term 'no joint pain'
2025-05-29 21:40:54,907 - ERROR - Attempt 1/3 failed for term 'no dizziness': relation "mrconso" does not exist
LINE 3:                     FROM MRCONSO c
                                 ^

2025-05-29 21:40:54,907 - ERROR - Attempt 2/3 failed for term 'no dizziness': current transaction is aborted, commands ignored until end of transaction block

2025-05-29 21:40:54,908 - ERROR - Attempt 3/3 failed for term 'no dizziness': current transaction is aborted, commands ignored until end of transaction block

2025-05-29 21:40:54,908 - ERROR - Max retries reached for term 'no dizziness'
2025-05-29 21:40:54,922 - ERROR - Attempt 1/3 failed for term 'weight changes': relation "mrconso" does not exist
LINE 3:                     FROM MRCONSO c
                                 ^

2025-05-29 21:40:54,923 - ERROR - Attempt 2/3 failed for term 'weight changes': current transaction is aborted, commands ignored until end of transaction block

2025-05-29 21:40:54,923 - ERROR - Attempt 3/3 failed for term 'weight changes': current transaction is aborted, commands ignored until end of transaction block

2025-05-29 21:40:54,924 - ERROR - Max retries reached for term 'weight changes'
2025-05-29 21:40:54,937 - ERROR - Attempt 1/3 failed for term 'bruising': relation "mrconso" does not exist
LINE 3:                     FROM MRCONSO c
                                 ^

2025-05-29 21:40:54,937 - ERROR - Attempt 2/3 failed for term 'bruising': current transaction is aborted, commands ignored until end of transaction block

2025-05-29 21:40:54,938 - ERROR - Attempt 3/3 failed for term 'bruising': current transaction is aborted, commands ignored until end of transaction block

2025-05-29 21:40:54,938 - ERROR - Max retries reached for term 'bruising'
2025-05-29 21:40:54,951 - ERROR - Attempt 1/3 failed for term 'ophthalmologic': relation "mrconso" does not exist
LINE 3:                     FROM MRCONSO c
                                 ^

2025-05-29 21:40:54,952 - ERROR - Attempt 2/3 failed for term 'ophthalmologic': current transaction is aborted, commands ignored until end of transaction block

2025-05-29 21:40:54,953 - ERROR - Attempt 3/3 failed for term 'ophthalmologic': current transaction is aborted, commands ignored until end of transaction block

2025-05-29 21:40:54,953 - ERROR - Max retries reached for term 'ophthalmologic'
2025-05-29 21:40:54,967 - ERROR - Attempt 1/3 failed for term 'dermatologic': relation "mrconso" does not exist
LINE 3:                     FROM MRCONSO c
                                 ^

2025-05-29 21:40:54,968 - ERROR - Attempt 2/3 failed for term 'dermatologic': current transaction is aborted, commands ignored until end of transaction block

2025-05-29 21:40:54,969 - ERROR - Attempt 3/3 failed for term 'dermatologic': current transaction is aborted, commands ignored until end of transaction block

2025-05-29 21:40:54,970 - ERROR - Max retries reached for term 'dermatologic'
2025-05-29 21:40:54,983 - ERROR - Attempt 1/3 failed for term 'no rashes': relation "mrconso" does not exist
LINE 3:                     FROM MRCONSO c
                                 ^

2025-05-29 21:40:54,984 - ERROR - Attempt 2/3 failed for term 'no rashes': current transaction is aborted, commands ignored until end of transaction block

2025-05-29 21:40:54,985 - ERROR - Attempt 3/3 failed for term 'no rashes': current transaction is aborted, commands ignored until end of transaction block

2025-05-29 21:40:54,985 - ERROR - Max retries reached for term 'no rashes'
2025-05-29 21:40:54,998 - ERROR - Attempt 1/3 failed for term 'endocrine': relation "mrconso" does not exist
LINE 3:                     FROM MRCONSO c
                                 ^

2025-05-29 21:40:54,999 - ERROR - Attempt 2/3 failed for term 'endocrine': current transaction is aborted, commands ignored until end of transaction block

2025-05-29 21:40:55,000 - ERROR - Attempt 3/3 failed for term 'endocrine': current transaction is aborted, commands ignored until end of transaction block

2025-05-29 21:40:55,001 - ERROR - Max retries reached for term 'endocrine'
2025-05-29 21:40:55,002 - WARNING - Skipping non-clinical or blocked term: 'psychiatric'
2025-05-29 21:40:55,021 - ERROR - Attempt 1/3 failed for term 'nausea': relation "mrconso" does not exist
LINE 3:                     FROM MRCONSO c
                                 ^

2025-05-29 21:40:55,022 - ERROR - Attempt 2/3 failed for term 'nausea': current transaction is aborted, commands ignored until end of transaction block

2025-05-29 21:40:55,024 - ERROR - Attempt 3/3 failed for term 'nausea': current transaction is aborted, commands ignored until end of transaction block

2025-05-29 21:40:55,024 - ERROR - Max retries reached for term 'nausea'
2025-05-29 21:40:55,025 - WARNING - Skipping non-clinical or blocked term: 'symptoms'
2025-05-29 21:40:55,025 - WARNING - Skipping non-clinical or blocked term: 'hematologic'
2025-05-29 21:40:55,042 - ERROR - Attempt 1/3 failed for term 'bleeding': relation "mrconso" does not exist
LINE 3:                     FROM MRCONSO c
                                 ^

2025-05-29 21:40:55,043 - ERROR - Attempt 2/3 failed for term 'bleeding': current transaction is aborted, commands ignored until end of transaction block

2025-05-29 21:40:55,043 - ERROR - Attempt 3/3 failed for term 'bleeding': current transaction is aborted, commands ignored until end of transaction block

2025-05-29 21:40:55,044 - ERROR - Max retries reached for term 'bleeding'
2025-05-29 21:40:55,059 - ERROR - Attempt 1/3 failed for term 'primary assessment': relation "mrconso" does not exist
LINE 3:                     FROM MRCONSO c
                                 ^

2025-05-29 21:40:55,060 - ERROR - Attempt 2/3 failed for term 'primary assessment': current transaction is aborted, commands ignored until end of transaction block

2025-05-29 21:40:55,060 - ERROR - Attempt 3/3 failed for term 'primary assessment': current transaction is aborted, commands ignored until end of transaction block

2025-05-29 21:40:55,061 - ERROR - Max retries reached for term 'primary assessment'
2025-05-29 21:40:55,061 - WARNING - Skipping non-clinical or blocked term: 'vision'
2025-05-29 21:40:55,082 - ERROR - Attempt 1/3 failed for term 'consistent with': relation "mrconso" does not exist
LINE 3:                     FROM MRCONSO c
                                 ^

2025-05-29 21:40:55,083 - ERROR - Attempt 2/3 failed for term 'consistent with': current transaction is aborted, commands ignored until end of transaction block

2025-05-29 21:40:55,084 - ERROR - Attempt 3/3 failed for term 'consistent with': current transaction is aborted, commands ignored until end of transaction block

2025-05-29 21:40:55,084 - ERROR - Max retries reached for term 'consistent with'
2025-05-29 21:40:55,100 - ERROR - Attempt 1/3 failed for term 'genitourinary': relation "mrconso" does not exist
LINE 3:                     FROM MRCONSO c
                                 ^

2025-05-29 21:40:55,101 - ERROR - Attempt 2/3 failed for term 'genitourinary': current transaction is aborted, commands ignored until end of transaction block

2025-05-29 21:40:55,102 - ERROR - Attempt 3/3 failed for term 'genitourinary': current transaction is aborted, commands ignored until end of transaction block

2025-05-29 21:40:55,102 - ERROR - Max retries reached for term 'genitourinary'
2025-05-29 21:40:55,103 - WARNING - Skipping non-clinical or blocked term: 'gastrointestinal'
2025-05-29 21:40:55,121 - ERROR - Attempt 1/3 failed for term 'diarrhea': relation "mrconso" does not exist
LINE 3:                     FROM MRCONSO c
                                 ^

2025-05-29 21:40:55,121 - ERROR - Attempt 2/3 failed for term 'diarrhea': current transaction is aborted, commands ignored until end of transaction block

2025-05-29 21:40:55,122 - ERROR - Attempt 3/3 failed for term 'diarrhea': current transaction is aborted, commands ignored until end of transaction block

2025-05-29 21:40:55,122 - ERROR - Max retries reached for term 'diarrhea'
2025-05-29 21:40:55,138 - ERROR - Attempt 1/3 failed for term 'mood changes': relation "mrconso" does not exist
LINE 3:                     FROM MRCONSO c
                                 ^

2025-05-29 21:40:55,139 - ERROR - Attempt 2/3 failed for term 'mood changes': current transaction is aborted, commands ignored until end of transaction block

2025-05-29 21:40:55,139 - ERROR - Attempt 3/3 failed for term 'mood changes': current transaction is aborted, commands ignored until end of transaction block

2025-05-29 21:40:55,140 - ERROR - Max retries reached for term 'mood changes'
2025-05-29 21:40:55,154 - ERROR - Attempt 1/3 failed for term 'lesions': relation "mrconso" does not exist
LINE 3:                     FROM MRCONSO c
                                 ^

2025-05-29 21:40:55,155 - ERROR - Attempt 2/3 failed for term 'lesions': current transaction is aborted, commands ignored until end of transaction block

2025-05-29 21:40:55,155 - ERROR - Attempt 3/3 failed for term 'lesions': current transaction is aborted, commands ignored until end of transaction block

2025-05-29 21:40:55,156 - ERROR - Max retries reached for term 'lesions'
2025-05-29 21:40:55,169 - ERROR - Attempt 1/3 failed for term 'stiffness': relation "mrconso" does not exist
LINE 3:                     FROM MRCONSO c
                                 ^

2025-05-29 21:40:55,170 - ERROR - Attempt 2/3 failed for term 'stiffness': current transaction is aborted, commands ignored until end of transaction block

2025-05-29 21:40:55,171 - ERROR - Attempt 3/3 failed for term 'stiffness': current transaction is aborted, commands ignored until end of transaction block

2025-05-29 21:40:55,171 - ERROR - Max retries reached for term 'stiffness'
2025-05-29 21:40:55,185 - ERROR - Attempt 1/3 failed for term 'urinary changes': relation "mrconso" does not exist
LINE 3:                     FROM MRCONSO c
                                 ^

2025-05-29 21:40:55,185 - ERROR - Attempt 2/3 failed for term 'urinary changes': current transaction is aborted, commands ignored until end of transaction block

2025-05-29 21:40:55,186 - ERROR - Attempt 3/3 failed for term 'urinary changes': current transaction is aborted, commands ignored until end of transaction block

2025-05-29 21:40:55,186 - ERROR - Max retries reached for term 'urinary changes'
2025-05-29 21:40:55,198 - WARNING - Failed to fetch semantic type for CUI NO_CUI_no dizziness. musculoskeletal: no joint pain or stiffness. gastrointestinal: no nausea or diarrhea. genitourinary: no urinary changes. endocrine: no weight changes or thirst. hematologic: no easy bruising or bleeding. dermatologic: no rashes or lesions. psychiatric: no mood changes. ophthalmologic: no vision changes. primary assessment: symptoms consistent with acute bacterial sinusitis: relation "mrsty" does not exist
LINE 3:                             FROM MRSTY sty
                                         ^

2025-05-29 21:42:36,724 - ERROR - Failed to initialize NLP pipeline: [E893] Could not find function 'replace_tokenizer' in function registry 'callbacks'. If you're using a custom function, make sure the code is available. If the function is provided by a third-party package, e.g. spacy-transformers, make sure the package is installed in your environment.

Available names: spacy.copy_from_base_model.v1, spacy.models_and_pipes_with_nvtx_range.v1, spacy.models_with_nvtx_range.v1
2025-05-29 21:42:38,775 - WARNING - Using fallback spacy pipeline without parser, ner, or linker
2025-05-29 21:42:38,779 - ERROR - Failed to add symptom rules: "[E001] No component 'medspacy_target_matcher' found in pipeline. Available names: ['sentencizer', 'tok2vec', 'tagger', 'attribute_ruler', 'lemmatizer', 'parser', 'ner']"
2025-05-29 21:42:38,840 - ERROR - Failed to create MongoDB indexes: An existing index has the same name as the requested index. When index names are not specified, they are auto generated and can cause conflicts. Please refer to our documentation. Requested index: { v: 2, unique: true, key: { term: 1 }, name: "term_1" }, existing index: { v: 2, key: { term: 1 }, name: "term_1" }, full error: {'ok': 0.0, 'errmsg': 'An existing index has the same name as the requested index. When index names are not specified, they are auto generated and can cause conflicts. Please refer to our documentation. Requested index: { v: 2, unique: true, key: { term: 1 }, name: "term_1" }, existing index: { v: 2, key: { term: 1 }, name: "term_1" }', 'code': 86, 'codeName': 'IndexKeySpecsConflict'}
2025-05-29 21:42:40,511 - ERROR - Attempt 1/3 failed for term 'facial pain': relation "mrconso" does not exist
LINE 3:                     FROM MRCONSO c
                                 ^

2025-05-29 21:42:40,511 - ERROR - Attempt 2/3 failed for term 'facial pain': current transaction is aborted, commands ignored until end of transaction block

2025-05-29 21:42:40,512 - ERROR - Attempt 3/3 failed for term 'facial pain': current transaction is aborted, commands ignored until end of transaction block

2025-05-29 21:42:40,513 - ERROR - Max retries reached for term 'facial pain'
2025-05-29 21:42:40,533 - WARNING - Failed to fetch semantic type for CUI NO_CUI_facial pain: relation "mrsty" does not exist
LINE 3:                             FROM MRSTY sty
                                         ^

2025-05-29 21:42:40,647 - ERROR - Attempt 1/3 failed for term 'nasal congestion': relation "mrconso" does not exist
LINE 3:                     FROM MRCONSO c
                                 ^

2025-05-29 21:42:40,648 - ERROR - Attempt 2/3 failed for term 'nasal congestion': current transaction is aborted, commands ignored until end of transaction block

2025-05-29 21:42:40,648 - ERROR - Attempt 3/3 failed for term 'nasal congestion': current transaction is aborted, commands ignored until end of transaction block

2025-05-29 21:42:40,649 - ERROR - Max retries reached for term 'nasal congestion'
2025-05-29 21:42:40,661 - WARNING - Failed to fetch semantic type for CUI NO_CUI_nasal congestion: relation "mrsty" does not exist
LINE 3:                             FROM MRSTY sty
                                         ^

2025-05-29 21:42:40,767 - ERROR - Attempt 1/3 failed for term 'purulent': relation "mrconso" does not exist
LINE 3:                     FROM MRCONSO c
                                 ^

2025-05-29 21:42:40,767 - ERROR - Attempt 2/3 failed for term 'purulent': current transaction is aborted, commands ignored until end of transaction block

2025-05-29 21:42:40,768 - ERROR - Attempt 3/3 failed for term 'purulent': current transaction is aborted, commands ignored until end of transaction block

2025-05-29 21:42:40,768 - ERROR - Max retries reached for term 'purulent'
2025-05-29 21:42:40,781 - ERROR - Attempt 1/3 failed for term 'nasal discharge': relation "mrconso" does not exist
LINE 3:                     FROM MRCONSO c
                                 ^

2025-05-29 21:42:40,782 - ERROR - Attempt 2/3 failed for term 'nasal discharge': current transaction is aborted, commands ignored until end of transaction block

2025-05-29 21:42:40,783 - ERROR - Attempt 3/3 failed for term 'nasal discharge': current transaction is aborted, commands ignored until end of transaction block

2025-05-29 21:42:40,784 - ERROR - Max retries reached for term 'nasal discharge'
2025-05-29 21:42:40,800 - WARNING - Failed to fetch semantic type for CUI NO_CUI_purulent nasal discharge: relation "mrsty" does not exist
LINE 3:                             FROM MRSTY sty
                                         ^

2025-05-29 21:42:40,927 - ERROR - Attempt 1/3 failed for term 'fever': relation "mrconso" does not exist
LINE 3:                     FROM MRCONSO c
                                 ^

2025-05-29 21:42:40,931 - ERROR - Attempt 2/3 failed for term 'fever': current transaction is aborted, commands ignored until end of transaction block

2025-05-29 21:42:40,932 - ERROR - Attempt 3/3 failed for term 'fever': current transaction is aborted, commands ignored until end of transaction block

2025-05-29 21:42:40,932 - ERROR - Max retries reached for term 'fever'
2025-05-29 21:42:40,951 - WARNING - Failed to fetch semantic type for CUI NO_CUI_fever: relation "mrsty" does not exist
LINE 3:                             FROM MRSTY sty
                                         ^

2025-05-29 21:42:41,098 - WARNING - Skipping non-clinical or blocked term: 'days'
2025-05-29 21:42:41,116 - ERROR - Attempt 1/3 failed for term 'facial pain': relation "mrconso" does not exist
LINE 3:                     FROM MRCONSO c
                                 ^

2025-05-29 21:42:41,117 - ERROR - Attempt 2/3 failed for term 'facial pain': current transaction is aborted, commands ignored until end of transaction block

2025-05-29 21:42:41,118 - ERROR - Attempt 3/3 failed for term 'facial pain': current transaction is aborted, commands ignored until end of transaction block

2025-05-29 21:42:41,119 - ERROR - Max retries reached for term 'facial pain'
2025-05-29 21:42:41,151 - ERROR - Attempt 1/3 failed for term 'nasal discharge': relation "mrconso" does not exist
LINE 3:                     FROM MRCONSO c
                                 ^

2025-05-29 21:42:41,152 - ERROR - Attempt 2/3 failed for term 'nasal discharge': current transaction is aborted, commands ignored until end of transaction block

2025-05-29 21:42:41,154 - ERROR - Attempt 3/3 failed for term 'nasal discharge': current transaction is aborted, commands ignored until end of transaction block

2025-05-29 21:42:41,155 - ERROR - Max retries reached for term 'nasal discharge'
2025-05-29 21:42:41,178 - ERROR - Attempt 1/3 failed for term 'fever': relation "mrconso" does not exist
LINE 3:                     FROM MRCONSO c
                                 ^

2025-05-29 21:42:41,180 - ERROR - Attempt 2/3 failed for term 'fever': current transaction is aborted, commands ignored until end of transaction block

2025-05-29 21:42:41,184 - ERROR - Attempt 3/3 failed for term 'fever': current transaction is aborted, commands ignored until end of transaction block

2025-05-29 21:42:41,185 - ERROR - Max retries reached for term 'fever'
2025-05-29 21:42:41,207 - ERROR - Attempt 1/3 failed for term 'patient': relation "mrconso" does not exist
LINE 3:                     FROM MRCONSO c
                                 ^

2025-05-29 21:42:41,209 - ERROR - Attempt 2/3 failed for term 'patient': current transaction is aborted, commands ignored until end of transaction block

2025-05-29 21:42:41,210 - ERROR - Attempt 3/3 failed for term 'patient': current transaction is aborted, commands ignored until end of transaction block

2025-05-29 21:42:41,212 - ERROR - Max retries reached for term 'patient'
2025-05-29 21:42:41,250 - ERROR - Attempt 1/3 failed for term 'nasal congestion': relation "mrconso" does not exist
LINE 3:                     FROM MRCONSO c
                                 ^

2025-05-29 21:42:41,251 - ERROR - Attempt 2/3 failed for term 'nasal congestion': current transaction is aborted, commands ignored until end of transaction block

2025-05-29 21:42:41,252 - ERROR - Attempt 3/3 failed for term 'nasal congestion': current transaction is aborted, commands ignored until end of transaction block

2025-05-29 21:42:41,253 - ERROR - Max retries reached for term 'nasal congestion'
2025-05-29 21:42:41,276 - ERROR - Attempt 1/3 failed for term 'purulent': relation "mrconso" does not exist
LINE 3:                     FROM MRCONSO c
                                 ^

2025-05-29 21:42:41,277 - ERROR - Attempt 2/3 failed for term 'purulent': current transaction is aborted, commands ignored until end of transaction block

2025-05-29 21:42:41,278 - ERROR - Attempt 3/3 failed for term 'purulent': current transaction is aborted, commands ignored until end of transaction block

2025-05-29 21:42:41,279 - ERROR - Max retries reached for term 'purulent'
2025-05-29 21:42:41,301 - ERROR - Attempt 1/3 failed for term 'reports': relation "mrconso" does not exist
LINE 3:                     FROM MRCONSO c
                                 ^

2025-05-29 21:42:41,302 - ERROR - Attempt 2/3 failed for term 'reports': current transaction is aborted, commands ignored until end of transaction block

2025-05-29 21:42:41,303 - ERROR - Attempt 3/3 failed for term 'reports': current transaction is aborted, commands ignored until end of transaction block

2025-05-29 21:42:41,304 - ERROR - Max retries reached for term 'reports'
2025-05-29 21:42:41,317 - WARNING - Failed to fetch semantic type for CUI NO_CUI_patient presents with facial pain, nasal congestion, and fever for 10 days. reports purulent nasal discharge.: relation "mrsty" does not exist
LINE 3:                             FROM MRSTY sty
                                         ^

2025-05-29 21:42:41,444 - ERROR - Attempt 1/3 failed for term 'headache': relation "mrconso" does not exist
LINE 3:                     FROM MRCONSO c
                                 ^

2025-05-29 21:42:41,445 - ERROR - Attempt 2/3 failed for term 'headache': current transaction is aborted, commands ignored until end of transaction block

2025-05-29 21:42:41,445 - ERROR - Attempt 3/3 failed for term 'headache': current transaction is aborted, commands ignored until end of transaction block

2025-05-29 21:42:41,446 - ERROR - Max retries reached for term 'headache'
2025-05-29 21:42:41,464 - WARNING - Failed to fetch semantic type for CUI NO_CUI_headache: relation "mrsty" does not exist
LINE 3:                             FROM MRSTY sty
                                         ^

2025-05-29 21:42:41,576 - ERROR - Attempt 1/3 failed for term 'headache': relation "mrconso" does not exist
LINE 3:                     FROM MRCONSO c
                                 ^

2025-05-29 21:42:41,577 - ERROR - Attempt 2/3 failed for term 'headache': current transaction is aborted, commands ignored until end of transaction block

2025-05-29 21:42:41,577 - ERROR - Attempt 3/3 failed for term 'headache': current transaction is aborted, commands ignored until end of transaction block

2025-05-29 21:42:41,578 - ERROR - Max retries reached for term 'headache'
2025-05-29 21:42:41,589 - ERROR - Attempt 1/3 failed for term 'patient complains': relation "mrconso" does not exist
LINE 3:                     FROM MRCONSO c
                                 ^

2025-05-29 21:42:41,590 - ERROR - Attempt 2/3 failed for term 'patient complains': current transaction is aborted, commands ignored until end of transaction block

2025-05-29 21:42:41,591 - ERROR - Attempt 3/3 failed for term 'patient complains': current transaction is aborted, commands ignored until end of transaction block

2025-05-29 21:42:41,591 - ERROR - Max retries reached for term 'patient complains'
2025-05-29 21:42:41,608 - WARNING - Failed to fetch semantic type for CUI NO_CUI_patient complains of headache: relation "mrsty" does not exist
LINE 3:                             FROM MRSTY sty
                                         ^

2025-05-29 21:42:41,745 - ERROR - Attempt 1/3 failed for term 'back pain': relation "mrconso" does not exist
LINE 3:                     FROM MRCONSO c
                                 ^

2025-05-29 21:42:41,747 - ERROR - Attempt 2/3 failed for term 'back pain': current transaction is aborted, commands ignored until end of transaction block

2025-05-29 21:42:41,749 - ERROR - Attempt 3/3 failed for term 'back pain': current transaction is aborted, commands ignored until end of transaction block

2025-05-29 21:42:41,750 - ERROR - Max retries reached for term 'back pain'
2025-05-29 21:42:41,770 - WARNING - Failed to fetch semantic type for CUI NO_CUI_back pain: relation "mrsty" does not exist
LINE 3:                             FROM MRSTY sty
                                         ^

2025-05-29 21:42:41,904 - ERROR - Attempt 1/3 failed for term 'movement': relation "mrconso" does not exist
LINE 3:                     FROM MRCONSO c
                                 ^

2025-05-29 21:42:41,905 - ERROR - Attempt 2/3 failed for term 'movement': current transaction is aborted, commands ignored until end of transaction block

2025-05-29 21:42:41,907 - ERROR - Attempt 3/3 failed for term 'movement': current transaction is aborted, commands ignored until end of transaction block

2025-05-29 21:42:41,908 - ERROR - Max retries reached for term 'movement'
2025-05-29 21:42:41,935 - ERROR - Attempt 1/3 failed for term 'pain': relation "mrconso" does not exist
LINE 3:                     FROM MRCONSO c
                                 ^

2025-05-29 21:42:41,937 - ERROR - Attempt 2/3 failed for term 'pain': current transaction is aborted, commands ignored until end of transaction block

2025-05-29 21:42:41,938 - ERROR - Attempt 3/3 failed for term 'pain': current transaction is aborted, commands ignored until end of transaction block

2025-05-29 21:42:41,939 - ERROR - Max retries reached for term 'pain'
2025-05-29 21:42:41,969 - WARNING - Failed to fetch semantic type for CUI NO_CUI_pain on movement: relation "mrsty" does not exist
LINE 3:                             FROM MRSTY sty
                                         ^

2025-05-29 21:42:42,161 - ERROR - Attempt 1/3 failed for term 'obesity': relation "mrconso" does not exist
LINE 3:                     FROM MRCONSO c
                                 ^

2025-05-29 21:42:42,162 - ERROR - Attempt 2/3 failed for term 'obesity': current transaction is aborted, commands ignored until end of transaction block

2025-05-29 21:42:42,162 - ERROR - Attempt 3/3 failed for term 'obesity': current transaction is aborted, commands ignored until end of transaction block

2025-05-29 21:42:42,163 - ERROR - Max retries reached for term 'obesity'
2025-05-29 21:42:42,181 - WARNING - Failed to fetch semantic type for CUI NO_CUI_obesity: relation "mrsty" does not exist
LINE 3:                             FROM MRSTY sty
                                         ^

2025-05-29 21:42:42,360 - ERROR - Attempt 1/3 failed for term 'back pain': relation "mrconso" does not exist
LINE 3:                     FROM MRCONSO c
                                 ^

2025-05-29 21:42:42,362 - ERROR - Attempt 2/3 failed for term 'back pain': current transaction is aborted, commands ignored until end of transaction block

2025-05-29 21:42:42,364 - ERROR - Attempt 3/3 failed for term 'back pain': current transaction is aborted, commands ignored until end of transaction block

2025-05-29 21:42:42,364 - ERROR - Max retries reached for term 'back pain'
2025-05-29 21:42:42,397 - ERROR - Attempt 1/3 failed for term 'weeks': relation "mrconso" does not exist
LINE 3:                     FROM MRCONSO c
                                 ^

2025-05-29 21:42:42,398 - ERROR - Attempt 2/3 failed for term 'weeks': current transaction is aborted, commands ignored until end of transaction block

2025-05-29 21:42:42,399 - ERROR - Attempt 3/3 failed for term 'weeks': current transaction is aborted, commands ignored until end of transaction block

2025-05-29 21:42:42,400 - ERROR - Max retries reached for term 'weeks'
2025-05-29 21:42:42,428 - WARNING - Failed to fetch semantic type for CUI NO_CUI_back pain for two weeks: relation "mrsty" does not exist
LINE 3:                             FROM MRSTY sty
                                         ^

2025-05-29 21:42:42,681 - WARNING - Skipping non-clinical or blocked term: 'days'
2025-05-29 21:42:42,700 - ERROR - Attempt 1/3 failed for term 'patient complains': relation "mrconso" does not exist
LINE 3:                     FROM MRCONSO c
                                 ^

2025-05-29 21:42:42,703 - ERROR - Attempt 2/3 failed for term 'patient complains': current transaction is aborted, commands ignored until end of transaction block

2025-05-29 21:42:42,706 - ERROR - Attempt 3/3 failed for term 'patient complains': current transaction is aborted, commands ignored until end of transaction block

2025-05-29 21:42:42,707 - ERROR - Max retries reached for term 'patient complains'
2025-05-29 21:42:42,709 - WARNING - Skipping non-clinical or blocked term: 'chills'
2025-05-29 21:42:42,733 - ERROR - Attempt 1/3 failed for term 'fevers': relation "mrconso" does not exist
LINE 3:                     FROM MRCONSO c
                                 ^

2025-05-29 21:42:42,735 - ERROR - Attempt 2/3 failed for term 'fevers': current transaction is aborted, commands ignored until end of transaction block

2025-05-29 21:42:42,736 - ERROR - Attempt 3/3 failed for term 'fevers': current transaction is aborted, commands ignored until end of transaction block

2025-05-29 21:42:42,737 - ERROR - Max retries reached for term 'fevers'
2025-05-29 21:42:42,770 - ERROR - Attempt 1/3 failed for term 'headache': relation "mrconso" does not exist
LINE 3:                     FROM MRCONSO c
                                 ^

2025-05-29 21:42:42,771 - ERROR - Attempt 2/3 failed for term 'headache': current transaction is aborted, commands ignored until end of transaction block

2025-05-29 21:42:42,772 - ERROR - Attempt 3/3 failed for term 'headache': current transaction is aborted, commands ignored until end of transaction block

2025-05-29 21:42:42,773 - ERROR - Max retries reached for term 'headache'
2025-05-29 21:42:42,803 - ERROR - Attempt 1/3 failed for term 'associated with': relation "mrconso" does not exist
LINE 3:                     FROM MRCONSO c
                                 ^

2025-05-29 21:42:42,804 - ERROR - Attempt 2/3 failed for term 'associated with': current transaction is aborted, commands ignored until end of transaction block

2025-05-29 21:42:42,805 - ERROR - Attempt 3/3 failed for term 'associated with': current transaction is aborted, commands ignored until end of transaction block

2025-05-29 21:42:42,806 - ERROR - Max retries reached for term 'associated with'
2025-05-29 21:42:42,838 - WARNING - Failed to fetch semantic type for CUI NO_CUI_patient complains of headache the headache started three days ago. the headache is associated with fevers and chills: relation "mrsty" does not exist
LINE 3:                             FROM MRSTY sty
                                         ^

2025-05-29 21:42:43,144 - WARNING - Skipping non-clinical or blocked term: 'worse'
2025-05-29 21:42:43,145 - WARNING - Skipping non-clinical or blocked term: 'eyes'
2025-05-29 21:42:43,160 - ERROR - Attempt 1/3 failed for term 'licking': relation "mrconso" does not exist
LINE 3:                     FROM MRCONSO c
                                 ^

2025-05-29 21:42:43,164 - ERROR - Attempt 2/3 failed for term 'licking': current transaction is aborted, commands ignored until end of transaction block

2025-05-29 21:42:43,167 - ERROR - Attempt 3/3 failed for term 'licking': current transaction is aborted, commands ignored until end of transaction block

2025-05-29 21:42:43,167 - ERROR - Max retries reached for term 'licking'
2025-05-29 21:42:43,199 - ERROR - Attempt 1/3 failed for term 'patient': relation "mrconso" does not exist
LINE 3:                     FROM MRCONSO c
                                 ^

2025-05-29 21:42:43,201 - ERROR - Attempt 2/3 failed for term 'patient': current transaction is aborted, commands ignored until end of transaction block

2025-05-29 21:42:43,203 - ERROR - Attempt 3/3 failed for term 'patient': current transaction is aborted, commands ignored until end of transaction block

2025-05-29 21:42:43,204 - ERROR - Max retries reached for term 'patient'
2025-05-29 21:42:43,205 - WARNING - Skipping non-clinical or blocked term: 'foods'
2025-05-29 21:42:43,228 - ERROR - Attempt 1/3 failed for term 'strong': relation "mrconso" does not exist
LINE 3:                     FROM MRCONSO c
                                 ^

2025-05-29 21:42:43,229 - ERROR - Attempt 2/3 failed for term 'strong': current transaction is aborted, commands ignored until end of transaction block

2025-05-29 21:42:43,230 - ERROR - Attempt 3/3 failed for term 'strong': current transaction is aborted, commands ignored until end of transaction block

2025-05-29 21:42:43,232 - ERROR - Max retries reached for term 'strong'
2025-05-29 21:42:43,260 - ERROR - Attempt 1/3 failed for term 'fats': relation "mrconso" does not exist
LINE 3:                     FROM MRCONSO c
                                 ^

2025-05-29 21:42:43,262 - ERROR - Attempt 2/3 failed for term 'fats': current transaction is aborted, commands ignored until end of transaction block

2025-05-29 21:42:43,263 - ERROR - Attempt 3/3 failed for term 'fats': current transaction is aborted, commands ignored until end of transaction block

2025-05-29 21:42:43,263 - ERROR - Max retries reached for term 'fats'
2025-05-29 21:42:43,281 - ERROR - Attempt 1/3 failed for term 'tea': relation "mrconso" does not exist
LINE 3:                     FROM MRCONSO c
                                 ^

2025-05-29 21:42:43,283 - ERROR - Attempt 2/3 failed for term 'tea': current transaction is aborted, commands ignored until end of transaction block

2025-05-29 21:42:43,285 - ERROR - Attempt 3/3 failed for term 'tea': current transaction is aborted, commands ignored until end of transaction block

2025-05-29 21:42:43,285 - ERROR - Max retries reached for term 'tea'
2025-05-29 21:42:43,327 - ERROR - Attempt 1/3 failed for term 'vomiting': relation "mrconso" does not exist
LINE 3:                     FROM MRCONSO c
                                 ^

2025-05-29 21:42:43,330 - ERROR - Attempt 2/3 failed for term 'vomiting': current transaction is aborted, commands ignored until end of transaction block

2025-05-29 21:42:43,333 - ERROR - Attempt 3/3 failed for term 'vomiting': current transaction is aborted, commands ignored until end of transaction block

2025-05-29 21:42:43,339 - ERROR - Max retries reached for term 'vomiting'
2025-05-29 21:42:43,373 - ERROR - Attempt 1/3 failed for term 'nausea': relation "mrconso" does not exist
LINE 3:                     FROM MRCONSO c
                                 ^

2025-05-29 21:42:43,375 - ERROR - Attempt 2/3 failed for term 'nausea': current transaction is aborted, commands ignored until end of transaction block

2025-05-29 21:42:43,376 - ERROR - Attempt 3/3 failed for term 'nausea': current transaction is aborted, commands ignored until end of transaction block

2025-05-29 21:42:43,377 - ERROR - Max retries reached for term 'nausea'
2025-05-29 21:42:43,406 - ERROR - Attempt 1/3 failed for term 'jaundice': relation "mrconso" does not exist
LINE 3:                     FROM MRCONSO c
                                 ^

2025-05-29 21:42:43,409 - ERROR - Attempt 2/3 failed for term 'jaundice': current transaction is aborted, commands ignored until end of transaction block

2025-05-29 21:42:43,413 - ERROR - Attempt 3/3 failed for term 'jaundice': current transaction is aborted, commands ignored until end of transaction block

2025-05-29 21:42:43,414 - ERROR - Max retries reached for term 'jaundice'
2025-05-29 21:42:43,446 - ERROR - Attempt 1/3 failed for term 'loss of appetite': relation "mrconso" does not exist
LINE 3:                     FROM MRCONSO c
                                 ^

2025-05-29 21:42:43,448 - ERROR - Attempt 2/3 failed for term 'loss of appetite': current transaction is aborted, commands ignored until end of transaction block

2025-05-29 21:42:43,449 - ERROR - Attempt 3/3 failed for term 'loss of appetite': current transaction is aborted, commands ignored until end of transaction block

2025-05-29 21:42:43,450 - ERROR - Max retries reached for term 'loss of appetite'
2025-05-29 21:42:43,476 - WARNING - Failed to fetch semantic type for CUI NO_CUI_nausea and vomiting and loss of appetite the patient has jaundice in the eyes taking foods with fats makes the nausea worse taking strong tea and licking salt alleviates the nausea: relation "mrsty" does not exist
LINE 3:                             FROM MRSTY sty
                                         ^

2025-05-29 21:42:43,606 - ERROR - Attempt 1/3 failed for term 'facial pain': relation "mrconso" does not exist
LINE 3:                     FROM MRCONSO c
                                 ^

2025-05-29 21:42:43,607 - ERROR - Attempt 2/3 failed for term 'facial pain': current transaction is aborted, commands ignored until end of transaction block

2025-05-29 21:42:43,607 - ERROR - Attempt 3/3 failed for term 'facial pain': current transaction is aborted, commands ignored until end of transaction block

2025-05-29 21:42:43,608 - ERROR - Max retries reached for term 'facial pain'
2025-05-29 21:42:43,623 - ERROR - Attempt 1/3 failed for term 'patient': relation "mrconso" does not exist
LINE 3:                     FROM MRCONSO c
                                 ^

2025-05-29 21:42:43,624 - ERROR - Attempt 2/3 failed for term 'patient': current transaction is aborted, commands ignored until end of transaction block

2025-05-29 21:42:43,624 - ERROR - Attempt 3/3 failed for term 'patient': current transaction is aborted, commands ignored until end of transaction block

2025-05-29 21:42:43,625 - ERROR - Max retries reached for term 'patient'
2025-05-29 21:42:43,641 - WARNING - Failed to fetch semantic type for CUI NO_CUI_patient presents with facial pain: relation "mrsty" does not exist
LINE 3:                             FROM MRSTY sty
                                         ^

2025-05-29 21:42:43,805 - ERROR - Attempt 1/3 failed for term 'back pain': relation "mrconso" does not exist
LINE 3:                     FROM MRCONSO c
                                 ^

2025-05-29 21:42:43,806 - ERROR - Attempt 2/3 failed for term 'back pain': current transaction is aborted, commands ignored until end of transaction block

2025-05-29 21:42:43,806 - ERROR - Attempt 3/3 failed for term 'back pain': current transaction is aborted, commands ignored until end of transaction block

2025-05-29 21:42:43,807 - ERROR - Max retries reached for term 'back pain'
2025-05-29 21:42:43,825 - ERROR - Attempt 1/3 failed for term 'weeks': relation "mrconso" does not exist
LINE 3:                     FROM MRCONSO c
                                 ^

2025-05-29 21:42:43,828 - ERROR - Attempt 2/3 failed for term 'weeks': current transaction is aborted, commands ignored until end of transaction block

2025-05-29 21:42:43,830 - ERROR - Attempt 3/3 failed for term 'weeks': current transaction is aborted, commands ignored until end of transaction block

2025-05-29 21:42:43,831 - ERROR - Max retries reached for term 'weeks'
2025-05-29 21:42:43,856 - ERROR - Attempt 1/3 failed for term 'assessment': relation "mrconso" does not exist
LINE 3:                     FROM MRCONSO c
                                 ^

2025-05-29 21:42:43,858 - ERROR - Attempt 2/3 failed for term 'assessment': current transaction is aborted, commands ignored until end of transaction block

2025-05-29 21:42:43,861 - ERROR - Attempt 3/3 failed for term 'assessment': current transaction is aborted, commands ignored until end of transaction block

2025-05-29 21:42:43,861 - ERROR - Max retries reached for term 'assessment'
2025-05-29 21:42:43,889 - ERROR - Attempt 1/3 failed for term 'patient reports': relation "mrconso" does not exist
LINE 3:                     FROM MRCONSO c
                                 ^

2025-05-29 21:42:43,890 - ERROR - Attempt 2/3 failed for term 'patient reports': current transaction is aborted, commands ignored until end of transaction block

2025-05-29 21:42:43,891 - ERROR - Attempt 3/3 failed for term 'patient reports': current transaction is aborted, commands ignored until end of transaction block

2025-05-29 21:42:43,891 - ERROR - Max retries reached for term 'patient reports'
2025-05-29 21:42:43,921 - WARNING - Failed to fetch semantic type for CUI NO_CUI_back pain for two weeks the patient reports backpain for three weeks on assessment: relation "mrsty" does not exist
LINE 3:                             FROM MRSTY sty
                                         ^

2025-05-29 21:42:44,197 - ERROR - Attempt 1/3 failed for term 'standing': relation "mrconso" does not exist
LINE 3:                     FROM MRCONSO c
                                 ^

2025-05-29 21:42:44,201 - ERROR - Attempt 2/3 failed for term 'standing': current transaction is aborted, commands ignored until end of transaction block

2025-05-29 21:42:44,203 - ERROR - Attempt 3/3 failed for term 'standing': current transaction is aborted, commands ignored until end of transaction block

2025-05-29 21:42:44,204 - ERROR - Max retries reached for term 'standing'
2025-05-29 21:42:44,230 - ERROR - Attempt 1/3 failed for term 'stretching': relation "mrconso" does not exist
LINE 3:                     FROM MRCONSO c
                                 ^

2025-05-29 21:42:44,232 - ERROR - Attempt 2/3 failed for term 'stretching': current transaction is aborted, commands ignored until end of transaction block

2025-05-29 21:42:44,233 - ERROR - Attempt 3/3 failed for term 'stretching': current transaction is aborted, commands ignored until end of transaction block

2025-05-29 21:42:44,234 - ERROR - Max retries reached for term 'stretching'
2025-05-29 21:42:44,264 - ERROR - Attempt 1/3 failed for term 'patient': relation "mrconso" does not exist
LINE 3:                     FROM MRCONSO c
                                 ^

2025-05-29 21:42:44,265 - ERROR - Attempt 2/3 failed for term 'patient': current transaction is aborted, commands ignored until end of transaction block

2025-05-29 21:42:44,267 - ERROR - Attempt 3/3 failed for term 'patient': current transaction is aborted, commands ignored until end of transaction block

2025-05-29 21:42:44,268 - ERROR - Max retries reached for term 'patient'
2025-05-29 21:42:44,292 - ERROR - Attempt 1/3 failed for term 'pain': relation "mrconso" does not exist
LINE 3:                     FROM MRCONSO c
                                 ^

2025-05-29 21:42:44,293 - ERROR - Attempt 2/3 failed for term 'pain': current transaction is aborted, commands ignored until end of transaction block

2025-05-29 21:42:44,295 - ERROR - Attempt 3/3 failed for term 'pain': current transaction is aborted, commands ignored until end of transaction block

2025-05-29 21:42:44,295 - ERROR - Max retries reached for term 'pain'
2025-05-29 21:42:44,322 - ERROR - Attempt 1/3 failed for term 'obese': relation "mrconso" does not exist
LINE 3:                     FROM MRCONSO c
                                 ^

2025-05-29 21:42:44,324 - ERROR - Attempt 2/3 failed for term 'obese': current transaction is aborted, commands ignored until end of transaction block

2025-05-29 21:42:44,326 - ERROR - Attempt 3/3 failed for term 'obese': current transaction is aborted, commands ignored until end of transaction block

2025-05-29 21:42:44,327 - ERROR - Max retries reached for term 'obese'
2025-05-29 21:42:44,355 - ERROR - Attempt 1/3 failed for term 'sitting': relation "mrconso" does not exist
LINE 3:                     FROM MRCONSO c
                                 ^

2025-05-29 21:42:44,359 - ERROR - Attempt 2/3 failed for term 'sitting': current transaction is aborted, commands ignored until end of transaction block

2025-05-29 21:42:44,362 - ERROR - Attempt 3/3 failed for term 'sitting': current transaction is aborted, commands ignored until end of transaction block

2025-05-29 21:42:44,363 - ERROR - Max retries reached for term 'sitting'
2025-05-29 21:42:44,388 - ERROR - Attempt 1/3 failed for term 'backpain': relation "mrconso" does not exist
LINE 3:                     FROM MRCONSO c
                                 ^

2025-05-29 21:42:44,390 - ERROR - Attempt 2/3 failed for term 'backpain': current transaction is aborted, commands ignored until end of transaction block

2025-05-29 21:42:44,393 - ERROR - Attempt 3/3 failed for term 'backpain': current transaction is aborted, commands ignored until end of transaction block

2025-05-29 21:42:44,393 - ERROR - Max retries reached for term 'backpain'
2025-05-29 21:42:44,427 - WARNING - Failed to fetch semantic type for CUI NO_CUI_the patient is obese the backpain is made worse by sitting down for long the pain is alleviated by standing and stretching: relation "mrsty" does not exist
LINE 3:                             FROM MRSTY sty
                                         ^

2025-05-29 21:42:44,674 - WARNING - Skipping non-clinical or blocked term: 'days'
2025-05-29 21:42:44,694 - ERROR - Attempt 1/3 failed for term 'facial pain': relation "mrconso" does not exist
LINE 3:                     FROM MRCONSO c
                                 ^

2025-05-29 21:42:44,696 - ERROR - Attempt 2/3 failed for term 'facial pain': current transaction is aborted, commands ignored until end of transaction block

2025-05-29 21:42:44,698 - ERROR - Attempt 3/3 failed for term 'facial pain': current transaction is aborted, commands ignored until end of transaction block

2025-05-29 21:42:44,699 - ERROR - Max retries reached for term 'facial pain'
2025-05-29 21:42:44,719 - ERROR - Attempt 1/3 failed for term 'nasal discharge': relation "mrconso" does not exist
LINE 3:                     FROM MRCONSO c
                                 ^

2025-05-29 21:42:44,721 - ERROR - Attempt 2/3 failed for term 'nasal discharge': current transaction is aborted, commands ignored until end of transaction block

2025-05-29 21:42:44,722 - ERROR - Attempt 3/3 failed for term 'nasal discharge': current transaction is aborted, commands ignored until end of transaction block

2025-05-29 21:42:44,724 - ERROR - Max retries reached for term 'nasal discharge'
2025-05-29 21:42:44,753 - ERROR - Attempt 1/3 failed for term 'fever': relation "mrconso" does not exist
LINE 3:                     FROM MRCONSO c
                                 ^

2025-05-29 21:42:44,755 - ERROR - Attempt 2/3 failed for term 'fever': current transaction is aborted, commands ignored until end of transaction block

2025-05-29 21:42:44,756 - ERROR - Attempt 3/3 failed for term 'fever': current transaction is aborted, commands ignored until end of transaction block

2025-05-29 21:42:44,756 - ERROR - Max retries reached for term 'fever'
2025-05-29 21:42:44,785 - ERROR - Attempt 1/3 failed for term 'maxillary sinuses': relation "mrconso" does not exist
LINE 3:                     FROM MRCONSO c
                                 ^

2025-05-29 21:42:44,787 - ERROR - Attempt 2/3 failed for term 'maxillary sinuses': current transaction is aborted, commands ignored until end of transaction block

2025-05-29 21:42:44,789 - ERROR - Attempt 3/3 failed for term 'maxillary sinuses': current transaction is aborted, commands ignored until end of transaction block

2025-05-29 21:42:44,789 - ERROR - Max retries reached for term 'maxillary sinuses'
2025-05-29 21:42:44,817 - ERROR - Attempt 1/3 failed for term 'purulent': relation "mrconso" does not exist
LINE 3:                     FROM MRCONSO c
                                 ^

2025-05-29 21:42:44,820 - ERROR - Attempt 2/3 failed for term 'purulent': current transaction is aborted, commands ignored until end of transaction block

2025-05-29 21:42:44,825 - ERROR - Attempt 3/3 failed for term 'purulent': current transaction is aborted, commands ignored until end of transaction block

2025-05-29 21:42:44,827 - ERROR - Max retries reached for term 'purulent'
2025-05-29 21:42:44,861 - ERROR - Attempt 1/3 failed for term 'reports': relation "mrconso" does not exist
LINE 3:                     FROM MRCONSO c
                                 ^

2025-05-29 21:42:44,862 - ERROR - Attempt 2/3 failed for term 'reports': current transaction is aborted, commands ignored until end of transaction block

2025-05-29 21:42:44,867 - ERROR - Attempt 3/3 failed for term 'reports': current transaction is aborted, commands ignored until end of transaction block

2025-05-29 21:42:44,867 - ERROR - Max retries reached for term 'reports'
2025-05-29 21:42:44,914 - WARNING - Failed to fetch semantic type for CUI NO_CUI_and fever for 10 days. reports purulent nasal discharge. facial pain over maxillary sinuses: relation "mrsty" does not exist
LINE 3:                             FROM MRSTY sty
                                         ^

2025-05-29 21:42:45,422 - ERROR - Attempt 1/3 failed for term 'sinusitis': relation "mrconso" does not exist
LINE 3:                     FROM MRCONSO c
                                 ^

2025-05-29 21:42:45,423 - ERROR - Attempt 2/3 failed for term 'sinusitis': current transaction is aborted, commands ignored until end of transaction block

2025-05-29 21:42:45,424 - ERROR - Attempt 3/3 failed for term 'sinusitis': current transaction is aborted, commands ignored until end of transaction block

2025-05-29 21:42:45,424 - ERROR - Max retries reached for term 'sinusitis'
2025-05-29 21:42:45,447 - ERROR - Attempt 1/3 failed for term 'pulmonary': relation "mrconso" does not exist
LINE 3:                     FROM MRCONSO c
                                 ^

2025-05-29 21:42:45,448 - ERROR - Attempt 2/3 failed for term 'pulmonary': current transaction is aborted, commands ignored until end of transaction block

2025-05-29 21:42:45,449 - ERROR - Attempt 3/3 failed for term 'pulmonary': current transaction is aborted, commands ignored until end of transaction block

2025-05-29 21:42:45,450 - ERROR - Max retries reached for term 'pulmonary'
2025-05-29 21:42:45,468 - ERROR - Attempt 1/3 failed for term 'stable': relation "mrconso" does not exist
LINE 3:                     FROM MRCONSO c
                                 ^

2025-05-29 21:42:45,469 - ERROR - Attempt 2/3 failed for term 'stable': current transaction is aborted, commands ignored until end of transaction block

2025-05-29 21:42:45,470 - ERROR - Attempt 3/3 failed for term 'stable': current transaction is aborted, commands ignored until end of transaction block

2025-05-29 21:42:45,470 - ERROR - Max retries reached for term 'stable'
2025-05-29 21:42:45,498 - ERROR - Attempt 1/3 failed for term 'diabetes': relation "mrconso" does not exist
LINE 3:                     FROM MRCONSO c
                                 ^

2025-05-29 21:42:45,500 - ERROR - Attempt 2/3 failed for term 'diabetes': current transaction is aborted, commands ignored until end of transaction block

2025-05-29 21:42:45,501 - ERROR - Attempt 3/3 failed for term 'diabetes': current transaction is aborted, commands ignored until end of transaction block

2025-05-29 21:42:45,504 - ERROR - Max retries reached for term 'diabetes'
2025-05-29 21:42:45,537 - ERROR - Attempt 1/3 failed for term 'hypertension': relation "mrconso" does not exist
LINE 3:                     FROM MRCONSO c
                                 ^

2025-05-29 21:42:45,540 - ERROR - Attempt 2/3 failed for term 'hypertension': current transaction is aborted, commands ignored until end of transaction block

2025-05-29 21:42:45,543 - ERROR - Attempt 3/3 failed for term 'hypertension': current transaction is aborted, commands ignored until end of transaction block

2025-05-29 21:42:45,543 - ERROR - Max retries reached for term 'hypertension'
2025-05-29 21:42:45,567 - ERROR - Attempt 1/3 failed for term 'viral sinusitis': relation "mrconso" does not exist
LINE 3:                     FROM MRCONSO c
                                 ^

2025-05-29 21:42:45,568 - ERROR - Attempt 2/3 failed for term 'viral sinusitis': current transaction is aborted, commands ignored until end of transaction block

2025-05-29 21:42:45,570 - ERROR - Attempt 3/3 failed for term 'viral sinusitis': current transaction is aborted, commands ignored until end of transaction block

2025-05-29 21:42:45,571 - ERROR - Max retries reached for term 'viral sinusitis'
2025-05-29 21:42:45,600 - ERROR - Attempt 1/3 failed for term 'acute abnormalities': relation "mrconso" does not exist
LINE 3:                     FROM MRCONSO c
                                 ^

2025-05-29 21:42:45,601 - ERROR - Attempt 2/3 failed for term 'acute abnormalities': current transaction is aborted, commands ignored until end of transaction block

2025-05-29 21:42:45,604 - ERROR - Attempt 3/3 failed for term 'acute abnormalities': current transaction is aborted, commands ignored until end of transaction block

2025-05-29 21:42:45,605 - ERROR - Max retries reached for term 'acute abnormalities'
2025-05-29 21:42:45,635 - ERROR - Attempt 1/3 failed for term 'cardiovascular': relation "mrconso" does not exist
LINE 3:                     FROM MRCONSO c
                                 ^

2025-05-29 21:42:45,637 - ERROR - Attempt 2/3 failed for term 'cardiovascular': current transaction is aborted, commands ignored until end of transaction block

2025-05-29 21:42:45,639 - ERROR - Attempt 3/3 failed for term 'cardiovascular': current transaction is aborted, commands ignored until end of transaction block

2025-05-29 21:42:45,642 - ERROR - Max retries reached for term 'cardiovascular'
2025-05-29 21:42:45,671 - ERROR - Attempt 1/3 failed for term 'headache': relation "mrconso" does not exist
LINE 3:                     FROM MRCONSO c
                                 ^

2025-05-29 21:42:45,673 - ERROR - Attempt 2/3 failed for term 'headache': current transaction is aborted, commands ignored until end of transaction block

2025-05-29 21:42:45,676 - ERROR - Attempt 3/3 failed for term 'headache': current transaction is aborted, commands ignored until end of transaction block

2025-05-29 21:42:45,677 - ERROR - Max retries reached for term 'headache'
2025-05-29 21:42:45,716 - ERROR - Attempt 1/3 failed for term 'endocrine': relation "mrconso" does not exist
LINE 3:                     FROM MRCONSO c
                                 ^

2025-05-29 21:42:45,719 - ERROR - Attempt 2/3 failed for term 'endocrine': current transaction is aborted, commands ignored until end of transaction block

2025-05-29 21:42:45,720 - ERROR - Attempt 3/3 failed for term 'endocrine': current transaction is aborted, commands ignored until end of transaction block

2025-05-29 21:42:45,721 - ERROR - Max retries reached for term 'endocrine'
2025-05-29 21:42:45,748 - ERROR - Attempt 1/3 failed for term 'secondary to': relation "mrconso" does not exist
LINE 3:                     FROM MRCONSO c
                                 ^

2025-05-29 21:42:45,752 - ERROR - Attempt 2/3 failed for term 'secondary to': current transaction is aborted, commands ignored until end of transaction block

2025-05-29 21:42:45,754 - ERROR - Attempt 3/3 failed for term 'secondary to': current transaction is aborted, commands ignored until end of transaction block

2025-05-29 21:42:45,756 - ERROR - Max retries reached for term 'secondary to'
2025-05-29 21:42:45,785 - ERROR - Attempt 1/3 failed for term 'neurological': relation "mrconso" does not exist
LINE 3:                     FROM MRCONSO c
                                 ^

2025-05-29 21:42:45,786 - ERROR - Attempt 2/3 failed for term 'neurological': current transaction is aborted, commands ignored until end of transaction block

2025-05-29 21:42:45,787 - ERROR - Attempt 3/3 failed for term 'neurological': current transaction is aborted, commands ignored until end of transaction block

2025-05-29 21:42:45,787 - ERROR - Max retries reached for term 'neurological'
2025-05-29 21:42:45,808 - ERROR - Attempt 1/3 failed for term 'viral upper': relation "mrconso" does not exist
LINE 3:                     FROM MRCONSO c
                                 ^

2025-05-29 21:42:45,810 - ERROR - Attempt 2/3 failed for term 'viral upper': current transaction is aborted, commands ignored until end of transaction block

2025-05-29 21:42:45,811 - ERROR - Attempt 3/3 failed for term 'viral upper': current transaction is aborted, commands ignored until end of transaction block

2025-05-29 21:42:45,812 - ERROR - Max retries reached for term 'viral upper'
2025-05-29 21:42:45,840 - ERROR - Attempt 1/3 failed for term 'allergic rhinitis': relation "mrconso" does not exist
LINE 3:                     FROM MRCONSO c
                                 ^

2025-05-29 21:42:45,842 - ERROR - Attempt 2/3 failed for term 'allergic rhinitis': current transaction is aborted, commands ignored until end of transaction block

2025-05-29 21:42:45,843 - ERROR - Attempt 3/3 failed for term 'allergic rhinitis': current transaction is aborted, commands ignored until end of transaction block

2025-05-29 21:42:45,843 - ERROR - Max retries reached for term 'allergic rhinitis'
2025-05-29 21:42:45,865 - ERROR - Attempt 1/3 failed for term 'differential': relation "mrconso" does not exist
LINE 3:                     FROM MRCONSO c
                                 ^

2025-05-29 21:42:45,867 - ERROR - Attempt 2/3 failed for term 'differential': current transaction is aborted, commands ignored until end of transaction block

2025-05-29 21:42:45,869 - ERROR - Attempt 3/3 failed for term 'differential': current transaction is aborted, commands ignored until end of transaction block

2025-05-29 21:42:45,869 - ERROR - Max retries reached for term 'differential'
2025-05-29 21:42:45,893 - ERROR - Attempt 1/3 failed for term 'respiratory infection': relation "mrconso" does not exist
LINE 3:                     FROM MRCONSO c
                                 ^

2025-05-29 21:42:45,894 - ERROR - Attempt 2/3 failed for term 'respiratory infection': current transaction is aborted, commands ignored until end of transaction block

2025-05-29 21:42:45,895 - ERROR - Attempt 3/3 failed for term 'respiratory infection': current transaction is aborted, commands ignored until end of transaction block

2025-05-29 21:42:45,895 - ERROR - Max retries reached for term 'respiratory infection'
2025-05-29 21:42:45,930 - WARNING - Failed to fetch semantic type for CUI NO_CUI_likely secondary to recent viral upper respiratory infection. differential includes viral sinusitis or allergic rhinitis. other systems: neurological: headache likely related to sinusitis. endocrine: stable diabetes. cardiovascular: stable hypertension. no acute abnormalities in pulmonary: relation "mrsty" does not exist
LINE 3:                             FROM MRSTY sty
                                         ^

2025-05-29 21:42:46,086 - ERROR - Attempt 1/3 failed for term 'radiating': relation "mrconso" does not exist
LINE 3:                     FROM MRCONSO c
                                 ^

2025-05-29 21:42:46,086 - ERROR - Attempt 2/3 failed for term 'radiating': current transaction is aborted, commands ignored until end of transaction block

2025-05-29 21:42:46,087 - ERROR - Attempt 3/3 failed for term 'radiating': current transaction is aborted, commands ignored until end of transaction block

2025-05-29 21:42:46,087 - ERROR - Max retries reached for term 'radiating'
2025-05-29 21:42:46,102 - ERROR - Attempt 1/3 failed for term 'pain': relation "mrconso" does not exist
LINE 3:                     FROM MRCONSO c
                                 ^

2025-05-29 21:42:46,103 - ERROR - Attempt 2/3 failed for term 'pain': current transaction is aborted, commands ignored until end of transaction block

2025-05-29 21:42:46,103 - ERROR - Attempt 3/3 failed for term 'pain': current transaction is aborted, commands ignored until end of transaction block

2025-05-29 21:42:46,103 - ERROR - Max retries reached for term 'pain'
2025-05-29 21:42:46,120 - WARNING - Failed to fetch semantic type for CUI NO_CUI_radiating pain: relation "mrsty" does not exist
LINE 3:                             FROM MRSTY sty
                                         ^

2025-05-29 21:42:46,247 - ERROR - Attempt 1/3 failed for term 'bilateral': relation "mrconso" does not exist
LINE 3:                     FROM MRCONSO c
                                 ^

2025-05-29 21:42:46,248 - ERROR - Attempt 2/3 failed for term 'bilateral': current transaction is aborted, commands ignored until end of transaction block

2025-05-29 21:42:46,248 - ERROR - Attempt 3/3 failed for term 'bilateral': current transaction is aborted, commands ignored until end of transaction block

2025-05-29 21:42:46,249 - ERROR - Max retries reached for term 'bilateral'
2025-05-29 21:42:46,272 - ERROR - Attempt 1/3 failed for term 'nasal congestion': relation "mrconso" does not exist
LINE 3:                     FROM MRCONSO c
                                 ^

2025-05-29 21:42:46,274 - ERROR - Attempt 2/3 failed for term 'nasal congestion': current transaction is aborted, commands ignored until end of transaction block

2025-05-29 21:42:46,275 - ERROR - Attempt 3/3 failed for term 'nasal congestion': current transaction is aborted, commands ignored until end of transaction block

2025-05-29 21:42:46,275 - ERROR - Max retries reached for term 'nasal congestion'
2025-05-29 21:42:46,302 - WARNING - Failed to fetch semantic type for CUI NO_CUI_bilateral nasal congestion: relation "mrsty" does not exist
LINE 3:                             FROM MRSTY sty
                                         ^

2025-05-29 21:42:46,657 - WARNING - Skipping non-clinical or blocked term: 'days'
2025-05-29 21:42:46,679 - ERROR - Attempt 1/3 failed for term 'shortness of breath': relation "mrconso" does not exist
LINE 3:                     FROM MRCONSO c
                                 ^

2025-05-29 21:42:46,681 - ERROR - Attempt 2/3 failed for term 'shortness of breath': current transaction is aborted, commands ignored until end of transaction block

2025-05-29 21:42:46,683 - ERROR - Attempt 3/3 failed for term 'shortness of breath': current transaction is aborted, commands ignored until end of transaction block

2025-05-29 21:42:46,684 - ERROR - Max retries reached for term 'shortness of breath'
2025-05-29 21:42:46,714 - ERROR - Attempt 1/3 failed for term 'no cough': relation "mrconso" does not exist
LINE 3:                     FROM MRCONSO c
                                 ^

2025-05-29 21:42:46,717 - ERROR - Attempt 2/3 failed for term 'no cough': current transaction is aborted, commands ignored until end of transaction block

2025-05-29 21:42:46,720 - ERROR - Attempt 3/3 failed for term 'no cough': current transaction is aborted, commands ignored until end of transaction block

2025-05-29 21:42:46,721 - ERROR - Max retries reached for term 'no cough'
2025-05-29 21:42:46,745 - ERROR - Attempt 1/3 failed for term 'pulmonary': relation "mrconso" does not exist
LINE 3:                     FROM MRCONSO c
                                 ^

2025-05-29 21:42:46,749 - ERROR - Attempt 2/3 failed for term 'pulmonary': current transaction is aborted, commands ignored until end of transaction block

2025-05-29 21:42:46,750 - ERROR - Attempt 3/3 failed for term 'pulmonary': current transaction is aborted, commands ignored until end of transaction block

2025-05-29 21:42:46,750 - ERROR - Max retries reached for term 'pulmonary'
2025-05-29 21:42:46,777 - ERROR - Attempt 1/3 failed for term 'mild headache': relation "mrconso" does not exist
LINE 3:                     FROM MRCONSO c
                                 ^

2025-05-29 21:42:46,780 - ERROR - Attempt 2/3 failed for term 'mild headache': current transaction is aborted, commands ignored until end of transaction block

2025-05-29 21:42:46,782 - ERROR - Attempt 3/3 failed for term 'mild headache': current transaction is aborted, commands ignored until end of transaction block

2025-05-29 21:42:46,782 - ERROR - Max retries reached for term 'mild headache'
2025-05-29 21:42:46,808 - ERROR - Attempt 1/3 failed for term 'nasal discharge': relation "mrconso" does not exist
LINE 3:                     FROM MRCONSO c
                                 ^

2025-05-29 21:42:46,809 - ERROR - Attempt 2/3 failed for term 'nasal discharge': current transaction is aborted, commands ignored until end of transaction block

2025-05-29 21:42:46,810 - ERROR - Attempt 3/3 failed for term 'nasal discharge': current transaction is aborted, commands ignored until end of transaction block

2025-05-29 21:42:46,810 - ERROR - Max retries reached for term 'nasal discharge'
2025-05-29 21:42:46,843 - ERROR - Attempt 1/3 failed for term 'sinus pain': relation "mrconso" does not exist
LINE 3:                     FROM MRCONSO c
                                 ^

2025-05-29 21:42:46,850 - ERROR - Attempt 2/3 failed for term 'sinus pain': current transaction is aborted, commands ignored until end of transaction block

2025-05-29 21:42:46,853 - ERROR - Attempt 3/3 failed for term 'sinus pain': current transaction is aborted, commands ignored until end of transaction block

2025-05-29 21:42:46,855 - ERROR - Max retries reached for term 'sinus pain'
2025-05-29 21:42:46,885 - ERROR - Attempt 1/3 failed for term 'cardiovascular': relation "mrconso" does not exist
LINE 3:                     FROM MRCONSO c
                                 ^

2025-05-29 21:42:46,886 - ERROR - Attempt 2/3 failed for term 'cardiovascular': current transaction is aborted, commands ignored until end of transaction block

2025-05-29 21:42:46,888 - ERROR - Attempt 3/3 failed for term 'cardiovascular': current transaction is aborted, commands ignored until end of transaction block

2025-05-29 21:42:46,888 - ERROR - Max retries reached for term 'cardiovascular'
2025-05-29 21:42:46,921 - ERROR - Attempt 1/3 failed for term 'palpitations': relation "mrconso" does not exist
LINE 3:                     FROM MRCONSO c
                                 ^

2025-05-29 21:42:46,923 - ERROR - Attempt 2/3 failed for term 'palpitations': current transaction is aborted, commands ignored until end of transaction block

2025-05-29 21:42:46,926 - ERROR - Attempt 3/3 failed for term 'palpitations': current transaction is aborted, commands ignored until end of transaction block

2025-05-29 21:42:46,927 - ERROR - Max retries reached for term 'palpitations'
2025-05-29 21:42:46,956 - ERROR - Attempt 1/3 failed for term 'hearing loss': relation "mrconso" does not exist
LINE 3:                     FROM MRCONSO c
                                 ^

2025-05-29 21:42:46,958 - ERROR - Attempt 2/3 failed for term 'hearing loss': current transaction is aborted, commands ignored until end of transaction block

2025-05-29 21:42:46,958 - ERROR - Attempt 3/3 failed for term 'hearing loss': current transaction is aborted, commands ignored until end of transaction block

2025-05-29 21:42:46,959 - ERROR - Max retries reached for term 'hearing loss'
2025-05-29 21:42:46,997 - ERROR - Attempt 1/3 failed for term 'low-grade': relation "mrconso" does not exist
LINE 3:                     FROM MRCONSO c
                                 ^

2025-05-29 21:42:46,999 - ERROR - Attempt 2/3 failed for term 'low-grade': current transaction is aborted, commands ignored until end of transaction block

2025-05-29 21:42:47,006 - ERROR - Attempt 3/3 failed for term 'low-grade': current transaction is aborted, commands ignored until end of transaction block

2025-05-29 21:42:47,007 - ERROR - Max retries reached for term 'low-grade'
2025-05-29 21:42:47,036 - ERROR - Attempt 1/3 failed for term 'chest pain': relation "mrconso" does not exist
LINE 3:                     FROM MRCONSO c
                                 ^

2025-05-29 21:42:47,037 - ERROR - Attempt 2/3 failed for term 'chest pain': current transaction is aborted, commands ignored until end of transaction block

2025-05-29 21:42:47,038 - ERROR - Attempt 3/3 failed for term 'chest pain': current transaction is aborted, commands ignored until end of transaction block

2025-05-29 21:42:47,039 - ERROR - Max retries reached for term 'chest pain'
2025-05-29 21:42:47,062 - ERROR - Attempt 1/3 failed for term 'purulent': relation "mrconso" does not exist
LINE 3:                     FROM MRCONSO c
                                 ^

2025-05-29 21:42:47,064 - ERROR - Attempt 2/3 failed for term 'purulent': current transaction is aborted, commands ignored until end of transaction block

2025-05-29 21:42:47,066 - ERROR - Attempt 3/3 failed for term 'purulent': current transaction is aborted, commands ignored until end of transaction block

2025-05-29 21:42:47,066 - ERROR - Max retries reached for term 'purulent'
2025-05-29 21:42:47,095 - ERROR - Attempt 1/3 failed for term 'neurological': relation "mrconso" does not exist
LINE 3:                     FROM MRCONSO c
                                 ^

2025-05-29 21:42:47,098 - ERROR - Attempt 2/3 failed for term 'neurological': current transaction is aborted, commands ignored until end of transaction block

2025-05-29 21:42:47,103 - ERROR - Attempt 3/3 failed for term 'neurological': current transaction is aborted, commands ignored until end of transaction block

2025-05-29 21:42:47,104 - ERROR - Max retries reached for term 'neurological'
2025-05-29 21:42:47,135 - ERROR - Attempt 1/3 failed for term 'associated with': relation "mrconso" does not exist
LINE 3:                     FROM MRCONSO c
                                 ^

2025-05-29 21:42:47,136 - ERROR - Attempt 2/3 failed for term 'associated with': current transaction is aborted, commands ignored until end of transaction block

2025-05-29 21:42:47,138 - ERROR - Attempt 3/3 failed for term 'associated with': current transaction is aborted, commands ignored until end of transaction block

2025-05-29 21:42:47,140 - ERROR - Max retries reached for term 'associated with'
2025-05-29 21:42:47,163 - WARNING - Failed to fetch semantic type for CUI NO_CUI_and purulent nasal discharge for 10 days. low-grade fever (up to 100.5°f). no sore throat or hearing loss. pulmonary: no cough or shortness of breath. cardiovascular: no chest pain or palpitations. neurological: mild headache associated with sinus pain: relation "mrsty" does not exist
LINE 3:                             FROM MRSTY sty
                                         ^

2025-05-29 21:42:47,509 - ERROR - Attempt 1/3 failed for term 'acute': relation "mrconso" does not exist
LINE 3:                     FROM MRCONSO c
                                 ^

2025-05-29 21:42:47,510 - ERROR - Attempt 2/3 failed for term 'acute': current transaction is aborted, commands ignored until end of transaction block

2025-05-29 21:42:47,510 - ERROR - Attempt 3/3 failed for term 'acute': current transaction is aborted, commands ignored until end of transaction block

2025-05-29 21:42:47,511 - ERROR - Max retries reached for term 'acute'
2025-05-29 21:42:47,525 - ERROR - Attempt 1/3 failed for term 'bacterial sinusitis': relation "mrconso" does not exist
LINE 3:                     FROM MRCONSO c
                                 ^

2025-05-29 21:42:47,526 - ERROR - Attempt 2/3 failed for term 'bacterial sinusitis': current transaction is aborted, commands ignored until end of transaction block

2025-05-29 21:42:47,526 - ERROR - Attempt 3/3 failed for term 'bacterial sinusitis': current transaction is aborted, commands ignored until end of transaction block

2025-05-29 21:42:47,527 - ERROR - Max retries reached for term 'bacterial sinusitis'
2025-05-29 21:42:47,541 - ERROR - Attempt 1/3 failed for term 'no joint pain': relation "mrconso" does not exist
LINE 3:                     FROM MRCONSO c
                                 ^

2025-05-29 21:42:47,542 - ERROR - Attempt 2/3 failed for term 'no joint pain': current transaction is aborted, commands ignored until end of transaction block

2025-05-29 21:42:47,543 - ERROR - Attempt 3/3 failed for term 'no joint pain': current transaction is aborted, commands ignored until end of transaction block

2025-05-29 21:42:47,544 - ERROR - Max retries reached for term 'no joint pain'
2025-05-29 21:42:47,559 - ERROR - Attempt 1/3 failed for term 'no dizziness': relation "mrconso" does not exist
LINE 3:                     FROM MRCONSO c
                                 ^

2025-05-29 21:42:47,560 - ERROR - Attempt 2/3 failed for term 'no dizziness': current transaction is aborted, commands ignored until end of transaction block

2025-05-29 21:42:47,561 - ERROR - Attempt 3/3 failed for term 'no dizziness': current transaction is aborted, commands ignored until end of transaction block

2025-05-29 21:42:47,562 - ERROR - Max retries reached for term 'no dizziness'
2025-05-29 21:42:47,579 - ERROR - Attempt 1/3 failed for term 'weight changes': relation "mrconso" does not exist
LINE 3:                     FROM MRCONSO c
                                 ^

2025-05-29 21:42:47,581 - ERROR - Attempt 2/3 failed for term 'weight changes': current transaction is aborted, commands ignored until end of transaction block

2025-05-29 21:42:47,582 - ERROR - Attempt 3/3 failed for term 'weight changes': current transaction is aborted, commands ignored until end of transaction block

2025-05-29 21:42:47,583 - ERROR - Max retries reached for term 'weight changes'
2025-05-29 21:42:47,599 - ERROR - Attempt 1/3 failed for term 'bruising': relation "mrconso" does not exist
LINE 3:                     FROM MRCONSO c
                                 ^

2025-05-29 21:42:47,600 - ERROR - Attempt 2/3 failed for term 'bruising': current transaction is aborted, commands ignored until end of transaction block

2025-05-29 21:42:47,601 - ERROR - Attempt 3/3 failed for term 'bruising': current transaction is aborted, commands ignored until end of transaction block

2025-05-29 21:42:47,601 - ERROR - Max retries reached for term 'bruising'
2025-05-29 21:42:47,616 - ERROR - Attempt 1/3 failed for term 'ophthalmologic': relation "mrconso" does not exist
LINE 3:                     FROM MRCONSO c
                                 ^

2025-05-29 21:42:47,617 - ERROR - Attempt 2/3 failed for term 'ophthalmologic': current transaction is aborted, commands ignored until end of transaction block

2025-05-29 21:42:47,618 - ERROR - Attempt 3/3 failed for term 'ophthalmologic': current transaction is aborted, commands ignored until end of transaction block

2025-05-29 21:42:47,618 - ERROR - Max retries reached for term 'ophthalmologic'
2025-05-29 21:42:47,632 - ERROR - Attempt 1/3 failed for term 'dermatologic': relation "mrconso" does not exist
LINE 3:                     FROM MRCONSO c
                                 ^

2025-05-29 21:42:47,632 - ERROR - Attempt 2/3 failed for term 'dermatologic': current transaction is aborted, commands ignored until end of transaction block

2025-05-29 21:42:47,633 - ERROR - Attempt 3/3 failed for term 'dermatologic': current transaction is aborted, commands ignored until end of transaction block

2025-05-29 21:42:47,633 - ERROR - Max retries reached for term 'dermatologic'
2025-05-29 21:42:47,648 - ERROR - Attempt 1/3 failed for term 'no rashes': relation "mrconso" does not exist
LINE 3:                     FROM MRCONSO c
                                 ^

2025-05-29 21:42:47,649 - ERROR - Attempt 2/3 failed for term 'no rashes': current transaction is aborted, commands ignored until end of transaction block

2025-05-29 21:42:47,650 - ERROR - Attempt 3/3 failed for term 'no rashes': current transaction is aborted, commands ignored until end of transaction block

2025-05-29 21:42:47,651 - ERROR - Max retries reached for term 'no rashes'
2025-05-29 21:42:47,666 - ERROR - Attempt 1/3 failed for term 'endocrine': relation "mrconso" does not exist
LINE 3:                     FROM MRCONSO c
                                 ^

2025-05-29 21:42:47,668 - ERROR - Attempt 2/3 failed for term 'endocrine': current transaction is aborted, commands ignored until end of transaction block

2025-05-29 21:42:47,669 - ERROR - Attempt 3/3 failed for term 'endocrine': current transaction is aborted, commands ignored until end of transaction block

2025-05-29 21:42:47,670 - ERROR - Max retries reached for term 'endocrine'
2025-05-29 21:42:47,670 - WARNING - Skipping non-clinical or blocked term: 'psychiatric'
2025-05-29 21:42:47,690 - ERROR - Attempt 1/3 failed for term 'nausea': relation "mrconso" does not exist
LINE 3:                     FROM MRCONSO c
                                 ^

2025-05-29 21:42:47,691 - ERROR - Attempt 2/3 failed for term 'nausea': current transaction is aborted, commands ignored until end of transaction block

2025-05-29 21:42:47,692 - ERROR - Attempt 3/3 failed for term 'nausea': current transaction is aborted, commands ignored until end of transaction block

2025-05-29 21:42:47,695 - ERROR - Max retries reached for term 'nausea'
2025-05-29 21:42:47,696 - WARNING - Skipping non-clinical or blocked term: 'symptoms'
2025-05-29 21:42:47,696 - WARNING - Skipping non-clinical or blocked term: 'hematologic'
2025-05-29 21:42:47,715 - ERROR - Attempt 1/3 failed for term 'bleeding': relation "mrconso" does not exist
LINE 3:                     FROM MRCONSO c
                                 ^

2025-05-29 21:42:47,715 - ERROR - Attempt 2/3 failed for term 'bleeding': current transaction is aborted, commands ignored until end of transaction block

2025-05-29 21:42:47,716 - ERROR - Attempt 3/3 failed for term 'bleeding': current transaction is aborted, commands ignored until end of transaction block

2025-05-29 21:42:47,717 - ERROR - Max retries reached for term 'bleeding'
2025-05-29 21:42:47,737 - ERROR - Attempt 1/3 failed for term 'primary assessment': relation "mrconso" does not exist
LINE 3:                     FROM MRCONSO c
                                 ^

2025-05-29 21:42:47,738 - ERROR - Attempt 2/3 failed for term 'primary assessment': current transaction is aborted, commands ignored until end of transaction block

2025-05-29 21:42:47,740 - ERROR - Attempt 3/3 failed for term 'primary assessment': current transaction is aborted, commands ignored until end of transaction block

2025-05-29 21:42:47,741 - ERROR - Max retries reached for term 'primary assessment'
2025-05-29 21:42:47,747 - WARNING - Skipping non-clinical or blocked term: 'vision'
2025-05-29 21:42:47,775 - ERROR - Attempt 1/3 failed for term 'consistent with': relation "mrconso" does not exist
LINE 3:                     FROM MRCONSO c
                                 ^

2025-05-29 21:42:47,777 - ERROR - Attempt 2/3 failed for term 'consistent with': current transaction is aborted, commands ignored until end of transaction block

2025-05-29 21:42:47,778 - ERROR - Attempt 3/3 failed for term 'consistent with': current transaction is aborted, commands ignored until end of transaction block

2025-05-29 21:42:47,778 - ERROR - Max retries reached for term 'consistent with'
2025-05-29 21:42:47,799 - ERROR - Attempt 1/3 failed for term 'genitourinary': relation "mrconso" does not exist
LINE 3:                     FROM MRCONSO c
                                 ^

2025-05-29 21:42:47,800 - ERROR - Attempt 2/3 failed for term 'genitourinary': current transaction is aborted, commands ignored until end of transaction block

2025-05-29 21:42:47,801 - ERROR - Attempt 3/3 failed for term 'genitourinary': current transaction is aborted, commands ignored until end of transaction block

2025-05-29 21:42:47,801 - ERROR - Max retries reached for term 'genitourinary'
2025-05-29 21:42:47,802 - WARNING - Skipping non-clinical or blocked term: 'gastrointestinal'
2025-05-29 21:42:47,820 - ERROR - Attempt 1/3 failed for term 'diarrhea': relation "mrconso" does not exist
LINE 3:                     FROM MRCONSO c
                                 ^

2025-05-29 21:42:47,821 - ERROR - Attempt 2/3 failed for term 'diarrhea': current transaction is aborted, commands ignored until end of transaction block

2025-05-29 21:42:47,822 - ERROR - Attempt 3/3 failed for term 'diarrhea': current transaction is aborted, commands ignored until end of transaction block

2025-05-29 21:42:47,823 - ERROR - Max retries reached for term 'diarrhea'
2025-05-29 21:42:47,841 - ERROR - Attempt 1/3 failed for term 'mood changes': relation "mrconso" does not exist
LINE 3:                     FROM MRCONSO c
                                 ^

2025-05-29 21:42:47,841 - ERROR - Attempt 2/3 failed for term 'mood changes': current transaction is aborted, commands ignored until end of transaction block

2025-05-29 21:42:47,843 - ERROR - Attempt 3/3 failed for term 'mood changes': current transaction is aborted, commands ignored until end of transaction block

2025-05-29 21:42:47,843 - ERROR - Max retries reached for term 'mood changes'
2025-05-29 21:42:47,862 - ERROR - Attempt 1/3 failed for term 'lesions': relation "mrconso" does not exist
LINE 3:                     FROM MRCONSO c
                                 ^

2025-05-29 21:42:47,862 - ERROR - Attempt 2/3 failed for term 'lesions': current transaction is aborted, commands ignored until end of transaction block

2025-05-29 21:42:47,863 - ERROR - Attempt 3/3 failed for term 'lesions': current transaction is aborted, commands ignored until end of transaction block

2025-05-29 21:42:47,864 - ERROR - Max retries reached for term 'lesions'
2025-05-29 21:42:47,879 - ERROR - Attempt 1/3 failed for term 'stiffness': relation "mrconso" does not exist
LINE 3:                     FROM MRCONSO c
                                 ^

2025-05-29 21:42:47,880 - ERROR - Attempt 2/3 failed for term 'stiffness': current transaction is aborted, commands ignored until end of transaction block

2025-05-29 21:42:47,880 - ERROR - Attempt 3/3 failed for term 'stiffness': current transaction is aborted, commands ignored until end of transaction block

2025-05-29 21:42:47,881 - ERROR - Max retries reached for term 'stiffness'
2025-05-29 21:42:47,901 - ERROR - Attempt 1/3 failed for term 'urinary changes': relation "mrconso" does not exist
LINE 3:                     FROM MRCONSO c
                                 ^

2025-05-29 21:42:47,902 - ERROR - Attempt 2/3 failed for term 'urinary changes': current transaction is aborted, commands ignored until end of transaction block

2025-05-29 21:42:47,903 - ERROR - Attempt 3/3 failed for term 'urinary changes': current transaction is aborted, commands ignored until end of transaction block

2025-05-29 21:42:47,906 - ERROR - Max retries reached for term 'urinary changes'
2025-05-29 21:42:47,927 - WARNING - Failed to fetch semantic type for CUI NO_CUI_no dizziness. musculoskeletal: no joint pain or stiffness. gastrointestinal: no nausea or diarrhea. genitourinary: no urinary changes. endocrine: no weight changes or thirst. hematologic: no easy bruising or bleeding. dermatologic: no rashes or lesions. psychiatric: no mood changes. ophthalmologic: no vision changes. primary assessment: symptoms consistent with acute bacterial sinusitis: relation "mrsty" does not exist
LINE 3:                             FROM MRSTY sty
                                         ^

2025-05-29 21:44:24,204 - ERROR - Failed to initialize NLP pipeline: [E893] Could not find function 'replace_tokenizer' in function registry 'callbacks'. If you're using a custom function, make sure the code is available. If the function is provided by a third-party package, e.g. spacy-transformers, make sure the package is installed in your environment.

Available names: spacy.copy_from_base_model.v1, spacy.models_and_pipes_with_nvtx_range.v1, spacy.models_with_nvtx_range.v1
2025-05-29 21:44:25,128 - WARNING - Using fallback spacy pipeline without parser, ner, or linker
2025-05-29 21:44:25,191 - WARNING - No category mapping found for 'mood changes ophthalmologic no vision changes primary assessment symptoms consistent acute bacterial sinusitis likely secondary to recent viral upper respiratory infection differential includes viral sinusitis'. Defaulting to 'general'.
2025-05-29 21:44:25,200 - WARNING - No category mapping found for 'acute abnormalities in pulmonary musculoskeletal gi gu hematologic dermatologic psychiatric'. Defaulting to 'general'.
2025-05-29 21:44:25,272 - WARNING - No category mapping found for 'mood changes ophthalmologic no vision changes primary assessment symptoms consistent acute bacterial sinusitis likely secondary to recent viral upper respiratory infection differential includes viral sinusitis'. Defaulting to 'general'.
2025-05-29 21:44:25,278 - WARNING - No category mapping found for 'acute abnormalities in pulmonary musculoskeletal gi gu hematologic dermatologic psychiatric'. Defaulting to 'general'.
2025-05-29 21:44:25,284 - ERROR - Error extracting features for note ID 1: 'KnowledgeBaseUpdater' object has no attribute 'is_new_symptom'
2025-05-29 21:44:25,284 - WARNING - Empty text for embedding, skipping embedding-based scoring
2025-05-29 21:44:25,286 - ERROR - Error generating differentials: string indices must be integers, not 'str'
2025-05-29 21:44:25,331 - ERROR - Error extracting features for note ID 2: 'KnowledgeBaseUpdater' object has no attribute 'is_new_symptom'
2025-05-29 21:44:25,361 - ERROR - Failed to create MongoDB indexes: An existing index has the same name as the requested index. When index names are not specified, they are auto generated and can cause conflicts. Please refer to our documentation. Requested index: { v: 2, unique: true, key: { term: 1 }, name: "term_1" }, existing index: { v: 2, key: { term: 1 }, name: "term_1" }, full error: {'ok': 0.0, 'errmsg': 'An existing index has the same name as the requested index. When index names are not specified, they are auto generated and can cause conflicts. Please refer to our documentation. Requested index: { v: 2, unique: true, key: { term: 1 }, name: "term_1" }, existing index: { v: 2, key: { term: 1 }, name: "term_1" }', 'code': 86, 'codeName': 'IndexKeySpecsConflict'}
2025-05-29 21:44:25,391 - ERROR - Failed to create MongoDB indexes: An existing index has the same name as the requested index. When index names are not specified, they are auto generated and can cause conflicts. Please refer to our documentation. Requested index: { v: 2, unique: true, key: { term: 1 }, name: "term_1" }, existing index: { v: 2, key: { term: 1 }, name: "term_1" }, full error: {'ok': 0.0, 'errmsg': 'An existing index has the same name as the requested index. When index names are not specified, they are auto generated and can cause conflicts. Please refer to our documentation. Requested index: { v: 2, unique: true, key: { term: 1 }, name: "term_1" }, existing index: { v: 2, key: { term: 1 }, name: "term_1" }', 'code': 86, 'codeName': 'IndexKeySpecsConflict'}
2025-05-29 21:44:26,359 - ERROR - Attempt 1/3 failed for term 'facial pain': relation "mrconso" does not exist
LINE 3:                     FROM MRCONSO c
                                 ^

2025-05-29 21:44:26,360 - ERROR - Attempt 2/3 failed for term 'facial pain': current transaction is aborted, commands ignored until end of transaction block

2025-05-29 21:44:26,361 - ERROR - Attempt 3/3 failed for term 'facial pain': current transaction is aborted, commands ignored until end of transaction block

2025-05-29 21:44:26,361 - ERROR - Max retries reached for term 'facial pain'
2025-05-29 21:44:26,382 - WARNING - Failed to fetch semantic type for CUI NO_CUI_facial pain: relation "mrsty" does not exist
LINE 3:                             FROM MRSTY sty
                                         ^

2025-05-29 21:44:26,541 - ERROR - Attempt 1/3 failed for term 'nasal congestion': relation "mrconso" does not exist
LINE 3:                     FROM MRCONSO c
                                 ^

2025-05-29 21:44:26,542 - ERROR - Attempt 2/3 failed for term 'nasal congestion': current transaction is aborted, commands ignored until end of transaction block

2025-05-29 21:44:26,542 - ERROR - Attempt 3/3 failed for term 'nasal congestion': current transaction is aborted, commands ignored until end of transaction block

2025-05-29 21:44:26,543 - ERROR - Max retries reached for term 'nasal congestion'
2025-05-29 21:44:26,561 - WARNING - Failed to fetch semantic type for CUI NO_CUI_nasal congestion: relation "mrsty" does not exist
LINE 3:                             FROM MRSTY sty
                                         ^

2025-05-29 21:44:26,677 - ERROR - Attempt 1/3 failed for term 'purulent': relation "mrconso" does not exist
LINE 3:                     FROM MRCONSO c
                                 ^

2025-05-29 21:44:26,678 - ERROR - Attempt 2/3 failed for term 'purulent': current transaction is aborted, commands ignored until end of transaction block

2025-05-29 21:44:26,678 - ERROR - Attempt 3/3 failed for term 'purulent': current transaction is aborted, commands ignored until end of transaction block

2025-05-29 21:44:26,678 - ERROR - Max retries reached for term 'purulent'
2025-05-29 21:44:26,691 - ERROR - Attempt 1/3 failed for term 'nasal discharge': relation "mrconso" does not exist
LINE 3:                     FROM MRCONSO c
                                 ^

2025-05-29 21:44:26,692 - ERROR - Attempt 2/3 failed for term 'nasal discharge': current transaction is aborted, commands ignored until end of transaction block

2025-05-29 21:44:26,693 - ERROR - Attempt 3/3 failed for term 'nasal discharge': current transaction is aborted, commands ignored until end of transaction block

2025-05-29 21:44:26,693 - ERROR - Max retries reached for term 'nasal discharge'
2025-05-29 21:44:26,708 - WARNING - Failed to fetch semantic type for CUI NO_CUI_purulent nasal discharge: relation "mrsty" does not exist
LINE 3:                             FROM MRSTY sty
                                         ^

2025-05-29 21:44:26,805 - ERROR - Attempt 1/3 failed for term 'fever': relation "mrconso" does not exist
LINE 3:                     FROM MRCONSO c
                                 ^

2025-05-29 21:44:26,805 - ERROR - Attempt 2/3 failed for term 'fever': current transaction is aborted, commands ignored until end of transaction block

2025-05-29 21:44:26,806 - ERROR - Attempt 3/3 failed for term 'fever': current transaction is aborted, commands ignored until end of transaction block

2025-05-29 21:44:26,806 - ERROR - Max retries reached for term 'fever'
2025-05-29 21:44:26,820 - WARNING - Failed to fetch semantic type for CUI NO_CUI_fever: relation "mrsty" does not exist
LINE 3:                             FROM MRSTY sty
                                         ^

2025-05-29 21:44:26,936 - WARNING - Skipping non-clinical or blocked term: 'days'
2025-05-29 21:44:26,945 - ERROR - Attempt 1/3 failed for term 'facial pain': relation "mrconso" does not exist
LINE 3:                     FROM MRCONSO c
                                 ^

2025-05-29 21:44:26,946 - ERROR - Attempt 2/3 failed for term 'facial pain': current transaction is aborted, commands ignored until end of transaction block

2025-05-29 21:44:26,947 - ERROR - Attempt 3/3 failed for term 'facial pain': current transaction is aborted, commands ignored until end of transaction block

2025-05-29 21:44:26,948 - ERROR - Max retries reached for term 'facial pain'
2025-05-29 21:44:26,961 - ERROR - Attempt 1/3 failed for term 'nasal discharge': relation "mrconso" does not exist
LINE 3:                     FROM MRCONSO c
                                 ^

2025-05-29 21:44:26,962 - ERROR - Attempt 2/3 failed for term 'nasal discharge': current transaction is aborted, commands ignored until end of transaction block

2025-05-29 21:44:26,964 - ERROR - Attempt 3/3 failed for term 'nasal discharge': current transaction is aborted, commands ignored until end of transaction block

2025-05-29 21:44:26,966 - ERROR - Max retries reached for term 'nasal discharge'
2025-05-29 21:44:26,983 - ERROR - Attempt 1/3 failed for term 'fever': relation "mrconso" does not exist
LINE 3:                     FROM MRCONSO c
                                 ^

2025-05-29 21:44:26,984 - ERROR - Attempt 2/3 failed for term 'fever': current transaction is aborted, commands ignored until end of transaction block

2025-05-29 21:44:26,986 - ERROR - Attempt 3/3 failed for term 'fever': current transaction is aborted, commands ignored until end of transaction block

2025-05-29 21:44:26,986 - ERROR - Max retries reached for term 'fever'
2025-05-29 21:44:27,000 - ERROR - Attempt 1/3 failed for term 'patient': relation "mrconso" does not exist
LINE 3:                     FROM MRCONSO c
                                 ^

2025-05-29 21:44:27,001 - ERROR - Attempt 2/3 failed for term 'patient': current transaction is aborted, commands ignored until end of transaction block

2025-05-29 21:44:27,002 - ERROR - Attempt 3/3 failed for term 'patient': current transaction is aborted, commands ignored until end of transaction block

2025-05-29 21:44:27,002 - ERROR - Max retries reached for term 'patient'
2025-05-29 21:44:27,021 - ERROR - Attempt 1/3 failed for term 'nasal congestion': relation "mrconso" does not exist
LINE 3:                     FROM MRCONSO c
                                 ^

2025-05-29 21:44:27,022 - ERROR - Attempt 2/3 failed for term 'nasal congestion': current transaction is aborted, commands ignored until end of transaction block

2025-05-29 21:44:27,023 - ERROR - Attempt 3/3 failed for term 'nasal congestion': current transaction is aborted, commands ignored until end of transaction block

2025-05-29 21:44:27,024 - ERROR - Max retries reached for term 'nasal congestion'
2025-05-29 21:44:27,044 - ERROR - Attempt 1/3 failed for term 'purulent': relation "mrconso" does not exist
LINE 3:                     FROM MRCONSO c
                                 ^

2025-05-29 21:44:27,045 - ERROR - Attempt 2/3 failed for term 'purulent': current transaction is aborted, commands ignored until end of transaction block

2025-05-29 21:44:27,047 - ERROR - Attempt 3/3 failed for term 'purulent': current transaction is aborted, commands ignored until end of transaction block

2025-05-29 21:44:27,048 - ERROR - Max retries reached for term 'purulent'
2025-05-29 21:44:27,065 - ERROR - Attempt 1/3 failed for term 'reports': relation "mrconso" does not exist
LINE 3:                     FROM MRCONSO c
                                 ^

2025-05-29 21:44:27,066 - ERROR - Attempt 2/3 failed for term 'reports': current transaction is aborted, commands ignored until end of transaction block

2025-05-29 21:44:27,067 - ERROR - Attempt 3/3 failed for term 'reports': current transaction is aborted, commands ignored until end of transaction block

2025-05-29 21:44:27,068 - ERROR - Max retries reached for term 'reports'
2025-05-29 21:44:27,087 - WARNING - Failed to fetch semantic type for CUI NO_CUI_patient presents with facial pain, nasal congestion, and fever for 10 days. reports purulent nasal discharge.: relation "mrsty" does not exist
LINE 3:                             FROM MRSTY sty
                                         ^

2025-05-29 21:44:27,181 - ERROR - Attempt 1/3 failed for term 'headache': relation "mrconso" does not exist
LINE 3:                     FROM MRCONSO c
                                 ^

2025-05-29 21:44:27,182 - ERROR - Attempt 2/3 failed for term 'headache': current transaction is aborted, commands ignored until end of transaction block

2025-05-29 21:44:27,182 - ERROR - Attempt 3/3 failed for term 'headache': current transaction is aborted, commands ignored until end of transaction block

2025-05-29 21:44:27,182 - ERROR - Max retries reached for term 'headache'
2025-05-29 21:44:27,195 - WARNING - Failed to fetch semantic type for CUI NO_CUI_headache: relation "mrsty" does not exist
LINE 3:                             FROM MRSTY sty
                                         ^

2025-05-29 21:44:27,316 - ERROR - Attempt 1/3 failed for term 'headache': relation "mrconso" does not exist
LINE 3:                     FROM MRCONSO c
                                 ^

2025-05-29 21:44:27,317 - ERROR - Attempt 2/3 failed for term 'headache': current transaction is aborted, commands ignored until end of transaction block

2025-05-29 21:44:27,317 - ERROR - Attempt 3/3 failed for term 'headache': current transaction is aborted, commands ignored until end of transaction block

2025-05-29 21:44:27,317 - ERROR - Max retries reached for term 'headache'
2025-05-29 21:44:27,330 - ERROR - Attempt 1/3 failed for term 'patient complains': relation "mrconso" does not exist
LINE 3:                     FROM MRCONSO c
                                 ^

2025-05-29 21:44:27,331 - ERROR - Attempt 2/3 failed for term 'patient complains': current transaction is aborted, commands ignored until end of transaction block

2025-05-29 21:44:27,332 - ERROR - Attempt 3/3 failed for term 'patient complains': current transaction is aborted, commands ignored until end of transaction block

2025-05-29 21:44:27,332 - ERROR - Max retries reached for term 'patient complains'
2025-05-29 21:44:27,344 - WARNING - Failed to fetch semantic type for CUI NO_CUI_patient complains of headache: relation "mrsty" does not exist
LINE 3:                             FROM MRSTY sty
                                         ^

2025-05-29 21:44:27,455 - ERROR - Attempt 1/3 failed for term 'back pain': relation "mrconso" does not exist
LINE 3:                     FROM MRCONSO c
                                 ^

2025-05-29 21:44:27,456 - ERROR - Attempt 2/3 failed for term 'back pain': current transaction is aborted, commands ignored until end of transaction block

2025-05-29 21:44:27,457 - ERROR - Attempt 3/3 failed for term 'back pain': current transaction is aborted, commands ignored until end of transaction block

2025-05-29 21:44:27,457 - ERROR - Max retries reached for term 'back pain'
2025-05-29 21:44:27,475 - WARNING - Failed to fetch semantic type for CUI NO_CUI_back pain: relation "mrsty" does not exist
LINE 3:                             FROM MRSTY sty
                                         ^

2025-05-29 21:44:27,590 - ERROR - Attempt 1/3 failed for term 'movement': relation "mrconso" does not exist
LINE 3:                     FROM MRCONSO c
                                 ^

2025-05-29 21:44:27,591 - ERROR - Attempt 2/3 failed for term 'movement': current transaction is aborted, commands ignored until end of transaction block

2025-05-29 21:44:27,591 - ERROR - Attempt 3/3 failed for term 'movement': current transaction is aborted, commands ignored until end of transaction block

2025-05-29 21:44:27,591 - ERROR - Max retries reached for term 'movement'
2025-05-29 21:44:27,604 - ERROR - Attempt 1/3 failed for term 'pain': relation "mrconso" does not exist
LINE 3:                     FROM MRCONSO c
                                 ^

2025-05-29 21:44:27,605 - ERROR - Attempt 2/3 failed for term 'pain': current transaction is aborted, commands ignored until end of transaction block

2025-05-29 21:44:27,606 - ERROR - Attempt 3/3 failed for term 'pain': current transaction is aborted, commands ignored until end of transaction block

2025-05-29 21:44:27,607 - ERROR - Max retries reached for term 'pain'
2025-05-29 21:44:27,619 - WARNING - Failed to fetch semantic type for CUI NO_CUI_pain on movement: relation "mrsty" does not exist
LINE 3:                             FROM MRSTY sty
                                         ^

2025-05-29 21:44:27,712 - ERROR - Attempt 1/3 failed for term 'obesity': relation "mrconso" does not exist
LINE 3:                     FROM MRCONSO c
                                 ^

2025-05-29 21:44:27,713 - ERROR - Attempt 2/3 failed for term 'obesity': current transaction is aborted, commands ignored until end of transaction block

2025-05-29 21:44:27,713 - ERROR - Attempt 3/3 failed for term 'obesity': current transaction is aborted, commands ignored until end of transaction block

2025-05-29 21:44:27,714 - ERROR - Max retries reached for term 'obesity'
2025-05-29 21:44:27,725 - WARNING - Failed to fetch semantic type for CUI NO_CUI_obesity: relation "mrsty" does not exist
LINE 3:                             FROM MRSTY sty
                                         ^

2025-05-29 21:44:27,859 - ERROR - Attempt 1/3 failed for term 'back pain': relation "mrconso" does not exist
LINE 3:                     FROM MRCONSO c
                                 ^

2025-05-29 21:44:27,860 - ERROR - Attempt 2/3 failed for term 'back pain': current transaction is aborted, commands ignored until end of transaction block

2025-05-29 21:44:27,860 - ERROR - Attempt 3/3 failed for term 'back pain': current transaction is aborted, commands ignored until end of transaction block

2025-05-29 21:44:27,861 - ERROR - Max retries reached for term 'back pain'
2025-05-29 21:44:27,872 - ERROR - Attempt 1/3 failed for term 'weeks': relation "mrconso" does not exist
LINE 3:                     FROM MRCONSO c
                                 ^

2025-05-29 21:44:27,873 - ERROR - Attempt 2/3 failed for term 'weeks': current transaction is aborted, commands ignored until end of transaction block

2025-05-29 21:44:27,873 - ERROR - Attempt 3/3 failed for term 'weeks': current transaction is aborted, commands ignored until end of transaction block

2025-05-29 21:44:27,874 - ERROR - Max retries reached for term 'weeks'
2025-05-29 21:44:27,888 - WARNING - Failed to fetch semantic type for CUI NO_CUI_back pain for two weeks: relation "mrsty" does not exist
LINE 3:                             FROM MRSTY sty
                                         ^

2025-05-29 21:44:28,044 - WARNING - Skipping non-clinical or blocked term: 'days'
2025-05-29 21:44:28,059 - ERROR - Attempt 1/3 failed for term 'patient complains': relation "mrconso" does not exist
LINE 3:                     FROM MRCONSO c
                                 ^

2025-05-29 21:44:28,060 - ERROR - Attempt 2/3 failed for term 'patient complains': current transaction is aborted, commands ignored until end of transaction block

2025-05-29 21:44:28,061 - ERROR - Attempt 3/3 failed for term 'patient complains': current transaction is aborted, commands ignored until end of transaction block

2025-05-29 21:44:28,062 - ERROR - Max retries reached for term 'patient complains'
2025-05-29 21:44:28,062 - WARNING - Skipping non-clinical or blocked term: 'chills'
2025-05-29 21:44:28,076 - ERROR - Attempt 1/3 failed for term 'fevers': relation "mrconso" does not exist
LINE 3:                     FROM MRCONSO c
                                 ^

2025-05-29 21:44:28,077 - ERROR - Attempt 2/3 failed for term 'fevers': current transaction is aborted, commands ignored until end of transaction block

2025-05-29 21:44:28,078 - ERROR - Attempt 3/3 failed for term 'fevers': current transaction is aborted, commands ignored until end of transaction block

2025-05-29 21:44:28,078 - ERROR - Max retries reached for term 'fevers'
2025-05-29 21:44:28,092 - ERROR - Attempt 1/3 failed for term 'headache': relation "mrconso" does not exist
LINE 3:                     FROM MRCONSO c
                                 ^

2025-05-29 21:44:28,093 - ERROR - Attempt 2/3 failed for term 'headache': current transaction is aborted, commands ignored until end of transaction block

2025-05-29 21:44:28,093 - ERROR - Attempt 3/3 failed for term 'headache': current transaction is aborted, commands ignored until end of transaction block

2025-05-29 21:44:28,094 - ERROR - Max retries reached for term 'headache'
2025-05-29 21:44:28,113 - ERROR - Attempt 1/3 failed for term 'associated with': relation "mrconso" does not exist
LINE 3:                     FROM MRCONSO c
                                 ^

2025-05-29 21:44:28,114 - ERROR - Attempt 2/3 failed for term 'associated with': current transaction is aborted, commands ignored until end of transaction block

2025-05-29 21:44:28,114 - ERROR - Attempt 3/3 failed for term 'associated with': current transaction is aborted, commands ignored until end of transaction block

2025-05-29 21:44:28,115 - ERROR - Max retries reached for term 'associated with'
2025-05-29 21:44:28,129 - WARNING - Failed to fetch semantic type for CUI NO_CUI_patient complains of headache the headache started three days ago. the headache is associated with fevers and chills: relation "mrsty" does not exist
LINE 3:                             FROM MRSTY sty
                                         ^

2025-05-29 21:44:28,286 - WARNING - Skipping non-clinical or blocked term: 'worse'
2025-05-29 21:44:28,286 - WARNING - Skipping non-clinical or blocked term: 'eyes'
2025-05-29 21:44:28,297 - ERROR - Attempt 1/3 failed for term 'licking': relation "mrconso" does not exist
LINE 3:                     FROM MRCONSO c
                                 ^

2025-05-29 21:44:28,298 - ERROR - Attempt 2/3 failed for term 'licking': current transaction is aborted, commands ignored until end of transaction block

2025-05-29 21:44:28,299 - ERROR - Attempt 3/3 failed for term 'licking': current transaction is aborted, commands ignored until end of transaction block

2025-05-29 21:44:28,300 - ERROR - Max retries reached for term 'licking'
2025-05-29 21:44:28,315 - ERROR - Attempt 1/3 failed for term 'patient': relation "mrconso" does not exist
LINE 3:                     FROM MRCONSO c
                                 ^

2025-05-29 21:44:28,316 - ERROR - Attempt 2/3 failed for term 'patient': current transaction is aborted, commands ignored until end of transaction block

2025-05-29 21:44:28,317 - ERROR - Attempt 3/3 failed for term 'patient': current transaction is aborted, commands ignored until end of transaction block

2025-05-29 21:44:28,317 - ERROR - Max retries reached for term 'patient'
2025-05-29 21:44:28,317 - WARNING - Skipping non-clinical or blocked term: 'foods'
2025-05-29 21:44:28,328 - ERROR - Attempt 1/3 failed for term 'strong': relation "mrconso" does not exist
LINE 3:                     FROM MRCONSO c
                                 ^

2025-05-29 21:44:28,329 - ERROR - Attempt 2/3 failed for term 'strong': current transaction is aborted, commands ignored until end of transaction block

2025-05-29 21:44:28,330 - ERROR - Attempt 3/3 failed for term 'strong': current transaction is aborted, commands ignored until end of transaction block

2025-05-29 21:44:28,331 - ERROR - Max retries reached for term 'strong'
2025-05-29 21:44:28,345 - ERROR - Attempt 1/3 failed for term 'fats': relation "mrconso" does not exist
LINE 3:                     FROM MRCONSO c
                                 ^

2025-05-29 21:44:28,346 - ERROR - Attempt 2/3 failed for term 'fats': current transaction is aborted, commands ignored until end of transaction block

2025-05-29 21:44:28,346 - ERROR - Attempt 3/3 failed for term 'fats': current transaction is aborted, commands ignored until end of transaction block

2025-05-29 21:44:28,347 - ERROR - Max retries reached for term 'fats'
2025-05-29 21:44:28,358 - ERROR - Attempt 1/3 failed for term 'tea': relation "mrconso" does not exist
LINE 3:                     FROM MRCONSO c
                                 ^

2025-05-29 21:44:28,359 - ERROR - Attempt 2/3 failed for term 'tea': current transaction is aborted, commands ignored until end of transaction block

2025-05-29 21:44:28,359 - ERROR - Attempt 3/3 failed for term 'tea': current transaction is aborted, commands ignored until end of transaction block

2025-05-29 21:44:28,360 - ERROR - Max retries reached for term 'tea'
2025-05-29 21:44:28,373 - ERROR - Attempt 1/3 failed for term 'vomiting': relation "mrconso" does not exist
LINE 3:                     FROM MRCONSO c
                                 ^

2025-05-29 21:44:28,374 - ERROR - Attempt 2/3 failed for term 'vomiting': current transaction is aborted, commands ignored until end of transaction block

2025-05-29 21:44:28,374 - ERROR - Attempt 3/3 failed for term 'vomiting': current transaction is aborted, commands ignored until end of transaction block

2025-05-29 21:44:28,375 - ERROR - Max retries reached for term 'vomiting'
2025-05-29 21:44:28,388 - ERROR - Attempt 1/3 failed for term 'nausea': relation "mrconso" does not exist
LINE 3:                     FROM MRCONSO c
                                 ^

2025-05-29 21:44:28,389 - ERROR - Attempt 2/3 failed for term 'nausea': current transaction is aborted, commands ignored until end of transaction block

2025-05-29 21:44:28,390 - ERROR - Attempt 3/3 failed for term 'nausea': current transaction is aborted, commands ignored until end of transaction block

2025-05-29 21:44:28,390 - ERROR - Max retries reached for term 'nausea'
2025-05-29 21:44:28,403 - ERROR - Attempt 1/3 failed for term 'jaundice': relation "mrconso" does not exist
LINE 3:                     FROM MRCONSO c
                                 ^

2025-05-29 21:44:28,404 - ERROR - Attempt 2/3 failed for term 'jaundice': current transaction is aborted, commands ignored until end of transaction block

2025-05-29 21:44:28,405 - ERROR - Attempt 3/3 failed for term 'jaundice': current transaction is aborted, commands ignored until end of transaction block

2025-05-29 21:44:28,405 - ERROR - Max retries reached for term 'jaundice'
2025-05-29 21:44:28,419 - ERROR - Attempt 1/3 failed for term 'loss of appetite': relation "mrconso" does not exist
LINE 3:                     FROM MRCONSO c
                                 ^

2025-05-29 21:44:28,419 - ERROR - Attempt 2/3 failed for term 'loss of appetite': current transaction is aborted, commands ignored until end of transaction block

2025-05-29 21:44:28,420 - ERROR - Attempt 3/3 failed for term 'loss of appetite': current transaction is aborted, commands ignored until end of transaction block

2025-05-29 21:44:28,420 - ERROR - Max retries reached for term 'loss of appetite'
2025-05-29 21:44:28,434 - WARNING - Failed to fetch semantic type for CUI NO_CUI_nausea and vomiting and loss of appetite the patient has jaundice in the eyes taking foods with fats makes the nausea worse taking strong tea and licking salt alleviates the nausea: relation "mrsty" does not exist
LINE 3:                             FROM MRSTY sty
                                         ^

2025-05-29 21:44:28,548 - ERROR - Attempt 1/3 failed for term 'facial pain': relation "mrconso" does not exist
LINE 3:                     FROM MRCONSO c
                                 ^

2025-05-29 21:44:28,549 - ERROR - Attempt 2/3 failed for term 'facial pain': current transaction is aborted, commands ignored until end of transaction block

2025-05-29 21:44:28,549 - ERROR - Attempt 3/3 failed for term 'facial pain': current transaction is aborted, commands ignored until end of transaction block

2025-05-29 21:44:28,550 - ERROR - Max retries reached for term 'facial pain'
2025-05-29 21:44:28,565 - ERROR - Attempt 1/3 failed for term 'patient': relation "mrconso" does not exist
LINE 3:                     FROM MRCONSO c
                                 ^

2025-05-29 21:44:28,566 - ERROR - Attempt 2/3 failed for term 'patient': current transaction is aborted, commands ignored until end of transaction block

2025-05-29 21:44:28,566 - ERROR - Attempt 3/3 failed for term 'patient': current transaction is aborted, commands ignored until end of transaction block

2025-05-29 21:44:28,567 - ERROR - Max retries reached for term 'patient'
2025-05-29 21:44:28,580 - WARNING - Failed to fetch semantic type for CUI NO_CUI_patient presents with facial pain: relation "mrsty" does not exist
LINE 3:                             FROM MRSTY sty
                                         ^

2025-05-29 21:44:28,683 - ERROR - Attempt 1/3 failed for term 'back pain': relation "mrconso" does not exist
LINE 3:                     FROM MRCONSO c
                                 ^

2025-05-29 21:44:28,684 - ERROR - Attempt 2/3 failed for term 'back pain': current transaction is aborted, commands ignored until end of transaction block

2025-05-29 21:44:28,685 - ERROR - Attempt 3/3 failed for term 'back pain': current transaction is aborted, commands ignored until end of transaction block

2025-05-29 21:44:28,685 - ERROR - Max retries reached for term 'back pain'
2025-05-29 21:44:28,698 - ERROR - Attempt 1/3 failed for term 'weeks': relation "mrconso" does not exist
LINE 3:                     FROM MRCONSO c
                                 ^

2025-05-29 21:44:28,699 - ERROR - Attempt 2/3 failed for term 'weeks': current transaction is aborted, commands ignored until end of transaction block

2025-05-29 21:44:28,700 - ERROR - Attempt 3/3 failed for term 'weeks': current transaction is aborted, commands ignored until end of transaction block

2025-05-29 21:44:28,700 - ERROR - Max retries reached for term 'weeks'
2025-05-29 21:44:28,714 - ERROR - Attempt 1/3 failed for term 'assessment': relation "mrconso" does not exist
LINE 3:                     FROM MRCONSO c
                                 ^

2025-05-29 21:44:28,715 - ERROR - Attempt 2/3 failed for term 'assessment': current transaction is aborted, commands ignored until end of transaction block

2025-05-29 21:44:28,716 - ERROR - Attempt 3/3 failed for term 'assessment': current transaction is aborted, commands ignored until end of transaction block

2025-05-29 21:44:28,717 - ERROR - Max retries reached for term 'assessment'
2025-05-29 21:44:28,733 - ERROR - Attempt 1/3 failed for term 'patient reports': relation "mrconso" does not exist
LINE 3:                     FROM MRCONSO c
                                 ^

2025-05-29 21:44:28,734 - ERROR - Attempt 2/3 failed for term 'patient reports': current transaction is aborted, commands ignored until end of transaction block

2025-05-29 21:44:28,735 - ERROR - Attempt 3/3 failed for term 'patient reports': current transaction is aborted, commands ignored until end of transaction block

2025-05-29 21:44:28,735 - ERROR - Max retries reached for term 'patient reports'
2025-05-29 21:44:28,749 - WARNING - Failed to fetch semantic type for CUI NO_CUI_back pain for two weeks the patient reports backpain for three weeks on assessment: relation "mrsty" does not exist
LINE 3:                             FROM MRSTY sty
                                         ^

2025-05-29 21:44:28,885 - ERROR - Attempt 1/3 failed for term 'standing': relation "mrconso" does not exist
LINE 3:                     FROM MRCONSO c
                                 ^

2025-05-29 21:44:28,885 - ERROR - Attempt 2/3 failed for term 'standing': current transaction is aborted, commands ignored until end of transaction block

2025-05-29 21:44:28,886 - ERROR - Attempt 3/3 failed for term 'standing': current transaction is aborted, commands ignored until end of transaction block

2025-05-29 21:44:28,886 - ERROR - Max retries reached for term 'standing'
2025-05-29 21:44:28,898 - ERROR - Attempt 1/3 failed for term 'stretching': relation "mrconso" does not exist
LINE 3:                     FROM MRCONSO c
                                 ^

2025-05-29 21:44:28,899 - ERROR - Attempt 2/3 failed for term 'stretching': current transaction is aborted, commands ignored until end of transaction block

2025-05-29 21:44:28,900 - ERROR - Attempt 3/3 failed for term 'stretching': current transaction is aborted, commands ignored until end of transaction block

2025-05-29 21:44:28,900 - ERROR - Max retries reached for term 'stretching'
2025-05-29 21:44:28,909 - ERROR - Attempt 1/3 failed for term 'patient': relation "mrconso" does not exist
LINE 3:                     FROM MRCONSO c
                                 ^

2025-05-29 21:44:28,910 - ERROR - Attempt 2/3 failed for term 'patient': current transaction is aborted, commands ignored until end of transaction block

2025-05-29 21:44:28,912 - ERROR - Attempt 3/3 failed for term 'patient': current transaction is aborted, commands ignored until end of transaction block

2025-05-29 21:44:28,913 - ERROR - Max retries reached for term 'patient'
2025-05-29 21:44:28,924 - ERROR - Attempt 1/3 failed for term 'pain': relation "mrconso" does not exist
LINE 3:                     FROM MRCONSO c
                                 ^

2025-05-29 21:44:28,925 - ERROR - Attempt 2/3 failed for term 'pain': current transaction is aborted, commands ignored until end of transaction block

2025-05-29 21:44:28,926 - ERROR - Attempt 3/3 failed for term 'pain': current transaction is aborted, commands ignored until end of transaction block

2025-05-29 21:44:28,926 - ERROR - Max retries reached for term 'pain'
2025-05-29 21:44:28,940 - ERROR - Attempt 1/3 failed for term 'obese': relation "mrconso" does not exist
LINE 3:                     FROM MRCONSO c
                                 ^

2025-05-29 21:44:28,941 - ERROR - Attempt 2/3 failed for term 'obese': current transaction is aborted, commands ignored until end of transaction block

2025-05-29 21:44:28,941 - ERROR - Attempt 3/3 failed for term 'obese': current transaction is aborted, commands ignored until end of transaction block

2025-05-29 21:44:28,941 - ERROR - Max retries reached for term 'obese'
2025-05-29 21:44:28,954 - ERROR - Attempt 1/3 failed for term 'sitting': relation "mrconso" does not exist
LINE 3:                     FROM MRCONSO c
                                 ^

2025-05-29 21:44:28,955 - ERROR - Attempt 2/3 failed for term 'sitting': current transaction is aborted, commands ignored until end of transaction block

2025-05-29 21:44:28,956 - ERROR - Attempt 3/3 failed for term 'sitting': current transaction is aborted, commands ignored until end of transaction block

2025-05-29 21:44:28,956 - ERROR - Max retries reached for term 'sitting'
2025-05-29 21:44:28,969 - ERROR - Attempt 1/3 failed for term 'backpain': relation "mrconso" does not exist
LINE 3:                     FROM MRCONSO c
                                 ^

2025-05-29 21:44:28,970 - ERROR - Attempt 2/3 failed for term 'backpain': current transaction is aborted, commands ignored until end of transaction block

2025-05-29 21:44:28,970 - ERROR - Attempt 3/3 failed for term 'backpain': current transaction is aborted, commands ignored until end of transaction block

2025-05-29 21:44:28,971 - ERROR - Max retries reached for term 'backpain'
2025-05-29 21:44:28,984 - WARNING - Failed to fetch semantic type for CUI NO_CUI_the patient is obese the backpain is made worse by sitting down for long the pain is alleviated by standing and stretching: relation "mrsty" does not exist
LINE 3:                             FROM MRSTY sty
                                         ^

2025-05-29 21:44:29,118 - WARNING - Skipping non-clinical or blocked term: 'days'
2025-05-29 21:44:29,130 - ERROR - Attempt 1/3 failed for term 'facial pain': relation "mrconso" does not exist
LINE 3:                     FROM MRCONSO c
                                 ^

2025-05-29 21:44:29,131 - ERROR - Attempt 2/3 failed for term 'facial pain': current transaction is aborted, commands ignored until end of transaction block

2025-05-29 21:44:29,132 - ERROR - Attempt 3/3 failed for term 'facial pain': current transaction is aborted, commands ignored until end of transaction block

2025-05-29 21:44:29,132 - ERROR - Max retries reached for term 'facial pain'
2025-05-29 21:44:29,151 - ERROR - Attempt 1/3 failed for term 'nasal discharge': relation "mrconso" does not exist
LINE 3:                     FROM MRCONSO c
                                 ^

2025-05-29 21:44:29,152 - ERROR - Attempt 2/3 failed for term 'nasal discharge': current transaction is aborted, commands ignored until end of transaction block

2025-05-29 21:44:29,153 - ERROR - Attempt 3/3 failed for term 'nasal discharge': current transaction is aborted, commands ignored until end of transaction block

2025-05-29 21:44:29,153 - ERROR - Max retries reached for term 'nasal discharge'
2025-05-29 21:44:29,168 - ERROR - Attempt 1/3 failed for term 'fever': relation "mrconso" does not exist
LINE 3:                     FROM MRCONSO c
                                 ^

2025-05-29 21:44:29,169 - ERROR - Attempt 2/3 failed for term 'fever': current transaction is aborted, commands ignored until end of transaction block

2025-05-29 21:44:29,170 - ERROR - Attempt 3/3 failed for term 'fever': current transaction is aborted, commands ignored until end of transaction block

2025-05-29 21:44:29,170 - ERROR - Max retries reached for term 'fever'
2025-05-29 21:44:29,183 - ERROR - Attempt 1/3 failed for term 'maxillary sinuses': relation "mrconso" does not exist
LINE 3:                     FROM MRCONSO c
                                 ^

2025-05-29 21:44:29,184 - ERROR - Attempt 2/3 failed for term 'maxillary sinuses': current transaction is aborted, commands ignored until end of transaction block

2025-05-29 21:44:29,184 - ERROR - Attempt 3/3 failed for term 'maxillary sinuses': current transaction is aborted, commands ignored until end of transaction block

2025-05-29 21:44:29,185 - ERROR - Max retries reached for term 'maxillary sinuses'
2025-05-29 21:44:29,197 - ERROR - Attempt 1/3 failed for term 'purulent': relation "mrconso" does not exist
LINE 3:                     FROM MRCONSO c
                                 ^

2025-05-29 21:44:29,198 - ERROR - Attempt 2/3 failed for term 'purulent': current transaction is aborted, commands ignored until end of transaction block

2025-05-29 21:44:29,199 - ERROR - Attempt 3/3 failed for term 'purulent': current transaction is aborted, commands ignored until end of transaction block

2025-05-29 21:44:29,199 - ERROR - Max retries reached for term 'purulent'
2025-05-29 21:44:29,211 - ERROR - Attempt 1/3 failed for term 'reports': relation "mrconso" does not exist
LINE 3:                     FROM MRCONSO c
                                 ^

2025-05-29 21:44:29,212 - ERROR - Attempt 2/3 failed for term 'reports': current transaction is aborted, commands ignored until end of transaction block

2025-05-29 21:44:29,213 - ERROR - Attempt 3/3 failed for term 'reports': current transaction is aborted, commands ignored until end of transaction block

2025-05-29 21:44:29,214 - ERROR - Max retries reached for term 'reports'
2025-05-29 21:44:29,225 - WARNING - Failed to fetch semantic type for CUI NO_CUI_and fever for 10 days. reports purulent nasal discharge. facial pain over maxillary sinuses: relation "mrsty" does not exist
LINE 3:                             FROM MRSTY sty
                                         ^

2025-05-29 21:44:29,442 - ERROR - Attempt 1/3 failed for term 'sinusitis': relation "mrconso" does not exist
LINE 3:                     FROM MRCONSO c
                                 ^

2025-05-29 21:44:29,443 - ERROR - Attempt 2/3 failed for term 'sinusitis': current transaction is aborted, commands ignored until end of transaction block

2025-05-29 21:44:29,444 - ERROR - Attempt 3/3 failed for term 'sinusitis': current transaction is aborted, commands ignored until end of transaction block

2025-05-29 21:44:29,444 - ERROR - Max retries reached for term 'sinusitis'
2025-05-29 21:44:29,457 - ERROR - Attempt 1/3 failed for term 'pulmonary': relation "mrconso" does not exist
LINE 3:                     FROM MRCONSO c
                                 ^

2025-05-29 21:44:29,458 - ERROR - Attempt 2/3 failed for term 'pulmonary': current transaction is aborted, commands ignored until end of transaction block

2025-05-29 21:44:29,459 - ERROR - Attempt 3/3 failed for term 'pulmonary': current transaction is aborted, commands ignored until end of transaction block

2025-05-29 21:44:29,460 - ERROR - Max retries reached for term 'pulmonary'
2025-05-29 21:44:29,473 - ERROR - Attempt 1/3 failed for term 'stable': relation "mrconso" does not exist
LINE 3:                     FROM MRCONSO c
                                 ^

2025-05-29 21:44:29,473 - ERROR - Attempt 2/3 failed for term 'stable': current transaction is aborted, commands ignored until end of transaction block

2025-05-29 21:44:29,474 - ERROR - Attempt 3/3 failed for term 'stable': current transaction is aborted, commands ignored until end of transaction block

2025-05-29 21:44:29,474 - ERROR - Max retries reached for term 'stable'
2025-05-29 21:44:29,487 - ERROR - Attempt 1/3 failed for term 'diabetes': relation "mrconso" does not exist
LINE 3:                     FROM MRCONSO c
                                 ^

2025-05-29 21:44:29,488 - ERROR - Attempt 2/3 failed for term 'diabetes': current transaction is aborted, commands ignored until end of transaction block

2025-05-29 21:44:29,489 - ERROR - Attempt 3/3 failed for term 'diabetes': current transaction is aborted, commands ignored until end of transaction block

2025-05-29 21:44:29,489 - ERROR - Max retries reached for term 'diabetes'
2025-05-29 21:44:29,501 - ERROR - Attempt 1/3 failed for term 'hypertension': relation "mrconso" does not exist
LINE 3:                     FROM MRCONSO c
                                 ^

2025-05-29 21:44:29,502 - ERROR - Attempt 2/3 failed for term 'hypertension': current transaction is aborted, commands ignored until end of transaction block

2025-05-29 21:44:29,503 - ERROR - Attempt 3/3 failed for term 'hypertension': current transaction is aborted, commands ignored until end of transaction block

2025-05-29 21:44:29,503 - ERROR - Max retries reached for term 'hypertension'
2025-05-29 21:44:29,515 - ERROR - Attempt 1/3 failed for term 'viral sinusitis': relation "mrconso" does not exist
LINE 3:                     FROM MRCONSO c
                                 ^

2025-05-29 21:44:29,515 - ERROR - Attempt 2/3 failed for term 'viral sinusitis': current transaction is aborted, commands ignored until end of transaction block

2025-05-29 21:44:29,516 - ERROR - Attempt 3/3 failed for term 'viral sinusitis': current transaction is aborted, commands ignored until end of transaction block

2025-05-29 21:44:29,517 - ERROR - Max retries reached for term 'viral sinusitis'
2025-05-29 21:44:29,528 - ERROR - Attempt 1/3 failed for term 'acute abnormalities': relation "mrconso" does not exist
LINE 3:                     FROM MRCONSO c
                                 ^

2025-05-29 21:44:29,529 - ERROR - Attempt 2/3 failed for term 'acute abnormalities': current transaction is aborted, commands ignored until end of transaction block

2025-05-29 21:44:29,530 - ERROR - Attempt 3/3 failed for term 'acute abnormalities': current transaction is aborted, commands ignored until end of transaction block

2025-05-29 21:44:29,530 - ERROR - Max retries reached for term 'acute abnormalities'
2025-05-29 21:44:29,542 - ERROR - Attempt 1/3 failed for term 'cardiovascular': relation "mrconso" does not exist
LINE 3:                     FROM MRCONSO c
                                 ^

2025-05-29 21:44:29,543 - ERROR - Attempt 2/3 failed for term 'cardiovascular': current transaction is aborted, commands ignored until end of transaction block

2025-05-29 21:44:29,544 - ERROR - Attempt 3/3 failed for term 'cardiovascular': current transaction is aborted, commands ignored until end of transaction block

2025-05-29 21:44:29,544 - ERROR - Max retries reached for term 'cardiovascular'
2025-05-29 21:44:29,557 - ERROR - Attempt 1/3 failed for term 'headache': relation "mrconso" does not exist
LINE 3:                     FROM MRCONSO c
                                 ^

2025-05-29 21:44:29,557 - ERROR - Attempt 2/3 failed for term 'headache': current transaction is aborted, commands ignored until end of transaction block

2025-05-29 21:44:29,558 - ERROR - Attempt 3/3 failed for term 'headache': current transaction is aborted, commands ignored until end of transaction block

2025-05-29 21:44:29,558 - ERROR - Max retries reached for term 'headache'
2025-05-29 21:44:29,572 - ERROR - Attempt 1/3 failed for term 'endocrine': relation "mrconso" does not exist
LINE 3:                     FROM MRCONSO c
                                 ^

2025-05-29 21:44:29,572 - ERROR - Attempt 2/3 failed for term 'endocrine': current transaction is aborted, commands ignored until end of transaction block

2025-05-29 21:44:29,573 - ERROR - Attempt 3/3 failed for term 'endocrine': current transaction is aborted, commands ignored until end of transaction block

2025-05-29 21:44:29,573 - ERROR - Max retries reached for term 'endocrine'
2025-05-29 21:44:29,585 - ERROR - Attempt 1/3 failed for term 'secondary to': relation "mrconso" does not exist
LINE 3:                     FROM MRCONSO c
                                 ^

2025-05-29 21:44:29,586 - ERROR - Attempt 2/3 failed for term 'secondary to': current transaction is aborted, commands ignored until end of transaction block

2025-05-29 21:44:29,587 - ERROR - Attempt 3/3 failed for term 'secondary to': current transaction is aborted, commands ignored until end of transaction block

2025-05-29 21:44:29,587 - ERROR - Max retries reached for term 'secondary to'
2025-05-29 21:44:29,600 - ERROR - Attempt 1/3 failed for term 'neurological': relation "mrconso" does not exist
LINE 3:                     FROM MRCONSO c
                                 ^

2025-05-29 21:44:29,601 - ERROR - Attempt 2/3 failed for term 'neurological': current transaction is aborted, commands ignored until end of transaction block

2025-05-29 21:44:29,602 - ERROR - Attempt 3/3 failed for term 'neurological': current transaction is aborted, commands ignored until end of transaction block

2025-05-29 21:44:29,602 - ERROR - Max retries reached for term 'neurological'
2025-05-29 21:44:29,619 - ERROR - Attempt 1/3 failed for term 'viral upper': relation "mrconso" does not exist
LINE 3:                     FROM MRCONSO c
                                 ^

2025-05-29 21:44:29,620 - ERROR - Attempt 2/3 failed for term 'viral upper': current transaction is aborted, commands ignored until end of transaction block

2025-05-29 21:44:29,621 - ERROR - Attempt 3/3 failed for term 'viral upper': current transaction is aborted, commands ignored until end of transaction block

2025-05-29 21:44:29,621 - ERROR - Max retries reached for term 'viral upper'
2025-05-29 21:44:29,633 - ERROR - Attempt 1/3 failed for term 'allergic rhinitis': relation "mrconso" does not exist
LINE 3:                     FROM MRCONSO c
                                 ^

2025-05-29 21:44:29,634 - ERROR - Attempt 2/3 failed for term 'allergic rhinitis': current transaction is aborted, commands ignored until end of transaction block

2025-05-29 21:44:29,635 - ERROR - Attempt 3/3 failed for term 'allergic rhinitis': current transaction is aborted, commands ignored until end of transaction block

2025-05-29 21:44:29,635 - ERROR - Max retries reached for term 'allergic rhinitis'
2025-05-29 21:44:29,652 - ERROR - Attempt 1/3 failed for term 'differential': relation "mrconso" does not exist
LINE 3:                     FROM MRCONSO c
                                 ^

2025-05-29 21:44:29,654 - ERROR - Attempt 2/3 failed for term 'differential': current transaction is aborted, commands ignored until end of transaction block

2025-05-29 21:44:29,655 - ERROR - Attempt 3/3 failed for term 'differential': current transaction is aborted, commands ignored until end of transaction block

2025-05-29 21:44:29,656 - ERROR - Max retries reached for term 'differential'
2025-05-29 21:44:29,678 - ERROR - Attempt 1/3 failed for term 'respiratory infection': relation "mrconso" does not exist
LINE 3:                     FROM MRCONSO c
                                 ^

2025-05-29 21:44:29,681 - ERROR - Attempt 2/3 failed for term 'respiratory infection': current transaction is aborted, commands ignored until end of transaction block

2025-05-29 21:44:29,682 - ERROR - Attempt 3/3 failed for term 'respiratory infection': current transaction is aborted, commands ignored until end of transaction block

2025-05-29 21:44:29,683 - ERROR - Max retries reached for term 'respiratory infection'
2025-05-29 21:44:29,700 - WARNING - Failed to fetch semantic type for CUI NO_CUI_likely secondary to recent viral upper respiratory infection. differential includes viral sinusitis or allergic rhinitis. other systems: neurological: headache likely related to sinusitis. endocrine: stable diabetes. cardiovascular: stable hypertension. no acute abnormalities in pulmonary: relation "mrsty" does not exist
LINE 3:                             FROM MRSTY sty
                                         ^

2025-05-29 21:44:29,789 - ERROR - Attempt 1/3 failed for term 'radiating': relation "mrconso" does not exist
LINE 3:                     FROM MRCONSO c
                                 ^

2025-05-29 21:44:29,790 - ERROR - Attempt 2/3 failed for term 'radiating': current transaction is aborted, commands ignored until end of transaction block

2025-05-29 21:44:29,790 - ERROR - Attempt 3/3 failed for term 'radiating': current transaction is aborted, commands ignored until end of transaction block

2025-05-29 21:44:29,790 - ERROR - Max retries reached for term 'radiating'
2025-05-29 21:44:29,801 - ERROR - Attempt 1/3 failed for term 'pain': relation "mrconso" does not exist
LINE 3:                     FROM MRCONSO c
                                 ^

2025-05-29 21:44:29,802 - ERROR - Attempt 2/3 failed for term 'pain': current transaction is aborted, commands ignored until end of transaction block

2025-05-29 21:44:29,802 - ERROR - Attempt 3/3 failed for term 'pain': current transaction is aborted, commands ignored until end of transaction block

2025-05-29 21:44:29,803 - ERROR - Max retries reached for term 'pain'
2025-05-29 21:44:29,828 - WARNING - Failed to fetch semantic type for CUI NO_CUI_radiating pain: relation "mrsty" does not exist
LINE 3:                             FROM MRSTY sty
                                         ^

2025-05-29 21:44:30,042 - ERROR - Attempt 1/3 failed for term 'bilateral': relation "mrconso" does not exist
LINE 3:                     FROM MRCONSO c
                                 ^

2025-05-29 21:44:30,043 - ERROR - Attempt 2/3 failed for term 'bilateral': current transaction is aborted, commands ignored until end of transaction block

2025-05-29 21:44:30,044 - ERROR - Attempt 3/3 failed for term 'bilateral': current transaction is aborted, commands ignored until end of transaction block

2025-05-29 21:44:30,044 - ERROR - Max retries reached for term 'bilateral'
2025-05-29 21:44:30,066 - ERROR - Attempt 1/3 failed for term 'nasal congestion': relation "mrconso" does not exist
LINE 3:                     FROM MRCONSO c
                                 ^

2025-05-29 21:44:30,067 - ERROR - Attempt 2/3 failed for term 'nasal congestion': current transaction is aborted, commands ignored until end of transaction block

2025-05-29 21:44:30,068 - ERROR - Attempt 3/3 failed for term 'nasal congestion': current transaction is aborted, commands ignored until end of transaction block

2025-05-29 21:44:30,068 - ERROR - Max retries reached for term 'nasal congestion'
2025-05-29 21:44:30,083 - WARNING - Failed to fetch semantic type for CUI NO_CUI_bilateral nasal congestion: relation "mrsty" does not exist
LINE 3:                             FROM MRSTY sty
                                         ^

2025-05-29 21:44:30,286 - WARNING - Skipping non-clinical or blocked term: 'days'
2025-05-29 21:44:30,297 - ERROR - Attempt 1/3 failed for term 'shortness of breath': relation "mrconso" does not exist
LINE 3:                     FROM MRCONSO c
                                 ^

2025-05-29 21:44:30,298 - ERROR - Attempt 2/3 failed for term 'shortness of breath': current transaction is aborted, commands ignored until end of transaction block

2025-05-29 21:44:30,298 - ERROR - Attempt 3/3 failed for term 'shortness of breath': current transaction is aborted, commands ignored until end of transaction block

2025-05-29 21:44:30,299 - ERROR - Max retries reached for term 'shortness of breath'
2025-05-29 21:44:30,311 - ERROR - Attempt 1/3 failed for term 'no cough': relation "mrconso" does not exist
LINE 3:                     FROM MRCONSO c
                                 ^

2025-05-29 21:44:30,312 - ERROR - Attempt 2/3 failed for term 'no cough': current transaction is aborted, commands ignored until end of transaction block

2025-05-29 21:44:30,313 - ERROR - Attempt 3/3 failed for term 'no cough': current transaction is aborted, commands ignored until end of transaction block

2025-05-29 21:44:30,313 - ERROR - Max retries reached for term 'no cough'
2025-05-29 21:44:30,324 - ERROR - Attempt 1/3 failed for term 'pulmonary': relation "mrconso" does not exist
LINE 3:                     FROM MRCONSO c
                                 ^

2025-05-29 21:44:30,326 - ERROR - Attempt 2/3 failed for term 'pulmonary': current transaction is aborted, commands ignored until end of transaction block

2025-05-29 21:44:30,326 - ERROR - Attempt 3/3 failed for term 'pulmonary': current transaction is aborted, commands ignored until end of transaction block

2025-05-29 21:44:30,327 - ERROR - Max retries reached for term 'pulmonary'
2025-05-29 21:44:30,339 - ERROR - Attempt 1/3 failed for term 'mild headache': relation "mrconso" does not exist
LINE 3:                     FROM MRCONSO c
                                 ^

2025-05-29 21:44:30,340 - ERROR - Attempt 2/3 failed for term 'mild headache': current transaction is aborted, commands ignored until end of transaction block

2025-05-29 21:44:30,341 - ERROR - Attempt 3/3 failed for term 'mild headache': current transaction is aborted, commands ignored until end of transaction block

2025-05-29 21:44:30,341 - ERROR - Max retries reached for term 'mild headache'
2025-05-29 21:44:30,354 - ERROR - Attempt 1/3 failed for term 'nasal discharge': relation "mrconso" does not exist
LINE 3:                     FROM MRCONSO c
                                 ^

2025-05-29 21:44:30,355 - ERROR - Attempt 2/3 failed for term 'nasal discharge': current transaction is aborted, commands ignored until end of transaction block

2025-05-29 21:44:30,356 - ERROR - Attempt 3/3 failed for term 'nasal discharge': current transaction is aborted, commands ignored until end of transaction block

2025-05-29 21:44:30,356 - ERROR - Max retries reached for term 'nasal discharge'
2025-05-29 21:44:30,370 - ERROR - Attempt 1/3 failed for term 'sinus pain': relation "mrconso" does not exist
LINE 3:                     FROM MRCONSO c
                                 ^

2025-05-29 21:44:30,371 - ERROR - Attempt 2/3 failed for term 'sinus pain': current transaction is aborted, commands ignored until end of transaction block

2025-05-29 21:44:30,371 - ERROR - Attempt 3/3 failed for term 'sinus pain': current transaction is aborted, commands ignored until end of transaction block

2025-05-29 21:44:30,371 - ERROR - Max retries reached for term 'sinus pain'
2025-05-29 21:44:30,384 - ERROR - Attempt 1/3 failed for term 'cardiovascular': relation "mrconso" does not exist
LINE 3:                     FROM MRCONSO c
                                 ^

2025-05-29 21:44:30,385 - ERROR - Attempt 2/3 failed for term 'cardiovascular': current transaction is aborted, commands ignored until end of transaction block

2025-05-29 21:44:30,386 - ERROR - Attempt 3/3 failed for term 'cardiovascular': current transaction is aborted, commands ignored until end of transaction block

2025-05-29 21:44:30,386 - ERROR - Max retries reached for term 'cardiovascular'
2025-05-29 21:44:30,399 - ERROR - Attempt 1/3 failed for term 'palpitations': relation "mrconso" does not exist
LINE 3:                     FROM MRCONSO c
                                 ^

2025-05-29 21:44:30,399 - ERROR - Attempt 2/3 failed for term 'palpitations': current transaction is aborted, commands ignored until end of transaction block

2025-05-29 21:44:30,400 - ERROR - Attempt 3/3 failed for term 'palpitations': current transaction is aborted, commands ignored until end of transaction block

2025-05-29 21:44:30,400 - ERROR - Max retries reached for term 'palpitations'
2025-05-29 21:44:30,412 - ERROR - Attempt 1/3 failed for term 'hearing loss': relation "mrconso" does not exist
LINE 3:                     FROM MRCONSO c
                                 ^

2025-05-29 21:44:30,413 - ERROR - Attempt 2/3 failed for term 'hearing loss': current transaction is aborted, commands ignored until end of transaction block

2025-05-29 21:44:30,414 - ERROR - Attempt 3/3 failed for term 'hearing loss': current transaction is aborted, commands ignored until end of transaction block

2025-05-29 21:44:30,414 - ERROR - Max retries reached for term 'hearing loss'
2025-05-29 21:44:30,426 - ERROR - Attempt 1/3 failed for term 'low-grade': relation "mrconso" does not exist
LINE 3:                     FROM MRCONSO c
                                 ^

2025-05-29 21:44:30,427 - ERROR - Attempt 2/3 failed for term 'low-grade': current transaction is aborted, commands ignored until end of transaction block

2025-05-29 21:44:30,428 - ERROR - Attempt 3/3 failed for term 'low-grade': current transaction is aborted, commands ignored until end of transaction block

2025-05-29 21:44:30,428 - ERROR - Max retries reached for term 'low-grade'
2025-05-29 21:44:30,441 - ERROR - Attempt 1/3 failed for term 'chest pain': relation "mrconso" does not exist
LINE 3:                     FROM MRCONSO c
                                 ^

2025-05-29 21:44:30,442 - ERROR - Attempt 2/3 failed for term 'chest pain': current transaction is aborted, commands ignored until end of transaction block

2025-05-29 21:44:30,443 - ERROR - Attempt 3/3 failed for term 'chest pain': current transaction is aborted, commands ignored until end of transaction block

2025-05-29 21:44:30,444 - ERROR - Max retries reached for term 'chest pain'
2025-05-29 21:44:30,457 - ERROR - Attempt 1/3 failed for term 'purulent': relation "mrconso" does not exist
LINE 3:                     FROM MRCONSO c
                                 ^

2025-05-29 21:44:30,458 - ERROR - Attempt 2/3 failed for term 'purulent': current transaction is aborted, commands ignored until end of transaction block

2025-05-29 21:44:30,458 - ERROR - Attempt 3/3 failed for term 'purulent': current transaction is aborted, commands ignored until end of transaction block

2025-05-29 21:44:30,459 - ERROR - Max retries reached for term 'purulent'
2025-05-29 21:44:30,474 - ERROR - Attempt 1/3 failed for term 'neurological': relation "mrconso" does not exist
LINE 3:                     FROM MRCONSO c
                                 ^

2025-05-29 21:44:30,474 - ERROR - Attempt 2/3 failed for term 'neurological': current transaction is aborted, commands ignored until end of transaction block

2025-05-29 21:44:30,475 - ERROR - Attempt 3/3 failed for term 'neurological': current transaction is aborted, commands ignored until end of transaction block

2025-05-29 21:44:30,476 - ERROR - Max retries reached for term 'neurological'
2025-05-29 21:44:30,493 - ERROR - Attempt 1/3 failed for term 'associated with': relation "mrconso" does not exist
LINE 3:                     FROM MRCONSO c
                                 ^

2025-05-29 21:44:30,494 - ERROR - Attempt 2/3 failed for term 'associated with': current transaction is aborted, commands ignored until end of transaction block

2025-05-29 21:44:30,495 - ERROR - Attempt 3/3 failed for term 'associated with': current transaction is aborted, commands ignored until end of transaction block

2025-05-29 21:44:30,496 - ERROR - Max retries reached for term 'associated with'
2025-05-29 21:44:30,523 - WARNING - Failed to fetch semantic type for CUI NO_CUI_and purulent nasal discharge for 10 days. low-grade fever (up to 100.5°f). no sore throat or hearing loss. pulmonary: no cough or shortness of breath. cardiovascular: no chest pain or palpitations. neurological: mild headache associated with sinus pain: relation "mrsty" does not exist
LINE 3:                             FROM MRSTY sty
                                         ^

2025-05-29 21:44:30,786 - ERROR - Attempt 1/3 failed for term 'acute': relation "mrconso" does not exist
LINE 3:                     FROM MRCONSO c
                                 ^

2025-05-29 21:44:30,787 - ERROR - Attempt 2/3 failed for term 'acute': current transaction is aborted, commands ignored until end of transaction block

2025-05-29 21:44:30,788 - ERROR - Attempt 3/3 failed for term 'acute': current transaction is aborted, commands ignored until end of transaction block

2025-05-29 21:44:30,788 - ERROR - Max retries reached for term 'acute'
2025-05-29 21:44:30,800 - ERROR - Attempt 1/3 failed for term 'bacterial sinusitis': relation "mrconso" does not exist
LINE 3:                     FROM MRCONSO c
                                 ^

2025-05-29 21:44:30,801 - ERROR - Attempt 2/3 failed for term 'bacterial sinusitis': current transaction is aborted, commands ignored until end of transaction block

2025-05-29 21:44:30,802 - ERROR - Attempt 3/3 failed for term 'bacterial sinusitis': current transaction is aborted, commands ignored until end of transaction block

2025-05-29 21:44:30,802 - ERROR - Max retries reached for term 'bacterial sinusitis'
2025-05-29 21:44:30,816 - ERROR - Attempt 1/3 failed for term 'no joint pain': relation "mrconso" does not exist
LINE 3:                     FROM MRCONSO c
                                 ^

2025-05-29 21:44:30,816 - ERROR - Attempt 2/3 failed for term 'no joint pain': current transaction is aborted, commands ignored until end of transaction block

2025-05-29 21:44:30,817 - ERROR - Attempt 3/3 failed for term 'no joint pain': current transaction is aborted, commands ignored until end of transaction block

2025-05-29 21:44:30,817 - ERROR - Max retries reached for term 'no joint pain'
2025-05-29 21:44:30,830 - ERROR - Attempt 1/3 failed for term 'no dizziness': relation "mrconso" does not exist
LINE 3:                     FROM MRCONSO c
                                 ^

2025-05-29 21:44:30,831 - ERROR - Attempt 2/3 failed for term 'no dizziness': current transaction is aborted, commands ignored until end of transaction block

2025-05-29 21:44:30,831 - ERROR - Attempt 3/3 failed for term 'no dizziness': current transaction is aborted, commands ignored until end of transaction block

2025-05-29 21:44:30,832 - ERROR - Max retries reached for term 'no dizziness'
2025-05-29 21:44:30,844 - ERROR - Attempt 1/3 failed for term 'weight changes': relation "mrconso" does not exist
LINE 3:                     FROM MRCONSO c
                                 ^

2025-05-29 21:44:30,844 - ERROR - Attempt 2/3 failed for term 'weight changes': current transaction is aborted, commands ignored until end of transaction block

2025-05-29 21:44:30,845 - ERROR - Attempt 3/3 failed for term 'weight changes': current transaction is aborted, commands ignored until end of transaction block

2025-05-29 21:44:30,846 - ERROR - Max retries reached for term 'weight changes'
2025-05-29 21:44:30,859 - ERROR - Attempt 1/3 failed for term 'bruising': relation "mrconso" does not exist
LINE 3:                     FROM MRCONSO c
                                 ^

2025-05-29 21:44:30,860 - ERROR - Attempt 2/3 failed for term 'bruising': current transaction is aborted, commands ignored until end of transaction block

2025-05-29 21:44:30,861 - ERROR - Attempt 3/3 failed for term 'bruising': current transaction is aborted, commands ignored until end of transaction block

2025-05-29 21:44:30,861 - ERROR - Max retries reached for term 'bruising'
2025-05-29 21:44:30,873 - ERROR - Attempt 1/3 failed for term 'ophthalmologic': relation "mrconso" does not exist
LINE 3:                     FROM MRCONSO c
                                 ^

2025-05-29 21:44:30,874 - ERROR - Attempt 2/3 failed for term 'ophthalmologic': current transaction is aborted, commands ignored until end of transaction block

2025-05-29 21:44:30,875 - ERROR - Attempt 3/3 failed for term 'ophthalmologic': current transaction is aborted, commands ignored until end of transaction block

2025-05-29 21:44:30,876 - ERROR - Max retries reached for term 'ophthalmologic'
2025-05-29 21:44:30,888 - ERROR - Attempt 1/3 failed for term 'dermatologic': relation "mrconso" does not exist
LINE 3:                     FROM MRCONSO c
                                 ^

2025-05-29 21:44:30,888 - ERROR - Attempt 2/3 failed for term 'dermatologic': current transaction is aborted, commands ignored until end of transaction block

2025-05-29 21:44:30,889 - ERROR - Attempt 3/3 failed for term 'dermatologic': current transaction is aborted, commands ignored until end of transaction block

2025-05-29 21:44:30,889 - ERROR - Max retries reached for term 'dermatologic'
2025-05-29 21:44:30,903 - ERROR - Attempt 1/3 failed for term 'no rashes': relation "mrconso" does not exist
LINE 3:                     FROM MRCONSO c
                                 ^

2025-05-29 21:44:30,904 - ERROR - Attempt 2/3 failed for term 'no rashes': current transaction is aborted, commands ignored until end of transaction block

2025-05-29 21:44:30,905 - ERROR - Attempt 3/3 failed for term 'no rashes': current transaction is aborted, commands ignored until end of transaction block

2025-05-29 21:44:30,905 - ERROR - Max retries reached for term 'no rashes'
2025-05-29 21:44:30,923 - ERROR - Attempt 1/3 failed for term 'endocrine': relation "mrconso" does not exist
LINE 3:                     FROM MRCONSO c
                                 ^

2025-05-29 21:44:30,923 - ERROR - Attempt 2/3 failed for term 'endocrine': current transaction is aborted, commands ignored until end of transaction block

2025-05-29 21:44:30,925 - ERROR - Attempt 3/3 failed for term 'endocrine': current transaction is aborted, commands ignored until end of transaction block

2025-05-29 21:44:30,925 - ERROR - Max retries reached for term 'endocrine'
2025-05-29 21:44:30,927 - WARNING - Skipping non-clinical or blocked term: 'psychiatric'
2025-05-29 21:44:30,943 - ERROR - Attempt 1/3 failed for term 'nausea': relation "mrconso" does not exist
LINE 3:                     FROM MRCONSO c
                                 ^

2025-05-29 21:44:30,943 - ERROR - Attempt 2/3 failed for term 'nausea': current transaction is aborted, commands ignored until end of transaction block

2025-05-29 21:44:30,944 - ERROR - Attempt 3/3 failed for term 'nausea': current transaction is aborted, commands ignored until end of transaction block

2025-05-29 21:44:30,944 - ERROR - Max retries reached for term 'nausea'
2025-05-29 21:44:30,947 - WARNING - Skipping non-clinical or blocked term: 'symptoms'
2025-05-29 21:44:30,948 - WARNING - Skipping non-clinical or blocked term: 'hematologic'
2025-05-29 21:44:30,963 - ERROR - Attempt 1/3 failed for term 'bleeding': relation "mrconso" does not exist
LINE 3:                     FROM MRCONSO c
                                 ^

2025-05-29 21:44:30,964 - ERROR - Attempt 2/3 failed for term 'bleeding': current transaction is aborted, commands ignored until end of transaction block

2025-05-29 21:44:30,964 - ERROR - Attempt 3/3 failed for term 'bleeding': current transaction is aborted, commands ignored until end of transaction block

2025-05-29 21:44:30,965 - ERROR - Max retries reached for term 'bleeding'
2025-05-29 21:44:30,978 - ERROR - Attempt 1/3 failed for term 'primary assessment': relation "mrconso" does not exist
LINE 3:                     FROM MRCONSO c
                                 ^

2025-05-29 21:44:30,979 - ERROR - Attempt 2/3 failed for term 'primary assessment': current transaction is aborted, commands ignored until end of transaction block

2025-05-29 21:44:30,979 - ERROR - Attempt 3/3 failed for term 'primary assessment': current transaction is aborted, commands ignored until end of transaction block

2025-05-29 21:44:30,980 - ERROR - Max retries reached for term 'primary assessment'
2025-05-29 21:44:30,980 - WARNING - Skipping non-clinical or blocked term: 'vision'
2025-05-29 21:44:30,996 - ERROR - Attempt 1/3 failed for term 'consistent with': relation "mrconso" does not exist
LINE 3:                     FROM MRCONSO c
                                 ^

2025-05-29 21:44:30,997 - ERROR - Attempt 2/3 failed for term 'consistent with': current transaction is aborted, commands ignored until end of transaction block

2025-05-29 21:44:30,998 - ERROR - Attempt 3/3 failed for term 'consistent with': current transaction is aborted, commands ignored until end of transaction block

2025-05-29 21:44:30,998 - ERROR - Max retries reached for term 'consistent with'
2025-05-29 21:44:31,021 - ERROR - Attempt 1/3 failed for term 'genitourinary': relation "mrconso" does not exist
LINE 3:                     FROM MRCONSO c
                                 ^

2025-05-29 21:44:31,022 - ERROR - Attempt 2/3 failed for term 'genitourinary': current transaction is aborted, commands ignored until end of transaction block

2025-05-29 21:44:31,023 - ERROR - Attempt 3/3 failed for term 'genitourinary': current transaction is aborted, commands ignored until end of transaction block

2025-05-29 21:44:31,024 - ERROR - Max retries reached for term 'genitourinary'
2025-05-29 21:44:31,027 - WARNING - Skipping non-clinical or blocked term: 'gastrointestinal'
2025-05-29 21:44:31,043 - ERROR - Attempt 1/3 failed for term 'diarrhea': relation "mrconso" does not exist
LINE 3:                     FROM MRCONSO c
                                 ^

2025-05-29 21:44:31,044 - ERROR - Attempt 2/3 failed for term 'diarrhea': current transaction is aborted, commands ignored until end of transaction block

2025-05-29 21:44:31,045 - ERROR - Attempt 3/3 failed for term 'diarrhea': current transaction is aborted, commands ignored until end of transaction block

2025-05-29 21:44:31,045 - ERROR - Max retries reached for term 'diarrhea'
2025-05-29 21:44:31,060 - ERROR - Attempt 1/3 failed for term 'mood changes': relation "mrconso" does not exist
LINE 3:                     FROM MRCONSO c
                                 ^

2025-05-29 21:44:31,061 - ERROR - Attempt 2/3 failed for term 'mood changes': current transaction is aborted, commands ignored until end of transaction block

2025-05-29 21:44:31,061 - ERROR - Attempt 3/3 failed for term 'mood changes': current transaction is aborted, commands ignored until end of transaction block

2025-05-29 21:44:31,062 - ERROR - Max retries reached for term 'mood changes'
2025-05-29 21:44:31,076 - ERROR - Attempt 1/3 failed for term 'lesions': relation "mrconso" does not exist
LINE 3:                     FROM MRCONSO c
                                 ^

2025-05-29 21:44:31,077 - ERROR - Attempt 2/3 failed for term 'lesions': current transaction is aborted, commands ignored until end of transaction block

2025-05-29 21:44:31,077 - ERROR - Attempt 3/3 failed for term 'lesions': current transaction is aborted, commands ignored until end of transaction block

2025-05-29 21:44:31,078 - ERROR - Max retries reached for term 'lesions'
2025-05-29 21:44:31,090 - ERROR - Attempt 1/3 failed for term 'stiffness': relation "mrconso" does not exist
LINE 3:                     FROM MRCONSO c
                                 ^

2025-05-29 21:44:31,091 - ERROR - Attempt 2/3 failed for term 'stiffness': current transaction is aborted, commands ignored until end of transaction block

2025-05-29 21:44:31,092 - ERROR - Attempt 3/3 failed for term 'stiffness': current transaction is aborted, commands ignored until end of transaction block

2025-05-29 21:44:31,092 - ERROR - Max retries reached for term 'stiffness'
2025-05-29 21:44:31,105 - ERROR - Attempt 1/3 failed for term 'urinary changes': relation "mrconso" does not exist
LINE 3:                     FROM MRCONSO c
                                 ^

2025-05-29 21:44:31,105 - ERROR - Attempt 2/3 failed for term 'urinary changes': current transaction is aborted, commands ignored until end of transaction block

2025-05-29 21:44:31,106 - ERROR - Attempt 3/3 failed for term 'urinary changes': current transaction is aborted, commands ignored until end of transaction block

2025-05-29 21:44:31,106 - ERROR - Max retries reached for term 'urinary changes'
2025-05-29 21:44:31,120 - WARNING - Failed to fetch semantic type for CUI NO_CUI_no dizziness. musculoskeletal: no joint pain or stiffness. gastrointestinal: no nausea or diarrhea. genitourinary: no urinary changes. endocrine: no weight changes or thirst. hematologic: no easy bruising or bleeding. dermatologic: no rashes or lesions. psychiatric: no mood changes. ophthalmologic: no vision changes. primary assessment: symptoms consistent with acute bacterial sinusitis: relation "mrsty" does not exist
LINE 3:                             FROM MRSTY sty
                                         ^

2025-05-29 21:46:14,122 - ERROR - Failed to initialize NLP pipeline: [E893] Could not find function 'replace_tokenizer' in function registry 'callbacks'. If you're using a custom function, make sure the code is available. If the function is provided by a third-party package, e.g. spacy-transformers, make sure the package is installed in your environment.

Available names: spacy.copy_from_base_model.v1, spacy.models_and_pipes_with_nvtx_range.v1, spacy.models_with_nvtx_range.v1
2025-05-29 21:46:15,459 - WARNING - Using fallback spacy pipeline without parser, ner, or linker
2025-05-29 21:46:16,595 - ERROR - Attempt 1/3 failed for term 'facial pain': relation "mrconso" does not exist
LINE 3:                     FROM MRCONSO c
                                 ^

2025-05-29 21:46:16,595 - ERROR - Attempt 2/3 failed for term 'facial pain': current transaction is aborted, commands ignored until end of transaction block

2025-05-29 21:46:16,596 - ERROR - Attempt 3/3 failed for term 'facial pain': current transaction is aborted, commands ignored until end of transaction block

2025-05-29 21:46:16,596 - ERROR - Max retries reached for term 'facial pain'
2025-05-29 21:46:16,607 - WARNING - Failed to fetch semantic type for CUI NO_CUI_facial pain: relation "mrsty" does not exist
LINE 3:                             FROM MRSTY sty
                                         ^

2025-05-29 21:46:16,702 - ERROR - Attempt 1/3 failed for term 'nasal congestion': relation "mrconso" does not exist
LINE 3:                     FROM MRCONSO c
                                 ^

2025-05-29 21:46:16,703 - ERROR - Attempt 2/3 failed for term 'nasal congestion': current transaction is aborted, commands ignored until end of transaction block

2025-05-29 21:46:16,704 - ERROR - Attempt 3/3 failed for term 'nasal congestion': current transaction is aborted, commands ignored until end of transaction block

2025-05-29 21:46:16,704 - ERROR - Max retries reached for term 'nasal congestion'
2025-05-29 21:46:16,726 - WARNING - Failed to fetch semantic type for CUI NO_CUI_nasal congestion: relation "mrsty" does not exist
LINE 3:                             FROM MRSTY sty
                                         ^

2025-05-29 21:46:16,806 - ERROR - Attempt 1/3 failed for term 'purulent': relation "mrconso" does not exist
LINE 3:                     FROM MRCONSO c
                                 ^

2025-05-29 21:46:16,807 - ERROR - Attempt 2/3 failed for term 'purulent': current transaction is aborted, commands ignored until end of transaction block

2025-05-29 21:46:16,808 - ERROR - Attempt 3/3 failed for term 'purulent': current transaction is aborted, commands ignored until end of transaction block

2025-05-29 21:46:16,808 - ERROR - Max retries reached for term 'purulent'
2025-05-29 21:46:16,819 - ERROR - Attempt 1/3 failed for term 'nasal discharge': relation "mrconso" does not exist
LINE 3:                     FROM MRCONSO c
                                 ^

2025-05-29 21:46:16,820 - ERROR - Attempt 2/3 failed for term 'nasal discharge': current transaction is aborted, commands ignored until end of transaction block

2025-05-29 21:46:16,821 - ERROR - Attempt 3/3 failed for term 'nasal discharge': current transaction is aborted, commands ignored until end of transaction block

2025-05-29 21:46:16,821 - ERROR - Max retries reached for term 'nasal discharge'
2025-05-29 21:46:16,833 - WARNING - Failed to fetch semantic type for CUI NO_CUI_purulent nasal discharge: relation "mrsty" does not exist
LINE 3:                             FROM MRSTY sty
                                         ^

2025-05-29 21:46:16,917 - ERROR - Attempt 1/3 failed for term 'fever': relation "mrconso" does not exist
LINE 3:                     FROM MRCONSO c
                                 ^

2025-05-29 21:46:16,918 - ERROR - Attempt 2/3 failed for term 'fever': current transaction is aborted, commands ignored until end of transaction block

2025-05-29 21:46:16,919 - ERROR - Attempt 3/3 failed for term 'fever': current transaction is aborted, commands ignored until end of transaction block

2025-05-29 21:46:16,919 - ERROR - Max retries reached for term 'fever'
2025-05-29 21:46:16,934 - WARNING - Failed to fetch semantic type for CUI NO_CUI_fever: relation "mrsty" does not exist
LINE 3:                             FROM MRSTY sty
                                         ^

2025-05-29 21:46:17,070 - WARNING - Skipping non-clinical or blocked term: 'days'
2025-05-29 21:46:17,084 - ERROR - Attempt 1/3 failed for term 'facial pain': relation "mrconso" does not exist
LINE 3:                     FROM MRCONSO c
                                 ^

2025-05-29 21:46:17,085 - ERROR - Attempt 2/3 failed for term 'facial pain': current transaction is aborted, commands ignored until end of transaction block

2025-05-29 21:46:17,086 - ERROR - Attempt 3/3 failed for term 'facial pain': current transaction is aborted, commands ignored until end of transaction block

2025-05-29 21:46:17,086 - ERROR - Max retries reached for term 'facial pain'
2025-05-29 21:46:17,100 - ERROR - Attempt 1/3 failed for term 'nasal discharge': relation "mrconso" does not exist
LINE 3:                     FROM MRCONSO c
                                 ^

2025-05-29 21:46:17,101 - ERROR - Attempt 2/3 failed for term 'nasal discharge': current transaction is aborted, commands ignored until end of transaction block

2025-05-29 21:46:17,102 - ERROR - Attempt 3/3 failed for term 'nasal discharge': current transaction is aborted, commands ignored until end of transaction block

2025-05-29 21:46:17,102 - ERROR - Max retries reached for term 'nasal discharge'
2025-05-29 21:46:17,116 - ERROR - Attempt 1/3 failed for term 'fever': relation "mrconso" does not exist
LINE 3:                     FROM MRCONSO c
                                 ^

2025-05-29 21:46:17,117 - ERROR - Attempt 2/3 failed for term 'fever': current transaction is aborted, commands ignored until end of transaction block

2025-05-29 21:46:17,118 - ERROR - Attempt 3/3 failed for term 'fever': current transaction is aborted, commands ignored until end of transaction block

2025-05-29 21:46:17,118 - ERROR - Max retries reached for term 'fever'
2025-05-29 21:46:17,136 - ERROR - Attempt 1/3 failed for term 'patient': relation "mrconso" does not exist
LINE 3:                     FROM MRCONSO c
                                 ^

2025-05-29 21:46:17,137 - ERROR - Attempt 2/3 failed for term 'patient': current transaction is aborted, commands ignored until end of transaction block

2025-05-29 21:46:17,138 - ERROR - Attempt 3/3 failed for term 'patient': current transaction is aborted, commands ignored until end of transaction block

2025-05-29 21:46:17,138 - ERROR - Max retries reached for term 'patient'
2025-05-29 21:46:17,155 - ERROR - Attempt 1/3 failed for term 'nasal congestion': relation "mrconso" does not exist
LINE 3:                     FROM MRCONSO c
                                 ^

2025-05-29 21:46:17,156 - ERROR - Attempt 2/3 failed for term 'nasal congestion': current transaction is aborted, commands ignored until end of transaction block

2025-05-29 21:46:17,157 - ERROR - Attempt 3/3 failed for term 'nasal congestion': current transaction is aborted, commands ignored until end of transaction block

2025-05-29 21:46:17,157 - ERROR - Max retries reached for term 'nasal congestion'
2025-05-29 21:46:17,174 - ERROR - Attempt 1/3 failed for term 'purulent': relation "mrconso" does not exist
LINE 3:                     FROM MRCONSO c
                                 ^

2025-05-29 21:46:17,176 - ERROR - Attempt 2/3 failed for term 'purulent': current transaction is aborted, commands ignored until end of transaction block

2025-05-29 21:46:17,176 - ERROR - Attempt 3/3 failed for term 'purulent': current transaction is aborted, commands ignored until end of transaction block

2025-05-29 21:46:17,177 - ERROR - Max retries reached for term 'purulent'
2025-05-29 21:46:17,189 - ERROR - Attempt 1/3 failed for term 'reports': relation "mrconso" does not exist
LINE 3:                     FROM MRCONSO c
                                 ^

2025-05-29 21:46:17,190 - ERROR - Attempt 2/3 failed for term 'reports': current transaction is aborted, commands ignored until end of transaction block

2025-05-29 21:46:17,191 - ERROR - Attempt 3/3 failed for term 'reports': current transaction is aborted, commands ignored until end of transaction block

2025-05-29 21:46:17,191 - ERROR - Max retries reached for term 'reports'
2025-05-29 21:46:17,205 - WARNING - Failed to fetch semantic type for CUI NO_CUI_patient presents with facial pain, nasal congestion, and fever for 10 days. reports purulent nasal discharge.: relation "mrsty" does not exist
LINE 3:                             FROM MRSTY sty
                                         ^

2025-05-29 21:46:17,283 - ERROR - Attempt 1/3 failed for term 'headache': relation "mrconso" does not exist
LINE 3:                     FROM MRCONSO c
                                 ^

2025-05-29 21:46:17,283 - ERROR - Attempt 2/3 failed for term 'headache': current transaction is aborted, commands ignored until end of transaction block

2025-05-29 21:46:17,284 - ERROR - Attempt 3/3 failed for term 'headache': current transaction is aborted, commands ignored until end of transaction block

2025-05-29 21:46:17,284 - ERROR - Max retries reached for term 'headache'
2025-05-29 21:46:17,296 - WARNING - Failed to fetch semantic type for CUI NO_CUI_headache: relation "mrsty" does not exist
LINE 3:                             FROM MRSTY sty
                                         ^

2025-05-29 21:46:17,417 - ERROR - Attempt 1/3 failed for term 'headache': relation "mrconso" does not exist
LINE 3:                     FROM MRCONSO c
                                 ^

2025-05-29 21:46:17,418 - ERROR - Attempt 2/3 failed for term 'headache': current transaction is aborted, commands ignored until end of transaction block

2025-05-29 21:46:17,418 - ERROR - Attempt 3/3 failed for term 'headache': current transaction is aborted, commands ignored until end of transaction block

2025-05-29 21:46:17,419 - ERROR - Max retries reached for term 'headache'
2025-05-29 21:46:17,437 - ERROR - Attempt 1/3 failed for term 'patient complains': relation "mrconso" does not exist
LINE 3:                     FROM MRCONSO c
                                 ^

2025-05-29 21:46:17,437 - ERROR - Attempt 2/3 failed for term 'patient complains': current transaction is aborted, commands ignored until end of transaction block

2025-05-29 21:46:17,438 - ERROR - Attempt 3/3 failed for term 'patient complains': current transaction is aborted, commands ignored until end of transaction block

2025-05-29 21:46:17,439 - ERROR - Max retries reached for term 'patient complains'
2025-05-29 21:46:17,459 - WARNING - Failed to fetch semantic type for CUI NO_CUI_patient complains of headache: relation "mrsty" does not exist
LINE 3:                             FROM MRSTY sty
                                         ^

2025-05-29 21:46:17,536 - ERROR - Attempt 1/3 failed for term 'back pain': relation "mrconso" does not exist
LINE 3:                     FROM MRCONSO c
                                 ^

2025-05-29 21:46:17,537 - ERROR - Attempt 2/3 failed for term 'back pain': current transaction is aborted, commands ignored until end of transaction block

2025-05-29 21:46:17,538 - ERROR - Attempt 3/3 failed for term 'back pain': current transaction is aborted, commands ignored until end of transaction block

2025-05-29 21:46:17,538 - ERROR - Max retries reached for term 'back pain'
2025-05-29 21:46:17,549 - WARNING - Failed to fetch semantic type for CUI NO_CUI_back pain: relation "mrsty" does not exist
LINE 3:                             FROM MRSTY sty
                                         ^

2025-05-29 21:46:17,671 - ERROR - Attempt 1/3 failed for term 'movement': relation "mrconso" does not exist
LINE 3:                     FROM MRCONSO c
                                 ^

2025-05-29 21:46:17,672 - ERROR - Attempt 2/3 failed for term 'movement': current transaction is aborted, commands ignored until end of transaction block

2025-05-29 21:46:17,672 - ERROR - Attempt 3/3 failed for term 'movement': current transaction is aborted, commands ignored until end of transaction block

2025-05-29 21:46:17,673 - ERROR - Max retries reached for term 'movement'
2025-05-29 21:46:17,684 - ERROR - Attempt 1/3 failed for term 'pain': relation "mrconso" does not exist
LINE 3:                     FROM MRCONSO c
                                 ^

2025-05-29 21:46:17,685 - ERROR - Attempt 2/3 failed for term 'pain': current transaction is aborted, commands ignored until end of transaction block

2025-05-29 21:46:17,686 - ERROR - Attempt 3/3 failed for term 'pain': current transaction is aborted, commands ignored until end of transaction block

2025-05-29 21:46:17,686 - ERROR - Max retries reached for term 'pain'
2025-05-29 21:46:17,705 - WARNING - Failed to fetch semantic type for CUI NO_CUI_pain on movement: relation "mrsty" does not exist
LINE 3:                             FROM MRSTY sty
                                         ^

2025-05-29 21:46:17,807 - ERROR - Attempt 1/3 failed for term 'obesity': relation "mrconso" does not exist
LINE 3:                     FROM MRCONSO c
                                 ^

2025-05-29 21:46:17,808 - ERROR - Attempt 2/3 failed for term 'obesity': current transaction is aborted, commands ignored until end of transaction block

2025-05-29 21:46:17,808 - ERROR - Attempt 3/3 failed for term 'obesity': current transaction is aborted, commands ignored until end of transaction block

2025-05-29 21:46:17,809 - ERROR - Max retries reached for term 'obesity'
2025-05-29 21:46:17,827 - WARNING - Failed to fetch semantic type for CUI NO_CUI_obesity: relation "mrsty" does not exist
LINE 3:                             FROM MRSTY sty
                                         ^

2025-05-29 21:46:17,950 - ERROR - Attempt 1/3 failed for term 'back pain': relation "mrconso" does not exist
LINE 3:                     FROM MRCONSO c
                                 ^

2025-05-29 21:46:17,951 - ERROR - Attempt 2/3 failed for term 'back pain': current transaction is aborted, commands ignored until end of transaction block

2025-05-29 21:46:17,954 - ERROR - Attempt 3/3 failed for term 'back pain': current transaction is aborted, commands ignored until end of transaction block

2025-05-29 21:46:17,955 - ERROR - Max retries reached for term 'back pain'
2025-05-29 21:46:17,977 - ERROR - Attempt 1/3 failed for term 'weeks': relation "mrconso" does not exist
LINE 3:                     FROM MRCONSO c
                                 ^

2025-05-29 21:46:17,978 - ERROR - Attempt 2/3 failed for term 'weeks': current transaction is aborted, commands ignored until end of transaction block

2025-05-29 21:46:17,980 - ERROR - Attempt 3/3 failed for term 'weeks': current transaction is aborted, commands ignored until end of transaction block

2025-05-29 21:46:17,980 - ERROR - Max retries reached for term 'weeks'
2025-05-29 21:46:18,002 - WARNING - Failed to fetch semantic type for CUI NO_CUI_back pain for two weeks: relation "mrsty" does not exist
LINE 3:                             FROM MRSTY sty
                                         ^

2025-05-29 21:46:18,107 - WARNING - Skipping non-clinical or blocked term: 'days'
2025-05-29 21:46:18,117 - ERROR - Attempt 1/3 failed for term 'patient complains': relation "mrconso" does not exist
LINE 3:                     FROM MRCONSO c
                                 ^

2025-05-29 21:46:18,118 - ERROR - Attempt 2/3 failed for term 'patient complains': current transaction is aborted, commands ignored until end of transaction block

2025-05-29 21:46:18,118 - ERROR - Attempt 3/3 failed for term 'patient complains': current transaction is aborted, commands ignored until end of transaction block

2025-05-29 21:46:18,119 - ERROR - Max retries reached for term 'patient complains'
2025-05-29 21:46:18,119 - WARNING - Skipping non-clinical or blocked term: 'chills'
2025-05-29 21:46:18,133 - ERROR - Attempt 1/3 failed for term 'fevers': relation "mrconso" does not exist
LINE 3:                     FROM MRCONSO c
                                 ^

2025-05-29 21:46:18,134 - ERROR - Attempt 2/3 failed for term 'fevers': current transaction is aborted, commands ignored until end of transaction block

2025-05-29 21:46:18,135 - ERROR - Attempt 3/3 failed for term 'fevers': current transaction is aborted, commands ignored until end of transaction block

2025-05-29 21:46:18,135 - ERROR - Max retries reached for term 'fevers'
2025-05-29 21:46:18,148 - ERROR - Attempt 1/3 failed for term 'headache': relation "mrconso" does not exist
LINE 3:                     FROM MRCONSO c
                                 ^

2025-05-29 21:46:18,149 - ERROR - Attempt 2/3 failed for term 'headache': current transaction is aborted, commands ignored until end of transaction block

2025-05-29 21:46:18,150 - ERROR - Attempt 3/3 failed for term 'headache': current transaction is aborted, commands ignored until end of transaction block

2025-05-29 21:46:18,150 - ERROR - Max retries reached for term 'headache'
2025-05-29 21:46:18,164 - ERROR - Attempt 1/3 failed for term 'associated with': relation "mrconso" does not exist
LINE 3:                     FROM MRCONSO c
                                 ^

2025-05-29 21:46:18,165 - ERROR - Attempt 2/3 failed for term 'associated with': current transaction is aborted, commands ignored until end of transaction block

2025-05-29 21:46:18,165 - ERROR - Attempt 3/3 failed for term 'associated with': current transaction is aborted, commands ignored until end of transaction block

2025-05-29 21:46:18,166 - ERROR - Max retries reached for term 'associated with'
2025-05-29 21:46:18,183 - WARNING - Failed to fetch semantic type for CUI NO_CUI_patient complains of headache the headache started three days ago. the headache is associated with fevers and chills: relation "mrsty" does not exist
LINE 3:                             FROM MRSTY sty
                                         ^

2025-05-29 21:46:18,333 - WARNING - Skipping non-clinical or blocked term: 'worse'
2025-05-29 21:46:18,333 - WARNING - Skipping non-clinical or blocked term: 'eyes'
2025-05-29 21:46:18,342 - ERROR - Attempt 1/3 failed for term 'licking': relation "mrconso" does not exist
LINE 3:                     FROM MRCONSO c
                                 ^

2025-05-29 21:46:18,343 - ERROR - Attempt 2/3 failed for term 'licking': current transaction is aborted, commands ignored until end of transaction block

2025-05-29 21:46:18,343 - ERROR - Attempt 3/3 failed for term 'licking': current transaction is aborted, commands ignored until end of transaction block

2025-05-29 21:46:18,344 - ERROR - Max retries reached for term 'licking'
2025-05-29 21:46:18,358 - ERROR - Attempt 1/3 failed for term 'patient': relation "mrconso" does not exist
LINE 3:                     FROM MRCONSO c
                                 ^

2025-05-29 21:46:18,358 - ERROR - Attempt 2/3 failed for term 'patient': current transaction is aborted, commands ignored until end of transaction block

2025-05-29 21:46:18,359 - ERROR - Attempt 3/3 failed for term 'patient': current transaction is aborted, commands ignored until end of transaction block

2025-05-29 21:46:18,359 - ERROR - Max retries reached for term 'patient'
2025-05-29 21:46:18,360 - WARNING - Skipping non-clinical or blocked term: 'foods'
2025-05-29 21:46:18,376 - ERROR - Attempt 1/3 failed for term 'strong': relation "mrconso" does not exist
LINE 3:                     FROM MRCONSO c
                                 ^

2025-05-29 21:46:18,377 - ERROR - Attempt 2/3 failed for term 'strong': current transaction is aborted, commands ignored until end of transaction block

2025-05-29 21:46:18,378 - ERROR - Attempt 3/3 failed for term 'strong': current transaction is aborted, commands ignored until end of transaction block

2025-05-29 21:46:18,378 - ERROR - Max retries reached for term 'strong'
2025-05-29 21:46:18,394 - ERROR - Attempt 1/3 failed for term 'fats': relation "mrconso" does not exist
LINE 3:                     FROM MRCONSO c
                                 ^

2025-05-29 21:46:18,395 - ERROR - Attempt 2/3 failed for term 'fats': current transaction is aborted, commands ignored until end of transaction block

2025-05-29 21:46:18,395 - ERROR - Attempt 3/3 failed for term 'fats': current transaction is aborted, commands ignored until end of transaction block

2025-05-29 21:46:18,396 - ERROR - Max retries reached for term 'fats'
2025-05-29 21:46:18,419 - ERROR - Attempt 1/3 failed for term 'tea': relation "mrconso" does not exist
LINE 3:                     FROM MRCONSO c
                                 ^

2025-05-29 21:46:18,420 - ERROR - Attempt 2/3 failed for term 'tea': current transaction is aborted, commands ignored until end of transaction block

2025-05-29 21:46:18,420 - ERROR - Attempt 3/3 failed for term 'tea': current transaction is aborted, commands ignored until end of transaction block

2025-05-29 21:46:18,421 - ERROR - Max retries reached for term 'tea'
2025-05-29 21:46:18,433 - ERROR - Attempt 1/3 failed for term 'vomiting': relation "mrconso" does not exist
LINE 3:                     FROM MRCONSO c
                                 ^

2025-05-29 21:46:18,434 - ERROR - Attempt 2/3 failed for term 'vomiting': current transaction is aborted, commands ignored until end of transaction block

2025-05-29 21:46:18,435 - ERROR - Attempt 3/3 failed for term 'vomiting': current transaction is aborted, commands ignored until end of transaction block

2025-05-29 21:46:18,435 - ERROR - Max retries reached for term 'vomiting'
2025-05-29 21:46:18,453 - ERROR - Attempt 1/3 failed for term 'nausea': relation "mrconso" does not exist
LINE 3:                     FROM MRCONSO c
                                 ^

2025-05-29 21:46:18,454 - ERROR - Attempt 2/3 failed for term 'nausea': current transaction is aborted, commands ignored until end of transaction block

2025-05-29 21:46:18,455 - ERROR - Attempt 3/3 failed for term 'nausea': current transaction is aborted, commands ignored until end of transaction block

2025-05-29 21:46:18,455 - ERROR - Max retries reached for term 'nausea'
2025-05-29 21:46:18,471 - ERROR - Attempt 1/3 failed for term 'jaundice': relation "mrconso" does not exist
LINE 3:                     FROM MRCONSO c
                                 ^

2025-05-29 21:46:18,472 - ERROR - Attempt 2/3 failed for term 'jaundice': current transaction is aborted, commands ignored until end of transaction block

2025-05-29 21:46:18,473 - ERROR - Attempt 3/3 failed for term 'jaundice': current transaction is aborted, commands ignored until end of transaction block

2025-05-29 21:46:18,473 - ERROR - Max retries reached for term 'jaundice'
2025-05-29 21:46:18,487 - ERROR - Attempt 1/3 failed for term 'loss of appetite': relation "mrconso" does not exist
LINE 3:                     FROM MRCONSO c
                                 ^

2025-05-29 21:46:18,488 - ERROR - Attempt 2/3 failed for term 'loss of appetite': current transaction is aborted, commands ignored until end of transaction block

2025-05-29 21:46:18,490 - ERROR - Attempt 3/3 failed for term 'loss of appetite': current transaction is aborted, commands ignored until end of transaction block

2025-05-29 21:46:18,490 - ERROR - Max retries reached for term 'loss of appetite'
2025-05-29 21:46:18,506 - WARNING - Failed to fetch semantic type for CUI NO_CUI_nausea and vomiting and loss of appetite the patient has jaundice in the eyes taking foods with fats makes the nausea worse taking strong tea and licking salt alleviates the nausea: relation "mrsty" does not exist
LINE 3:                             FROM MRSTY sty
                                         ^

2025-05-29 21:46:18,622 - ERROR - Attempt 1/3 failed for term 'facial pain': relation "mrconso" does not exist
LINE 3:                     FROM MRCONSO c
                                 ^

2025-05-29 21:46:18,623 - ERROR - Attempt 2/3 failed for term 'facial pain': current transaction is aborted, commands ignored until end of transaction block

2025-05-29 21:46:18,623 - ERROR - Attempt 3/3 failed for term 'facial pain': current transaction is aborted, commands ignored until end of transaction block

2025-05-29 21:46:18,623 - ERROR - Max retries reached for term 'facial pain'
2025-05-29 21:46:18,634 - ERROR - Attempt 1/3 failed for term 'patient': relation "mrconso" does not exist
LINE 3:                     FROM MRCONSO c
                                 ^

2025-05-29 21:46:18,635 - ERROR - Attempt 2/3 failed for term 'patient': current transaction is aborted, commands ignored until end of transaction block

2025-05-29 21:46:18,636 - ERROR - Attempt 3/3 failed for term 'patient': current transaction is aborted, commands ignored until end of transaction block

2025-05-29 21:46:18,637 - ERROR - Max retries reached for term 'patient'
2025-05-29 21:46:18,652 - WARNING - Failed to fetch semantic type for CUI NO_CUI_patient presents with facial pain: relation "mrsty" does not exist
LINE 3:                             FROM MRSTY sty
                                         ^

2025-05-29 21:46:18,752 - ERROR - Attempt 1/3 failed for term 'back pain': relation "mrconso" does not exist
LINE 3:                     FROM MRCONSO c
                                 ^

2025-05-29 21:46:18,753 - ERROR - Attempt 2/3 failed for term 'back pain': current transaction is aborted, commands ignored until end of transaction block

2025-05-29 21:46:18,754 - ERROR - Attempt 3/3 failed for term 'back pain': current transaction is aborted, commands ignored until end of transaction block

2025-05-29 21:46:18,754 - ERROR - Max retries reached for term 'back pain'
2025-05-29 21:46:18,764 - ERROR - Attempt 1/3 failed for term 'weeks': relation "mrconso" does not exist
LINE 3:                     FROM MRCONSO c
                                 ^

2025-05-29 21:46:18,765 - ERROR - Attempt 2/3 failed for term 'weeks': current transaction is aborted, commands ignored until end of transaction block

2025-05-29 21:46:18,766 - ERROR - Attempt 3/3 failed for term 'weeks': current transaction is aborted, commands ignored until end of transaction block

2025-05-29 21:46:18,766 - ERROR - Max retries reached for term 'weeks'
2025-05-29 21:46:18,782 - ERROR - Attempt 1/3 failed for term 'assessment': relation "mrconso" does not exist
LINE 3:                     FROM MRCONSO c
                                 ^

2025-05-29 21:46:18,783 - ERROR - Attempt 2/3 failed for term 'assessment': current transaction is aborted, commands ignored until end of transaction block

2025-05-29 21:46:18,784 - ERROR - Attempt 3/3 failed for term 'assessment': current transaction is aborted, commands ignored until end of transaction block

2025-05-29 21:46:18,784 - ERROR - Max retries reached for term 'assessment'
2025-05-29 21:46:18,801 - ERROR - Attempt 1/3 failed for term 'patient reports': relation "mrconso" does not exist
LINE 3:                     FROM MRCONSO c
                                 ^

2025-05-29 21:46:18,802 - ERROR - Attempt 2/3 failed for term 'patient reports': current transaction is aborted, commands ignored until end of transaction block

2025-05-29 21:46:18,803 - ERROR - Attempt 3/3 failed for term 'patient reports': current transaction is aborted, commands ignored until end of transaction block

2025-05-29 21:46:18,804 - ERROR - Max retries reached for term 'patient reports'
2025-05-29 21:46:18,820 - WARNING - Failed to fetch semantic type for CUI NO_CUI_back pain for two weeks the patient reports backpain for three weeks on assessment: relation "mrsty" does not exist
LINE 3:                             FROM MRSTY sty
                                         ^

2025-05-29 21:46:18,946 - ERROR - Attempt 1/3 failed for term 'standing': relation "mrconso" does not exist
LINE 3:                     FROM MRCONSO c
                                 ^

2025-05-29 21:46:18,947 - ERROR - Attempt 2/3 failed for term 'standing': current transaction is aborted, commands ignored until end of transaction block

2025-05-29 21:46:18,948 - ERROR - Attempt 3/3 failed for term 'standing': current transaction is aborted, commands ignored until end of transaction block

2025-05-29 21:46:18,948 - ERROR - Max retries reached for term 'standing'
2025-05-29 21:46:18,961 - ERROR - Attempt 1/3 failed for term 'stretching': relation "mrconso" does not exist
LINE 3:                     FROM MRCONSO c
                                 ^

2025-05-29 21:46:18,962 - ERROR - Attempt 2/3 failed for term 'stretching': current transaction is aborted, commands ignored until end of transaction block

2025-05-29 21:46:18,963 - ERROR - Attempt 3/3 failed for term 'stretching': current transaction is aborted, commands ignored until end of transaction block

2025-05-29 21:46:18,963 - ERROR - Max retries reached for term 'stretching'
2025-05-29 21:46:18,976 - ERROR - Attempt 1/3 failed for term 'patient': relation "mrconso" does not exist
LINE 3:                     FROM MRCONSO c
                                 ^

2025-05-29 21:46:18,976 - ERROR - Attempt 2/3 failed for term 'patient': current transaction is aborted, commands ignored until end of transaction block

2025-05-29 21:46:18,977 - ERROR - Attempt 3/3 failed for term 'patient': current transaction is aborted, commands ignored until end of transaction block

2025-05-29 21:46:18,977 - ERROR - Max retries reached for term 'patient'
2025-05-29 21:46:18,989 - ERROR - Attempt 1/3 failed for term 'pain': relation "mrconso" does not exist
LINE 3:                     FROM MRCONSO c
                                 ^

2025-05-29 21:46:18,990 - ERROR - Attempt 2/3 failed for term 'pain': current transaction is aborted, commands ignored until end of transaction block

2025-05-29 21:46:18,991 - ERROR - Attempt 3/3 failed for term 'pain': current transaction is aborted, commands ignored until end of transaction block

2025-05-29 21:46:18,991 - ERROR - Max retries reached for term 'pain'
2025-05-29 21:46:19,004 - ERROR - Attempt 1/3 failed for term 'obese': relation "mrconso" does not exist
LINE 3:                     FROM MRCONSO c
                                 ^

2025-05-29 21:46:19,005 - ERROR - Attempt 2/3 failed for term 'obese': current transaction is aborted, commands ignored until end of transaction block

2025-05-29 21:46:19,006 - ERROR - Attempt 3/3 failed for term 'obese': current transaction is aborted, commands ignored until end of transaction block

2025-05-29 21:46:19,007 - ERROR - Max retries reached for term 'obese'
2025-05-29 21:46:19,022 - ERROR - Attempt 1/3 failed for term 'sitting': relation "mrconso" does not exist
LINE 3:                     FROM MRCONSO c
                                 ^

2025-05-29 21:46:19,024 - ERROR - Attempt 2/3 failed for term 'sitting': current transaction is aborted, commands ignored until end of transaction block

2025-05-29 21:46:19,025 - ERROR - Attempt 3/3 failed for term 'sitting': current transaction is aborted, commands ignored until end of transaction block

2025-05-29 21:46:19,025 - ERROR - Max retries reached for term 'sitting'
2025-05-29 21:46:19,041 - ERROR - Attempt 1/3 failed for term 'backpain': relation "mrconso" does not exist
LINE 3:                     FROM MRCONSO c
                                 ^

2025-05-29 21:46:19,041 - ERROR - Attempt 2/3 failed for term 'backpain': current transaction is aborted, commands ignored until end of transaction block

2025-05-29 21:46:19,042 - ERROR - Attempt 3/3 failed for term 'backpain': current transaction is aborted, commands ignored until end of transaction block

2025-05-29 21:46:19,042 - ERROR - Max retries reached for term 'backpain'
2025-05-29 21:46:19,056 - WARNING - Failed to fetch semantic type for CUI NO_CUI_the patient is obese the backpain is made worse by sitting down for long the pain is alleviated by standing and stretching: relation "mrsty" does not exist
LINE 3:                             FROM MRSTY sty
                                         ^

2025-05-29 21:46:19,193 - WARNING - Skipping non-clinical or blocked term: 'days'
2025-05-29 21:46:19,204 - ERROR - Attempt 1/3 failed for term 'facial pain': relation "mrconso" does not exist
LINE 3:                     FROM MRCONSO c
                                 ^

2025-05-29 21:46:19,205 - ERROR - Attempt 2/3 failed for term 'facial pain': current transaction is aborted, commands ignored until end of transaction block

2025-05-29 21:46:19,206 - ERROR - Attempt 3/3 failed for term 'facial pain': current transaction is aborted, commands ignored until end of transaction block

2025-05-29 21:46:19,206 - ERROR - Max retries reached for term 'facial pain'
2025-05-29 21:46:19,218 - ERROR - Attempt 1/3 failed for term 'nasal discharge': relation "mrconso" does not exist
LINE 3:                     FROM MRCONSO c
                                 ^

2025-05-29 21:46:19,219 - ERROR - Attempt 2/3 failed for term 'nasal discharge': current transaction is aborted, commands ignored until end of transaction block

2025-05-29 21:46:19,219 - ERROR - Attempt 3/3 failed for term 'nasal discharge': current transaction is aborted, commands ignored until end of transaction block

2025-05-29 21:46:19,220 - ERROR - Max retries reached for term 'nasal discharge'
2025-05-29 21:46:19,233 - ERROR - Attempt 1/3 failed for term 'fever': relation "mrconso" does not exist
LINE 3:                     FROM MRCONSO c
                                 ^

2025-05-29 21:46:19,233 - ERROR - Attempt 2/3 failed for term 'fever': current transaction is aborted, commands ignored until end of transaction block

2025-05-29 21:46:19,234 - ERROR - Attempt 3/3 failed for term 'fever': current transaction is aborted, commands ignored until end of transaction block

2025-05-29 21:46:19,234 - ERROR - Max retries reached for term 'fever'
2025-05-29 21:46:19,247 - ERROR - Attempt 1/3 failed for term 'maxillary sinuses': relation "mrconso" does not exist
LINE 3:                     FROM MRCONSO c
                                 ^

2025-05-29 21:46:19,248 - ERROR - Attempt 2/3 failed for term 'maxillary sinuses': current transaction is aborted, commands ignored until end of transaction block

2025-05-29 21:46:19,248 - ERROR - Attempt 3/3 failed for term 'maxillary sinuses': current transaction is aborted, commands ignored until end of transaction block

2025-05-29 21:46:19,249 - ERROR - Max retries reached for term 'maxillary sinuses'
2025-05-29 21:46:19,261 - ERROR - Attempt 1/3 failed for term 'purulent': relation "mrconso" does not exist
LINE 3:                     FROM MRCONSO c
                                 ^

2025-05-29 21:46:19,262 - ERROR - Attempt 2/3 failed for term 'purulent': current transaction is aborted, commands ignored until end of transaction block

2025-05-29 21:46:19,263 - ERROR - Attempt 3/3 failed for term 'purulent': current transaction is aborted, commands ignored until end of transaction block

2025-05-29 21:46:19,263 - ERROR - Max retries reached for term 'purulent'
2025-05-29 21:46:19,274 - ERROR - Attempt 1/3 failed for term 'reports': relation "mrconso" does not exist
LINE 3:                     FROM MRCONSO c
                                 ^

2025-05-29 21:46:19,275 - ERROR - Attempt 2/3 failed for term 'reports': current transaction is aborted, commands ignored until end of transaction block

2025-05-29 21:46:19,276 - ERROR - Attempt 3/3 failed for term 'reports': current transaction is aborted, commands ignored until end of transaction block

2025-05-29 21:46:19,277 - ERROR - Max retries reached for term 'reports'
2025-05-29 21:46:19,289 - WARNING - Failed to fetch semantic type for CUI NO_CUI_and fever for 10 days. reports purulent nasal discharge. facial pain over maxillary sinuses: relation "mrsty" does not exist
LINE 3:                             FROM MRSTY sty
                                         ^

2025-05-29 21:46:19,473 - ERROR - Attempt 1/3 failed for term 'sinusitis': relation "mrconso" does not exist
LINE 3:                     FROM MRCONSO c
                                 ^

2025-05-29 21:46:19,474 - ERROR - Attempt 2/3 failed for term 'sinusitis': current transaction is aborted, commands ignored until end of transaction block

2025-05-29 21:46:19,475 - ERROR - Attempt 3/3 failed for term 'sinusitis': current transaction is aborted, commands ignored until end of transaction block

2025-05-29 21:46:19,475 - ERROR - Max retries reached for term 'sinusitis'
2025-05-29 21:46:19,486 - ERROR - Attempt 1/3 failed for term 'pulmonary': relation "mrconso" does not exist
LINE 3:                     FROM MRCONSO c
                                 ^

2025-05-29 21:46:19,486 - ERROR - Attempt 2/3 failed for term 'pulmonary': current transaction is aborted, commands ignored until end of transaction block

2025-05-29 21:46:19,487 - ERROR - Attempt 3/3 failed for term 'pulmonary': current transaction is aborted, commands ignored until end of transaction block

2025-05-29 21:46:19,487 - ERROR - Max retries reached for term 'pulmonary'
2025-05-29 21:46:19,500 - ERROR - Attempt 1/3 failed for term 'stable': relation "mrconso" does not exist
LINE 3:                     FROM MRCONSO c
                                 ^

2025-05-29 21:46:19,500 - ERROR - Attempt 2/3 failed for term 'stable': current transaction is aborted, commands ignored until end of transaction block

2025-05-29 21:46:19,501 - ERROR - Attempt 3/3 failed for term 'stable': current transaction is aborted, commands ignored until end of transaction block

2025-05-29 21:46:19,501 - ERROR - Max retries reached for term 'stable'
2025-05-29 21:46:19,515 - ERROR - Attempt 1/3 failed for term 'diabetes': relation "mrconso" does not exist
LINE 3:                     FROM MRCONSO c
                                 ^

2025-05-29 21:46:19,515 - ERROR - Attempt 2/3 failed for term 'diabetes': current transaction is aborted, commands ignored until end of transaction block

2025-05-29 21:46:19,516 - ERROR - Attempt 3/3 failed for term 'diabetes': current transaction is aborted, commands ignored until end of transaction block

2025-05-29 21:46:19,516 - ERROR - Max retries reached for term 'diabetes'
2025-05-29 21:46:19,529 - ERROR - Attempt 1/3 failed for term 'hypertension': relation "mrconso" does not exist
LINE 3:                     FROM MRCONSO c
                                 ^

2025-05-29 21:46:19,529 - ERROR - Attempt 2/3 failed for term 'hypertension': current transaction is aborted, commands ignored until end of transaction block

2025-05-29 21:46:19,530 - ERROR - Attempt 3/3 failed for term 'hypertension': current transaction is aborted, commands ignored until end of transaction block

2025-05-29 21:46:19,530 - ERROR - Max retries reached for term 'hypertension'
2025-05-29 21:46:19,542 - ERROR - Attempt 1/3 failed for term 'viral sinusitis': relation "mrconso" does not exist
LINE 3:                     FROM MRCONSO c
                                 ^

2025-05-29 21:46:19,543 - ERROR - Attempt 2/3 failed for term 'viral sinusitis': current transaction is aborted, commands ignored until end of transaction block

2025-05-29 21:46:19,544 - ERROR - Attempt 3/3 failed for term 'viral sinusitis': current transaction is aborted, commands ignored until end of transaction block

2025-05-29 21:46:19,545 - ERROR - Max retries reached for term 'viral sinusitis'
2025-05-29 21:46:19,556 - ERROR - Attempt 1/3 failed for term 'acute abnormalities': relation "mrconso" does not exist
LINE 3:                     FROM MRCONSO c
                                 ^

2025-05-29 21:46:19,557 - ERROR - Attempt 2/3 failed for term 'acute abnormalities': current transaction is aborted, commands ignored until end of transaction block

2025-05-29 21:46:19,558 - ERROR - Attempt 3/3 failed for term 'acute abnormalities': current transaction is aborted, commands ignored until end of transaction block

2025-05-29 21:46:19,558 - ERROR - Max retries reached for term 'acute abnormalities'
2025-05-29 21:46:19,570 - ERROR - Attempt 1/3 failed for term 'cardiovascular': relation "mrconso" does not exist
LINE 3:                     FROM MRCONSO c
                                 ^

2025-05-29 21:46:19,571 - ERROR - Attempt 2/3 failed for term 'cardiovascular': current transaction is aborted, commands ignored until end of transaction block

2025-05-29 21:46:19,572 - ERROR - Attempt 3/3 failed for term 'cardiovascular': current transaction is aborted, commands ignored until end of transaction block

2025-05-29 21:46:19,573 - ERROR - Max retries reached for term 'cardiovascular'
2025-05-29 21:46:19,586 - ERROR - Attempt 1/3 failed for term 'headache': relation "mrconso" does not exist
LINE 3:                     FROM MRCONSO c
                                 ^

2025-05-29 21:46:19,586 - ERROR - Attempt 2/3 failed for term 'headache': current transaction is aborted, commands ignored until end of transaction block

2025-05-29 21:46:19,587 - ERROR - Attempt 3/3 failed for term 'headache': current transaction is aborted, commands ignored until end of transaction block

2025-05-29 21:46:19,587 - ERROR - Max retries reached for term 'headache'
2025-05-29 21:46:19,602 - ERROR - Attempt 1/3 failed for term 'endocrine': relation "mrconso" does not exist
LINE 3:                     FROM MRCONSO c
                                 ^

2025-05-29 21:46:19,602 - ERROR - Attempt 2/3 failed for term 'endocrine': current transaction is aborted, commands ignored until end of transaction block

2025-05-29 21:46:19,603 - ERROR - Attempt 3/3 failed for term 'endocrine': current transaction is aborted, commands ignored until end of transaction block

2025-05-29 21:46:19,603 - ERROR - Max retries reached for term 'endocrine'
2025-05-29 21:46:19,618 - ERROR - Attempt 1/3 failed for term 'secondary to': relation "mrconso" does not exist
LINE 3:                     FROM MRCONSO c
                                 ^

2025-05-29 21:46:19,620 - ERROR - Attempt 2/3 failed for term 'secondary to': current transaction is aborted, commands ignored until end of transaction block

2025-05-29 21:46:19,621 - ERROR - Attempt 3/3 failed for term 'secondary to': current transaction is aborted, commands ignored until end of transaction block

2025-05-29 21:46:19,623 - ERROR - Max retries reached for term 'secondary to'
2025-05-29 21:46:19,647 - ERROR - Attempt 1/3 failed for term 'neurological': relation "mrconso" does not exist
LINE 3:                     FROM MRCONSO c
                                 ^

2025-05-29 21:46:19,649 - ERROR - Attempt 2/3 failed for term 'neurological': current transaction is aborted, commands ignored until end of transaction block

2025-05-29 21:46:19,651 - ERROR - Attempt 3/3 failed for term 'neurological': current transaction is aborted, commands ignored until end of transaction block

2025-05-29 21:46:19,652 - ERROR - Max retries reached for term 'neurological'
2025-05-29 21:46:19,680 - ERROR - Attempt 1/3 failed for term 'viral upper': relation "mrconso" does not exist
LINE 3:                     FROM MRCONSO c
                                 ^

2025-05-29 21:46:19,684 - ERROR - Attempt 2/3 failed for term 'viral upper': current transaction is aborted, commands ignored until end of transaction block

2025-05-29 21:46:19,688 - ERROR - Attempt 3/3 failed for term 'viral upper': current transaction is aborted, commands ignored until end of transaction block

2025-05-29 21:46:19,688 - ERROR - Max retries reached for term 'viral upper'
2025-05-29 21:46:19,719 - ERROR - Attempt 1/3 failed for term 'allergic rhinitis': relation "mrconso" does not exist
LINE 3:                     FROM MRCONSO c
                                 ^

2025-05-29 21:46:19,720 - ERROR - Attempt 2/3 failed for term 'allergic rhinitis': current transaction is aborted, commands ignored until end of transaction block

2025-05-29 21:46:19,725 - ERROR - Attempt 3/3 failed for term 'allergic rhinitis': current transaction is aborted, commands ignored until end of transaction block

2025-05-29 21:46:19,726 - ERROR - Max retries reached for term 'allergic rhinitis'
2025-05-29 21:46:19,755 - ERROR - Attempt 1/3 failed for term 'differential': relation "mrconso" does not exist
LINE 3:                     FROM MRCONSO c
                                 ^

2025-05-29 21:46:19,756 - ERROR - Attempt 2/3 failed for term 'differential': current transaction is aborted, commands ignored until end of transaction block

2025-05-29 21:46:19,759 - ERROR - Attempt 3/3 failed for term 'differential': current transaction is aborted, commands ignored until end of transaction block

2025-05-29 21:46:19,759 - ERROR - Max retries reached for term 'differential'
2025-05-29 21:46:19,781 - ERROR - Attempt 1/3 failed for term 'respiratory infection': relation "mrconso" does not exist
LINE 3:                     FROM MRCONSO c
                                 ^

2025-05-29 21:46:19,784 - ERROR - Attempt 2/3 failed for term 'respiratory infection': current transaction is aborted, commands ignored until end of transaction block

2025-05-29 21:46:19,785 - ERROR - Attempt 3/3 failed for term 'respiratory infection': current transaction is aborted, commands ignored until end of transaction block

2025-05-29 21:46:19,785 - ERROR - Max retries reached for term 'respiratory infection'
2025-05-29 21:46:19,818 - WARNING - Failed to fetch semantic type for CUI NO_CUI_likely secondary to recent viral upper respiratory infection. differential includes viral sinusitis or allergic rhinitis. other systems: neurological: headache likely related to sinusitis. endocrine: stable diabetes. cardiovascular: stable hypertension. no acute abnormalities in pulmonary: relation "mrsty" does not exist
LINE 3:                             FROM MRSTY sty
                                         ^

2025-05-29 21:46:19,953 - ERROR - Attempt 1/3 failed for term 'radiating': relation "mrconso" does not exist
LINE 3:                     FROM MRCONSO c
                                 ^

2025-05-29 21:46:19,954 - ERROR - Attempt 2/3 failed for term 'radiating': current transaction is aborted, commands ignored until end of transaction block

2025-05-29 21:46:19,955 - ERROR - Attempt 3/3 failed for term 'radiating': current transaction is aborted, commands ignored until end of transaction block

2025-05-29 21:46:19,955 - ERROR - Max retries reached for term 'radiating'
2025-05-29 21:46:19,968 - ERROR - Attempt 1/3 failed for term 'pain': relation "mrconso" does not exist
LINE 3:                     FROM MRCONSO c
                                 ^

2025-05-29 21:46:19,968 - ERROR - Attempt 2/3 failed for term 'pain': current transaction is aborted, commands ignored until end of transaction block

2025-05-29 21:46:19,969 - ERROR - Attempt 3/3 failed for term 'pain': current transaction is aborted, commands ignored until end of transaction block

2025-05-29 21:46:19,969 - ERROR - Max retries reached for term 'pain'
2025-05-29 21:46:19,986 - WARNING - Failed to fetch semantic type for CUI NO_CUI_radiating pain: relation "mrsty" does not exist
LINE 3:                             FROM MRSTY sty
                                         ^

2025-05-29 21:46:20,116 - ERROR - Attempt 1/3 failed for term 'bilateral': relation "mrconso" does not exist
LINE 3:                     FROM MRCONSO c
                                 ^

2025-05-29 21:46:20,117 - ERROR - Attempt 2/3 failed for term 'bilateral': current transaction is aborted, commands ignored until end of transaction block

2025-05-29 21:46:20,117 - ERROR - Attempt 3/3 failed for term 'bilateral': current transaction is aborted, commands ignored until end of transaction block

2025-05-29 21:46:20,117 - ERROR - Max retries reached for term 'bilateral'
2025-05-29 21:46:20,137 - ERROR - Attempt 1/3 failed for term 'nasal congestion': relation "mrconso" does not exist
LINE 3:                     FROM MRCONSO c
                                 ^

2025-05-29 21:46:20,139 - ERROR - Attempt 2/3 failed for term 'nasal congestion': current transaction is aborted, commands ignored until end of transaction block

2025-05-29 21:46:20,140 - ERROR - Attempt 3/3 failed for term 'nasal congestion': current transaction is aborted, commands ignored until end of transaction block

2025-05-29 21:46:20,140 - ERROR - Max retries reached for term 'nasal congestion'
2025-05-29 21:46:20,162 - WARNING - Failed to fetch semantic type for CUI NO_CUI_bilateral nasal congestion: relation "mrsty" does not exist
LINE 3:                             FROM MRSTY sty
                                         ^

2025-05-29 21:46:20,494 - WARNING - Skipping non-clinical or blocked term: 'days'
2025-05-29 21:46:20,519 - ERROR - Attempt 1/3 failed for term 'shortness of breath': relation "mrconso" does not exist
LINE 3:                     FROM MRCONSO c
                                 ^

2025-05-29 21:46:20,521 - ERROR - Attempt 2/3 failed for term 'shortness of breath': current transaction is aborted, commands ignored until end of transaction block

2025-05-29 21:46:20,522 - ERROR - Attempt 3/3 failed for term 'shortness of breath': current transaction is aborted, commands ignored until end of transaction block

2025-05-29 21:46:20,523 - ERROR - Max retries reached for term 'shortness of breath'
2025-05-29 21:46:20,548 - ERROR - Attempt 1/3 failed for term 'no cough': relation "mrconso" does not exist
LINE 3:                     FROM MRCONSO c
                                 ^

2025-05-29 21:46:20,551 - ERROR - Attempt 2/3 failed for term 'no cough': current transaction is aborted, commands ignored until end of transaction block

2025-05-29 21:46:20,552 - ERROR - Attempt 3/3 failed for term 'no cough': current transaction is aborted, commands ignored until end of transaction block

2025-05-29 21:46:20,553 - ERROR - Max retries reached for term 'no cough'
2025-05-29 21:46:20,581 - ERROR - Attempt 1/3 failed for term 'pulmonary': relation "mrconso" does not exist
LINE 3:                     FROM MRCONSO c
                                 ^

2025-05-29 21:46:20,582 - ERROR - Attempt 2/3 failed for term 'pulmonary': current transaction is aborted, commands ignored until end of transaction block

2025-05-29 21:46:20,584 - ERROR - Attempt 3/3 failed for term 'pulmonary': current transaction is aborted, commands ignored until end of transaction block

2025-05-29 21:46:20,584 - ERROR - Max retries reached for term 'pulmonary'
2025-05-29 21:46:20,606 - ERROR - Attempt 1/3 failed for term 'mild headache': relation "mrconso" does not exist
LINE 3:                     FROM MRCONSO c
                                 ^

2025-05-29 21:46:20,607 - ERROR - Attempt 2/3 failed for term 'mild headache': current transaction is aborted, commands ignored until end of transaction block

2025-05-29 21:46:20,609 - ERROR - Attempt 3/3 failed for term 'mild headache': current transaction is aborted, commands ignored until end of transaction block

2025-05-29 21:46:20,611 - ERROR - Max retries reached for term 'mild headache'
2025-05-29 21:46:20,633 - ERROR - Attempt 1/3 failed for term 'nasal discharge': relation "mrconso" does not exist
LINE 3:                     FROM MRCONSO c
                                 ^

2025-05-29 21:46:20,634 - ERROR - Attempt 2/3 failed for term 'nasal discharge': current transaction is aborted, commands ignored until end of transaction block

2025-05-29 21:46:20,634 - ERROR - Attempt 3/3 failed for term 'nasal discharge': current transaction is aborted, commands ignored until end of transaction block

2025-05-29 21:46:20,635 - ERROR - Max retries reached for term 'nasal discharge'
2025-05-29 21:46:20,652 - ERROR - Attempt 1/3 failed for term 'sinus pain': relation "mrconso" does not exist
LINE 3:                     FROM MRCONSO c
                                 ^

2025-05-29 21:46:20,653 - ERROR - Attempt 2/3 failed for term 'sinus pain': current transaction is aborted, commands ignored until end of transaction block

2025-05-29 21:46:20,655 - ERROR - Attempt 3/3 failed for term 'sinus pain': current transaction is aborted, commands ignored until end of transaction block

2025-05-29 21:46:20,656 - ERROR - Max retries reached for term 'sinus pain'
2025-05-29 21:46:20,674 - ERROR - Attempt 1/3 failed for term 'cardiovascular': relation "mrconso" does not exist
LINE 3:                     FROM MRCONSO c
                                 ^

2025-05-29 21:46:20,675 - ERROR - Attempt 2/3 failed for term 'cardiovascular': current transaction is aborted, commands ignored until end of transaction block

2025-05-29 21:46:20,677 - ERROR - Attempt 3/3 failed for term 'cardiovascular': current transaction is aborted, commands ignored until end of transaction block

2025-05-29 21:46:20,678 - ERROR - Max retries reached for term 'cardiovascular'
2025-05-29 21:46:20,697 - ERROR - Attempt 1/3 failed for term 'palpitations': relation "mrconso" does not exist
LINE 3:                     FROM MRCONSO c
                                 ^

2025-05-29 21:46:20,698 - ERROR - Attempt 2/3 failed for term 'palpitations': current transaction is aborted, commands ignored until end of transaction block

2025-05-29 21:46:20,699 - ERROR - Attempt 3/3 failed for term 'palpitations': current transaction is aborted, commands ignored until end of transaction block

2025-05-29 21:46:20,700 - ERROR - Max retries reached for term 'palpitations'
2025-05-29 21:46:20,726 - ERROR - Attempt 1/3 failed for term 'hearing loss': relation "mrconso" does not exist
LINE 3:                     FROM MRCONSO c
                                 ^

2025-05-29 21:46:20,729 - ERROR - Attempt 2/3 failed for term 'hearing loss': current transaction is aborted, commands ignored until end of transaction block

2025-05-29 21:46:20,730 - ERROR - Attempt 3/3 failed for term 'hearing loss': current transaction is aborted, commands ignored until end of transaction block

2025-05-29 21:46:20,730 - ERROR - Max retries reached for term 'hearing loss'
2025-05-29 21:46:20,750 - ERROR - Attempt 1/3 failed for term 'low-grade': relation "mrconso" does not exist
LINE 3:                     FROM MRCONSO c
                                 ^

2025-05-29 21:46:20,751 - ERROR - Attempt 2/3 failed for term 'low-grade': current transaction is aborted, commands ignored until end of transaction block

2025-05-29 21:46:20,752 - ERROR - Attempt 3/3 failed for term 'low-grade': current transaction is aborted, commands ignored until end of transaction block

2025-05-29 21:46:20,752 - ERROR - Max retries reached for term 'low-grade'
2025-05-29 21:46:20,780 - ERROR - Attempt 1/3 failed for term 'chest pain': relation "mrconso" does not exist
LINE 3:                     FROM MRCONSO c
                                 ^

2025-05-29 21:46:20,781 - ERROR - Attempt 2/3 failed for term 'chest pain': current transaction is aborted, commands ignored until end of transaction block

2025-05-29 21:46:20,783 - ERROR - Attempt 3/3 failed for term 'chest pain': current transaction is aborted, commands ignored until end of transaction block

2025-05-29 21:46:20,784 - ERROR - Max retries reached for term 'chest pain'
2025-05-29 21:46:20,813 - ERROR - Attempt 1/3 failed for term 'purulent': relation "mrconso" does not exist
LINE 3:                     FROM MRCONSO c
                                 ^

2025-05-29 21:46:20,814 - ERROR - Attempt 2/3 failed for term 'purulent': current transaction is aborted, commands ignored until end of transaction block

2025-05-29 21:46:20,815 - ERROR - Attempt 3/3 failed for term 'purulent': current transaction is aborted, commands ignored until end of transaction block

2025-05-29 21:46:20,815 - ERROR - Max retries reached for term 'purulent'
2025-05-29 21:46:20,839 - ERROR - Attempt 1/3 failed for term 'neurological': relation "mrconso" does not exist
LINE 3:                     FROM MRCONSO c
                                 ^

2025-05-29 21:46:20,840 - ERROR - Attempt 2/3 failed for term 'neurological': current transaction is aborted, commands ignored until end of transaction block

2025-05-29 21:46:20,840 - ERROR - Attempt 3/3 failed for term 'neurological': current transaction is aborted, commands ignored until end of transaction block

2025-05-29 21:46:20,841 - ERROR - Max retries reached for term 'neurological'
2025-05-29 21:46:20,859 - ERROR - Attempt 1/3 failed for term 'associated with': relation "mrconso" does not exist
LINE 3:                     FROM MRCONSO c
                                 ^

2025-05-29 21:46:20,860 - ERROR - Attempt 2/3 failed for term 'associated with': current transaction is aborted, commands ignored until end of transaction block

2025-05-29 21:46:20,862 - ERROR - Attempt 3/3 failed for term 'associated with': current transaction is aborted, commands ignored until end of transaction block

2025-05-29 21:46:20,862 - ERROR - Max retries reached for term 'associated with'
2025-05-29 21:46:20,875 - WARNING - Failed to fetch semantic type for CUI NO_CUI_and purulent nasal discharge for 10 days. low-grade fever (up to 100.5°f). no sore throat or hearing loss. pulmonary: no cough or shortness of breath. cardiovascular: no chest pain or palpitations. neurological: mild headache associated with sinus pain: relation "mrsty" does not exist
LINE 3:                             FROM MRSTY sty
                                         ^

2025-05-29 21:46:21,241 - ERROR - Attempt 1/3 failed for term 'acute': relation "mrconso" does not exist
LINE 3:                     FROM MRCONSO c
                                 ^

2025-05-29 21:46:21,242 - ERROR - Attempt 2/3 failed for term 'acute': current transaction is aborted, commands ignored until end of transaction block

2025-05-29 21:46:21,243 - ERROR - Attempt 3/3 failed for term 'acute': current transaction is aborted, commands ignored until end of transaction block

2025-05-29 21:46:21,243 - ERROR - Max retries reached for term 'acute'
2025-05-29 21:46:21,258 - ERROR - Attempt 1/3 failed for term 'bacterial sinusitis': relation "mrconso" does not exist
LINE 3:                     FROM MRCONSO c
                                 ^

2025-05-29 21:46:21,259 - ERROR - Attempt 2/3 failed for term 'bacterial sinusitis': current transaction is aborted, commands ignored until end of transaction block

2025-05-29 21:46:21,260 - ERROR - Attempt 3/3 failed for term 'bacterial sinusitis': current transaction is aborted, commands ignored until end of transaction block

2025-05-29 21:46:21,261 - ERROR - Max retries reached for term 'bacterial sinusitis'
2025-05-29 21:46:21,284 - ERROR - Attempt 1/3 failed for term 'no joint pain': relation "mrconso" does not exist
LINE 3:                     FROM MRCONSO c
                                 ^

2025-05-29 21:46:21,285 - ERROR - Attempt 2/3 failed for term 'no joint pain': current transaction is aborted, commands ignored until end of transaction block

2025-05-29 21:46:21,286 - ERROR - Attempt 3/3 failed for term 'no joint pain': current transaction is aborted, commands ignored until end of transaction block

2025-05-29 21:46:21,287 - ERROR - Max retries reached for term 'no joint pain'
2025-05-29 21:46:21,303 - ERROR - Attempt 1/3 failed for term 'no dizziness': relation "mrconso" does not exist
LINE 3:                     FROM MRCONSO c
                                 ^

2025-05-29 21:46:21,304 - ERROR - Attempt 2/3 failed for term 'no dizziness': current transaction is aborted, commands ignored until end of transaction block

2025-05-29 21:46:21,305 - ERROR - Attempt 3/3 failed for term 'no dizziness': current transaction is aborted, commands ignored until end of transaction block

2025-05-29 21:46:21,305 - ERROR - Max retries reached for term 'no dizziness'
2025-05-29 21:46:21,328 - ERROR - Attempt 1/3 failed for term 'weight changes': relation "mrconso" does not exist
LINE 3:                     FROM MRCONSO c
                                 ^

2025-05-29 21:46:21,329 - ERROR - Attempt 2/3 failed for term 'weight changes': current transaction is aborted, commands ignored until end of transaction block

2025-05-29 21:46:21,330 - ERROR - Attempt 3/3 failed for term 'weight changes': current transaction is aborted, commands ignored until end of transaction block

2025-05-29 21:46:21,331 - ERROR - Max retries reached for term 'weight changes'
2025-05-29 21:46:21,357 - ERROR - Attempt 1/3 failed for term 'bruising': relation "mrconso" does not exist
LINE 3:                     FROM MRCONSO c
                                 ^

2025-05-29 21:46:21,358 - ERROR - Attempt 2/3 failed for term 'bruising': current transaction is aborted, commands ignored until end of transaction block

2025-05-29 21:46:21,359 - ERROR - Attempt 3/3 failed for term 'bruising': current transaction is aborted, commands ignored until end of transaction block

2025-05-29 21:46:21,359 - ERROR - Max retries reached for term 'bruising'
2025-05-29 21:46:21,392 - ERROR - Attempt 1/3 failed for term 'ophthalmologic': relation "mrconso" does not exist
LINE 3:                     FROM MRCONSO c
                                 ^

2025-05-29 21:46:21,394 - ERROR - Attempt 2/3 failed for term 'ophthalmologic': current transaction is aborted, commands ignored until end of transaction block

2025-05-29 21:46:21,395 - ERROR - Attempt 3/3 failed for term 'ophthalmologic': current transaction is aborted, commands ignored until end of transaction block

2025-05-29 21:46:21,396 - ERROR - Max retries reached for term 'ophthalmologic'
2025-05-29 21:46:21,425 - ERROR - Attempt 1/3 failed for term 'dermatologic': relation "mrconso" does not exist
LINE 3:                     FROM MRCONSO c
                                 ^

2025-05-29 21:46:21,427 - ERROR - Attempt 2/3 failed for term 'dermatologic': current transaction is aborted, commands ignored until end of transaction block

2025-05-29 21:46:21,431 - ERROR - Attempt 3/3 failed for term 'dermatologic': current transaction is aborted, commands ignored until end of transaction block

2025-05-29 21:46:21,432 - ERROR - Max retries reached for term 'dermatologic'
2025-05-29 21:46:21,456 - ERROR - Attempt 1/3 failed for term 'no rashes': relation "mrconso" does not exist
LINE 3:                     FROM MRCONSO c
                                 ^

2025-05-29 21:46:21,459 - ERROR - Attempt 2/3 failed for term 'no rashes': current transaction is aborted, commands ignored until end of transaction block

2025-05-29 21:46:21,461 - ERROR - Attempt 3/3 failed for term 'no rashes': current transaction is aborted, commands ignored until end of transaction block

2025-05-29 21:46:21,462 - ERROR - Max retries reached for term 'no rashes'
2025-05-29 21:46:21,493 - ERROR - Attempt 1/3 failed for term 'endocrine': relation "mrconso" does not exist
LINE 3:                     FROM MRCONSO c
                                 ^

2025-05-29 21:46:21,495 - ERROR - Attempt 2/3 failed for term 'endocrine': current transaction is aborted, commands ignored until end of transaction block

2025-05-29 21:46:21,497 - ERROR - Attempt 3/3 failed for term 'endocrine': current transaction is aborted, commands ignored until end of transaction block

2025-05-29 21:46:21,498 - ERROR - Max retries reached for term 'endocrine'
2025-05-29 21:46:21,499 - WARNING - Skipping non-clinical or blocked term: 'psychiatric'
2025-05-29 21:46:21,527 - ERROR - Attempt 1/3 failed for term 'nausea': relation "mrconso" does not exist
LINE 3:                     FROM MRCONSO c
                                 ^

2025-05-29 21:46:21,528 - ERROR - Attempt 2/3 failed for term 'nausea': current transaction is aborted, commands ignored until end of transaction block

2025-05-29 21:46:21,529 - ERROR - Attempt 3/3 failed for term 'nausea': current transaction is aborted, commands ignored until end of transaction block

2025-05-29 21:46:21,529 - ERROR - Max retries reached for term 'nausea'
2025-05-29 21:46:21,533 - WARNING - Skipping non-clinical or blocked term: 'symptoms'
2025-05-29 21:46:21,535 - WARNING - Skipping non-clinical or blocked term: 'hematologic'
2025-05-29 21:46:21,574 - ERROR - Attempt 1/3 failed for term 'bleeding': relation "mrconso" does not exist
LINE 3:                     FROM MRCONSO c
                                 ^

2025-05-29 21:46:21,577 - ERROR - Attempt 2/3 failed for term 'bleeding': current transaction is aborted, commands ignored until end of transaction block

2025-05-29 21:46:21,579 - ERROR - Attempt 3/3 failed for term 'bleeding': current transaction is aborted, commands ignored until end of transaction block

2025-05-29 21:46:21,579 - ERROR - Max retries reached for term 'bleeding'
2025-05-29 21:46:21,609 - ERROR - Attempt 1/3 failed for term 'primary assessment': relation "mrconso" does not exist
LINE 3:                     FROM MRCONSO c
                                 ^

2025-05-29 21:46:21,611 - ERROR - Attempt 2/3 failed for term 'primary assessment': current transaction is aborted, commands ignored until end of transaction block

2025-05-29 21:46:21,613 - ERROR - Attempt 3/3 failed for term 'primary assessment': current transaction is aborted, commands ignored until end of transaction block

2025-05-29 21:46:21,614 - ERROR - Max retries reached for term 'primary assessment'
2025-05-29 21:46:21,616 - WARNING - Skipping non-clinical or blocked term: 'vision'
2025-05-29 21:46:21,647 - ERROR - Attempt 1/3 failed for term 'consistent with': relation "mrconso" does not exist
LINE 3:                     FROM MRCONSO c
                                 ^

2025-05-29 21:46:21,651 - ERROR - Attempt 2/3 failed for term 'consistent with': current transaction is aborted, commands ignored until end of transaction block

2025-05-29 21:46:21,652 - ERROR - Attempt 3/3 failed for term 'consistent with': current transaction is aborted, commands ignored until end of transaction block

2025-05-29 21:46:21,653 - ERROR - Max retries reached for term 'consistent with'
2025-05-29 21:46:21,685 - ERROR - Attempt 1/3 failed for term 'genitourinary': relation "mrconso" does not exist
LINE 3:                     FROM MRCONSO c
                                 ^

2025-05-29 21:46:21,688 - ERROR - Attempt 2/3 failed for term 'genitourinary': current transaction is aborted, commands ignored until end of transaction block

2025-05-29 21:46:21,692 - ERROR - Attempt 3/3 failed for term 'genitourinary': current transaction is aborted, commands ignored until end of transaction block

2025-05-29 21:46:21,695 - ERROR - Max retries reached for term 'genitourinary'
2025-05-29 21:46:21,699 - WARNING - Skipping non-clinical or blocked term: 'gastrointestinal'
2025-05-29 21:46:21,722 - ERROR - Attempt 1/3 failed for term 'diarrhea': relation "mrconso" does not exist
LINE 3:                     FROM MRCONSO c
                                 ^

2025-05-29 21:46:21,723 - ERROR - Attempt 2/3 failed for term 'diarrhea': current transaction is aborted, commands ignored until end of transaction block

2025-05-29 21:46:21,723 - ERROR - Attempt 3/3 failed for term 'diarrhea': current transaction is aborted, commands ignored until end of transaction block

2025-05-29 21:46:21,724 - ERROR - Max retries reached for term 'diarrhea'
2025-05-29 21:46:21,752 - ERROR - Attempt 1/3 failed for term 'mood changes': relation "mrconso" does not exist
LINE 3:                     FROM MRCONSO c
                                 ^

2025-05-29 21:46:21,754 - ERROR - Attempt 2/3 failed for term 'mood changes': current transaction is aborted, commands ignored until end of transaction block

2025-05-29 21:46:21,755 - ERROR - Attempt 3/3 failed for term 'mood changes': current transaction is aborted, commands ignored until end of transaction block

2025-05-29 21:46:21,755 - ERROR - Max retries reached for term 'mood changes'
2025-05-29 21:46:21,778 - ERROR - Attempt 1/3 failed for term 'lesions': relation "mrconso" does not exist
LINE 3:                     FROM MRCONSO c
                                 ^

2025-05-29 21:46:21,779 - ERROR - Attempt 2/3 failed for term 'lesions': current transaction is aborted, commands ignored until end of transaction block

2025-05-29 21:46:21,780 - ERROR - Attempt 3/3 failed for term 'lesions': current transaction is aborted, commands ignored until end of transaction block

2025-05-29 21:46:21,780 - ERROR - Max retries reached for term 'lesions'
2025-05-29 21:46:21,800 - ERROR - Attempt 1/3 failed for term 'stiffness': relation "mrconso" does not exist
LINE 3:                     FROM MRCONSO c
                                 ^

2025-05-29 21:46:21,801 - ERROR - Attempt 2/3 failed for term 'stiffness': current transaction is aborted, commands ignored until end of transaction block

2025-05-29 21:46:21,803 - ERROR - Attempt 3/3 failed for term 'stiffness': current transaction is aborted, commands ignored until end of transaction block

2025-05-29 21:46:21,804 - ERROR - Max retries reached for term 'stiffness'
2025-05-29 21:46:21,824 - ERROR - Attempt 1/3 failed for term 'urinary changes': relation "mrconso" does not exist
LINE 3:                     FROM MRCONSO c
                                 ^

2025-05-29 21:46:21,826 - ERROR - Attempt 2/3 failed for term 'urinary changes': current transaction is aborted, commands ignored until end of transaction block

2025-05-29 21:46:21,827 - ERROR - Attempt 3/3 failed for term 'urinary changes': current transaction is aborted, commands ignored until end of transaction block

2025-05-29 21:46:21,827 - ERROR - Max retries reached for term 'urinary changes'
2025-05-29 21:46:21,857 - WARNING - Failed to fetch semantic type for CUI NO_CUI_no dizziness. musculoskeletal: no joint pain or stiffness. gastrointestinal: no nausea or diarrhea. genitourinary: no urinary changes. endocrine: no weight changes or thirst. hematologic: no easy bruising or bleeding. dermatologic: no rashes or lesions. psychiatric: no mood changes. ophthalmologic: no vision changes. primary assessment: symptoms consistent with acute bacterial sinusitis: relation "mrsty" does not exist
LINE 3:                             FROM MRSTY sty
                                         ^

2025-05-29 21:48:09,093 - ERROR - Failed to initialize NLP pipeline: [E893] Could not find function 'replace_tokenizer' in function registry 'callbacks'. If you're using a custom function, make sure the code is available. If the function is provided by a third-party package, e.g. spacy-transformers, make sure the package is installed in your environment.

Available names: spacy.copy_from_base_model.v1, spacy.models_and_pipes_with_nvtx_range.v1, spacy.models_with_nvtx_range.v1
2025-05-29 21:48:10,660 - WARNING - Using fallback spacy pipeline without parser, ner, or linker
2025-05-29 21:48:10,661 - ERROR - Failed to add symptom rules: "[E001] No component 'medspacy_target_matcher' found in pipeline. Available names: ['sentencizer', 'tok2vec', 'tagger', 'attribute_ruler', 'lemmatizer', 'parser', 'ner']"
2025-05-29 21:48:10,692 - ERROR - Error extracting features for note ID 2: 'KnowledgeBaseUpdater' object has no attribute 'is_new_symptom'
2025-05-29 21:48:10,725 - ERROR - Failed to create MongoDB indexes: An existing index has the same name as the requested index. When index names are not specified, they are auto generated and can cause conflicts. Please refer to our documentation. Requested index: { v: 2, unique: true, key: { term: 1 }, name: "term_1" }, existing index: { v: 2, key: { term: 1 }, name: "term_1" }, full error: {'ok': 0.0, 'errmsg': 'An existing index has the same name as the requested index. When index names are not specified, they are auto generated and can cause conflicts. Please refer to our documentation. Requested index: { v: 2, unique: true, key: { term: 1 }, name: "term_1" }, existing index: { v: 2, key: { term: 1 }, name: "term_1" }', 'code': 86, 'codeName': 'IndexKeySpecsConflict'}
2025-05-29 21:48:10,762 - ERROR - Failed to create MongoDB indexes: An existing index has the same name as the requested index. When index names are not specified, they are auto generated and can cause conflicts. Please refer to our documentation. Requested index: { v: 2, unique: true, key: { term: 1 }, name: "term_1" }, existing index: { v: 2, key: { term: 1 }, name: "term_1" }, full error: {'ok': 0.0, 'errmsg': 'An existing index has the same name as the requested index. When index names are not specified, they are auto generated and can cause conflicts. Please refer to our documentation. Requested index: { v: 2, unique: true, key: { term: 1 }, name: "term_1" }, existing index: { v: 2, key: { term: 1 }, name: "term_1" }', 'code': 86, 'codeName': 'IndexKeySpecsConflict'}
2025-05-29 21:48:11,909 - ERROR - Attempt 1/3 failed for term 'facial pain': relation "mrconso" does not exist
LINE 3:                     FROM MRCONSO c
                                 ^

2025-05-29 21:48:11,910 - ERROR - Attempt 2/3 failed for term 'facial pain': current transaction is aborted, commands ignored until end of transaction block

2025-05-29 21:48:11,910 - ERROR - Attempt 3/3 failed for term 'facial pain': current transaction is aborted, commands ignored until end of transaction block

2025-05-29 21:48:11,910 - ERROR - Max retries reached for term 'facial pain'
2025-05-29 21:48:11,922 - WARNING - Failed to fetch semantic type for CUI NO_CUI_facial pain: relation "mrsty" does not exist
LINE 3:                             FROM MRSTY sty
                                         ^

2025-05-29 21:48:12,019 - ERROR - Attempt 1/3 failed for term 'nasal congestion': relation "mrconso" does not exist
LINE 3:                     FROM MRCONSO c
                                 ^

2025-05-29 21:48:12,020 - ERROR - Attempt 2/3 failed for term 'nasal congestion': current transaction is aborted, commands ignored until end of transaction block

2025-05-29 21:48:12,020 - ERROR - Attempt 3/3 failed for term 'nasal congestion': current transaction is aborted, commands ignored until end of transaction block

2025-05-29 21:48:12,021 - ERROR - Max retries reached for term 'nasal congestion'
2025-05-29 21:48:12,033 - WARNING - Failed to fetch semantic type for CUI NO_CUI_nasal congestion: relation "mrsty" does not exist
LINE 3:                             FROM MRSTY sty
                                         ^

2025-05-29 21:48:12,133 - ERROR - Attempt 1/3 failed for term 'purulent': relation "mrconso" does not exist
LINE 3:                     FROM MRCONSO c
                                 ^

2025-05-29 21:48:12,133 - ERROR - Attempt 2/3 failed for term 'purulent': current transaction is aborted, commands ignored until end of transaction block

2025-05-29 21:48:12,134 - ERROR - Attempt 3/3 failed for term 'purulent': current transaction is aborted, commands ignored until end of transaction block

2025-05-29 21:48:12,134 - ERROR - Max retries reached for term 'purulent'
2025-05-29 21:48:12,145 - ERROR - Attempt 1/3 failed for term 'nasal discharge': relation "mrconso" does not exist
LINE 3:                     FROM MRCONSO c
                                 ^

2025-05-29 21:48:12,147 - ERROR - Attempt 2/3 failed for term 'nasal discharge': current transaction is aborted, commands ignored until end of transaction block

2025-05-29 21:48:12,147 - ERROR - Attempt 3/3 failed for term 'nasal discharge': current transaction is aborted, commands ignored until end of transaction block

2025-05-29 21:48:12,148 - ERROR - Max retries reached for term 'nasal discharge'
2025-05-29 21:48:12,161 - WARNING - Failed to fetch semantic type for CUI NO_CUI_purulent nasal discharge: relation "mrsty" does not exist
LINE 3:                             FROM MRSTY sty
                                         ^

2025-05-29 21:48:12,265 - ERROR - Attempt 1/3 failed for term 'fever': relation "mrconso" does not exist
LINE 3:                     FROM MRCONSO c
                                 ^

2025-05-29 21:48:12,266 - ERROR - Attempt 2/3 failed for term 'fever': current transaction is aborted, commands ignored until end of transaction block

2025-05-29 21:48:12,266 - ERROR - Attempt 3/3 failed for term 'fever': current transaction is aborted, commands ignored until end of transaction block

2025-05-29 21:48:12,267 - ERROR - Max retries reached for term 'fever'
2025-05-29 21:48:12,278 - WARNING - Failed to fetch semantic type for CUI NO_CUI_fever: relation "mrsty" does not exist
LINE 3:                             FROM MRSTY sty
                                         ^

2025-05-29 21:48:12,379 - WARNING - Skipping non-clinical or blocked term: 'days'
2025-05-29 21:48:12,389 - ERROR - Attempt 1/3 failed for term 'facial pain': relation "mrconso" does not exist
LINE 3:                     FROM MRCONSO c
                                 ^

2025-05-29 21:48:12,390 - ERROR - Attempt 2/3 failed for term 'facial pain': current transaction is aborted, commands ignored until end of transaction block

2025-05-29 21:48:12,391 - ERROR - Attempt 3/3 failed for term 'facial pain': current transaction is aborted, commands ignored until end of transaction block

2025-05-29 21:48:12,391 - ERROR - Max retries reached for term 'facial pain'
2025-05-29 21:48:12,405 - ERROR - Attempt 1/3 failed for term 'nasal discharge': relation "mrconso" does not exist
LINE 3:                     FROM MRCONSO c
                                 ^

2025-05-29 21:48:12,406 - ERROR - Attempt 2/3 failed for term 'nasal discharge': current transaction is aborted, commands ignored until end of transaction block

2025-05-29 21:48:12,407 - ERROR - Attempt 3/3 failed for term 'nasal discharge': current transaction is aborted, commands ignored until end of transaction block

2025-05-29 21:48:12,407 - ERROR - Max retries reached for term 'nasal discharge'
2025-05-29 21:48:12,419 - ERROR - Attempt 1/3 failed for term 'fever': relation "mrconso" does not exist
LINE 3:                     FROM MRCONSO c
                                 ^

2025-05-29 21:48:12,420 - ERROR - Attempt 2/3 failed for term 'fever': current transaction is aborted, commands ignored until end of transaction block

2025-05-29 21:48:12,421 - ERROR - Attempt 3/3 failed for term 'fever': current transaction is aborted, commands ignored until end of transaction block

2025-05-29 21:48:12,421 - ERROR - Max retries reached for term 'fever'
2025-05-29 21:48:12,435 - ERROR - Attempt 1/3 failed for term 'patient': relation "mrconso" does not exist
LINE 3:                     FROM MRCONSO c
                                 ^

2025-05-29 21:48:12,436 - ERROR - Attempt 2/3 failed for term 'patient': current transaction is aborted, commands ignored until end of transaction block

2025-05-29 21:48:12,436 - ERROR - Attempt 3/3 failed for term 'patient': current transaction is aborted, commands ignored until end of transaction block

2025-05-29 21:48:12,437 - ERROR - Max retries reached for term 'patient'
2025-05-29 21:48:12,450 - ERROR - Attempt 1/3 failed for term 'nasal congestion': relation "mrconso" does not exist
LINE 3:                     FROM MRCONSO c
                                 ^

2025-05-29 21:48:12,452 - ERROR - Attempt 2/3 failed for term 'nasal congestion': current transaction is aborted, commands ignored until end of transaction block

2025-05-29 21:48:12,452 - ERROR - Attempt 3/3 failed for term 'nasal congestion': current transaction is aborted, commands ignored until end of transaction block

2025-05-29 21:48:12,453 - ERROR - Max retries reached for term 'nasal congestion'
2025-05-29 21:48:12,470 - ERROR - Attempt 1/3 failed for term 'purulent': relation "mrconso" does not exist
LINE 3:                     FROM MRCONSO c
                                 ^

2025-05-29 21:48:12,471 - ERROR - Attempt 2/3 failed for term 'purulent': current transaction is aborted, commands ignored until end of transaction block

2025-05-29 21:48:12,472 - ERROR - Attempt 3/3 failed for term 'purulent': current transaction is aborted, commands ignored until end of transaction block

2025-05-29 21:48:12,472 - ERROR - Max retries reached for term 'purulent'
2025-05-29 21:48:12,485 - ERROR - Attempt 1/3 failed for term 'reports': relation "mrconso" does not exist
LINE 3:                     FROM MRCONSO c
                                 ^

2025-05-29 21:48:12,488 - ERROR - Attempt 2/3 failed for term 'reports': current transaction is aborted, commands ignored until end of transaction block

2025-05-29 21:48:12,489 - ERROR - Attempt 3/3 failed for term 'reports': current transaction is aborted, commands ignored until end of transaction block

2025-05-29 21:48:12,489 - ERROR - Max retries reached for term 'reports'
2025-05-29 21:48:12,505 - WARNING - Failed to fetch semantic type for CUI NO_CUI_patient presents with facial pain, nasal congestion, and fever for 10 days. reports purulent nasal discharge.: relation "mrsty" does not exist
LINE 3:                             FROM MRSTY sty
                                         ^

2025-05-29 21:48:12,587 - ERROR - Attempt 1/3 failed for term 'headache': relation "mrconso" does not exist
LINE 3:                     FROM MRCONSO c
                                 ^

2025-05-29 21:48:12,588 - ERROR - Attempt 2/3 failed for term 'headache': current transaction is aborted, commands ignored until end of transaction block

2025-05-29 21:48:12,588 - ERROR - Attempt 3/3 failed for term 'headache': current transaction is aborted, commands ignored until end of transaction block

2025-05-29 21:48:12,588 - ERROR - Max retries reached for term 'headache'
2025-05-29 21:48:12,602 - WARNING - Failed to fetch semantic type for CUI NO_CUI_headache: relation "mrsty" does not exist
LINE 3:                             FROM MRSTY sty
                                         ^

2025-05-29 21:48:12,698 - ERROR - Attempt 1/3 failed for term 'headache': relation "mrconso" does not exist
LINE 3:                     FROM MRCONSO c
                                 ^

2025-05-29 21:48:12,699 - ERROR - Attempt 2/3 failed for term 'headache': current transaction is aborted, commands ignored until end of transaction block

2025-05-29 21:48:12,700 - ERROR - Attempt 3/3 failed for term 'headache': current transaction is aborted, commands ignored until end of transaction block

2025-05-29 21:48:12,700 - ERROR - Max retries reached for term 'headache'
2025-05-29 21:48:12,714 - ERROR - Attempt 1/3 failed for term 'patient complains': relation "mrconso" does not exist
LINE 3:                     FROM MRCONSO c
                                 ^

2025-05-29 21:48:12,714 - ERROR - Attempt 2/3 failed for term 'patient complains': current transaction is aborted, commands ignored until end of transaction block

2025-05-29 21:48:12,715 - ERROR - Attempt 3/3 failed for term 'patient complains': current transaction is aborted, commands ignored until end of transaction block

2025-05-29 21:48:12,716 - ERROR - Max retries reached for term 'patient complains'
2025-05-29 21:48:12,737 - WARNING - Failed to fetch semantic type for CUI NO_CUI_patient complains of headache: relation "mrsty" does not exist
LINE 3:                             FROM MRSTY sty
                                         ^

2025-05-29 21:48:12,813 - ERROR - Attempt 1/3 failed for term 'back pain': relation "mrconso" does not exist
LINE 3:                     FROM MRCONSO c
                                 ^

2025-05-29 21:48:12,814 - ERROR - Attempt 2/3 failed for term 'back pain': current transaction is aborted, commands ignored until end of transaction block

2025-05-29 21:48:12,814 - ERROR - Attempt 3/3 failed for term 'back pain': current transaction is aborted, commands ignored until end of transaction block

2025-05-29 21:48:12,814 - ERROR - Max retries reached for term 'back pain'
2025-05-29 21:48:12,827 - WARNING - Failed to fetch semantic type for CUI NO_CUI_back pain: relation "mrsty" does not exist
LINE 3:                             FROM MRSTY sty
                                         ^

2025-05-29 21:48:12,931 - ERROR - Attempt 1/3 failed for term 'movement': relation "mrconso" does not exist
LINE 3:                     FROM MRCONSO c
                                 ^

2025-05-29 21:48:12,932 - ERROR - Attempt 2/3 failed for term 'movement': current transaction is aborted, commands ignored until end of transaction block

2025-05-29 21:48:12,933 - ERROR - Attempt 3/3 failed for term 'movement': current transaction is aborted, commands ignored until end of transaction block

2025-05-29 21:48:12,934 - ERROR - Max retries reached for term 'movement'
2025-05-29 21:48:12,949 - ERROR - Attempt 1/3 failed for term 'pain': relation "mrconso" does not exist
LINE 3:                     FROM MRCONSO c
                                 ^

2025-05-29 21:48:12,950 - ERROR - Attempt 2/3 failed for term 'pain': current transaction is aborted, commands ignored until end of transaction block

2025-05-29 21:48:12,950 - ERROR - Attempt 3/3 failed for term 'pain': current transaction is aborted, commands ignored until end of transaction block

2025-05-29 21:48:12,951 - ERROR - Max retries reached for term 'pain'
2025-05-29 21:48:12,972 - WARNING - Failed to fetch semantic type for CUI NO_CUI_pain on movement: relation "mrsty" does not exist
LINE 3:                             FROM MRSTY sty
                                         ^

2025-05-29 21:48:13,066 - ERROR - Attempt 1/3 failed for term 'obesity': relation "mrconso" does not exist
LINE 3:                     FROM MRCONSO c
                                 ^

2025-05-29 21:48:13,067 - ERROR - Attempt 2/3 failed for term 'obesity': current transaction is aborted, commands ignored until end of transaction block

2025-05-29 21:48:13,067 - ERROR - Attempt 3/3 failed for term 'obesity': current transaction is aborted, commands ignored until end of transaction block

2025-05-29 21:48:13,067 - ERROR - Max retries reached for term 'obesity'
2025-05-29 21:48:13,083 - WARNING - Failed to fetch semantic type for CUI NO_CUI_obesity: relation "mrsty" does not exist
LINE 3:                             FROM MRSTY sty
                                         ^

2025-05-29 21:48:13,187 - ERROR - Attempt 1/3 failed for term 'back pain': relation "mrconso" does not exist
LINE 3:                     FROM MRCONSO c
                                 ^

2025-05-29 21:48:13,188 - ERROR - Attempt 2/3 failed for term 'back pain': current transaction is aborted, commands ignored until end of transaction block

2025-05-29 21:48:13,188 - ERROR - Attempt 3/3 failed for term 'back pain': current transaction is aborted, commands ignored until end of transaction block

2025-05-29 21:48:13,189 - ERROR - Max retries reached for term 'back pain'
2025-05-29 21:48:13,203 - ERROR - Attempt 1/3 failed for term 'weeks': relation "mrconso" does not exist
LINE 3:                     FROM MRCONSO c
                                 ^

2025-05-29 21:48:13,204 - ERROR - Attempt 2/3 failed for term 'weeks': current transaction is aborted, commands ignored until end of transaction block

2025-05-29 21:48:13,205 - ERROR - Attempt 3/3 failed for term 'weeks': current transaction is aborted, commands ignored until end of transaction block

2025-05-29 21:48:13,205 - ERROR - Max retries reached for term 'weeks'
2025-05-29 21:48:13,221 - WARNING - Failed to fetch semantic type for CUI NO_CUI_back pain for two weeks: relation "mrsty" does not exist
LINE 3:                             FROM MRSTY sty
                                         ^

2025-05-29 21:48:13,325 - WARNING - Skipping non-clinical or blocked term: 'days'
2025-05-29 21:48:13,336 - ERROR - Attempt 1/3 failed for term 'patient complains': relation "mrconso" does not exist
LINE 3:                     FROM MRCONSO c
                                 ^

2025-05-29 21:48:13,337 - ERROR - Attempt 2/3 failed for term 'patient complains': current transaction is aborted, commands ignored until end of transaction block

2025-05-29 21:48:13,338 - ERROR - Attempt 3/3 failed for term 'patient complains': current transaction is aborted, commands ignored until end of transaction block

2025-05-29 21:48:13,338 - ERROR - Max retries reached for term 'patient complains'
2025-05-29 21:48:13,339 - WARNING - Skipping non-clinical or blocked term: 'chills'
2025-05-29 21:48:13,355 - ERROR - Attempt 1/3 failed for term 'fevers': relation "mrconso" does not exist
LINE 3:                     FROM MRCONSO c
                                 ^

2025-05-29 21:48:13,356 - ERROR - Attempt 2/3 failed for term 'fevers': current transaction is aborted, commands ignored until end of transaction block

2025-05-29 21:48:13,358 - ERROR - Attempt 3/3 failed for term 'fevers': current transaction is aborted, commands ignored until end of transaction block

2025-05-29 21:48:13,359 - ERROR - Max retries reached for term 'fevers'
2025-05-29 21:48:13,374 - ERROR - Attempt 1/3 failed for term 'headache': relation "mrconso" does not exist
LINE 3:                     FROM MRCONSO c
                                 ^

2025-05-29 21:48:13,375 - ERROR - Attempt 2/3 failed for term 'headache': current transaction is aborted, commands ignored until end of transaction block

2025-05-29 21:48:13,376 - ERROR - Attempt 3/3 failed for term 'headache': current transaction is aborted, commands ignored until end of transaction block

2025-05-29 21:48:13,376 - ERROR - Max retries reached for term 'headache'
2025-05-29 21:48:13,392 - ERROR - Attempt 1/3 failed for term 'associated with': relation "mrconso" does not exist
LINE 3:                     FROM MRCONSO c
                                 ^

2025-05-29 21:48:13,393 - ERROR - Attempt 2/3 failed for term 'associated with': current transaction is aborted, commands ignored until end of transaction block

2025-05-29 21:48:13,394 - ERROR - Attempt 3/3 failed for term 'associated with': current transaction is aborted, commands ignored until end of transaction block

2025-05-29 21:48:13,394 - ERROR - Max retries reached for term 'associated with'
2025-05-29 21:48:13,413 - WARNING - Failed to fetch semantic type for CUI NO_CUI_patient complains of headache the headache started three days ago. the headache is associated with fevers and chills: relation "mrsty" does not exist
LINE 3:                             FROM MRSTY sty
                                         ^

2025-05-29 21:48:13,579 - WARNING - Skipping non-clinical or blocked term: 'worse'
2025-05-29 21:48:13,579 - WARNING - Skipping non-clinical or blocked term: 'eyes'
2025-05-29 21:48:13,593 - ERROR - Attempt 1/3 failed for term 'licking': relation "mrconso" does not exist
LINE 3:                     FROM MRCONSO c
                                 ^

2025-05-29 21:48:13,594 - ERROR - Attempt 2/3 failed for term 'licking': current transaction is aborted, commands ignored until end of transaction block

2025-05-29 21:48:13,595 - ERROR - Attempt 3/3 failed for term 'licking': current transaction is aborted, commands ignored until end of transaction block

2025-05-29 21:48:13,596 - ERROR - Max retries reached for term 'licking'
2025-05-29 21:48:13,612 - ERROR - Attempt 1/3 failed for term 'patient': relation "mrconso" does not exist
LINE 3:                     FROM MRCONSO c
                                 ^

2025-05-29 21:48:13,613 - ERROR - Attempt 2/3 failed for term 'patient': current transaction is aborted, commands ignored until end of transaction block

2025-05-29 21:48:13,614 - ERROR - Attempt 3/3 failed for term 'patient': current transaction is aborted, commands ignored until end of transaction block

2025-05-29 21:48:13,615 - ERROR - Max retries reached for term 'patient'
2025-05-29 21:48:13,615 - WARNING - Skipping non-clinical or blocked term: 'foods'
2025-05-29 21:48:13,629 - ERROR - Attempt 1/3 failed for term 'strong': relation "mrconso" does not exist
LINE 3:                     FROM MRCONSO c
                                 ^

2025-05-29 21:48:13,630 - ERROR - Attempt 2/3 failed for term 'strong': current transaction is aborted, commands ignored until end of transaction block

2025-05-29 21:48:13,631 - ERROR - Attempt 3/3 failed for term 'strong': current transaction is aborted, commands ignored until end of transaction block

2025-05-29 21:48:13,631 - ERROR - Max retries reached for term 'strong'
2025-05-29 21:48:13,644 - ERROR - Attempt 1/3 failed for term 'fats': relation "mrconso" does not exist
LINE 3:                     FROM MRCONSO c
                                 ^

2025-05-29 21:48:13,645 - ERROR - Attempt 2/3 failed for term 'fats': current transaction is aborted, commands ignored until end of transaction block

2025-05-29 21:48:13,645 - ERROR - Attempt 3/3 failed for term 'fats': current transaction is aborted, commands ignored until end of transaction block

2025-05-29 21:48:13,646 - ERROR - Max retries reached for term 'fats'
2025-05-29 21:48:13,660 - ERROR - Attempt 1/3 failed for term 'tea': relation "mrconso" does not exist
LINE 3:                     FROM MRCONSO c
                                 ^

2025-05-29 21:48:13,661 - ERROR - Attempt 2/3 failed for term 'tea': current transaction is aborted, commands ignored until end of transaction block

2025-05-29 21:48:13,662 - ERROR - Attempt 3/3 failed for term 'tea': current transaction is aborted, commands ignored until end of transaction block

2025-05-29 21:48:13,662 - ERROR - Max retries reached for term 'tea'
2025-05-29 21:48:13,677 - ERROR - Attempt 1/3 failed for term 'vomiting': relation "mrconso" does not exist
LINE 3:                     FROM MRCONSO c
                                 ^

2025-05-29 21:48:13,678 - ERROR - Attempt 2/3 failed for term 'vomiting': current transaction is aborted, commands ignored until end of transaction block

2025-05-29 21:48:13,678 - ERROR - Attempt 3/3 failed for term 'vomiting': current transaction is aborted, commands ignored until end of transaction block

2025-05-29 21:48:13,679 - ERROR - Max retries reached for term 'vomiting'
2025-05-29 21:48:13,693 - ERROR - Attempt 1/3 failed for term 'nausea': relation "mrconso" does not exist
LINE 3:                     FROM MRCONSO c
                                 ^

2025-05-29 21:48:13,694 - ERROR - Attempt 2/3 failed for term 'nausea': current transaction is aborted, commands ignored until end of transaction block

2025-05-29 21:48:13,694 - ERROR - Attempt 3/3 failed for term 'nausea': current transaction is aborted, commands ignored until end of transaction block

2025-05-29 21:48:13,695 - ERROR - Max retries reached for term 'nausea'
2025-05-29 21:48:13,710 - ERROR - Attempt 1/3 failed for term 'jaundice': relation "mrconso" does not exist
LINE 3:                     FROM MRCONSO c
                                 ^

2025-05-29 21:48:13,710 - ERROR - Attempt 2/3 failed for term 'jaundice': current transaction is aborted, commands ignored until end of transaction block

2025-05-29 21:48:13,711 - ERROR - Attempt 3/3 failed for term 'jaundice': current transaction is aborted, commands ignored until end of transaction block

2025-05-29 21:48:13,711 - ERROR - Max retries reached for term 'jaundice'
2025-05-29 21:48:13,725 - ERROR - Attempt 1/3 failed for term 'loss of appetite': relation "mrconso" does not exist
LINE 3:                     FROM MRCONSO c
                                 ^

2025-05-29 21:48:13,726 - ERROR - Attempt 2/3 failed for term 'loss of appetite': current transaction is aborted, commands ignored until end of transaction block

2025-05-29 21:48:13,726 - ERROR - Attempt 3/3 failed for term 'loss of appetite': current transaction is aborted, commands ignored until end of transaction block

2025-05-29 21:48:13,727 - ERROR - Max retries reached for term 'loss of appetite'
2025-05-29 21:48:13,742 - WARNING - Failed to fetch semantic type for CUI NO_CUI_nausea and vomiting and loss of appetite the patient has jaundice in the eyes taking foods with fats makes the nausea worse taking strong tea and licking salt alleviates the nausea: relation "mrsty" does not exist
LINE 3:                             FROM MRSTY sty
                                         ^

2025-05-29 21:48:13,839 - ERROR - Attempt 1/3 failed for term 'facial pain': relation "mrconso" does not exist
LINE 3:                     FROM MRCONSO c
                                 ^

2025-05-29 21:48:13,839 - ERROR - Attempt 2/3 failed for term 'facial pain': current transaction is aborted, commands ignored until end of transaction block

2025-05-29 21:48:13,840 - ERROR - Attempt 3/3 failed for term 'facial pain': current transaction is aborted, commands ignored until end of transaction block

2025-05-29 21:48:13,840 - ERROR - Max retries reached for term 'facial pain'
2025-05-29 21:48:13,854 - ERROR - Attempt 1/3 failed for term 'patient': relation "mrconso" does not exist
LINE 3:                     FROM MRCONSO c
                                 ^

2025-05-29 21:48:13,855 - ERROR - Attempt 2/3 failed for term 'patient': current transaction is aborted, commands ignored until end of transaction block

2025-05-29 21:48:13,855 - ERROR - Attempt 3/3 failed for term 'patient': current transaction is aborted, commands ignored until end of transaction block

2025-05-29 21:48:13,856 - ERROR - Max retries reached for term 'patient'
2025-05-29 21:48:13,868 - WARNING - Failed to fetch semantic type for CUI NO_CUI_patient presents with facial pain: relation "mrsty" does not exist
LINE 3:                             FROM MRSTY sty
                                         ^

2025-05-29 21:48:13,981 - ERROR - Attempt 1/3 failed for term 'back pain': relation "mrconso" does not exist
LINE 3:                     FROM MRCONSO c
                                 ^

2025-05-29 21:48:13,981 - ERROR - Attempt 2/3 failed for term 'back pain': current transaction is aborted, commands ignored until end of transaction block

2025-05-29 21:48:13,982 - ERROR - Attempt 3/3 failed for term 'back pain': current transaction is aborted, commands ignored until end of transaction block

2025-05-29 21:48:13,982 - ERROR - Max retries reached for term 'back pain'
2025-05-29 21:48:13,995 - ERROR - Attempt 1/3 failed for term 'weeks': relation "mrconso" does not exist
LINE 3:                     FROM MRCONSO c
                                 ^

2025-05-29 21:48:13,996 - ERROR - Attempt 2/3 failed for term 'weeks': current transaction is aborted, commands ignored until end of transaction block

2025-05-29 21:48:13,997 - ERROR - Attempt 3/3 failed for term 'weeks': current transaction is aborted, commands ignored until end of transaction block

2025-05-29 21:48:13,998 - ERROR - Max retries reached for term 'weeks'
2025-05-29 21:48:14,022 - ERROR - Attempt 1/3 failed for term 'assessment': relation "mrconso" does not exist
LINE 3:                     FROM MRCONSO c
                                 ^

2025-05-29 21:48:14,023 - ERROR - Attempt 2/3 failed for term 'assessment': current transaction is aborted, commands ignored until end of transaction block

2025-05-29 21:48:14,025 - ERROR - Attempt 3/3 failed for term 'assessment': current transaction is aborted, commands ignored until end of transaction block

2025-05-29 21:48:14,025 - ERROR - Max retries reached for term 'assessment'
2025-05-29 21:48:14,042 - ERROR - Attempt 1/3 failed for term 'patient reports': relation "mrconso" does not exist
LINE 3:                     FROM MRCONSO c
                                 ^

2025-05-29 21:48:14,043 - ERROR - Attempt 2/3 failed for term 'patient reports': current transaction is aborted, commands ignored until end of transaction block

2025-05-29 21:48:14,044 - ERROR - Attempt 3/3 failed for term 'patient reports': current transaction is aborted, commands ignored until end of transaction block

2025-05-29 21:48:14,044 - ERROR - Max retries reached for term 'patient reports'
2025-05-29 21:48:14,062 - WARNING - Failed to fetch semantic type for CUI NO_CUI_back pain for two weeks the patient reports backpain for three weeks on assessment: relation "mrsty" does not exist
LINE 3:                             FROM MRSTY sty
                                         ^

2025-05-29 21:48:14,195 - ERROR - Attempt 1/3 failed for term 'standing': relation "mrconso" does not exist
LINE 3:                     FROM MRCONSO c
                                 ^

2025-05-29 21:48:14,196 - ERROR - Attempt 2/3 failed for term 'standing': current transaction is aborted, commands ignored until end of transaction block

2025-05-29 21:48:14,197 - ERROR - Attempt 3/3 failed for term 'standing': current transaction is aborted, commands ignored until end of transaction block

2025-05-29 21:48:14,197 - ERROR - Max retries reached for term 'standing'
2025-05-29 21:48:14,207 - ERROR - Attempt 1/3 failed for term 'stretching': relation "mrconso" does not exist
LINE 3:                     FROM MRCONSO c
                                 ^

2025-05-29 21:48:14,209 - ERROR - Attempt 2/3 failed for term 'stretching': current transaction is aborted, commands ignored until end of transaction block

2025-05-29 21:48:14,210 - ERROR - Attempt 3/3 failed for term 'stretching': current transaction is aborted, commands ignored until end of transaction block

2025-05-29 21:48:14,210 - ERROR - Max retries reached for term 'stretching'
2025-05-29 21:48:14,225 - ERROR - Attempt 1/3 failed for term 'patient': relation "mrconso" does not exist
LINE 3:                     FROM MRCONSO c
                                 ^

2025-05-29 21:48:14,225 - ERROR - Attempt 2/3 failed for term 'patient': current transaction is aborted, commands ignored until end of transaction block

2025-05-29 21:48:14,226 - ERROR - Attempt 3/3 failed for term 'patient': current transaction is aborted, commands ignored until end of transaction block

2025-05-29 21:48:14,226 - ERROR - Max retries reached for term 'patient'
2025-05-29 21:48:14,240 - ERROR - Attempt 1/3 failed for term 'pain': relation "mrconso" does not exist
LINE 3:                     FROM MRCONSO c
                                 ^

2025-05-29 21:48:14,241 - ERROR - Attempt 2/3 failed for term 'pain': current transaction is aborted, commands ignored until end of transaction block

2025-05-29 21:48:14,241 - ERROR - Attempt 3/3 failed for term 'pain': current transaction is aborted, commands ignored until end of transaction block

2025-05-29 21:48:14,242 - ERROR - Max retries reached for term 'pain'
2025-05-29 21:48:14,254 - ERROR - Attempt 1/3 failed for term 'obese': relation "mrconso" does not exist
LINE 3:                     FROM MRCONSO c
                                 ^

2025-05-29 21:48:14,255 - ERROR - Attempt 2/3 failed for term 'obese': current transaction is aborted, commands ignored until end of transaction block

2025-05-29 21:48:14,256 - ERROR - Attempt 3/3 failed for term 'obese': current transaction is aborted, commands ignored until end of transaction block

2025-05-29 21:48:14,256 - ERROR - Max retries reached for term 'obese'
2025-05-29 21:48:14,270 - ERROR - Attempt 1/3 failed for term 'sitting': relation "mrconso" does not exist
LINE 3:                     FROM MRCONSO c
                                 ^

2025-05-29 21:48:14,270 - ERROR - Attempt 2/3 failed for term 'sitting': current transaction is aborted, commands ignored until end of transaction block

2025-05-29 21:48:14,271 - ERROR - Attempt 3/3 failed for term 'sitting': current transaction is aborted, commands ignored until end of transaction block

2025-05-29 21:48:14,271 - ERROR - Max retries reached for term 'sitting'
2025-05-29 21:48:14,283 - ERROR - Attempt 1/3 failed for term 'backpain': relation "mrconso" does not exist
LINE 3:                     FROM MRCONSO c
                                 ^

2025-05-29 21:48:14,284 - ERROR - Attempt 2/3 failed for term 'backpain': current transaction is aborted, commands ignored until end of transaction block

2025-05-29 21:48:14,285 - ERROR - Attempt 3/3 failed for term 'backpain': current transaction is aborted, commands ignored until end of transaction block

2025-05-29 21:48:14,286 - ERROR - Max retries reached for term 'backpain'
2025-05-29 21:48:14,299 - WARNING - Failed to fetch semantic type for CUI NO_CUI_the patient is obese the backpain is made worse by sitting down for long the pain is alleviated by standing and stretching: relation "mrsty" does not exist
LINE 3:                             FROM MRSTY sty
                                         ^

2025-05-29 21:48:14,407 - WARNING - Skipping non-clinical or blocked term: 'days'
2025-05-29 21:48:14,418 - ERROR - Attempt 1/3 failed for term 'facial pain': relation "mrconso" does not exist
LINE 3:                     FROM MRCONSO c
                                 ^

2025-05-29 21:48:14,418 - ERROR - Attempt 2/3 failed for term 'facial pain': current transaction is aborted, commands ignored until end of transaction block

2025-05-29 21:48:14,419 - ERROR - Attempt 3/3 failed for term 'facial pain': current transaction is aborted, commands ignored until end of transaction block

2025-05-29 21:48:14,419 - ERROR - Max retries reached for term 'facial pain'
2025-05-29 21:48:14,439 - ERROR - Attempt 1/3 failed for term 'nasal discharge': relation "mrconso" does not exist
LINE 3:                     FROM MRCONSO c
                                 ^

2025-05-29 21:48:14,440 - ERROR - Attempt 2/3 failed for term 'nasal discharge': current transaction is aborted, commands ignored until end of transaction block

2025-05-29 21:48:14,441 - ERROR - Attempt 3/3 failed for term 'nasal discharge': current transaction is aborted, commands ignored until end of transaction block

2025-05-29 21:48:14,441 - ERROR - Max retries reached for term 'nasal discharge'
2025-05-29 21:48:14,457 - ERROR - Attempt 1/3 failed for term 'fever': relation "mrconso" does not exist
LINE 3:                     FROM MRCONSO c
                                 ^

2025-05-29 21:48:14,458 - ERROR - Attempt 2/3 failed for term 'fever': current transaction is aborted, commands ignored until end of transaction block

2025-05-29 21:48:14,459 - ERROR - Attempt 3/3 failed for term 'fever': current transaction is aborted, commands ignored until end of transaction block

2025-05-29 21:48:14,459 - ERROR - Max retries reached for term 'fever'
2025-05-29 21:48:14,474 - ERROR - Attempt 1/3 failed for term 'maxillary sinuses': relation "mrconso" does not exist
LINE 3:                     FROM MRCONSO c
                                 ^

2025-05-29 21:48:14,474 - ERROR - Attempt 2/3 failed for term 'maxillary sinuses': current transaction is aborted, commands ignored until end of transaction block

2025-05-29 21:48:14,475 - ERROR - Attempt 3/3 failed for term 'maxillary sinuses': current transaction is aborted, commands ignored until end of transaction block

2025-05-29 21:48:14,476 - ERROR - Max retries reached for term 'maxillary sinuses'
2025-05-29 21:48:14,490 - ERROR - Attempt 1/3 failed for term 'purulent': relation "mrconso" does not exist
LINE 3:                     FROM MRCONSO c
                                 ^

2025-05-29 21:48:14,491 - ERROR - Attempt 2/3 failed for term 'purulent': current transaction is aborted, commands ignored until end of transaction block

2025-05-29 21:48:14,491 - ERROR - Attempt 3/3 failed for term 'purulent': current transaction is aborted, commands ignored until end of transaction block

2025-05-29 21:48:14,492 - ERROR - Max retries reached for term 'purulent'
2025-05-29 21:48:14,507 - ERROR - Attempt 1/3 failed for term 'reports': relation "mrconso" does not exist
LINE 3:                     FROM MRCONSO c
                                 ^

2025-05-29 21:48:14,508 - ERROR - Attempt 2/3 failed for term 'reports': current transaction is aborted, commands ignored until end of transaction block

2025-05-29 21:48:14,509 - ERROR - Attempt 3/3 failed for term 'reports': current transaction is aborted, commands ignored until end of transaction block

2025-05-29 21:48:14,509 - ERROR - Max retries reached for term 'reports'
2025-05-29 21:48:14,523 - WARNING - Failed to fetch semantic type for CUI NO_CUI_and fever for 10 days. reports purulent nasal discharge. facial pain over maxillary sinuses: relation "mrsty" does not exist
LINE 3:                             FROM MRSTY sty
                                         ^

2025-05-29 21:48:14,716 - ERROR - Attempt 1/3 failed for term 'sinusitis': relation "mrconso" does not exist
LINE 3:                     FROM MRCONSO c
                                 ^

2025-05-29 21:48:14,716 - ERROR - Attempt 2/3 failed for term 'sinusitis': current transaction is aborted, commands ignored until end of transaction block

2025-05-29 21:48:14,717 - ERROR - Attempt 3/3 failed for term 'sinusitis': current transaction is aborted, commands ignored until end of transaction block

2025-05-29 21:48:14,717 - ERROR - Max retries reached for term 'sinusitis'
2025-05-29 21:48:14,729 - ERROR - Attempt 1/3 failed for term 'pulmonary': relation "mrconso" does not exist
LINE 3:                     FROM MRCONSO c
                                 ^

2025-05-29 21:48:14,730 - ERROR - Attempt 2/3 failed for term 'pulmonary': current transaction is aborted, commands ignored until end of transaction block

2025-05-29 21:48:14,731 - ERROR - Attempt 3/3 failed for term 'pulmonary': current transaction is aborted, commands ignored until end of transaction block

2025-05-29 21:48:14,731 - ERROR - Max retries reached for term 'pulmonary'
2025-05-29 21:48:14,744 - ERROR - Attempt 1/3 failed for term 'stable': relation "mrconso" does not exist
LINE 3:                     FROM MRCONSO c
                                 ^

2025-05-29 21:48:14,745 - ERROR - Attempt 2/3 failed for term 'stable': current transaction is aborted, commands ignored until end of transaction block

2025-05-29 21:48:14,746 - ERROR - Attempt 3/3 failed for term 'stable': current transaction is aborted, commands ignored until end of transaction block

2025-05-29 21:48:14,746 - ERROR - Max retries reached for term 'stable'
2025-05-29 21:48:14,759 - ERROR - Attempt 1/3 failed for term 'diabetes': relation "mrconso" does not exist
LINE 3:                     FROM MRCONSO c
                                 ^

2025-05-29 21:48:14,760 - ERROR - Attempt 2/3 failed for term 'diabetes': current transaction is aborted, commands ignored until end of transaction block

2025-05-29 21:48:14,761 - ERROR - Attempt 3/3 failed for term 'diabetes': current transaction is aborted, commands ignored until end of transaction block

2025-05-29 21:48:14,761 - ERROR - Max retries reached for term 'diabetes'
2025-05-29 21:48:14,777 - ERROR - Attempt 1/3 failed for term 'hypertension': relation "mrconso" does not exist
LINE 3:                     FROM MRCONSO c
                                 ^

2025-05-29 21:48:14,778 - ERROR - Attempt 2/3 failed for term 'hypertension': current transaction is aborted, commands ignored until end of transaction block

2025-05-29 21:48:14,780 - ERROR - Attempt 3/3 failed for term 'hypertension': current transaction is aborted, commands ignored until end of transaction block

2025-05-29 21:48:14,781 - ERROR - Max retries reached for term 'hypertension'
2025-05-29 21:48:14,794 - ERROR - Attempt 1/3 failed for term 'viral sinusitis': relation "mrconso" does not exist
LINE 3:                     FROM MRCONSO c
                                 ^

2025-05-29 21:48:14,794 - ERROR - Attempt 2/3 failed for term 'viral sinusitis': current transaction is aborted, commands ignored until end of transaction block

2025-05-29 21:48:14,796 - ERROR - Attempt 3/3 failed for term 'viral sinusitis': current transaction is aborted, commands ignored until end of transaction block

2025-05-29 21:48:14,796 - ERROR - Max retries reached for term 'viral sinusitis'
2025-05-29 21:48:14,813 - ERROR - Attempt 1/3 failed for term 'acute abnormalities': relation "mrconso" does not exist
LINE 3:                     FROM MRCONSO c
                                 ^

2025-05-29 21:48:14,814 - ERROR - Attempt 2/3 failed for term 'acute abnormalities': current transaction is aborted, commands ignored until end of transaction block

2025-05-29 21:48:14,815 - ERROR - Attempt 3/3 failed for term 'acute abnormalities': current transaction is aborted, commands ignored until end of transaction block

2025-05-29 21:48:14,815 - ERROR - Max retries reached for term 'acute abnormalities'
2025-05-29 21:48:14,838 - ERROR - Attempt 1/3 failed for term 'cardiovascular': relation "mrconso" does not exist
LINE 3:                     FROM MRCONSO c
                                 ^

2025-05-29 21:48:14,840 - ERROR - Attempt 2/3 failed for term 'cardiovascular': current transaction is aborted, commands ignored until end of transaction block

2025-05-29 21:48:14,841 - ERROR - Attempt 3/3 failed for term 'cardiovascular': current transaction is aborted, commands ignored until end of transaction block

2025-05-29 21:48:14,842 - ERROR - Max retries reached for term 'cardiovascular'
2025-05-29 21:48:14,866 - ERROR - Attempt 1/3 failed for term 'headache': relation "mrconso" does not exist
LINE 3:                     FROM MRCONSO c
                                 ^

2025-05-29 21:48:14,867 - ERROR - Attempt 2/3 failed for term 'headache': current transaction is aborted, commands ignored until end of transaction block

2025-05-29 21:48:14,869 - ERROR - Attempt 3/3 failed for term 'headache': current transaction is aborted, commands ignored until end of transaction block

2025-05-29 21:48:14,869 - ERROR - Max retries reached for term 'headache'
2025-05-29 21:48:14,892 - ERROR - Attempt 1/3 failed for term 'endocrine': relation "mrconso" does not exist
LINE 3:                     FROM MRCONSO c
                                 ^

2025-05-29 21:48:14,897 - ERROR - Attempt 2/3 failed for term 'endocrine': current transaction is aborted, commands ignored until end of transaction block

2025-05-29 21:48:14,898 - ERROR - Attempt 3/3 failed for term 'endocrine': current transaction is aborted, commands ignored until end of transaction block

2025-05-29 21:48:14,899 - ERROR - Max retries reached for term 'endocrine'
2025-05-29 21:48:14,912 - ERROR - Attempt 1/3 failed for term 'secondary to': relation "mrconso" does not exist
LINE 3:                     FROM MRCONSO c
                                 ^

2025-05-29 21:48:14,913 - ERROR - Attempt 2/3 failed for term 'secondary to': current transaction is aborted, commands ignored until end of transaction block

2025-05-29 21:48:14,914 - ERROR - Attempt 3/3 failed for term 'secondary to': current transaction is aborted, commands ignored until end of transaction block

2025-05-29 21:48:14,914 - ERROR - Max retries reached for term 'secondary to'
2025-05-29 21:48:14,937 - ERROR - Attempt 1/3 failed for term 'neurological': relation "mrconso" does not exist
LINE 3:                     FROM MRCONSO c
                                 ^

2025-05-29 21:48:14,939 - ERROR - Attempt 2/3 failed for term 'neurological': current transaction is aborted, commands ignored until end of transaction block

2025-05-29 21:48:14,940 - ERROR - Attempt 3/3 failed for term 'neurological': current transaction is aborted, commands ignored until end of transaction block

2025-05-29 21:48:14,940 - ERROR - Max retries reached for term 'neurological'
2025-05-29 21:48:14,965 - ERROR - Attempt 1/3 failed for term 'viral upper': relation "mrconso" does not exist
LINE 3:                     FROM MRCONSO c
                                 ^

2025-05-29 21:48:14,966 - ERROR - Attempt 2/3 failed for term 'viral upper': current transaction is aborted, commands ignored until end of transaction block

2025-05-29 21:48:14,967 - ERROR - Attempt 3/3 failed for term 'viral upper': current transaction is aborted, commands ignored until end of transaction block

2025-05-29 21:48:14,967 - ERROR - Max retries reached for term 'viral upper'
2025-05-29 21:48:14,993 - ERROR - Attempt 1/3 failed for term 'allergic rhinitis': relation "mrconso" does not exist
LINE 3:                     FROM MRCONSO c
                                 ^

2025-05-29 21:48:14,995 - ERROR - Attempt 2/3 failed for term 'allergic rhinitis': current transaction is aborted, commands ignored until end of transaction block

2025-05-29 21:48:14,996 - ERROR - Attempt 3/3 failed for term 'allergic rhinitis': current transaction is aborted, commands ignored until end of transaction block

2025-05-29 21:48:14,997 - ERROR - Max retries reached for term 'allergic rhinitis'
2025-05-29 21:48:15,026 - ERROR - Attempt 1/3 failed for term 'differential': relation "mrconso" does not exist
LINE 3:                     FROM MRCONSO c
                                 ^

2025-05-29 21:48:15,028 - ERROR - Attempt 2/3 failed for term 'differential': current transaction is aborted, commands ignored until end of transaction block

2025-05-29 21:48:15,029 - ERROR - Attempt 3/3 failed for term 'differential': current transaction is aborted, commands ignored until end of transaction block

2025-05-29 21:48:15,030 - ERROR - Max retries reached for term 'differential'
2025-05-29 21:48:15,047 - ERROR - Attempt 1/3 failed for term 'respiratory infection': relation "mrconso" does not exist
LINE 3:                     FROM MRCONSO c
                                 ^

2025-05-29 21:48:15,049 - ERROR - Attempt 2/3 failed for term 'respiratory infection': current transaction is aborted, commands ignored until end of transaction block

2025-05-29 21:48:15,051 - ERROR - Attempt 3/3 failed for term 'respiratory infection': current transaction is aborted, commands ignored until end of transaction block

2025-05-29 21:48:15,052 - ERROR - Max retries reached for term 'respiratory infection'
2025-05-29 21:48:15,083 - WARNING - Failed to fetch semantic type for CUI NO_CUI_likely secondary to recent viral upper respiratory infection. differential includes viral sinusitis or allergic rhinitis. other systems: neurological: headache likely related to sinusitis. endocrine: stable diabetes. cardiovascular: stable hypertension. no acute abnormalities in pulmonary: relation "mrsty" does not exist
LINE 3:                             FROM MRSTY sty
                                         ^

2025-05-29 21:48:15,215 - ERROR - Attempt 1/3 failed for term 'radiating': relation "mrconso" does not exist
LINE 3:                     FROM MRCONSO c
                                 ^

2025-05-29 21:48:15,215 - ERROR - Attempt 2/3 failed for term 'radiating': current transaction is aborted, commands ignored until end of transaction block

2025-05-29 21:48:15,216 - ERROR - Attempt 3/3 failed for term 'radiating': current transaction is aborted, commands ignored until end of transaction block

2025-05-29 21:48:15,216 - ERROR - Max retries reached for term 'radiating'
2025-05-29 21:48:15,227 - ERROR - Attempt 1/3 failed for term 'pain': relation "mrconso" does not exist
LINE 3:                     FROM MRCONSO c
                                 ^

2025-05-29 21:48:15,228 - ERROR - Attempt 2/3 failed for term 'pain': current transaction is aborted, commands ignored until end of transaction block

2025-05-29 21:48:15,229 - ERROR - Attempt 3/3 failed for term 'pain': current transaction is aborted, commands ignored until end of transaction block

2025-05-29 21:48:15,229 - ERROR - Max retries reached for term 'pain'
2025-05-29 21:48:15,242 - WARNING - Failed to fetch semantic type for CUI NO_CUI_radiating pain: relation "mrsty" does not exist
LINE 3:                             FROM MRSTY sty
                                         ^

2025-05-29 21:48:15,336 - ERROR - Attempt 1/3 failed for term 'bilateral': relation "mrconso" does not exist
LINE 3:                     FROM MRCONSO c
                                 ^

2025-05-29 21:48:15,337 - ERROR - Attempt 2/3 failed for term 'bilateral': current transaction is aborted, commands ignored until end of transaction block

2025-05-29 21:48:15,338 - ERROR - Attempt 3/3 failed for term 'bilateral': current transaction is aborted, commands ignored until end of transaction block

2025-05-29 21:48:15,338 - ERROR - Max retries reached for term 'bilateral'
2025-05-29 21:48:15,349 - ERROR - Attempt 1/3 failed for term 'nasal congestion': relation "mrconso" does not exist
LINE 3:                     FROM MRCONSO c
                                 ^

2025-05-29 21:48:15,350 - ERROR - Attempt 2/3 failed for term 'nasal congestion': current transaction is aborted, commands ignored until end of transaction block

2025-05-29 21:48:15,351 - ERROR - Attempt 3/3 failed for term 'nasal congestion': current transaction is aborted, commands ignored until end of transaction block

2025-05-29 21:48:15,351 - ERROR - Max retries reached for term 'nasal congestion'
2025-05-29 21:48:15,365 - WARNING - Failed to fetch semantic type for CUI NO_CUI_bilateral nasal congestion: relation "mrsty" does not exist
LINE 3:                             FROM MRSTY sty
                                         ^

2025-05-29 21:48:15,566 - WARNING - Skipping non-clinical or blocked term: 'days'
2025-05-29 21:48:15,576 - ERROR - Attempt 1/3 failed for term 'shortness of breath': relation "mrconso" does not exist
LINE 3:                     FROM MRCONSO c
                                 ^

2025-05-29 21:48:15,577 - ERROR - Attempt 2/3 failed for term 'shortness of breath': current transaction is aborted, commands ignored until end of transaction block

2025-05-29 21:48:15,577 - ERROR - Attempt 3/3 failed for term 'shortness of breath': current transaction is aborted, commands ignored until end of transaction block

2025-05-29 21:48:15,578 - ERROR - Max retries reached for term 'shortness of breath'
2025-05-29 21:48:15,590 - ERROR - Attempt 1/3 failed for term 'no cough': relation "mrconso" does not exist
LINE 3:                     FROM MRCONSO c
                                 ^

2025-05-29 21:48:15,591 - ERROR - Attempt 2/3 failed for term 'no cough': current transaction is aborted, commands ignored until end of transaction block

2025-05-29 21:48:15,591 - ERROR - Attempt 3/3 failed for term 'no cough': current transaction is aborted, commands ignored until end of transaction block

2025-05-29 21:48:15,592 - ERROR - Max retries reached for term 'no cough'
2025-05-29 21:48:15,606 - ERROR - Attempt 1/3 failed for term 'pulmonary': relation "mrconso" does not exist
LINE 3:                     FROM MRCONSO c
                                 ^

2025-05-29 21:48:15,607 - ERROR - Attempt 2/3 failed for term 'pulmonary': current transaction is aborted, commands ignored until end of transaction block

2025-05-29 21:48:15,607 - ERROR - Attempt 3/3 failed for term 'pulmonary': current transaction is aborted, commands ignored until end of transaction block

2025-05-29 21:48:15,607 - ERROR - Max retries reached for term 'pulmonary'
2025-05-29 21:48:15,620 - ERROR - Attempt 1/3 failed for term 'mild headache': relation "mrconso" does not exist
LINE 3:                     FROM MRCONSO c
                                 ^

2025-05-29 21:48:15,621 - ERROR - Attempt 2/3 failed for term 'mild headache': current transaction is aborted, commands ignored until end of transaction block

2025-05-29 21:48:15,622 - ERROR - Attempt 3/3 failed for term 'mild headache': current transaction is aborted, commands ignored until end of transaction block

2025-05-29 21:48:15,622 - ERROR - Max retries reached for term 'mild headache'
2025-05-29 21:48:15,636 - ERROR - Attempt 1/3 failed for term 'nasal discharge': relation "mrconso" does not exist
LINE 3:                     FROM MRCONSO c
                                 ^

2025-05-29 21:48:15,637 - ERROR - Attempt 2/3 failed for term 'nasal discharge': current transaction is aborted, commands ignored until end of transaction block

2025-05-29 21:48:15,638 - ERROR - Attempt 3/3 failed for term 'nasal discharge': current transaction is aborted, commands ignored until end of transaction block

2025-05-29 21:48:15,638 - ERROR - Max retries reached for term 'nasal discharge'
2025-05-29 21:48:15,650 - ERROR - Attempt 1/3 failed for term 'sinus pain': relation "mrconso" does not exist
LINE 3:                     FROM MRCONSO c
                                 ^

2025-05-29 21:48:15,651 - ERROR - Attempt 2/3 failed for term 'sinus pain': current transaction is aborted, commands ignored until end of transaction block

2025-05-29 21:48:15,652 - ERROR - Attempt 3/3 failed for term 'sinus pain': current transaction is aborted, commands ignored until end of transaction block

2025-05-29 21:48:15,652 - ERROR - Max retries reached for term 'sinus pain'
2025-05-29 21:48:15,664 - ERROR - Attempt 1/3 failed for term 'cardiovascular': relation "mrconso" does not exist
LINE 3:                     FROM MRCONSO c
                                 ^

2025-05-29 21:48:15,666 - ERROR - Attempt 2/3 failed for term 'cardiovascular': current transaction is aborted, commands ignored until end of transaction block

2025-05-29 21:48:15,666 - ERROR - Attempt 3/3 failed for term 'cardiovascular': current transaction is aborted, commands ignored until end of transaction block

2025-05-29 21:48:15,667 - ERROR - Max retries reached for term 'cardiovascular'
2025-05-29 21:48:15,679 - ERROR - Attempt 1/3 failed for term 'palpitations': relation "mrconso" does not exist
LINE 3:                     FROM MRCONSO c
                                 ^

2025-05-29 21:48:15,680 - ERROR - Attempt 2/3 failed for term 'palpitations': current transaction is aborted, commands ignored until end of transaction block

2025-05-29 21:48:15,680 - ERROR - Attempt 3/3 failed for term 'palpitations': current transaction is aborted, commands ignored until end of transaction block

2025-05-29 21:48:15,681 - ERROR - Max retries reached for term 'palpitations'
2025-05-29 21:48:15,694 - ERROR - Attempt 1/3 failed for term 'hearing loss': relation "mrconso" does not exist
LINE 3:                     FROM MRCONSO c
                                 ^

2025-05-29 21:48:15,695 - ERROR - Attempt 2/3 failed for term 'hearing loss': current transaction is aborted, commands ignored until end of transaction block

2025-05-29 21:48:15,696 - ERROR - Attempt 3/3 failed for term 'hearing loss': current transaction is aborted, commands ignored until end of transaction block

2025-05-29 21:48:15,696 - ERROR - Max retries reached for term 'hearing loss'
2025-05-29 21:48:15,709 - ERROR - Attempt 1/3 failed for term 'low-grade': relation "mrconso" does not exist
LINE 3:                     FROM MRCONSO c
                                 ^

2025-05-29 21:48:15,710 - ERROR - Attempt 2/3 failed for term 'low-grade': current transaction is aborted, commands ignored until end of transaction block

2025-05-29 21:48:15,711 - ERROR - Attempt 3/3 failed for term 'low-grade': current transaction is aborted, commands ignored until end of transaction block

2025-05-29 21:48:15,711 - ERROR - Max retries reached for term 'low-grade'
2025-05-29 21:48:15,724 - ERROR - Attempt 1/3 failed for term 'chest pain': relation "mrconso" does not exist
LINE 3:                     FROM MRCONSO c
                                 ^

2025-05-29 21:48:15,725 - ERROR - Attempt 2/3 failed for term 'chest pain': current transaction is aborted, commands ignored until end of transaction block

2025-05-29 21:48:15,726 - ERROR - Attempt 3/3 failed for term 'chest pain': current transaction is aborted, commands ignored until end of transaction block

2025-05-29 21:48:15,726 - ERROR - Max retries reached for term 'chest pain'
2025-05-29 21:48:15,742 - ERROR - Attempt 1/3 failed for term 'purulent': relation "mrconso" does not exist
LINE 3:                     FROM MRCONSO c
                                 ^

2025-05-29 21:48:15,743 - ERROR - Attempt 2/3 failed for term 'purulent': current transaction is aborted, commands ignored until end of transaction block

2025-05-29 21:48:15,744 - ERROR - Attempt 3/3 failed for term 'purulent': current transaction is aborted, commands ignored until end of transaction block

2025-05-29 21:48:15,744 - ERROR - Max retries reached for term 'purulent'
2025-05-29 21:48:15,762 - ERROR - Attempt 1/3 failed for term 'neurological': relation "mrconso" does not exist
LINE 3:                     FROM MRCONSO c
                                 ^

2025-05-29 21:48:15,763 - ERROR - Attempt 2/3 failed for term 'neurological': current transaction is aborted, commands ignored until end of transaction block

2025-05-29 21:48:15,764 - ERROR - Attempt 3/3 failed for term 'neurological': current transaction is aborted, commands ignored until end of transaction block

2025-05-29 21:48:15,765 - ERROR - Max retries reached for term 'neurological'
2025-05-29 21:48:15,782 - ERROR - Attempt 1/3 failed for term 'associated with': relation "mrconso" does not exist
LINE 3:                     FROM MRCONSO c
                                 ^

2025-05-29 21:48:15,783 - ERROR - Attempt 2/3 failed for term 'associated with': current transaction is aborted, commands ignored until end of transaction block

2025-05-29 21:48:15,785 - ERROR - Attempt 3/3 failed for term 'associated with': current transaction is aborted, commands ignored until end of transaction block

2025-05-29 21:48:15,785 - ERROR - Max retries reached for term 'associated with'
2025-05-29 21:48:15,803 - WARNING - Failed to fetch semantic type for CUI NO_CUI_and purulent nasal discharge for 10 days. low-grade fever (up to 100.5°f). no sore throat or hearing loss. pulmonary: no cough or shortness of breath. cardiovascular: no chest pain or palpitations. neurological: mild headache associated with sinus pain: relation "mrsty" does not exist
LINE 3:                             FROM MRSTY sty
                                         ^

2025-05-29 21:48:16,080 - ERROR - Attempt 1/3 failed for term 'acute': relation "mrconso" does not exist
LINE 3:                     FROM MRCONSO c
                                 ^

2025-05-29 21:48:16,080 - ERROR - Attempt 2/3 failed for term 'acute': current transaction is aborted, commands ignored until end of transaction block

2025-05-29 21:48:16,081 - ERROR - Attempt 3/3 failed for term 'acute': current transaction is aborted, commands ignored until end of transaction block

2025-05-29 21:48:16,081 - ERROR - Max retries reached for term 'acute'
2025-05-29 21:48:16,096 - ERROR - Attempt 1/3 failed for term 'bacterial sinusitis': relation "mrconso" does not exist
LINE 3:                     FROM MRCONSO c
                                 ^

2025-05-29 21:48:16,097 - ERROR - Attempt 2/3 failed for term 'bacterial sinusitis': current transaction is aborted, commands ignored until end of transaction block

2025-05-29 21:48:16,097 - ERROR - Attempt 3/3 failed for term 'bacterial sinusitis': current transaction is aborted, commands ignored until end of transaction block

2025-05-29 21:48:16,098 - ERROR - Max retries reached for term 'bacterial sinusitis'
2025-05-29 21:48:16,111 - ERROR - Attempt 1/3 failed for term 'no joint pain': relation "mrconso" does not exist
LINE 3:                     FROM MRCONSO c
                                 ^

2025-05-29 21:48:16,112 - ERROR - Attempt 2/3 failed for term 'no joint pain': current transaction is aborted, commands ignored until end of transaction block

2025-05-29 21:48:16,113 - ERROR - Attempt 3/3 failed for term 'no joint pain': current transaction is aborted, commands ignored until end of transaction block

2025-05-29 21:48:16,113 - ERROR - Max retries reached for term 'no joint pain'
2025-05-29 21:48:16,125 - ERROR - Attempt 1/3 failed for term 'no dizziness': relation "mrconso" does not exist
LINE 3:                     FROM MRCONSO c
                                 ^

2025-05-29 21:48:16,126 - ERROR - Attempt 2/3 failed for term 'no dizziness': current transaction is aborted, commands ignored until end of transaction block

2025-05-29 21:48:16,126 - ERROR - Attempt 3/3 failed for term 'no dizziness': current transaction is aborted, commands ignored until end of transaction block

2025-05-29 21:48:16,127 - ERROR - Max retries reached for term 'no dizziness'
2025-05-29 21:48:16,140 - ERROR - Attempt 1/3 failed for term 'weight changes': relation "mrconso" does not exist
LINE 3:                     FROM MRCONSO c
                                 ^

2025-05-29 21:48:16,141 - ERROR - Attempt 2/3 failed for term 'weight changes': current transaction is aborted, commands ignored until end of transaction block

2025-05-29 21:48:16,141 - ERROR - Attempt 3/3 failed for term 'weight changes': current transaction is aborted, commands ignored until end of transaction block

2025-05-29 21:48:16,142 - ERROR - Max retries reached for term 'weight changes'
2025-05-29 21:48:16,155 - ERROR - Attempt 1/3 failed for term 'bruising': relation "mrconso" does not exist
LINE 3:                     FROM MRCONSO c
                                 ^

2025-05-29 21:48:16,156 - ERROR - Attempt 2/3 failed for term 'bruising': current transaction is aborted, commands ignored until end of transaction block

2025-05-29 21:48:16,157 - ERROR - Attempt 3/3 failed for term 'bruising': current transaction is aborted, commands ignored until end of transaction block

2025-05-29 21:48:16,157 - ERROR - Max retries reached for term 'bruising'
2025-05-29 21:48:16,171 - ERROR - Attempt 1/3 failed for term 'ophthalmologic': relation "mrconso" does not exist
LINE 3:                     FROM MRCONSO c
                                 ^

2025-05-29 21:48:16,171 - ERROR - Attempt 2/3 failed for term 'ophthalmologic': current transaction is aborted, commands ignored until end of transaction block

2025-05-29 21:48:16,172 - ERROR - Attempt 3/3 failed for term 'ophthalmologic': current transaction is aborted, commands ignored until end of transaction block

2025-05-29 21:48:16,172 - ERROR - Max retries reached for term 'ophthalmologic'
2025-05-29 21:48:16,185 - ERROR - Attempt 1/3 failed for term 'dermatologic': relation "mrconso" does not exist
LINE 3:                     FROM MRCONSO c
                                 ^

2025-05-29 21:48:16,186 - ERROR - Attempt 2/3 failed for term 'dermatologic': current transaction is aborted, commands ignored until end of transaction block

2025-05-29 21:48:16,186 - ERROR - Attempt 3/3 failed for term 'dermatologic': current transaction is aborted, commands ignored until end of transaction block

2025-05-29 21:48:16,187 - ERROR - Max retries reached for term 'dermatologic'
2025-05-29 21:48:16,200 - ERROR - Attempt 1/3 failed for term 'no rashes': relation "mrconso" does not exist
LINE 3:                     FROM MRCONSO c
                                 ^

2025-05-29 21:48:16,201 - ERROR - Attempt 2/3 failed for term 'no rashes': current transaction is aborted, commands ignored until end of transaction block

2025-05-29 21:48:16,202 - ERROR - Attempt 3/3 failed for term 'no rashes': current transaction is aborted, commands ignored until end of transaction block

2025-05-29 21:48:16,202 - ERROR - Max retries reached for term 'no rashes'
2025-05-29 21:48:16,214 - ERROR - Attempt 1/3 failed for term 'endocrine': relation "mrconso" does not exist
LINE 3:                     FROM MRCONSO c
                                 ^

2025-05-29 21:48:16,215 - ERROR - Attempt 2/3 failed for term 'endocrine': current transaction is aborted, commands ignored until end of transaction block

2025-05-29 21:48:16,216 - ERROR - Attempt 3/3 failed for term 'endocrine': current transaction is aborted, commands ignored until end of transaction block

2025-05-29 21:48:16,216 - ERROR - Max retries reached for term 'endocrine'
2025-05-29 21:48:16,217 - WARNING - Skipping non-clinical or blocked term: 'psychiatric'
2025-05-29 21:48:16,229 - ERROR - Attempt 1/3 failed for term 'nausea': relation "mrconso" does not exist
LINE 3:                     FROM MRCONSO c
                                 ^

2025-05-29 21:48:16,230 - ERROR - Attempt 2/3 failed for term 'nausea': current transaction is aborted, commands ignored until end of transaction block

2025-05-29 21:48:16,231 - ERROR - Attempt 3/3 failed for term 'nausea': current transaction is aborted, commands ignored until end of transaction block

2025-05-29 21:48:16,231 - ERROR - Max retries reached for term 'nausea'
2025-05-29 21:48:16,232 - WARNING - Skipping non-clinical or blocked term: 'symptoms'
2025-05-29 21:48:16,232 - WARNING - Skipping non-clinical or blocked term: 'hematologic'
2025-05-29 21:48:16,249 - ERROR - Attempt 1/3 failed for term 'bleeding': relation "mrconso" does not exist
LINE 3:                     FROM MRCONSO c
                                 ^

2025-05-29 21:48:16,250 - ERROR - Attempt 2/3 failed for term 'bleeding': current transaction is aborted, commands ignored until end of transaction block

2025-05-29 21:48:16,251 - ERROR - Attempt 3/3 failed for term 'bleeding': current transaction is aborted, commands ignored until end of transaction block

2025-05-29 21:48:16,252 - ERROR - Max retries reached for term 'bleeding'
2025-05-29 21:48:16,266 - ERROR - Attempt 1/3 failed for term 'primary assessment': relation "mrconso" does not exist
LINE 3:                     FROM MRCONSO c
                                 ^

2025-05-29 21:48:16,267 - ERROR - Attempt 2/3 failed for term 'primary assessment': current transaction is aborted, commands ignored until end of transaction block

2025-05-29 21:48:16,268 - ERROR - Attempt 3/3 failed for term 'primary assessment': current transaction is aborted, commands ignored until end of transaction block

2025-05-29 21:48:16,268 - ERROR - Max retries reached for term 'primary assessment'
2025-05-29 21:48:16,270 - WARNING - Skipping non-clinical or blocked term: 'vision'
2025-05-29 21:48:16,283 - ERROR - Attempt 1/3 failed for term 'consistent with': relation "mrconso" does not exist
LINE 3:                     FROM MRCONSO c
                                 ^

2025-05-29 21:48:16,284 - ERROR - Attempt 2/3 failed for term 'consistent with': current transaction is aborted, commands ignored until end of transaction block

2025-05-29 21:48:16,285 - ERROR - Attempt 3/3 failed for term 'consistent with': current transaction is aborted, commands ignored until end of transaction block

2025-05-29 21:48:16,286 - ERROR - Max retries reached for term 'consistent with'
2025-05-29 21:48:16,303 - ERROR - Attempt 1/3 failed for term 'genitourinary': relation "mrconso" does not exist
LINE 3:                     FROM MRCONSO c
                                 ^

2025-05-29 21:48:16,304 - ERROR - Attempt 2/3 failed for term 'genitourinary': current transaction is aborted, commands ignored until end of transaction block

2025-05-29 21:48:16,304 - ERROR - Attempt 3/3 failed for term 'genitourinary': current transaction is aborted, commands ignored until end of transaction block

2025-05-29 21:48:16,305 - ERROR - Max retries reached for term 'genitourinary'
2025-05-29 21:48:16,305 - WARNING - Skipping non-clinical or blocked term: 'gastrointestinal'
2025-05-29 21:48:16,318 - ERROR - Attempt 1/3 failed for term 'diarrhea': relation "mrconso" does not exist
LINE 3:                     FROM MRCONSO c
                                 ^

2025-05-29 21:48:16,319 - ERROR - Attempt 2/3 failed for term 'diarrhea': current transaction is aborted, commands ignored until end of transaction block

2025-05-29 21:48:16,320 - ERROR - Attempt 3/3 failed for term 'diarrhea': current transaction is aborted, commands ignored until end of transaction block

2025-05-29 21:48:16,320 - ERROR - Max retries reached for term 'diarrhea'
2025-05-29 21:48:16,335 - ERROR - Attempt 1/3 failed for term 'mood changes': relation "mrconso" does not exist
LINE 3:                     FROM MRCONSO c
                                 ^

2025-05-29 21:48:16,336 - ERROR - Attempt 2/3 failed for term 'mood changes': current transaction is aborted, commands ignored until end of transaction block

2025-05-29 21:48:16,336 - ERROR - Attempt 3/3 failed for term 'mood changes': current transaction is aborted, commands ignored until end of transaction block

2025-05-29 21:48:16,337 - ERROR - Max retries reached for term 'mood changes'
2025-05-29 21:48:16,351 - ERROR - Attempt 1/3 failed for term 'lesions': relation "mrconso" does not exist
LINE 3:                     FROM MRCONSO c
                                 ^

2025-05-29 21:48:16,352 - ERROR - Attempt 2/3 failed for term 'lesions': current transaction is aborted, commands ignored until end of transaction block

2025-05-29 21:48:16,352 - ERROR - Attempt 3/3 failed for term 'lesions': current transaction is aborted, commands ignored until end of transaction block

2025-05-29 21:48:16,353 - ERROR - Max retries reached for term 'lesions'
2025-05-29 21:48:16,365 - ERROR - Attempt 1/3 failed for term 'stiffness': relation "mrconso" does not exist
LINE 3:                     FROM MRCONSO c
                                 ^

2025-05-29 21:48:16,366 - ERROR - Attempt 2/3 failed for term 'stiffness': current transaction is aborted, commands ignored until end of transaction block

2025-05-29 21:48:16,367 - ERROR - Attempt 3/3 failed for term 'stiffness': current transaction is aborted, commands ignored until end of transaction block

2025-05-29 21:48:16,367 - ERROR - Max retries reached for term 'stiffness'
2025-05-29 21:48:16,379 - ERROR - Attempt 1/3 failed for term 'urinary changes': relation "mrconso" does not exist
LINE 3:                     FROM MRCONSO c
                                 ^

2025-05-29 21:48:16,380 - ERROR - Attempt 2/3 failed for term 'urinary changes': current transaction is aborted, commands ignored until end of transaction block

2025-05-29 21:48:16,380 - ERROR - Attempt 3/3 failed for term 'urinary changes': current transaction is aborted, commands ignored until end of transaction block

2025-05-29 21:48:16,381 - ERROR - Max retries reached for term 'urinary changes'
2025-05-29 21:48:16,393 - WARNING - Failed to fetch semantic type for CUI NO_CUI_no dizziness. musculoskeletal: no joint pain or stiffness. gastrointestinal: no nausea or diarrhea. genitourinary: no urinary changes. endocrine: no weight changes or thirst. hematologic: no easy bruising or bleeding. dermatologic: no rashes or lesions. psychiatric: no mood changes. ophthalmologic: no vision changes. primary assessment: symptoms consistent with acute bacterial sinusitis: relation "mrsty" does not exist
LINE 3:                             FROM MRSTY sty
                                         ^

2025-05-29 21:49:52,569 - ERROR - Failed to initialize NLP pipeline: [E893] Could not find function 'replace_tokenizer' in function registry 'callbacks'. If you're using a custom function, make sure the code is available. If the function is provided by a third-party package, e.g. spacy-transformers, make sure the package is installed in your environment.

Available names: spacy.copy_from_base_model.v1, spacy.models_and_pipes_with_nvtx_range.v1, spacy.models_with_nvtx_range.v1
2025-05-29 21:49:53,386 - WARNING - Using fallback spacy pipeline without parser, ner, or linker
2025-05-29 21:49:54,221 - ERROR - Attempt 1/3 failed for term 'facial pain': relation "mrconso" does not exist
LINE 3:                     FROM MRCONSO c
                                 ^

2025-05-29 21:49:54,221 - ERROR - Attempt 2/3 failed for term 'facial pain': current transaction is aborted, commands ignored until end of transaction block

2025-05-29 21:49:54,222 - ERROR - Attempt 3/3 failed for term 'facial pain': current transaction is aborted, commands ignored until end of transaction block

2025-05-29 21:49:54,222 - ERROR - Max retries reached for term 'facial pain'
2025-05-29 21:49:54,236 - WARNING - Failed to fetch semantic type for CUI NO_CUI_facial pain: relation "mrsty" does not exist
LINE 3:                             FROM MRSTY sty
                                         ^

2025-05-29 21:49:54,337 - ERROR - Attempt 1/3 failed for term 'nasal congestion': relation "mrconso" does not exist
LINE 3:                     FROM MRCONSO c
                                 ^

2025-05-29 21:49:54,337 - ERROR - Attempt 2/3 failed for term 'nasal congestion': current transaction is aborted, commands ignored until end of transaction block

2025-05-29 21:49:54,338 - ERROR - Attempt 3/3 failed for term 'nasal congestion': current transaction is aborted, commands ignored until end of transaction block

2025-05-29 21:49:54,338 - ERROR - Max retries reached for term 'nasal congestion'
2025-05-29 21:49:54,353 - WARNING - Failed to fetch semantic type for CUI NO_CUI_nasal congestion: relation "mrsty" does not exist
LINE 3:                             FROM MRSTY sty
                                         ^

2025-05-29 21:49:54,448 - ERROR - Attempt 1/3 failed for term 'purulent': relation "mrconso" does not exist
LINE 3:                     FROM MRCONSO c
                                 ^

2025-05-29 21:49:54,449 - ERROR - Attempt 2/3 failed for term 'purulent': current transaction is aborted, commands ignored until end of transaction block

2025-05-29 21:49:54,449 - ERROR - Attempt 3/3 failed for term 'purulent': current transaction is aborted, commands ignored until end of transaction block

2025-05-29 21:49:54,450 - ERROR - Max retries reached for term 'purulent'
2025-05-29 21:49:54,463 - ERROR - Attempt 1/3 failed for term 'nasal discharge': relation "mrconso" does not exist
LINE 3:                     FROM MRCONSO c
                                 ^

2025-05-29 21:49:54,463 - ERROR - Attempt 2/3 failed for term 'nasal discharge': current transaction is aborted, commands ignored until end of transaction block

2025-05-29 21:49:54,464 - ERROR - Attempt 3/3 failed for term 'nasal discharge': current transaction is aborted, commands ignored until end of transaction block

2025-05-29 21:49:54,464 - ERROR - Max retries reached for term 'nasal discharge'
2025-05-29 21:49:54,478 - WARNING - Failed to fetch semantic type for CUI NO_CUI_purulent nasal discharge: relation "mrsty" does not exist
LINE 3:                             FROM MRSTY sty
                                         ^

2025-05-29 21:49:54,571 - ERROR - Attempt 1/3 failed for term 'fever': relation "mrconso" does not exist
LINE 3:                     FROM MRCONSO c
                                 ^

2025-05-29 21:49:54,572 - ERROR - Attempt 2/3 failed for term 'fever': current transaction is aborted, commands ignored until end of transaction block

2025-05-29 21:49:54,573 - ERROR - Attempt 3/3 failed for term 'fever': current transaction is aborted, commands ignored until end of transaction block

2025-05-29 21:49:54,573 - ERROR - Max retries reached for term 'fever'
2025-05-29 21:49:54,589 - WARNING - Failed to fetch semantic type for CUI NO_CUI_fever: relation "mrsty" does not exist
LINE 3:                             FROM MRSTY sty
                                         ^

2025-05-29 21:49:54,704 - WARNING - Skipping non-clinical or blocked term: 'days'
2025-05-29 21:49:54,713 - ERROR - Attempt 1/3 failed for term 'facial pain': relation "mrconso" does not exist
LINE 3:                     FROM MRCONSO c
                                 ^

2025-05-29 21:49:54,714 - ERROR - Attempt 2/3 failed for term 'facial pain': current transaction is aborted, commands ignored until end of transaction block

2025-05-29 21:49:54,715 - ERROR - Attempt 3/3 failed for term 'facial pain': current transaction is aborted, commands ignored until end of transaction block

2025-05-29 21:49:54,716 - ERROR - Max retries reached for term 'facial pain'
2025-05-29 21:49:54,732 - ERROR - Attempt 1/3 failed for term 'nasal discharge': relation "mrconso" does not exist
LINE 3:                     FROM MRCONSO c
                                 ^

2025-05-29 21:49:54,733 - ERROR - Attempt 2/3 failed for term 'nasal discharge': current transaction is aborted, commands ignored until end of transaction block

2025-05-29 21:49:54,733 - ERROR - Attempt 3/3 failed for term 'nasal discharge': current transaction is aborted, commands ignored until end of transaction block

2025-05-29 21:49:54,734 - ERROR - Max retries reached for term 'nasal discharge'
2025-05-29 21:49:54,747 - ERROR - Attempt 1/3 failed for term 'fever': relation "mrconso" does not exist
LINE 3:                     FROM MRCONSO c
                                 ^

2025-05-29 21:49:54,747 - ERROR - Attempt 2/3 failed for term 'fever': current transaction is aborted, commands ignored until end of transaction block

2025-05-29 21:49:54,748 - ERROR - Attempt 3/3 failed for term 'fever': current transaction is aborted, commands ignored until end of transaction block

2025-05-29 21:49:54,749 - ERROR - Max retries reached for term 'fever'
2025-05-29 21:49:54,763 - ERROR - Attempt 1/3 failed for term 'patient': relation "mrconso" does not exist
LINE 3:                     FROM MRCONSO c
                                 ^

2025-05-29 21:49:54,764 - ERROR - Attempt 2/3 failed for term 'patient': current transaction is aborted, commands ignored until end of transaction block

2025-05-29 21:49:54,765 - ERROR - Attempt 3/3 failed for term 'patient': current transaction is aborted, commands ignored until end of transaction block

2025-05-29 21:49:54,765 - ERROR - Max retries reached for term 'patient'
2025-05-29 21:49:54,781 - ERROR - Attempt 1/3 failed for term 'nasal congestion': relation "mrconso" does not exist
LINE 3:                     FROM MRCONSO c
                                 ^

2025-05-29 21:49:54,782 - ERROR - Attempt 2/3 failed for term 'nasal congestion': current transaction is aborted, commands ignored until end of transaction block

2025-05-29 21:49:54,783 - ERROR - Attempt 3/3 failed for term 'nasal congestion': current transaction is aborted, commands ignored until end of transaction block

2025-05-29 21:49:54,783 - ERROR - Max retries reached for term 'nasal congestion'
2025-05-29 21:49:54,798 - ERROR - Attempt 1/3 failed for term 'purulent': relation "mrconso" does not exist
LINE 3:                     FROM MRCONSO c
                                 ^

2025-05-29 21:49:54,799 - ERROR - Attempt 2/3 failed for term 'purulent': current transaction is aborted, commands ignored until end of transaction block

2025-05-29 21:49:54,800 - ERROR - Attempt 3/3 failed for term 'purulent': current transaction is aborted, commands ignored until end of transaction block

2025-05-29 21:49:54,800 - ERROR - Max retries reached for term 'purulent'
2025-05-29 21:49:54,816 - ERROR - Attempt 1/3 failed for term 'reports': relation "mrconso" does not exist
LINE 3:                     FROM MRCONSO c
                                 ^

2025-05-29 21:49:54,817 - ERROR - Attempt 2/3 failed for term 'reports': current transaction is aborted, commands ignored until end of transaction block

2025-05-29 21:49:54,818 - ERROR - Attempt 3/3 failed for term 'reports': current transaction is aborted, commands ignored until end of transaction block

2025-05-29 21:49:54,818 - ERROR - Max retries reached for term 'reports'
2025-05-29 21:49:54,833 - WARNING - Failed to fetch semantic type for CUI NO_CUI_patient presents with facial pain, nasal congestion, and fever for 10 days. reports purulent nasal discharge.: relation "mrsty" does not exist
LINE 3:                             FROM MRSTY sty
                                         ^

2025-05-29 21:49:54,903 - ERROR - Attempt 1/3 failed for term 'headache': relation "mrconso" does not exist
LINE 3:                     FROM MRCONSO c
                                 ^

2025-05-29 21:49:54,904 - ERROR - Attempt 2/3 failed for term 'headache': current transaction is aborted, commands ignored until end of transaction block

2025-05-29 21:49:54,904 - ERROR - Attempt 3/3 failed for term 'headache': current transaction is aborted, commands ignored until end of transaction block

2025-05-29 21:49:54,905 - ERROR - Max retries reached for term 'headache'
2025-05-29 21:49:54,917 - WARNING - Failed to fetch semantic type for CUI NO_CUI_headache: relation "mrsty" does not exist
LINE 3:                             FROM MRSTY sty
                                         ^

2025-05-29 21:49:55,006 - ERROR - Attempt 1/3 failed for term 'headache': relation "mrconso" does not exist
LINE 3:                     FROM MRCONSO c
                                 ^

2025-05-29 21:49:55,007 - ERROR - Attempt 2/3 failed for term 'headache': current transaction is aborted, commands ignored until end of transaction block

2025-05-29 21:49:55,008 - ERROR - Attempt 3/3 failed for term 'headache': current transaction is aborted, commands ignored until end of transaction block

2025-05-29 21:49:55,008 - ERROR - Max retries reached for term 'headache'
2025-05-29 21:49:55,021 - ERROR - Attempt 1/3 failed for term 'patient complains': relation "mrconso" does not exist
LINE 3:                     FROM MRCONSO c
                                 ^

2025-05-29 21:49:55,023 - ERROR - Attempt 2/3 failed for term 'patient complains': current transaction is aborted, commands ignored until end of transaction block

2025-05-29 21:49:55,023 - ERROR - Attempt 3/3 failed for term 'patient complains': current transaction is aborted, commands ignored until end of transaction block

2025-05-29 21:49:55,024 - ERROR - Max retries reached for term 'patient complains'
2025-05-29 21:49:55,038 - WARNING - Failed to fetch semantic type for CUI NO_CUI_patient complains of headache: relation "mrsty" does not exist
LINE 3:                             FROM MRSTY sty
                                         ^

2025-05-29 21:49:55,121 - ERROR - Attempt 1/3 failed for term 'back pain': relation "mrconso" does not exist
LINE 3:                     FROM MRCONSO c
                                 ^

2025-05-29 21:49:55,121 - ERROR - Attempt 2/3 failed for term 'back pain': current transaction is aborted, commands ignored until end of transaction block

2025-05-29 21:49:55,122 - ERROR - Attempt 3/3 failed for term 'back pain': current transaction is aborted, commands ignored until end of transaction block

2025-05-29 21:49:55,122 - ERROR - Max retries reached for term 'back pain'
2025-05-29 21:49:55,134 - WARNING - Failed to fetch semantic type for CUI NO_CUI_back pain: relation "mrsty" does not exist
LINE 3:                             FROM MRSTY sty
                                         ^

2025-05-29 21:49:55,225 - ERROR - Attempt 1/3 failed for term 'movement': relation "mrconso" does not exist
LINE 3:                     FROM MRCONSO c
                                 ^

2025-05-29 21:49:55,225 - ERROR - Attempt 2/3 failed for term 'movement': current transaction is aborted, commands ignored until end of transaction block

2025-05-29 21:49:55,226 - ERROR - Attempt 3/3 failed for term 'movement': current transaction is aborted, commands ignored until end of transaction block

2025-05-29 21:49:55,226 - ERROR - Max retries reached for term 'movement'
2025-05-29 21:49:55,242 - ERROR - Attempt 1/3 failed for term 'pain': relation "mrconso" does not exist
LINE 3:                     FROM MRCONSO c
                                 ^

2025-05-29 21:49:55,242 - ERROR - Attempt 2/3 failed for term 'pain': current transaction is aborted, commands ignored until end of transaction block

2025-05-29 21:49:55,243 - ERROR - Attempt 3/3 failed for term 'pain': current transaction is aborted, commands ignored until end of transaction block

2025-05-29 21:49:55,243 - ERROR - Max retries reached for term 'pain'
2025-05-29 21:49:55,259 - WARNING - Failed to fetch semantic type for CUI NO_CUI_pain on movement: relation "mrsty" does not exist
LINE 3:                             FROM MRSTY sty
                                         ^

2025-05-29 21:49:55,332 - ERROR - Attempt 1/3 failed for term 'obesity': relation "mrconso" does not exist
LINE 3:                     FROM MRCONSO c
                                 ^

2025-05-29 21:49:55,333 - ERROR - Attempt 2/3 failed for term 'obesity': current transaction is aborted, commands ignored until end of transaction block

2025-05-29 21:49:55,333 - ERROR - Attempt 3/3 failed for term 'obesity': current transaction is aborted, commands ignored until end of transaction block

2025-05-29 21:49:55,334 - ERROR - Max retries reached for term 'obesity'
2025-05-29 21:49:55,346 - WARNING - Failed to fetch semantic type for CUI NO_CUI_obesity: relation "mrsty" does not exist
LINE 3:                             FROM MRSTY sty
                                         ^

2025-05-29 21:49:55,445 - ERROR - Attempt 1/3 failed for term 'back pain': relation "mrconso" does not exist
LINE 3:                     FROM MRCONSO c
                                 ^

2025-05-29 21:49:55,446 - ERROR - Attempt 2/3 failed for term 'back pain': current transaction is aborted, commands ignored until end of transaction block

2025-05-29 21:49:55,447 - ERROR - Attempt 3/3 failed for term 'back pain': current transaction is aborted, commands ignored until end of transaction block

2025-05-29 21:49:55,447 - ERROR - Max retries reached for term 'back pain'
2025-05-29 21:49:55,462 - ERROR - Attempt 1/3 failed for term 'weeks': relation "mrconso" does not exist
LINE 3:                     FROM MRCONSO c
                                 ^

2025-05-29 21:49:55,463 - ERROR - Attempt 2/3 failed for term 'weeks': current transaction is aborted, commands ignored until end of transaction block

2025-05-29 21:49:55,464 - ERROR - Attempt 3/3 failed for term 'weeks': current transaction is aborted, commands ignored until end of transaction block

2025-05-29 21:49:55,464 - ERROR - Max retries reached for term 'weeks'
2025-05-29 21:49:55,480 - WARNING - Failed to fetch semantic type for CUI NO_CUI_back pain for two weeks: relation "mrsty" does not exist
LINE 3:                             FROM MRSTY sty
                                         ^

2025-05-29 21:49:55,581 - WARNING - Skipping non-clinical or blocked term: 'days'
2025-05-29 21:49:55,591 - ERROR - Attempt 1/3 failed for term 'patient complains': relation "mrconso" does not exist
LINE 3:                     FROM MRCONSO c
                                 ^

2025-05-29 21:49:55,591 - ERROR - Attempt 2/3 failed for term 'patient complains': current transaction is aborted, commands ignored until end of transaction block

2025-05-29 21:49:55,592 - ERROR - Attempt 3/3 failed for term 'patient complains': current transaction is aborted, commands ignored until end of transaction block

2025-05-29 21:49:55,592 - ERROR - Max retries reached for term 'patient complains'
2025-05-29 21:49:55,593 - WARNING - Skipping non-clinical or blocked term: 'chills'
2025-05-29 21:49:55,608 - ERROR - Attempt 1/3 failed for term 'fevers': relation "mrconso" does not exist
LINE 3:                     FROM MRCONSO c
                                 ^

2025-05-29 21:49:55,609 - ERROR - Attempt 2/3 failed for term 'fevers': current transaction is aborted, commands ignored until end of transaction block

2025-05-29 21:49:55,610 - ERROR - Attempt 3/3 failed for term 'fevers': current transaction is aborted, commands ignored until end of transaction block

2025-05-29 21:49:55,610 - ERROR - Max retries reached for term 'fevers'
2025-05-29 21:49:55,627 - ERROR - Attempt 1/3 failed for term 'headache': relation "mrconso" does not exist
LINE 3:                     FROM MRCONSO c
                                 ^

2025-05-29 21:49:55,628 - ERROR - Attempt 2/3 failed for term 'headache': current transaction is aborted, commands ignored until end of transaction block

2025-05-29 21:49:55,629 - ERROR - Attempt 3/3 failed for term 'headache': current transaction is aborted, commands ignored until end of transaction block

2025-05-29 21:49:55,629 - ERROR - Max retries reached for term 'headache'
2025-05-29 21:49:55,645 - ERROR - Attempt 1/3 failed for term 'associated with': relation "mrconso" does not exist
LINE 3:                     FROM MRCONSO c
                                 ^

2025-05-29 21:49:55,646 - ERROR - Attempt 2/3 failed for term 'associated with': current transaction is aborted, commands ignored until end of transaction block

2025-05-29 21:49:55,647 - ERROR - Attempt 3/3 failed for term 'associated with': current transaction is aborted, commands ignored until end of transaction block

2025-05-29 21:49:55,647 - ERROR - Max retries reached for term 'associated with'
2025-05-29 21:49:55,671 - WARNING - Failed to fetch semantic type for CUI NO_CUI_patient complains of headache the headache started three days ago. the headache is associated with fevers and chills: relation "mrsty" does not exist
LINE 3:                             FROM MRSTY sty
                                         ^

2025-05-29 21:49:55,903 - WARNING - Skipping non-clinical or blocked term: 'worse'
2025-05-29 21:49:55,903 - WARNING - Skipping non-clinical or blocked term: 'eyes'
2025-05-29 21:49:55,916 - ERROR - Attempt 1/3 failed for term 'licking': relation "mrconso" does not exist
LINE 3:                     FROM MRCONSO c
                                 ^

2025-05-29 21:49:55,917 - ERROR - Attempt 2/3 failed for term 'licking': current transaction is aborted, commands ignored until end of transaction block

2025-05-29 21:49:55,918 - ERROR - Attempt 3/3 failed for term 'licking': current transaction is aborted, commands ignored until end of transaction block

2025-05-29 21:49:55,919 - ERROR - Max retries reached for term 'licking'
2025-05-29 21:49:55,933 - ERROR - Attempt 1/3 failed for term 'patient': relation "mrconso" does not exist
LINE 3:                     FROM MRCONSO c
                                 ^

2025-05-29 21:49:55,934 - ERROR - Attempt 2/3 failed for term 'patient': current transaction is aborted, commands ignored until end of transaction block

2025-05-29 21:49:55,935 - ERROR - Attempt 3/3 failed for term 'patient': current transaction is aborted, commands ignored until end of transaction block

2025-05-29 21:49:55,936 - ERROR - Max retries reached for term 'patient'
2025-05-29 21:49:55,937 - WARNING - Skipping non-clinical or blocked term: 'foods'
2025-05-29 21:49:55,951 - ERROR - Attempt 1/3 failed for term 'strong': relation "mrconso" does not exist
LINE 3:                     FROM MRCONSO c
                                 ^

2025-05-29 21:49:55,952 - ERROR - Attempt 2/3 failed for term 'strong': current transaction is aborted, commands ignored until end of transaction block

2025-05-29 21:49:55,953 - ERROR - Attempt 3/3 failed for term 'strong': current transaction is aborted, commands ignored until end of transaction block

2025-05-29 21:49:55,953 - ERROR - Max retries reached for term 'strong'
2025-05-29 21:49:55,968 - ERROR - Attempt 1/3 failed for term 'fats': relation "mrconso" does not exist
LINE 3:                     FROM MRCONSO c
                                 ^

2025-05-29 21:49:55,969 - ERROR - Attempt 2/3 failed for term 'fats': current transaction is aborted, commands ignored until end of transaction block

2025-05-29 21:49:55,970 - ERROR - Attempt 3/3 failed for term 'fats': current transaction is aborted, commands ignored until end of transaction block

2025-05-29 21:49:55,971 - ERROR - Max retries reached for term 'fats'
2025-05-29 21:49:55,982 - ERROR - Attempt 1/3 failed for term 'tea': relation "mrconso" does not exist
LINE 3:                     FROM MRCONSO c
                                 ^

2025-05-29 21:49:55,983 - ERROR - Attempt 2/3 failed for term 'tea': current transaction is aborted, commands ignored until end of transaction block

2025-05-29 21:49:55,983 - ERROR - Attempt 3/3 failed for term 'tea': current transaction is aborted, commands ignored until end of transaction block

2025-05-29 21:49:55,984 - ERROR - Max retries reached for term 'tea'
2025-05-29 21:49:55,997 - ERROR - Attempt 1/3 failed for term 'vomiting': relation "mrconso" does not exist
LINE 3:                     FROM MRCONSO c
                                 ^

2025-05-29 21:49:55,997 - ERROR - Attempt 2/3 failed for term 'vomiting': current transaction is aborted, commands ignored until end of transaction block

2025-05-29 21:49:55,998 - ERROR - Attempt 3/3 failed for term 'vomiting': current transaction is aborted, commands ignored until end of transaction block

2025-05-29 21:49:55,998 - ERROR - Max retries reached for term 'vomiting'
2025-05-29 21:49:56,012 - ERROR - Attempt 1/3 failed for term 'nausea': relation "mrconso" does not exist
LINE 3:                     FROM MRCONSO c
                                 ^

2025-05-29 21:49:56,013 - ERROR - Attempt 2/3 failed for term 'nausea': current transaction is aborted, commands ignored until end of transaction block

2025-05-29 21:49:56,014 - ERROR - Attempt 3/3 failed for term 'nausea': current transaction is aborted, commands ignored until end of transaction block

2025-05-29 21:49:56,014 - ERROR - Max retries reached for term 'nausea'
2025-05-29 21:49:56,027 - ERROR - Attempt 1/3 failed for term 'jaundice': relation "mrconso" does not exist
LINE 3:                     FROM MRCONSO c
                                 ^

2025-05-29 21:49:56,028 - ERROR - Attempt 2/3 failed for term 'jaundice': current transaction is aborted, commands ignored until end of transaction block

2025-05-29 21:49:56,029 - ERROR - Attempt 3/3 failed for term 'jaundice': current transaction is aborted, commands ignored until end of transaction block

2025-05-29 21:49:56,029 - ERROR - Max retries reached for term 'jaundice'
2025-05-29 21:49:56,042 - ERROR - Attempt 1/3 failed for term 'loss of appetite': relation "mrconso" does not exist
LINE 3:                     FROM MRCONSO c
                                 ^

2025-05-29 21:49:56,043 - ERROR - Attempt 2/3 failed for term 'loss of appetite': current transaction is aborted, commands ignored until end of transaction block

2025-05-29 21:49:56,043 - ERROR - Attempt 3/3 failed for term 'loss of appetite': current transaction is aborted, commands ignored until end of transaction block

2025-05-29 21:49:56,044 - ERROR - Max retries reached for term 'loss of appetite'
2025-05-29 21:49:56,060 - WARNING - Failed to fetch semantic type for CUI NO_CUI_nausea and vomiting and loss of appetite the patient has jaundice in the eyes taking foods with fats makes the nausea worse taking strong tea and licking salt alleviates the nausea: relation "mrsty" does not exist
LINE 3:                             FROM MRSTY sty
                                         ^

2025-05-29 21:49:56,170 - ERROR - Attempt 1/3 failed for term 'facial pain': relation "mrconso" does not exist
LINE 3:                     FROM MRCONSO c
                                 ^

2025-05-29 21:49:56,170 - ERROR - Attempt 2/3 failed for term 'facial pain': current transaction is aborted, commands ignored until end of transaction block

2025-05-29 21:49:56,171 - ERROR - Attempt 3/3 failed for term 'facial pain': current transaction is aborted, commands ignored until end of transaction block

2025-05-29 21:49:56,171 - ERROR - Max retries reached for term 'facial pain'
2025-05-29 21:49:56,184 - ERROR - Attempt 1/3 failed for term 'patient': relation "mrconso" does not exist
LINE 3:                     FROM MRCONSO c
                                 ^

2025-05-29 21:49:56,185 - ERROR - Attempt 2/3 failed for term 'patient': current transaction is aborted, commands ignored until end of transaction block

2025-05-29 21:49:56,185 - ERROR - Attempt 3/3 failed for term 'patient': current transaction is aborted, commands ignored until end of transaction block

2025-05-29 21:49:56,186 - ERROR - Max retries reached for term 'patient'
2025-05-29 21:49:56,201 - WARNING - Failed to fetch semantic type for CUI NO_CUI_patient presents with facial pain: relation "mrsty" does not exist
LINE 3:                             FROM MRSTY sty
                                         ^

2025-05-29 21:49:56,292 - ERROR - Attempt 1/3 failed for term 'back pain': relation "mrconso" does not exist
LINE 3:                     FROM MRCONSO c
                                 ^

2025-05-29 21:49:56,292 - ERROR - Attempt 2/3 failed for term 'back pain': current transaction is aborted, commands ignored until end of transaction block

2025-05-29 21:49:56,293 - ERROR - Attempt 3/3 failed for term 'back pain': current transaction is aborted, commands ignored until end of transaction block

2025-05-29 21:49:56,293 - ERROR - Max retries reached for term 'back pain'
2025-05-29 21:49:56,305 - ERROR - Attempt 1/3 failed for term 'weeks': relation "mrconso" does not exist
LINE 3:                     FROM MRCONSO c
                                 ^

2025-05-29 21:49:56,306 - ERROR - Attempt 2/3 failed for term 'weeks': current transaction is aborted, commands ignored until end of transaction block

2025-05-29 21:49:56,307 - ERROR - Attempt 3/3 failed for term 'weeks': current transaction is aborted, commands ignored until end of transaction block

2025-05-29 21:49:56,307 - ERROR - Max retries reached for term 'weeks'
2025-05-29 21:49:56,318 - ERROR - Attempt 1/3 failed for term 'assessment': relation "mrconso" does not exist
LINE 3:                     FROM MRCONSO c
                                 ^

2025-05-29 21:49:56,319 - ERROR - Attempt 2/3 failed for term 'assessment': current transaction is aborted, commands ignored until end of transaction block

2025-05-29 21:49:56,320 - ERROR - Attempt 3/3 failed for term 'assessment': current transaction is aborted, commands ignored until end of transaction block

2025-05-29 21:49:56,320 - ERROR - Max retries reached for term 'assessment'
2025-05-29 21:49:56,337 - ERROR - Attempt 1/3 failed for term 'patient reports': relation "mrconso" does not exist
LINE 3:                     FROM MRCONSO c
                                 ^

2025-05-29 21:49:56,338 - ERROR - Attempt 2/3 failed for term 'patient reports': current transaction is aborted, commands ignored until end of transaction block

2025-05-29 21:49:56,338 - ERROR - Attempt 3/3 failed for term 'patient reports': current transaction is aborted, commands ignored until end of transaction block

2025-05-29 21:49:56,339 - ERROR - Max retries reached for term 'patient reports'
2025-05-29 21:49:56,353 - WARNING - Failed to fetch semantic type for CUI NO_CUI_back pain for two weeks the patient reports backpain for three weeks on assessment: relation "mrsty" does not exist
LINE 3:                             FROM MRSTY sty
                                         ^

2025-05-29 21:49:56,487 - ERROR - Attempt 1/3 failed for term 'standing': relation "mrconso" does not exist
LINE 3:                     FROM MRCONSO c
                                 ^

2025-05-29 21:49:56,488 - ERROR - Attempt 2/3 failed for term 'standing': current transaction is aborted, commands ignored until end of transaction block

2025-05-29 21:49:56,488 - ERROR - Attempt 3/3 failed for term 'standing': current transaction is aborted, commands ignored until end of transaction block

2025-05-29 21:49:56,489 - ERROR - Max retries reached for term 'standing'
2025-05-29 21:49:56,502 - ERROR - Attempt 1/3 failed for term 'stretching': relation "mrconso" does not exist
LINE 3:                     FROM MRCONSO c
                                 ^

2025-05-29 21:49:56,503 - ERROR - Attempt 2/3 failed for term 'stretching': current transaction is aborted, commands ignored until end of transaction block

2025-05-29 21:49:56,504 - ERROR - Attempt 3/3 failed for term 'stretching': current transaction is aborted, commands ignored until end of transaction block

2025-05-29 21:49:56,504 - ERROR - Max retries reached for term 'stretching'
2025-05-29 21:49:56,518 - ERROR - Attempt 1/3 failed for term 'patient': relation "mrconso" does not exist
LINE 3:                     FROM MRCONSO c
                                 ^

2025-05-29 21:49:56,518 - ERROR - Attempt 2/3 failed for term 'patient': current transaction is aborted, commands ignored until end of transaction block

2025-05-29 21:49:56,519 - ERROR - Attempt 3/3 failed for term 'patient': current transaction is aborted, commands ignored until end of transaction block

2025-05-29 21:49:56,520 - ERROR - Max retries reached for term 'patient'
2025-05-29 21:49:56,531 - ERROR - Attempt 1/3 failed for term 'pain': relation "mrconso" does not exist
LINE 3:                     FROM MRCONSO c
                                 ^

2025-05-29 21:49:56,532 - ERROR - Attempt 2/3 failed for term 'pain': current transaction is aborted, commands ignored until end of transaction block

2025-05-29 21:49:56,533 - ERROR - Attempt 3/3 failed for term 'pain': current transaction is aborted, commands ignored until end of transaction block

2025-05-29 21:49:56,534 - ERROR - Max retries reached for term 'pain'
2025-05-29 21:49:56,548 - ERROR - Attempt 1/3 failed for term 'obese': relation "mrconso" does not exist
LINE 3:                     FROM MRCONSO c
                                 ^

2025-05-29 21:49:56,548 - ERROR - Attempt 2/3 failed for term 'obese': current transaction is aborted, commands ignored until end of transaction block

2025-05-29 21:49:56,549 - ERROR - Attempt 3/3 failed for term 'obese': current transaction is aborted, commands ignored until end of transaction block

2025-05-29 21:49:56,549 - ERROR - Max retries reached for term 'obese'
2025-05-29 21:49:56,563 - ERROR - Attempt 1/3 failed for term 'sitting': relation "mrconso" does not exist
LINE 3:                     FROM MRCONSO c
                                 ^

2025-05-29 21:49:56,564 - ERROR - Attempt 2/3 failed for term 'sitting': current transaction is aborted, commands ignored until end of transaction block

2025-05-29 21:49:56,564 - ERROR - Attempt 3/3 failed for term 'sitting': current transaction is aborted, commands ignored until end of transaction block

2025-05-29 21:49:56,565 - ERROR - Max retries reached for term 'sitting'
2025-05-29 21:49:56,578 - ERROR - Attempt 1/3 failed for term 'backpain': relation "mrconso" does not exist
LINE 3:                     FROM MRCONSO c
                                 ^

2025-05-29 21:49:56,579 - ERROR - Attempt 2/3 failed for term 'backpain': current transaction is aborted, commands ignored until end of transaction block

2025-05-29 21:49:56,579 - ERROR - Attempt 3/3 failed for term 'backpain': current transaction is aborted, commands ignored until end of transaction block

2025-05-29 21:49:56,580 - ERROR - Max retries reached for term 'backpain'
2025-05-29 21:49:56,594 - WARNING - Failed to fetch semantic type for CUI NO_CUI_the patient is obese the backpain is made worse by sitting down for long the pain is alleviated by standing and stretching: relation "mrsty" does not exist
LINE 3:                             FROM MRSTY sty
                                         ^

2025-05-29 21:49:56,693 - WARNING - Skipping non-clinical or blocked term: 'days'
2025-05-29 21:49:56,705 - ERROR - Attempt 1/3 failed for term 'facial pain': relation "mrconso" does not exist
LINE 3:                     FROM MRCONSO c
                                 ^

2025-05-29 21:49:56,706 - ERROR - Attempt 2/3 failed for term 'facial pain': current transaction is aborted, commands ignored until end of transaction block

2025-05-29 21:49:56,707 - ERROR - Attempt 3/3 failed for term 'facial pain': current transaction is aborted, commands ignored until end of transaction block

2025-05-29 21:49:56,708 - ERROR - Max retries reached for term 'facial pain'
2025-05-29 21:49:56,727 - ERROR - Attempt 1/3 failed for term 'nasal discharge': relation "mrconso" does not exist
LINE 3:                     FROM MRCONSO c
                                 ^

2025-05-29 21:49:56,728 - ERROR - Attempt 2/3 failed for term 'nasal discharge': current transaction is aborted, commands ignored until end of transaction block

2025-05-29 21:49:56,728 - ERROR - Attempt 3/3 failed for term 'nasal discharge': current transaction is aborted, commands ignored until end of transaction block

2025-05-29 21:49:56,729 - ERROR - Max retries reached for term 'nasal discharge'
2025-05-29 21:49:56,744 - ERROR - Attempt 1/3 failed for term 'fever': relation "mrconso" does not exist
LINE 3:                     FROM MRCONSO c
                                 ^

2025-05-29 21:49:56,745 - ERROR - Attempt 2/3 failed for term 'fever': current transaction is aborted, commands ignored until end of transaction block

2025-05-29 21:49:56,745 - ERROR - Attempt 3/3 failed for term 'fever': current transaction is aborted, commands ignored until end of transaction block

2025-05-29 21:49:56,746 - ERROR - Max retries reached for term 'fever'
2025-05-29 21:49:56,760 - ERROR - Attempt 1/3 failed for term 'maxillary sinuses': relation "mrconso" does not exist
LINE 3:                     FROM MRCONSO c
                                 ^

2025-05-29 21:49:56,761 - ERROR - Attempt 2/3 failed for term 'maxillary sinuses': current transaction is aborted, commands ignored until end of transaction block

2025-05-29 21:49:56,762 - ERROR - Attempt 3/3 failed for term 'maxillary sinuses': current transaction is aborted, commands ignored until end of transaction block

2025-05-29 21:49:56,762 - ERROR - Max retries reached for term 'maxillary sinuses'
2025-05-29 21:49:56,775 - ERROR - Attempt 1/3 failed for term 'purulent': relation "mrconso" does not exist
LINE 3:                     FROM MRCONSO c
                                 ^

2025-05-29 21:49:56,776 - ERROR - Attempt 2/3 failed for term 'purulent': current transaction is aborted, commands ignored until end of transaction block

2025-05-29 21:49:56,777 - ERROR - Attempt 3/3 failed for term 'purulent': current transaction is aborted, commands ignored until end of transaction block

2025-05-29 21:49:56,777 - ERROR - Max retries reached for term 'purulent'
2025-05-29 21:49:56,789 - ERROR - Attempt 1/3 failed for term 'reports': relation "mrconso" does not exist
LINE 3:                     FROM MRCONSO c
                                 ^

2025-05-29 21:49:56,790 - ERROR - Attempt 2/3 failed for term 'reports': current transaction is aborted, commands ignored until end of transaction block

2025-05-29 21:49:56,790 - ERROR - Attempt 3/3 failed for term 'reports': current transaction is aborted, commands ignored until end of transaction block

2025-05-29 21:49:56,791 - ERROR - Max retries reached for term 'reports'
2025-05-29 21:49:56,802 - WARNING - Failed to fetch semantic type for CUI NO_CUI_and fever for 10 days. reports purulent nasal discharge. facial pain over maxillary sinuses: relation "mrsty" does not exist
LINE 3:                             FROM MRSTY sty
                                         ^

2025-05-29 21:49:56,980 - ERROR - Attempt 1/3 failed for term 'sinusitis': relation "mrconso" does not exist
LINE 3:                     FROM MRCONSO c
                                 ^

2025-05-29 21:49:56,981 - ERROR - Attempt 2/3 failed for term 'sinusitis': current transaction is aborted, commands ignored until end of transaction block

2025-05-29 21:49:56,982 - ERROR - Attempt 3/3 failed for term 'sinusitis': current transaction is aborted, commands ignored until end of transaction block

2025-05-29 21:49:56,982 - ERROR - Max retries reached for term 'sinusitis'
2025-05-29 21:49:56,995 - ERROR - Attempt 1/3 failed for term 'pulmonary': relation "mrconso" does not exist
LINE 3:                     FROM MRCONSO c
                                 ^

2025-05-29 21:49:56,996 - ERROR - Attempt 2/3 failed for term 'pulmonary': current transaction is aborted, commands ignored until end of transaction block

2025-05-29 21:49:56,996 - ERROR - Attempt 3/3 failed for term 'pulmonary': current transaction is aborted, commands ignored until end of transaction block

2025-05-29 21:49:56,997 - ERROR - Max retries reached for term 'pulmonary'
2025-05-29 21:49:57,012 - ERROR - Attempt 1/3 failed for term 'stable': relation "mrconso" does not exist
LINE 3:                     FROM MRCONSO c
                                 ^

2025-05-29 21:49:57,013 - ERROR - Attempt 2/3 failed for term 'stable': current transaction is aborted, commands ignored until end of transaction block

2025-05-29 21:49:57,013 - ERROR - Attempt 3/3 failed for term 'stable': current transaction is aborted, commands ignored until end of transaction block

2025-05-29 21:49:57,014 - ERROR - Max retries reached for term 'stable'
2025-05-29 21:49:57,029 - ERROR - Attempt 1/3 failed for term 'diabetes': relation "mrconso" does not exist
LINE 3:                     FROM MRCONSO c
                                 ^

2025-05-29 21:49:57,029 - ERROR - Attempt 2/3 failed for term 'diabetes': current transaction is aborted, commands ignored until end of transaction block

2025-05-29 21:49:57,030 - ERROR - Attempt 3/3 failed for term 'diabetes': current transaction is aborted, commands ignored until end of transaction block

2025-05-29 21:49:57,030 - ERROR - Max retries reached for term 'diabetes'
2025-05-29 21:49:57,044 - ERROR - Attempt 1/3 failed for term 'hypertension': relation "mrconso" does not exist
LINE 3:                     FROM MRCONSO c
                                 ^

2025-05-29 21:49:57,045 - ERROR - Attempt 2/3 failed for term 'hypertension': current transaction is aborted, commands ignored until end of transaction block

2025-05-29 21:49:57,045 - ERROR - Attempt 3/3 failed for term 'hypertension': current transaction is aborted, commands ignored until end of transaction block

2025-05-29 21:49:57,046 - ERROR - Max retries reached for term 'hypertension'
2025-05-29 21:49:57,058 - ERROR - Attempt 1/3 failed for term 'viral sinusitis': relation "mrconso" does not exist
LINE 3:                     FROM MRCONSO c
                                 ^

2025-05-29 21:49:57,059 - ERROR - Attempt 2/3 failed for term 'viral sinusitis': current transaction is aborted, commands ignored until end of transaction block

2025-05-29 21:49:57,060 - ERROR - Attempt 3/3 failed for term 'viral sinusitis': current transaction is aborted, commands ignored until end of transaction block

2025-05-29 21:49:57,060 - ERROR - Max retries reached for term 'viral sinusitis'
2025-05-29 21:49:57,074 - ERROR - Attempt 1/3 failed for term 'acute abnormalities': relation "mrconso" does not exist
LINE 3:                     FROM MRCONSO c
                                 ^

2025-05-29 21:49:57,075 - ERROR - Attempt 2/3 failed for term 'acute abnormalities': current transaction is aborted, commands ignored until end of transaction block

2025-05-29 21:49:57,076 - ERROR - Attempt 3/3 failed for term 'acute abnormalities': current transaction is aborted, commands ignored until end of transaction block

2025-05-29 21:49:57,076 - ERROR - Max retries reached for term 'acute abnormalities'
2025-05-29 21:49:57,088 - ERROR - Attempt 1/3 failed for term 'cardiovascular': relation "mrconso" does not exist
LINE 3:                     FROM MRCONSO c
                                 ^

2025-05-29 21:49:57,089 - ERROR - Attempt 2/3 failed for term 'cardiovascular': current transaction is aborted, commands ignored until end of transaction block

2025-05-29 21:49:57,090 - ERROR - Attempt 3/3 failed for term 'cardiovascular': current transaction is aborted, commands ignored until end of transaction block

2025-05-29 21:49:57,090 - ERROR - Max retries reached for term 'cardiovascular'
2025-05-29 21:49:57,103 - ERROR - Attempt 1/3 failed for term 'headache': relation "mrconso" does not exist
LINE 3:                     FROM MRCONSO c
                                 ^

2025-05-29 21:49:57,103 - ERROR - Attempt 2/3 failed for term 'headache': current transaction is aborted, commands ignored until end of transaction block

2025-05-29 21:49:57,104 - ERROR - Attempt 3/3 failed for term 'headache': current transaction is aborted, commands ignored until end of transaction block

2025-05-29 21:49:57,104 - ERROR - Max retries reached for term 'headache'
2025-05-29 21:49:57,118 - ERROR - Attempt 1/3 failed for term 'endocrine': relation "mrconso" does not exist
LINE 3:                     FROM MRCONSO c
                                 ^

2025-05-29 21:49:57,119 - ERROR - Attempt 2/3 failed for term 'endocrine': current transaction is aborted, commands ignored until end of transaction block

2025-05-29 21:49:57,119 - ERROR - Attempt 3/3 failed for term 'endocrine': current transaction is aborted, commands ignored until end of transaction block

2025-05-29 21:49:57,120 - ERROR - Max retries reached for term 'endocrine'
2025-05-29 21:49:57,133 - ERROR - Attempt 1/3 failed for term 'secondary to': relation "mrconso" does not exist
LINE 3:                     FROM MRCONSO c
                                 ^

2025-05-29 21:49:57,134 - ERROR - Attempt 2/3 failed for term 'secondary to': current transaction is aborted, commands ignored until end of transaction block

2025-05-29 21:49:57,135 - ERROR - Attempt 3/3 failed for term 'secondary to': current transaction is aborted, commands ignored until end of transaction block

2025-05-29 21:49:57,136 - ERROR - Max retries reached for term 'secondary to'
2025-05-29 21:49:57,151 - ERROR - Attempt 1/3 failed for term 'neurological': relation "mrconso" does not exist
LINE 3:                     FROM MRCONSO c
                                 ^

2025-05-29 21:49:57,152 - ERROR - Attempt 2/3 failed for term 'neurological': current transaction is aborted, commands ignored until end of transaction block

2025-05-29 21:49:57,152 - ERROR - Attempt 3/3 failed for term 'neurological': current transaction is aborted, commands ignored until end of transaction block

2025-05-29 21:49:57,153 - ERROR - Max retries reached for term 'neurological'
2025-05-29 21:49:57,172 - ERROR - Attempt 1/3 failed for term 'viral upper': relation "mrconso" does not exist
LINE 3:                     FROM MRCONSO c
                                 ^

2025-05-29 21:49:57,173 - ERROR - Attempt 2/3 failed for term 'viral upper': current transaction is aborted, commands ignored until end of transaction block

2025-05-29 21:49:57,174 - ERROR - Attempt 3/3 failed for term 'viral upper': current transaction is aborted, commands ignored until end of transaction block

2025-05-29 21:49:57,175 - ERROR - Max retries reached for term 'viral upper'
2025-05-29 21:49:57,192 - ERROR - Attempt 1/3 failed for term 'allergic rhinitis': relation "mrconso" does not exist
LINE 3:                     FROM MRCONSO c
                                 ^

2025-05-29 21:49:57,193 - ERROR - Attempt 2/3 failed for term 'allergic rhinitis': current transaction is aborted, commands ignored until end of transaction block

2025-05-29 21:49:57,194 - ERROR - Attempt 3/3 failed for term 'allergic rhinitis': current transaction is aborted, commands ignored until end of transaction block

2025-05-29 21:49:57,194 - ERROR - Max retries reached for term 'allergic rhinitis'
2025-05-29 21:49:57,213 - ERROR - Attempt 1/3 failed for term 'differential': relation "mrconso" does not exist
LINE 3:                     FROM MRCONSO c
                                 ^

2025-05-29 21:49:57,214 - ERROR - Attempt 2/3 failed for term 'differential': current transaction is aborted, commands ignored until end of transaction block

2025-05-29 21:49:57,214 - ERROR - Attempt 3/3 failed for term 'differential': current transaction is aborted, commands ignored until end of transaction block

2025-05-29 21:49:57,214 - ERROR - Max retries reached for term 'differential'
2025-05-29 21:49:57,230 - ERROR - Attempt 1/3 failed for term 'respiratory infection': relation "mrconso" does not exist
LINE 3:                     FROM MRCONSO c
                                 ^

2025-05-29 21:49:57,231 - ERROR - Attempt 2/3 failed for term 'respiratory infection': current transaction is aborted, commands ignored until end of transaction block

2025-05-29 21:49:57,232 - ERROR - Attempt 3/3 failed for term 'respiratory infection': current transaction is aborted, commands ignored until end of transaction block

2025-05-29 21:49:57,232 - ERROR - Max retries reached for term 'respiratory infection'
2025-05-29 21:49:57,248 - WARNING - Failed to fetch semantic type for CUI NO_CUI_likely secondary to recent viral upper respiratory infection. differential includes viral sinusitis or allergic rhinitis. other systems: neurological: headache likely related to sinusitis. endocrine: stable diabetes. cardiovascular: stable hypertension. no acute abnormalities in pulmonary: relation "mrsty" does not exist
LINE 3:                             FROM MRSTY sty
                                         ^

2025-05-29 21:49:57,323 - ERROR - Attempt 1/3 failed for term 'radiating': relation "mrconso" does not exist
LINE 3:                     FROM MRCONSO c
                                 ^

2025-05-29 21:49:57,323 - ERROR - Attempt 2/3 failed for term 'radiating': current transaction is aborted, commands ignored until end of transaction block

2025-05-29 21:49:57,324 - ERROR - Attempt 3/3 failed for term 'radiating': current transaction is aborted, commands ignored until end of transaction block

2025-05-29 21:49:57,324 - ERROR - Max retries reached for term 'radiating'
2025-05-29 21:49:57,336 - ERROR - Attempt 1/3 failed for term 'pain': relation "mrconso" does not exist
LINE 3:                     FROM MRCONSO c
                                 ^

2025-05-29 21:49:57,337 - ERROR - Attempt 2/3 failed for term 'pain': current transaction is aborted, commands ignored until end of transaction block

2025-05-29 21:49:57,337 - ERROR - Attempt 3/3 failed for term 'pain': current transaction is aborted, commands ignored until end of transaction block

2025-05-29 21:49:57,338 - ERROR - Max retries reached for term 'pain'
2025-05-29 21:49:57,354 - WARNING - Failed to fetch semantic type for CUI NO_CUI_radiating pain: relation "mrsty" does not exist
LINE 3:                             FROM MRSTY sty
                                         ^

2025-05-29 21:49:57,458 - ERROR - Attempt 1/3 failed for term 'bilateral': relation "mrconso" does not exist
LINE 3:                     FROM MRCONSO c
                                 ^

2025-05-29 21:49:57,459 - ERROR - Attempt 2/3 failed for term 'bilateral': current transaction is aborted, commands ignored until end of transaction block

2025-05-29 21:49:57,459 - ERROR - Attempt 3/3 failed for term 'bilateral': current transaction is aborted, commands ignored until end of transaction block

2025-05-29 21:49:57,459 - ERROR - Max retries reached for term 'bilateral'
2025-05-29 21:49:57,475 - ERROR - Attempt 1/3 failed for term 'nasal congestion': relation "mrconso" does not exist
LINE 3:                     FROM MRCONSO c
                                 ^

2025-05-29 21:49:57,476 - ERROR - Attempt 2/3 failed for term 'nasal congestion': current transaction is aborted, commands ignored until end of transaction block

2025-05-29 21:49:57,477 - ERROR - Attempt 3/3 failed for term 'nasal congestion': current transaction is aborted, commands ignored until end of transaction block

2025-05-29 21:49:57,477 - ERROR - Max retries reached for term 'nasal congestion'
2025-05-29 21:49:57,493 - WARNING - Failed to fetch semantic type for CUI NO_CUI_bilateral nasal congestion: relation "mrsty" does not exist
LINE 3:                             FROM MRSTY sty
                                         ^

2025-05-29 21:49:57,658 - WARNING - Skipping non-clinical or blocked term: 'days'
2025-05-29 21:49:57,668 - ERROR - Attempt 1/3 failed for term 'shortness of breath': relation "mrconso" does not exist
LINE 3:                     FROM MRCONSO c
                                 ^

2025-05-29 21:49:57,669 - ERROR - Attempt 2/3 failed for term 'shortness of breath': current transaction is aborted, commands ignored until end of transaction block

2025-05-29 21:49:57,670 - ERROR - Attempt 3/3 failed for term 'shortness of breath': current transaction is aborted, commands ignored until end of transaction block

2025-05-29 21:49:57,670 - ERROR - Max retries reached for term 'shortness of breath'
2025-05-29 21:49:57,689 - ERROR - Attempt 1/3 failed for term 'no cough': relation "mrconso" does not exist
LINE 3:                     FROM MRCONSO c
                                 ^

2025-05-29 21:49:57,690 - ERROR - Attempt 2/3 failed for term 'no cough': current transaction is aborted, commands ignored until end of transaction block

2025-05-29 21:49:57,691 - ERROR - Attempt 3/3 failed for term 'no cough': current transaction is aborted, commands ignored until end of transaction block

2025-05-29 21:49:57,691 - ERROR - Max retries reached for term 'no cough'
2025-05-29 21:49:57,706 - ERROR - Attempt 1/3 failed for term 'pulmonary': relation "mrconso" does not exist
LINE 3:                     FROM MRCONSO c
                                 ^

2025-05-29 21:49:57,706 - ERROR - Attempt 2/3 failed for term 'pulmonary': current transaction is aborted, commands ignored until end of transaction block

2025-05-29 21:49:57,707 - ERROR - Attempt 3/3 failed for term 'pulmonary': current transaction is aborted, commands ignored until end of transaction block

2025-05-29 21:49:57,708 - ERROR - Max retries reached for term 'pulmonary'
2025-05-29 21:49:57,721 - ERROR - Attempt 1/3 failed for term 'mild headache': relation "mrconso" does not exist
LINE 3:                     FROM MRCONSO c
                                 ^

2025-05-29 21:49:57,722 - ERROR - Attempt 2/3 failed for term 'mild headache': current transaction is aborted, commands ignored until end of transaction block

2025-05-29 21:49:57,724 - ERROR - Attempt 3/3 failed for term 'mild headache': current transaction is aborted, commands ignored until end of transaction block

2025-05-29 21:49:57,724 - ERROR - Max retries reached for term 'mild headache'
2025-05-29 21:49:57,738 - ERROR - Attempt 1/3 failed for term 'nasal discharge': relation "mrconso" does not exist
LINE 3:                     FROM MRCONSO c
                                 ^

2025-05-29 21:49:57,739 - ERROR - Attempt 2/3 failed for term 'nasal discharge': current transaction is aborted, commands ignored until end of transaction block

2025-05-29 21:49:57,740 - ERROR - Attempt 3/3 failed for term 'nasal discharge': current transaction is aborted, commands ignored until end of transaction block

2025-05-29 21:49:57,740 - ERROR - Max retries reached for term 'nasal discharge'
2025-05-29 21:49:57,752 - ERROR - Attempt 1/3 failed for term 'sinus pain': relation "mrconso" does not exist
LINE 3:                     FROM MRCONSO c
                                 ^

2025-05-29 21:49:57,752 - ERROR - Attempt 2/3 failed for term 'sinus pain': current transaction is aborted, commands ignored until end of transaction block

2025-05-29 21:49:57,753 - ERROR - Attempt 3/3 failed for term 'sinus pain': current transaction is aborted, commands ignored until end of transaction block

2025-05-29 21:49:57,753 - ERROR - Max retries reached for term 'sinus pain'
2025-05-29 21:49:57,766 - ERROR - Attempt 1/3 failed for term 'cardiovascular': relation "mrconso" does not exist
LINE 3:                     FROM MRCONSO c
                                 ^

2025-05-29 21:49:57,767 - ERROR - Attempt 2/3 failed for term 'cardiovascular': current transaction is aborted, commands ignored until end of transaction block

2025-05-29 21:49:57,767 - ERROR - Attempt 3/3 failed for term 'cardiovascular': current transaction is aborted, commands ignored until end of transaction block

2025-05-29 21:49:57,768 - ERROR - Max retries reached for term 'cardiovascular'
2025-05-29 21:49:57,782 - ERROR - Attempt 1/3 failed for term 'palpitations': relation "mrconso" does not exist
LINE 3:                     FROM MRCONSO c
                                 ^

2025-05-29 21:49:57,783 - ERROR - Attempt 2/3 failed for term 'palpitations': current transaction is aborted, commands ignored until end of transaction block

2025-05-29 21:49:57,784 - ERROR - Attempt 3/3 failed for term 'palpitations': current transaction is aborted, commands ignored until end of transaction block

2025-05-29 21:49:57,784 - ERROR - Max retries reached for term 'palpitations'
2025-05-29 21:49:57,796 - ERROR - Attempt 1/3 failed for term 'hearing loss': relation "mrconso" does not exist
LINE 3:                     FROM MRCONSO c
                                 ^

2025-05-29 21:49:57,797 - ERROR - Attempt 2/3 failed for term 'hearing loss': current transaction is aborted, commands ignored until end of transaction block

2025-05-29 21:49:57,797 - ERROR - Attempt 3/3 failed for term 'hearing loss': current transaction is aborted, commands ignored until end of transaction block

2025-05-29 21:49:57,797 - ERROR - Max retries reached for term 'hearing loss'
2025-05-29 21:49:57,809 - ERROR - Attempt 1/3 failed for term 'low-grade': relation "mrconso" does not exist
LINE 3:                     FROM MRCONSO c
                                 ^

2025-05-29 21:49:57,810 - ERROR - Attempt 2/3 failed for term 'low-grade': current transaction is aborted, commands ignored until end of transaction block

2025-05-29 21:49:57,811 - ERROR - Attempt 3/3 failed for term 'low-grade': current transaction is aborted, commands ignored until end of transaction block

2025-05-29 21:49:57,811 - ERROR - Max retries reached for term 'low-grade'
2025-05-29 21:49:57,832 - ERROR - Attempt 1/3 failed for term 'chest pain': relation "mrconso" does not exist
LINE 3:                     FROM MRCONSO c
                                 ^

2025-05-29 21:49:57,834 - ERROR - Attempt 2/3 failed for term 'chest pain': current transaction is aborted, commands ignored until end of transaction block

2025-05-29 21:49:57,835 - ERROR - Attempt 3/3 failed for term 'chest pain': current transaction is aborted, commands ignored until end of transaction block

2025-05-29 21:49:57,835 - ERROR - Max retries reached for term 'chest pain'
2025-05-29 21:49:57,854 - ERROR - Attempt 1/3 failed for term 'purulent': relation "mrconso" does not exist
LINE 3:                     FROM MRCONSO c
                                 ^

2025-05-29 21:49:57,856 - ERROR - Attempt 2/3 failed for term 'purulent': current transaction is aborted, commands ignored until end of transaction block

2025-05-29 21:49:57,857 - ERROR - Attempt 3/3 failed for term 'purulent': current transaction is aborted, commands ignored until end of transaction block

2025-05-29 21:49:57,857 - ERROR - Max retries reached for term 'purulent'
2025-05-29 21:49:57,873 - ERROR - Attempt 1/3 failed for term 'neurological': relation "mrconso" does not exist
LINE 3:                     FROM MRCONSO c
                                 ^

2025-05-29 21:49:57,873 - ERROR - Attempt 2/3 failed for term 'neurological': current transaction is aborted, commands ignored until end of transaction block

2025-05-29 21:49:57,874 - ERROR - Attempt 3/3 failed for term 'neurological': current transaction is aborted, commands ignored until end of transaction block

2025-05-29 21:49:57,874 - ERROR - Max retries reached for term 'neurological'
2025-05-29 21:49:57,889 - ERROR - Attempt 1/3 failed for term 'associated with': relation "mrconso" does not exist
LINE 3:                     FROM MRCONSO c
                                 ^

2025-05-29 21:49:57,890 - ERROR - Attempt 2/3 failed for term 'associated with': current transaction is aborted, commands ignored until end of transaction block

2025-05-29 21:49:57,891 - ERROR - Attempt 3/3 failed for term 'associated with': current transaction is aborted, commands ignored until end of transaction block

2025-05-29 21:49:57,892 - ERROR - Max retries reached for term 'associated with'
2025-05-29 21:49:57,907 - WARNING - Failed to fetch semantic type for CUI NO_CUI_and purulent nasal discharge for 10 days. low-grade fever (up to 100.5°f). no sore throat or hearing loss. pulmonary: no cough or shortness of breath. cardiovascular: no chest pain or palpitations. neurological: mild headache associated with sinus pain: relation "mrsty" does not exist
LINE 3:                             FROM MRSTY sty
                                         ^

2025-05-29 21:49:58,203 - ERROR - Attempt 1/3 failed for term 'acute': relation "mrconso" does not exist
LINE 3:                     FROM MRCONSO c
                                 ^

2025-05-29 21:49:58,204 - ERROR - Attempt 2/3 failed for term 'acute': current transaction is aborted, commands ignored until end of transaction block

2025-05-29 21:49:58,204 - ERROR - Attempt 3/3 failed for term 'acute': current transaction is aborted, commands ignored until end of transaction block

2025-05-29 21:49:58,204 - ERROR - Max retries reached for term 'acute'
2025-05-29 21:49:58,217 - ERROR - Attempt 1/3 failed for term 'bacterial sinusitis': relation "mrconso" does not exist
LINE 3:                     FROM MRCONSO c
                                 ^

2025-05-29 21:49:58,218 - ERROR - Attempt 2/3 failed for term 'bacterial sinusitis': current transaction is aborted, commands ignored until end of transaction block

2025-05-29 21:49:58,219 - ERROR - Attempt 3/3 failed for term 'bacterial sinusitis': current transaction is aborted, commands ignored until end of transaction block

2025-05-29 21:49:58,219 - ERROR - Max retries reached for term 'bacterial sinusitis'
2025-05-29 21:49:58,233 - ERROR - Attempt 1/3 failed for term 'no joint pain': relation "mrconso" does not exist
LINE 3:                     FROM MRCONSO c
                                 ^

2025-05-29 21:49:58,235 - ERROR - Attempt 2/3 failed for term 'no joint pain': current transaction is aborted, commands ignored until end of transaction block

2025-05-29 21:49:58,235 - ERROR - Attempt 3/3 failed for term 'no joint pain': current transaction is aborted, commands ignored until end of transaction block

2025-05-29 21:49:58,236 - ERROR - Max retries reached for term 'no joint pain'
2025-05-29 21:49:58,250 - ERROR - Attempt 1/3 failed for term 'no dizziness': relation "mrconso" does not exist
LINE 3:                     FROM MRCONSO c
                                 ^

2025-05-29 21:49:58,250 - ERROR - Attempt 2/3 failed for term 'no dizziness': current transaction is aborted, commands ignored until end of transaction block

2025-05-29 21:49:58,251 - ERROR - Attempt 3/3 failed for term 'no dizziness': current transaction is aborted, commands ignored until end of transaction block

2025-05-29 21:49:58,251 - ERROR - Max retries reached for term 'no dizziness'
2025-05-29 21:49:58,263 - ERROR - Attempt 1/3 failed for term 'weight changes': relation "mrconso" does not exist
LINE 3:                     FROM MRCONSO c
                                 ^

2025-05-29 21:49:58,264 - ERROR - Attempt 2/3 failed for term 'weight changes': current transaction is aborted, commands ignored until end of transaction block

2025-05-29 21:49:58,266 - ERROR - Attempt 3/3 failed for term 'weight changes': current transaction is aborted, commands ignored until end of transaction block

2025-05-29 21:49:58,266 - ERROR - Max retries reached for term 'weight changes'
2025-05-29 21:49:58,278 - ERROR - Attempt 1/3 failed for term 'bruising': relation "mrconso" does not exist
LINE 3:                     FROM MRCONSO c
                                 ^

2025-05-29 21:49:58,279 - ERROR - Attempt 2/3 failed for term 'bruising': current transaction is aborted, commands ignored until end of transaction block

2025-05-29 21:49:58,280 - ERROR - Attempt 3/3 failed for term 'bruising': current transaction is aborted, commands ignored until end of transaction block

2025-05-29 21:49:58,280 - ERROR - Max retries reached for term 'bruising'
2025-05-29 21:49:58,294 - ERROR - Attempt 1/3 failed for term 'ophthalmologic': relation "mrconso" does not exist
LINE 3:                     FROM MRCONSO c
                                 ^

2025-05-29 21:49:58,295 - ERROR - Attempt 2/3 failed for term 'ophthalmologic': current transaction is aborted, commands ignored until end of transaction block

2025-05-29 21:49:58,295 - ERROR - Attempt 3/3 failed for term 'ophthalmologic': current transaction is aborted, commands ignored until end of transaction block

2025-05-29 21:49:58,296 - ERROR - Max retries reached for term 'ophthalmologic'
2025-05-29 21:49:58,309 - ERROR - Attempt 1/3 failed for term 'dermatologic': relation "mrconso" does not exist
LINE 3:                     FROM MRCONSO c
                                 ^

2025-05-29 21:49:58,309 - ERROR - Attempt 2/3 failed for term 'dermatologic': current transaction is aborted, commands ignored until end of transaction block

2025-05-29 21:49:58,310 - ERROR - Attempt 3/3 failed for term 'dermatologic': current transaction is aborted, commands ignored until end of transaction block

2025-05-29 21:49:58,310 - ERROR - Max retries reached for term 'dermatologic'
2025-05-29 21:49:58,323 - ERROR - Attempt 1/3 failed for term 'no rashes': relation "mrconso" does not exist
LINE 3:                     FROM MRCONSO c
                                 ^

2025-05-29 21:49:58,324 - ERROR - Attempt 2/3 failed for term 'no rashes': current transaction is aborted, commands ignored until end of transaction block

2025-05-29 21:49:58,324 - ERROR - Attempt 3/3 failed for term 'no rashes': current transaction is aborted, commands ignored until end of transaction block

2025-05-29 21:49:58,325 - ERROR - Max retries reached for term 'no rashes'
2025-05-29 21:49:58,337 - ERROR - Attempt 1/3 failed for term 'endocrine': relation "mrconso" does not exist
LINE 3:                     FROM MRCONSO c
                                 ^

2025-05-29 21:49:58,338 - ERROR - Attempt 2/3 failed for term 'endocrine': current transaction is aborted, commands ignored until end of transaction block

2025-05-29 21:49:58,339 - ERROR - Attempt 3/3 failed for term 'endocrine': current transaction is aborted, commands ignored until end of transaction block

2025-05-29 21:49:58,339 - ERROR - Max retries reached for term 'endocrine'
2025-05-29 21:49:58,340 - WARNING - Skipping non-clinical or blocked term: 'psychiatric'
2025-05-29 21:49:58,354 - ERROR - Attempt 1/3 failed for term 'nausea': relation "mrconso" does not exist
LINE 3:                     FROM MRCONSO c
                                 ^

2025-05-29 21:49:58,355 - ERROR - Attempt 2/3 failed for term 'nausea': current transaction is aborted, commands ignored until end of transaction block

2025-05-29 21:49:58,356 - ERROR - Attempt 3/3 failed for term 'nausea': current transaction is aborted, commands ignored until end of transaction block

2025-05-29 21:49:58,356 - ERROR - Max retries reached for term 'nausea'
2025-05-29 21:49:58,360 - WARNING - Skipping non-clinical or blocked term: 'symptoms'
2025-05-29 21:49:58,363 - WARNING - Skipping non-clinical or blocked term: 'hematologic'
2025-05-29 21:49:58,380 - ERROR - Attempt 1/3 failed for term 'bleeding': relation "mrconso" does not exist
LINE 3:                     FROM MRCONSO c
                                 ^

2025-05-29 21:49:58,382 - ERROR - Attempt 2/3 failed for term 'bleeding': current transaction is aborted, commands ignored until end of transaction block

2025-05-29 21:49:58,384 - ERROR - Attempt 3/3 failed for term 'bleeding': current transaction is aborted, commands ignored until end of transaction block

2025-05-29 21:49:58,385 - ERROR - Max retries reached for term 'bleeding'
2025-05-29 21:49:58,403 - ERROR - Attempt 1/3 failed for term 'primary assessment': relation "mrconso" does not exist
LINE 3:                     FROM MRCONSO c
                                 ^

2025-05-29 21:49:58,405 - ERROR - Attempt 2/3 failed for term 'primary assessment': current transaction is aborted, commands ignored until end of transaction block

2025-05-29 21:49:58,405 - ERROR - Attempt 3/3 failed for term 'primary assessment': current transaction is aborted, commands ignored until end of transaction block

2025-05-29 21:49:58,406 - ERROR - Max retries reached for term 'primary assessment'
2025-05-29 21:49:58,409 - WARNING - Skipping non-clinical or blocked term: 'vision'
2025-05-29 21:49:58,426 - ERROR - Attempt 1/3 failed for term 'consistent with': relation "mrconso" does not exist
LINE 3:                     FROM MRCONSO c
                                 ^

2025-05-29 21:49:58,427 - ERROR - Attempt 2/3 failed for term 'consistent with': current transaction is aborted, commands ignored until end of transaction block

2025-05-29 21:49:58,427 - ERROR - Attempt 3/3 failed for term 'consistent with': current transaction is aborted, commands ignored until end of transaction block

2025-05-29 21:49:58,428 - ERROR - Max retries reached for term 'consistent with'
2025-05-29 21:49:58,444 - ERROR - Attempt 1/3 failed for term 'genitourinary': relation "mrconso" does not exist
LINE 3:                     FROM MRCONSO c
                                 ^

2025-05-29 21:49:58,445 - ERROR - Attempt 2/3 failed for term 'genitourinary': current transaction is aborted, commands ignored until end of transaction block

2025-05-29 21:49:58,446 - ERROR - Attempt 3/3 failed for term 'genitourinary': current transaction is aborted, commands ignored until end of transaction block

2025-05-29 21:49:58,446 - ERROR - Max retries reached for term 'genitourinary'
2025-05-29 21:49:58,447 - WARNING - Skipping non-clinical or blocked term: 'gastrointestinal'
2025-05-29 21:49:58,462 - ERROR - Attempt 1/3 failed for term 'diarrhea': relation "mrconso" does not exist
LINE 3:                     FROM MRCONSO c
                                 ^

2025-05-29 21:49:58,463 - ERROR - Attempt 2/3 failed for term 'diarrhea': current transaction is aborted, commands ignored until end of transaction block

2025-05-29 21:49:58,463 - ERROR - Attempt 3/3 failed for term 'diarrhea': current transaction is aborted, commands ignored until end of transaction block

2025-05-29 21:49:58,464 - ERROR - Max retries reached for term 'diarrhea'
2025-05-29 21:49:58,484 - ERROR - Attempt 1/3 failed for term 'mood changes': relation "mrconso" does not exist
LINE 3:                     FROM MRCONSO c
                                 ^

2025-05-29 21:49:58,485 - ERROR - Attempt 2/3 failed for term 'mood changes': current transaction is aborted, commands ignored until end of transaction block

2025-05-29 21:49:58,486 - ERROR - Attempt 3/3 failed for term 'mood changes': current transaction is aborted, commands ignored until end of transaction block

2025-05-29 21:49:58,486 - ERROR - Max retries reached for term 'mood changes'
2025-05-29 21:49:58,504 - ERROR - Attempt 1/3 failed for term 'lesions': relation "mrconso" does not exist
LINE 3:                     FROM MRCONSO c
                                 ^

2025-05-29 21:49:58,506 - ERROR - Attempt 2/3 failed for term 'lesions': current transaction is aborted, commands ignored until end of transaction block

2025-05-29 21:49:58,507 - ERROR - Attempt 3/3 failed for term 'lesions': current transaction is aborted, commands ignored until end of transaction block

2025-05-29 21:49:58,507 - ERROR - Max retries reached for term 'lesions'
2025-05-29 21:49:58,524 - ERROR - Attempt 1/3 failed for term 'stiffness': relation "mrconso" does not exist
LINE 3:                     FROM MRCONSO c
                                 ^

2025-05-29 21:49:58,525 - ERROR - Attempt 2/3 failed for term 'stiffness': current transaction is aborted, commands ignored until end of transaction block

2025-05-29 21:49:58,525 - ERROR - Attempt 3/3 failed for term 'stiffness': current transaction is aborted, commands ignored until end of transaction block

2025-05-29 21:49:58,525 - ERROR - Max retries reached for term 'stiffness'
2025-05-29 21:49:58,540 - ERROR - Attempt 1/3 failed for term 'urinary changes': relation "mrconso" does not exist
LINE 3:                     FROM MRCONSO c
                                 ^

2025-05-29 21:49:58,541 - ERROR - Attempt 2/3 failed for term 'urinary changes': current transaction is aborted, commands ignored until end of transaction block

2025-05-29 21:49:58,542 - ERROR - Attempt 3/3 failed for term 'urinary changes': current transaction is aborted, commands ignored until end of transaction block

2025-05-29 21:49:58,542 - ERROR - Max retries reached for term 'urinary changes'
2025-05-29 21:49:58,557 - WARNING - Failed to fetch semantic type for CUI NO_CUI_no dizziness. musculoskeletal: no joint pain or stiffness. gastrointestinal: no nausea or diarrhea. genitourinary: no urinary changes. endocrine: no weight changes or thirst. hematologic: no easy bruising or bleeding. dermatologic: no rashes or lesions. psychiatric: no mood changes. ophthalmologic: no vision changes. primary assessment: symptoms consistent with acute bacterial sinusitis: relation "mrsty" does not exist
LINE 3:                             FROM MRSTY sty
                                         ^

2025-05-29 21:51:53,003 - ERROR - Failed to initialize NLP pipeline: [E893] Could not find function 'replace_tokenizer' in function registry 'callbacks'. If you're using a custom function, make sure the code is available. If the function is provided by a third-party package, e.g. spacy-transformers, make sure the package is installed in your environment.

Available names: spacy.copy_from_base_model.v1, spacy.models_and_pipes_with_nvtx_range.v1, spacy.models_with_nvtx_range.v1
2025-05-29 21:51:53,919 - WARNING - Using fallback spacy pipeline without parser, ner, or linker
2025-05-29 21:51:53,920 - ERROR - Failed to add symptom rules: "[E001] No component 'medspacy_target_matcher' found in pipeline. Available names: ['sentencizer', 'tok2vec', 'tagger', 'attribute_ruler', 'lemmatizer', 'parser', 'ner']"
2025-05-29 21:51:53,940 - ERROR - Failed to create MongoDB indexes: An existing index has the same name as the requested index. When index names are not specified, they are auto generated and can cause conflicts. Please refer to our documentation. Requested index: { v: 2, unique: true, key: { term: 1 }, name: "term_1" }, existing index: { v: 2, key: { term: 1 }, name: "term_1" }, full error: {'ok': 0.0, 'errmsg': 'An existing index has the same name as the requested index. When index names are not specified, they are auto generated and can cause conflicts. Please refer to our documentation. Requested index: { v: 2, unique: true, key: { term: 1 }, name: "term_1" }, existing index: { v: 2, key: { term: 1 }, name: "term_1" }', 'code': 86, 'codeName': 'IndexKeySpecsConflict'}
2025-05-29 21:51:54,787 - ERROR - Attempt 1/3 failed for term 'facial pain': relation "mrconso" does not exist
LINE 3:                     FROM MRCONSO c
                                 ^

2025-05-29 21:51:54,788 - ERROR - Attempt 2/3 failed for term 'facial pain': current transaction is aborted, commands ignored until end of transaction block

2025-05-29 21:51:54,788 - ERROR - Attempt 3/3 failed for term 'facial pain': current transaction is aborted, commands ignored until end of transaction block

2025-05-29 21:51:54,788 - ERROR - Max retries reached for term 'facial pain'
2025-05-29 21:51:54,802 - WARNING - Failed to fetch semantic type for CUI NO_CUI_facial pain: relation "mrsty" does not exist
LINE 3:                             FROM MRSTY sty
                                         ^

2025-05-29 21:51:54,890 - ERROR - Attempt 1/3 failed for term 'nasal congestion': relation "mrconso" does not exist
LINE 3:                     FROM MRCONSO c
                                 ^

2025-05-29 21:51:54,891 - ERROR - Attempt 2/3 failed for term 'nasal congestion': current transaction is aborted, commands ignored until end of transaction block

2025-05-29 21:51:54,891 - ERROR - Attempt 3/3 failed for term 'nasal congestion': current transaction is aborted, commands ignored until end of transaction block

2025-05-29 21:51:54,892 - ERROR - Max retries reached for term 'nasal congestion'
2025-05-29 21:51:54,908 - WARNING - Failed to fetch semantic type for CUI NO_CUI_nasal congestion: relation "mrsty" does not exist
LINE 3:                             FROM MRSTY sty
                                         ^

2025-05-29 21:51:55,015 - ERROR - Attempt 1/3 failed for term 'purulent': relation "mrconso" does not exist
LINE 3:                     FROM MRCONSO c
                                 ^

2025-05-29 21:51:55,015 - ERROR - Attempt 2/3 failed for term 'purulent': current transaction is aborted, commands ignored until end of transaction block

2025-05-29 21:51:55,016 - ERROR - Attempt 3/3 failed for term 'purulent': current transaction is aborted, commands ignored until end of transaction block

2025-05-29 21:51:55,016 - ERROR - Max retries reached for term 'purulent'
2025-05-29 21:51:55,028 - ERROR - Attempt 1/3 failed for term 'nasal discharge': relation "mrconso" does not exist
LINE 3:                     FROM MRCONSO c
                                 ^

2025-05-29 21:51:55,029 - ERROR - Attempt 2/3 failed for term 'nasal discharge': current transaction is aborted, commands ignored until end of transaction block

2025-05-29 21:51:55,029 - ERROR - Attempt 3/3 failed for term 'nasal discharge': current transaction is aborted, commands ignored until end of transaction block

2025-05-29 21:51:55,029 - ERROR - Max retries reached for term 'nasal discharge'
2025-05-29 21:51:55,045 - WARNING - Failed to fetch semantic type for CUI NO_CUI_purulent nasal discharge: relation "mrsty" does not exist
LINE 3:                             FROM MRSTY sty
                                         ^

2025-05-29 21:51:55,150 - ERROR - Attempt 1/3 failed for term 'fever': relation "mrconso" does not exist
LINE 3:                     FROM MRCONSO c
                                 ^

2025-05-29 21:51:55,151 - ERROR - Attempt 2/3 failed for term 'fever': current transaction is aborted, commands ignored until end of transaction block

2025-05-29 21:51:55,152 - ERROR - Attempt 3/3 failed for term 'fever': current transaction is aborted, commands ignored until end of transaction block

2025-05-29 21:51:55,152 - ERROR - Max retries reached for term 'fever'
2025-05-29 21:51:55,166 - WARNING - Failed to fetch semantic type for CUI NO_CUI_fever: relation "mrsty" does not exist
LINE 3:                             FROM MRSTY sty
                                         ^

2025-05-29 21:51:55,260 - WARNING - Skipping non-clinical or blocked term: 'days'
2025-05-29 21:51:55,269 - ERROR - Attempt 1/3 failed for term 'facial pain': relation "mrconso" does not exist
LINE 3:                     FROM MRCONSO c
                                 ^

2025-05-29 21:51:55,270 - ERROR - Attempt 2/3 failed for term 'facial pain': current transaction is aborted, commands ignored until end of transaction block

2025-05-29 21:51:55,271 - ERROR - Attempt 3/3 failed for term 'facial pain': current transaction is aborted, commands ignored until end of transaction block

2025-05-29 21:51:55,271 - ERROR - Max retries reached for term 'facial pain'
2025-05-29 21:51:55,286 - ERROR - Attempt 1/3 failed for term 'nasal discharge': relation "mrconso" does not exist
LINE 3:                     FROM MRCONSO c
                                 ^

2025-05-29 21:51:55,288 - ERROR - Attempt 2/3 failed for term 'nasal discharge': current transaction is aborted, commands ignored until end of transaction block

2025-05-29 21:51:55,288 - ERROR - Attempt 3/3 failed for term 'nasal discharge': current transaction is aborted, commands ignored until end of transaction block

2025-05-29 21:51:55,289 - ERROR - Max retries reached for term 'nasal discharge'
2025-05-29 21:51:55,305 - ERROR - Attempt 1/3 failed for term 'fever': relation "mrconso" does not exist
LINE 3:                     FROM MRCONSO c
                                 ^

2025-05-29 21:51:55,306 - ERROR - Attempt 2/3 failed for term 'fever': current transaction is aborted, commands ignored until end of transaction block

2025-05-29 21:51:55,307 - ERROR - Attempt 3/3 failed for term 'fever': current transaction is aborted, commands ignored until end of transaction block

2025-05-29 21:51:55,307 - ERROR - Max retries reached for term 'fever'
2025-05-29 21:51:55,322 - ERROR - Attempt 1/3 failed for term 'patient': relation "mrconso" does not exist
LINE 3:                     FROM MRCONSO c
                                 ^

2025-05-29 21:51:55,323 - ERROR - Attempt 2/3 failed for term 'patient': current transaction is aborted, commands ignored until end of transaction block

2025-05-29 21:51:55,324 - ERROR - Attempt 3/3 failed for term 'patient': current transaction is aborted, commands ignored until end of transaction block

2025-05-29 21:51:55,325 - ERROR - Max retries reached for term 'patient'
2025-05-29 21:51:55,343 - ERROR - Attempt 1/3 failed for term 'nasal congestion': relation "mrconso" does not exist
LINE 3:                     FROM MRCONSO c
                                 ^

2025-05-29 21:51:55,344 - ERROR - Attempt 2/3 failed for term 'nasal congestion': current transaction is aborted, commands ignored until end of transaction block

2025-05-29 21:51:55,345 - ERROR - Attempt 3/3 failed for term 'nasal congestion': current transaction is aborted, commands ignored until end of transaction block

2025-05-29 21:51:55,345 - ERROR - Max retries reached for term 'nasal congestion'
2025-05-29 21:51:55,362 - ERROR - Attempt 1/3 failed for term 'purulent': relation "mrconso" does not exist
LINE 3:                     FROM MRCONSO c
                                 ^

2025-05-29 21:51:55,363 - ERROR - Attempt 2/3 failed for term 'purulent': current transaction is aborted, commands ignored until end of transaction block

2025-05-29 21:51:55,363 - ERROR - Attempt 3/3 failed for term 'purulent': current transaction is aborted, commands ignored until end of transaction block

2025-05-29 21:51:55,364 - ERROR - Max retries reached for term 'purulent'
2025-05-29 21:51:55,380 - ERROR - Attempt 1/3 failed for term 'reports': relation "mrconso" does not exist
LINE 3:                     FROM MRCONSO c
                                 ^

2025-05-29 21:51:55,381 - ERROR - Attempt 2/3 failed for term 'reports': current transaction is aborted, commands ignored until end of transaction block

2025-05-29 21:51:55,382 - ERROR - Attempt 3/3 failed for term 'reports': current transaction is aborted, commands ignored until end of transaction block

2025-05-29 21:51:55,382 - ERROR - Max retries reached for term 'reports'
2025-05-29 21:51:55,398 - WARNING - Failed to fetch semantic type for CUI NO_CUI_patient presents with facial pain, nasal congestion, and fever for 10 days. reports purulent nasal discharge.: relation "mrsty" does not exist
LINE 3:                             FROM MRSTY sty
                                         ^

2025-05-29 21:51:55,476 - ERROR - Attempt 1/3 failed for term 'headache': relation "mrconso" does not exist
LINE 3:                     FROM MRCONSO c
                                 ^

2025-05-29 21:51:55,477 - ERROR - Attempt 2/3 failed for term 'headache': current transaction is aborted, commands ignored until end of transaction block

2025-05-29 21:51:55,477 - ERROR - Attempt 3/3 failed for term 'headache': current transaction is aborted, commands ignored until end of transaction block

2025-05-29 21:51:55,478 - ERROR - Max retries reached for term 'headache'
2025-05-29 21:51:55,490 - WARNING - Failed to fetch semantic type for CUI NO_CUI_headache: relation "mrsty" does not exist
LINE 3:                             FROM MRSTY sty
                                         ^

2025-05-29 21:51:55,583 - ERROR - Attempt 1/3 failed for term 'headache': relation "mrconso" does not exist
LINE 3:                     FROM MRCONSO c
                                 ^

2025-05-29 21:51:55,584 - ERROR - Attempt 2/3 failed for term 'headache': current transaction is aborted, commands ignored until end of transaction block

2025-05-29 21:51:55,585 - ERROR - Attempt 3/3 failed for term 'headache': current transaction is aborted, commands ignored until end of transaction block

2025-05-29 21:51:55,585 - ERROR - Max retries reached for term 'headache'
2025-05-29 21:51:55,600 - ERROR - Attempt 1/3 failed for term 'patient complains': relation "mrconso" does not exist
LINE 3:                     FROM MRCONSO c
                                 ^

2025-05-29 21:51:55,601 - ERROR - Attempt 2/3 failed for term 'patient complains': current transaction is aborted, commands ignored until end of transaction block

2025-05-29 21:51:55,602 - ERROR - Attempt 3/3 failed for term 'patient complains': current transaction is aborted, commands ignored until end of transaction block

2025-05-29 21:51:55,602 - ERROR - Max retries reached for term 'patient complains'
2025-05-29 21:51:55,617 - WARNING - Failed to fetch semantic type for CUI NO_CUI_patient complains of headache: relation "mrsty" does not exist
LINE 3:                             FROM MRSTY sty
                                         ^

2025-05-29 21:51:55,690 - ERROR - Attempt 1/3 failed for term 'back pain': relation "mrconso" does not exist
LINE 3:                     FROM MRCONSO c
                                 ^

2025-05-29 21:51:55,690 - ERROR - Attempt 2/3 failed for term 'back pain': current transaction is aborted, commands ignored until end of transaction block

2025-05-29 21:51:55,691 - ERROR - Attempt 3/3 failed for term 'back pain': current transaction is aborted, commands ignored until end of transaction block

2025-05-29 21:51:55,691 - ERROR - Max retries reached for term 'back pain'
2025-05-29 21:51:55,703 - WARNING - Failed to fetch semantic type for CUI NO_CUI_back pain: relation "mrsty" does not exist
LINE 3:                             FROM MRSTY sty
                                         ^

2025-05-29 21:51:55,798 - ERROR - Attempt 1/3 failed for term 'movement': relation "mrconso" does not exist
LINE 3:                     FROM MRCONSO c
                                 ^

2025-05-29 21:51:55,799 - ERROR - Attempt 2/3 failed for term 'movement': current transaction is aborted, commands ignored until end of transaction block

2025-05-29 21:51:55,800 - ERROR - Attempt 3/3 failed for term 'movement': current transaction is aborted, commands ignored until end of transaction block

2025-05-29 21:51:55,800 - ERROR - Max retries reached for term 'movement'
2025-05-29 21:51:55,814 - ERROR - Attempt 1/3 failed for term 'pain': relation "mrconso" does not exist
LINE 3:                     FROM MRCONSO c
                                 ^

2025-05-29 21:51:55,815 - ERROR - Attempt 2/3 failed for term 'pain': current transaction is aborted, commands ignored until end of transaction block

2025-05-29 21:51:55,816 - ERROR - Attempt 3/3 failed for term 'pain': current transaction is aborted, commands ignored until end of transaction block

2025-05-29 21:51:55,816 - ERROR - Max retries reached for term 'pain'
2025-05-29 21:51:55,833 - WARNING - Failed to fetch semantic type for CUI NO_CUI_pain on movement: relation "mrsty" does not exist
LINE 3:                             FROM MRSTY sty
                                         ^

2025-05-29 21:51:55,907 - ERROR - Attempt 1/3 failed for term 'obesity': relation "mrconso" does not exist
LINE 3:                     FROM MRCONSO c
                                 ^

2025-05-29 21:51:55,908 - ERROR - Attempt 2/3 failed for term 'obesity': current transaction is aborted, commands ignored until end of transaction block

2025-05-29 21:51:55,909 - ERROR - Attempt 3/3 failed for term 'obesity': current transaction is aborted, commands ignored until end of transaction block

2025-05-29 21:51:55,910 - ERROR - Max retries reached for term 'obesity'
2025-05-29 21:51:55,926 - WARNING - Failed to fetch semantic type for CUI NO_CUI_obesity: relation "mrsty" does not exist
LINE 3:                             FROM MRSTY sty
                                         ^

2025-05-29 21:51:56,034 - ERROR - Attempt 1/3 failed for term 'back pain': relation "mrconso" does not exist
LINE 3:                     FROM MRCONSO c
                                 ^

2025-05-29 21:51:56,035 - ERROR - Attempt 2/3 failed for term 'back pain': current transaction is aborted, commands ignored until end of transaction block

2025-05-29 21:51:56,035 - ERROR - Attempt 3/3 failed for term 'back pain': current transaction is aborted, commands ignored until end of transaction block

2025-05-29 21:51:56,035 - ERROR - Max retries reached for term 'back pain'
2025-05-29 21:51:56,052 - ERROR - Attempt 1/3 failed for term 'weeks': relation "mrconso" does not exist
LINE 3:                     FROM MRCONSO c
                                 ^

2025-05-29 21:51:56,054 - ERROR - Attempt 2/3 failed for term 'weeks': current transaction is aborted, commands ignored until end of transaction block

2025-05-29 21:51:56,055 - ERROR - Attempt 3/3 failed for term 'weeks': current transaction is aborted, commands ignored until end of transaction block

2025-05-29 21:51:56,055 - ERROR - Max retries reached for term 'weeks'
2025-05-29 21:51:56,074 - WARNING - Failed to fetch semantic type for CUI NO_CUI_back pain for two weeks: relation "mrsty" does not exist
LINE 3:                             FROM MRSTY sty
                                         ^

2025-05-29 21:51:56,171 - WARNING - Skipping non-clinical or blocked term: 'days'
2025-05-29 21:51:56,182 - ERROR - Attempt 1/3 failed for term 'patient complains': relation "mrconso" does not exist
LINE 3:                     FROM MRCONSO c
                                 ^

2025-05-29 21:51:56,183 - ERROR - Attempt 2/3 failed for term 'patient complains': current transaction is aborted, commands ignored until end of transaction block

2025-05-29 21:51:56,184 - ERROR - Attempt 3/3 failed for term 'patient complains': current transaction is aborted, commands ignored until end of transaction block

2025-05-29 21:51:56,184 - ERROR - Max retries reached for term 'patient complains'
2025-05-29 21:51:56,185 - WARNING - Skipping non-clinical or blocked term: 'chills'
2025-05-29 21:51:56,201 - ERROR - Attempt 1/3 failed for term 'fevers': relation "mrconso" does not exist
LINE 3:                     FROM MRCONSO c
                                 ^

2025-05-29 21:51:56,202 - ERROR - Attempt 2/3 failed for term 'fevers': current transaction is aborted, commands ignored until end of transaction block

2025-05-29 21:51:56,204 - ERROR - Attempt 3/3 failed for term 'fevers': current transaction is aborted, commands ignored until end of transaction block

2025-05-29 21:51:56,204 - ERROR - Max retries reached for term 'fevers'
2025-05-29 21:51:56,220 - ERROR - Attempt 1/3 failed for term 'headache': relation "mrconso" does not exist
LINE 3:                     FROM MRCONSO c
                                 ^

2025-05-29 21:51:56,221 - ERROR - Attempt 2/3 failed for term 'headache': current transaction is aborted, commands ignored until end of transaction block

2025-05-29 21:51:56,222 - ERROR - Attempt 3/3 failed for term 'headache': current transaction is aborted, commands ignored until end of transaction block

2025-05-29 21:51:56,222 - ERROR - Max retries reached for term 'headache'
2025-05-29 21:51:56,238 - ERROR - Attempt 1/3 failed for term 'associated with': relation "mrconso" does not exist
LINE 3:                     FROM MRCONSO c
                                 ^

2025-05-29 21:51:56,239 - ERROR - Attempt 2/3 failed for term 'associated with': current transaction is aborted, commands ignored until end of transaction block

2025-05-29 21:51:56,240 - ERROR - Attempt 3/3 failed for term 'associated with': current transaction is aborted, commands ignored until end of transaction block

2025-05-29 21:51:56,240 - ERROR - Max retries reached for term 'associated with'
2025-05-29 21:51:56,256 - WARNING - Failed to fetch semantic type for CUI NO_CUI_patient complains of headache the headache started three days ago. the headache is associated with fevers and chills: relation "mrsty" does not exist
LINE 3:                             FROM MRSTY sty
                                         ^

2025-05-29 21:51:56,398 - WARNING - Skipping non-clinical or blocked term: 'worse'
2025-05-29 21:51:56,399 - WARNING - Skipping non-clinical or blocked term: 'eyes'
2025-05-29 21:51:56,409 - ERROR - Attempt 1/3 failed for term 'licking': relation "mrconso" does not exist
LINE 3:                     FROM MRCONSO c
                                 ^

2025-05-29 21:51:56,410 - ERROR - Attempt 2/3 failed for term 'licking': current transaction is aborted, commands ignored until end of transaction block

2025-05-29 21:51:56,411 - ERROR - Attempt 3/3 failed for term 'licking': current transaction is aborted, commands ignored until end of transaction block

2025-05-29 21:51:56,412 - ERROR - Max retries reached for term 'licking'
2025-05-29 21:51:56,428 - ERROR - Attempt 1/3 failed for term 'patient': relation "mrconso" does not exist
LINE 3:                     FROM MRCONSO c
                                 ^

2025-05-29 21:51:56,428 - ERROR - Attempt 2/3 failed for term 'patient': current transaction is aborted, commands ignored until end of transaction block

2025-05-29 21:51:56,429 - ERROR - Attempt 3/3 failed for term 'patient': current transaction is aborted, commands ignored until end of transaction block

2025-05-29 21:51:56,429 - ERROR - Max retries reached for term 'patient'
2025-05-29 21:51:56,430 - WARNING - Skipping non-clinical or blocked term: 'foods'
2025-05-29 21:51:56,442 - ERROR - Attempt 1/3 failed for term 'strong': relation "mrconso" does not exist
LINE 3:                     FROM MRCONSO c
                                 ^

2025-05-29 21:51:56,443 - ERROR - Attempt 2/3 failed for term 'strong': current transaction is aborted, commands ignored until end of transaction block

2025-05-29 21:51:56,443 - ERROR - Attempt 3/3 failed for term 'strong': current transaction is aborted, commands ignored until end of transaction block

2025-05-29 21:51:56,444 - ERROR - Max retries reached for term 'strong'
2025-05-29 21:51:56,456 - ERROR - Attempt 1/3 failed for term 'fats': relation "mrconso" does not exist
LINE 3:                     FROM MRCONSO c
                                 ^

2025-05-29 21:51:56,457 - ERROR - Attempt 2/3 failed for term 'fats': current transaction is aborted, commands ignored until end of transaction block

2025-05-29 21:51:56,457 - ERROR - Attempt 3/3 failed for term 'fats': current transaction is aborted, commands ignored until end of transaction block

2025-05-29 21:51:56,458 - ERROR - Max retries reached for term 'fats'
2025-05-29 21:51:56,470 - ERROR - Attempt 1/3 failed for term 'tea': relation "mrconso" does not exist
LINE 3:                     FROM MRCONSO c
                                 ^

2025-05-29 21:51:56,471 - ERROR - Attempt 2/3 failed for term 'tea': current transaction is aborted, commands ignored until end of transaction block

2025-05-29 21:51:56,471 - ERROR - Attempt 3/3 failed for term 'tea': current transaction is aborted, commands ignored until end of transaction block

2025-05-29 21:51:56,471 - ERROR - Max retries reached for term 'tea'
2025-05-29 21:51:56,484 - ERROR - Attempt 1/3 failed for term 'vomiting': relation "mrconso" does not exist
LINE 3:                     FROM MRCONSO c
                                 ^

2025-05-29 21:51:56,485 - ERROR - Attempt 2/3 failed for term 'vomiting': current transaction is aborted, commands ignored until end of transaction block

2025-05-29 21:51:56,486 - ERROR - Attempt 3/3 failed for term 'vomiting': current transaction is aborted, commands ignored until end of transaction block

2025-05-29 21:51:56,486 - ERROR - Max retries reached for term 'vomiting'
2025-05-29 21:51:56,498 - ERROR - Attempt 1/3 failed for term 'nausea': relation "mrconso" does not exist
LINE 3:                     FROM MRCONSO c
                                 ^

2025-05-29 21:51:56,499 - ERROR - Attempt 2/3 failed for term 'nausea': current transaction is aborted, commands ignored until end of transaction block

2025-05-29 21:51:56,500 - ERROR - Attempt 3/3 failed for term 'nausea': current transaction is aborted, commands ignored until end of transaction block

2025-05-29 21:51:56,500 - ERROR - Max retries reached for term 'nausea'
2025-05-29 21:51:56,513 - ERROR - Attempt 1/3 failed for term 'jaundice': relation "mrconso" does not exist
LINE 3:                     FROM MRCONSO c
                                 ^

2025-05-29 21:51:56,514 - ERROR - Attempt 2/3 failed for term 'jaundice': current transaction is aborted, commands ignored until end of transaction block

2025-05-29 21:51:56,514 - ERROR - Attempt 3/3 failed for term 'jaundice': current transaction is aborted, commands ignored until end of transaction block

2025-05-29 21:51:56,515 - ERROR - Max retries reached for term 'jaundice'
2025-05-29 21:51:56,527 - ERROR - Attempt 1/3 failed for term 'loss of appetite': relation "mrconso" does not exist
LINE 3:                     FROM MRCONSO c
                                 ^

2025-05-29 21:51:56,528 - ERROR - Attempt 2/3 failed for term 'loss of appetite': current transaction is aborted, commands ignored until end of transaction block

2025-05-29 21:51:56,529 - ERROR - Attempt 3/3 failed for term 'loss of appetite': current transaction is aborted, commands ignored until end of transaction block

2025-05-29 21:51:56,529 - ERROR - Max retries reached for term 'loss of appetite'
2025-05-29 21:51:56,542 - WARNING - Failed to fetch semantic type for CUI NO_CUI_nausea and vomiting and loss of appetite the patient has jaundice in the eyes taking foods with fats makes the nausea worse taking strong tea and licking salt alleviates the nausea: relation "mrsty" does not exist
LINE 3:                             FROM MRSTY sty
                                         ^

2025-05-29 21:51:56,638 - ERROR - Attempt 1/3 failed for term 'facial pain': relation "mrconso" does not exist
LINE 3:                     FROM MRCONSO c
                                 ^

2025-05-29 21:51:56,639 - ERROR - Attempt 2/3 failed for term 'facial pain': current transaction is aborted, commands ignored until end of transaction block

2025-05-29 21:51:56,640 - ERROR - Attempt 3/3 failed for term 'facial pain': current transaction is aborted, commands ignored until end of transaction block

2025-05-29 21:51:56,640 - ERROR - Max retries reached for term 'facial pain'
2025-05-29 21:51:56,656 - ERROR - Attempt 1/3 failed for term 'patient': relation "mrconso" does not exist
LINE 3:                     FROM MRCONSO c
                                 ^

2025-05-29 21:51:56,657 - ERROR - Attempt 2/3 failed for term 'patient': current transaction is aborted, commands ignored until end of transaction block

2025-05-29 21:51:56,657 - ERROR - Attempt 3/3 failed for term 'patient': current transaction is aborted, commands ignored until end of transaction block

2025-05-29 21:51:56,657 - ERROR - Max retries reached for term 'patient'
2025-05-29 21:51:56,672 - WARNING - Failed to fetch semantic type for CUI NO_CUI_patient presents with facial pain: relation "mrsty" does not exist
LINE 3:                             FROM MRSTY sty
                                         ^

2025-05-29 21:51:56,774 - ERROR - Attempt 1/3 failed for term 'back pain': relation "mrconso" does not exist
LINE 3:                     FROM MRCONSO c
                                 ^

2025-05-29 21:51:56,775 - ERROR - Attempt 2/3 failed for term 'back pain': current transaction is aborted, commands ignored until end of transaction block

2025-05-29 21:51:56,775 - ERROR - Attempt 3/3 failed for term 'back pain': current transaction is aborted, commands ignored until end of transaction block

2025-05-29 21:51:56,776 - ERROR - Max retries reached for term 'back pain'
2025-05-29 21:51:56,787 - ERROR - Attempt 1/3 failed for term 'weeks': relation "mrconso" does not exist
LINE 3:                     FROM MRCONSO c
                                 ^

2025-05-29 21:51:56,787 - ERROR - Attempt 2/3 failed for term 'weeks': current transaction is aborted, commands ignored until end of transaction block

2025-05-29 21:51:56,788 - ERROR - Attempt 3/3 failed for term 'weeks': current transaction is aborted, commands ignored until end of transaction block

2025-05-29 21:51:56,788 - ERROR - Max retries reached for term 'weeks'
2025-05-29 21:51:56,805 - ERROR - Attempt 1/3 failed for term 'assessment': relation "mrconso" does not exist
LINE 3:                     FROM MRCONSO c
                                 ^

2025-05-29 21:51:56,806 - ERROR - Attempt 2/3 failed for term 'assessment': current transaction is aborted, commands ignored until end of transaction block

2025-05-29 21:51:56,807 - ERROR - Attempt 3/3 failed for term 'assessment': current transaction is aborted, commands ignored until end of transaction block

2025-05-29 21:51:56,807 - ERROR - Max retries reached for term 'assessment'
2025-05-29 21:51:56,821 - ERROR - Attempt 1/3 failed for term 'patient reports': relation "mrconso" does not exist
LINE 3:                     FROM MRCONSO c
                                 ^

2025-05-29 21:51:56,822 - ERROR - Attempt 2/3 failed for term 'patient reports': current transaction is aborted, commands ignored until end of transaction block

2025-05-29 21:51:56,822 - ERROR - Attempt 3/3 failed for term 'patient reports': current transaction is aborted, commands ignored until end of transaction block

2025-05-29 21:51:56,823 - ERROR - Max retries reached for term 'patient reports'
2025-05-29 21:51:56,836 - WARNING - Failed to fetch semantic type for CUI NO_CUI_back pain for two weeks the patient reports backpain for three weeks on assessment: relation "mrsty" does not exist
LINE 3:                             FROM MRSTY sty
                                         ^

2025-05-29 21:51:56,962 - ERROR - Attempt 1/3 failed for term 'standing': relation "mrconso" does not exist
LINE 3:                     FROM MRCONSO c
                                 ^

2025-05-29 21:51:56,963 - ERROR - Attempt 2/3 failed for term 'standing': current transaction is aborted, commands ignored until end of transaction block

2025-05-29 21:51:56,964 - ERROR - Attempt 3/3 failed for term 'standing': current transaction is aborted, commands ignored until end of transaction block

2025-05-29 21:51:56,965 - ERROR - Max retries reached for term 'standing'
2025-05-29 21:51:56,977 - ERROR - Attempt 1/3 failed for term 'stretching': relation "mrconso" does not exist
LINE 3:                     FROM MRCONSO c
                                 ^

2025-05-29 21:51:56,978 - ERROR - Attempt 2/3 failed for term 'stretching': current transaction is aborted, commands ignored until end of transaction block

2025-05-29 21:51:56,978 - ERROR - Attempt 3/3 failed for term 'stretching': current transaction is aborted, commands ignored until end of transaction block

2025-05-29 21:51:56,978 - ERROR - Max retries reached for term 'stretching'
2025-05-29 21:51:56,991 - ERROR - Attempt 1/3 failed for term 'patient': relation "mrconso" does not exist
LINE 3:                     FROM MRCONSO c
                                 ^

2025-05-29 21:51:56,992 - ERROR - Attempt 2/3 failed for term 'patient': current transaction is aborted, commands ignored until end of transaction block

2025-05-29 21:51:56,992 - ERROR - Attempt 3/3 failed for term 'patient': current transaction is aborted, commands ignored until end of transaction block

2025-05-29 21:51:56,993 - ERROR - Max retries reached for term 'patient'
2025-05-29 21:51:57,007 - ERROR - Attempt 1/3 failed for term 'pain': relation "mrconso" does not exist
LINE 3:                     FROM MRCONSO c
                                 ^

2025-05-29 21:51:57,009 - ERROR - Attempt 2/3 failed for term 'pain': current transaction is aborted, commands ignored until end of transaction block

2025-05-29 21:51:57,010 - ERROR - Attempt 3/3 failed for term 'pain': current transaction is aborted, commands ignored until end of transaction block

2025-05-29 21:51:57,010 - ERROR - Max retries reached for term 'pain'
2025-05-29 21:51:57,027 - ERROR - Attempt 1/3 failed for term 'obese': relation "mrconso" does not exist
LINE 3:                     FROM MRCONSO c
                                 ^

2025-05-29 21:51:57,028 - ERROR - Attempt 2/3 failed for term 'obese': current transaction is aborted, commands ignored until end of transaction block

2025-05-29 21:51:57,028 - ERROR - Attempt 3/3 failed for term 'obese': current transaction is aborted, commands ignored until end of transaction block

2025-05-29 21:51:57,029 - ERROR - Max retries reached for term 'obese'
2025-05-29 21:51:57,042 - ERROR - Attempt 1/3 failed for term 'sitting': relation "mrconso" does not exist
LINE 3:                     FROM MRCONSO c
                                 ^

2025-05-29 21:51:57,043 - ERROR - Attempt 2/3 failed for term 'sitting': current transaction is aborted, commands ignored until end of transaction block

2025-05-29 21:51:57,044 - ERROR - Attempt 3/3 failed for term 'sitting': current transaction is aborted, commands ignored until end of transaction block

2025-05-29 21:51:57,044 - ERROR - Max retries reached for term 'sitting'
2025-05-29 21:51:57,057 - ERROR - Attempt 1/3 failed for term 'backpain': relation "mrconso" does not exist
LINE 3:                     FROM MRCONSO c
                                 ^

2025-05-29 21:51:57,058 - ERROR - Attempt 2/3 failed for term 'backpain': current transaction is aborted, commands ignored until end of transaction block

2025-05-29 21:51:57,058 - ERROR - Attempt 3/3 failed for term 'backpain': current transaction is aborted, commands ignored until end of transaction block

2025-05-29 21:51:57,059 - ERROR - Max retries reached for term 'backpain'
2025-05-29 21:51:57,073 - WARNING - Failed to fetch semantic type for CUI NO_CUI_the patient is obese the backpain is made worse by sitting down for long the pain is alleviated by standing and stretching: relation "mrsty" does not exist
LINE 3:                             FROM MRSTY sty
                                         ^

2025-05-29 21:51:57,210 - WARNING - Skipping non-clinical or blocked term: 'days'
2025-05-29 21:51:57,221 - ERROR - Attempt 1/3 failed for term 'facial pain': relation "mrconso" does not exist
LINE 3:                     FROM MRCONSO c
                                 ^

2025-05-29 21:51:57,221 - ERROR - Attempt 2/3 failed for term 'facial pain': current transaction is aborted, commands ignored until end of transaction block

2025-05-29 21:51:57,222 - ERROR - Attempt 3/3 failed for term 'facial pain': current transaction is aborted, commands ignored until end of transaction block

2025-05-29 21:51:57,223 - ERROR - Max retries reached for term 'facial pain'
2025-05-29 21:51:57,235 - ERROR - Attempt 1/3 failed for term 'nasal discharge': relation "mrconso" does not exist
LINE 3:                     FROM MRCONSO c
                                 ^

2025-05-29 21:51:57,236 - ERROR - Attempt 2/3 failed for term 'nasal discharge': current transaction is aborted, commands ignored until end of transaction block

2025-05-29 21:51:57,236 - ERROR - Attempt 3/3 failed for term 'nasal discharge': current transaction is aborted, commands ignored until end of transaction block

2025-05-29 21:51:57,237 - ERROR - Max retries reached for term 'nasal discharge'
2025-05-29 21:51:57,249 - ERROR - Attempt 1/3 failed for term 'fever': relation "mrconso" does not exist
LINE 3:                     FROM MRCONSO c
                                 ^

2025-05-29 21:51:57,249 - ERROR - Attempt 2/3 failed for term 'fever': current transaction is aborted, commands ignored until end of transaction block

2025-05-29 21:51:57,250 - ERROR - Attempt 3/3 failed for term 'fever': current transaction is aborted, commands ignored until end of transaction block

2025-05-29 21:51:57,250 - ERROR - Max retries reached for term 'fever'
2025-05-29 21:51:57,264 - ERROR - Attempt 1/3 failed for term 'maxillary sinuses': relation "mrconso" does not exist
LINE 3:                     FROM MRCONSO c
                                 ^

2025-05-29 21:51:57,265 - ERROR - Attempt 2/3 failed for term 'maxillary sinuses': current transaction is aborted, commands ignored until end of transaction block

2025-05-29 21:51:57,265 - ERROR - Attempt 3/3 failed for term 'maxillary sinuses': current transaction is aborted, commands ignored until end of transaction block

2025-05-29 21:51:57,266 - ERROR - Max retries reached for term 'maxillary sinuses'
2025-05-29 21:51:57,279 - ERROR - Attempt 1/3 failed for term 'purulent': relation "mrconso" does not exist
LINE 3:                     FROM MRCONSO c
                                 ^

2025-05-29 21:51:57,280 - ERROR - Attempt 2/3 failed for term 'purulent': current transaction is aborted, commands ignored until end of transaction block

2025-05-29 21:51:57,280 - ERROR - Attempt 3/3 failed for term 'purulent': current transaction is aborted, commands ignored until end of transaction block

2025-05-29 21:51:57,280 - ERROR - Max retries reached for term 'purulent'
2025-05-29 21:51:57,295 - ERROR - Attempt 1/3 failed for term 'reports': relation "mrconso" does not exist
LINE 3:                     FROM MRCONSO c
                                 ^

2025-05-29 21:51:57,296 - ERROR - Attempt 2/3 failed for term 'reports': current transaction is aborted, commands ignored until end of transaction block

2025-05-29 21:51:57,296 - ERROR - Attempt 3/3 failed for term 'reports': current transaction is aborted, commands ignored until end of transaction block

2025-05-29 21:51:57,297 - ERROR - Max retries reached for term 'reports'
2025-05-29 21:51:57,310 - WARNING - Failed to fetch semantic type for CUI NO_CUI_and fever for 10 days. reports purulent nasal discharge. facial pain over maxillary sinuses: relation "mrsty" does not exist
LINE 3:                             FROM MRSTY sty
                                         ^

2025-05-29 21:51:57,490 - ERROR - Attempt 1/3 failed for term 'sinusitis': relation "mrconso" does not exist
LINE 3:                     FROM MRCONSO c
                                 ^

2025-05-29 21:51:57,490 - ERROR - Attempt 2/3 failed for term 'sinusitis': current transaction is aborted, commands ignored until end of transaction block

2025-05-29 21:51:57,491 - ERROR - Attempt 3/3 failed for term 'sinusitis': current transaction is aborted, commands ignored until end of transaction block

2025-05-29 21:51:57,491 - ERROR - Max retries reached for term 'sinusitis'
2025-05-29 21:51:57,503 - ERROR - Attempt 1/3 failed for term 'pulmonary': relation "mrconso" does not exist
LINE 3:                     FROM MRCONSO c
                                 ^

2025-05-29 21:51:57,504 - ERROR - Attempt 2/3 failed for term 'pulmonary': current transaction is aborted, commands ignored until end of transaction block

2025-05-29 21:51:57,505 - ERROR - Attempt 3/3 failed for term 'pulmonary': current transaction is aborted, commands ignored until end of transaction block

2025-05-29 21:51:57,505 - ERROR - Max retries reached for term 'pulmonary'
2025-05-29 21:51:57,518 - ERROR - Attempt 1/3 failed for term 'stable': relation "mrconso" does not exist
LINE 3:                     FROM MRCONSO c
                                 ^

2025-05-29 21:51:57,519 - ERROR - Attempt 2/3 failed for term 'stable': current transaction is aborted, commands ignored until end of transaction block

2025-05-29 21:51:57,520 - ERROR - Attempt 3/3 failed for term 'stable': current transaction is aborted, commands ignored until end of transaction block

2025-05-29 21:51:57,521 - ERROR - Max retries reached for term 'stable'
2025-05-29 21:51:57,534 - ERROR - Attempt 1/3 failed for term 'diabetes': relation "mrconso" does not exist
LINE 3:                     FROM MRCONSO c
                                 ^

2025-05-29 21:51:57,535 - ERROR - Attempt 2/3 failed for term 'diabetes': current transaction is aborted, commands ignored until end of transaction block

2025-05-29 21:51:57,536 - ERROR - Attempt 3/3 failed for term 'diabetes': current transaction is aborted, commands ignored until end of transaction block

2025-05-29 21:51:57,536 - ERROR - Max retries reached for term 'diabetes'
2025-05-29 21:51:57,549 - ERROR - Attempt 1/3 failed for term 'hypertension': relation "mrconso" does not exist
LINE 3:                     FROM MRCONSO c
                                 ^

2025-05-29 21:51:57,550 - ERROR - Attempt 2/3 failed for term 'hypertension': current transaction is aborted, commands ignored until end of transaction block

2025-05-29 21:51:57,551 - ERROR - Attempt 3/3 failed for term 'hypertension': current transaction is aborted, commands ignored until end of transaction block

2025-05-29 21:51:57,551 - ERROR - Max retries reached for term 'hypertension'
2025-05-29 21:51:57,564 - ERROR - Attempt 1/3 failed for term 'viral sinusitis': relation "mrconso" does not exist
LINE 3:                     FROM MRCONSO c
                                 ^

2025-05-29 21:51:57,565 - ERROR - Attempt 2/3 failed for term 'viral sinusitis': current transaction is aborted, commands ignored until end of transaction block

2025-05-29 21:51:57,565 - ERROR - Attempt 3/3 failed for term 'viral sinusitis': current transaction is aborted, commands ignored until end of transaction block

2025-05-29 21:51:57,566 - ERROR - Max retries reached for term 'viral sinusitis'
2025-05-29 21:51:57,578 - ERROR - Attempt 1/3 failed for term 'acute abnormalities': relation "mrconso" does not exist
LINE 3:                     FROM MRCONSO c
                                 ^

2025-05-29 21:51:57,579 - ERROR - Attempt 2/3 failed for term 'acute abnormalities': current transaction is aborted, commands ignored until end of transaction block

2025-05-29 21:51:57,580 - ERROR - Attempt 3/3 failed for term 'acute abnormalities': current transaction is aborted, commands ignored until end of transaction block

2025-05-29 21:51:57,580 - ERROR - Max retries reached for term 'acute abnormalities'
2025-05-29 21:51:57,593 - ERROR - Attempt 1/3 failed for term 'cardiovascular': relation "mrconso" does not exist
LINE 3:                     FROM MRCONSO c
                                 ^

2025-05-29 21:51:57,594 - ERROR - Attempt 2/3 failed for term 'cardiovascular': current transaction is aborted, commands ignored until end of transaction block

2025-05-29 21:51:57,595 - ERROR - Attempt 3/3 failed for term 'cardiovascular': current transaction is aborted, commands ignored until end of transaction block

2025-05-29 21:51:57,595 - ERROR - Max retries reached for term 'cardiovascular'
2025-05-29 21:51:57,607 - ERROR - Attempt 1/3 failed for term 'headache': relation "mrconso" does not exist
LINE 3:                     FROM MRCONSO c
                                 ^

2025-05-29 21:51:57,608 - ERROR - Attempt 2/3 failed for term 'headache': current transaction is aborted, commands ignored until end of transaction block

2025-05-29 21:51:57,609 - ERROR - Attempt 3/3 failed for term 'headache': current transaction is aborted, commands ignored until end of transaction block

2025-05-29 21:51:57,609 - ERROR - Max retries reached for term 'headache'
2025-05-29 21:51:57,622 - ERROR - Attempt 1/3 failed for term 'endocrine': relation "mrconso" does not exist
LINE 3:                     FROM MRCONSO c
                                 ^

2025-05-29 21:51:57,622 - ERROR - Attempt 2/3 failed for term 'endocrine': current transaction is aborted, commands ignored until end of transaction block

2025-05-29 21:51:57,623 - ERROR - Attempt 3/3 failed for term 'endocrine': current transaction is aborted, commands ignored until end of transaction block

2025-05-29 21:51:57,624 - ERROR - Max retries reached for term 'endocrine'
2025-05-29 21:51:57,635 - ERROR - Attempt 1/3 failed for term 'secondary to': relation "mrconso" does not exist
LINE 3:                     FROM MRCONSO c
                                 ^

2025-05-29 21:51:57,636 - ERROR - Attempt 2/3 failed for term 'secondary to': current transaction is aborted, commands ignored until end of transaction block

2025-05-29 21:51:57,637 - ERROR - Attempt 3/3 failed for term 'secondary to': current transaction is aborted, commands ignored until end of transaction block

2025-05-29 21:51:57,637 - ERROR - Max retries reached for term 'secondary to'
2025-05-29 21:51:57,649 - ERROR - Attempt 1/3 failed for term 'neurological': relation "mrconso" does not exist
LINE 3:                     FROM MRCONSO c
                                 ^

2025-05-29 21:51:57,649 - ERROR - Attempt 2/3 failed for term 'neurological': current transaction is aborted, commands ignored until end of transaction block

2025-05-29 21:51:57,650 - ERROR - Attempt 3/3 failed for term 'neurological': current transaction is aborted, commands ignored until end of transaction block

2025-05-29 21:51:57,651 - ERROR - Max retries reached for term 'neurological'
2025-05-29 21:51:57,666 - ERROR - Attempt 1/3 failed for term 'viral upper': relation "mrconso" does not exist
LINE 3:                     FROM MRCONSO c
                                 ^

2025-05-29 21:51:57,667 - ERROR - Attempt 2/3 failed for term 'viral upper': current transaction is aborted, commands ignored until end of transaction block

2025-05-29 21:51:57,668 - ERROR - Attempt 3/3 failed for term 'viral upper': current transaction is aborted, commands ignored until end of transaction block

2025-05-29 21:51:57,669 - ERROR - Max retries reached for term 'viral upper'
2025-05-29 21:51:57,684 - ERROR - Attempt 1/3 failed for term 'allergic rhinitis': relation "mrconso" does not exist
LINE 3:                     FROM MRCONSO c
                                 ^

2025-05-29 21:51:57,685 - ERROR - Attempt 2/3 failed for term 'allergic rhinitis': current transaction is aborted, commands ignored until end of transaction block

2025-05-29 21:51:57,686 - ERROR - Attempt 3/3 failed for term 'allergic rhinitis': current transaction is aborted, commands ignored until end of transaction block

2025-05-29 21:51:57,686 - ERROR - Max retries reached for term 'allergic rhinitis'
2025-05-29 21:51:57,701 - ERROR - Attempt 1/3 failed for term 'differential': relation "mrconso" does not exist
LINE 3:                     FROM MRCONSO c
                                 ^

2025-05-29 21:51:57,702 - ERROR - Attempt 2/3 failed for term 'differential': current transaction is aborted, commands ignored until end of transaction block

2025-05-29 21:51:57,703 - ERROR - Attempt 3/3 failed for term 'differential': current transaction is aborted, commands ignored until end of transaction block

2025-05-29 21:51:57,703 - ERROR - Max retries reached for term 'differential'
2025-05-29 21:51:57,717 - ERROR - Attempt 1/3 failed for term 'respiratory infection': relation "mrconso" does not exist
LINE 3:                     FROM MRCONSO c
                                 ^

2025-05-29 21:51:57,719 - ERROR - Attempt 2/3 failed for term 'respiratory infection': current transaction is aborted, commands ignored until end of transaction block

2025-05-29 21:51:57,720 - ERROR - Attempt 3/3 failed for term 'respiratory infection': current transaction is aborted, commands ignored until end of transaction block

2025-05-29 21:51:57,720 - ERROR - Max retries reached for term 'respiratory infection'
2025-05-29 21:51:57,734 - WARNING - Failed to fetch semantic type for CUI NO_CUI_likely secondary to recent viral upper respiratory infection. differential includes viral sinusitis or allergic rhinitis. other systems: neurological: headache likely related to sinusitis. endocrine: stable diabetes. cardiovascular: stable hypertension. no acute abnormalities in pulmonary: relation "mrsty" does not exist
LINE 3:                             FROM MRSTY sty
                                         ^

2025-05-29 21:51:57,814 - ERROR - Attempt 1/3 failed for term 'radiating': relation "mrconso" does not exist
LINE 3:                     FROM MRCONSO c
                                 ^

2025-05-29 21:51:57,815 - ERROR - Attempt 2/3 failed for term 'radiating': current transaction is aborted, commands ignored until end of transaction block

2025-05-29 21:51:57,815 - ERROR - Attempt 3/3 failed for term 'radiating': current transaction is aborted, commands ignored until end of transaction block

2025-05-29 21:51:57,815 - ERROR - Max retries reached for term 'radiating'
2025-05-29 21:51:57,828 - ERROR - Attempt 1/3 failed for term 'pain': relation "mrconso" does not exist
LINE 3:                     FROM MRCONSO c
                                 ^

2025-05-29 21:51:57,828 - ERROR - Attempt 2/3 failed for term 'pain': current transaction is aborted, commands ignored until end of transaction block

2025-05-29 21:51:57,829 - ERROR - Attempt 3/3 failed for term 'pain': current transaction is aborted, commands ignored until end of transaction block

2025-05-29 21:51:57,829 - ERROR - Max retries reached for term 'pain'
2025-05-29 21:51:57,854 - WARNING - Failed to fetch semantic type for CUI NO_CUI_radiating pain: relation "mrsty" does not exist
LINE 3:                             FROM MRSTY sty
                                         ^

2025-05-29 21:51:58,067 - ERROR - Attempt 1/3 failed for term 'bilateral': relation "mrconso" does not exist
LINE 3:                     FROM MRCONSO c
                                 ^

2025-05-29 21:51:58,068 - ERROR - Attempt 2/3 failed for term 'bilateral': current transaction is aborted, commands ignored until end of transaction block

2025-05-29 21:51:58,068 - ERROR - Attempt 3/3 failed for term 'bilateral': current transaction is aborted, commands ignored until end of transaction block

2025-05-29 21:51:58,068 - ERROR - Max retries reached for term 'bilateral'
2025-05-29 21:51:58,081 - ERROR - Attempt 1/3 failed for term 'nasal congestion': relation "mrconso" does not exist
LINE 3:                     FROM MRCONSO c
                                 ^

2025-05-29 21:51:58,082 - ERROR - Attempt 2/3 failed for term 'nasal congestion': current transaction is aborted, commands ignored until end of transaction block

2025-05-29 21:51:58,083 - ERROR - Attempt 3/3 failed for term 'nasal congestion': current transaction is aborted, commands ignored until end of transaction block

2025-05-29 21:51:58,084 - ERROR - Max retries reached for term 'nasal congestion'
2025-05-29 21:51:58,098 - WARNING - Failed to fetch semantic type for CUI NO_CUI_bilateral nasal congestion: relation "mrsty" does not exist
LINE 3:                             FROM MRSTY sty
                                         ^

2025-05-29 21:51:58,273 - WARNING - Skipping non-clinical or blocked term: 'days'
2025-05-29 21:51:58,286 - ERROR - Attempt 1/3 failed for term 'shortness of breath': relation "mrconso" does not exist
LINE 3:                     FROM MRCONSO c
                                 ^

2025-05-29 21:51:58,287 - ERROR - Attempt 2/3 failed for term 'shortness of breath': current transaction is aborted, commands ignored until end of transaction block

2025-05-29 21:51:58,288 - ERROR - Attempt 3/3 failed for term 'shortness of breath': current transaction is aborted, commands ignored until end of transaction block

2025-05-29 21:51:58,288 - ERROR - Max retries reached for term 'shortness of breath'
2025-05-29 21:51:58,308 - ERROR - Attempt 1/3 failed for term 'no cough': relation "mrconso" does not exist
LINE 3:                     FROM MRCONSO c
                                 ^

2025-05-29 21:51:58,309 - ERROR - Attempt 2/3 failed for term 'no cough': current transaction is aborted, commands ignored until end of transaction block

2025-05-29 21:51:58,310 - ERROR - Attempt 3/3 failed for term 'no cough': current transaction is aborted, commands ignored until end of transaction block

2025-05-29 21:51:58,311 - ERROR - Max retries reached for term 'no cough'
2025-05-29 21:51:58,327 - ERROR - Attempt 1/3 failed for term 'pulmonary': relation "mrconso" does not exist
LINE 3:                     FROM MRCONSO c
                                 ^

2025-05-29 21:51:58,328 - ERROR - Attempt 2/3 failed for term 'pulmonary': current transaction is aborted, commands ignored until end of transaction block

2025-05-29 21:51:58,329 - ERROR - Attempt 3/3 failed for term 'pulmonary': current transaction is aborted, commands ignored until end of transaction block

2025-05-29 21:51:58,329 - ERROR - Max retries reached for term 'pulmonary'
2025-05-29 21:51:58,342 - ERROR - Attempt 1/3 failed for term 'mild headache': relation "mrconso" does not exist
LINE 3:                     FROM MRCONSO c
                                 ^

2025-05-29 21:51:58,343 - ERROR - Attempt 2/3 failed for term 'mild headache': current transaction is aborted, commands ignored until end of transaction block

2025-05-29 21:51:58,344 - ERROR - Attempt 3/3 failed for term 'mild headache': current transaction is aborted, commands ignored until end of transaction block

2025-05-29 21:51:58,344 - ERROR - Max retries reached for term 'mild headache'
2025-05-29 21:51:58,356 - ERROR - Attempt 1/3 failed for term 'nasal discharge': relation "mrconso" does not exist
LINE 3:                     FROM MRCONSO c
                                 ^

2025-05-29 21:51:58,357 - ERROR - Attempt 2/3 failed for term 'nasal discharge': current transaction is aborted, commands ignored until end of transaction block

2025-05-29 21:51:58,358 - ERROR - Attempt 3/3 failed for term 'nasal discharge': current transaction is aborted, commands ignored until end of transaction block

2025-05-29 21:51:58,358 - ERROR - Max retries reached for term 'nasal discharge'
2025-05-29 21:51:58,369 - ERROR - Attempt 1/3 failed for term 'sinus pain': relation "mrconso" does not exist
LINE 3:                     FROM MRCONSO c
                                 ^

2025-05-29 21:51:58,370 - ERROR - Attempt 2/3 failed for term 'sinus pain': current transaction is aborted, commands ignored until end of transaction block

2025-05-29 21:51:58,371 - ERROR - Attempt 3/3 failed for term 'sinus pain': current transaction is aborted, commands ignored until end of transaction block

2025-05-29 21:51:58,372 - ERROR - Max retries reached for term 'sinus pain'
2025-05-29 21:51:58,384 - ERROR - Attempt 1/3 failed for term 'cardiovascular': relation "mrconso" does not exist
LINE 3:                     FROM MRCONSO c
                                 ^

2025-05-29 21:51:58,385 - ERROR - Attempt 2/3 failed for term 'cardiovascular': current transaction is aborted, commands ignored until end of transaction block

2025-05-29 21:51:58,386 - ERROR - Attempt 3/3 failed for term 'cardiovascular': current transaction is aborted, commands ignored until end of transaction block

2025-05-29 21:51:58,386 - ERROR - Max retries reached for term 'cardiovascular'
2025-05-29 21:51:58,399 - ERROR - Attempt 1/3 failed for term 'palpitations': relation "mrconso" does not exist
LINE 3:                     FROM MRCONSO c
                                 ^

2025-05-29 21:51:58,400 - ERROR - Attempt 2/3 failed for term 'palpitations': current transaction is aborted, commands ignored until end of transaction block

2025-05-29 21:51:58,401 - ERROR - Attempt 3/3 failed for term 'palpitations': current transaction is aborted, commands ignored until end of transaction block

2025-05-29 21:51:58,401 - ERROR - Max retries reached for term 'palpitations'
2025-05-29 21:51:58,414 - ERROR - Attempt 1/3 failed for term 'hearing loss': relation "mrconso" does not exist
LINE 3:                     FROM MRCONSO c
                                 ^

2025-05-29 21:51:58,414 - ERROR - Attempt 2/3 failed for term 'hearing loss': current transaction is aborted, commands ignored until end of transaction block

2025-05-29 21:51:58,415 - ERROR - Attempt 3/3 failed for term 'hearing loss': current transaction is aborted, commands ignored until end of transaction block

2025-05-29 21:51:58,415 - ERROR - Max retries reached for term 'hearing loss'
2025-05-29 21:51:58,429 - ERROR - Attempt 1/3 failed for term 'low-grade': relation "mrconso" does not exist
LINE 3:                     FROM MRCONSO c
                                 ^

2025-05-29 21:51:58,429 - ERROR - Attempt 2/3 failed for term 'low-grade': current transaction is aborted, commands ignored until end of transaction block

2025-05-29 21:51:58,430 - ERROR - Attempt 3/3 failed for term 'low-grade': current transaction is aborted, commands ignored until end of transaction block

2025-05-29 21:51:58,430 - ERROR - Max retries reached for term 'low-grade'
2025-05-29 21:51:58,447 - ERROR - Attempt 1/3 failed for term 'chest pain': relation "mrconso" does not exist
LINE 3:                     FROM MRCONSO c
                                 ^

2025-05-29 21:51:58,448 - ERROR - Attempt 2/3 failed for term 'chest pain': current transaction is aborted, commands ignored until end of transaction block

2025-05-29 21:51:58,448 - ERROR - Attempt 3/3 failed for term 'chest pain': current transaction is aborted, commands ignored until end of transaction block

2025-05-29 21:51:58,449 - ERROR - Max retries reached for term 'chest pain'
2025-05-29 21:51:58,464 - ERROR - Attempt 1/3 failed for term 'purulent': relation "mrconso" does not exist
LINE 3:                     FROM MRCONSO c
                                 ^

2025-05-29 21:51:58,465 - ERROR - Attempt 2/3 failed for term 'purulent': current transaction is aborted, commands ignored until end of transaction block

2025-05-29 21:51:58,465 - ERROR - Attempt 3/3 failed for term 'purulent': current transaction is aborted, commands ignored until end of transaction block

2025-05-29 21:51:58,466 - ERROR - Max retries reached for term 'purulent'
2025-05-29 21:51:58,481 - ERROR - Attempt 1/3 failed for term 'neurological': relation "mrconso" does not exist
LINE 3:                     FROM MRCONSO c
                                 ^

2025-05-29 21:51:58,482 - ERROR - Attempt 2/3 failed for term 'neurological': current transaction is aborted, commands ignored until end of transaction block

2025-05-29 21:51:58,483 - ERROR - Attempt 3/3 failed for term 'neurological': current transaction is aborted, commands ignored until end of transaction block

2025-05-29 21:51:58,483 - ERROR - Max retries reached for term 'neurological'
2025-05-29 21:51:58,500 - ERROR - Attempt 1/3 failed for term 'associated with': relation "mrconso" does not exist
LINE 3:                     FROM MRCONSO c
                                 ^

2025-05-29 21:51:58,501 - ERROR - Attempt 2/3 failed for term 'associated with': current transaction is aborted, commands ignored until end of transaction block

2025-05-29 21:51:58,502 - ERROR - Attempt 3/3 failed for term 'associated with': current transaction is aborted, commands ignored until end of transaction block

2025-05-29 21:51:58,502 - ERROR - Max retries reached for term 'associated with'
2025-05-29 21:51:58,519 - WARNING - Failed to fetch semantic type for CUI NO_CUI_and purulent nasal discharge for 10 days. low-grade fever (up to 100.5°f). no sore throat or hearing loss. pulmonary: no cough or shortness of breath. cardiovascular: no chest pain or palpitations. neurological: mild headache associated with sinus pain: relation "mrsty" does not exist
LINE 3:                             FROM MRSTY sty
                                         ^

2025-05-29 21:51:58,782 - ERROR - Attempt 1/3 failed for term 'acute': relation "mrconso" does not exist
LINE 3:                     FROM MRCONSO c
                                 ^

2025-05-29 21:51:58,782 - ERROR - Attempt 2/3 failed for term 'acute': current transaction is aborted, commands ignored until end of transaction block

2025-05-29 21:51:58,783 - ERROR - Attempt 3/3 failed for term 'acute': current transaction is aborted, commands ignored until end of transaction block

2025-05-29 21:51:58,783 - ERROR - Max retries reached for term 'acute'
2025-05-29 21:51:58,797 - ERROR - Attempt 1/3 failed for term 'bacterial sinusitis': relation "mrconso" does not exist
LINE 3:                     FROM MRCONSO c
                                 ^

2025-05-29 21:51:58,798 - ERROR - Attempt 2/3 failed for term 'bacterial sinusitis': current transaction is aborted, commands ignored until end of transaction block

2025-05-29 21:51:58,799 - ERROR - Attempt 3/3 failed for term 'bacterial sinusitis': current transaction is aborted, commands ignored until end of transaction block

2025-05-29 21:51:58,800 - ERROR - Max retries reached for term 'bacterial sinusitis'
2025-05-29 21:51:58,813 - ERROR - Attempt 1/3 failed for term 'no joint pain': relation "mrconso" does not exist
LINE 3:                     FROM MRCONSO c
                                 ^

2025-05-29 21:51:58,813 - ERROR - Attempt 2/3 failed for term 'no joint pain': current transaction is aborted, commands ignored until end of transaction block

2025-05-29 21:51:58,814 - ERROR - Attempt 3/3 failed for term 'no joint pain': current transaction is aborted, commands ignored until end of transaction block

2025-05-29 21:51:58,814 - ERROR - Max retries reached for term 'no joint pain'
2025-05-29 21:51:58,828 - ERROR - Attempt 1/3 failed for term 'no dizziness': relation "mrconso" does not exist
LINE 3:                     FROM MRCONSO c
                                 ^

2025-05-29 21:51:58,829 - ERROR - Attempt 2/3 failed for term 'no dizziness': current transaction is aborted, commands ignored until end of transaction block

2025-05-29 21:51:58,830 - ERROR - Attempt 3/3 failed for term 'no dizziness': current transaction is aborted, commands ignored until end of transaction block

2025-05-29 21:51:58,830 - ERROR - Max retries reached for term 'no dizziness'
2025-05-29 21:51:58,844 - ERROR - Attempt 1/3 failed for term 'weight changes': relation "mrconso" does not exist
LINE 3:                     FROM MRCONSO c
                                 ^

2025-05-29 21:51:58,844 - ERROR - Attempt 2/3 failed for term 'weight changes': current transaction is aborted, commands ignored until end of transaction block

2025-05-29 21:51:58,845 - ERROR - Attempt 3/3 failed for term 'weight changes': current transaction is aborted, commands ignored until end of transaction block

2025-05-29 21:51:58,845 - ERROR - Max retries reached for term 'weight changes'
2025-05-29 21:51:58,859 - ERROR - Attempt 1/3 failed for term 'bruising': relation "mrconso" does not exist
LINE 3:                     FROM MRCONSO c
                                 ^

2025-05-29 21:51:58,860 - ERROR - Attempt 2/3 failed for term 'bruising': current transaction is aborted, commands ignored until end of transaction block

2025-05-29 21:51:58,861 - ERROR - Attempt 3/3 failed for term 'bruising': current transaction is aborted, commands ignored until end of transaction block

2025-05-29 21:51:58,861 - ERROR - Max retries reached for term 'bruising'
2025-05-29 21:51:58,877 - ERROR - Attempt 1/3 failed for term 'ophthalmologic': relation "mrconso" does not exist
LINE 3:                     FROM MRCONSO c
                                 ^

2025-05-29 21:51:58,878 - ERROR - Attempt 2/3 failed for term 'ophthalmologic': current transaction is aborted, commands ignored until end of transaction block

2025-05-29 21:51:58,879 - ERROR - Attempt 3/3 failed for term 'ophthalmologic': current transaction is aborted, commands ignored until end of transaction block

2025-05-29 21:51:58,879 - ERROR - Max retries reached for term 'ophthalmologic'
2025-05-29 21:51:58,894 - ERROR - Attempt 1/3 failed for term 'dermatologic': relation "mrconso" does not exist
LINE 3:                     FROM MRCONSO c
                                 ^

2025-05-29 21:51:58,894 - ERROR - Attempt 2/3 failed for term 'dermatologic': current transaction is aborted, commands ignored until end of transaction block

2025-05-29 21:51:58,895 - ERROR - Attempt 3/3 failed for term 'dermatologic': current transaction is aborted, commands ignored until end of transaction block

2025-05-29 21:51:58,895 - ERROR - Max retries reached for term 'dermatologic'
2025-05-29 21:51:58,913 - ERROR - Attempt 1/3 failed for term 'no rashes': relation "mrconso" does not exist
LINE 3:                     FROM MRCONSO c
                                 ^

2025-05-29 21:51:58,914 - ERROR - Attempt 2/3 failed for term 'no rashes': current transaction is aborted, commands ignored until end of transaction block

2025-05-29 21:51:58,914 - ERROR - Attempt 3/3 failed for term 'no rashes': current transaction is aborted, commands ignored until end of transaction block

2025-05-29 21:51:58,915 - ERROR - Max retries reached for term 'no rashes'
2025-05-29 21:51:58,930 - ERROR - Attempt 1/3 failed for term 'endocrine': relation "mrconso" does not exist
LINE 3:                     FROM MRCONSO c
                                 ^

2025-05-29 21:51:58,931 - ERROR - Attempt 2/3 failed for term 'endocrine': current transaction is aborted, commands ignored until end of transaction block

2025-05-29 21:51:58,932 - ERROR - Attempt 3/3 failed for term 'endocrine': current transaction is aborted, commands ignored until end of transaction block

2025-05-29 21:51:58,933 - ERROR - Max retries reached for term 'endocrine'
2025-05-29 21:51:58,934 - WARNING - Skipping non-clinical or blocked term: 'psychiatric'
2025-05-29 21:51:58,949 - ERROR - Attempt 1/3 failed for term 'nausea': relation "mrconso" does not exist
LINE 3:                     FROM MRCONSO c
                                 ^

2025-05-29 21:51:58,950 - ERROR - Attempt 2/3 failed for term 'nausea': current transaction is aborted, commands ignored until end of transaction block

2025-05-29 21:51:58,951 - ERROR - Attempt 3/3 failed for term 'nausea': current transaction is aborted, commands ignored until end of transaction block

2025-05-29 21:51:58,951 - ERROR - Max retries reached for term 'nausea'
2025-05-29 21:51:58,952 - WARNING - Skipping non-clinical or blocked term: 'symptoms'
2025-05-29 21:51:58,953 - WARNING - Skipping non-clinical or blocked term: 'hematologic'
2025-05-29 21:51:58,972 - ERROR - Attempt 1/3 failed for term 'bleeding': relation "mrconso" does not exist
LINE 3:                     FROM MRCONSO c
                                 ^

2025-05-29 21:51:58,973 - ERROR - Attempt 2/3 failed for term 'bleeding': current transaction is aborted, commands ignored until end of transaction block

2025-05-29 21:51:58,973 - ERROR - Attempt 3/3 failed for term 'bleeding': current transaction is aborted, commands ignored until end of transaction block

2025-05-29 21:51:58,974 - ERROR - Max retries reached for term 'bleeding'
2025-05-29 21:51:58,995 - ERROR - Attempt 1/3 failed for term 'primary assessment': relation "mrconso" does not exist
LINE 3:                     FROM MRCONSO c
                                 ^

2025-05-29 21:51:58,996 - ERROR - Attempt 2/3 failed for term 'primary assessment': current transaction is aborted, commands ignored until end of transaction block

2025-05-29 21:51:58,998 - ERROR - Attempt 3/3 failed for term 'primary assessment': current transaction is aborted, commands ignored until end of transaction block

2025-05-29 21:51:58,998 - ERROR - Max retries reached for term 'primary assessment'
2025-05-29 21:51:59,000 - WARNING - Skipping non-clinical or blocked term: 'vision'
2025-05-29 21:51:59,029 - ERROR - Attempt 1/3 failed for term 'consistent with': relation "mrconso" does not exist
LINE 3:                     FROM MRCONSO c
                                 ^

2025-05-29 21:51:59,037 - ERROR - Attempt 2/3 failed for term 'consistent with': current transaction is aborted, commands ignored until end of transaction block

2025-05-29 21:51:59,040 - ERROR - Attempt 3/3 failed for term 'consistent with': current transaction is aborted, commands ignored until end of transaction block

2025-05-29 21:51:59,044 - ERROR - Max retries reached for term 'consistent with'
2025-05-29 21:51:59,070 - ERROR - Attempt 1/3 failed for term 'genitourinary': relation "mrconso" does not exist
LINE 3:                     FROM MRCONSO c
                                 ^

2025-05-29 21:51:59,072 - ERROR - Attempt 2/3 failed for term 'genitourinary': current transaction is aborted, commands ignored until end of transaction block

2025-05-29 21:51:59,074 - ERROR - Attempt 3/3 failed for term 'genitourinary': current transaction is aborted, commands ignored until end of transaction block

2025-05-29 21:51:59,074 - ERROR - Max retries reached for term 'genitourinary'
2025-05-29 21:51:59,075 - WARNING - Skipping non-clinical or blocked term: 'gastrointestinal'
2025-05-29 21:51:59,090 - ERROR - Attempt 1/3 failed for term 'diarrhea': relation "mrconso" does not exist
LINE 3:                     FROM MRCONSO c
                                 ^

2025-05-29 21:51:59,091 - ERROR - Attempt 2/3 failed for term 'diarrhea': current transaction is aborted, commands ignored until end of transaction block

2025-05-29 21:51:59,092 - ERROR - Attempt 3/3 failed for term 'diarrhea': current transaction is aborted, commands ignored until end of transaction block

2025-05-29 21:51:59,093 - ERROR - Max retries reached for term 'diarrhea'
2025-05-29 21:51:59,113 - ERROR - Attempt 1/3 failed for term 'mood changes': relation "mrconso" does not exist
LINE 3:                     FROM MRCONSO c
                                 ^

2025-05-29 21:51:59,114 - ERROR - Attempt 2/3 failed for term 'mood changes': current transaction is aborted, commands ignored until end of transaction block

2025-05-29 21:51:59,115 - ERROR - Attempt 3/3 failed for term 'mood changes': current transaction is aborted, commands ignored until end of transaction block

2025-05-29 21:51:59,115 - ERROR - Max retries reached for term 'mood changes'
2025-05-29 21:51:59,130 - ERROR - Attempt 1/3 failed for term 'lesions': relation "mrconso" does not exist
LINE 3:                     FROM MRCONSO c
                                 ^

2025-05-29 21:51:59,132 - ERROR - Attempt 2/3 failed for term 'lesions': current transaction is aborted, commands ignored until end of transaction block

2025-05-29 21:51:59,133 - ERROR - Attempt 3/3 failed for term 'lesions': current transaction is aborted, commands ignored until end of transaction block

2025-05-29 21:51:59,134 - ERROR - Max retries reached for term 'lesions'
2025-05-29 21:51:59,150 - ERROR - Attempt 1/3 failed for term 'stiffness': relation "mrconso" does not exist
LINE 3:                     FROM MRCONSO c
                                 ^

2025-05-29 21:51:59,151 - ERROR - Attempt 2/3 failed for term 'stiffness': current transaction is aborted, commands ignored until end of transaction block

2025-05-29 21:51:59,152 - ERROR - Attempt 3/3 failed for term 'stiffness': current transaction is aborted, commands ignored until end of transaction block

2025-05-29 21:51:59,152 - ERROR - Max retries reached for term 'stiffness'
2025-05-29 21:51:59,166 - ERROR - Attempt 1/3 failed for term 'urinary changes': relation "mrconso" does not exist
LINE 3:                     FROM MRCONSO c
                                 ^

2025-05-29 21:51:59,167 - ERROR - Attempt 2/3 failed for term 'urinary changes': current transaction is aborted, commands ignored until end of transaction block

2025-05-29 21:51:59,167 - ERROR - Attempt 3/3 failed for term 'urinary changes': current transaction is aborted, commands ignored until end of transaction block

2025-05-29 21:51:59,168 - ERROR - Max retries reached for term 'urinary changes'
2025-05-29 21:51:59,181 - WARNING - Failed to fetch semantic type for CUI NO_CUI_no dizziness. musculoskeletal: no joint pain or stiffness. gastrointestinal: no nausea or diarrhea. genitourinary: no urinary changes. endocrine: no weight changes or thirst. hematologic: no easy bruising or bleeding. dermatologic: no rashes or lesions. psychiatric: no mood changes. ophthalmologic: no vision changes. primary assessment: symptoms consistent with acute bacterial sinusitis: relation "mrsty" does not exist
LINE 3:                             FROM MRSTY sty
                                         ^

2025-05-29 21:53:40,827 - ERROR - Failed to initialize NLP pipeline: [E893] Could not find function 'replace_tokenizer' in function registry 'callbacks'. If you're using a custom function, make sure the code is available. If the function is provided by a third-party package, e.g. spacy-transformers, make sure the package is installed in your environment.

Available names: spacy.copy_from_base_model.v1, spacy.models_and_pipes_with_nvtx_range.v1, spacy.models_with_nvtx_range.v1
2025-05-29 21:53:41,788 - WARNING - Using fallback spacy pipeline without parser, ner, or linker
2025-05-29 21:53:41,848 - ERROR - Error extracting features for note ID 2: 'KnowledgeBaseUpdater' object has no attribute 'is_new_symptom'
2025-05-29 21:53:41,849 - WARNING - Empty text for embedding, skipping embedding-based scoring
2025-05-29 21:53:41,850 - ERROR - Error generating differentials: string indices must be integers, not 'str'
2025-05-29 21:53:41,891 - ERROR - Error extracting features for note ID 3: 'KnowledgeBaseUpdater' object has no attribute 'is_new_symptom'
2025-05-29 21:53:41,918 - ERROR - Failed to create MongoDB indexes: An existing index has the same name as the requested index. When index names are not specified, they are auto generated and can cause conflicts. Please refer to our documentation. Requested index: { v: 2, unique: true, key: { term: 1 }, name: "term_1" }, existing index: { v: 2, key: { term: 1 }, name: "term_1" }, full error: {'ok': 0.0, 'errmsg': 'An existing index has the same name as the requested index. When index names are not specified, they are auto generated and can cause conflicts. Please refer to our documentation. Requested index: { v: 2, unique: true, key: { term: 1 }, name: "term_1" }, existing index: { v: 2, key: { term: 1 }, name: "term_1" }', 'code': 86, 'codeName': 'IndexKeySpecsConflict'}
2025-05-29 21:53:41,955 - ERROR - Failed to create MongoDB indexes: An existing index has the same name as the requested index. When index names are not specified, they are auto generated and can cause conflicts. Please refer to our documentation. Requested index: { v: 2, unique: true, key: { term: 1 }, name: "term_1" }, existing index: { v: 2, key: { term: 1 }, name: "term_1" }, full error: {'ok': 0.0, 'errmsg': 'An existing index has the same name as the requested index. When index names are not specified, they are auto generated and can cause conflicts. Please refer to our documentation. Requested index: { v: 2, unique: true, key: { term: 1 }, name: "term_1" }, existing index: { v: 2, key: { term: 1 }, name: "term_1" }', 'code': 86, 'codeName': 'IndexKeySpecsConflict'}
2025-05-29 21:53:42,954 - ERROR - Attempt 1/3 failed for term 'facial pain': relation "mrconso" does not exist
LINE 3:                     FROM MRCONSO c
                                 ^

2025-05-29 21:53:42,955 - ERROR - Attempt 2/3 failed for term 'facial pain': current transaction is aborted, commands ignored until end of transaction block

2025-05-29 21:53:42,957 - ERROR - Attempt 3/3 failed for term 'facial pain': current transaction is aborted, commands ignored until end of transaction block

2025-05-29 21:53:42,957 - ERROR - Max retries reached for term 'facial pain'
2025-05-29 21:53:42,981 - WARNING - Failed to fetch semantic type for CUI NO_CUI_facial pain: relation "mrsty" does not exist
LINE 3:                             FROM MRSTY sty
                                         ^

2025-05-29 21:53:43,113 - ERROR - Attempt 1/3 failed for term 'nasal congestion': relation "mrconso" does not exist
LINE 3:                     FROM MRCONSO c
                                 ^

2025-05-29 21:53:43,114 - ERROR - Attempt 2/3 failed for term 'nasal congestion': current transaction is aborted, commands ignored until end of transaction block

2025-05-29 21:53:43,114 - ERROR - Attempt 3/3 failed for term 'nasal congestion': current transaction is aborted, commands ignored until end of transaction block

2025-05-29 21:53:43,114 - ERROR - Max retries reached for term 'nasal congestion'
2025-05-29 21:53:43,129 - WARNING - Failed to fetch semantic type for CUI NO_CUI_nasal congestion: relation "mrsty" does not exist
LINE 3:                             FROM MRSTY sty
                                         ^

2025-05-29 21:53:43,215 - ERROR - Attempt 1/3 failed for term 'purulent': relation "mrconso" does not exist
LINE 3:                     FROM MRCONSO c
                                 ^

2025-05-29 21:53:43,216 - ERROR - Attempt 2/3 failed for term 'purulent': current transaction is aborted, commands ignored until end of transaction block

2025-05-29 21:53:43,216 - ERROR - Attempt 3/3 failed for term 'purulent': current transaction is aborted, commands ignored until end of transaction block

2025-05-29 21:53:43,217 - ERROR - Max retries reached for term 'purulent'
2025-05-29 21:53:43,230 - ERROR - Attempt 1/3 failed for term 'nasal discharge': relation "mrconso" does not exist
LINE 3:                     FROM MRCONSO c
                                 ^

2025-05-29 21:53:43,231 - ERROR - Attempt 2/3 failed for term 'nasal discharge': current transaction is aborted, commands ignored until end of transaction block

2025-05-29 21:53:43,231 - ERROR - Attempt 3/3 failed for term 'nasal discharge': current transaction is aborted, commands ignored until end of transaction block

2025-05-29 21:53:43,232 - ERROR - Max retries reached for term 'nasal discharge'
2025-05-29 21:53:43,246 - WARNING - Failed to fetch semantic type for CUI NO_CUI_purulent nasal discharge: relation "mrsty" does not exist
LINE 3:                             FROM MRSTY sty
                                         ^

2025-05-29 21:53:43,346 - ERROR - Attempt 1/3 failed for term 'fever': relation "mrconso" does not exist
LINE 3:                     FROM MRCONSO c
                                 ^

2025-05-29 21:53:43,347 - ERROR - Attempt 2/3 failed for term 'fever': current transaction is aborted, commands ignored until end of transaction block

2025-05-29 21:53:43,348 - ERROR - Attempt 3/3 failed for term 'fever': current transaction is aborted, commands ignored until end of transaction block

2025-05-29 21:53:43,348 - ERROR - Max retries reached for term 'fever'
2025-05-29 21:53:43,363 - WARNING - Failed to fetch semantic type for CUI NO_CUI_fever: relation "mrsty" does not exist
LINE 3:                             FROM MRSTY sty
                                         ^

2025-05-29 21:53:43,478 - WARNING - Skipping non-clinical or blocked term: 'days'
2025-05-29 21:53:43,489 - ERROR - Attempt 1/3 failed for term 'facial pain': relation "mrconso" does not exist
LINE 3:                     FROM MRCONSO c
                                 ^

2025-05-29 21:53:43,489 - ERROR - Attempt 2/3 failed for term 'facial pain': current transaction is aborted, commands ignored until end of transaction block

2025-05-29 21:53:43,490 - ERROR - Attempt 3/3 failed for term 'facial pain': current transaction is aborted, commands ignored until end of transaction block

2025-05-29 21:53:43,491 - ERROR - Max retries reached for term 'facial pain'
2025-05-29 21:53:43,506 - ERROR - Attempt 1/3 failed for term 'nasal discharge': relation "mrconso" does not exist
LINE 3:                     FROM MRCONSO c
                                 ^

2025-05-29 21:53:43,507 - ERROR - Attempt 2/3 failed for term 'nasal discharge': current transaction is aborted, commands ignored until end of transaction block

2025-05-29 21:53:43,508 - ERROR - Attempt 3/3 failed for term 'nasal discharge': current transaction is aborted, commands ignored until end of transaction block

2025-05-29 21:53:43,508 - ERROR - Max retries reached for term 'nasal discharge'
2025-05-29 21:53:43,531 - ERROR - Attempt 1/3 failed for term 'fever': relation "mrconso" does not exist
LINE 3:                     FROM MRCONSO c
                                 ^

2025-05-29 21:53:43,532 - ERROR - Attempt 2/3 failed for term 'fever': current transaction is aborted, commands ignored until end of transaction block

2025-05-29 21:53:43,537 - ERROR - Attempt 3/3 failed for term 'fever': current transaction is aborted, commands ignored until end of transaction block

2025-05-29 21:53:43,539 - ERROR - Max retries reached for term 'fever'
2025-05-29 21:53:43,560 - ERROR - Attempt 1/3 failed for term 'patient': relation "mrconso" does not exist
LINE 3:                     FROM MRCONSO c
                                 ^

2025-05-29 21:53:43,561 - ERROR - Attempt 2/3 failed for term 'patient': current transaction is aborted, commands ignored until end of transaction block

2025-05-29 21:53:43,563 - ERROR - Attempt 3/3 failed for term 'patient': current transaction is aborted, commands ignored until end of transaction block

2025-05-29 21:53:43,564 - ERROR - Max retries reached for term 'patient'
2025-05-29 21:53:43,584 - ERROR - Attempt 1/3 failed for term 'nasal congestion': relation "mrconso" does not exist
LINE 3:                     FROM MRCONSO c
                                 ^

2025-05-29 21:53:43,585 - ERROR - Attempt 2/3 failed for term 'nasal congestion': current transaction is aborted, commands ignored until end of transaction block

2025-05-29 21:53:43,586 - ERROR - Attempt 3/3 failed for term 'nasal congestion': current transaction is aborted, commands ignored until end of transaction block

2025-05-29 21:53:43,586 - ERROR - Max retries reached for term 'nasal congestion'
2025-05-29 21:53:43,604 - ERROR - Attempt 1/3 failed for term 'purulent': relation "mrconso" does not exist
LINE 3:                     FROM MRCONSO c
                                 ^

2025-05-29 21:53:43,605 - ERROR - Attempt 2/3 failed for term 'purulent': current transaction is aborted, commands ignored until end of transaction block

2025-05-29 21:53:43,605 - ERROR - Attempt 3/3 failed for term 'purulent': current transaction is aborted, commands ignored until end of transaction block

2025-05-29 21:53:43,606 - ERROR - Max retries reached for term 'purulent'
2025-05-29 21:53:43,625 - ERROR - Attempt 1/3 failed for term 'reports': relation "mrconso" does not exist
LINE 3:                     FROM MRCONSO c
                                 ^

2025-05-29 21:53:43,626 - ERROR - Attempt 2/3 failed for term 'reports': current transaction is aborted, commands ignored until end of transaction block

2025-05-29 21:53:43,626 - ERROR - Attempt 3/3 failed for term 'reports': current transaction is aborted, commands ignored until end of transaction block

2025-05-29 21:53:43,627 - ERROR - Max retries reached for term 'reports'
2025-05-29 21:53:43,641 - WARNING - Failed to fetch semantic type for CUI NO_CUI_patient presents with facial pain, nasal congestion, and fever for 10 days. reports purulent nasal discharge.: relation "mrsty" does not exist
LINE 3:                             FROM MRSTY sty
                                         ^

2025-05-29 21:53:43,724 - ERROR - Attempt 1/3 failed for term 'headache': relation "mrconso" does not exist
LINE 3:                     FROM MRCONSO c
                                 ^

2025-05-29 21:53:43,725 - ERROR - Attempt 2/3 failed for term 'headache': current transaction is aborted, commands ignored until end of transaction block

2025-05-29 21:53:43,725 - ERROR - Attempt 3/3 failed for term 'headache': current transaction is aborted, commands ignored until end of transaction block

2025-05-29 21:53:43,725 - ERROR - Max retries reached for term 'headache'
2025-05-29 21:53:43,740 - WARNING - Failed to fetch semantic type for CUI NO_CUI_headache: relation "mrsty" does not exist
LINE 3:                             FROM MRSTY sty
                                         ^

2025-05-29 21:53:43,857 - ERROR - Attempt 1/3 failed for term 'headache': relation "mrconso" does not exist
LINE 3:                     FROM MRCONSO c
                                 ^

2025-05-29 21:53:43,858 - ERROR - Attempt 2/3 failed for term 'headache': current transaction is aborted, commands ignored until end of transaction block

2025-05-29 21:53:43,858 - ERROR - Attempt 3/3 failed for term 'headache': current transaction is aborted, commands ignored until end of transaction block

2025-05-29 21:53:43,858 - ERROR - Max retries reached for term 'headache'
2025-05-29 21:53:43,870 - ERROR - Attempt 1/3 failed for term 'patient complains': relation "mrconso" does not exist
LINE 3:                     FROM MRCONSO c
                                 ^

2025-05-29 21:53:43,872 - ERROR - Attempt 2/3 failed for term 'patient complains': current transaction is aborted, commands ignored until end of transaction block

2025-05-29 21:53:43,873 - ERROR - Attempt 3/3 failed for term 'patient complains': current transaction is aborted, commands ignored until end of transaction block

2025-05-29 21:53:43,873 - ERROR - Max retries reached for term 'patient complains'
2025-05-29 21:53:43,886 - WARNING - Failed to fetch semantic type for CUI NO_CUI_patient complains of headache: relation "mrsty" does not exist
LINE 3:                             FROM MRSTY sty
                                         ^

2025-05-29 21:53:43,977 - ERROR - Attempt 1/3 failed for term 'back pain': relation "mrconso" does not exist
LINE 3:                     FROM MRCONSO c
                                 ^

2025-05-29 21:53:43,977 - ERROR - Attempt 2/3 failed for term 'back pain': current transaction is aborted, commands ignored until end of transaction block

2025-05-29 21:53:43,978 - ERROR - Attempt 3/3 failed for term 'back pain': current transaction is aborted, commands ignored until end of transaction block

2025-05-29 21:53:43,978 - ERROR - Max retries reached for term 'back pain'
2025-05-29 21:53:43,996 - WARNING - Failed to fetch semantic type for CUI NO_CUI_back pain: relation "mrsty" does not exist
LINE 3:                             FROM MRSTY sty
                                         ^

2025-05-29 21:53:44,112 - ERROR - Attempt 1/3 failed for term 'movement': relation "mrconso" does not exist
LINE 3:                     FROM MRCONSO c
                                 ^

2025-05-29 21:53:44,112 - ERROR - Attempt 2/3 failed for term 'movement': current transaction is aborted, commands ignored until end of transaction block

2025-05-29 21:53:44,113 - ERROR - Attempt 3/3 failed for term 'movement': current transaction is aborted, commands ignored until end of transaction block

2025-05-29 21:53:44,113 - ERROR - Max retries reached for term 'movement'
2025-05-29 21:53:44,126 - ERROR - Attempt 1/3 failed for term 'pain': relation "mrconso" does not exist
LINE 3:                     FROM MRCONSO c
                                 ^

2025-05-29 21:53:44,128 - ERROR - Attempt 2/3 failed for term 'pain': current transaction is aborted, commands ignored until end of transaction block

2025-05-29 21:53:44,128 - ERROR - Attempt 3/3 failed for term 'pain': current transaction is aborted, commands ignored until end of transaction block

2025-05-29 21:53:44,129 - ERROR - Max retries reached for term 'pain'
2025-05-29 21:53:44,142 - WARNING - Failed to fetch semantic type for CUI NO_CUI_pain on movement: relation "mrsty" does not exist
LINE 3:                             FROM MRSTY sty
                                         ^

2025-05-29 21:53:44,227 - ERROR - Attempt 1/3 failed for term 'obesity': relation "mrconso" does not exist
LINE 3:                     FROM MRCONSO c
                                 ^

2025-05-29 21:53:44,227 - ERROR - Attempt 2/3 failed for term 'obesity': current transaction is aborted, commands ignored until end of transaction block

2025-05-29 21:53:44,228 - ERROR - Attempt 3/3 failed for term 'obesity': current transaction is aborted, commands ignored until end of transaction block

2025-05-29 21:53:44,228 - ERROR - Max retries reached for term 'obesity'
2025-05-29 21:53:44,242 - WARNING - Failed to fetch semantic type for CUI NO_CUI_obesity: relation "mrsty" does not exist
LINE 3:                             FROM MRSTY sty
                                         ^

2025-05-29 21:53:44,360 - ERROR - Attempt 1/3 failed for term 'back pain': relation "mrconso" does not exist
LINE 3:                     FROM MRCONSO c
                                 ^

2025-05-29 21:53:44,360 - ERROR - Attempt 2/3 failed for term 'back pain': current transaction is aborted, commands ignored until end of transaction block

2025-05-29 21:53:44,361 - ERROR - Attempt 3/3 failed for term 'back pain': current transaction is aborted, commands ignored until end of transaction block

2025-05-29 21:53:44,361 - ERROR - Max retries reached for term 'back pain'
2025-05-29 21:53:44,375 - ERROR - Attempt 1/3 failed for term 'weeks': relation "mrconso" does not exist
LINE 3:                     FROM MRCONSO c
                                 ^

2025-05-29 21:53:44,376 - ERROR - Attempt 2/3 failed for term 'weeks': current transaction is aborted, commands ignored until end of transaction block

2025-05-29 21:53:44,377 - ERROR - Attempt 3/3 failed for term 'weeks': current transaction is aborted, commands ignored until end of transaction block

2025-05-29 21:53:44,377 - ERROR - Max retries reached for term 'weeks'
2025-05-29 21:53:44,395 - WARNING - Failed to fetch semantic type for CUI NO_CUI_back pain for two weeks: relation "mrsty" does not exist
LINE 3:                             FROM MRSTY sty
                                         ^

2025-05-29 21:53:44,490 - WARNING - Skipping non-clinical or blocked term: 'days'
2025-05-29 21:53:44,500 - ERROR - Attempt 1/3 failed for term 'patient complains': relation "mrconso" does not exist
LINE 3:                     FROM MRCONSO c
                                 ^

2025-05-29 21:53:44,501 - ERROR - Attempt 2/3 failed for term 'patient complains': current transaction is aborted, commands ignored until end of transaction block

2025-05-29 21:53:44,502 - ERROR - Attempt 3/3 failed for term 'patient complains': current transaction is aborted, commands ignored until end of transaction block

2025-05-29 21:53:44,503 - ERROR - Max retries reached for term 'patient complains'
2025-05-29 21:53:44,503 - WARNING - Skipping non-clinical or blocked term: 'chills'
2025-05-29 21:53:44,514 - ERROR - Attempt 1/3 failed for term 'fevers': relation "mrconso" does not exist
LINE 3:                     FROM MRCONSO c
                                 ^

2025-05-29 21:53:44,515 - ERROR - Attempt 2/3 failed for term 'fevers': current transaction is aborted, commands ignored until end of transaction block

2025-05-29 21:53:44,515 - ERROR - Attempt 3/3 failed for term 'fevers': current transaction is aborted, commands ignored until end of transaction block

2025-05-29 21:53:44,516 - ERROR - Max retries reached for term 'fevers'
2025-05-29 21:53:44,532 - ERROR - Attempt 1/3 failed for term 'headache': relation "mrconso" does not exist
LINE 3:                     FROM MRCONSO c
                                 ^

2025-05-29 21:53:44,533 - ERROR - Attempt 2/3 failed for term 'headache': current transaction is aborted, commands ignored until end of transaction block

2025-05-29 21:53:44,535 - ERROR - Attempt 3/3 failed for term 'headache': current transaction is aborted, commands ignored until end of transaction block

2025-05-29 21:53:44,535 - ERROR - Max retries reached for term 'headache'
2025-05-29 21:53:44,551 - ERROR - Attempt 1/3 failed for term 'associated with': relation "mrconso" does not exist
LINE 3:                     FROM MRCONSO c
                                 ^

2025-05-29 21:53:44,552 - ERROR - Attempt 2/3 failed for term 'associated with': current transaction is aborted, commands ignored until end of transaction block

2025-05-29 21:53:44,553 - ERROR - Attempt 3/3 failed for term 'associated with': current transaction is aborted, commands ignored until end of transaction block

2025-05-29 21:53:44,553 - ERROR - Max retries reached for term 'associated with'
2025-05-29 21:53:44,570 - WARNING - Failed to fetch semantic type for CUI NO_CUI_patient complains of headache the headache started three days ago. the headache is associated with fevers and chills: relation "mrsty" does not exist
LINE 3:                             FROM MRSTY sty
                                         ^

2025-05-29 21:53:44,716 - WARNING - Skipping non-clinical or blocked term: 'worse'
2025-05-29 21:53:44,716 - WARNING - Skipping non-clinical or blocked term: 'eyes'
2025-05-29 21:53:44,726 - ERROR - Attempt 1/3 failed for term 'licking': relation "mrconso" does not exist
LINE 3:                     FROM MRCONSO c
                                 ^

2025-05-29 21:53:44,727 - ERROR - Attempt 2/3 failed for term 'licking': current transaction is aborted, commands ignored until end of transaction block

2025-05-29 21:53:44,727 - ERROR - Attempt 3/3 failed for term 'licking': current transaction is aborted, commands ignored until end of transaction block

2025-05-29 21:53:44,728 - ERROR - Max retries reached for term 'licking'
2025-05-29 21:53:44,744 - ERROR - Attempt 1/3 failed for term 'patient': relation "mrconso" does not exist
LINE 3:                     FROM MRCONSO c
                                 ^

2025-05-29 21:53:44,745 - ERROR - Attempt 2/3 failed for term 'patient': current transaction is aborted, commands ignored until end of transaction block

2025-05-29 21:53:44,745 - ERROR - Attempt 3/3 failed for term 'patient': current transaction is aborted, commands ignored until end of transaction block

2025-05-29 21:53:44,745 - ERROR - Max retries reached for term 'patient'
2025-05-29 21:53:44,746 - WARNING - Skipping non-clinical or blocked term: 'foods'
2025-05-29 21:53:44,759 - ERROR - Attempt 1/3 failed for term 'strong': relation "mrconso" does not exist
LINE 3:                     FROM MRCONSO c
                                 ^

2025-05-29 21:53:44,760 - ERROR - Attempt 2/3 failed for term 'strong': current transaction is aborted, commands ignored until end of transaction block

2025-05-29 21:53:44,761 - ERROR - Attempt 3/3 failed for term 'strong': current transaction is aborted, commands ignored until end of transaction block

2025-05-29 21:53:44,761 - ERROR - Max retries reached for term 'strong'
2025-05-29 21:53:44,773 - ERROR - Attempt 1/3 failed for term 'fats': relation "mrconso" does not exist
LINE 3:                     FROM MRCONSO c
                                 ^

2025-05-29 21:53:44,774 - ERROR - Attempt 2/3 failed for term 'fats': current transaction is aborted, commands ignored until end of transaction block

2025-05-29 21:53:44,774 - ERROR - Attempt 3/3 failed for term 'fats': current transaction is aborted, commands ignored until end of transaction block

2025-05-29 21:53:44,775 - ERROR - Max retries reached for term 'fats'
2025-05-29 21:53:44,787 - ERROR - Attempt 1/3 failed for term 'tea': relation "mrconso" does not exist
LINE 3:                     FROM MRCONSO c
                                 ^

2025-05-29 21:53:44,788 - ERROR - Attempt 2/3 failed for term 'tea': current transaction is aborted, commands ignored until end of transaction block

2025-05-29 21:53:44,789 - ERROR - Attempt 3/3 failed for term 'tea': current transaction is aborted, commands ignored until end of transaction block

2025-05-29 21:53:44,789 - ERROR - Max retries reached for term 'tea'
2025-05-29 21:53:44,805 - ERROR - Attempt 1/3 failed for term 'vomiting': relation "mrconso" does not exist
LINE 3:                     FROM MRCONSO c
                                 ^

2025-05-29 21:53:44,806 - ERROR - Attempt 2/3 failed for term 'vomiting': current transaction is aborted, commands ignored until end of transaction block

2025-05-29 21:53:44,806 - ERROR - Attempt 3/3 failed for term 'vomiting': current transaction is aborted, commands ignored until end of transaction block

2025-05-29 21:53:44,807 - ERROR - Max retries reached for term 'vomiting'
2025-05-29 21:53:44,820 - ERROR - Attempt 1/3 failed for term 'nausea': relation "mrconso" does not exist
LINE 3:                     FROM MRCONSO c
                                 ^

2025-05-29 21:53:44,820 - ERROR - Attempt 2/3 failed for term 'nausea': current transaction is aborted, commands ignored until end of transaction block

2025-05-29 21:53:44,821 - ERROR - Attempt 3/3 failed for term 'nausea': current transaction is aborted, commands ignored until end of transaction block

2025-05-29 21:53:44,821 - ERROR - Max retries reached for term 'nausea'
2025-05-29 21:53:44,834 - ERROR - Attempt 1/3 failed for term 'jaundice': relation "mrconso" does not exist
LINE 3:                     FROM MRCONSO c
                                 ^

2025-05-29 21:53:44,835 - ERROR - Attempt 2/3 failed for term 'jaundice': current transaction is aborted, commands ignored until end of transaction block

2025-05-29 21:53:44,836 - ERROR - Attempt 3/3 failed for term 'jaundice': current transaction is aborted, commands ignored until end of transaction block

2025-05-29 21:53:44,836 - ERROR - Max retries reached for term 'jaundice'
2025-05-29 21:53:44,848 - ERROR - Attempt 1/3 failed for term 'loss of appetite': relation "mrconso" does not exist
LINE 3:                     FROM MRCONSO c
                                 ^

2025-05-29 21:53:44,849 - ERROR - Attempt 2/3 failed for term 'loss of appetite': current transaction is aborted, commands ignored until end of transaction block

2025-05-29 21:53:44,850 - ERROR - Attempt 3/3 failed for term 'loss of appetite': current transaction is aborted, commands ignored until end of transaction block

2025-05-29 21:53:44,850 - ERROR - Max retries reached for term 'loss of appetite'
2025-05-29 21:53:44,864 - WARNING - Failed to fetch semantic type for CUI NO_CUI_nausea and vomiting and loss of appetite the patient has jaundice in the eyes taking foods with fats makes the nausea worse taking strong tea and licking salt alleviates the nausea: relation "mrsty" does not exist
LINE 3:                             FROM MRSTY sty
                                         ^

2025-05-29 21:53:44,973 - ERROR - Attempt 1/3 failed for term 'facial pain': relation "mrconso" does not exist
LINE 3:                     FROM MRCONSO c
                                 ^

2025-05-29 21:53:44,975 - ERROR - Attempt 2/3 failed for term 'facial pain': current transaction is aborted, commands ignored until end of transaction block

2025-05-29 21:53:44,975 - ERROR - Attempt 3/3 failed for term 'facial pain': current transaction is aborted, commands ignored until end of transaction block

2025-05-29 21:53:44,976 - ERROR - Max retries reached for term 'facial pain'
2025-05-29 21:53:44,988 - ERROR - Attempt 1/3 failed for term 'patient': relation "mrconso" does not exist
LINE 3:                     FROM MRCONSO c
                                 ^

2025-05-29 21:53:44,989 - ERROR - Attempt 2/3 failed for term 'patient': current transaction is aborted, commands ignored until end of transaction block

2025-05-29 21:53:44,990 - ERROR - Attempt 3/3 failed for term 'patient': current transaction is aborted, commands ignored until end of transaction block

2025-05-29 21:53:44,991 - ERROR - Max retries reached for term 'patient'
2025-05-29 21:53:45,006 - WARNING - Failed to fetch semantic type for CUI NO_CUI_patient presents with facial pain: relation "mrsty" does not exist
LINE 3:                             FROM MRSTY sty
                                         ^

2025-05-29 21:53:45,173 - ERROR - Attempt 1/3 failed for term 'back pain': relation "mrconso" does not exist
LINE 3:                     FROM MRCONSO c
                                 ^

2025-05-29 21:53:45,174 - ERROR - Attempt 2/3 failed for term 'back pain': current transaction is aborted, commands ignored until end of transaction block

2025-05-29 21:53:45,174 - ERROR - Attempt 3/3 failed for term 'back pain': current transaction is aborted, commands ignored until end of transaction block

2025-05-29 21:53:45,175 - ERROR - Max retries reached for term 'back pain'
2025-05-29 21:53:45,191 - ERROR - Attempt 1/3 failed for term 'weeks': relation "mrconso" does not exist
LINE 3:                     FROM MRCONSO c
                                 ^

2025-05-29 21:53:45,192 - ERROR - Attempt 2/3 failed for term 'weeks': current transaction is aborted, commands ignored until end of transaction block

2025-05-29 21:53:45,193 - ERROR - Attempt 3/3 failed for term 'weeks': current transaction is aborted, commands ignored until end of transaction block

2025-05-29 21:53:45,193 - ERROR - Max retries reached for term 'weeks'
2025-05-29 21:53:45,223 - ERROR - Attempt 1/3 failed for term 'assessment': relation "mrconso" does not exist
LINE 3:                     FROM MRCONSO c
                                 ^

2025-05-29 21:53:45,225 - ERROR - Attempt 2/3 failed for term 'assessment': current transaction is aborted, commands ignored until end of transaction block

2025-05-29 21:53:45,228 - ERROR - Attempt 3/3 failed for term 'assessment': current transaction is aborted, commands ignored until end of transaction block

2025-05-29 21:53:45,228 - ERROR - Max retries reached for term 'assessment'
2025-05-29 21:53:45,261 - ERROR - Attempt 1/3 failed for term 'patient reports': relation "mrconso" does not exist
LINE 3:                     FROM MRCONSO c
                                 ^

2025-05-29 21:53:45,262 - ERROR - Attempt 2/3 failed for term 'patient reports': current transaction is aborted, commands ignored until end of transaction block

2025-05-29 21:53:45,266 - ERROR - Attempt 3/3 failed for term 'patient reports': current transaction is aborted, commands ignored until end of transaction block

2025-05-29 21:53:45,267 - ERROR - Max retries reached for term 'patient reports'
2025-05-29 21:53:45,289 - WARNING - Failed to fetch semantic type for CUI NO_CUI_back pain for two weeks the patient reports backpain for three weeks on assessment: relation "mrsty" does not exist
LINE 3:                             FROM MRSTY sty
                                         ^

2025-05-29 21:53:45,628 - ERROR - Attempt 1/3 failed for term 'standing': relation "mrconso" does not exist
LINE 3:                     FROM MRCONSO c
                                 ^

2025-05-29 21:53:45,632 - ERROR - Attempt 2/3 failed for term 'standing': current transaction is aborted, commands ignored until end of transaction block

2025-05-29 21:53:45,633 - ERROR - Attempt 3/3 failed for term 'standing': current transaction is aborted, commands ignored until end of transaction block

2025-05-29 21:53:45,633 - ERROR - Max retries reached for term 'standing'
2025-05-29 21:53:45,680 - ERROR - Attempt 1/3 failed for term 'stretching': relation "mrconso" does not exist
LINE 3:                     FROM MRCONSO c
                                 ^

2025-05-29 21:53:45,681 - ERROR - Attempt 2/3 failed for term 'stretching': current transaction is aborted, commands ignored until end of transaction block

2025-05-29 21:53:45,683 - ERROR - Attempt 3/3 failed for term 'stretching': current transaction is aborted, commands ignored until end of transaction block

2025-05-29 21:53:45,684 - ERROR - Max retries reached for term 'stretching'
2025-05-29 21:53:45,704 - ERROR - Attempt 1/3 failed for term 'patient': relation "mrconso" does not exist
LINE 3:                     FROM MRCONSO c
                                 ^

2025-05-29 21:53:45,705 - ERROR - Attempt 2/3 failed for term 'patient': current transaction is aborted, commands ignored until end of transaction block

2025-05-29 21:53:45,706 - ERROR - Attempt 3/3 failed for term 'patient': current transaction is aborted, commands ignored until end of transaction block

2025-05-29 21:53:45,707 - ERROR - Max retries reached for term 'patient'
2025-05-29 21:53:45,732 - ERROR - Attempt 1/3 failed for term 'pain': relation "mrconso" does not exist
LINE 3:                     FROM MRCONSO c
                                 ^

2025-05-29 21:53:45,734 - ERROR - Attempt 2/3 failed for term 'pain': current transaction is aborted, commands ignored until end of transaction block

2025-05-29 21:53:45,734 - ERROR - Attempt 3/3 failed for term 'pain': current transaction is aborted, commands ignored until end of transaction block

2025-05-29 21:53:45,735 - ERROR - Max retries reached for term 'pain'
2025-05-29 21:53:45,747 - ERROR - Attempt 1/3 failed for term 'obese': relation "mrconso" does not exist
LINE 3:                     FROM MRCONSO c
                                 ^

2025-05-29 21:53:45,748 - ERROR - Attempt 2/3 failed for term 'obese': current transaction is aborted, commands ignored until end of transaction block

2025-05-29 21:53:45,749 - ERROR - Attempt 3/3 failed for term 'obese': current transaction is aborted, commands ignored until end of transaction block

2025-05-29 21:53:45,750 - ERROR - Max retries reached for term 'obese'
2025-05-29 21:53:45,763 - ERROR - Attempt 1/3 failed for term 'sitting': relation "mrconso" does not exist
LINE 3:                     FROM MRCONSO c
                                 ^

2025-05-29 21:53:45,763 - ERROR - Attempt 2/3 failed for term 'sitting': current transaction is aborted, commands ignored until end of transaction block

2025-05-29 21:53:45,764 - ERROR - Attempt 3/3 failed for term 'sitting': current transaction is aborted, commands ignored until end of transaction block

2025-05-29 21:53:45,764 - ERROR - Max retries reached for term 'sitting'
2025-05-29 21:53:45,778 - ERROR - Attempt 1/3 failed for term 'backpain': relation "mrconso" does not exist
LINE 3:                     FROM MRCONSO c
                                 ^

2025-05-29 21:53:45,779 - ERROR - Attempt 2/3 failed for term 'backpain': current transaction is aborted, commands ignored until end of transaction block

2025-05-29 21:53:45,780 - ERROR - Attempt 3/3 failed for term 'backpain': current transaction is aborted, commands ignored until end of transaction block

2025-05-29 21:53:45,780 - ERROR - Max retries reached for term 'backpain'
2025-05-29 21:53:45,795 - WARNING - Failed to fetch semantic type for CUI NO_CUI_the patient is obese the backpain is made worse by sitting down for long the pain is alleviated by standing and stretching: relation "mrsty" does not exist
LINE 3:                             FROM MRSTY sty
                                         ^

2025-05-29 21:53:45,929 - WARNING - Skipping non-clinical or blocked term: 'days'
2025-05-29 21:53:45,942 - ERROR - Attempt 1/3 failed for term 'facial pain': relation "mrconso" does not exist
LINE 3:                     FROM MRCONSO c
                                 ^

2025-05-29 21:53:45,943 - ERROR - Attempt 2/3 failed for term 'facial pain': current transaction is aborted, commands ignored until end of transaction block

2025-05-29 21:53:45,944 - ERROR - Attempt 3/3 failed for term 'facial pain': current transaction is aborted, commands ignored until end of transaction block

2025-05-29 21:53:45,944 - ERROR - Max retries reached for term 'facial pain'
2025-05-29 21:53:45,959 - ERROR - Attempt 1/3 failed for term 'nasal discharge': relation "mrconso" does not exist
LINE 3:                     FROM MRCONSO c
                                 ^

2025-05-29 21:53:45,960 - ERROR - Attempt 2/3 failed for term 'nasal discharge': current transaction is aborted, commands ignored until end of transaction block

2025-05-29 21:53:45,960 - ERROR - Attempt 3/3 failed for term 'nasal discharge': current transaction is aborted, commands ignored until end of transaction block

2025-05-29 21:53:45,960 - ERROR - Max retries reached for term 'nasal discharge'
2025-05-29 21:53:45,973 - ERROR - Attempt 1/3 failed for term 'fever': relation "mrconso" does not exist
LINE 3:                     FROM MRCONSO c
                                 ^

2025-05-29 21:53:45,974 - ERROR - Attempt 2/3 failed for term 'fever': current transaction is aborted, commands ignored until end of transaction block

2025-05-29 21:53:45,974 - ERROR - Attempt 3/3 failed for term 'fever': current transaction is aborted, commands ignored until end of transaction block

2025-05-29 21:53:45,974 - ERROR - Max retries reached for term 'fever'
2025-05-29 21:53:45,986 - ERROR - Attempt 1/3 failed for term 'maxillary sinuses': relation "mrconso" does not exist
LINE 3:                     FROM MRCONSO c
                                 ^

2025-05-29 21:53:45,987 - ERROR - Attempt 2/3 failed for term 'maxillary sinuses': current transaction is aborted, commands ignored until end of transaction block

2025-05-29 21:53:45,987 - ERROR - Attempt 3/3 failed for term 'maxillary sinuses': current transaction is aborted, commands ignored until end of transaction block

2025-05-29 21:53:45,988 - ERROR - Max retries reached for term 'maxillary sinuses'
2025-05-29 21:53:45,999 - ERROR - Attempt 1/3 failed for term 'purulent': relation "mrconso" does not exist
LINE 3:                     FROM MRCONSO c
                                 ^

2025-05-29 21:53:46,000 - ERROR - Attempt 2/3 failed for term 'purulent': current transaction is aborted, commands ignored until end of transaction block

2025-05-29 21:53:46,001 - ERROR - Attempt 3/3 failed for term 'purulent': current transaction is aborted, commands ignored until end of transaction block

2025-05-29 21:53:46,001 - ERROR - Max retries reached for term 'purulent'
2025-05-29 21:53:46,019 - ERROR - Attempt 1/3 failed for term 'reports': relation "mrconso" does not exist
LINE 3:                     FROM MRCONSO c
                                 ^

2025-05-29 21:53:46,020 - ERROR - Attempt 2/3 failed for term 'reports': current transaction is aborted, commands ignored until end of transaction block

2025-05-29 21:53:46,021 - ERROR - Attempt 3/3 failed for term 'reports': current transaction is aborted, commands ignored until end of transaction block

2025-05-29 21:53:46,021 - ERROR - Max retries reached for term 'reports'
2025-05-29 21:53:46,035 - WARNING - Failed to fetch semantic type for CUI NO_CUI_and fever for 10 days. reports purulent nasal discharge. facial pain over maxillary sinuses: relation "mrsty" does not exist
LINE 3:                             FROM MRSTY sty
                                         ^

2025-05-29 21:53:46,224 - ERROR - Attempt 1/3 failed for term 'sinusitis': relation "mrconso" does not exist
LINE 3:                     FROM MRCONSO c
                                 ^

2025-05-29 21:53:46,224 - ERROR - Attempt 2/3 failed for term 'sinusitis': current transaction is aborted, commands ignored until end of transaction block

2025-05-29 21:53:46,225 - ERROR - Attempt 3/3 failed for term 'sinusitis': current transaction is aborted, commands ignored until end of transaction block

2025-05-29 21:53:46,225 - ERROR - Max retries reached for term 'sinusitis'
2025-05-29 21:53:46,243 - ERROR - Attempt 1/3 failed for term 'pulmonary': relation "mrconso" does not exist
LINE 3:                     FROM MRCONSO c
                                 ^

2025-05-29 21:53:46,243 - ERROR - Attempt 2/3 failed for term 'pulmonary': current transaction is aborted, commands ignored until end of transaction block

2025-05-29 21:53:46,244 - ERROR - Attempt 3/3 failed for term 'pulmonary': current transaction is aborted, commands ignored until end of transaction block

2025-05-29 21:53:46,244 - ERROR - Max retries reached for term 'pulmonary'
2025-05-29 21:53:46,260 - ERROR - Attempt 1/3 failed for term 'stable': relation "mrconso" does not exist
LINE 3:                     FROM MRCONSO c
                                 ^

2025-05-29 21:53:46,261 - ERROR - Attempt 2/3 failed for term 'stable': current transaction is aborted, commands ignored until end of transaction block

2025-05-29 21:53:46,262 - ERROR - Attempt 3/3 failed for term 'stable': current transaction is aborted, commands ignored until end of transaction block

2025-05-29 21:53:46,262 - ERROR - Max retries reached for term 'stable'
2025-05-29 21:53:46,282 - ERROR - Attempt 1/3 failed for term 'diabetes': relation "mrconso" does not exist
LINE 3:                     FROM MRCONSO c
                                 ^

2025-05-29 21:53:46,283 - ERROR - Attempt 2/3 failed for term 'diabetes': current transaction is aborted, commands ignored until end of transaction block

2025-05-29 21:53:46,284 - ERROR - Attempt 3/3 failed for term 'diabetes': current transaction is aborted, commands ignored until end of transaction block

2025-05-29 21:53:46,284 - ERROR - Max retries reached for term 'diabetes'
2025-05-29 21:53:46,312 - ERROR - Attempt 1/3 failed for term 'hypertension': relation "mrconso" does not exist
LINE 3:                     FROM MRCONSO c
                                 ^

2025-05-29 21:53:46,312 - ERROR - Attempt 2/3 failed for term 'hypertension': current transaction is aborted, commands ignored until end of transaction block

2025-05-29 21:53:46,313 - ERROR - Attempt 3/3 failed for term 'hypertension': current transaction is aborted, commands ignored until end of transaction block

2025-05-29 21:53:46,313 - ERROR - Max retries reached for term 'hypertension'
2025-05-29 21:53:46,341 - ERROR - Attempt 1/3 failed for term 'viral sinusitis': relation "mrconso" does not exist
LINE 3:                     FROM MRCONSO c
                                 ^

2025-05-29 21:53:46,344 - ERROR - Attempt 2/3 failed for term 'viral sinusitis': current transaction is aborted, commands ignored until end of transaction block

2025-05-29 21:53:46,347 - ERROR - Attempt 3/3 failed for term 'viral sinusitis': current transaction is aborted, commands ignored until end of transaction block

2025-05-29 21:53:46,348 - ERROR - Max retries reached for term 'viral sinusitis'
2025-05-29 21:53:46,371 - ERROR - Attempt 1/3 failed for term 'acute abnormalities': relation "mrconso" does not exist
LINE 3:                     FROM MRCONSO c
                                 ^

2025-05-29 21:53:46,376 - ERROR - Attempt 2/3 failed for term 'acute abnormalities': current transaction is aborted, commands ignored until end of transaction block

2025-05-29 21:53:46,380 - ERROR - Attempt 3/3 failed for term 'acute abnormalities': current transaction is aborted, commands ignored until end of transaction block

2025-05-29 21:53:46,382 - ERROR - Max retries reached for term 'acute abnormalities'
2025-05-29 21:53:46,398 - ERROR - Attempt 1/3 failed for term 'cardiovascular': relation "mrconso" does not exist
LINE 3:                     FROM MRCONSO c
                                 ^

2025-05-29 21:53:46,399 - ERROR - Attempt 2/3 failed for term 'cardiovascular': current transaction is aborted, commands ignored until end of transaction block

2025-05-29 21:53:46,400 - ERROR - Attempt 3/3 failed for term 'cardiovascular': current transaction is aborted, commands ignored until end of transaction block

2025-05-29 21:53:46,401 - ERROR - Max retries reached for term 'cardiovascular'
2025-05-29 21:53:46,418 - ERROR - Attempt 1/3 failed for term 'headache': relation "mrconso" does not exist
LINE 3:                     FROM MRCONSO c
                                 ^

2025-05-29 21:53:46,419 - ERROR - Attempt 2/3 failed for term 'headache': current transaction is aborted, commands ignored until end of transaction block

2025-05-29 21:53:46,419 - ERROR - Attempt 3/3 failed for term 'headache': current transaction is aborted, commands ignored until end of transaction block

2025-05-29 21:53:46,420 - ERROR - Max retries reached for term 'headache'
2025-05-29 21:53:46,446 - ERROR - Attempt 1/3 failed for term 'endocrine': relation "mrconso" does not exist
LINE 3:                     FROM MRCONSO c
                                 ^

2025-05-29 21:53:46,447 - ERROR - Attempt 2/3 failed for term 'endocrine': current transaction is aborted, commands ignored until end of transaction block

2025-05-29 21:53:46,448 - ERROR - Attempt 3/3 failed for term 'endocrine': current transaction is aborted, commands ignored until end of transaction block

2025-05-29 21:53:46,449 - ERROR - Max retries reached for term 'endocrine'
2025-05-29 21:53:46,472 - ERROR - Attempt 1/3 failed for term 'secondary to': relation "mrconso" does not exist
LINE 3:                     FROM MRCONSO c
                                 ^

2025-05-29 21:53:46,473 - ERROR - Attempt 2/3 failed for term 'secondary to': current transaction is aborted, commands ignored until end of transaction block

2025-05-29 21:53:46,474 - ERROR - Attempt 3/3 failed for term 'secondary to': current transaction is aborted, commands ignored until end of transaction block

2025-05-29 21:53:46,474 - ERROR - Max retries reached for term 'secondary to'
2025-05-29 21:53:46,493 - ERROR - Attempt 1/3 failed for term 'neurological': relation "mrconso" does not exist
LINE 3:                     FROM MRCONSO c
                                 ^

2025-05-29 21:53:46,494 - ERROR - Attempt 2/3 failed for term 'neurological': current transaction is aborted, commands ignored until end of transaction block

2025-05-29 21:53:46,495 - ERROR - Attempt 3/3 failed for term 'neurological': current transaction is aborted, commands ignored until end of transaction block

2025-05-29 21:53:46,495 - ERROR - Max retries reached for term 'neurological'
2025-05-29 21:53:46,520 - ERROR - Attempt 1/3 failed for term 'viral upper': relation "mrconso" does not exist
LINE 3:                     FROM MRCONSO c
                                 ^

2025-05-29 21:53:46,521 - ERROR - Attempt 2/3 failed for term 'viral upper': current transaction is aborted, commands ignored until end of transaction block

2025-05-29 21:53:46,522 - ERROR - Attempt 3/3 failed for term 'viral upper': current transaction is aborted, commands ignored until end of transaction block

2025-05-29 21:53:46,522 - ERROR - Max retries reached for term 'viral upper'
2025-05-29 21:53:46,542 - ERROR - Attempt 1/3 failed for term 'allergic rhinitis': relation "mrconso" does not exist
LINE 3:                     FROM MRCONSO c
                                 ^

2025-05-29 21:53:46,542 - ERROR - Attempt 2/3 failed for term 'allergic rhinitis': current transaction is aborted, commands ignored until end of transaction block

2025-05-29 21:53:46,543 - ERROR - Attempt 3/3 failed for term 'allergic rhinitis': current transaction is aborted, commands ignored until end of transaction block

2025-05-29 21:53:46,544 - ERROR - Max retries reached for term 'allergic rhinitis'
2025-05-29 21:53:46,558 - ERROR - Attempt 1/3 failed for term 'differential': relation "mrconso" does not exist
LINE 3:                     FROM MRCONSO c
                                 ^

2025-05-29 21:53:46,559 - ERROR - Attempt 2/3 failed for term 'differential': current transaction is aborted, commands ignored until end of transaction block

2025-05-29 21:53:46,560 - ERROR - Attempt 3/3 failed for term 'differential': current transaction is aborted, commands ignored until end of transaction block

2025-05-29 21:53:46,560 - ERROR - Max retries reached for term 'differential'
2025-05-29 21:53:46,573 - ERROR - Attempt 1/3 failed for term 'respiratory infection': relation "mrconso" does not exist
LINE 3:                     FROM MRCONSO c
                                 ^

2025-05-29 21:53:46,574 - ERROR - Attempt 2/3 failed for term 'respiratory infection': current transaction is aborted, commands ignored until end of transaction block

2025-05-29 21:53:46,575 - ERROR - Attempt 3/3 failed for term 'respiratory infection': current transaction is aborted, commands ignored until end of transaction block

2025-05-29 21:53:46,575 - ERROR - Max retries reached for term 'respiratory infection'
2025-05-29 21:53:46,588 - WARNING - Failed to fetch semantic type for CUI NO_CUI_likely secondary to recent viral upper respiratory infection. differential includes viral sinusitis or allergic rhinitis. other systems: neurological: headache likely related to sinusitis. endocrine: stable diabetes. cardiovascular: stable hypertension. no acute abnormalities in pulmonary: relation "mrsty" does not exist
LINE 3:                             FROM MRSTY sty
                                         ^

2025-05-29 21:53:46,702 - ERROR - Attempt 1/3 failed for term 'radiating': relation "mrconso" does not exist
LINE 3:                     FROM MRCONSO c
                                 ^

2025-05-29 21:53:46,703 - ERROR - Attempt 2/3 failed for term 'radiating': current transaction is aborted, commands ignored until end of transaction block

2025-05-29 21:53:46,703 - ERROR - Attempt 3/3 failed for term 'radiating': current transaction is aborted, commands ignored until end of transaction block

2025-05-29 21:53:46,704 - ERROR - Max retries reached for term 'radiating'
2025-05-29 21:53:46,718 - ERROR - Attempt 1/3 failed for term 'pain': relation "mrconso" does not exist
LINE 3:                     FROM MRCONSO c
                                 ^

2025-05-29 21:53:46,719 - ERROR - Attempt 2/3 failed for term 'pain': current transaction is aborted, commands ignored until end of transaction block

2025-05-29 21:53:46,720 - ERROR - Attempt 3/3 failed for term 'pain': current transaction is aborted, commands ignored until end of transaction block

2025-05-29 21:53:46,721 - ERROR - Max retries reached for term 'pain'
2025-05-29 21:53:46,734 - WARNING - Failed to fetch semantic type for CUI NO_CUI_radiating pain: relation "mrsty" does not exist
LINE 3:                             FROM MRSTY sty
                                         ^

2025-05-29 21:53:46,819 - ERROR - Attempt 1/3 failed for term 'bilateral': relation "mrconso" does not exist
LINE 3:                     FROM MRCONSO c
                                 ^

2025-05-29 21:53:46,819 - ERROR - Attempt 2/3 failed for term 'bilateral': current transaction is aborted, commands ignored until end of transaction block

2025-05-29 21:53:46,820 - ERROR - Attempt 3/3 failed for term 'bilateral': current transaction is aborted, commands ignored until end of transaction block

2025-05-29 21:53:46,820 - ERROR - Max retries reached for term 'bilateral'
2025-05-29 21:53:46,833 - ERROR - Attempt 1/3 failed for term 'nasal congestion': relation "mrconso" does not exist
LINE 3:                     FROM MRCONSO c
                                 ^

2025-05-29 21:53:46,834 - ERROR - Attempt 2/3 failed for term 'nasal congestion': current transaction is aborted, commands ignored until end of transaction block

2025-05-29 21:53:46,834 - ERROR - Attempt 3/3 failed for term 'nasal congestion': current transaction is aborted, commands ignored until end of transaction block

2025-05-29 21:53:46,835 - ERROR - Max retries reached for term 'nasal congestion'
2025-05-29 21:53:46,850 - WARNING - Failed to fetch semantic type for CUI NO_CUI_bilateral nasal congestion: relation "mrsty" does not exist
LINE 3:                             FROM MRSTY sty
                                         ^

2025-05-29 21:53:47,077 - WARNING - Skipping non-clinical or blocked term: 'days'
2025-05-29 21:53:47,088 - ERROR - Attempt 1/3 failed for term 'shortness of breath': relation "mrconso" does not exist
LINE 3:                     FROM MRCONSO c
                                 ^

2025-05-29 21:53:47,088 - ERROR - Attempt 2/3 failed for term 'shortness of breath': current transaction is aborted, commands ignored until end of transaction block

2025-05-29 21:53:47,089 - ERROR - Attempt 3/3 failed for term 'shortness of breath': current transaction is aborted, commands ignored until end of transaction block

2025-05-29 21:53:47,089 - ERROR - Max retries reached for term 'shortness of breath'
2025-05-29 21:53:47,107 - ERROR - Attempt 1/3 failed for term 'no cough': relation "mrconso" does not exist
LINE 3:                     FROM MRCONSO c
                                 ^

2025-05-29 21:53:47,108 - ERROR - Attempt 2/3 failed for term 'no cough': current transaction is aborted, commands ignored until end of transaction block

2025-05-29 21:53:47,108 - ERROR - Attempt 3/3 failed for term 'no cough': current transaction is aborted, commands ignored until end of transaction block

2025-05-29 21:53:47,109 - ERROR - Max retries reached for term 'no cough'
2025-05-29 21:53:47,125 - ERROR - Attempt 1/3 failed for term 'pulmonary': relation "mrconso" does not exist
LINE 3:                     FROM MRCONSO c
                                 ^

2025-05-29 21:53:47,125 - ERROR - Attempt 2/3 failed for term 'pulmonary': current transaction is aborted, commands ignored until end of transaction block

2025-05-29 21:53:47,126 - ERROR - Attempt 3/3 failed for term 'pulmonary': current transaction is aborted, commands ignored until end of transaction block

2025-05-29 21:53:47,126 - ERROR - Max retries reached for term 'pulmonary'
2025-05-29 21:53:47,142 - ERROR - Attempt 1/3 failed for term 'mild headache': relation "mrconso" does not exist
LINE 3:                     FROM MRCONSO c
                                 ^

2025-05-29 21:53:47,142 - ERROR - Attempt 2/3 failed for term 'mild headache': current transaction is aborted, commands ignored until end of transaction block

2025-05-29 21:53:47,143 - ERROR - Attempt 3/3 failed for term 'mild headache': current transaction is aborted, commands ignored until end of transaction block

2025-05-29 21:53:47,143 - ERROR - Max retries reached for term 'mild headache'
2025-05-29 21:53:47,157 - ERROR - Attempt 1/3 failed for term 'nasal discharge': relation "mrconso" does not exist
LINE 3:                     FROM MRCONSO c
                                 ^

2025-05-29 21:53:47,158 - ERROR - Attempt 2/3 failed for term 'nasal discharge': current transaction is aborted, commands ignored until end of transaction block

2025-05-29 21:53:47,159 - ERROR - Attempt 3/3 failed for term 'nasal discharge': current transaction is aborted, commands ignored until end of transaction block

2025-05-29 21:53:47,160 - ERROR - Max retries reached for term 'nasal discharge'
2025-05-29 21:53:47,175 - ERROR - Attempt 1/3 failed for term 'sinus pain': relation "mrconso" does not exist
LINE 3:                     FROM MRCONSO c
                                 ^

2025-05-29 21:53:47,176 - ERROR - Attempt 2/3 failed for term 'sinus pain': current transaction is aborted, commands ignored until end of transaction block

2025-05-29 21:53:47,177 - ERROR - Attempt 3/3 failed for term 'sinus pain': current transaction is aborted, commands ignored until end of transaction block

2025-05-29 21:53:47,177 - ERROR - Max retries reached for term 'sinus pain'
2025-05-29 21:53:47,198 - ERROR - Attempt 1/3 failed for term 'cardiovascular': relation "mrconso" does not exist
LINE 3:                     FROM MRCONSO c
                                 ^

2025-05-29 21:53:47,199 - ERROR - Attempt 2/3 failed for term 'cardiovascular': current transaction is aborted, commands ignored until end of transaction block

2025-05-29 21:53:47,199 - ERROR - Attempt 3/3 failed for term 'cardiovascular': current transaction is aborted, commands ignored until end of transaction block

2025-05-29 21:53:47,200 - ERROR - Max retries reached for term 'cardiovascular'
2025-05-29 21:53:47,216 - ERROR - Attempt 1/3 failed for term 'palpitations': relation "mrconso" does not exist
LINE 3:                     FROM MRCONSO c
                                 ^

2025-05-29 21:53:47,216 - ERROR - Attempt 2/3 failed for term 'palpitations': current transaction is aborted, commands ignored until end of transaction block

2025-05-29 21:53:47,217 - ERROR - Attempt 3/3 failed for term 'palpitations': current transaction is aborted, commands ignored until end of transaction block

2025-05-29 21:53:47,217 - ERROR - Max retries reached for term 'palpitations'
2025-05-29 21:53:47,232 - ERROR - Attempt 1/3 failed for term 'hearing loss': relation "mrconso" does not exist
LINE 3:                     FROM MRCONSO c
                                 ^

2025-05-29 21:53:47,233 - ERROR - Attempt 2/3 failed for term 'hearing loss': current transaction is aborted, commands ignored until end of transaction block

2025-05-29 21:53:47,233 - ERROR - Attempt 3/3 failed for term 'hearing loss': current transaction is aborted, commands ignored until end of transaction block

2025-05-29 21:53:47,233 - ERROR - Max retries reached for term 'hearing loss'
2025-05-29 21:53:47,246 - ERROR - Attempt 1/3 failed for term 'low-grade': relation "mrconso" does not exist
LINE 3:                     FROM MRCONSO c
                                 ^

2025-05-29 21:53:47,247 - ERROR - Attempt 2/3 failed for term 'low-grade': current transaction is aborted, commands ignored until end of transaction block

2025-05-29 21:53:47,248 - ERROR - Attempt 3/3 failed for term 'low-grade': current transaction is aborted, commands ignored until end of transaction block

2025-05-29 21:53:47,248 - ERROR - Max retries reached for term 'low-grade'
2025-05-29 21:53:47,264 - ERROR - Attempt 1/3 failed for term 'chest pain': relation "mrconso" does not exist
LINE 3:                     FROM MRCONSO c
                                 ^

2025-05-29 21:53:47,265 - ERROR - Attempt 2/3 failed for term 'chest pain': current transaction is aborted, commands ignored until end of transaction block

2025-05-29 21:53:47,266 - ERROR - Attempt 3/3 failed for term 'chest pain': current transaction is aborted, commands ignored until end of transaction block

2025-05-29 21:53:47,267 - ERROR - Max retries reached for term 'chest pain'
2025-05-29 21:53:47,280 - ERROR - Attempt 1/3 failed for term 'purulent': relation "mrconso" does not exist
LINE 3:                     FROM MRCONSO c
                                 ^

2025-05-29 21:53:47,281 - ERROR - Attempt 2/3 failed for term 'purulent': current transaction is aborted, commands ignored until end of transaction block

2025-05-29 21:53:47,282 - ERROR - Attempt 3/3 failed for term 'purulent': current transaction is aborted, commands ignored until end of transaction block

2025-05-29 21:53:47,282 - ERROR - Max retries reached for term 'purulent'
2025-05-29 21:53:47,295 - ERROR - Attempt 1/3 failed for term 'neurological': relation "mrconso" does not exist
LINE 3:                     FROM MRCONSO c
                                 ^

2025-05-29 21:53:47,296 - ERROR - Attempt 2/3 failed for term 'neurological': current transaction is aborted, commands ignored until end of transaction block

2025-05-29 21:53:47,297 - ERROR - Attempt 3/3 failed for term 'neurological': current transaction is aborted, commands ignored until end of transaction block

2025-05-29 21:53:47,298 - ERROR - Max retries reached for term 'neurological'
2025-05-29 21:53:47,313 - ERROR - Attempt 1/3 failed for term 'associated with': relation "mrconso" does not exist
LINE 3:                     FROM MRCONSO c
                                 ^

2025-05-29 21:53:47,314 - ERROR - Attempt 2/3 failed for term 'associated with': current transaction is aborted, commands ignored until end of transaction block

2025-05-29 21:53:47,315 - ERROR - Attempt 3/3 failed for term 'associated with': current transaction is aborted, commands ignored until end of transaction block

2025-05-29 21:53:47,315 - ERROR - Max retries reached for term 'associated with'
2025-05-29 21:53:47,330 - WARNING - Failed to fetch semantic type for CUI NO_CUI_and purulent nasal discharge for 10 days. low-grade fever (up to 100.5°f). no sore throat or hearing loss. pulmonary: no cough or shortness of breath. cardiovascular: no chest pain or palpitations. neurological: mild headache associated with sinus pain: relation "mrsty" does not exist
LINE 3:                             FROM MRSTY sty
                                         ^

2025-05-29 21:53:47,576 - ERROR - Attempt 1/3 failed for term 'acute': relation "mrconso" does not exist
LINE 3:                     FROM MRCONSO c
                                 ^

2025-05-29 21:53:47,577 - ERROR - Attempt 2/3 failed for term 'acute': current transaction is aborted, commands ignored until end of transaction block

2025-05-29 21:53:47,578 - ERROR - Attempt 3/3 failed for term 'acute': current transaction is aborted, commands ignored until end of transaction block

2025-05-29 21:53:47,578 - ERROR - Max retries reached for term 'acute'
2025-05-29 21:53:47,591 - ERROR - Attempt 1/3 failed for term 'bacterial sinusitis': relation "mrconso" does not exist
LINE 3:                     FROM MRCONSO c
                                 ^

2025-05-29 21:53:47,591 - ERROR - Attempt 2/3 failed for term 'bacterial sinusitis': current transaction is aborted, commands ignored until end of transaction block

2025-05-29 21:53:47,592 - ERROR - Attempt 3/3 failed for term 'bacterial sinusitis': current transaction is aborted, commands ignored until end of transaction block

2025-05-29 21:53:47,592 - ERROR - Max retries reached for term 'bacterial sinusitis'
2025-05-29 21:53:47,606 - ERROR - Attempt 1/3 failed for term 'no joint pain': relation "mrconso" does not exist
LINE 3:                     FROM MRCONSO c
                                 ^

2025-05-29 21:53:47,607 - ERROR - Attempt 2/3 failed for term 'no joint pain': current transaction is aborted, commands ignored until end of transaction block

2025-05-29 21:53:47,607 - ERROR - Attempt 3/3 failed for term 'no joint pain': current transaction is aborted, commands ignored until end of transaction block

2025-05-29 21:53:47,608 - ERROR - Max retries reached for term 'no joint pain'
2025-05-29 21:53:47,620 - ERROR - Attempt 1/3 failed for term 'no dizziness': relation "mrconso" does not exist
LINE 3:                     FROM MRCONSO c
                                 ^

2025-05-29 21:53:47,621 - ERROR - Attempt 2/3 failed for term 'no dizziness': current transaction is aborted, commands ignored until end of transaction block

2025-05-29 21:53:47,622 - ERROR - Attempt 3/3 failed for term 'no dizziness': current transaction is aborted, commands ignored until end of transaction block

2025-05-29 21:53:47,622 - ERROR - Max retries reached for term 'no dizziness'
2025-05-29 21:53:47,635 - ERROR - Attempt 1/3 failed for term 'weight changes': relation "mrconso" does not exist
LINE 3:                     FROM MRCONSO c
                                 ^

2025-05-29 21:53:47,636 - ERROR - Attempt 2/3 failed for term 'weight changes': current transaction is aborted, commands ignored until end of transaction block

2025-05-29 21:53:47,637 - ERROR - Attempt 3/3 failed for term 'weight changes': current transaction is aborted, commands ignored until end of transaction block

2025-05-29 21:53:47,637 - ERROR - Max retries reached for term 'weight changes'
2025-05-29 21:53:47,649 - ERROR - Attempt 1/3 failed for term 'bruising': relation "mrconso" does not exist
LINE 3:                     FROM MRCONSO c
                                 ^

2025-05-29 21:53:47,650 - ERROR - Attempt 2/3 failed for term 'bruising': current transaction is aborted, commands ignored until end of transaction block

2025-05-29 21:53:47,650 - ERROR - Attempt 3/3 failed for term 'bruising': current transaction is aborted, commands ignored until end of transaction block

2025-05-29 21:53:47,651 - ERROR - Max retries reached for term 'bruising'
2025-05-29 21:53:47,662 - ERROR - Attempt 1/3 failed for term 'ophthalmologic': relation "mrconso" does not exist
LINE 3:                     FROM MRCONSO c
                                 ^

2025-05-29 21:53:47,663 - ERROR - Attempt 2/3 failed for term 'ophthalmologic': current transaction is aborted, commands ignored until end of transaction block

2025-05-29 21:53:47,664 - ERROR - Attempt 3/3 failed for term 'ophthalmologic': current transaction is aborted, commands ignored until end of transaction block

2025-05-29 21:53:47,665 - ERROR - Max retries reached for term 'ophthalmologic'
2025-05-29 21:53:47,677 - ERROR - Attempt 1/3 failed for term 'dermatologic': relation "mrconso" does not exist
LINE 3:                     FROM MRCONSO c
                                 ^

2025-05-29 21:53:47,677 - ERROR - Attempt 2/3 failed for term 'dermatologic': current transaction is aborted, commands ignored until end of transaction block

2025-05-29 21:53:47,678 - ERROR - Attempt 3/3 failed for term 'dermatologic': current transaction is aborted, commands ignored until end of transaction block

2025-05-29 21:53:47,678 - ERROR - Max retries reached for term 'dermatologic'
2025-05-29 21:53:47,692 - ERROR - Attempt 1/3 failed for term 'no rashes': relation "mrconso" does not exist
LINE 3:                     FROM MRCONSO c
                                 ^

2025-05-29 21:53:47,692 - ERROR - Attempt 2/3 failed for term 'no rashes': current transaction is aborted, commands ignored until end of transaction block

2025-05-29 21:53:47,693 - ERROR - Attempt 3/3 failed for term 'no rashes': current transaction is aborted, commands ignored until end of transaction block

2025-05-29 21:53:47,693 - ERROR - Max retries reached for term 'no rashes'
2025-05-29 21:53:47,706 - ERROR - Attempt 1/3 failed for term 'endocrine': relation "mrconso" does not exist
LINE 3:                     FROM MRCONSO c
                                 ^

2025-05-29 21:53:47,707 - ERROR - Attempt 2/3 failed for term 'endocrine': current transaction is aborted, commands ignored until end of transaction block

2025-05-29 21:53:47,707 - ERROR - Attempt 3/3 failed for term 'endocrine': current transaction is aborted, commands ignored until end of transaction block

2025-05-29 21:53:47,708 - ERROR - Max retries reached for term 'endocrine'
2025-05-29 21:53:47,709 - WARNING - Skipping non-clinical or blocked term: 'psychiatric'
2025-05-29 21:53:47,724 - ERROR - Attempt 1/3 failed for term 'nausea': relation "mrconso" does not exist
LINE 3:                     FROM MRCONSO c
                                 ^

2025-05-29 21:53:47,725 - ERROR - Attempt 2/3 failed for term 'nausea': current transaction is aborted, commands ignored until end of transaction block

2025-05-29 21:53:47,726 - ERROR - Attempt 3/3 failed for term 'nausea': current transaction is aborted, commands ignored until end of transaction block

2025-05-29 21:53:47,726 - ERROR - Max retries reached for term 'nausea'
2025-05-29 21:53:47,726 - WARNING - Skipping non-clinical or blocked term: 'symptoms'
2025-05-29 21:53:47,727 - WARNING - Skipping non-clinical or blocked term: 'hematologic'
2025-05-29 21:53:47,742 - ERROR - Attempt 1/3 failed for term 'bleeding': relation "mrconso" does not exist
LINE 3:                     FROM MRCONSO c
                                 ^

2025-05-29 21:53:47,742 - ERROR - Attempt 2/3 failed for term 'bleeding': current transaction is aborted, commands ignored until end of transaction block

2025-05-29 21:53:47,743 - ERROR - Attempt 3/3 failed for term 'bleeding': current transaction is aborted, commands ignored until end of transaction block

2025-05-29 21:53:47,744 - ERROR - Max retries reached for term 'bleeding'
2025-05-29 21:53:47,761 - ERROR - Attempt 1/3 failed for term 'primary assessment': relation "mrconso" does not exist
LINE 3:                     FROM MRCONSO c
                                 ^

2025-05-29 21:53:47,762 - ERROR - Attempt 2/3 failed for term 'primary assessment': current transaction is aborted, commands ignored until end of transaction block

2025-05-29 21:53:47,763 - ERROR - Attempt 3/3 failed for term 'primary assessment': current transaction is aborted, commands ignored until end of transaction block

2025-05-29 21:53:47,763 - ERROR - Max retries reached for term 'primary assessment'
2025-05-29 21:53:47,764 - WARNING - Skipping non-clinical or blocked term: 'vision'
2025-05-29 21:53:47,786 - ERROR - Attempt 1/3 failed for term 'consistent with': relation "mrconso" does not exist
LINE 3:                     FROM MRCONSO c
                                 ^

2025-05-29 21:53:47,787 - ERROR - Attempt 2/3 failed for term 'consistent with': current transaction is aborted, commands ignored until end of transaction block

2025-05-29 21:53:47,788 - ERROR - Attempt 3/3 failed for term 'consistent with': current transaction is aborted, commands ignored until end of transaction block

2025-05-29 21:53:47,789 - ERROR - Max retries reached for term 'consistent with'
2025-05-29 21:53:47,810 - ERROR - Attempt 1/3 failed for term 'genitourinary': relation "mrconso" does not exist
LINE 3:                     FROM MRCONSO c
                                 ^

2025-05-29 21:53:47,812 - ERROR - Attempt 2/3 failed for term 'genitourinary': current transaction is aborted, commands ignored until end of transaction block

2025-05-29 21:53:47,813 - ERROR - Attempt 3/3 failed for term 'genitourinary': current transaction is aborted, commands ignored until end of transaction block

2025-05-29 21:53:47,814 - ERROR - Max retries reached for term 'genitourinary'
2025-05-29 21:53:47,815 - WARNING - Skipping non-clinical or blocked term: 'gastrointestinal'
2025-05-29 21:53:47,840 - ERROR - Attempt 1/3 failed for term 'diarrhea': relation "mrconso" does not exist
LINE 3:                     FROM MRCONSO c
                                 ^

2025-05-29 21:53:47,841 - ERROR - Attempt 2/3 failed for term 'diarrhea': current transaction is aborted, commands ignored until end of transaction block

2025-05-29 21:53:47,841 - ERROR - Attempt 3/3 failed for term 'diarrhea': current transaction is aborted, commands ignored until end of transaction block

2025-05-29 21:53:47,842 - ERROR - Max retries reached for term 'diarrhea'
2025-05-29 21:53:47,866 - ERROR - Attempt 1/3 failed for term 'mood changes': relation "mrconso" does not exist
LINE 3:                     FROM MRCONSO c
                                 ^

2025-05-29 21:53:47,866 - ERROR - Attempt 2/3 failed for term 'mood changes': current transaction is aborted, commands ignored until end of transaction block

2025-05-29 21:53:47,867 - ERROR - Attempt 3/3 failed for term 'mood changes': current transaction is aborted, commands ignored until end of transaction block

2025-05-29 21:53:47,868 - ERROR - Max retries reached for term 'mood changes'
2025-05-29 21:53:47,883 - ERROR - Attempt 1/3 failed for term 'lesions': relation "mrconso" does not exist
LINE 3:                     FROM MRCONSO c
                                 ^

2025-05-29 21:53:47,884 - ERROR - Attempt 2/3 failed for term 'lesions': current transaction is aborted, commands ignored until end of transaction block

2025-05-29 21:53:47,884 - ERROR - Attempt 3/3 failed for term 'lesions': current transaction is aborted, commands ignored until end of transaction block

2025-05-29 21:53:47,884 - ERROR - Max retries reached for term 'lesions'
2025-05-29 21:53:47,899 - ERROR - Attempt 1/3 failed for term 'stiffness': relation "mrconso" does not exist
LINE 3:                     FROM MRCONSO c
                                 ^

2025-05-29 21:53:47,900 - ERROR - Attempt 2/3 failed for term 'stiffness': current transaction is aborted, commands ignored until end of transaction block

2025-05-29 21:53:47,900 - ERROR - Attempt 3/3 failed for term 'stiffness': current transaction is aborted, commands ignored until end of transaction block

2025-05-29 21:53:47,901 - ERROR - Max retries reached for term 'stiffness'
2025-05-29 21:53:47,915 - ERROR - Attempt 1/3 failed for term 'urinary changes': relation "mrconso" does not exist
LINE 3:                     FROM MRCONSO c
                                 ^

2025-05-29 21:53:47,916 - ERROR - Attempt 2/3 failed for term 'urinary changes': current transaction is aborted, commands ignored until end of transaction block

2025-05-29 21:53:47,916 - ERROR - Attempt 3/3 failed for term 'urinary changes': current transaction is aborted, commands ignored until end of transaction block

2025-05-29 21:53:47,917 - ERROR - Max retries reached for term 'urinary changes'
2025-05-29 21:53:47,930 - WARNING - Failed to fetch semantic type for CUI NO_CUI_no dizziness. musculoskeletal: no joint pain or stiffness. gastrointestinal: no nausea or diarrhea. genitourinary: no urinary changes. endocrine: no weight changes or thirst. hematologic: no easy bruising or bleeding. dermatologic: no rashes or lesions. psychiatric: no mood changes. ophthalmologic: no vision changes. primary assessment: symptoms consistent with acute bacterial sinusitis: relation "mrsty" does not exist
LINE 3:                             FROM MRSTY sty
                                         ^

2025-05-29 21:55:38,874 - ERROR - Failed to initialize NLP pipeline: [E893] Could not find function 'replace_tokenizer' in function registry 'callbacks'. If you're using a custom function, make sure the code is available. If the function is provided by a third-party package, e.g. spacy-transformers, make sure the package is installed in your environment.

Available names: spacy.copy_from_base_model.v1, spacy.models_and_pipes_with_nvtx_range.v1, spacy.models_with_nvtx_range.v1
2025-05-29 21:55:39,858 - WARNING - Using fallback spacy pipeline without parser, ner, or linker
2025-05-29 21:55:40,804 - ERROR - Attempt 1/3 failed for term 'facial pain': relation "mrconso" does not exist
LINE 3:                     FROM MRCONSO c
                                 ^

2025-05-29 21:55:40,805 - ERROR - Attempt 2/3 failed for term 'facial pain': current transaction is aborted, commands ignored until end of transaction block

2025-05-29 21:55:40,805 - ERROR - Attempt 3/3 failed for term 'facial pain': current transaction is aborted, commands ignored until end of transaction block

2025-05-29 21:55:40,805 - ERROR - Max retries reached for term 'facial pain'
2025-05-29 21:55:40,825 - WARNING - Failed to fetch semantic type for CUI NO_CUI_facial pain: relation "mrsty" does not exist
LINE 3:                             FROM MRSTY sty
                                         ^

2025-05-29 21:55:40,915 - ERROR - Attempt 1/3 failed for term 'nasal congestion': relation "mrconso" does not exist
LINE 3:                     FROM MRCONSO c
                                 ^

2025-05-29 21:55:40,916 - ERROR - Attempt 2/3 failed for term 'nasal congestion': current transaction is aborted, commands ignored until end of transaction block

2025-05-29 21:55:40,916 - ERROR - Attempt 3/3 failed for term 'nasal congestion': current transaction is aborted, commands ignored until end of transaction block

2025-05-29 21:55:40,917 - ERROR - Max retries reached for term 'nasal congestion'
2025-05-29 21:55:40,935 - WARNING - Failed to fetch semantic type for CUI NO_CUI_nasal congestion: relation "mrsty" does not exist
LINE 3:                             FROM MRSTY sty
                                         ^

2025-05-29 21:55:41,058 - ERROR - Attempt 1/3 failed for term 'purulent': relation "mrconso" does not exist
LINE 3:                     FROM MRCONSO c
                                 ^

2025-05-29 21:55:41,059 - ERROR - Attempt 2/3 failed for term 'purulent': current transaction is aborted, commands ignored until end of transaction block

2025-05-29 21:55:41,059 - ERROR - Attempt 3/3 failed for term 'purulent': current transaction is aborted, commands ignored until end of transaction block

2025-05-29 21:55:41,060 - ERROR - Max retries reached for term 'purulent'
2025-05-29 21:55:41,075 - ERROR - Attempt 1/3 failed for term 'nasal discharge': relation "mrconso" does not exist
LINE 3:                     FROM MRCONSO c
                                 ^

2025-05-29 21:55:41,076 - ERROR - Attempt 2/3 failed for term 'nasal discharge': current transaction is aborted, commands ignored until end of transaction block

2025-05-29 21:55:41,077 - ERROR - Attempt 3/3 failed for term 'nasal discharge': current transaction is aborted, commands ignored until end of transaction block

2025-05-29 21:55:41,077 - ERROR - Max retries reached for term 'nasal discharge'
2025-05-29 21:55:41,093 - WARNING - Failed to fetch semantic type for CUI NO_CUI_purulent nasal discharge: relation "mrsty" does not exist
LINE 3:                             FROM MRSTY sty
                                         ^

2025-05-29 21:55:41,195 - ERROR - Attempt 1/3 failed for term 'fever': relation "mrconso" does not exist
LINE 3:                     FROM MRCONSO c
                                 ^

2025-05-29 21:55:41,195 - ERROR - Attempt 2/3 failed for term 'fever': current transaction is aborted, commands ignored until end of transaction block

2025-05-29 21:55:41,196 - ERROR - Attempt 3/3 failed for term 'fever': current transaction is aborted, commands ignored until end of transaction block

2025-05-29 21:55:41,196 - ERROR - Max retries reached for term 'fever'
2025-05-29 21:55:41,208 - WARNING - Failed to fetch semantic type for CUI NO_CUI_fever: relation "mrsty" does not exist
LINE 3:                             FROM MRSTY sty
                                         ^

2025-05-29 21:55:41,337 - WARNING - Skipping non-clinical or blocked term: 'days'
2025-05-29 21:55:41,349 - ERROR - Attempt 1/3 failed for term 'facial pain': relation "mrconso" does not exist
LINE 3:                     FROM MRCONSO c
                                 ^

2025-05-29 21:55:41,350 - ERROR - Attempt 2/3 failed for term 'facial pain': current transaction is aborted, commands ignored until end of transaction block

2025-05-29 21:55:41,350 - ERROR - Attempt 3/3 failed for term 'facial pain': current transaction is aborted, commands ignored until end of transaction block

2025-05-29 21:55:41,351 - ERROR - Max retries reached for term 'facial pain'
2025-05-29 21:55:41,368 - ERROR - Attempt 1/3 failed for term 'nasal discharge': relation "mrconso" does not exist
LINE 3:                     FROM MRCONSO c
                                 ^

2025-05-29 21:55:41,369 - ERROR - Attempt 2/3 failed for term 'nasal discharge': current transaction is aborted, commands ignored until end of transaction block

2025-05-29 21:55:41,369 - ERROR - Attempt 3/3 failed for term 'nasal discharge': current transaction is aborted, commands ignored until end of transaction block

2025-05-29 21:55:41,370 - ERROR - Max retries reached for term 'nasal discharge'
2025-05-29 21:55:41,386 - ERROR - Attempt 1/3 failed for term 'fever': relation "mrconso" does not exist
LINE 3:                     FROM MRCONSO c
                                 ^

2025-05-29 21:55:41,387 - ERROR - Attempt 2/3 failed for term 'fever': current transaction is aborted, commands ignored until end of transaction block

2025-05-29 21:55:41,388 - ERROR - Attempt 3/3 failed for term 'fever': current transaction is aborted, commands ignored until end of transaction block

2025-05-29 21:55:41,388 - ERROR - Max retries reached for term 'fever'
2025-05-29 21:55:41,404 - ERROR - Attempt 1/3 failed for term 'patient': relation "mrconso" does not exist
LINE 3:                     FROM MRCONSO c
                                 ^

2025-05-29 21:55:41,405 - ERROR - Attempt 2/3 failed for term 'patient': current transaction is aborted, commands ignored until end of transaction block

2025-05-29 21:55:41,406 - ERROR - Attempt 3/3 failed for term 'patient': current transaction is aborted, commands ignored until end of transaction block

2025-05-29 21:55:41,406 - ERROR - Max retries reached for term 'patient'
2025-05-29 21:55:41,422 - ERROR - Attempt 1/3 failed for term 'nasal congestion': relation "mrconso" does not exist
LINE 3:                     FROM MRCONSO c
                                 ^

2025-05-29 21:55:41,424 - ERROR - Attempt 2/3 failed for term 'nasal congestion': current transaction is aborted, commands ignored until end of transaction block

2025-05-29 21:55:41,425 - ERROR - Attempt 3/3 failed for term 'nasal congestion': current transaction is aborted, commands ignored until end of transaction block

2025-05-29 21:55:41,426 - ERROR - Max retries reached for term 'nasal congestion'
2025-05-29 21:55:41,443 - ERROR - Attempt 1/3 failed for term 'purulent': relation "mrconso" does not exist
LINE 3:                     FROM MRCONSO c
                                 ^

2025-05-29 21:55:41,444 - ERROR - Attempt 2/3 failed for term 'purulent': current transaction is aborted, commands ignored until end of transaction block

2025-05-29 21:55:41,446 - ERROR - Attempt 3/3 failed for term 'purulent': current transaction is aborted, commands ignored until end of transaction block

2025-05-29 21:55:41,447 - ERROR - Max retries reached for term 'purulent'
2025-05-29 21:55:41,463 - ERROR - Attempt 1/3 failed for term 'reports': relation "mrconso" does not exist
LINE 3:                     FROM MRCONSO c
                                 ^

2025-05-29 21:55:41,464 - ERROR - Attempt 2/3 failed for term 'reports': current transaction is aborted, commands ignored until end of transaction block

2025-05-29 21:55:41,465 - ERROR - Attempt 3/3 failed for term 'reports': current transaction is aborted, commands ignored until end of transaction block

2025-05-29 21:55:41,465 - ERROR - Max retries reached for term 'reports'
2025-05-29 21:55:41,479 - WARNING - Failed to fetch semantic type for CUI NO_CUI_patient presents with facial pain, nasal congestion, and fever for 10 days. reports purulent nasal discharge.: relation "mrsty" does not exist
LINE 3:                             FROM MRSTY sty
                                         ^

2025-05-29 21:55:41,560 - ERROR - Attempt 1/3 failed for term 'headache': relation "mrconso" does not exist
LINE 3:                     FROM MRCONSO c
                                 ^

2025-05-29 21:55:41,561 - ERROR - Attempt 2/3 failed for term 'headache': current transaction is aborted, commands ignored until end of transaction block

2025-05-29 21:55:41,561 - ERROR - Attempt 3/3 failed for term 'headache': current transaction is aborted, commands ignored until end of transaction block

2025-05-29 21:55:41,562 - ERROR - Max retries reached for term 'headache'
2025-05-29 21:55:41,575 - WARNING - Failed to fetch semantic type for CUI NO_CUI_headache: relation "mrsty" does not exist
LINE 3:                             FROM MRSTY sty
                                         ^

2025-05-29 21:55:41,691 - ERROR - Attempt 1/3 failed for term 'headache': relation "mrconso" does not exist
LINE 3:                     FROM MRCONSO c
                                 ^

2025-05-29 21:55:41,691 - ERROR - Attempt 2/3 failed for term 'headache': current transaction is aborted, commands ignored until end of transaction block

2025-05-29 21:55:41,692 - ERROR - Attempt 3/3 failed for term 'headache': current transaction is aborted, commands ignored until end of transaction block

2025-05-29 21:55:41,692 - ERROR - Max retries reached for term 'headache'
2025-05-29 21:55:41,704 - ERROR - Attempt 1/3 failed for term 'patient complains': relation "mrconso" does not exist
LINE 3:                     FROM MRCONSO c
                                 ^

2025-05-29 21:55:41,706 - ERROR - Attempt 2/3 failed for term 'patient complains': current transaction is aborted, commands ignored until end of transaction block

2025-05-29 21:55:41,706 - ERROR - Attempt 3/3 failed for term 'patient complains': current transaction is aborted, commands ignored until end of transaction block

2025-05-29 21:55:41,707 - ERROR - Max retries reached for term 'patient complains'
2025-05-29 21:55:41,720 - WARNING - Failed to fetch semantic type for CUI NO_CUI_patient complains of headache: relation "mrsty" does not exist
LINE 3:                             FROM MRSTY sty
                                         ^

2025-05-29 21:55:41,801 - ERROR - Attempt 1/3 failed for term 'back pain': relation "mrconso" does not exist
LINE 3:                     FROM MRCONSO c
                                 ^

2025-05-29 21:55:41,802 - ERROR - Attempt 2/3 failed for term 'back pain': current transaction is aborted, commands ignored until end of transaction block

2025-05-29 21:55:41,803 - ERROR - Attempt 3/3 failed for term 'back pain': current transaction is aborted, commands ignored until end of transaction block

2025-05-29 21:55:41,803 - ERROR - Max retries reached for term 'back pain'
2025-05-29 21:55:41,815 - WARNING - Failed to fetch semantic type for CUI NO_CUI_back pain: relation "mrsty" does not exist
LINE 3:                             FROM MRSTY sty
                                         ^

2025-05-29 21:55:41,923 - ERROR - Attempt 1/3 failed for term 'movement': relation "mrconso" does not exist
LINE 3:                     FROM MRCONSO c
                                 ^

2025-05-29 21:55:41,924 - ERROR - Attempt 2/3 failed for term 'movement': current transaction is aborted, commands ignored until end of transaction block

2025-05-29 21:55:41,925 - ERROR - Attempt 3/3 failed for term 'movement': current transaction is aborted, commands ignored until end of transaction block

2025-05-29 21:55:41,926 - ERROR - Max retries reached for term 'movement'
2025-05-29 21:55:41,944 - ERROR - Attempt 1/3 failed for term 'pain': relation "mrconso" does not exist
LINE 3:                     FROM MRCONSO c
                                 ^

2025-05-29 21:55:41,945 - ERROR - Attempt 2/3 failed for term 'pain': current transaction is aborted, commands ignored until end of transaction block

2025-05-29 21:55:41,947 - ERROR - Attempt 3/3 failed for term 'pain': current transaction is aborted, commands ignored until end of transaction block

2025-05-29 21:55:41,947 - ERROR - Max retries reached for term 'pain'
2025-05-29 21:55:41,967 - WARNING - Failed to fetch semantic type for CUI NO_CUI_pain on movement: relation "mrsty" does not exist
LINE 3:                             FROM MRSTY sty
                                         ^

2025-05-29 21:55:42,045 - ERROR - Attempt 1/3 failed for term 'obesity': relation "mrconso" does not exist
LINE 3:                     FROM MRCONSO c
                                 ^

2025-05-29 21:55:42,046 - ERROR - Attempt 2/3 failed for term 'obesity': current transaction is aborted, commands ignored until end of transaction block

2025-05-29 21:55:42,046 - ERROR - Attempt 3/3 failed for term 'obesity': current transaction is aborted, commands ignored until end of transaction block

2025-05-29 21:55:42,047 - ERROR - Max retries reached for term 'obesity'
2025-05-29 21:55:42,060 - WARNING - Failed to fetch semantic type for CUI NO_CUI_obesity: relation "mrsty" does not exist
LINE 3:                             FROM MRSTY sty
                                         ^

2025-05-29 21:55:42,186 - ERROR - Attempt 1/3 failed for term 'back pain': relation "mrconso" does not exist
LINE 3:                     FROM MRCONSO c
                                 ^

2025-05-29 21:55:42,187 - ERROR - Attempt 2/3 failed for term 'back pain': current transaction is aborted, commands ignored until end of transaction block

2025-05-29 21:55:42,188 - ERROR - Attempt 3/3 failed for term 'back pain': current transaction is aborted, commands ignored until end of transaction block

2025-05-29 21:55:42,189 - ERROR - Max retries reached for term 'back pain'
2025-05-29 21:55:42,206 - ERROR - Attempt 1/3 failed for term 'weeks': relation "mrconso" does not exist
LINE 3:                     FROM MRCONSO c
                                 ^

2025-05-29 21:55:42,207 - ERROR - Attempt 2/3 failed for term 'weeks': current transaction is aborted, commands ignored until end of transaction block

2025-05-29 21:55:42,207 - ERROR - Attempt 3/3 failed for term 'weeks': current transaction is aborted, commands ignored until end of transaction block

2025-05-29 21:55:42,208 - ERROR - Max retries reached for term 'weeks'
2025-05-29 21:55:42,221 - WARNING - Failed to fetch semantic type for CUI NO_CUI_back pain for two weeks: relation "mrsty" does not exist
LINE 3:                             FROM MRSTY sty
                                         ^

2025-05-29 21:55:42,317 - WARNING - Skipping non-clinical or blocked term: 'days'
2025-05-29 21:55:42,326 - ERROR - Attempt 1/3 failed for term 'patient complains': relation "mrconso" does not exist
LINE 3:                     FROM MRCONSO c
                                 ^

2025-05-29 21:55:42,327 - ERROR - Attempt 2/3 failed for term 'patient complains': current transaction is aborted, commands ignored until end of transaction block

2025-05-29 21:55:42,328 - ERROR - Attempt 3/3 failed for term 'patient complains': current transaction is aborted, commands ignored until end of transaction block

2025-05-29 21:55:42,328 - ERROR - Max retries reached for term 'patient complains'
2025-05-29 21:55:42,329 - WARNING - Skipping non-clinical or blocked term: 'chills'
2025-05-29 21:55:42,352 - ERROR - Attempt 1/3 failed for term 'fevers': relation "mrconso" does not exist
LINE 3:                     FROM MRCONSO c
                                 ^

2025-05-29 21:55:42,353 - ERROR - Attempt 2/3 failed for term 'fevers': current transaction is aborted, commands ignored until end of transaction block

2025-05-29 21:55:42,353 - ERROR - Attempt 3/3 failed for term 'fevers': current transaction is aborted, commands ignored until end of transaction block

2025-05-29 21:55:42,354 - ERROR - Max retries reached for term 'fevers'
2025-05-29 21:55:42,374 - ERROR - Attempt 1/3 failed for term 'headache': relation "mrconso" does not exist
LINE 3:                     FROM MRCONSO c
                                 ^

2025-05-29 21:55:42,375 - ERROR - Attempt 2/3 failed for term 'headache': current transaction is aborted, commands ignored until end of transaction block

2025-05-29 21:55:42,376 - ERROR - Attempt 3/3 failed for term 'headache': current transaction is aborted, commands ignored until end of transaction block

2025-05-29 21:55:42,377 - ERROR - Max retries reached for term 'headache'
2025-05-29 21:55:42,396 - ERROR - Attempt 1/3 failed for term 'associated with': relation "mrconso" does not exist
LINE 3:                     FROM MRCONSO c
                                 ^

2025-05-29 21:55:42,397 - ERROR - Attempt 2/3 failed for term 'associated with': current transaction is aborted, commands ignored until end of transaction block

2025-05-29 21:55:42,398 - ERROR - Attempt 3/3 failed for term 'associated with': current transaction is aborted, commands ignored until end of transaction block

2025-05-29 21:55:42,399 - ERROR - Max retries reached for term 'associated with'
2025-05-29 21:55:42,419 - WARNING - Failed to fetch semantic type for CUI NO_CUI_patient complains of headache the headache started three days ago. the headache is associated with fevers and chills: relation "mrsty" does not exist
LINE 3:                             FROM MRSTY sty
                                         ^

2025-05-29 21:55:42,714 - WARNING - Skipping non-clinical or blocked term: 'worse'
2025-05-29 21:55:42,714 - WARNING - Skipping non-clinical or blocked term: 'eyes'
2025-05-29 21:55:42,725 - ERROR - Attempt 1/3 failed for term 'licking': relation "mrconso" does not exist
LINE 3:                     FROM MRCONSO c
                                 ^

2025-05-29 21:55:42,727 - ERROR - Attempt 2/3 failed for term 'licking': current transaction is aborted, commands ignored until end of transaction block

2025-05-29 21:55:42,728 - ERROR - Attempt 3/3 failed for term 'licking': current transaction is aborted, commands ignored until end of transaction block

2025-05-29 21:55:42,729 - ERROR - Max retries reached for term 'licking'
2025-05-29 21:55:42,741 - ERROR - Attempt 1/3 failed for term 'patient': relation "mrconso" does not exist
LINE 3:                     FROM MRCONSO c
                                 ^

2025-05-29 21:55:42,742 - ERROR - Attempt 2/3 failed for term 'patient': current transaction is aborted, commands ignored until end of transaction block

2025-05-29 21:55:42,742 - ERROR - Attempt 3/3 failed for term 'patient': current transaction is aborted, commands ignored until end of transaction block

2025-05-29 21:55:42,743 - ERROR - Max retries reached for term 'patient'
2025-05-29 21:55:42,743 - WARNING - Skipping non-clinical or blocked term: 'foods'
2025-05-29 21:55:42,756 - ERROR - Attempt 1/3 failed for term 'strong': relation "mrconso" does not exist
LINE 3:                     FROM MRCONSO c
                                 ^

2025-05-29 21:55:42,756 - ERROR - Attempt 2/3 failed for term 'strong': current transaction is aborted, commands ignored until end of transaction block

2025-05-29 21:55:42,757 - ERROR - Attempt 3/3 failed for term 'strong': current transaction is aborted, commands ignored until end of transaction block

2025-05-29 21:55:42,757 - ERROR - Max retries reached for term 'strong'
2025-05-29 21:55:42,770 - ERROR - Attempt 1/3 failed for term 'fats': relation "mrconso" does not exist
LINE 3:                     FROM MRCONSO c
                                 ^

2025-05-29 21:55:42,771 - ERROR - Attempt 2/3 failed for term 'fats': current transaction is aborted, commands ignored until end of transaction block

2025-05-29 21:55:42,772 - ERROR - Attempt 3/3 failed for term 'fats': current transaction is aborted, commands ignored until end of transaction block

2025-05-29 21:55:42,772 - ERROR - Max retries reached for term 'fats'
2025-05-29 21:55:42,784 - ERROR - Attempt 1/3 failed for term 'tea': relation "mrconso" does not exist
LINE 3:                     FROM MRCONSO c
                                 ^

2025-05-29 21:55:42,784 - ERROR - Attempt 2/3 failed for term 'tea': current transaction is aborted, commands ignored until end of transaction block

2025-05-29 21:55:42,785 - ERROR - Attempt 3/3 failed for term 'tea': current transaction is aborted, commands ignored until end of transaction block

2025-05-29 21:55:42,785 - ERROR - Max retries reached for term 'tea'
2025-05-29 21:55:42,798 - ERROR - Attempt 1/3 failed for term 'vomiting': relation "mrconso" does not exist
LINE 3:                     FROM MRCONSO c
                                 ^

2025-05-29 21:55:42,799 - ERROR - Attempt 2/3 failed for term 'vomiting': current transaction is aborted, commands ignored until end of transaction block

2025-05-29 21:55:42,799 - ERROR - Attempt 3/3 failed for term 'vomiting': current transaction is aborted, commands ignored until end of transaction block

2025-05-29 21:55:42,800 - ERROR - Max retries reached for term 'vomiting'
2025-05-29 21:55:42,813 - ERROR - Attempt 1/3 failed for term 'nausea': relation "mrconso" does not exist
LINE 3:                     FROM MRCONSO c
                                 ^

2025-05-29 21:55:42,814 - ERROR - Attempt 2/3 failed for term 'nausea': current transaction is aborted, commands ignored until end of transaction block

2025-05-29 21:55:42,814 - ERROR - Attempt 3/3 failed for term 'nausea': current transaction is aborted, commands ignored until end of transaction block

2025-05-29 21:55:42,815 - ERROR - Max retries reached for term 'nausea'
2025-05-29 21:55:42,827 - ERROR - Attempt 1/3 failed for term 'jaundice': relation "mrconso" does not exist
LINE 3:                     FROM MRCONSO c
                                 ^

2025-05-29 21:55:42,828 - ERROR - Attempt 2/3 failed for term 'jaundice': current transaction is aborted, commands ignored until end of transaction block

2025-05-29 21:55:42,829 - ERROR - Attempt 3/3 failed for term 'jaundice': current transaction is aborted, commands ignored until end of transaction block

2025-05-29 21:55:42,829 - ERROR - Max retries reached for term 'jaundice'
2025-05-29 21:55:42,842 - ERROR - Attempt 1/3 failed for term 'loss of appetite': relation "mrconso" does not exist
LINE 3:                     FROM MRCONSO c
                                 ^

2025-05-29 21:55:42,842 - ERROR - Attempt 2/3 failed for term 'loss of appetite': current transaction is aborted, commands ignored until end of transaction block

2025-05-29 21:55:42,843 - ERROR - Attempt 3/3 failed for term 'loss of appetite': current transaction is aborted, commands ignored until end of transaction block

2025-05-29 21:55:42,844 - ERROR - Max retries reached for term 'loss of appetite'
2025-05-29 21:55:42,857 - WARNING - Failed to fetch semantic type for CUI NO_CUI_nausea and vomiting and loss of appetite the patient has jaundice in the eyes taking foods with fats makes the nausea worse taking strong tea and licking salt alleviates the nausea: relation "mrsty" does not exist
LINE 3:                             FROM MRSTY sty
                                         ^

2025-05-29 21:55:42,974 - ERROR - Attempt 1/3 failed for term 'facial pain': relation "mrconso" does not exist
LINE 3:                     FROM MRCONSO c
                                 ^

2025-05-29 21:55:42,974 - ERROR - Attempt 2/3 failed for term 'facial pain': current transaction is aborted, commands ignored until end of transaction block

2025-05-29 21:55:42,975 - ERROR - Attempt 3/3 failed for term 'facial pain': current transaction is aborted, commands ignored until end of transaction block

2025-05-29 21:55:42,975 - ERROR - Max retries reached for term 'facial pain'
2025-05-29 21:55:42,987 - ERROR - Attempt 1/3 failed for term 'patient': relation "mrconso" does not exist
LINE 3:                     FROM MRCONSO c
                                 ^

2025-05-29 21:55:42,989 - ERROR - Attempt 2/3 failed for term 'patient': current transaction is aborted, commands ignored until end of transaction block

2025-05-29 21:55:42,989 - ERROR - Attempt 3/3 failed for term 'patient': current transaction is aborted, commands ignored until end of transaction block

2025-05-29 21:55:42,990 - ERROR - Max retries reached for term 'patient'
2025-05-29 21:55:43,004 - WARNING - Failed to fetch semantic type for CUI NO_CUI_patient presents with facial pain: relation "mrsty" does not exist
LINE 3:                             FROM MRSTY sty
                                         ^

2025-05-29 21:55:43,105 - ERROR - Attempt 1/3 failed for term 'back pain': relation "mrconso" does not exist
LINE 3:                     FROM MRCONSO c
                                 ^

2025-05-29 21:55:43,106 - ERROR - Attempt 2/3 failed for term 'back pain': current transaction is aborted, commands ignored until end of transaction block

2025-05-29 21:55:43,106 - ERROR - Attempt 3/3 failed for term 'back pain': current transaction is aborted, commands ignored until end of transaction block

2025-05-29 21:55:43,106 - ERROR - Max retries reached for term 'back pain'
2025-05-29 21:55:43,121 - ERROR - Attempt 1/3 failed for term 'weeks': relation "mrconso" does not exist
LINE 3:                     FROM MRCONSO c
                                 ^

2025-05-29 21:55:43,121 - ERROR - Attempt 2/3 failed for term 'weeks': current transaction is aborted, commands ignored until end of transaction block

2025-05-29 21:55:43,122 - ERROR - Attempt 3/3 failed for term 'weeks': current transaction is aborted, commands ignored until end of transaction block

2025-05-29 21:55:43,122 - ERROR - Max retries reached for term 'weeks'
2025-05-29 21:55:43,139 - ERROR - Attempt 1/3 failed for term 'assessment': relation "mrconso" does not exist
LINE 3:                     FROM MRCONSO c
                                 ^

2025-05-29 21:55:43,140 - ERROR - Attempt 2/3 failed for term 'assessment': current transaction is aborted, commands ignored until end of transaction block

2025-05-29 21:55:43,140 - ERROR - Attempt 3/3 failed for term 'assessment': current transaction is aborted, commands ignored until end of transaction block

2025-05-29 21:55:43,141 - ERROR - Max retries reached for term 'assessment'
2025-05-29 21:55:43,158 - ERROR - Attempt 1/3 failed for term 'patient reports': relation "mrconso" does not exist
LINE 3:                     FROM MRCONSO c
                                 ^

2025-05-29 21:55:43,159 - ERROR - Attempt 2/3 failed for term 'patient reports': current transaction is aborted, commands ignored until end of transaction block

2025-05-29 21:55:43,159 - ERROR - Attempt 3/3 failed for term 'patient reports': current transaction is aborted, commands ignored until end of transaction block

2025-05-29 21:55:43,160 - ERROR - Max retries reached for term 'patient reports'
2025-05-29 21:55:43,173 - WARNING - Failed to fetch semantic type for CUI NO_CUI_back pain for two weeks the patient reports backpain for three weeks on assessment: relation "mrsty" does not exist
LINE 3:                             FROM MRSTY sty
                                         ^

2025-05-29 21:55:43,320 - ERROR - Attempt 1/3 failed for term 'standing': relation "mrconso" does not exist
LINE 3:                     FROM MRCONSO c
                                 ^

2025-05-29 21:55:43,321 - ERROR - Attempt 2/3 failed for term 'standing': current transaction is aborted, commands ignored until end of transaction block

2025-05-29 21:55:43,321 - ERROR - Attempt 3/3 failed for term 'standing': current transaction is aborted, commands ignored until end of transaction block

2025-05-29 21:55:43,321 - ERROR - Max retries reached for term 'standing'
2025-05-29 21:55:43,334 - ERROR - Attempt 1/3 failed for term 'stretching': relation "mrconso" does not exist
LINE 3:                     FROM MRCONSO c
                                 ^

2025-05-29 21:55:43,335 - ERROR - Attempt 2/3 failed for term 'stretching': current transaction is aborted, commands ignored until end of transaction block

2025-05-29 21:55:43,335 - ERROR - Attempt 3/3 failed for term 'stretching': current transaction is aborted, commands ignored until end of transaction block

2025-05-29 21:55:43,336 - ERROR - Max retries reached for term 'stretching'
2025-05-29 21:55:43,351 - ERROR - Attempt 1/3 failed for term 'patient': relation "mrconso" does not exist
LINE 3:                     FROM MRCONSO c
                                 ^

2025-05-29 21:55:43,352 - ERROR - Attempt 2/3 failed for term 'patient': current transaction is aborted, commands ignored until end of transaction block

2025-05-29 21:55:43,353 - ERROR - Attempt 3/3 failed for term 'patient': current transaction is aborted, commands ignored until end of transaction block

2025-05-29 21:55:43,353 - ERROR - Max retries reached for term 'patient'
2025-05-29 21:55:43,367 - ERROR - Attempt 1/3 failed for term 'pain': relation "mrconso" does not exist
LINE 3:                     FROM MRCONSO c
                                 ^

2025-05-29 21:55:43,368 - ERROR - Attempt 2/3 failed for term 'pain': current transaction is aborted, commands ignored until end of transaction block

2025-05-29 21:55:43,369 - ERROR - Attempt 3/3 failed for term 'pain': current transaction is aborted, commands ignored until end of transaction block

2025-05-29 21:55:43,369 - ERROR - Max retries reached for term 'pain'
2025-05-29 21:55:43,382 - ERROR - Attempt 1/3 failed for term 'obese': relation "mrconso" does not exist
LINE 3:                     FROM MRCONSO c
                                 ^

2025-05-29 21:55:43,383 - ERROR - Attempt 2/3 failed for term 'obese': current transaction is aborted, commands ignored until end of transaction block

2025-05-29 21:55:43,383 - ERROR - Attempt 3/3 failed for term 'obese': current transaction is aborted, commands ignored until end of transaction block

2025-05-29 21:55:43,384 - ERROR - Max retries reached for term 'obese'
2025-05-29 21:55:43,398 - ERROR - Attempt 1/3 failed for term 'sitting': relation "mrconso" does not exist
LINE 3:                     FROM MRCONSO c
                                 ^

2025-05-29 21:55:43,398 - ERROR - Attempt 2/3 failed for term 'sitting': current transaction is aborted, commands ignored until end of transaction block

2025-05-29 21:55:43,399 - ERROR - Attempt 3/3 failed for term 'sitting': current transaction is aborted, commands ignored until end of transaction block

2025-05-29 21:55:43,399 - ERROR - Max retries reached for term 'sitting'
2025-05-29 21:55:43,414 - ERROR - Attempt 1/3 failed for term 'backpain': relation "mrconso" does not exist
LINE 3:                     FROM MRCONSO c
                                 ^

2025-05-29 21:55:43,415 - ERROR - Attempt 2/3 failed for term 'backpain': current transaction is aborted, commands ignored until end of transaction block

2025-05-29 21:55:43,416 - ERROR - Attempt 3/3 failed for term 'backpain': current transaction is aborted, commands ignored until end of transaction block

2025-05-29 21:55:43,416 - ERROR - Max retries reached for term 'backpain'
2025-05-29 21:55:43,429 - WARNING - Failed to fetch semantic type for CUI NO_CUI_the patient is obese the backpain is made worse by sitting down for long the pain is alleviated by standing and stretching: relation "mrsty" does not exist
LINE 3:                             FROM MRSTY sty
                                         ^

2025-05-29 21:55:43,531 - WARNING - Skipping non-clinical or blocked term: 'days'
2025-05-29 21:55:43,541 - ERROR - Attempt 1/3 failed for term 'facial pain': relation "mrconso" does not exist
LINE 3:                     FROM MRCONSO c
                                 ^

2025-05-29 21:55:43,542 - ERROR - Attempt 2/3 failed for term 'facial pain': current transaction is aborted, commands ignored until end of transaction block

2025-05-29 21:55:43,543 - ERROR - Attempt 3/3 failed for term 'facial pain': current transaction is aborted, commands ignored until end of transaction block

2025-05-29 21:55:43,543 - ERROR - Max retries reached for term 'facial pain'
2025-05-29 21:55:43,561 - ERROR - Attempt 1/3 failed for term 'nasal discharge': relation "mrconso" does not exist
LINE 3:                     FROM MRCONSO c
                                 ^

2025-05-29 21:55:43,562 - ERROR - Attempt 2/3 failed for term 'nasal discharge': current transaction is aborted, commands ignored until end of transaction block

2025-05-29 21:55:43,563 - ERROR - Attempt 3/3 failed for term 'nasal discharge': current transaction is aborted, commands ignored until end of transaction block

2025-05-29 21:55:43,564 - ERROR - Max retries reached for term 'nasal discharge'
2025-05-29 21:55:43,579 - ERROR - Attempt 1/3 failed for term 'fever': relation "mrconso" does not exist
LINE 3:                     FROM MRCONSO c
                                 ^

2025-05-29 21:55:43,580 - ERROR - Attempt 2/3 failed for term 'fever': current transaction is aborted, commands ignored until end of transaction block

2025-05-29 21:55:43,580 - ERROR - Attempt 3/3 failed for term 'fever': current transaction is aborted, commands ignored until end of transaction block

2025-05-29 21:55:43,581 - ERROR - Max retries reached for term 'fever'
2025-05-29 21:55:43,595 - ERROR - Attempt 1/3 failed for term 'maxillary sinuses': relation "mrconso" does not exist
LINE 3:                     FROM MRCONSO c
                                 ^

2025-05-29 21:55:43,596 - ERROR - Attempt 2/3 failed for term 'maxillary sinuses': current transaction is aborted, commands ignored until end of transaction block

2025-05-29 21:55:43,596 - ERROR - Attempt 3/3 failed for term 'maxillary sinuses': current transaction is aborted, commands ignored until end of transaction block

2025-05-29 21:55:43,597 - ERROR - Max retries reached for term 'maxillary sinuses'
2025-05-29 21:55:43,611 - ERROR - Attempt 1/3 failed for term 'purulent': relation "mrconso" does not exist
LINE 3:                     FROM MRCONSO c
                                 ^

2025-05-29 21:55:43,612 - ERROR - Attempt 2/3 failed for term 'purulent': current transaction is aborted, commands ignored until end of transaction block

2025-05-29 21:55:43,613 - ERROR - Attempt 3/3 failed for term 'purulent': current transaction is aborted, commands ignored until end of transaction block

2025-05-29 21:55:43,614 - ERROR - Max retries reached for term 'purulent'
2025-05-29 21:55:43,631 - ERROR - Attempt 1/3 failed for term 'reports': relation "mrconso" does not exist
LINE 3:                     FROM MRCONSO c
                                 ^

2025-05-29 21:55:43,632 - ERROR - Attempt 2/3 failed for term 'reports': current transaction is aborted, commands ignored until end of transaction block

2025-05-29 21:55:43,633 - ERROR - Attempt 3/3 failed for term 'reports': current transaction is aborted, commands ignored until end of transaction block

2025-05-29 21:55:43,634 - ERROR - Max retries reached for term 'reports'
2025-05-29 21:55:43,655 - WARNING - Failed to fetch semantic type for CUI NO_CUI_and fever for 10 days. reports purulent nasal discharge. facial pain over maxillary sinuses: relation "mrsty" does not exist
LINE 3:                             FROM MRSTY sty
                                         ^

2025-05-29 21:55:43,839 - ERROR - Attempt 1/3 failed for term 'sinusitis': relation "mrconso" does not exist
LINE 3:                     FROM MRCONSO c
                                 ^

2025-05-29 21:55:43,840 - ERROR - Attempt 2/3 failed for term 'sinusitis': current transaction is aborted, commands ignored until end of transaction block

2025-05-29 21:55:43,840 - ERROR - Attempt 3/3 failed for term 'sinusitis': current transaction is aborted, commands ignored until end of transaction block

2025-05-29 21:55:43,840 - ERROR - Max retries reached for term 'sinusitis'
2025-05-29 21:55:43,854 - ERROR - Attempt 1/3 failed for term 'pulmonary': relation "mrconso" does not exist
LINE 3:                     FROM MRCONSO c
                                 ^

2025-05-29 21:55:43,854 - ERROR - Attempt 2/3 failed for term 'pulmonary': current transaction is aborted, commands ignored until end of transaction block

2025-05-29 21:55:43,855 - ERROR - Attempt 3/3 failed for term 'pulmonary': current transaction is aborted, commands ignored until end of transaction block

2025-05-29 21:55:43,855 - ERROR - Max retries reached for term 'pulmonary'
2025-05-29 21:55:43,869 - ERROR - Attempt 1/3 failed for term 'stable': relation "mrconso" does not exist
LINE 3:                     FROM MRCONSO c
                                 ^

2025-05-29 21:55:43,870 - ERROR - Attempt 2/3 failed for term 'stable': current transaction is aborted, commands ignored until end of transaction block

2025-05-29 21:55:43,871 - ERROR - Attempt 3/3 failed for term 'stable': current transaction is aborted, commands ignored until end of transaction block

2025-05-29 21:55:43,872 - ERROR - Max retries reached for term 'stable'
2025-05-29 21:55:43,887 - ERROR - Attempt 1/3 failed for term 'diabetes': relation "mrconso" does not exist
LINE 3:                     FROM MRCONSO c
                                 ^

2025-05-29 21:55:43,888 - ERROR - Attempt 2/3 failed for term 'diabetes': current transaction is aborted, commands ignored until end of transaction block

2025-05-29 21:55:43,888 - ERROR - Attempt 3/3 failed for term 'diabetes': current transaction is aborted, commands ignored until end of transaction block

2025-05-29 21:55:43,889 - ERROR - Max retries reached for term 'diabetes'
2025-05-29 21:55:43,907 - ERROR - Attempt 1/3 failed for term 'hypertension': relation "mrconso" does not exist
LINE 3:                     FROM MRCONSO c
                                 ^

2025-05-29 21:55:43,908 - ERROR - Attempt 2/3 failed for term 'hypertension': current transaction is aborted, commands ignored until end of transaction block

2025-05-29 21:55:43,909 - ERROR - Attempt 3/3 failed for term 'hypertension': current transaction is aborted, commands ignored until end of transaction block

2025-05-29 21:55:43,910 - ERROR - Max retries reached for term 'hypertension'
2025-05-29 21:55:43,929 - ERROR - Attempt 1/3 failed for term 'viral sinusitis': relation "mrconso" does not exist
LINE 3:                     FROM MRCONSO c
                                 ^

2025-05-29 21:55:43,930 - ERROR - Attempt 2/3 failed for term 'viral sinusitis': current transaction is aborted, commands ignored until end of transaction block

2025-05-29 21:55:43,931 - ERROR - Attempt 3/3 failed for term 'viral sinusitis': current transaction is aborted, commands ignored until end of transaction block

2025-05-29 21:55:43,932 - ERROR - Max retries reached for term 'viral sinusitis'
2025-05-29 21:55:43,951 - ERROR - Attempt 1/3 failed for term 'acute abnormalities': relation "mrconso" does not exist
LINE 3:                     FROM MRCONSO c
                                 ^

2025-05-29 21:55:43,953 - ERROR - Attempt 2/3 failed for term 'acute abnormalities': current transaction is aborted, commands ignored until end of transaction block

2025-05-29 21:55:43,955 - ERROR - Attempt 3/3 failed for term 'acute abnormalities': current transaction is aborted, commands ignored until end of transaction block

2025-05-29 21:55:43,955 - ERROR - Max retries reached for term 'acute abnormalities'
2025-05-29 21:55:43,973 - ERROR - Attempt 1/3 failed for term 'cardiovascular': relation "mrconso" does not exist
LINE 3:                     FROM MRCONSO c
                                 ^

2025-05-29 21:55:43,974 - ERROR - Attempt 2/3 failed for term 'cardiovascular': current transaction is aborted, commands ignored until end of transaction block

2025-05-29 21:55:43,975 - ERROR - Attempt 3/3 failed for term 'cardiovascular': current transaction is aborted, commands ignored until end of transaction block

2025-05-29 21:55:43,975 - ERROR - Max retries reached for term 'cardiovascular'
2025-05-29 21:55:43,987 - ERROR - Attempt 1/3 failed for term 'headache': relation "mrconso" does not exist
LINE 3:                     FROM MRCONSO c
                                 ^

2025-05-29 21:55:43,987 - ERROR - Attempt 2/3 failed for term 'headache': current transaction is aborted, commands ignored until end of transaction block

2025-05-29 21:55:43,988 - ERROR - Attempt 3/3 failed for term 'headache': current transaction is aborted, commands ignored until end of transaction block

2025-05-29 21:55:43,988 - ERROR - Max retries reached for term 'headache'
2025-05-29 21:55:44,004 - ERROR - Attempt 1/3 failed for term 'endocrine': relation "mrconso" does not exist
LINE 3:                     FROM MRCONSO c
                                 ^

2025-05-29 21:55:44,005 - ERROR - Attempt 2/3 failed for term 'endocrine': current transaction is aborted, commands ignored until end of transaction block

2025-05-29 21:55:44,006 - ERROR - Attempt 3/3 failed for term 'endocrine': current transaction is aborted, commands ignored until end of transaction block

2025-05-29 21:55:44,006 - ERROR - Max retries reached for term 'endocrine'
2025-05-29 21:55:44,027 - ERROR - Attempt 1/3 failed for term 'secondary to': relation "mrconso" does not exist
LINE 3:                     FROM MRCONSO c
                                 ^

2025-05-29 21:55:44,027 - ERROR - Attempt 2/3 failed for term 'secondary to': current transaction is aborted, commands ignored until end of transaction block

2025-05-29 21:55:44,028 - ERROR - Attempt 3/3 failed for term 'secondary to': current transaction is aborted, commands ignored until end of transaction block

2025-05-29 21:55:44,028 - ERROR - Max retries reached for term 'secondary to'
2025-05-29 21:55:44,043 - ERROR - Attempt 1/3 failed for term 'neurological': relation "mrconso" does not exist
LINE 3:                     FROM MRCONSO c
                                 ^

2025-05-29 21:55:44,045 - ERROR - Attempt 2/3 failed for term 'neurological': current transaction is aborted, commands ignored until end of transaction block

2025-05-29 21:55:44,045 - ERROR - Attempt 3/3 failed for term 'neurological': current transaction is aborted, commands ignored until end of transaction block

2025-05-29 21:55:44,046 - ERROR - Max retries reached for term 'neurological'
2025-05-29 21:55:44,060 - ERROR - Attempt 1/3 failed for term 'viral upper': relation "mrconso" does not exist
LINE 3:                     FROM MRCONSO c
                                 ^

2025-05-29 21:55:44,061 - ERROR - Attempt 2/3 failed for term 'viral upper': current transaction is aborted, commands ignored until end of transaction block

2025-05-29 21:55:44,062 - ERROR - Attempt 3/3 failed for term 'viral upper': current transaction is aborted, commands ignored until end of transaction block

2025-05-29 21:55:44,062 - ERROR - Max retries reached for term 'viral upper'
2025-05-29 21:55:44,075 - ERROR - Attempt 1/3 failed for term 'allergic rhinitis': relation "mrconso" does not exist
LINE 3:                     FROM MRCONSO c
                                 ^

2025-05-29 21:55:44,076 - ERROR - Attempt 2/3 failed for term 'allergic rhinitis': current transaction is aborted, commands ignored until end of transaction block

2025-05-29 21:55:44,077 - ERROR - Attempt 3/3 failed for term 'allergic rhinitis': current transaction is aborted, commands ignored until end of transaction block

2025-05-29 21:55:44,078 - ERROR - Max retries reached for term 'allergic rhinitis'
2025-05-29 21:55:44,093 - ERROR - Attempt 1/3 failed for term 'differential': relation "mrconso" does not exist
LINE 3:                     FROM MRCONSO c
                                 ^

2025-05-29 21:55:44,094 - ERROR - Attempt 2/3 failed for term 'differential': current transaction is aborted, commands ignored until end of transaction block

2025-05-29 21:55:44,095 - ERROR - Attempt 3/3 failed for term 'differential': current transaction is aborted, commands ignored until end of transaction block

2025-05-29 21:55:44,096 - ERROR - Max retries reached for term 'differential'
2025-05-29 21:55:44,108 - ERROR - Attempt 1/3 failed for term 'respiratory infection': relation "mrconso" does not exist
LINE 3:                     FROM MRCONSO c
                                 ^

2025-05-29 21:55:44,109 - ERROR - Attempt 2/3 failed for term 'respiratory infection': current transaction is aborted, commands ignored until end of transaction block

2025-05-29 21:55:44,109 - ERROR - Attempt 3/3 failed for term 'respiratory infection': current transaction is aborted, commands ignored until end of transaction block

2025-05-29 21:55:44,110 - ERROR - Max retries reached for term 'respiratory infection'
2025-05-29 21:55:44,122 - WARNING - Failed to fetch semantic type for CUI NO_CUI_likely secondary to recent viral upper respiratory infection. differential includes viral sinusitis or allergic rhinitis. other systems: neurological: headache likely related to sinusitis. endocrine: stable diabetes. cardiovascular: stable hypertension. no acute abnormalities in pulmonary: relation "mrsty" does not exist
LINE 3:                             FROM MRSTY sty
                                         ^

2025-05-29 21:55:44,202 - ERROR - Attempt 1/3 failed for term 'radiating': relation "mrconso" does not exist
LINE 3:                     FROM MRCONSO c
                                 ^

2025-05-29 21:55:44,204 - ERROR - Attempt 2/3 failed for term 'radiating': current transaction is aborted, commands ignored until end of transaction block

2025-05-29 21:55:44,205 - ERROR - Attempt 3/3 failed for term 'radiating': current transaction is aborted, commands ignored until end of transaction block

2025-05-29 21:55:44,205 - ERROR - Max retries reached for term 'radiating'
2025-05-29 21:55:44,231 - ERROR - Attempt 1/3 failed for term 'pain': relation "mrconso" does not exist
LINE 3:                     FROM MRCONSO c
                                 ^

2025-05-29 21:55:44,233 - ERROR - Attempt 2/3 failed for term 'pain': current transaction is aborted, commands ignored until end of transaction block

2025-05-29 21:55:44,235 - ERROR - Attempt 3/3 failed for term 'pain': current transaction is aborted, commands ignored until end of transaction block

2025-05-29 21:55:44,236 - ERROR - Max retries reached for term 'pain'
2025-05-29 21:55:44,264 - WARNING - Failed to fetch semantic type for CUI NO_CUI_radiating pain: relation "mrsty" does not exist
LINE 3:                             FROM MRSTY sty
                                         ^

2025-05-29 21:55:44,362 - ERROR - Attempt 1/3 failed for term 'bilateral': relation "mrconso" does not exist
LINE 3:                     FROM MRCONSO c
                                 ^

2025-05-29 21:55:44,362 - ERROR - Attempt 2/3 failed for term 'bilateral': current transaction is aborted, commands ignored until end of transaction block

2025-05-29 21:55:44,363 - ERROR - Attempt 3/3 failed for term 'bilateral': current transaction is aborted, commands ignored until end of transaction block

2025-05-29 21:55:44,363 - ERROR - Max retries reached for term 'bilateral'
2025-05-29 21:55:44,376 - ERROR - Attempt 1/3 failed for term 'nasal congestion': relation "mrconso" does not exist
LINE 3:                     FROM MRCONSO c
                                 ^

2025-05-29 21:55:44,376 - ERROR - Attempt 2/3 failed for term 'nasal congestion': current transaction is aborted, commands ignored until end of transaction block

2025-05-29 21:55:44,377 - ERROR - Attempt 3/3 failed for term 'nasal congestion': current transaction is aborted, commands ignored until end of transaction block

2025-05-29 21:55:44,377 - ERROR - Max retries reached for term 'nasal congestion'
2025-05-29 21:55:44,391 - WARNING - Failed to fetch semantic type for CUI NO_CUI_bilateral nasal congestion: relation "mrsty" does not exist
LINE 3:                             FROM MRSTY sty
                                         ^

2025-05-29 21:55:44,624 - WARNING - Skipping non-clinical or blocked term: 'days'
2025-05-29 21:55:44,638 - ERROR - Attempt 1/3 failed for term 'shortness of breath': relation "mrconso" does not exist
LINE 3:                     FROM MRCONSO c
                                 ^

2025-05-29 21:55:44,639 - ERROR - Attempt 2/3 failed for term 'shortness of breath': current transaction is aborted, commands ignored until end of transaction block

2025-05-29 21:55:44,640 - ERROR - Attempt 3/3 failed for term 'shortness of breath': current transaction is aborted, commands ignored until end of transaction block

2025-05-29 21:55:44,641 - ERROR - Max retries reached for term 'shortness of breath'
2025-05-29 21:55:44,662 - ERROR - Attempt 1/3 failed for term 'no cough': relation "mrconso" does not exist
LINE 3:                     FROM MRCONSO c
                                 ^

2025-05-29 21:55:44,663 - ERROR - Attempt 2/3 failed for term 'no cough': current transaction is aborted, commands ignored until end of transaction block

2025-05-29 21:55:44,663 - ERROR - Attempt 3/3 failed for term 'no cough': current transaction is aborted, commands ignored until end of transaction block

2025-05-29 21:55:44,664 - ERROR - Max retries reached for term 'no cough'
2025-05-29 21:55:44,684 - ERROR - Attempt 1/3 failed for term 'pulmonary': relation "mrconso" does not exist
LINE 3:                     FROM MRCONSO c
                                 ^

2025-05-29 21:55:44,686 - ERROR - Attempt 2/3 failed for term 'pulmonary': current transaction is aborted, commands ignored until end of transaction block

2025-05-29 21:55:44,687 - ERROR - Attempt 3/3 failed for term 'pulmonary': current transaction is aborted, commands ignored until end of transaction block

2025-05-29 21:55:44,687 - ERROR - Max retries reached for term 'pulmonary'
2025-05-29 21:55:44,704 - ERROR - Attempt 1/3 failed for term 'mild headache': relation "mrconso" does not exist
LINE 3:                     FROM MRCONSO c
                                 ^

2025-05-29 21:55:44,704 - ERROR - Attempt 2/3 failed for term 'mild headache': current transaction is aborted, commands ignored until end of transaction block

2025-05-29 21:55:44,705 - ERROR - Attempt 3/3 failed for term 'mild headache': current transaction is aborted, commands ignored until end of transaction block

2025-05-29 21:55:44,705 - ERROR - Max retries reached for term 'mild headache'
2025-05-29 21:55:44,719 - ERROR - Attempt 1/3 failed for term 'nasal discharge': relation "mrconso" does not exist
LINE 3:                     FROM MRCONSO c
                                 ^

2025-05-29 21:55:44,720 - ERROR - Attempt 2/3 failed for term 'nasal discharge': current transaction is aborted, commands ignored until end of transaction block

2025-05-29 21:55:44,721 - ERROR - Attempt 3/3 failed for term 'nasal discharge': current transaction is aborted, commands ignored until end of transaction block

2025-05-29 21:55:44,722 - ERROR - Max retries reached for term 'nasal discharge'
2025-05-29 21:55:44,733 - ERROR - Attempt 1/3 failed for term 'sinus pain': relation "mrconso" does not exist
LINE 3:                     FROM MRCONSO c
                                 ^

2025-05-29 21:55:44,734 - ERROR - Attempt 2/3 failed for term 'sinus pain': current transaction is aborted, commands ignored until end of transaction block

2025-05-29 21:55:44,734 - ERROR - Attempt 3/3 failed for term 'sinus pain': current transaction is aborted, commands ignored until end of transaction block

2025-05-29 21:55:44,735 - ERROR - Max retries reached for term 'sinus pain'
2025-05-29 21:55:44,747 - ERROR - Attempt 1/3 failed for term 'cardiovascular': relation "mrconso" does not exist
LINE 3:                     FROM MRCONSO c
                                 ^

2025-05-29 21:55:44,747 - ERROR - Attempt 2/3 failed for term 'cardiovascular': current transaction is aborted, commands ignored until end of transaction block

2025-05-29 21:55:44,748 - ERROR - Attempt 3/3 failed for term 'cardiovascular': current transaction is aborted, commands ignored until end of transaction block

2025-05-29 21:55:44,748 - ERROR - Max retries reached for term 'cardiovascular'
2025-05-29 21:55:44,761 - ERROR - Attempt 1/3 failed for term 'palpitations': relation "mrconso" does not exist
LINE 3:                     FROM MRCONSO c
                                 ^

2025-05-29 21:55:44,762 - ERROR - Attempt 2/3 failed for term 'palpitations': current transaction is aborted, commands ignored until end of transaction block

2025-05-29 21:55:44,762 - ERROR - Attempt 3/3 failed for term 'palpitations': current transaction is aborted, commands ignored until end of transaction block

2025-05-29 21:55:44,763 - ERROR - Max retries reached for term 'palpitations'
2025-05-29 21:55:44,776 - ERROR - Attempt 1/3 failed for term 'hearing loss': relation "mrconso" does not exist
LINE 3:                     FROM MRCONSO c
                                 ^

2025-05-29 21:55:44,777 - ERROR - Attempt 2/3 failed for term 'hearing loss': current transaction is aborted, commands ignored until end of transaction block

2025-05-29 21:55:44,777 - ERROR - Attempt 3/3 failed for term 'hearing loss': current transaction is aborted, commands ignored until end of transaction block

2025-05-29 21:55:44,778 - ERROR - Max retries reached for term 'hearing loss'
2025-05-29 21:55:44,792 - ERROR - Attempt 1/3 failed for term 'low-grade': relation "mrconso" does not exist
LINE 3:                     FROM MRCONSO c
                                 ^

2025-05-29 21:55:44,794 - ERROR - Attempt 2/3 failed for term 'low-grade': current transaction is aborted, commands ignored until end of transaction block

2025-05-29 21:55:44,795 - ERROR - Attempt 3/3 failed for term 'low-grade': current transaction is aborted, commands ignored until end of transaction block

2025-05-29 21:55:44,796 - ERROR - Max retries reached for term 'low-grade'
2025-05-29 21:55:44,818 - ERROR - Attempt 1/3 failed for term 'chest pain': relation "mrconso" does not exist
LINE 3:                     FROM MRCONSO c
                                 ^

2025-05-29 21:55:44,820 - ERROR - Attempt 2/3 failed for term 'chest pain': current transaction is aborted, commands ignored until end of transaction block

2025-05-29 21:55:44,821 - ERROR - Attempt 3/3 failed for term 'chest pain': current transaction is aborted, commands ignored until end of transaction block

2025-05-29 21:55:44,822 - ERROR - Max retries reached for term 'chest pain'
2025-05-29 21:55:44,845 - ERROR - Attempt 1/3 failed for term 'purulent': relation "mrconso" does not exist
LINE 3:                     FROM MRCONSO c
                                 ^

2025-05-29 21:55:44,847 - ERROR - Attempt 2/3 failed for term 'purulent': current transaction is aborted, commands ignored until end of transaction block

2025-05-29 21:55:44,849 - ERROR - Attempt 3/3 failed for term 'purulent': current transaction is aborted, commands ignored until end of transaction block

2025-05-29 21:55:44,849 - ERROR - Max retries reached for term 'purulent'
2025-05-29 21:55:44,870 - ERROR - Attempt 1/3 failed for term 'neurological': relation "mrconso" does not exist
LINE 3:                     FROM MRCONSO c
                                 ^

2025-05-29 21:55:44,871 - ERROR - Attempt 2/3 failed for term 'neurological': current transaction is aborted, commands ignored until end of transaction block

2025-05-29 21:55:44,872 - ERROR - Attempt 3/3 failed for term 'neurological': current transaction is aborted, commands ignored until end of transaction block

2025-05-29 21:55:44,873 - ERROR - Max retries reached for term 'neurological'
2025-05-29 21:55:44,888 - ERROR - Attempt 1/3 failed for term 'associated with': relation "mrconso" does not exist
LINE 3:                     FROM MRCONSO c
                                 ^

2025-05-29 21:55:44,888 - ERROR - Attempt 2/3 failed for term 'associated with': current transaction is aborted, commands ignored until end of transaction block

2025-05-29 21:55:44,889 - ERROR - Attempt 3/3 failed for term 'associated with': current transaction is aborted, commands ignored until end of transaction block

2025-05-29 21:55:44,890 - ERROR - Max retries reached for term 'associated with'
2025-05-29 21:55:44,908 - WARNING - Failed to fetch semantic type for CUI NO_CUI_and purulent nasal discharge for 10 days. low-grade fever (up to 100.5°f). no sore throat or hearing loss. pulmonary: no cough or shortness of breath. cardiovascular: no chest pain or palpitations. neurological: mild headache associated with sinus pain: relation "mrsty" does not exist
LINE 3:                             FROM MRSTY sty
                                         ^

2025-05-29 21:55:45,155 - ERROR - Attempt 1/3 failed for term 'acute': relation "mrconso" does not exist
LINE 3:                     FROM MRCONSO c
                                 ^

2025-05-29 21:55:45,155 - ERROR - Attempt 2/3 failed for term 'acute': current transaction is aborted, commands ignored until end of transaction block

2025-05-29 21:55:45,156 - ERROR - Attempt 3/3 failed for term 'acute': current transaction is aborted, commands ignored until end of transaction block

2025-05-29 21:55:45,156 - ERROR - Max retries reached for term 'acute'
2025-05-29 21:55:45,169 - ERROR - Attempt 1/3 failed for term 'bacterial sinusitis': relation "mrconso" does not exist
LINE 3:                     FROM MRCONSO c
                                 ^

2025-05-29 21:55:45,170 - ERROR - Attempt 2/3 failed for term 'bacterial sinusitis': current transaction is aborted, commands ignored until end of transaction block

2025-05-29 21:55:45,170 - ERROR - Attempt 3/3 failed for term 'bacterial sinusitis': current transaction is aborted, commands ignored until end of transaction block

2025-05-29 21:55:45,171 - ERROR - Max retries reached for term 'bacterial sinusitis'
2025-05-29 21:55:45,186 - ERROR - Attempt 1/3 failed for term 'no joint pain': relation "mrconso" does not exist
LINE 3:                     FROM MRCONSO c
                                 ^

2025-05-29 21:55:45,186 - ERROR - Attempt 2/3 failed for term 'no joint pain': current transaction is aborted, commands ignored until end of transaction block

2025-05-29 21:55:45,187 - ERROR - Attempt 3/3 failed for term 'no joint pain': current transaction is aborted, commands ignored until end of transaction block

2025-05-29 21:55:45,187 - ERROR - Max retries reached for term 'no joint pain'
2025-05-29 21:55:45,200 - ERROR - Attempt 1/3 failed for term 'no dizziness': relation "mrconso" does not exist
LINE 3:                     FROM MRCONSO c
                                 ^

2025-05-29 21:55:45,201 - ERROR - Attempt 2/3 failed for term 'no dizziness': current transaction is aborted, commands ignored until end of transaction block

2025-05-29 21:55:45,202 - ERROR - Attempt 3/3 failed for term 'no dizziness': current transaction is aborted, commands ignored until end of transaction block

2025-05-29 21:55:45,202 - ERROR - Max retries reached for term 'no dizziness'
2025-05-29 21:55:45,216 - ERROR - Attempt 1/3 failed for term 'weight changes': relation "mrconso" does not exist
LINE 3:                     FROM MRCONSO c
                                 ^

2025-05-29 21:55:45,217 - ERROR - Attempt 2/3 failed for term 'weight changes': current transaction is aborted, commands ignored until end of transaction block

2025-05-29 21:55:45,218 - ERROR - Attempt 3/3 failed for term 'weight changes': current transaction is aborted, commands ignored until end of transaction block

2025-05-29 21:55:45,218 - ERROR - Max retries reached for term 'weight changes'
2025-05-29 21:55:45,232 - ERROR - Attempt 1/3 failed for term 'bruising': relation "mrconso" does not exist
LINE 3:                     FROM MRCONSO c
                                 ^

2025-05-29 21:55:45,232 - ERROR - Attempt 2/3 failed for term 'bruising': current transaction is aborted, commands ignored until end of transaction block

2025-05-29 21:55:45,233 - ERROR - Attempt 3/3 failed for term 'bruising': current transaction is aborted, commands ignored until end of transaction block

2025-05-29 21:55:45,233 - ERROR - Max retries reached for term 'bruising'
2025-05-29 21:55:45,248 - ERROR - Attempt 1/3 failed for term 'ophthalmologic': relation "mrconso" does not exist
LINE 3:                     FROM MRCONSO c
                                 ^

2025-05-29 21:55:45,248 - ERROR - Attempt 2/3 failed for term 'ophthalmologic': current transaction is aborted, commands ignored until end of transaction block

2025-05-29 21:55:45,249 - ERROR - Attempt 3/3 failed for term 'ophthalmologic': current transaction is aborted, commands ignored until end of transaction block

2025-05-29 21:55:45,249 - ERROR - Max retries reached for term 'ophthalmologic'
2025-05-29 21:55:45,263 - ERROR - Attempt 1/3 failed for term 'dermatologic': relation "mrconso" does not exist
LINE 3:                     FROM MRCONSO c
                                 ^

2025-05-29 21:55:45,263 - ERROR - Attempt 2/3 failed for term 'dermatologic': current transaction is aborted, commands ignored until end of transaction block

2025-05-29 21:55:45,264 - ERROR - Attempt 3/3 failed for term 'dermatologic': current transaction is aborted, commands ignored until end of transaction block

2025-05-29 21:55:45,264 - ERROR - Max retries reached for term 'dermatologic'
2025-05-29 21:55:45,278 - ERROR - Attempt 1/3 failed for term 'no rashes': relation "mrconso" does not exist
LINE 3:                     FROM MRCONSO c
                                 ^

2025-05-29 21:55:45,279 - ERROR - Attempt 2/3 failed for term 'no rashes': current transaction is aborted, commands ignored until end of transaction block

2025-05-29 21:55:45,280 - ERROR - Attempt 3/3 failed for term 'no rashes': current transaction is aborted, commands ignored until end of transaction block

2025-05-29 21:55:45,280 - ERROR - Max retries reached for term 'no rashes'
2025-05-29 21:55:45,294 - ERROR - Attempt 1/3 failed for term 'endocrine': relation "mrconso" does not exist
LINE 3:                     FROM MRCONSO c
                                 ^

2025-05-29 21:55:45,295 - ERROR - Attempt 2/3 failed for term 'endocrine': current transaction is aborted, commands ignored until end of transaction block

2025-05-29 21:55:45,295 - ERROR - Attempt 3/3 failed for term 'endocrine': current transaction is aborted, commands ignored until end of transaction block

2025-05-29 21:55:45,296 - ERROR - Max retries reached for term 'endocrine'
2025-05-29 21:55:45,296 - WARNING - Skipping non-clinical or blocked term: 'psychiatric'
2025-05-29 21:55:45,310 - ERROR - Attempt 1/3 failed for term 'nausea': relation "mrconso" does not exist
LINE 3:                     FROM MRCONSO c
                                 ^

2025-05-29 21:55:45,311 - ERROR - Attempt 2/3 failed for term 'nausea': current transaction is aborted, commands ignored until end of transaction block

2025-05-29 21:55:45,312 - ERROR - Attempt 3/3 failed for term 'nausea': current transaction is aborted, commands ignored until end of transaction block

2025-05-29 21:55:45,312 - ERROR - Max retries reached for term 'nausea'
2025-05-29 21:55:45,312 - WARNING - Skipping non-clinical or blocked term: 'symptoms'
2025-05-29 21:55:45,313 - WARNING - Skipping non-clinical or blocked term: 'hematologic'
2025-05-29 21:55:45,329 - ERROR - Attempt 1/3 failed for term 'bleeding': relation "mrconso" does not exist
LINE 3:                     FROM MRCONSO c
                                 ^

2025-05-29 21:55:45,329 - ERROR - Attempt 2/3 failed for term 'bleeding': current transaction is aborted, commands ignored until end of transaction block

2025-05-29 21:55:45,330 - ERROR - Attempt 3/3 failed for term 'bleeding': current transaction is aborted, commands ignored until end of transaction block

2025-05-29 21:55:45,330 - ERROR - Max retries reached for term 'bleeding'
2025-05-29 21:55:45,344 - ERROR - Attempt 1/3 failed for term 'primary assessment': relation "mrconso" does not exist
LINE 3:                     FROM MRCONSO c
                                 ^

2025-05-29 21:55:45,345 - ERROR - Attempt 2/3 failed for term 'primary assessment': current transaction is aborted, commands ignored until end of transaction block

2025-05-29 21:55:45,346 - ERROR - Attempt 3/3 failed for term 'primary assessment': current transaction is aborted, commands ignored until end of transaction block

2025-05-29 21:55:45,346 - ERROR - Max retries reached for term 'primary assessment'
2025-05-29 21:55:45,347 - WARNING - Skipping non-clinical or blocked term: 'vision'
2025-05-29 21:55:45,363 - ERROR - Attempt 1/3 failed for term 'consistent with': relation "mrconso" does not exist
LINE 3:                     FROM MRCONSO c
                                 ^

2025-05-29 21:55:45,364 - ERROR - Attempt 2/3 failed for term 'consistent with': current transaction is aborted, commands ignored until end of transaction block

2025-05-29 21:55:45,365 - ERROR - Attempt 3/3 failed for term 'consistent with': current transaction is aborted, commands ignored until end of transaction block

2025-05-29 21:55:45,365 - ERROR - Max retries reached for term 'consistent with'
2025-05-29 21:55:45,380 - ERROR - Attempt 1/3 failed for term 'genitourinary': relation "mrconso" does not exist
LINE 3:                     FROM MRCONSO c
                                 ^

2025-05-29 21:55:45,381 - ERROR - Attempt 2/3 failed for term 'genitourinary': current transaction is aborted, commands ignored until end of transaction block

2025-05-29 21:55:45,382 - ERROR - Attempt 3/3 failed for term 'genitourinary': current transaction is aborted, commands ignored until end of transaction block

2025-05-29 21:55:45,383 - ERROR - Max retries reached for term 'genitourinary'
2025-05-29 21:55:45,383 - WARNING - Skipping non-clinical or blocked term: 'gastrointestinal'
2025-05-29 21:55:45,397 - ERROR - Attempt 1/3 failed for term 'diarrhea': relation "mrconso" does not exist
LINE 3:                     FROM MRCONSO c
                                 ^

2025-05-29 21:55:45,398 - ERROR - Attempt 2/3 failed for term 'diarrhea': current transaction is aborted, commands ignored until end of transaction block

2025-05-29 21:55:45,400 - ERROR - Attempt 3/3 failed for term 'diarrhea': current transaction is aborted, commands ignored until end of transaction block

2025-05-29 21:55:45,401 - ERROR - Max retries reached for term 'diarrhea'
2025-05-29 21:55:45,417 - ERROR - Attempt 1/3 failed for term 'mood changes': relation "mrconso" does not exist
LINE 3:                     FROM MRCONSO c
                                 ^

2025-05-29 21:55:45,419 - ERROR - Attempt 2/3 failed for term 'mood changes': current transaction is aborted, commands ignored until end of transaction block

2025-05-29 21:55:45,420 - ERROR - Attempt 3/3 failed for term 'mood changes': current transaction is aborted, commands ignored until end of transaction block

2025-05-29 21:55:45,420 - ERROR - Max retries reached for term 'mood changes'
2025-05-29 21:55:45,436 - ERROR - Attempt 1/3 failed for term 'lesions': relation "mrconso" does not exist
LINE 3:                     FROM MRCONSO c
                                 ^

2025-05-29 21:55:45,436 - ERROR - Attempt 2/3 failed for term 'lesions': current transaction is aborted, commands ignored until end of transaction block

2025-05-29 21:55:45,437 - ERROR - Attempt 3/3 failed for term 'lesions': current transaction is aborted, commands ignored until end of transaction block

2025-05-29 21:55:45,437 - ERROR - Max retries reached for term 'lesions'
2025-05-29 21:55:45,450 - ERROR - Attempt 1/3 failed for term 'stiffness': relation "mrconso" does not exist
LINE 3:                     FROM MRCONSO c
                                 ^

2025-05-29 21:55:45,451 - ERROR - Attempt 2/3 failed for term 'stiffness': current transaction is aborted, commands ignored until end of transaction block

2025-05-29 21:55:45,452 - ERROR - Attempt 3/3 failed for term 'stiffness': current transaction is aborted, commands ignored until end of transaction block

2025-05-29 21:55:45,453 - ERROR - Max retries reached for term 'stiffness'
2025-05-29 21:55:45,465 - ERROR - Attempt 1/3 failed for term 'urinary changes': relation "mrconso" does not exist
LINE 3:                     FROM MRCONSO c
                                 ^

2025-05-29 21:55:45,466 - ERROR - Attempt 2/3 failed for term 'urinary changes': current transaction is aborted, commands ignored until end of transaction block

2025-05-29 21:55:45,467 - ERROR - Attempt 3/3 failed for term 'urinary changes': current transaction is aborted, commands ignored until end of transaction block

2025-05-29 21:55:45,467 - ERROR - Max retries reached for term 'urinary changes'
2025-05-29 21:55:45,480 - WARNING - Failed to fetch semantic type for CUI NO_CUI_no dizziness. musculoskeletal: no joint pain or stiffness. gastrointestinal: no nausea or diarrhea. genitourinary: no urinary changes. endocrine: no weight changes or thirst. hematologic: no easy bruising or bleeding. dermatologic: no rashes or lesions. psychiatric: no mood changes. ophthalmologic: no vision changes. primary assessment: symptoms consistent with acute bacterial sinusitis: relation "mrsty" does not exist
LINE 3:                             FROM MRSTY sty
                                         ^

2025-05-29 21:57:33,348 - ERROR - Failed to initialize NLP pipeline: [E893] Could not find function 'replace_tokenizer' in function registry 'callbacks'. If you're using a custom function, make sure the code is available. If the function is provided by a third-party package, e.g. spacy-transformers, make sure the package is installed in your environment.

Available names: spacy.copy_from_base_model.v1, spacy.models_and_pipes_with_nvtx_range.v1, spacy.models_with_nvtx_range.v1
2025-05-29 21:57:34,270 - WARNING - Using fallback spacy pipeline without parser, ner, or linker
2025-05-29 21:57:34,271 - ERROR - Failed to add symptom rules: "[E001] No component 'medspacy_target_matcher' found in pipeline. Available names: ['sentencizer', 'tok2vec', 'tagger', 'attribute_ruler', 'lemmatizer', 'parser', 'ner']"
2025-05-29 21:57:34,299 - ERROR - Error extracting features for note ID 3: 'KnowledgeBaseUpdater' object has no attribute 'is_new_symptom'
2025-05-29 21:57:34,336 - ERROR - Failed to create MongoDB indexes: An existing index has the same name as the requested index. When index names are not specified, they are auto generated and can cause conflicts. Please refer to our documentation. Requested index: { v: 2, unique: true, key: { term: 1 }, name: "term_1" }, existing index: { v: 2, key: { term: 1 }, name: "term_1" }, full error: {'ok': 0.0, 'errmsg': 'An existing index has the same name as the requested index. When index names are not specified, they are auto generated and can cause conflicts. Please refer to our documentation. Requested index: { v: 2, unique: true, key: { term: 1 }, name: "term_1" }, existing index: { v: 2, key: { term: 1 }, name: "term_1" }', 'code': 86, 'codeName': 'IndexKeySpecsConflict'}
2025-05-29 21:57:34,382 - ERROR - Failed to create MongoDB indexes: An existing index has the same name as the requested index. When index names are not specified, they are auto generated and can cause conflicts. Please refer to our documentation. Requested index: { v: 2, unique: true, key: { term: 1 }, name: "term_1" }, existing index: { v: 2, key: { term: 1 }, name: "term_1" }, full error: {'ok': 0.0, 'errmsg': 'An existing index has the same name as the requested index. When index names are not specified, they are auto generated and can cause conflicts. Please refer to our documentation. Requested index: { v: 2, unique: true, key: { term: 1 }, name: "term_1" }, existing index: { v: 2, key: { term: 1 }, name: "term_1" }', 'code': 86, 'codeName': 'IndexKeySpecsConflict'}
2025-05-29 21:57:35,270 - ERROR - Attempt 1/3 failed for term 'facial pain': relation "mrconso" does not exist
LINE 3:                     FROM MRCONSO c
                                 ^

2025-05-29 21:57:35,271 - ERROR - Attempt 2/3 failed for term 'facial pain': current transaction is aborted, commands ignored until end of transaction block

2025-05-29 21:57:35,271 - ERROR - Attempt 3/3 failed for term 'facial pain': current transaction is aborted, commands ignored until end of transaction block

2025-05-29 21:57:35,271 - ERROR - Max retries reached for term 'facial pain'
2025-05-29 21:57:35,285 - WARNING - Failed to fetch semantic type for CUI NO_CUI_facial pain: relation "mrsty" does not exist
LINE 3:                             FROM MRSTY sty
                                         ^

2025-05-29 21:57:35,394 - ERROR - Attempt 1/3 failed for term 'nasal congestion': relation "mrconso" does not exist
LINE 3:                     FROM MRCONSO c
                                 ^

2025-05-29 21:57:35,394 - ERROR - Attempt 2/3 failed for term 'nasal congestion': current transaction is aborted, commands ignored until end of transaction block

2025-05-29 21:57:35,395 - ERROR - Attempt 3/3 failed for term 'nasal congestion': current transaction is aborted, commands ignored until end of transaction block

2025-05-29 21:57:35,395 - ERROR - Max retries reached for term 'nasal congestion'
2025-05-29 21:57:35,410 - WARNING - Failed to fetch semantic type for CUI NO_CUI_nasal congestion: relation "mrsty" does not exist
LINE 3:                             FROM MRSTY sty
                                         ^

2025-05-29 21:57:35,504 - ERROR - Attempt 1/3 failed for term 'purulent': relation "mrconso" does not exist
LINE 3:                     FROM MRCONSO c
                                 ^

2025-05-29 21:57:35,504 - ERROR - Attempt 2/3 failed for term 'purulent': current transaction is aborted, commands ignored until end of transaction block

2025-05-29 21:57:35,505 - ERROR - Attempt 3/3 failed for term 'purulent': current transaction is aborted, commands ignored until end of transaction block

2025-05-29 21:57:35,505 - ERROR - Max retries reached for term 'purulent'
2025-05-29 21:57:35,518 - ERROR - Attempt 1/3 failed for term 'nasal discharge': relation "mrconso" does not exist
LINE 3:                     FROM MRCONSO c
                                 ^

2025-05-29 21:57:35,519 - ERROR - Attempt 2/3 failed for term 'nasal discharge': current transaction is aborted, commands ignored until end of transaction block

2025-05-29 21:57:35,519 - ERROR - Attempt 3/3 failed for term 'nasal discharge': current transaction is aborted, commands ignored until end of transaction block

2025-05-29 21:57:35,519 - ERROR - Max retries reached for term 'nasal discharge'
2025-05-29 21:57:35,535 - WARNING - Failed to fetch semantic type for CUI NO_CUI_purulent nasal discharge: relation "mrsty" does not exist
LINE 3:                             FROM MRSTY sty
                                         ^

2025-05-29 21:57:35,628 - ERROR - Attempt 1/3 failed for term 'fever': relation "mrconso" does not exist
LINE 3:                     FROM MRCONSO c
                                 ^

2025-05-29 21:57:35,628 - ERROR - Attempt 2/3 failed for term 'fever': current transaction is aborted, commands ignored until end of transaction block

2025-05-29 21:57:35,629 - ERROR - Attempt 3/3 failed for term 'fever': current transaction is aborted, commands ignored until end of transaction block

2025-05-29 21:57:35,629 - ERROR - Max retries reached for term 'fever'
2025-05-29 21:57:35,642 - WARNING - Failed to fetch semantic type for CUI NO_CUI_fever: relation "mrsty" does not exist
LINE 3:                             FROM MRSTY sty
                                         ^

2025-05-29 21:57:35,754 - WARNING - Skipping non-clinical or blocked term: 'days'
2025-05-29 21:57:35,764 - ERROR - Attempt 1/3 failed for term 'facial pain': relation "mrconso" does not exist
LINE 3:                     FROM MRCONSO c
                                 ^

2025-05-29 21:57:35,765 - ERROR - Attempt 2/3 failed for term 'facial pain': current transaction is aborted, commands ignored until end of transaction block

2025-05-29 21:57:35,766 - ERROR - Attempt 3/3 failed for term 'facial pain': current transaction is aborted, commands ignored until end of transaction block

2025-05-29 21:57:35,766 - ERROR - Max retries reached for term 'facial pain'
2025-05-29 21:57:35,781 - ERROR - Attempt 1/3 failed for term 'nasal discharge': relation "mrconso" does not exist
LINE 3:                     FROM MRCONSO c
                                 ^

2025-05-29 21:57:35,782 - ERROR - Attempt 2/3 failed for term 'nasal discharge': current transaction is aborted, commands ignored until end of transaction block

2025-05-29 21:57:35,783 - ERROR - Attempt 3/3 failed for term 'nasal discharge': current transaction is aborted, commands ignored until end of transaction block

2025-05-29 21:57:35,783 - ERROR - Max retries reached for term 'nasal discharge'
2025-05-29 21:57:35,805 - ERROR - Attempt 1/3 failed for term 'fever': relation "mrconso" does not exist
LINE 3:                     FROM MRCONSO c
                                 ^

2025-05-29 21:57:35,808 - ERROR - Attempt 2/3 failed for term 'fever': current transaction is aborted, commands ignored until end of transaction block

2025-05-29 21:57:35,810 - ERROR - Attempt 3/3 failed for term 'fever': current transaction is aborted, commands ignored until end of transaction block

2025-05-29 21:57:35,810 - ERROR - Max retries reached for term 'fever'
2025-05-29 21:57:35,832 - ERROR - Attempt 1/3 failed for term 'patient': relation "mrconso" does not exist
LINE 3:                     FROM MRCONSO c
                                 ^

2025-05-29 21:57:35,832 - ERROR - Attempt 2/3 failed for term 'patient': current transaction is aborted, commands ignored until end of transaction block

2025-05-29 21:57:35,833 - ERROR - Attempt 3/3 failed for term 'patient': current transaction is aborted, commands ignored until end of transaction block

2025-05-29 21:57:35,833 - ERROR - Max retries reached for term 'patient'
2025-05-29 21:57:35,858 - ERROR - Attempt 1/3 failed for term 'nasal congestion': relation "mrconso" does not exist
LINE 3:                     FROM MRCONSO c
                                 ^

2025-05-29 21:57:35,859 - ERROR - Attempt 2/3 failed for term 'nasal congestion': current transaction is aborted, commands ignored until end of transaction block

2025-05-29 21:57:35,860 - ERROR - Attempt 3/3 failed for term 'nasal congestion': current transaction is aborted, commands ignored until end of transaction block

2025-05-29 21:57:35,861 - ERROR - Max retries reached for term 'nasal congestion'
2025-05-29 21:57:35,880 - ERROR - Attempt 1/3 failed for term 'purulent': relation "mrconso" does not exist
LINE 3:                     FROM MRCONSO c
                                 ^

2025-05-29 21:57:35,881 - ERROR - Attempt 2/3 failed for term 'purulent': current transaction is aborted, commands ignored until end of transaction block

2025-05-29 21:57:35,882 - ERROR - Attempt 3/3 failed for term 'purulent': current transaction is aborted, commands ignored until end of transaction block

2025-05-29 21:57:35,882 - ERROR - Max retries reached for term 'purulent'
2025-05-29 21:57:35,901 - ERROR - Attempt 1/3 failed for term 'reports': relation "mrconso" does not exist
LINE 3:                     FROM MRCONSO c
                                 ^

2025-05-29 21:57:35,903 - ERROR - Attempt 2/3 failed for term 'reports': current transaction is aborted, commands ignored until end of transaction block

2025-05-29 21:57:35,904 - ERROR - Attempt 3/3 failed for term 'reports': current transaction is aborted, commands ignored until end of transaction block

2025-05-29 21:57:35,905 - ERROR - Max retries reached for term 'reports'
2025-05-29 21:57:35,925 - WARNING - Failed to fetch semantic type for CUI NO_CUI_patient presents with facial pain, nasal congestion, and fever for 10 days. reports purulent nasal discharge.: relation "mrsty" does not exist
LINE 3:                             FROM MRSTY sty
                                         ^

2025-05-29 21:57:36,017 - ERROR - Attempt 1/3 failed for term 'headache': relation "mrconso" does not exist
LINE 3:                     FROM MRCONSO c
                                 ^

2025-05-29 21:57:36,018 - ERROR - Attempt 2/3 failed for term 'headache': current transaction is aborted, commands ignored until end of transaction block

2025-05-29 21:57:36,019 - ERROR - Attempt 3/3 failed for term 'headache': current transaction is aborted, commands ignored until end of transaction block

2025-05-29 21:57:36,019 - ERROR - Max retries reached for term 'headache'
2025-05-29 21:57:36,035 - WARNING - Failed to fetch semantic type for CUI NO_CUI_headache: relation "mrsty" does not exist
LINE 3:                             FROM MRSTY sty
                                         ^

2025-05-29 21:57:36,147 - ERROR - Attempt 1/3 failed for term 'headache': relation "mrconso" does not exist
LINE 3:                     FROM MRCONSO c
                                 ^

2025-05-29 21:57:36,147 - ERROR - Attempt 2/3 failed for term 'headache': current transaction is aborted, commands ignored until end of transaction block

2025-05-29 21:57:36,148 - ERROR - Attempt 3/3 failed for term 'headache': current transaction is aborted, commands ignored until end of transaction block

2025-05-29 21:57:36,148 - ERROR - Max retries reached for term 'headache'
2025-05-29 21:57:36,162 - ERROR - Attempt 1/3 failed for term 'patient complains': relation "mrconso" does not exist
LINE 3:                     FROM MRCONSO c
                                 ^

2025-05-29 21:57:36,163 - ERROR - Attempt 2/3 failed for term 'patient complains': current transaction is aborted, commands ignored until end of transaction block

2025-05-29 21:57:36,164 - ERROR - Attempt 3/3 failed for term 'patient complains': current transaction is aborted, commands ignored until end of transaction block

2025-05-29 21:57:36,164 - ERROR - Max retries reached for term 'patient complains'
2025-05-29 21:57:36,181 - WARNING - Failed to fetch semantic type for CUI NO_CUI_patient complains of headache: relation "mrsty" does not exist
LINE 3:                             FROM MRSTY sty
                                         ^

2025-05-29 21:57:36,263 - ERROR - Attempt 1/3 failed for term 'back pain': relation "mrconso" does not exist
LINE 3:                     FROM MRCONSO c
                                 ^

2025-05-29 21:57:36,264 - ERROR - Attempt 2/3 failed for term 'back pain': current transaction is aborted, commands ignored until end of transaction block

2025-05-29 21:57:36,264 - ERROR - Attempt 3/3 failed for term 'back pain': current transaction is aborted, commands ignored until end of transaction block

2025-05-29 21:57:36,265 - ERROR - Max retries reached for term 'back pain'
2025-05-29 21:57:36,280 - WARNING - Failed to fetch semantic type for CUI NO_CUI_back pain: relation "mrsty" does not exist
LINE 3:                             FROM MRSTY sty
                                         ^

2025-05-29 21:57:36,395 - ERROR - Attempt 1/3 failed for term 'movement': relation "mrconso" does not exist
LINE 3:                     FROM MRCONSO c
                                 ^

2025-05-29 21:57:36,395 - ERROR - Attempt 2/3 failed for term 'movement': current transaction is aborted, commands ignored until end of transaction block

2025-05-29 21:57:36,396 - ERROR - Attempt 3/3 failed for term 'movement': current transaction is aborted, commands ignored until end of transaction block

2025-05-29 21:57:36,396 - ERROR - Max retries reached for term 'movement'
2025-05-29 21:57:36,409 - ERROR - Attempt 1/3 failed for term 'pain': relation "mrconso" does not exist
LINE 3:                     FROM MRCONSO c
                                 ^

2025-05-29 21:57:36,410 - ERROR - Attempt 2/3 failed for term 'pain': current transaction is aborted, commands ignored until end of transaction block

2025-05-29 21:57:36,411 - ERROR - Attempt 3/3 failed for term 'pain': current transaction is aborted, commands ignored until end of transaction block

2025-05-29 21:57:36,411 - ERROR - Max retries reached for term 'pain'
2025-05-29 21:57:36,429 - WARNING - Failed to fetch semantic type for CUI NO_CUI_pain on movement: relation "mrsty" does not exist
LINE 3:                             FROM MRSTY sty
                                         ^

2025-05-29 21:57:36,507 - ERROR - Attempt 1/3 failed for term 'obesity': relation "mrconso" does not exist
LINE 3:                     FROM MRCONSO c
                                 ^

2025-05-29 21:57:36,507 - ERROR - Attempt 2/3 failed for term 'obesity': current transaction is aborted, commands ignored until end of transaction block

2025-05-29 21:57:36,508 - ERROR - Attempt 3/3 failed for term 'obesity': current transaction is aborted, commands ignored until end of transaction block

2025-05-29 21:57:36,508 - ERROR - Max retries reached for term 'obesity'
2025-05-29 21:57:36,521 - WARNING - Failed to fetch semantic type for CUI NO_CUI_obesity: relation "mrsty" does not exist
LINE 3:                             FROM MRSTY sty
                                         ^

2025-05-29 21:57:36,619 - ERROR - Attempt 1/3 failed for term 'back pain': relation "mrconso" does not exist
LINE 3:                     FROM MRCONSO c
                                 ^

2025-05-29 21:57:36,619 - ERROR - Attempt 2/3 failed for term 'back pain': current transaction is aborted, commands ignored until end of transaction block

2025-05-29 21:57:36,620 - ERROR - Attempt 3/3 failed for term 'back pain': current transaction is aborted, commands ignored until end of transaction block

2025-05-29 21:57:36,620 - ERROR - Max retries reached for term 'back pain'
2025-05-29 21:57:36,636 - ERROR - Attempt 1/3 failed for term 'weeks': relation "mrconso" does not exist
LINE 3:                     FROM MRCONSO c
                                 ^

2025-05-29 21:57:36,637 - ERROR - Attempt 2/3 failed for term 'weeks': current transaction is aborted, commands ignored until end of transaction block

2025-05-29 21:57:36,637 - ERROR - Attempt 3/3 failed for term 'weeks': current transaction is aborted, commands ignored until end of transaction block

2025-05-29 21:57:36,638 - ERROR - Max retries reached for term 'weeks'
2025-05-29 21:57:36,654 - WARNING - Failed to fetch semantic type for CUI NO_CUI_back pain for two weeks: relation "mrsty" does not exist
LINE 3:                             FROM MRSTY sty
                                         ^

2025-05-29 21:57:36,761 - WARNING - Skipping non-clinical or blocked term: 'days'
2025-05-29 21:57:36,771 - ERROR - Attempt 1/3 failed for term 'patient complains': relation "mrconso" does not exist
LINE 3:                     FROM MRCONSO c
                                 ^

2025-05-29 21:57:36,772 - ERROR - Attempt 2/3 failed for term 'patient complains': current transaction is aborted, commands ignored until end of transaction block

2025-05-29 21:57:36,773 - ERROR - Attempt 3/3 failed for term 'patient complains': current transaction is aborted, commands ignored until end of transaction block

2025-05-29 21:57:36,773 - ERROR - Max retries reached for term 'patient complains'
2025-05-29 21:57:36,775 - WARNING - Skipping non-clinical or blocked term: 'chills'
2025-05-29 21:57:36,793 - ERROR - Attempt 1/3 failed for term 'fevers': relation "mrconso" does not exist
LINE 3:                     FROM MRCONSO c
                                 ^

2025-05-29 21:57:36,793 - ERROR - Attempt 2/3 failed for term 'fevers': current transaction is aborted, commands ignored until end of transaction block

2025-05-29 21:57:36,794 - ERROR - Attempt 3/3 failed for term 'fevers': current transaction is aborted, commands ignored until end of transaction block

2025-05-29 21:57:36,795 - ERROR - Max retries reached for term 'fevers'
2025-05-29 21:57:36,814 - ERROR - Attempt 1/3 failed for term 'headache': relation "mrconso" does not exist
LINE 3:                     FROM MRCONSO c
                                 ^

2025-05-29 21:57:36,814 - ERROR - Attempt 2/3 failed for term 'headache': current transaction is aborted, commands ignored until end of transaction block

2025-05-29 21:57:36,815 - ERROR - Attempt 3/3 failed for term 'headache': current transaction is aborted, commands ignored until end of transaction block

2025-05-29 21:57:36,816 - ERROR - Max retries reached for term 'headache'
2025-05-29 21:57:36,830 - ERROR - Attempt 1/3 failed for term 'associated with': relation "mrconso" does not exist
LINE 3:                     FROM MRCONSO c
                                 ^

2025-05-29 21:57:36,831 - ERROR - Attempt 2/3 failed for term 'associated with': current transaction is aborted, commands ignored until end of transaction block

2025-05-29 21:57:36,831 - ERROR - Attempt 3/3 failed for term 'associated with': current transaction is aborted, commands ignored until end of transaction block

2025-05-29 21:57:36,832 - ERROR - Max retries reached for term 'associated with'
2025-05-29 21:57:36,847 - WARNING - Failed to fetch semantic type for CUI NO_CUI_patient complains of headache the headache started three days ago. the headache is associated with fevers and chills: relation "mrsty" does not exist
LINE 3:                             FROM MRSTY sty
                                         ^

2025-05-29 21:57:36,981 - WARNING - Skipping non-clinical or blocked term: 'worse'
2025-05-29 21:57:36,981 - WARNING - Skipping non-clinical or blocked term: 'eyes'
2025-05-29 21:57:36,991 - ERROR - Attempt 1/3 failed for term 'licking': relation "mrconso" does not exist
LINE 3:                     FROM MRCONSO c
                                 ^

2025-05-29 21:57:36,992 - ERROR - Attempt 2/3 failed for term 'licking': current transaction is aborted, commands ignored until end of transaction block

2025-05-29 21:57:36,993 - ERROR - Attempt 3/3 failed for term 'licking': current transaction is aborted, commands ignored until end of transaction block

2025-05-29 21:57:36,993 - ERROR - Max retries reached for term 'licking'
2025-05-29 21:57:37,011 - ERROR - Attempt 1/3 failed for term 'patient': relation "mrconso" does not exist
LINE 3:                     FROM MRCONSO c
                                 ^

2025-05-29 21:57:37,012 - ERROR - Attempt 2/3 failed for term 'patient': current transaction is aborted, commands ignored until end of transaction block

2025-05-29 21:57:37,013 - ERROR - Attempt 3/3 failed for term 'patient': current transaction is aborted, commands ignored until end of transaction block

2025-05-29 21:57:37,014 - ERROR - Max retries reached for term 'patient'
2025-05-29 21:57:37,015 - WARNING - Skipping non-clinical or blocked term: 'foods'
2025-05-29 21:57:37,032 - ERROR - Attempt 1/3 failed for term 'strong': relation "mrconso" does not exist
LINE 3:                     FROM MRCONSO c
                                 ^

2025-05-29 21:57:37,032 - ERROR - Attempt 2/3 failed for term 'strong': current transaction is aborted, commands ignored until end of transaction block

2025-05-29 21:57:37,033 - ERROR - Attempt 3/3 failed for term 'strong': current transaction is aborted, commands ignored until end of transaction block

2025-05-29 21:57:37,034 - ERROR - Max retries reached for term 'strong'
2025-05-29 21:57:37,051 - ERROR - Attempt 1/3 failed for term 'fats': relation "mrconso" does not exist
LINE 3:                     FROM MRCONSO c
                                 ^

2025-05-29 21:57:37,052 - ERROR - Attempt 2/3 failed for term 'fats': current transaction is aborted, commands ignored until end of transaction block

2025-05-29 21:57:37,053 - ERROR - Attempt 3/3 failed for term 'fats': current transaction is aborted, commands ignored until end of transaction block

2025-05-29 21:57:37,054 - ERROR - Max retries reached for term 'fats'
2025-05-29 21:57:37,069 - ERROR - Attempt 1/3 failed for term 'tea': relation "mrconso" does not exist
LINE 3:                     FROM MRCONSO c
                                 ^

2025-05-29 21:57:37,070 - ERROR - Attempt 2/3 failed for term 'tea': current transaction is aborted, commands ignored until end of transaction block

2025-05-29 21:57:37,070 - ERROR - Attempt 3/3 failed for term 'tea': current transaction is aborted, commands ignored until end of transaction block

2025-05-29 21:57:37,071 - ERROR - Max retries reached for term 'tea'
2025-05-29 21:57:37,086 - ERROR - Attempt 1/3 failed for term 'vomiting': relation "mrconso" does not exist
LINE 3:                     FROM MRCONSO c
                                 ^

2025-05-29 21:57:37,087 - ERROR - Attempt 2/3 failed for term 'vomiting': current transaction is aborted, commands ignored until end of transaction block

2025-05-29 21:57:37,088 - ERROR - Attempt 3/3 failed for term 'vomiting': current transaction is aborted, commands ignored until end of transaction block

2025-05-29 21:57:37,088 - ERROR - Max retries reached for term 'vomiting'
2025-05-29 21:57:37,105 - ERROR - Attempt 1/3 failed for term 'nausea': relation "mrconso" does not exist
LINE 3:                     FROM MRCONSO c
                                 ^

2025-05-29 21:57:37,106 - ERROR - Attempt 2/3 failed for term 'nausea': current transaction is aborted, commands ignored until end of transaction block

2025-05-29 21:57:37,107 - ERROR - Attempt 3/3 failed for term 'nausea': current transaction is aborted, commands ignored until end of transaction block

2025-05-29 21:57:37,107 - ERROR - Max retries reached for term 'nausea'
2025-05-29 21:57:37,121 - ERROR - Attempt 1/3 failed for term 'jaundice': relation "mrconso" does not exist
LINE 3:                     FROM MRCONSO c
                                 ^

2025-05-29 21:57:37,122 - ERROR - Attempt 2/3 failed for term 'jaundice': current transaction is aborted, commands ignored until end of transaction block

2025-05-29 21:57:37,123 - ERROR - Attempt 3/3 failed for term 'jaundice': current transaction is aborted, commands ignored until end of transaction block

2025-05-29 21:57:37,123 - ERROR - Max retries reached for term 'jaundice'
2025-05-29 21:57:37,138 - ERROR - Attempt 1/3 failed for term 'loss of appetite': relation "mrconso" does not exist
LINE 3:                     FROM MRCONSO c
                                 ^

2025-05-29 21:57:37,139 - ERROR - Attempt 2/3 failed for term 'loss of appetite': current transaction is aborted, commands ignored until end of transaction block

2025-05-29 21:57:37,140 - ERROR - Attempt 3/3 failed for term 'loss of appetite': current transaction is aborted, commands ignored until end of transaction block

2025-05-29 21:57:37,140 - ERROR - Max retries reached for term 'loss of appetite'
2025-05-29 21:57:37,158 - WARNING - Failed to fetch semantic type for CUI NO_CUI_nausea and vomiting and loss of appetite the patient has jaundice in the eyes taking foods with fats makes the nausea worse taking strong tea and licking salt alleviates the nausea: relation "mrsty" does not exist
LINE 3:                             FROM MRSTY sty
                                         ^

2025-05-29 21:57:37,276 - ERROR - Attempt 1/3 failed for term 'facial pain': relation "mrconso" does not exist
LINE 3:                     FROM MRCONSO c
                                 ^

2025-05-29 21:57:37,276 - ERROR - Attempt 2/3 failed for term 'facial pain': current transaction is aborted, commands ignored until end of transaction block

2025-05-29 21:57:37,277 - ERROR - Attempt 3/3 failed for term 'facial pain': current transaction is aborted, commands ignored until end of transaction block

2025-05-29 21:57:37,277 - ERROR - Max retries reached for term 'facial pain'
2025-05-29 21:57:37,289 - ERROR - Attempt 1/3 failed for term 'patient': relation "mrconso" does not exist
LINE 3:                     FROM MRCONSO c
                                 ^

2025-05-29 21:57:37,290 - ERROR - Attempt 2/3 failed for term 'patient': current transaction is aborted, commands ignored until end of transaction block

2025-05-29 21:57:37,291 - ERROR - Attempt 3/3 failed for term 'patient': current transaction is aborted, commands ignored until end of transaction block

2025-05-29 21:57:37,291 - ERROR - Max retries reached for term 'patient'
2025-05-29 21:57:37,308 - WARNING - Failed to fetch semantic type for CUI NO_CUI_patient presents with facial pain: relation "mrsty" does not exist
LINE 3:                             FROM MRSTY sty
                                         ^

2025-05-29 21:57:37,407 - ERROR - Attempt 1/3 failed for term 'back pain': relation "mrconso" does not exist
LINE 3:                     FROM MRCONSO c
                                 ^

2025-05-29 21:57:37,407 - ERROR - Attempt 2/3 failed for term 'back pain': current transaction is aborted, commands ignored until end of transaction block

2025-05-29 21:57:37,408 - ERROR - Attempt 3/3 failed for term 'back pain': current transaction is aborted, commands ignored until end of transaction block

2025-05-29 21:57:37,408 - ERROR - Max retries reached for term 'back pain'
2025-05-29 21:57:37,422 - ERROR - Attempt 1/3 failed for term 'weeks': relation "mrconso" does not exist
LINE 3:                     FROM MRCONSO c
                                 ^

2025-05-29 21:57:37,422 - ERROR - Attempt 2/3 failed for term 'weeks': current transaction is aborted, commands ignored until end of transaction block

2025-05-29 21:57:37,423 - ERROR - Attempt 3/3 failed for term 'weeks': current transaction is aborted, commands ignored until end of transaction block

2025-05-29 21:57:37,423 - ERROR - Max retries reached for term 'weeks'
2025-05-29 21:57:37,441 - ERROR - Attempt 1/3 failed for term 'assessment': relation "mrconso" does not exist
LINE 3:                     FROM MRCONSO c
                                 ^

2025-05-29 21:57:37,442 - ERROR - Attempt 2/3 failed for term 'assessment': current transaction is aborted, commands ignored until end of transaction block

2025-05-29 21:57:37,442 - ERROR - Attempt 3/3 failed for term 'assessment': current transaction is aborted, commands ignored until end of transaction block

2025-05-29 21:57:37,443 - ERROR - Max retries reached for term 'assessment'
2025-05-29 21:57:37,457 - ERROR - Attempt 1/3 failed for term 'patient reports': relation "mrconso" does not exist
LINE 3:                     FROM MRCONSO c
                                 ^

2025-05-29 21:57:37,458 - ERROR - Attempt 2/3 failed for term 'patient reports': current transaction is aborted, commands ignored until end of transaction block

2025-05-29 21:57:37,459 - ERROR - Attempt 3/3 failed for term 'patient reports': current transaction is aborted, commands ignored until end of transaction block

2025-05-29 21:57:37,460 - ERROR - Max retries reached for term 'patient reports'
2025-05-29 21:57:37,479 - WARNING - Failed to fetch semantic type for CUI NO_CUI_back pain for two weeks the patient reports backpain for three weeks on assessment: relation "mrsty" does not exist
LINE 3:                             FROM MRSTY sty
                                         ^

2025-05-29 21:57:37,609 - ERROR - Attempt 1/3 failed for term 'standing': relation "mrconso" does not exist
LINE 3:                     FROM MRCONSO c
                                 ^

2025-05-29 21:57:37,610 - ERROR - Attempt 2/3 failed for term 'standing': current transaction is aborted, commands ignored until end of transaction block

2025-05-29 21:57:37,610 - ERROR - Attempt 3/3 failed for term 'standing': current transaction is aborted, commands ignored until end of transaction block

2025-05-29 21:57:37,611 - ERROR - Max retries reached for term 'standing'
2025-05-29 21:57:37,623 - ERROR - Attempt 1/3 failed for term 'stretching': relation "mrconso" does not exist
LINE 3:                     FROM MRCONSO c
                                 ^

2025-05-29 21:57:37,624 - ERROR - Attempt 2/3 failed for term 'stretching': current transaction is aborted, commands ignored until end of transaction block

2025-05-29 21:57:37,625 - ERROR - Attempt 3/3 failed for term 'stretching': current transaction is aborted, commands ignored until end of transaction block

2025-05-29 21:57:37,625 - ERROR - Max retries reached for term 'stretching'
2025-05-29 21:57:37,640 - ERROR - Attempt 1/3 failed for term 'patient': relation "mrconso" does not exist
LINE 3:                     FROM MRCONSO c
                                 ^

2025-05-29 21:57:37,641 - ERROR - Attempt 2/3 failed for term 'patient': current transaction is aborted, commands ignored until end of transaction block

2025-05-29 21:57:37,641 - ERROR - Attempt 3/3 failed for term 'patient': current transaction is aborted, commands ignored until end of transaction block

2025-05-29 21:57:37,641 - ERROR - Max retries reached for term 'patient'
2025-05-29 21:57:37,654 - ERROR - Attempt 1/3 failed for term 'pain': relation "mrconso" does not exist
LINE 3:                     FROM MRCONSO c
                                 ^

2025-05-29 21:57:37,654 - ERROR - Attempt 2/3 failed for term 'pain': current transaction is aborted, commands ignored until end of transaction block

2025-05-29 21:57:37,655 - ERROR - Attempt 3/3 failed for term 'pain': current transaction is aborted, commands ignored until end of transaction block

2025-05-29 21:57:37,655 - ERROR - Max retries reached for term 'pain'
2025-05-29 21:57:37,668 - ERROR - Attempt 1/3 failed for term 'obese': relation "mrconso" does not exist
LINE 3:                     FROM MRCONSO c
                                 ^

2025-05-29 21:57:37,669 - ERROR - Attempt 2/3 failed for term 'obese': current transaction is aborted, commands ignored until end of transaction block

2025-05-29 21:57:37,669 - ERROR - Attempt 3/3 failed for term 'obese': current transaction is aborted, commands ignored until end of transaction block

2025-05-29 21:57:37,670 - ERROR - Max retries reached for term 'obese'
2025-05-29 21:57:37,682 - ERROR - Attempt 1/3 failed for term 'sitting': relation "mrconso" does not exist
LINE 3:                     FROM MRCONSO c
                                 ^

2025-05-29 21:57:37,684 - ERROR - Attempt 2/3 failed for term 'sitting': current transaction is aborted, commands ignored until end of transaction block

2025-05-29 21:57:37,685 - ERROR - Attempt 3/3 failed for term 'sitting': current transaction is aborted, commands ignored until end of transaction block

2025-05-29 21:57:37,686 - ERROR - Max retries reached for term 'sitting'
2025-05-29 21:57:37,706 - ERROR - Attempt 1/3 failed for term 'backpain': relation "mrconso" does not exist
LINE 3:                     FROM MRCONSO c
                                 ^

2025-05-29 21:57:37,706 - ERROR - Attempt 2/3 failed for term 'backpain': current transaction is aborted, commands ignored until end of transaction block

2025-05-29 21:57:37,707 - ERROR - Attempt 3/3 failed for term 'backpain': current transaction is aborted, commands ignored until end of transaction block

2025-05-29 21:57:37,708 - ERROR - Max retries reached for term 'backpain'
2025-05-29 21:57:37,724 - WARNING - Failed to fetch semantic type for CUI NO_CUI_the patient is obese the backpain is made worse by sitting down for long the pain is alleviated by standing and stretching: relation "mrsty" does not exist
LINE 3:                             FROM MRSTY sty
                                         ^

2025-05-29 21:57:37,835 - WARNING - Skipping non-clinical or blocked term: 'days'
2025-05-29 21:57:37,846 - ERROR - Attempt 1/3 failed for term 'facial pain': relation "mrconso" does not exist
LINE 3:                     FROM MRCONSO c
                                 ^

2025-05-29 21:57:37,847 - ERROR - Attempt 2/3 failed for term 'facial pain': current transaction is aborted, commands ignored until end of transaction block

2025-05-29 21:57:37,848 - ERROR - Attempt 3/3 failed for term 'facial pain': current transaction is aborted, commands ignored until end of transaction block

2025-05-29 21:57:37,848 - ERROR - Max retries reached for term 'facial pain'
2025-05-29 21:57:37,866 - ERROR - Attempt 1/3 failed for term 'nasal discharge': relation "mrconso" does not exist
LINE 3:                     FROM MRCONSO c
                                 ^

2025-05-29 21:57:37,866 - ERROR - Attempt 2/3 failed for term 'nasal discharge': current transaction is aborted, commands ignored until end of transaction block

2025-05-29 21:57:37,867 - ERROR - Attempt 3/3 failed for term 'nasal discharge': current transaction is aborted, commands ignored until end of transaction block

2025-05-29 21:57:37,868 - ERROR - Max retries reached for term 'nasal discharge'
2025-05-29 21:57:37,883 - ERROR - Attempt 1/3 failed for term 'fever': relation "mrconso" does not exist
LINE 3:                     FROM MRCONSO c
                                 ^

2025-05-29 21:57:37,884 - ERROR - Attempt 2/3 failed for term 'fever': current transaction is aborted, commands ignored until end of transaction block

2025-05-29 21:57:37,885 - ERROR - Attempt 3/3 failed for term 'fever': current transaction is aborted, commands ignored until end of transaction block

2025-05-29 21:57:37,885 - ERROR - Max retries reached for term 'fever'
2025-05-29 21:57:37,898 - ERROR - Attempt 1/3 failed for term 'maxillary sinuses': relation "mrconso" does not exist
LINE 3:                     FROM MRCONSO c
                                 ^

2025-05-29 21:57:37,900 - ERROR - Attempt 2/3 failed for term 'maxillary sinuses': current transaction is aborted, commands ignored until end of transaction block

2025-05-29 21:57:37,901 - ERROR - Attempt 3/3 failed for term 'maxillary sinuses': current transaction is aborted, commands ignored until end of transaction block

2025-05-29 21:57:37,902 - ERROR - Max retries reached for term 'maxillary sinuses'
2025-05-29 21:57:37,920 - ERROR - Attempt 1/3 failed for term 'purulent': relation "mrconso" does not exist
LINE 3:                     FROM MRCONSO c
                                 ^

2025-05-29 21:57:37,922 - ERROR - Attempt 2/3 failed for term 'purulent': current transaction is aborted, commands ignored until end of transaction block

2025-05-29 21:57:37,922 - ERROR - Attempt 3/3 failed for term 'purulent': current transaction is aborted, commands ignored until end of transaction block

2025-05-29 21:57:37,923 - ERROR - Max retries reached for term 'purulent'
2025-05-29 21:57:37,940 - ERROR - Attempt 1/3 failed for term 'reports': relation "mrconso" does not exist
LINE 3:                     FROM MRCONSO c
                                 ^

2025-05-29 21:57:37,941 - ERROR - Attempt 2/3 failed for term 'reports': current transaction is aborted, commands ignored until end of transaction block

2025-05-29 21:57:37,941 - ERROR - Attempt 3/3 failed for term 'reports': current transaction is aborted, commands ignored until end of transaction block

2025-05-29 21:57:37,942 - ERROR - Max retries reached for term 'reports'
2025-05-29 21:57:37,958 - WARNING - Failed to fetch semantic type for CUI NO_CUI_and fever for 10 days. reports purulent nasal discharge. facial pain over maxillary sinuses: relation "mrsty" does not exist
LINE 3:                             FROM MRSTY sty
                                         ^

2025-05-29 21:57:38,145 - ERROR - Attempt 1/3 failed for term 'sinusitis': relation "mrconso" does not exist
LINE 3:                     FROM MRCONSO c
                                 ^

2025-05-29 21:57:38,146 - ERROR - Attempt 2/3 failed for term 'sinusitis': current transaction is aborted, commands ignored until end of transaction block

2025-05-29 21:57:38,146 - ERROR - Attempt 3/3 failed for term 'sinusitis': current transaction is aborted, commands ignored until end of transaction block

2025-05-29 21:57:38,146 - ERROR - Max retries reached for term 'sinusitis'
2025-05-29 21:57:38,160 - ERROR - Attempt 1/3 failed for term 'pulmonary': relation "mrconso" does not exist
LINE 3:                     FROM MRCONSO c
                                 ^

2025-05-29 21:57:38,162 - ERROR - Attempt 2/3 failed for term 'pulmonary': current transaction is aborted, commands ignored until end of transaction block

2025-05-29 21:57:38,162 - ERROR - Attempt 3/3 failed for term 'pulmonary': current transaction is aborted, commands ignored until end of transaction block

2025-05-29 21:57:38,163 - ERROR - Max retries reached for term 'pulmonary'
2025-05-29 21:57:38,179 - ERROR - Attempt 1/3 failed for term 'stable': relation "mrconso" does not exist
LINE 3:                     FROM MRCONSO c
                                 ^

2025-05-29 21:57:38,181 - ERROR - Attempt 2/3 failed for term 'stable': current transaction is aborted, commands ignored until end of transaction block

2025-05-29 21:57:38,182 - ERROR - Attempt 3/3 failed for term 'stable': current transaction is aborted, commands ignored until end of transaction block

2025-05-29 21:57:38,182 - ERROR - Max retries reached for term 'stable'
2025-05-29 21:57:38,199 - ERROR - Attempt 1/3 failed for term 'diabetes': relation "mrconso" does not exist
LINE 3:                     FROM MRCONSO c
                                 ^

2025-05-29 21:57:38,200 - ERROR - Attempt 2/3 failed for term 'diabetes': current transaction is aborted, commands ignored until end of transaction block

2025-05-29 21:57:38,202 - ERROR - Attempt 3/3 failed for term 'diabetes': current transaction is aborted, commands ignored until end of transaction block

2025-05-29 21:57:38,202 - ERROR - Max retries reached for term 'diabetes'
2025-05-29 21:57:38,218 - ERROR - Attempt 1/3 failed for term 'hypertension': relation "mrconso" does not exist
LINE 3:                     FROM MRCONSO c
                                 ^

2025-05-29 21:57:38,219 - ERROR - Attempt 2/3 failed for term 'hypertension': current transaction is aborted, commands ignored until end of transaction block

2025-05-29 21:57:38,220 - ERROR - Attempt 3/3 failed for term 'hypertension': current transaction is aborted, commands ignored until end of transaction block

2025-05-29 21:57:38,220 - ERROR - Max retries reached for term 'hypertension'
2025-05-29 21:57:38,235 - ERROR - Attempt 1/3 failed for term 'viral sinusitis': relation "mrconso" does not exist
LINE 3:                     FROM MRCONSO c
                                 ^

2025-05-29 21:57:38,237 - ERROR - Attempt 2/3 failed for term 'viral sinusitis': current transaction is aborted, commands ignored until end of transaction block

2025-05-29 21:57:38,238 - ERROR - Attempt 3/3 failed for term 'viral sinusitis': current transaction is aborted, commands ignored until end of transaction block

2025-05-29 21:57:38,238 - ERROR - Max retries reached for term 'viral sinusitis'
2025-05-29 21:57:38,255 - ERROR - Attempt 1/3 failed for term 'acute abnormalities': relation "mrconso" does not exist
LINE 3:                     FROM MRCONSO c
                                 ^

2025-05-29 21:57:38,256 - ERROR - Attempt 2/3 failed for term 'acute abnormalities': current transaction is aborted, commands ignored until end of transaction block

2025-05-29 21:57:38,256 - ERROR - Attempt 3/3 failed for term 'acute abnormalities': current transaction is aborted, commands ignored until end of transaction block

2025-05-29 21:57:38,257 - ERROR - Max retries reached for term 'acute abnormalities'
2025-05-29 21:57:38,271 - ERROR - Attempt 1/3 failed for term 'cardiovascular': relation "mrconso" does not exist
LINE 3:                     FROM MRCONSO c
                                 ^

2025-05-29 21:57:38,272 - ERROR - Attempt 2/3 failed for term 'cardiovascular': current transaction is aborted, commands ignored until end of transaction block

2025-05-29 21:57:38,272 - ERROR - Attempt 3/3 failed for term 'cardiovascular': current transaction is aborted, commands ignored until end of transaction block

2025-05-29 21:57:38,273 - ERROR - Max retries reached for term 'cardiovascular'
2025-05-29 21:57:38,290 - ERROR - Attempt 1/3 failed for term 'headache': relation "mrconso" does not exist
LINE 3:                     FROM MRCONSO c
                                 ^

2025-05-29 21:57:38,291 - ERROR - Attempt 2/3 failed for term 'headache': current transaction is aborted, commands ignored until end of transaction block

2025-05-29 21:57:38,291 - ERROR - Attempt 3/3 failed for term 'headache': current transaction is aborted, commands ignored until end of transaction block

2025-05-29 21:57:38,292 - ERROR - Max retries reached for term 'headache'
2025-05-29 21:57:38,312 - ERROR - Attempt 1/3 failed for term 'endocrine': relation "mrconso" does not exist
LINE 3:                     FROM MRCONSO c
                                 ^

2025-05-29 21:57:38,313 - ERROR - Attempt 2/3 failed for term 'endocrine': current transaction is aborted, commands ignored until end of transaction block

2025-05-29 21:57:38,313 - ERROR - Attempt 3/3 failed for term 'endocrine': current transaction is aborted, commands ignored until end of transaction block

2025-05-29 21:57:38,314 - ERROR - Max retries reached for term 'endocrine'
2025-05-29 21:57:38,331 - ERROR - Attempt 1/3 failed for term 'secondary to': relation "mrconso" does not exist
LINE 3:                     FROM MRCONSO c
                                 ^

2025-05-29 21:57:38,332 - ERROR - Attempt 2/3 failed for term 'secondary to': current transaction is aborted, commands ignored until end of transaction block

2025-05-29 21:57:38,332 - ERROR - Attempt 3/3 failed for term 'secondary to': current transaction is aborted, commands ignored until end of transaction block

2025-05-29 21:57:38,332 - ERROR - Max retries reached for term 'secondary to'
2025-05-29 21:57:38,348 - ERROR - Attempt 1/3 failed for term 'neurological': relation "mrconso" does not exist
LINE 3:                     FROM MRCONSO c
                                 ^

2025-05-29 21:57:38,350 - ERROR - Attempt 2/3 failed for term 'neurological': current transaction is aborted, commands ignored until end of transaction block

2025-05-29 21:57:38,351 - ERROR - Attempt 3/3 failed for term 'neurological': current transaction is aborted, commands ignored until end of transaction block

2025-05-29 21:57:38,352 - ERROR - Max retries reached for term 'neurological'
2025-05-29 21:57:38,373 - ERROR - Attempt 1/3 failed for term 'viral upper': relation "mrconso" does not exist
LINE 3:                     FROM MRCONSO c
                                 ^

2025-05-29 21:57:38,374 - ERROR - Attempt 2/3 failed for term 'viral upper': current transaction is aborted, commands ignored until end of transaction block

2025-05-29 21:57:38,375 - ERROR - Attempt 3/3 failed for term 'viral upper': current transaction is aborted, commands ignored until end of transaction block

2025-05-29 21:57:38,375 - ERROR - Max retries reached for term 'viral upper'
2025-05-29 21:57:38,398 - ERROR - Attempt 1/3 failed for term 'allergic rhinitis': relation "mrconso" does not exist
LINE 3:                     FROM MRCONSO c
                                 ^

2025-05-29 21:57:38,400 - ERROR - Attempt 2/3 failed for term 'allergic rhinitis': current transaction is aborted, commands ignored until end of transaction block

2025-05-29 21:57:38,402 - ERROR - Attempt 3/3 failed for term 'allergic rhinitis': current transaction is aborted, commands ignored until end of transaction block

2025-05-29 21:57:38,405 - ERROR - Max retries reached for term 'allergic rhinitis'
2025-05-29 21:57:38,430 - ERROR - Attempt 1/3 failed for term 'differential': relation "mrconso" does not exist
LINE 3:                     FROM MRCONSO c
                                 ^

2025-05-29 21:57:38,431 - ERROR - Attempt 2/3 failed for term 'differential': current transaction is aborted, commands ignored until end of transaction block

2025-05-29 21:57:38,434 - ERROR - Attempt 3/3 failed for term 'differential': current transaction is aborted, commands ignored until end of transaction block

2025-05-29 21:57:38,434 - ERROR - Max retries reached for term 'differential'
2025-05-29 21:57:38,451 - ERROR - Attempt 1/3 failed for term 'respiratory infection': relation "mrconso" does not exist
LINE 3:                     FROM MRCONSO c
                                 ^

2025-05-29 21:57:38,452 - ERROR - Attempt 2/3 failed for term 'respiratory infection': current transaction is aborted, commands ignored until end of transaction block

2025-05-29 21:57:38,452 - ERROR - Attempt 3/3 failed for term 'respiratory infection': current transaction is aborted, commands ignored until end of transaction block

2025-05-29 21:57:38,453 - ERROR - Max retries reached for term 'respiratory infection'
2025-05-29 21:57:38,468 - WARNING - Failed to fetch semantic type for CUI NO_CUI_likely secondary to recent viral upper respiratory infection. differential includes viral sinusitis or allergic rhinitis. other systems: neurological: headache likely related to sinusitis. endocrine: stable diabetes. cardiovascular: stable hypertension. no acute abnormalities in pulmonary: relation "mrsty" does not exist
LINE 3:                             FROM MRSTY sty
                                         ^

2025-05-29 21:57:38,586 - ERROR - Attempt 1/3 failed for term 'radiating': relation "mrconso" does not exist
LINE 3:                     FROM MRCONSO c
                                 ^

2025-05-29 21:57:38,587 - ERROR - Attempt 2/3 failed for term 'radiating': current transaction is aborted, commands ignored until end of transaction block

2025-05-29 21:57:38,588 - ERROR - Attempt 3/3 failed for term 'radiating': current transaction is aborted, commands ignored until end of transaction block

2025-05-29 21:57:38,588 - ERROR - Max retries reached for term 'radiating'
2025-05-29 21:57:38,603 - ERROR - Attempt 1/3 failed for term 'pain': relation "mrconso" does not exist
LINE 3:                     FROM MRCONSO c
                                 ^

2025-05-29 21:57:38,604 - ERROR - Attempt 2/3 failed for term 'pain': current transaction is aborted, commands ignored until end of transaction block

2025-05-29 21:57:38,604 - ERROR - Attempt 3/3 failed for term 'pain': current transaction is aborted, commands ignored until end of transaction block

2025-05-29 21:57:38,605 - ERROR - Max retries reached for term 'pain'
2025-05-29 21:57:38,620 - WARNING - Failed to fetch semantic type for CUI NO_CUI_radiating pain: relation "mrsty" does not exist
LINE 3:                             FROM MRSTY sty
                                         ^

2025-05-29 21:57:38,700 - ERROR - Attempt 1/3 failed for term 'bilateral': relation "mrconso" does not exist
LINE 3:                     FROM MRCONSO c
                                 ^

2025-05-29 21:57:38,701 - ERROR - Attempt 2/3 failed for term 'bilateral': current transaction is aborted, commands ignored until end of transaction block

2025-05-29 21:57:38,702 - ERROR - Attempt 3/3 failed for term 'bilateral': current transaction is aborted, commands ignored until end of transaction block

2025-05-29 21:57:38,702 - ERROR - Max retries reached for term 'bilateral'
2025-05-29 21:57:38,714 - ERROR - Attempt 1/3 failed for term 'nasal congestion': relation "mrconso" does not exist
LINE 3:                     FROM MRCONSO c
                                 ^

2025-05-29 21:57:38,715 - ERROR - Attempt 2/3 failed for term 'nasal congestion': current transaction is aborted, commands ignored until end of transaction block

2025-05-29 21:57:38,715 - ERROR - Attempt 3/3 failed for term 'nasal congestion': current transaction is aborted, commands ignored until end of transaction block

2025-05-29 21:57:38,716 - ERROR - Max retries reached for term 'nasal congestion'
2025-05-29 21:57:38,726 - WARNING - Failed to fetch semantic type for CUI NO_CUI_bilateral nasal congestion: relation "mrsty" does not exist
LINE 3:                             FROM MRSTY sty
                                         ^

2025-05-29 21:57:38,938 - WARNING - Skipping non-clinical or blocked term: 'days'
2025-05-29 21:57:38,949 - ERROR - Attempt 1/3 failed for term 'shortness of breath': relation "mrconso" does not exist
LINE 3:                     FROM MRCONSO c
                                 ^

2025-05-29 21:57:38,950 - ERROR - Attempt 2/3 failed for term 'shortness of breath': current transaction is aborted, commands ignored until end of transaction block

2025-05-29 21:57:38,952 - ERROR - Attempt 3/3 failed for term 'shortness of breath': current transaction is aborted, commands ignored until end of transaction block

2025-05-29 21:57:38,952 - ERROR - Max retries reached for term 'shortness of breath'
2025-05-29 21:57:38,966 - ERROR - Attempt 1/3 failed for term 'no cough': relation "mrconso" does not exist
LINE 3:                     FROM MRCONSO c
                                 ^

2025-05-29 21:57:38,968 - ERROR - Attempt 2/3 failed for term 'no cough': current transaction is aborted, commands ignored until end of transaction block

2025-05-29 21:57:38,969 - ERROR - Attempt 3/3 failed for term 'no cough': current transaction is aborted, commands ignored until end of transaction block

2025-05-29 21:57:38,970 - ERROR - Max retries reached for term 'no cough'
2025-05-29 21:57:38,988 - ERROR - Attempt 1/3 failed for term 'pulmonary': relation "mrconso" does not exist
LINE 3:                     FROM MRCONSO c
                                 ^

2025-05-29 21:57:38,989 - ERROR - Attempt 2/3 failed for term 'pulmonary': current transaction is aborted, commands ignored until end of transaction block

2025-05-29 21:57:38,990 - ERROR - Attempt 3/3 failed for term 'pulmonary': current transaction is aborted, commands ignored until end of transaction block

2025-05-29 21:57:38,991 - ERROR - Max retries reached for term 'pulmonary'
2025-05-29 21:57:39,008 - ERROR - Attempt 1/3 failed for term 'mild headache': relation "mrconso" does not exist
LINE 3:                     FROM MRCONSO c
                                 ^

2025-05-29 21:57:39,010 - ERROR - Attempt 2/3 failed for term 'mild headache': current transaction is aborted, commands ignored until end of transaction block

2025-05-29 21:57:39,011 - ERROR - Attempt 3/3 failed for term 'mild headache': current transaction is aborted, commands ignored until end of transaction block

2025-05-29 21:57:39,011 - ERROR - Max retries reached for term 'mild headache'
2025-05-29 21:57:39,026 - ERROR - Attempt 1/3 failed for term 'nasal discharge': relation "mrconso" does not exist
LINE 3:                     FROM MRCONSO c
                                 ^

2025-05-29 21:57:39,027 - ERROR - Attempt 2/3 failed for term 'nasal discharge': current transaction is aborted, commands ignored until end of transaction block

2025-05-29 21:57:39,028 - ERROR - Attempt 3/3 failed for term 'nasal discharge': current transaction is aborted, commands ignored until end of transaction block

2025-05-29 21:57:39,028 - ERROR - Max retries reached for term 'nasal discharge'
2025-05-29 21:57:39,044 - ERROR - Attempt 1/3 failed for term 'sinus pain': relation "mrconso" does not exist
LINE 3:                     FROM MRCONSO c
                                 ^

2025-05-29 21:57:39,045 - ERROR - Attempt 2/3 failed for term 'sinus pain': current transaction is aborted, commands ignored until end of transaction block

2025-05-29 21:57:39,047 - ERROR - Attempt 3/3 failed for term 'sinus pain': current transaction is aborted, commands ignored until end of transaction block

2025-05-29 21:57:39,047 - ERROR - Max retries reached for term 'sinus pain'
2025-05-29 21:57:39,067 - ERROR - Attempt 1/3 failed for term 'cardiovascular': relation "mrconso" does not exist
LINE 3:                     FROM MRCONSO c
                                 ^

2025-05-29 21:57:39,068 - ERROR - Attempt 2/3 failed for term 'cardiovascular': current transaction is aborted, commands ignored until end of transaction block

2025-05-29 21:57:39,070 - ERROR - Attempt 3/3 failed for term 'cardiovascular': current transaction is aborted, commands ignored until end of transaction block

2025-05-29 21:57:39,070 - ERROR - Max retries reached for term 'cardiovascular'
2025-05-29 21:57:39,091 - ERROR - Attempt 1/3 failed for term 'palpitations': relation "mrconso" does not exist
LINE 3:                     FROM MRCONSO c
                                 ^

2025-05-29 21:57:39,092 - ERROR - Attempt 2/3 failed for term 'palpitations': current transaction is aborted, commands ignored until end of transaction block

2025-05-29 21:57:39,092 - ERROR - Attempt 3/3 failed for term 'palpitations': current transaction is aborted, commands ignored until end of transaction block

2025-05-29 21:57:39,093 - ERROR - Max retries reached for term 'palpitations'
2025-05-29 21:57:39,117 - ERROR - Attempt 1/3 failed for term 'hearing loss': relation "mrconso" does not exist
LINE 3:                     FROM MRCONSO c
                                 ^

2025-05-29 21:57:39,118 - ERROR - Attempt 2/3 failed for term 'hearing loss': current transaction is aborted, commands ignored until end of transaction block

2025-05-29 21:57:39,119 - ERROR - Attempt 3/3 failed for term 'hearing loss': current transaction is aborted, commands ignored until end of transaction block

2025-05-29 21:57:39,120 - ERROR - Max retries reached for term 'hearing loss'
2025-05-29 21:57:39,142 - ERROR - Attempt 1/3 failed for term 'low-grade': relation "mrconso" does not exist
LINE 3:                     FROM MRCONSO c
                                 ^

2025-05-29 21:57:39,144 - ERROR - Attempt 2/3 failed for term 'low-grade': current transaction is aborted, commands ignored until end of transaction block

2025-05-29 21:57:39,145 - ERROR - Attempt 3/3 failed for term 'low-grade': current transaction is aborted, commands ignored until end of transaction block

2025-05-29 21:57:39,145 - ERROR - Max retries reached for term 'low-grade'
2025-05-29 21:57:39,171 - ERROR - Attempt 1/3 failed for term 'chest pain': relation "mrconso" does not exist
LINE 3:                     FROM MRCONSO c
                                 ^

2025-05-29 21:57:39,172 - ERROR - Attempt 2/3 failed for term 'chest pain': current transaction is aborted, commands ignored until end of transaction block

2025-05-29 21:57:39,172 - ERROR - Attempt 3/3 failed for term 'chest pain': current transaction is aborted, commands ignored until end of transaction block

2025-05-29 21:57:39,173 - ERROR - Max retries reached for term 'chest pain'
2025-05-29 21:57:39,193 - ERROR - Attempt 1/3 failed for term 'purulent': relation "mrconso" does not exist
LINE 3:                     FROM MRCONSO c
                                 ^

2025-05-29 21:57:39,194 - ERROR - Attempt 2/3 failed for term 'purulent': current transaction is aborted, commands ignored until end of transaction block

2025-05-29 21:57:39,195 - ERROR - Attempt 3/3 failed for term 'purulent': current transaction is aborted, commands ignored until end of transaction block

2025-05-29 21:57:39,195 - ERROR - Max retries reached for term 'purulent'
2025-05-29 21:57:39,213 - ERROR - Attempt 1/3 failed for term 'neurological': relation "mrconso" does not exist
LINE 3:                     FROM MRCONSO c
                                 ^

2025-05-29 21:57:39,214 - ERROR - Attempt 2/3 failed for term 'neurological': current transaction is aborted, commands ignored until end of transaction block

2025-05-29 21:57:39,215 - ERROR - Attempt 3/3 failed for term 'neurological': current transaction is aborted, commands ignored until end of transaction block

2025-05-29 21:57:39,216 - ERROR - Max retries reached for term 'neurological'
2025-05-29 21:57:39,231 - ERROR - Attempt 1/3 failed for term 'associated with': relation "mrconso" does not exist
LINE 3:                     FROM MRCONSO c
                                 ^

2025-05-29 21:57:39,232 - ERROR - Attempt 2/3 failed for term 'associated with': current transaction is aborted, commands ignored until end of transaction block

2025-05-29 21:57:39,233 - ERROR - Attempt 3/3 failed for term 'associated with': current transaction is aborted, commands ignored until end of transaction block

2025-05-29 21:57:39,233 - ERROR - Max retries reached for term 'associated with'
2025-05-29 21:57:39,247 - WARNING - Failed to fetch semantic type for CUI NO_CUI_and purulent nasal discharge for 10 days. low-grade fever (up to 100.5°f). no sore throat or hearing loss. pulmonary: no cough or shortness of breath. cardiovascular: no chest pain or palpitations. neurological: mild headache associated with sinus pain: relation "mrsty" does not exist
LINE 3:                             FROM MRSTY sty
                                         ^

2025-05-29 21:57:39,500 - ERROR - Attempt 1/3 failed for term 'acute': relation "mrconso" does not exist
LINE 3:                     FROM MRCONSO c
                                 ^

2025-05-29 21:57:39,501 - ERROR - Attempt 2/3 failed for term 'acute': current transaction is aborted, commands ignored until end of transaction block

2025-05-29 21:57:39,501 - ERROR - Attempt 3/3 failed for term 'acute': current transaction is aborted, commands ignored until end of transaction block

2025-05-29 21:57:39,502 - ERROR - Max retries reached for term 'acute'
2025-05-29 21:57:39,515 - ERROR - Attempt 1/3 failed for term 'bacterial sinusitis': relation "mrconso" does not exist
LINE 3:                     FROM MRCONSO c
                                 ^

2025-05-29 21:57:39,516 - ERROR - Attempt 2/3 failed for term 'bacterial sinusitis': current transaction is aborted, commands ignored until end of transaction block

2025-05-29 21:57:39,516 - ERROR - Attempt 3/3 failed for term 'bacterial sinusitis': current transaction is aborted, commands ignored until end of transaction block

2025-05-29 21:57:39,517 - ERROR - Max retries reached for term 'bacterial sinusitis'
2025-05-29 21:57:39,530 - ERROR - Attempt 1/3 failed for term 'no joint pain': relation "mrconso" does not exist
LINE 3:                     FROM MRCONSO c
                                 ^

2025-05-29 21:57:39,531 - ERROR - Attempt 2/3 failed for term 'no joint pain': current transaction is aborted, commands ignored until end of transaction block

2025-05-29 21:57:39,533 - ERROR - Attempt 3/3 failed for term 'no joint pain': current transaction is aborted, commands ignored until end of transaction block

2025-05-29 21:57:39,534 - ERROR - Max retries reached for term 'no joint pain'
2025-05-29 21:57:39,553 - ERROR - Attempt 1/3 failed for term 'no dizziness': relation "mrconso" does not exist
LINE 3:                     FROM MRCONSO c
                                 ^

2025-05-29 21:57:39,554 - ERROR - Attempt 2/3 failed for term 'no dizziness': current transaction is aborted, commands ignored until end of transaction block

2025-05-29 21:57:39,555 - ERROR - Attempt 3/3 failed for term 'no dizziness': current transaction is aborted, commands ignored until end of transaction block

2025-05-29 21:57:39,555 - ERROR - Max retries reached for term 'no dizziness'
2025-05-29 21:57:39,574 - ERROR - Attempt 1/3 failed for term 'weight changes': relation "mrconso" does not exist
LINE 3:                     FROM MRCONSO c
                                 ^

2025-05-29 21:57:39,575 - ERROR - Attempt 2/3 failed for term 'weight changes': current transaction is aborted, commands ignored until end of transaction block

2025-05-29 21:57:39,577 - ERROR - Attempt 3/3 failed for term 'weight changes': current transaction is aborted, commands ignored until end of transaction block

2025-05-29 21:57:39,577 - ERROR - Max retries reached for term 'weight changes'
2025-05-29 21:57:39,594 - ERROR - Attempt 1/3 failed for term 'bruising': relation "mrconso" does not exist
LINE 3:                     FROM MRCONSO c
                                 ^

2025-05-29 21:57:39,595 - ERROR - Attempt 2/3 failed for term 'bruising': current transaction is aborted, commands ignored until end of transaction block

2025-05-29 21:57:39,595 - ERROR - Attempt 3/3 failed for term 'bruising': current transaction is aborted, commands ignored until end of transaction block

2025-05-29 21:57:39,596 - ERROR - Max retries reached for term 'bruising'
2025-05-29 21:57:39,611 - ERROR - Attempt 1/3 failed for term 'ophthalmologic': relation "mrconso" does not exist
LINE 3:                     FROM MRCONSO c
                                 ^

2025-05-29 21:57:39,612 - ERROR - Attempt 2/3 failed for term 'ophthalmologic': current transaction is aborted, commands ignored until end of transaction block

2025-05-29 21:57:39,613 - ERROR - Attempt 3/3 failed for term 'ophthalmologic': current transaction is aborted, commands ignored until end of transaction block

2025-05-29 21:57:39,613 - ERROR - Max retries reached for term 'ophthalmologic'
2025-05-29 21:57:39,630 - ERROR - Attempt 1/3 failed for term 'dermatologic': relation "mrconso" does not exist
LINE 3:                     FROM MRCONSO c
                                 ^

2025-05-29 21:57:39,631 - ERROR - Attempt 2/3 failed for term 'dermatologic': current transaction is aborted, commands ignored until end of transaction block

2025-05-29 21:57:39,632 - ERROR - Attempt 3/3 failed for term 'dermatologic': current transaction is aborted, commands ignored until end of transaction block

2025-05-29 21:57:39,633 - ERROR - Max retries reached for term 'dermatologic'
2025-05-29 21:57:39,647 - ERROR - Attempt 1/3 failed for term 'no rashes': relation "mrconso" does not exist
LINE 3:                     FROM MRCONSO c
                                 ^

2025-05-29 21:57:39,647 - ERROR - Attempt 2/3 failed for term 'no rashes': current transaction is aborted, commands ignored until end of transaction block

2025-05-29 21:57:39,648 - ERROR - Attempt 3/3 failed for term 'no rashes': current transaction is aborted, commands ignored until end of transaction block

2025-05-29 21:57:39,648 - ERROR - Max retries reached for term 'no rashes'
2025-05-29 21:57:39,666 - ERROR - Attempt 1/3 failed for term 'endocrine': relation "mrconso" does not exist
LINE 3:                     FROM MRCONSO c
                                 ^

2025-05-29 21:57:39,668 - ERROR - Attempt 2/3 failed for term 'endocrine': current transaction is aborted, commands ignored until end of transaction block

2025-05-29 21:57:39,668 - ERROR - Attempt 3/3 failed for term 'endocrine': current transaction is aborted, commands ignored until end of transaction block

2025-05-29 21:57:39,669 - ERROR - Max retries reached for term 'endocrine'
2025-05-29 21:57:39,670 - WARNING - Skipping non-clinical or blocked term: 'psychiatric'
2025-05-29 21:57:39,692 - ERROR - Attempt 1/3 failed for term 'nausea': relation "mrconso" does not exist
LINE 3:                     FROM MRCONSO c
                                 ^

2025-05-29 21:57:39,693 - ERROR - Attempt 2/3 failed for term 'nausea': current transaction is aborted, commands ignored until end of transaction block

2025-05-29 21:57:39,694 - ERROR - Attempt 3/3 failed for term 'nausea': current transaction is aborted, commands ignored until end of transaction block

2025-05-29 21:57:39,694 - ERROR - Max retries reached for term 'nausea'
2025-05-29 21:57:39,695 - WARNING - Skipping non-clinical or blocked term: 'symptoms'
2025-05-29 21:57:39,695 - WARNING - Skipping non-clinical or blocked term: 'hematologic'
2025-05-29 21:57:39,711 - ERROR - Attempt 1/3 failed for term 'bleeding': relation "mrconso" does not exist
LINE 3:                     FROM MRCONSO c
                                 ^

2025-05-29 21:57:39,712 - ERROR - Attempt 2/3 failed for term 'bleeding': current transaction is aborted, commands ignored until end of transaction block

2025-05-29 21:57:39,713 - ERROR - Attempt 3/3 failed for term 'bleeding': current transaction is aborted, commands ignored until end of transaction block

2025-05-29 21:57:39,713 - ERROR - Max retries reached for term 'bleeding'
2025-05-29 21:57:39,728 - ERROR - Attempt 1/3 failed for term 'primary assessment': relation "mrconso" does not exist
LINE 3:                     FROM MRCONSO c
                                 ^

2025-05-29 21:57:39,729 - ERROR - Attempt 2/3 failed for term 'primary assessment': current transaction is aborted, commands ignored until end of transaction block

2025-05-29 21:57:39,730 - ERROR - Attempt 3/3 failed for term 'primary assessment': current transaction is aborted, commands ignored until end of transaction block

2025-05-29 21:57:39,730 - ERROR - Max retries reached for term 'primary assessment'
2025-05-29 21:57:39,731 - WARNING - Skipping non-clinical or blocked term: 'vision'
2025-05-29 21:57:39,748 - ERROR - Attempt 1/3 failed for term 'consistent with': relation "mrconso" does not exist
LINE 3:                     FROM MRCONSO c
                                 ^

2025-05-29 21:57:39,749 - ERROR - Attempt 2/3 failed for term 'consistent with': current transaction is aborted, commands ignored until end of transaction block

2025-05-29 21:57:39,750 - ERROR - Attempt 3/3 failed for term 'consistent with': current transaction is aborted, commands ignored until end of transaction block

2025-05-29 21:57:39,751 - ERROR - Max retries reached for term 'consistent with'
2025-05-29 21:57:39,773 - ERROR - Attempt 1/3 failed for term 'genitourinary': relation "mrconso" does not exist
LINE 3:                     FROM MRCONSO c
                                 ^

2025-05-29 21:57:39,774 - ERROR - Attempt 2/3 failed for term 'genitourinary': current transaction is aborted, commands ignored until end of transaction block

2025-05-29 21:57:39,776 - ERROR - Attempt 3/3 failed for term 'genitourinary': current transaction is aborted, commands ignored until end of transaction block

2025-05-29 21:57:39,777 - ERROR - Max retries reached for term 'genitourinary'
2025-05-29 21:57:39,779 - WARNING - Skipping non-clinical or blocked term: 'gastrointestinal'
2025-05-29 21:57:39,800 - ERROR - Attempt 1/3 failed for term 'diarrhea': relation "mrconso" does not exist
LINE 3:                     FROM MRCONSO c
                                 ^

2025-05-29 21:57:39,801 - ERROR - Attempt 2/3 failed for term 'diarrhea': current transaction is aborted, commands ignored until end of transaction block

2025-05-29 21:57:39,803 - ERROR - Attempt 3/3 failed for term 'diarrhea': current transaction is aborted, commands ignored until end of transaction block

2025-05-29 21:57:39,803 - ERROR - Max retries reached for term 'diarrhea'
2025-05-29 21:57:39,821 - ERROR - Attempt 1/3 failed for term 'mood changes': relation "mrconso" does not exist
LINE 3:                     FROM MRCONSO c
                                 ^

2025-05-29 21:57:39,822 - ERROR - Attempt 2/3 failed for term 'mood changes': current transaction is aborted, commands ignored until end of transaction block

2025-05-29 21:57:39,822 - ERROR - Attempt 3/3 failed for term 'mood changes': current transaction is aborted, commands ignored until end of transaction block

2025-05-29 21:57:39,823 - ERROR - Max retries reached for term 'mood changes'
2025-05-29 21:57:39,837 - ERROR - Attempt 1/3 failed for term 'lesions': relation "mrconso" does not exist
LINE 3:                     FROM MRCONSO c
                                 ^

2025-05-29 21:57:39,838 - ERROR - Attempt 2/3 failed for term 'lesions': current transaction is aborted, commands ignored until end of transaction block

2025-05-29 21:57:39,839 - ERROR - Attempt 3/3 failed for term 'lesions': current transaction is aborted, commands ignored until end of transaction block

2025-05-29 21:57:39,840 - ERROR - Max retries reached for term 'lesions'
2025-05-29 21:57:39,856 - ERROR - Attempt 1/3 failed for term 'stiffness': relation "mrconso" does not exist
LINE 3:                     FROM MRCONSO c
                                 ^

2025-05-29 21:57:39,857 - ERROR - Attempt 2/3 failed for term 'stiffness': current transaction is aborted, commands ignored until end of transaction block

2025-05-29 21:57:39,857 - ERROR - Attempt 3/3 failed for term 'stiffness': current transaction is aborted, commands ignored until end of transaction block

2025-05-29 21:57:39,858 - ERROR - Max retries reached for term 'stiffness'
2025-05-29 21:57:39,879 - ERROR - Attempt 1/3 failed for term 'urinary changes': relation "mrconso" does not exist
LINE 3:                     FROM MRCONSO c
                                 ^

2025-05-29 21:57:39,880 - ERROR - Attempt 2/3 failed for term 'urinary changes': current transaction is aborted, commands ignored until end of transaction block

2025-05-29 21:57:39,882 - ERROR - Attempt 3/3 failed for term 'urinary changes': current transaction is aborted, commands ignored until end of transaction block

2025-05-29 21:57:39,882 - ERROR - Max retries reached for term 'urinary changes'
2025-05-29 21:57:39,901 - WARNING - Failed to fetch semantic type for CUI NO_CUI_no dizziness. musculoskeletal: no joint pain or stiffness. gastrointestinal: no nausea or diarrhea. genitourinary: no urinary changes. endocrine: no weight changes or thirst. hematologic: no easy bruising or bleeding. dermatologic: no rashes or lesions. psychiatric: no mood changes. ophthalmologic: no vision changes. primary assessment: symptoms consistent with acute bacterial sinusitis: relation "mrsty" does not exist
LINE 3:                             FROM MRSTY sty
                                         ^

2025-05-29 21:59:27,652 - ERROR - Failed to initialize NLP pipeline: [E893] Could not find function 'replace_tokenizer' in function registry 'callbacks'. If you're using a custom function, make sure the code is available. If the function is provided by a third-party package, e.g. spacy-transformers, make sure the package is installed in your environment.

Available names: spacy.copy_from_base_model.v1, spacy.models_and_pipes_with_nvtx_range.v1, spacy.models_with_nvtx_range.v1
2025-05-29 21:59:28,749 - WARNING - Using fallback spacy pipeline without parser, ner, or linker
2025-05-29 21:59:30,039 - ERROR - Attempt 1/3 failed for term 'facial pain': relation "mrconso" does not exist
LINE 3:                     FROM MRCONSO c
                                 ^

2025-05-29 21:59:30,040 - ERROR - Attempt 2/3 failed for term 'facial pain': current transaction is aborted, commands ignored until end of transaction block

2025-05-29 21:59:30,041 - ERROR - Attempt 3/3 failed for term 'facial pain': current transaction is aborted, commands ignored until end of transaction block

2025-05-29 21:59:30,041 - ERROR - Max retries reached for term 'facial pain'
2025-05-29 21:59:30,057 - WARNING - Failed to fetch semantic type for CUI NO_CUI_facial pain: relation "mrsty" does not exist
LINE 3:                             FROM MRSTY sty
                                         ^

2025-05-29 21:59:30,149 - ERROR - Attempt 1/3 failed for term 'nasal congestion': relation "mrconso" does not exist
LINE 3:                     FROM MRCONSO c
                                 ^

2025-05-29 21:59:30,150 - ERROR - Attempt 2/3 failed for term 'nasal congestion': current transaction is aborted, commands ignored until end of transaction block

2025-05-29 21:59:30,150 - ERROR - Attempt 3/3 failed for term 'nasal congestion': current transaction is aborted, commands ignored until end of transaction block

2025-05-29 21:59:30,150 - ERROR - Max retries reached for term 'nasal congestion'
2025-05-29 21:59:30,165 - WARNING - Failed to fetch semantic type for CUI NO_CUI_nasal congestion: relation "mrsty" does not exist
LINE 3:                             FROM MRSTY sty
                                         ^

2025-05-29 21:59:30,259 - ERROR - Attempt 1/3 failed for term 'purulent': relation "mrconso" does not exist
LINE 3:                     FROM MRCONSO c
                                 ^

2025-05-29 21:59:30,260 - ERROR - Attempt 2/3 failed for term 'purulent': current transaction is aborted, commands ignored until end of transaction block

2025-05-29 21:59:30,260 - ERROR - Attempt 3/3 failed for term 'purulent': current transaction is aborted, commands ignored until end of transaction block

2025-05-29 21:59:30,260 - ERROR - Max retries reached for term 'purulent'
2025-05-29 21:59:30,274 - ERROR - Attempt 1/3 failed for term 'nasal discharge': relation "mrconso" does not exist
LINE 3:                     FROM MRCONSO c
                                 ^

2025-05-29 21:59:30,275 - ERROR - Attempt 2/3 failed for term 'nasal discharge': current transaction is aborted, commands ignored until end of transaction block

2025-05-29 21:59:30,275 - ERROR - Attempt 3/3 failed for term 'nasal discharge': current transaction is aborted, commands ignored until end of transaction block

2025-05-29 21:59:30,275 - ERROR - Max retries reached for term 'nasal discharge'
2025-05-29 21:59:30,291 - WARNING - Failed to fetch semantic type for CUI NO_CUI_purulent nasal discharge: relation "mrsty" does not exist
LINE 3:                             FROM MRSTY sty
                                         ^

2025-05-29 21:59:30,392 - ERROR - Attempt 1/3 failed for term 'fever': relation "mrconso" does not exist
LINE 3:                     FROM MRCONSO c
                                 ^

2025-05-29 21:59:30,393 - ERROR - Attempt 2/3 failed for term 'fever': current transaction is aborted, commands ignored until end of transaction block

2025-05-29 21:59:30,394 - ERROR - Attempt 3/3 failed for term 'fever': current transaction is aborted, commands ignored until end of transaction block

2025-05-29 21:59:30,395 - ERROR - Max retries reached for term 'fever'
2025-05-29 21:59:30,410 - WARNING - Failed to fetch semantic type for CUI NO_CUI_fever: relation "mrsty" does not exist
LINE 3:                             FROM MRSTY sty
                                         ^

2025-05-29 21:59:30,518 - WARNING - Skipping non-clinical or blocked term: 'days'
2025-05-29 21:59:30,528 - ERROR - Attempt 1/3 failed for term 'facial pain': relation "mrconso" does not exist
LINE 3:                     FROM MRCONSO c
                                 ^

2025-05-29 21:59:30,529 - ERROR - Attempt 2/3 failed for term 'facial pain': current transaction is aborted, commands ignored until end of transaction block

2025-05-29 21:59:30,530 - ERROR - Attempt 3/3 failed for term 'facial pain': current transaction is aborted, commands ignored until end of transaction block

2025-05-29 21:59:30,530 - ERROR - Max retries reached for term 'facial pain'
2025-05-29 21:59:30,548 - ERROR - Attempt 1/3 failed for term 'nasal discharge': relation "mrconso" does not exist
LINE 3:                     FROM MRCONSO c
                                 ^

2025-05-29 21:59:30,549 - ERROR - Attempt 2/3 failed for term 'nasal discharge': current transaction is aborted, commands ignored until end of transaction block

2025-05-29 21:59:30,550 - ERROR - Attempt 3/3 failed for term 'nasal discharge': current transaction is aborted, commands ignored until end of transaction block

2025-05-29 21:59:30,550 - ERROR - Max retries reached for term 'nasal discharge'
2025-05-29 21:59:30,571 - ERROR - Attempt 1/3 failed for term 'fever': relation "mrconso" does not exist
LINE 3:                     FROM MRCONSO c
                                 ^

2025-05-29 21:59:30,572 - ERROR - Attempt 2/3 failed for term 'fever': current transaction is aborted, commands ignored until end of transaction block

2025-05-29 21:59:30,572 - ERROR - Attempt 3/3 failed for term 'fever': current transaction is aborted, commands ignored until end of transaction block

2025-05-29 21:59:30,573 - ERROR - Max retries reached for term 'fever'
2025-05-29 21:59:30,591 - ERROR - Attempt 1/3 failed for term 'patient': relation "mrconso" does not exist
LINE 3:                     FROM MRCONSO c
                                 ^

2025-05-29 21:59:30,592 - ERROR - Attempt 2/3 failed for term 'patient': current transaction is aborted, commands ignored until end of transaction block

2025-05-29 21:59:30,592 - ERROR - Attempt 3/3 failed for term 'patient': current transaction is aborted, commands ignored until end of transaction block

2025-05-29 21:59:30,593 - ERROR - Max retries reached for term 'patient'
2025-05-29 21:59:30,606 - ERROR - Attempt 1/3 failed for term 'nasal congestion': relation "mrconso" does not exist
LINE 3:                     FROM MRCONSO c
                                 ^

2025-05-29 21:59:30,608 - ERROR - Attempt 2/3 failed for term 'nasal congestion': current transaction is aborted, commands ignored until end of transaction block

2025-05-29 21:59:30,609 - ERROR - Attempt 3/3 failed for term 'nasal congestion': current transaction is aborted, commands ignored until end of transaction block

2025-05-29 21:59:30,609 - ERROR - Max retries reached for term 'nasal congestion'
2025-05-29 21:59:30,628 - ERROR - Attempt 1/3 failed for term 'purulent': relation "mrconso" does not exist
LINE 3:                     FROM MRCONSO c
                                 ^

2025-05-29 21:59:30,629 - ERROR - Attempt 2/3 failed for term 'purulent': current transaction is aborted, commands ignored until end of transaction block

2025-05-29 21:59:30,630 - ERROR - Attempt 3/3 failed for term 'purulent': current transaction is aborted, commands ignored until end of transaction block

2025-05-29 21:59:30,631 - ERROR - Max retries reached for term 'purulent'
2025-05-29 21:59:30,648 - ERROR - Attempt 1/3 failed for term 'reports': relation "mrconso" does not exist
LINE 3:                     FROM MRCONSO c
                                 ^

2025-05-29 21:59:30,649 - ERROR - Attempt 2/3 failed for term 'reports': current transaction is aborted, commands ignored until end of transaction block

2025-05-29 21:59:30,650 - ERROR - Attempt 3/3 failed for term 'reports': current transaction is aborted, commands ignored until end of transaction block

2025-05-29 21:59:30,650 - ERROR - Max retries reached for term 'reports'
2025-05-29 21:59:30,673 - WARNING - Failed to fetch semantic type for CUI NO_CUI_patient presents with facial pain, nasal congestion, and fever for 10 days. reports purulent nasal discharge.: relation "mrsty" does not exist
LINE 3:                             FROM MRSTY sty
                                         ^

2025-05-29 21:59:30,751 - ERROR - Attempt 1/3 failed for term 'headache': relation "mrconso" does not exist
LINE 3:                     FROM MRCONSO c
                                 ^

2025-05-29 21:59:30,752 - ERROR - Attempt 2/3 failed for term 'headache': current transaction is aborted, commands ignored until end of transaction block

2025-05-29 21:59:30,752 - ERROR - Attempt 3/3 failed for term 'headache': current transaction is aborted, commands ignored until end of transaction block

2025-05-29 21:59:30,753 - ERROR - Max retries reached for term 'headache'
2025-05-29 21:59:30,766 - WARNING - Failed to fetch semantic type for CUI NO_CUI_headache: relation "mrsty" does not exist
LINE 3:                             FROM MRSTY sty
                                         ^

2025-05-29 21:59:30,887 - ERROR - Attempt 1/3 failed for term 'headache': relation "mrconso" does not exist
LINE 3:                     FROM MRCONSO c
                                 ^

2025-05-29 21:59:30,888 - ERROR - Attempt 2/3 failed for term 'headache': current transaction is aborted, commands ignored until end of transaction block

2025-05-29 21:59:30,888 - ERROR - Attempt 3/3 failed for term 'headache': current transaction is aborted, commands ignored until end of transaction block

2025-05-29 21:59:30,889 - ERROR - Max retries reached for term 'headache'
2025-05-29 21:59:30,902 - ERROR - Attempt 1/3 failed for term 'patient complains': relation "mrconso" does not exist
LINE 3:                     FROM MRCONSO c
                                 ^

2025-05-29 21:59:30,903 - ERROR - Attempt 2/3 failed for term 'patient complains': current transaction is aborted, commands ignored until end of transaction block

2025-05-29 21:59:30,904 - ERROR - Attempt 3/3 failed for term 'patient complains': current transaction is aborted, commands ignored until end of transaction block

2025-05-29 21:59:30,905 - ERROR - Max retries reached for term 'patient complains'
2025-05-29 21:59:30,927 - WARNING - Failed to fetch semantic type for CUI NO_CUI_patient complains of headache: relation "mrsty" does not exist
LINE 3:                             FROM MRSTY sty
                                         ^

2025-05-29 21:59:31,015 - ERROR - Attempt 1/3 failed for term 'back pain': relation "mrconso" does not exist
LINE 3:                     FROM MRCONSO c
                                 ^

2025-05-29 21:59:31,015 - ERROR - Attempt 2/3 failed for term 'back pain': current transaction is aborted, commands ignored until end of transaction block

2025-05-29 21:59:31,016 - ERROR - Attempt 3/3 failed for term 'back pain': current transaction is aborted, commands ignored until end of transaction block

2025-05-29 21:59:31,016 - ERROR - Max retries reached for term 'back pain'
2025-05-29 21:59:31,030 - WARNING - Failed to fetch semantic type for CUI NO_CUI_back pain: relation "mrsty" does not exist
LINE 3:                             FROM MRSTY sty
                                         ^

2025-05-29 21:59:31,141 - ERROR - Attempt 1/3 failed for term 'movement': relation "mrconso" does not exist
LINE 3:                     FROM MRCONSO c
                                 ^

2025-05-29 21:59:31,141 - ERROR - Attempt 2/3 failed for term 'movement': current transaction is aborted, commands ignored until end of transaction block

2025-05-29 21:59:31,142 - ERROR - Attempt 3/3 failed for term 'movement': current transaction is aborted, commands ignored until end of transaction block

2025-05-29 21:59:31,142 - ERROR - Max retries reached for term 'movement'
2025-05-29 21:59:31,158 - ERROR - Attempt 1/3 failed for term 'pain': relation "mrconso" does not exist
LINE 3:                     FROM MRCONSO c
                                 ^

2025-05-29 21:59:31,159 - ERROR - Attempt 2/3 failed for term 'pain': current transaction is aborted, commands ignored until end of transaction block

2025-05-29 21:59:31,160 - ERROR - Attempt 3/3 failed for term 'pain': current transaction is aborted, commands ignored until end of transaction block

2025-05-29 21:59:31,160 - ERROR - Max retries reached for term 'pain'
2025-05-29 21:59:31,175 - WARNING - Failed to fetch semantic type for CUI NO_CUI_pain on movement: relation "mrsty" does not exist
LINE 3:                             FROM MRSTY sty
                                         ^

2025-05-29 21:59:31,256 - ERROR - Attempt 1/3 failed for term 'obesity': relation "mrconso" does not exist
LINE 3:                     FROM MRCONSO c
                                 ^

2025-05-29 21:59:31,257 - ERROR - Attempt 2/3 failed for term 'obesity': current transaction is aborted, commands ignored until end of transaction block

2025-05-29 21:59:31,257 - ERROR - Attempt 3/3 failed for term 'obesity': current transaction is aborted, commands ignored until end of transaction block

2025-05-29 21:59:31,258 - ERROR - Max retries reached for term 'obesity'
2025-05-29 21:59:31,273 - WARNING - Failed to fetch semantic type for CUI NO_CUI_obesity: relation "mrsty" does not exist
LINE 3:                             FROM MRSTY sty
                                         ^

2025-05-29 21:59:31,379 - ERROR - Attempt 1/3 failed for term 'back pain': relation "mrconso" does not exist
LINE 3:                     FROM MRCONSO c
                                 ^

2025-05-29 21:59:31,380 - ERROR - Attempt 2/3 failed for term 'back pain': current transaction is aborted, commands ignored until end of transaction block

2025-05-29 21:59:31,381 - ERROR - Attempt 3/3 failed for term 'back pain': current transaction is aborted, commands ignored until end of transaction block

2025-05-29 21:59:31,381 - ERROR - Max retries reached for term 'back pain'
2025-05-29 21:59:31,395 - ERROR - Attempt 1/3 failed for term 'weeks': relation "mrconso" does not exist
LINE 3:                     FROM MRCONSO c
                                 ^

2025-05-29 21:59:31,396 - ERROR - Attempt 2/3 failed for term 'weeks': current transaction is aborted, commands ignored until end of transaction block

2025-05-29 21:59:31,396 - ERROR - Attempt 3/3 failed for term 'weeks': current transaction is aborted, commands ignored until end of transaction block

2025-05-29 21:59:31,397 - ERROR - Max retries reached for term 'weeks'
2025-05-29 21:59:31,412 - WARNING - Failed to fetch semantic type for CUI NO_CUI_back pain for two weeks: relation "mrsty" does not exist
LINE 3:                             FROM MRSTY sty
                                         ^

2025-05-29 21:59:31,521 - WARNING - Skipping non-clinical or blocked term: 'days'
2025-05-29 21:59:31,530 - ERROR - Attempt 1/3 failed for term 'patient complains': relation "mrconso" does not exist
LINE 3:                     FROM MRCONSO c
                                 ^

2025-05-29 21:59:31,531 - ERROR - Attempt 2/3 failed for term 'patient complains': current transaction is aborted, commands ignored until end of transaction block

2025-05-29 21:59:31,532 - ERROR - Attempt 3/3 failed for term 'patient complains': current transaction is aborted, commands ignored until end of transaction block

2025-05-29 21:59:31,532 - ERROR - Max retries reached for term 'patient complains'
2025-05-29 21:59:31,533 - WARNING - Skipping non-clinical or blocked term: 'chills'
2025-05-29 21:59:31,550 - ERROR - Attempt 1/3 failed for term 'fevers': relation "mrconso" does not exist
LINE 3:                     FROM MRCONSO c
                                 ^

2025-05-29 21:59:31,551 - ERROR - Attempt 2/3 failed for term 'fevers': current transaction is aborted, commands ignored until end of transaction block

2025-05-29 21:59:31,552 - ERROR - Attempt 3/3 failed for term 'fevers': current transaction is aborted, commands ignored until end of transaction block

2025-05-29 21:59:31,553 - ERROR - Max retries reached for term 'fevers'
2025-05-29 21:59:31,574 - ERROR - Attempt 1/3 failed for term 'headache': relation "mrconso" does not exist
LINE 3:                     FROM MRCONSO c
                                 ^

2025-05-29 21:59:31,575 - ERROR - Attempt 2/3 failed for term 'headache': current transaction is aborted, commands ignored until end of transaction block

2025-05-29 21:59:31,576 - ERROR - Attempt 3/3 failed for term 'headache': current transaction is aborted, commands ignored until end of transaction block

2025-05-29 21:59:31,576 - ERROR - Max retries reached for term 'headache'
2025-05-29 21:59:31,597 - ERROR - Attempt 1/3 failed for term 'associated with': relation "mrconso" does not exist
LINE 3:                     FROM MRCONSO c
                                 ^

2025-05-29 21:59:31,599 - ERROR - Attempt 2/3 failed for term 'associated with': current transaction is aborted, commands ignored until end of transaction block

2025-05-29 21:59:31,600 - ERROR - Attempt 3/3 failed for term 'associated with': current transaction is aborted, commands ignored until end of transaction block

2025-05-29 21:59:31,601 - ERROR - Max retries reached for term 'associated with'
2025-05-29 21:59:31,622 - WARNING - Failed to fetch semantic type for CUI NO_CUI_patient complains of headache the headache started three days ago. the headache is associated with fevers and chills: relation "mrsty" does not exist
LINE 3:                             FROM MRSTY sty
                                         ^

2025-05-29 21:59:31,756 - WARNING - Skipping non-clinical or blocked term: 'worse'
2025-05-29 21:59:31,757 - WARNING - Skipping non-clinical or blocked term: 'eyes'
2025-05-29 21:59:31,769 - ERROR - Attempt 1/3 failed for term 'licking': relation "mrconso" does not exist
LINE 3:                     FROM MRCONSO c
                                 ^

2025-05-29 21:59:31,770 - ERROR - Attempt 2/3 failed for term 'licking': current transaction is aborted, commands ignored until end of transaction block

2025-05-29 21:59:31,771 - ERROR - Attempt 3/3 failed for term 'licking': current transaction is aborted, commands ignored until end of transaction block

2025-05-29 21:59:31,772 - ERROR - Max retries reached for term 'licking'
2025-05-29 21:59:31,783 - ERROR - Attempt 1/3 failed for term 'patient': relation "mrconso" does not exist
LINE 3:                     FROM MRCONSO c
                                 ^

2025-05-29 21:59:31,784 - ERROR - Attempt 2/3 failed for term 'patient': current transaction is aborted, commands ignored until end of transaction block

2025-05-29 21:59:31,785 - ERROR - Attempt 3/3 failed for term 'patient': current transaction is aborted, commands ignored until end of transaction block

2025-05-29 21:59:31,785 - ERROR - Max retries reached for term 'patient'
2025-05-29 21:59:31,786 - WARNING - Skipping non-clinical or blocked term: 'foods'
2025-05-29 21:59:31,804 - ERROR - Attempt 1/3 failed for term 'strong': relation "mrconso" does not exist
LINE 3:                     FROM MRCONSO c
                                 ^

2025-05-29 21:59:31,805 - ERROR - Attempt 2/3 failed for term 'strong': current transaction is aborted, commands ignored until end of transaction block

2025-05-29 21:59:31,806 - ERROR - Attempt 3/3 failed for term 'strong': current transaction is aborted, commands ignored until end of transaction block

2025-05-29 21:59:31,806 - ERROR - Max retries reached for term 'strong'
2025-05-29 21:59:31,822 - ERROR - Attempt 1/3 failed for term 'fats': relation "mrconso" does not exist
LINE 3:                     FROM MRCONSO c
                                 ^

2025-05-29 21:59:31,822 - ERROR - Attempt 2/3 failed for term 'fats': current transaction is aborted, commands ignored until end of transaction block

2025-05-29 21:59:31,824 - ERROR - Attempt 3/3 failed for term 'fats': current transaction is aborted, commands ignored until end of transaction block

2025-05-29 21:59:31,824 - ERROR - Max retries reached for term 'fats'
2025-05-29 21:59:31,847 - ERROR - Attempt 1/3 failed for term 'tea': relation "mrconso" does not exist
LINE 3:                     FROM MRCONSO c
                                 ^

2025-05-29 21:59:31,849 - ERROR - Attempt 2/3 failed for term 'tea': current transaction is aborted, commands ignored until end of transaction block

2025-05-29 21:59:31,850 - ERROR - Attempt 3/3 failed for term 'tea': current transaction is aborted, commands ignored until end of transaction block

2025-05-29 21:59:31,851 - ERROR - Max retries reached for term 'tea'
2025-05-29 21:59:31,872 - ERROR - Attempt 1/3 failed for term 'vomiting': relation "mrconso" does not exist
LINE 3:                     FROM MRCONSO c
                                 ^

2025-05-29 21:59:31,873 - ERROR - Attempt 2/3 failed for term 'vomiting': current transaction is aborted, commands ignored until end of transaction block

2025-05-29 21:59:31,874 - ERROR - Attempt 3/3 failed for term 'vomiting': current transaction is aborted, commands ignored until end of transaction block

2025-05-29 21:59:31,874 - ERROR - Max retries reached for term 'vomiting'
2025-05-29 21:59:31,891 - ERROR - Attempt 1/3 failed for term 'nausea': relation "mrconso" does not exist
LINE 3:                     FROM MRCONSO c
                                 ^

2025-05-29 21:59:31,892 - ERROR - Attempt 2/3 failed for term 'nausea': current transaction is aborted, commands ignored until end of transaction block

2025-05-29 21:59:31,893 - ERROR - Attempt 3/3 failed for term 'nausea': current transaction is aborted, commands ignored until end of transaction block

2025-05-29 21:59:31,893 - ERROR - Max retries reached for term 'nausea'
2025-05-29 21:59:31,909 - ERROR - Attempt 1/3 failed for term 'jaundice': relation "mrconso" does not exist
LINE 3:                     FROM MRCONSO c
                                 ^

2025-05-29 21:59:31,910 - ERROR - Attempt 2/3 failed for term 'jaundice': current transaction is aborted, commands ignored until end of transaction block

2025-05-29 21:59:31,912 - ERROR - Attempt 3/3 failed for term 'jaundice': current transaction is aborted, commands ignored until end of transaction block

2025-05-29 21:59:31,912 - ERROR - Max retries reached for term 'jaundice'
2025-05-29 21:59:31,929 - ERROR - Attempt 1/3 failed for term 'loss of appetite': relation "mrconso" does not exist
LINE 3:                     FROM MRCONSO c
                                 ^

2025-05-29 21:59:31,931 - ERROR - Attempt 2/3 failed for term 'loss of appetite': current transaction is aborted, commands ignored until end of transaction block

2025-05-29 21:59:31,932 - ERROR - Attempt 3/3 failed for term 'loss of appetite': current transaction is aborted, commands ignored until end of transaction block

2025-05-29 21:59:31,933 - ERROR - Max retries reached for term 'loss of appetite'
2025-05-29 21:59:31,958 - WARNING - Failed to fetch semantic type for CUI NO_CUI_nausea and vomiting and loss of appetite the patient has jaundice in the eyes taking foods with fats makes the nausea worse taking strong tea and licking salt alleviates the nausea: relation "mrsty" does not exist
LINE 3:                             FROM MRSTY sty
                                         ^

2025-05-29 21:59:32,086 - ERROR - Attempt 1/3 failed for term 'facial pain': relation "mrconso" does not exist
LINE 3:                     FROM MRCONSO c
                                 ^

2025-05-29 21:59:32,087 - ERROR - Attempt 2/3 failed for term 'facial pain': current transaction is aborted, commands ignored until end of transaction block

2025-05-29 21:59:32,087 - ERROR - Attempt 3/3 failed for term 'facial pain': current transaction is aborted, commands ignored until end of transaction block

2025-05-29 21:59:32,088 - ERROR - Max retries reached for term 'facial pain'
2025-05-29 21:59:32,103 - ERROR - Attempt 1/3 failed for term 'patient': relation "mrconso" does not exist
LINE 3:                     FROM MRCONSO c
                                 ^

2025-05-29 21:59:32,105 - ERROR - Attempt 2/3 failed for term 'patient': current transaction is aborted, commands ignored until end of transaction block

2025-05-29 21:59:32,105 - ERROR - Attempt 3/3 failed for term 'patient': current transaction is aborted, commands ignored until end of transaction block

2025-05-29 21:59:32,106 - ERROR - Max retries reached for term 'patient'
2025-05-29 21:59:32,125 - WARNING - Failed to fetch semantic type for CUI NO_CUI_patient presents with facial pain: relation "mrsty" does not exist
LINE 3:                             FROM MRSTY sty
                                         ^

2025-05-29 21:59:32,221 - ERROR - Attempt 1/3 failed for term 'back pain': relation "mrconso" does not exist
LINE 3:                     FROM MRCONSO c
                                 ^

2025-05-29 21:59:32,222 - ERROR - Attempt 2/3 failed for term 'back pain': current transaction is aborted, commands ignored until end of transaction block

2025-05-29 21:59:32,222 - ERROR - Attempt 3/3 failed for term 'back pain': current transaction is aborted, commands ignored until end of transaction block

2025-05-29 21:59:32,222 - ERROR - Max retries reached for term 'back pain'
2025-05-29 21:59:32,235 - ERROR - Attempt 1/3 failed for term 'weeks': relation "mrconso" does not exist
LINE 3:                     FROM MRCONSO c
                                 ^

2025-05-29 21:59:32,236 - ERROR - Attempt 2/3 failed for term 'weeks': current transaction is aborted, commands ignored until end of transaction block

2025-05-29 21:59:32,237 - ERROR - Attempt 3/3 failed for term 'weeks': current transaction is aborted, commands ignored until end of transaction block

2025-05-29 21:59:32,237 - ERROR - Max retries reached for term 'weeks'
2025-05-29 21:59:32,252 - ERROR - Attempt 1/3 failed for term 'assessment': relation "mrconso" does not exist
LINE 3:                     FROM MRCONSO c
                                 ^

2025-05-29 21:59:32,253 - ERROR - Attempt 2/3 failed for term 'assessment': current transaction is aborted, commands ignored until end of transaction block

2025-05-29 21:59:32,254 - ERROR - Attempt 3/3 failed for term 'assessment': current transaction is aborted, commands ignored until end of transaction block

2025-05-29 21:59:32,254 - ERROR - Max retries reached for term 'assessment'
2025-05-29 21:59:32,276 - ERROR - Attempt 1/3 failed for term 'patient reports': relation "mrconso" does not exist
LINE 3:                     FROM MRCONSO c
                                 ^

2025-05-29 21:59:32,278 - ERROR - Attempt 2/3 failed for term 'patient reports': current transaction is aborted, commands ignored until end of transaction block

2025-05-29 21:59:32,279 - ERROR - Attempt 3/3 failed for term 'patient reports': current transaction is aborted, commands ignored until end of transaction block

2025-05-29 21:59:32,279 - ERROR - Max retries reached for term 'patient reports'
2025-05-29 21:59:32,306 - WARNING - Failed to fetch semantic type for CUI NO_CUI_back pain for two weeks the patient reports backpain for three weeks on assessment: relation "mrsty" does not exist
LINE 3:                             FROM MRSTY sty
                                         ^

2025-05-29 21:59:32,535 - ERROR - Attempt 1/3 failed for term 'standing': relation "mrconso" does not exist
LINE 3:                     FROM MRCONSO c
                                 ^

2025-05-29 21:59:32,536 - ERROR - Attempt 2/3 failed for term 'standing': current transaction is aborted, commands ignored until end of transaction block

2025-05-29 21:59:32,536 - ERROR - Attempt 3/3 failed for term 'standing': current transaction is aborted, commands ignored until end of transaction block

2025-05-29 21:59:32,536 - ERROR - Max retries reached for term 'standing'
2025-05-29 21:59:32,549 - ERROR - Attempt 1/3 failed for term 'stretching': relation "mrconso" does not exist
LINE 3:                     FROM MRCONSO c
                                 ^

2025-05-29 21:59:32,550 - ERROR - Attempt 2/3 failed for term 'stretching': current transaction is aborted, commands ignored until end of transaction block

2025-05-29 21:59:32,551 - ERROR - Attempt 3/3 failed for term 'stretching': current transaction is aborted, commands ignored until end of transaction block

2025-05-29 21:59:32,552 - ERROR - Max retries reached for term 'stretching'
2025-05-29 21:59:32,579 - ERROR - Attempt 1/3 failed for term 'patient': relation "mrconso" does not exist
LINE 3:                     FROM MRCONSO c
                                 ^

2025-05-29 21:59:32,582 - ERROR - Attempt 2/3 failed for term 'patient': current transaction is aborted, commands ignored until end of transaction block

2025-05-29 21:59:32,583 - ERROR - Attempt 3/3 failed for term 'patient': current transaction is aborted, commands ignored until end of transaction block

2025-05-29 21:59:32,584 - ERROR - Max retries reached for term 'patient'
2025-05-29 21:59:32,627 - ERROR - Attempt 1/3 failed for term 'pain': relation "mrconso" does not exist
LINE 3:                     FROM MRCONSO c
                                 ^

2025-05-29 21:59:32,629 - ERROR - Attempt 2/3 failed for term 'pain': current transaction is aborted, commands ignored until end of transaction block

2025-05-29 21:59:32,632 - ERROR - Attempt 3/3 failed for term 'pain': current transaction is aborted, commands ignored until end of transaction block

2025-05-29 21:59:32,632 - ERROR - Max retries reached for term 'pain'
2025-05-29 21:59:32,653 - ERROR - Attempt 1/3 failed for term 'obese': relation "mrconso" does not exist
LINE 3:                     FROM MRCONSO c
                                 ^

2025-05-29 21:59:32,654 - ERROR - Attempt 2/3 failed for term 'obese': current transaction is aborted, commands ignored until end of transaction block

2025-05-29 21:59:32,655 - ERROR - Attempt 3/3 failed for term 'obese': current transaction is aborted, commands ignored until end of transaction block

2025-05-29 21:59:32,655 - ERROR - Max retries reached for term 'obese'
2025-05-29 21:59:32,683 - ERROR - Attempt 1/3 failed for term 'sitting': relation "mrconso" does not exist
LINE 3:                     FROM MRCONSO c
                                 ^

2025-05-29 21:59:32,685 - ERROR - Attempt 2/3 failed for term 'sitting': current transaction is aborted, commands ignored until end of transaction block

2025-05-29 21:59:32,686 - ERROR - Attempt 3/3 failed for term 'sitting': current transaction is aborted, commands ignored until end of transaction block

2025-05-29 21:59:32,686 - ERROR - Max retries reached for term 'sitting'
2025-05-29 21:59:32,718 - ERROR - Attempt 1/3 failed for term 'backpain': relation "mrconso" does not exist
LINE 3:                     FROM MRCONSO c
                                 ^

2025-05-29 21:59:32,719 - ERROR - Attempt 2/3 failed for term 'backpain': current transaction is aborted, commands ignored until end of transaction block

2025-05-29 21:59:32,719 - ERROR - Attempt 3/3 failed for term 'backpain': current transaction is aborted, commands ignored until end of transaction block

2025-05-29 21:59:32,720 - ERROR - Max retries reached for term 'backpain'
2025-05-29 21:59:32,761 - WARNING - Failed to fetch semantic type for CUI NO_CUI_the patient is obese the backpain is made worse by sitting down for long the pain is alleviated by standing and stretching: relation "mrsty" does not exist
LINE 3:                             FROM MRSTY sty
                                         ^

2025-05-29 21:59:33,073 - WARNING - Skipping non-clinical or blocked term: 'days'
2025-05-29 21:59:33,098 - ERROR - Attempt 1/3 failed for term 'facial pain': relation "mrconso" does not exist
LINE 3:                     FROM MRCONSO c
                                 ^

2025-05-29 21:59:33,102 - ERROR - Attempt 2/3 failed for term 'facial pain': current transaction is aborted, commands ignored until end of transaction block

2025-05-29 21:59:33,107 - ERROR - Attempt 3/3 failed for term 'facial pain': current transaction is aborted, commands ignored until end of transaction block

2025-05-29 21:59:33,108 - ERROR - Max retries reached for term 'facial pain'
2025-05-29 21:59:33,150 - ERROR - Attempt 1/3 failed for term 'nasal discharge': relation "mrconso" does not exist
LINE 3:                     FROM MRCONSO c
                                 ^

2025-05-29 21:59:33,153 - ERROR - Attempt 2/3 failed for term 'nasal discharge': current transaction is aborted, commands ignored until end of transaction block

2025-05-29 21:59:33,155 - ERROR - Attempt 3/3 failed for term 'nasal discharge': current transaction is aborted, commands ignored until end of transaction block

2025-05-29 21:59:33,159 - ERROR - Max retries reached for term 'nasal discharge'
2025-05-29 21:59:33,194 - ERROR - Attempt 1/3 failed for term 'fever': relation "mrconso" does not exist
LINE 3:                     FROM MRCONSO c
                                 ^

2025-05-29 21:59:33,199 - ERROR - Attempt 2/3 failed for term 'fever': current transaction is aborted, commands ignored until end of transaction block

2025-05-29 21:59:33,204 - ERROR - Attempt 3/3 failed for term 'fever': current transaction is aborted, commands ignored until end of transaction block

2025-05-29 21:59:33,205 - ERROR - Max retries reached for term 'fever'
2025-05-29 21:59:33,245 - ERROR - Attempt 1/3 failed for term 'maxillary sinuses': relation "mrconso" does not exist
LINE 3:                     FROM MRCONSO c
                                 ^

2025-05-29 21:59:33,246 - ERROR - Attempt 2/3 failed for term 'maxillary sinuses': current transaction is aborted, commands ignored until end of transaction block

2025-05-29 21:59:33,247 - ERROR - Attempt 3/3 failed for term 'maxillary sinuses': current transaction is aborted, commands ignored until end of transaction block

2025-05-29 21:59:33,248 - ERROR - Max retries reached for term 'maxillary sinuses'
2025-05-29 21:59:33,283 - ERROR - Attempt 1/3 failed for term 'purulent': relation "mrconso" does not exist
LINE 3:                     FROM MRCONSO c
                                 ^

2025-05-29 21:59:33,286 - ERROR - Attempt 2/3 failed for term 'purulent': current transaction is aborted, commands ignored until end of transaction block

2025-05-29 21:59:33,289 - ERROR - Attempt 3/3 failed for term 'purulent': current transaction is aborted, commands ignored until end of transaction block

2025-05-29 21:59:33,294 - ERROR - Max retries reached for term 'purulent'
2025-05-29 21:59:33,314 - ERROR - Attempt 1/3 failed for term 'reports': relation "mrconso" does not exist
LINE 3:                     FROM MRCONSO c
                                 ^

2025-05-29 21:59:33,315 - ERROR - Attempt 2/3 failed for term 'reports': current transaction is aborted, commands ignored until end of transaction block

2025-05-29 21:59:33,316 - ERROR - Attempt 3/3 failed for term 'reports': current transaction is aborted, commands ignored until end of transaction block

2025-05-29 21:59:33,317 - ERROR - Max retries reached for term 'reports'
2025-05-29 21:59:33,333 - WARNING - Failed to fetch semantic type for CUI NO_CUI_and fever for 10 days. reports purulent nasal discharge. facial pain over maxillary sinuses: relation "mrsty" does not exist
LINE 3:                             FROM MRSTY sty
                                         ^

2025-05-29 21:59:33,602 - ERROR - Attempt 1/3 failed for term 'sinusitis': relation "mrconso" does not exist
LINE 3:                     FROM MRCONSO c
                                 ^

2025-05-29 21:59:33,603 - ERROR - Attempt 2/3 failed for term 'sinusitis': current transaction is aborted, commands ignored until end of transaction block

2025-05-29 21:59:33,603 - ERROR - Attempt 3/3 failed for term 'sinusitis': current transaction is aborted, commands ignored until end of transaction block

2025-05-29 21:59:33,604 - ERROR - Max retries reached for term 'sinusitis'
2025-05-29 21:59:33,619 - ERROR - Attempt 1/3 failed for term 'pulmonary': relation "mrconso" does not exist
LINE 3:                     FROM MRCONSO c
                                 ^

2025-05-29 21:59:33,619 - ERROR - Attempt 2/3 failed for term 'pulmonary': current transaction is aborted, commands ignored until end of transaction block

2025-05-29 21:59:33,620 - ERROR - Attempt 3/3 failed for term 'pulmonary': current transaction is aborted, commands ignored until end of transaction block

2025-05-29 21:59:33,620 - ERROR - Max retries reached for term 'pulmonary'
2025-05-29 21:59:33,635 - ERROR - Attempt 1/3 failed for term 'stable': relation "mrconso" does not exist
LINE 3:                     FROM MRCONSO c
                                 ^

2025-05-29 21:59:33,637 - ERROR - Attempt 2/3 failed for term 'stable': current transaction is aborted, commands ignored until end of transaction block

2025-05-29 21:59:33,638 - ERROR - Attempt 3/3 failed for term 'stable': current transaction is aborted, commands ignored until end of transaction block

2025-05-29 21:59:33,638 - ERROR - Max retries reached for term 'stable'
2025-05-29 21:59:33,658 - ERROR - Attempt 1/3 failed for term 'diabetes': relation "mrconso" does not exist
LINE 3:                     FROM MRCONSO c
                                 ^

2025-05-29 21:59:33,659 - ERROR - Attempt 2/3 failed for term 'diabetes': current transaction is aborted, commands ignored until end of transaction block

2025-05-29 21:59:33,660 - ERROR - Attempt 3/3 failed for term 'diabetes': current transaction is aborted, commands ignored until end of transaction block

2025-05-29 21:59:33,660 - ERROR - Max retries reached for term 'diabetes'
2025-05-29 21:59:33,679 - ERROR - Attempt 1/3 failed for term 'hypertension': relation "mrconso" does not exist
LINE 3:                     FROM MRCONSO c
                                 ^

2025-05-29 21:59:33,680 - ERROR - Attempt 2/3 failed for term 'hypertension': current transaction is aborted, commands ignored until end of transaction block

2025-05-29 21:59:33,681 - ERROR - Attempt 3/3 failed for term 'hypertension': current transaction is aborted, commands ignored until end of transaction block

2025-05-29 21:59:33,681 - ERROR - Max retries reached for term 'hypertension'
2025-05-29 21:59:33,704 - ERROR - Attempt 1/3 failed for term 'viral sinusitis': relation "mrconso" does not exist
LINE 3:                     FROM MRCONSO c
                                 ^

2025-05-29 21:59:33,705 - ERROR - Attempt 2/3 failed for term 'viral sinusitis': current transaction is aborted, commands ignored until end of transaction block

2025-05-29 21:59:33,706 - ERROR - Attempt 3/3 failed for term 'viral sinusitis': current transaction is aborted, commands ignored until end of transaction block

2025-05-29 21:59:33,706 - ERROR - Max retries reached for term 'viral sinusitis'
2025-05-29 21:59:33,724 - ERROR - Attempt 1/3 failed for term 'acute abnormalities': relation "mrconso" does not exist
LINE 3:                     FROM MRCONSO c
                                 ^

2025-05-29 21:59:33,725 - ERROR - Attempt 2/3 failed for term 'acute abnormalities': current transaction is aborted, commands ignored until end of transaction block

2025-05-29 21:59:33,725 - ERROR - Attempt 3/3 failed for term 'acute abnormalities': current transaction is aborted, commands ignored until end of transaction block

2025-05-29 21:59:33,726 - ERROR - Max retries reached for term 'acute abnormalities'
2025-05-29 21:59:33,742 - ERROR - Attempt 1/3 failed for term 'cardiovascular': relation "mrconso" does not exist
LINE 3:                     FROM MRCONSO c
                                 ^

2025-05-29 21:59:33,744 - ERROR - Attempt 2/3 failed for term 'cardiovascular': current transaction is aborted, commands ignored until end of transaction block

2025-05-29 21:59:33,745 - ERROR - Attempt 3/3 failed for term 'cardiovascular': current transaction is aborted, commands ignored until end of transaction block

2025-05-29 21:59:33,745 - ERROR - Max retries reached for term 'cardiovascular'
2025-05-29 21:59:33,774 - ERROR - Attempt 1/3 failed for term 'headache': relation "mrconso" does not exist
LINE 3:                     FROM MRCONSO c
                                 ^

2025-05-29 21:59:33,775 - ERROR - Attempt 2/3 failed for term 'headache': current transaction is aborted, commands ignored until end of transaction block

2025-05-29 21:59:33,776 - ERROR - Attempt 3/3 failed for term 'headache': current transaction is aborted, commands ignored until end of transaction block

2025-05-29 21:59:33,776 - ERROR - Max retries reached for term 'headache'
2025-05-29 21:59:33,798 - ERROR - Attempt 1/3 failed for term 'endocrine': relation "mrconso" does not exist
LINE 3:                     FROM MRCONSO c
                                 ^

2025-05-29 21:59:33,800 - ERROR - Attempt 2/3 failed for term 'endocrine': current transaction is aborted, commands ignored until end of transaction block

2025-05-29 21:59:33,801 - ERROR - Attempt 3/3 failed for term 'endocrine': current transaction is aborted, commands ignored until end of transaction block

2025-05-29 21:59:33,802 - ERROR - Max retries reached for term 'endocrine'
2025-05-29 21:59:33,818 - ERROR - Attempt 1/3 failed for term 'secondary to': relation "mrconso" does not exist
LINE 3:                     FROM MRCONSO c
                                 ^

2025-05-29 21:59:33,819 - ERROR - Attempt 2/3 failed for term 'secondary to': current transaction is aborted, commands ignored until end of transaction block

2025-05-29 21:59:33,819 - ERROR - Attempt 3/3 failed for term 'secondary to': current transaction is aborted, commands ignored until end of transaction block

2025-05-29 21:59:33,820 - ERROR - Max retries reached for term 'secondary to'
2025-05-29 21:59:33,850 - ERROR - Attempt 1/3 failed for term 'neurological': relation "mrconso" does not exist
LINE 3:                     FROM MRCONSO c
                                 ^

2025-05-29 21:59:33,851 - ERROR - Attempt 2/3 failed for term 'neurological': current transaction is aborted, commands ignored until end of transaction block

2025-05-29 21:59:33,852 - ERROR - Attempt 3/3 failed for term 'neurological': current transaction is aborted, commands ignored until end of transaction block

2025-05-29 21:59:33,853 - ERROR - Max retries reached for term 'neurological'
2025-05-29 21:59:33,878 - ERROR - Attempt 1/3 failed for term 'viral upper': relation "mrconso" does not exist
LINE 3:                     FROM MRCONSO c
                                 ^

2025-05-29 21:59:33,879 - ERROR - Attempt 2/3 failed for term 'viral upper': current transaction is aborted, commands ignored until end of transaction block

2025-05-29 21:59:33,880 - ERROR - Attempt 3/3 failed for term 'viral upper': current transaction is aborted, commands ignored until end of transaction block

2025-05-29 21:59:33,883 - ERROR - Max retries reached for term 'viral upper'
2025-05-29 21:59:33,908 - ERROR - Attempt 1/3 failed for term 'allergic rhinitis': relation "mrconso" does not exist
LINE 3:                     FROM MRCONSO c
                                 ^

2025-05-29 21:59:33,909 - ERROR - Attempt 2/3 failed for term 'allergic rhinitis': current transaction is aborted, commands ignored until end of transaction block

2025-05-29 21:59:33,909 - ERROR - Attempt 3/3 failed for term 'allergic rhinitis': current transaction is aborted, commands ignored until end of transaction block

2025-05-29 21:59:33,910 - ERROR - Max retries reached for term 'allergic rhinitis'
2025-05-29 21:59:33,928 - ERROR - Attempt 1/3 failed for term 'differential': relation "mrconso" does not exist
LINE 3:                     FROM MRCONSO c
                                 ^

2025-05-29 21:59:33,929 - ERROR - Attempt 2/3 failed for term 'differential': current transaction is aborted, commands ignored until end of transaction block

2025-05-29 21:59:33,929 - ERROR - Attempt 3/3 failed for term 'differential': current transaction is aborted, commands ignored until end of transaction block

2025-05-29 21:59:33,930 - ERROR - Max retries reached for term 'differential'
2025-05-29 21:59:33,946 - ERROR - Attempt 1/3 failed for term 'respiratory infection': relation "mrconso" does not exist
LINE 3:                     FROM MRCONSO c
                                 ^

2025-05-29 21:59:33,947 - ERROR - Attempt 2/3 failed for term 'respiratory infection': current transaction is aborted, commands ignored until end of transaction block

2025-05-29 21:59:33,948 - ERROR - Attempt 3/3 failed for term 'respiratory infection': current transaction is aborted, commands ignored until end of transaction block

2025-05-29 21:59:33,949 - ERROR - Max retries reached for term 'respiratory infection'
2025-05-29 21:59:33,970 - WARNING - Failed to fetch semantic type for CUI NO_CUI_likely secondary to recent viral upper respiratory infection. differential includes viral sinusitis or allergic rhinitis. other systems: neurological: headache likely related to sinusitis. endocrine: stable diabetes. cardiovascular: stable hypertension. no acute abnormalities in pulmonary: relation "mrsty" does not exist
LINE 3:                             FROM MRSTY sty
                                         ^

2025-05-29 21:59:34,113 - ERROR - Attempt 1/3 failed for term 'radiating': relation "mrconso" does not exist
LINE 3:                     FROM MRCONSO c
                                 ^

2025-05-29 21:59:34,115 - ERROR - Attempt 2/3 failed for term 'radiating': current transaction is aborted, commands ignored until end of transaction block

2025-05-29 21:59:34,115 - ERROR - Attempt 3/3 failed for term 'radiating': current transaction is aborted, commands ignored until end of transaction block

2025-05-29 21:59:34,116 - ERROR - Max retries reached for term 'radiating'
2025-05-29 21:59:34,133 - ERROR - Attempt 1/3 failed for term 'pain': relation "mrconso" does not exist
LINE 3:                     FROM MRCONSO c
                                 ^

2025-05-29 21:59:34,134 - ERROR - Attempt 2/3 failed for term 'pain': current transaction is aborted, commands ignored until end of transaction block

2025-05-29 21:59:34,135 - ERROR - Attempt 3/3 failed for term 'pain': current transaction is aborted, commands ignored until end of transaction block

2025-05-29 21:59:34,135 - ERROR - Max retries reached for term 'pain'
2025-05-29 21:59:34,147 - WARNING - Failed to fetch semantic type for CUI NO_CUI_radiating pain: relation "mrsty" does not exist
LINE 3:                             FROM MRSTY sty
                                         ^

2025-05-29 21:59:34,276 - ERROR - Attempt 1/3 failed for term 'bilateral': relation "mrconso" does not exist
LINE 3:                     FROM MRCONSO c
                                 ^

2025-05-29 21:59:34,277 - ERROR - Attempt 2/3 failed for term 'bilateral': current transaction is aborted, commands ignored until end of transaction block

2025-05-29 21:59:34,278 - ERROR - Attempt 3/3 failed for term 'bilateral': current transaction is aborted, commands ignored until end of transaction block

2025-05-29 21:59:34,278 - ERROR - Max retries reached for term 'bilateral'
2025-05-29 21:59:34,295 - ERROR - Attempt 1/3 failed for term 'nasal congestion': relation "mrconso" does not exist
LINE 3:                     FROM MRCONSO c
                                 ^

2025-05-29 21:59:34,296 - ERROR - Attempt 2/3 failed for term 'nasal congestion': current transaction is aborted, commands ignored until end of transaction block

2025-05-29 21:59:34,298 - ERROR - Attempt 3/3 failed for term 'nasal congestion': current transaction is aborted, commands ignored until end of transaction block

2025-05-29 21:59:34,298 - ERROR - Max retries reached for term 'nasal congestion'
2025-05-29 21:59:34,322 - WARNING - Failed to fetch semantic type for CUI NO_CUI_bilateral nasal congestion: relation "mrsty" does not exist
LINE 3:                             FROM MRSTY sty
                                         ^

2025-05-29 21:59:34,605 - WARNING - Skipping non-clinical or blocked term: 'days'
2025-05-29 21:59:34,622 - ERROR - Attempt 1/3 failed for term 'shortness of breath': relation "mrconso" does not exist
LINE 3:                     FROM MRCONSO c
                                 ^

2025-05-29 21:59:34,625 - ERROR - Attempt 2/3 failed for term 'shortness of breath': current transaction is aborted, commands ignored until end of transaction block

2025-05-29 21:59:34,627 - ERROR - Attempt 3/3 failed for term 'shortness of breath': current transaction is aborted, commands ignored until end of transaction block

2025-05-29 21:59:34,628 - ERROR - Max retries reached for term 'shortness of breath'
2025-05-29 21:59:34,658 - ERROR - Attempt 1/3 failed for term 'no cough': relation "mrconso" does not exist
LINE 3:                     FROM MRCONSO c
                                 ^

2025-05-29 21:59:34,659 - ERROR - Attempt 2/3 failed for term 'no cough': current transaction is aborted, commands ignored until end of transaction block

2025-05-29 21:59:34,660 - ERROR - Attempt 3/3 failed for term 'no cough': current transaction is aborted, commands ignored until end of transaction block

2025-05-29 21:59:34,661 - ERROR - Max retries reached for term 'no cough'
2025-05-29 21:59:34,684 - ERROR - Attempt 1/3 failed for term 'pulmonary': relation "mrconso" does not exist
LINE 3:                     FROM MRCONSO c
                                 ^

2025-05-29 21:59:34,687 - ERROR - Attempt 2/3 failed for term 'pulmonary': current transaction is aborted, commands ignored until end of transaction block

2025-05-29 21:59:34,688 - ERROR - Attempt 3/3 failed for term 'pulmonary': current transaction is aborted, commands ignored until end of transaction block

2025-05-29 21:59:34,688 - ERROR - Max retries reached for term 'pulmonary'
2025-05-29 21:59:34,705 - ERROR - Attempt 1/3 failed for term 'mild headache': relation "mrconso" does not exist
LINE 3:                     FROM MRCONSO c
                                 ^

2025-05-29 21:59:34,706 - ERROR - Attempt 2/3 failed for term 'mild headache': current transaction is aborted, commands ignored until end of transaction block

2025-05-29 21:59:34,707 - ERROR - Attempt 3/3 failed for term 'mild headache': current transaction is aborted, commands ignored until end of transaction block

2025-05-29 21:59:34,707 - ERROR - Max retries reached for term 'mild headache'
2025-05-29 21:59:34,734 - ERROR - Attempt 1/3 failed for term 'nasal discharge': relation "mrconso" does not exist
LINE 3:                     FROM MRCONSO c
                                 ^

2025-05-29 21:59:34,735 - ERROR - Attempt 2/3 failed for term 'nasal discharge': current transaction is aborted, commands ignored until end of transaction block

2025-05-29 21:59:34,736 - ERROR - Attempt 3/3 failed for term 'nasal discharge': current transaction is aborted, commands ignored until end of transaction block

2025-05-29 21:59:34,736 - ERROR - Max retries reached for term 'nasal discharge'
2025-05-29 21:59:34,762 - ERROR - Attempt 1/3 failed for term 'sinus pain': relation "mrconso" does not exist
LINE 3:                     FROM MRCONSO c
                                 ^

2025-05-29 21:59:34,765 - ERROR - Attempt 2/3 failed for term 'sinus pain': current transaction is aborted, commands ignored until end of transaction block

2025-05-29 21:59:34,766 - ERROR - Attempt 3/3 failed for term 'sinus pain': current transaction is aborted, commands ignored until end of transaction block

2025-05-29 21:59:34,769 - ERROR - Max retries reached for term 'sinus pain'
2025-05-29 21:59:34,798 - ERROR - Attempt 1/3 failed for term 'cardiovascular': relation "mrconso" does not exist
LINE 3:                     FROM MRCONSO c
                                 ^

2025-05-29 21:59:34,799 - ERROR - Attempt 2/3 failed for term 'cardiovascular': current transaction is aborted, commands ignored until end of transaction block

2025-05-29 21:59:34,799 - ERROR - Attempt 3/3 failed for term 'cardiovascular': current transaction is aborted, commands ignored until end of transaction block

2025-05-29 21:59:34,800 - ERROR - Max retries reached for term 'cardiovascular'
2025-05-29 21:59:34,832 - ERROR - Attempt 1/3 failed for term 'palpitations': relation "mrconso" does not exist
LINE 3:                     FROM MRCONSO c
                                 ^

2025-05-29 21:59:34,833 - ERROR - Attempt 2/3 failed for term 'palpitations': current transaction is aborted, commands ignored until end of transaction block

2025-05-29 21:59:34,834 - ERROR - Attempt 3/3 failed for term 'palpitations': current transaction is aborted, commands ignored until end of transaction block

2025-05-29 21:59:34,834 - ERROR - Max retries reached for term 'palpitations'
2025-05-29 21:59:34,869 - ERROR - Attempt 1/3 failed for term 'hearing loss': relation "mrconso" does not exist
LINE 3:                     FROM MRCONSO c
                                 ^

2025-05-29 21:59:34,870 - ERROR - Attempt 2/3 failed for term 'hearing loss': current transaction is aborted, commands ignored until end of transaction block

2025-05-29 21:59:34,876 - ERROR - Attempt 3/3 failed for term 'hearing loss': current transaction is aborted, commands ignored until end of transaction block

2025-05-29 21:59:34,876 - ERROR - Max retries reached for term 'hearing loss'
2025-05-29 21:59:34,908 - ERROR - Attempt 1/3 failed for term 'low-grade': relation "mrconso" does not exist
LINE 3:                     FROM MRCONSO c
                                 ^

2025-05-29 21:59:34,911 - ERROR - Attempt 2/3 failed for term 'low-grade': current transaction is aborted, commands ignored until end of transaction block

2025-05-29 21:59:34,913 - ERROR - Attempt 3/3 failed for term 'low-grade': current transaction is aborted, commands ignored until end of transaction block

2025-05-29 21:59:34,914 - ERROR - Max retries reached for term 'low-grade'
2025-05-29 21:59:34,941 - ERROR - Attempt 1/3 failed for term 'chest pain': relation "mrconso" does not exist
LINE 3:                     FROM MRCONSO c
                                 ^

2025-05-29 21:59:34,942 - ERROR - Attempt 2/3 failed for term 'chest pain': current transaction is aborted, commands ignored until end of transaction block

2025-05-29 21:59:34,943 - ERROR - Attempt 3/3 failed for term 'chest pain': current transaction is aborted, commands ignored until end of transaction block

2025-05-29 21:59:34,946 - ERROR - Max retries reached for term 'chest pain'
2025-05-29 21:59:34,984 - ERROR - Attempt 1/3 failed for term 'purulent': relation "mrconso" does not exist
LINE 3:                     FROM MRCONSO c
                                 ^

2025-05-29 21:59:34,986 - ERROR - Attempt 2/3 failed for term 'purulent': current transaction is aborted, commands ignored until end of transaction block

2025-05-29 21:59:34,987 - ERROR - Attempt 3/3 failed for term 'purulent': current transaction is aborted, commands ignored until end of transaction block

2025-05-29 21:59:34,988 - ERROR - Max retries reached for term 'purulent'
2025-05-29 21:59:35,024 - ERROR - Attempt 1/3 failed for term 'neurological': relation "mrconso" does not exist
LINE 3:                     FROM MRCONSO c
                                 ^

2025-05-29 21:59:35,030 - ERROR - Attempt 2/3 failed for term 'neurological': current transaction is aborted, commands ignored until end of transaction block

2025-05-29 21:59:35,031 - ERROR - Attempt 3/3 failed for term 'neurological': current transaction is aborted, commands ignored until end of transaction block

2025-05-29 21:59:35,031 - ERROR - Max retries reached for term 'neurological'
2025-05-29 21:59:35,077 - ERROR - Attempt 1/3 failed for term 'associated with': relation "mrconso" does not exist
LINE 3:                     FROM MRCONSO c
                                 ^

2025-05-29 21:59:35,080 - ERROR - Attempt 2/3 failed for term 'associated with': current transaction is aborted, commands ignored until end of transaction block

2025-05-29 21:59:35,082 - ERROR - Attempt 3/3 failed for term 'associated with': current transaction is aborted, commands ignored until end of transaction block

2025-05-29 21:59:35,083 - ERROR - Max retries reached for term 'associated with'
2025-05-29 21:59:35,102 - WARNING - Failed to fetch semantic type for CUI NO_CUI_and purulent nasal discharge for 10 days. low-grade fever (up to 100.5°f). no sore throat or hearing loss. pulmonary: no cough or shortness of breath. cardiovascular: no chest pain or palpitations. neurological: mild headache associated with sinus pain: relation "mrsty" does not exist
LINE 3:                             FROM MRSTY sty
                                         ^

2025-05-29 21:59:35,644 - ERROR - Attempt 1/3 failed for term 'acute': relation "mrconso" does not exist
LINE 3:                     FROM MRCONSO c
                                 ^

2025-05-29 21:59:35,646 - ERROR - Attempt 2/3 failed for term 'acute': current transaction is aborted, commands ignored until end of transaction block

2025-05-29 21:59:35,646 - ERROR - Attempt 3/3 failed for term 'acute': current transaction is aborted, commands ignored until end of transaction block

2025-05-29 21:59:35,647 - ERROR - Max retries reached for term 'acute'
2025-05-29 21:59:35,659 - ERROR - Attempt 1/3 failed for term 'bacterial sinusitis': relation "mrconso" does not exist
LINE 3:                     FROM MRCONSO c
                                 ^

2025-05-29 21:59:35,661 - ERROR - Attempt 2/3 failed for term 'bacterial sinusitis': current transaction is aborted, commands ignored until end of transaction block

2025-05-29 21:59:35,662 - ERROR - Attempt 3/3 failed for term 'bacterial sinusitis': current transaction is aborted, commands ignored until end of transaction block

2025-05-29 21:59:35,662 - ERROR - Max retries reached for term 'bacterial sinusitis'
2025-05-29 21:59:35,680 - ERROR - Attempt 1/3 failed for term 'no joint pain': relation "mrconso" does not exist
LINE 3:                     FROM MRCONSO c
                                 ^

2025-05-29 21:59:35,682 - ERROR - Attempt 2/3 failed for term 'no joint pain': current transaction is aborted, commands ignored until end of transaction block

2025-05-29 21:59:35,683 - ERROR - Attempt 3/3 failed for term 'no joint pain': current transaction is aborted, commands ignored until end of transaction block

2025-05-29 21:59:35,684 - ERROR - Max retries reached for term 'no joint pain'
2025-05-29 21:59:35,698 - ERROR - Attempt 1/3 failed for term 'no dizziness': relation "mrconso" does not exist
LINE 3:                     FROM MRCONSO c
                                 ^

2025-05-29 21:59:35,698 - ERROR - Attempt 2/3 failed for term 'no dizziness': current transaction is aborted, commands ignored until end of transaction block

2025-05-29 21:59:35,699 - ERROR - Attempt 3/3 failed for term 'no dizziness': current transaction is aborted, commands ignored until end of transaction block

2025-05-29 21:59:35,700 - ERROR - Max retries reached for term 'no dizziness'
2025-05-29 21:59:35,715 - ERROR - Attempt 1/3 failed for term 'weight changes': relation "mrconso" does not exist
LINE 3:                     FROM MRCONSO c
                                 ^

2025-05-29 21:59:35,716 - ERROR - Attempt 2/3 failed for term 'weight changes': current transaction is aborted, commands ignored until end of transaction block

2025-05-29 21:59:35,717 - ERROR - Attempt 3/3 failed for term 'weight changes': current transaction is aborted, commands ignored until end of transaction block

2025-05-29 21:59:35,718 - ERROR - Max retries reached for term 'weight changes'
2025-05-29 21:59:35,737 - ERROR - Attempt 1/3 failed for term 'bruising': relation "mrconso" does not exist
LINE 3:                     FROM MRCONSO c
                                 ^

2025-05-29 21:59:35,739 - ERROR - Attempt 2/3 failed for term 'bruising': current transaction is aborted, commands ignored until end of transaction block

2025-05-29 21:59:35,741 - ERROR - Attempt 3/3 failed for term 'bruising': current transaction is aborted, commands ignored until end of transaction block

2025-05-29 21:59:35,742 - ERROR - Max retries reached for term 'bruising'
2025-05-29 21:59:35,766 - ERROR - Attempt 1/3 failed for term 'ophthalmologic': relation "mrconso" does not exist
LINE 3:                     FROM MRCONSO c
                                 ^

2025-05-29 21:59:35,767 - ERROR - Attempt 2/3 failed for term 'ophthalmologic': current transaction is aborted, commands ignored until end of transaction block

2025-05-29 21:59:35,769 - ERROR - Attempt 3/3 failed for term 'ophthalmologic': current transaction is aborted, commands ignored until end of transaction block

2025-05-29 21:59:35,770 - ERROR - Max retries reached for term 'ophthalmologic'
2025-05-29 21:59:35,793 - ERROR - Attempt 1/3 failed for term 'dermatologic': relation "mrconso" does not exist
LINE 3:                     FROM MRCONSO c
                                 ^

2025-05-29 21:59:35,794 - ERROR - Attempt 2/3 failed for term 'dermatologic': current transaction is aborted, commands ignored until end of transaction block

2025-05-29 21:59:35,795 - ERROR - Attempt 3/3 failed for term 'dermatologic': current transaction is aborted, commands ignored until end of transaction block

2025-05-29 21:59:35,796 - ERROR - Max retries reached for term 'dermatologic'
2025-05-29 21:59:35,820 - ERROR - Attempt 1/3 failed for term 'no rashes': relation "mrconso" does not exist
LINE 3:                     FROM MRCONSO c
                                 ^

2025-05-29 21:59:35,820 - ERROR - Attempt 2/3 failed for term 'no rashes': current transaction is aborted, commands ignored until end of transaction block

2025-05-29 21:59:35,821 - ERROR - Attempt 3/3 failed for term 'no rashes': current transaction is aborted, commands ignored until end of transaction block

2025-05-29 21:59:35,821 - ERROR - Max retries reached for term 'no rashes'
2025-05-29 21:59:35,845 - ERROR - Attempt 1/3 failed for term 'endocrine': relation "mrconso" does not exist
LINE 3:                     FROM MRCONSO c
                                 ^

2025-05-29 21:59:35,849 - ERROR - Attempt 2/3 failed for term 'endocrine': current transaction is aborted, commands ignored until end of transaction block

2025-05-29 21:59:35,852 - ERROR - Attempt 3/3 failed for term 'endocrine': current transaction is aborted, commands ignored until end of transaction block

2025-05-29 21:59:35,852 - ERROR - Max retries reached for term 'endocrine'
2025-05-29 21:59:35,856 - WARNING - Skipping non-clinical or blocked term: 'psychiatric'
2025-05-29 21:59:35,882 - ERROR - Attempt 1/3 failed for term 'nausea': relation "mrconso" does not exist
LINE 3:                     FROM MRCONSO c
                                 ^

2025-05-29 21:59:35,883 - ERROR - Attempt 2/3 failed for term 'nausea': current transaction is aborted, commands ignored until end of transaction block

2025-05-29 21:59:35,883 - ERROR - Attempt 3/3 failed for term 'nausea': current transaction is aborted, commands ignored until end of transaction block

2025-05-29 21:59:35,884 - ERROR - Max retries reached for term 'nausea'
2025-05-29 21:59:35,887 - WARNING - Skipping non-clinical or blocked term: 'symptoms'
2025-05-29 21:59:35,888 - WARNING - Skipping non-clinical or blocked term: 'hematologic'
2025-05-29 21:59:35,916 - ERROR - Attempt 1/3 failed for term 'bleeding': relation "mrconso" does not exist
LINE 3:                     FROM MRCONSO c
                                 ^

2025-05-29 21:59:35,917 - ERROR - Attempt 2/3 failed for term 'bleeding': current transaction is aborted, commands ignored until end of transaction block

2025-05-29 21:59:35,918 - ERROR - Attempt 3/3 failed for term 'bleeding': current transaction is aborted, commands ignored until end of transaction block

2025-05-29 21:59:35,918 - ERROR - Max retries reached for term 'bleeding'
2025-05-29 21:59:35,939 - ERROR - Attempt 1/3 failed for term 'primary assessment': relation "mrconso" does not exist
LINE 3:                     FROM MRCONSO c
                                 ^

2025-05-29 21:59:35,940 - ERROR - Attempt 2/3 failed for term 'primary assessment': current transaction is aborted, commands ignored until end of transaction block

2025-05-29 21:59:35,940 - ERROR - Attempt 3/3 failed for term 'primary assessment': current transaction is aborted, commands ignored until end of transaction block

2025-05-29 21:59:35,941 - ERROR - Max retries reached for term 'primary assessment'
2025-05-29 21:59:35,944 - WARNING - Skipping non-clinical or blocked term: 'vision'
2025-05-29 21:59:35,969 - ERROR - Attempt 1/3 failed for term 'consistent with': relation "mrconso" does not exist
LINE 3:                     FROM MRCONSO c
                                 ^

2025-05-29 21:59:35,973 - ERROR - Attempt 2/3 failed for term 'consistent with': current transaction is aborted, commands ignored until end of transaction block

2025-05-29 21:59:35,974 - ERROR - Attempt 3/3 failed for term 'consistent with': current transaction is aborted, commands ignored until end of transaction block

2025-05-29 21:59:35,975 - ERROR - Max retries reached for term 'consistent with'
2025-05-29 21:59:35,999 - ERROR - Attempt 1/3 failed for term 'genitourinary': relation "mrconso" does not exist
LINE 3:                     FROM MRCONSO c
                                 ^

2025-05-29 21:59:36,001 - ERROR - Attempt 2/3 failed for term 'genitourinary': current transaction is aborted, commands ignored until end of transaction block

2025-05-29 21:59:36,002 - ERROR - Attempt 3/3 failed for term 'genitourinary': current transaction is aborted, commands ignored until end of transaction block

2025-05-29 21:59:36,003 - ERROR - Max retries reached for term 'genitourinary'
2025-05-29 21:59:36,012 - WARNING - Skipping non-clinical or blocked term: 'gastrointestinal'
2025-05-29 21:59:36,030 - ERROR - Attempt 1/3 failed for term 'diarrhea': relation "mrconso" does not exist
LINE 3:                     FROM MRCONSO c
                                 ^

2025-05-29 21:59:36,031 - ERROR - Attempt 2/3 failed for term 'diarrhea': current transaction is aborted, commands ignored until end of transaction block

2025-05-29 21:59:36,033 - ERROR - Attempt 3/3 failed for term 'diarrhea': current transaction is aborted, commands ignored until end of transaction block

2025-05-29 21:59:36,036 - ERROR - Max retries reached for term 'diarrhea'
2025-05-29 21:59:36,057 - ERROR - Attempt 1/3 failed for term 'mood changes': relation "mrconso" does not exist
LINE 3:                     FROM MRCONSO c
                                 ^

2025-05-29 21:59:36,058 - ERROR - Attempt 2/3 failed for term 'mood changes': current transaction is aborted, commands ignored until end of transaction block

2025-05-29 21:59:36,058 - ERROR - Attempt 3/3 failed for term 'mood changes': current transaction is aborted, commands ignored until end of transaction block

2025-05-29 21:59:36,059 - ERROR - Max retries reached for term 'mood changes'
2025-05-29 21:59:36,084 - ERROR - Attempt 1/3 failed for term 'lesions': relation "mrconso" does not exist
LINE 3:                     FROM MRCONSO c
                                 ^

2025-05-29 21:59:36,085 - ERROR - Attempt 2/3 failed for term 'lesions': current transaction is aborted, commands ignored until end of transaction block

2025-05-29 21:59:36,085 - ERROR - Attempt 3/3 failed for term 'lesions': current transaction is aborted, commands ignored until end of transaction block

2025-05-29 21:59:36,086 - ERROR - Max retries reached for term 'lesions'
2025-05-29 21:59:36,107 - ERROR - Attempt 1/3 failed for term 'stiffness': relation "mrconso" does not exist
LINE 3:                     FROM MRCONSO c
                                 ^

2025-05-29 21:59:36,108 - ERROR - Attempt 2/3 failed for term 'stiffness': current transaction is aborted, commands ignored until end of transaction block

2025-05-29 21:59:36,110 - ERROR - Attempt 3/3 failed for term 'stiffness': current transaction is aborted, commands ignored until end of transaction block

2025-05-29 21:59:36,110 - ERROR - Max retries reached for term 'stiffness'
2025-05-29 21:59:36,135 - ERROR - Attempt 1/3 failed for term 'urinary changes': relation "mrconso" does not exist
LINE 3:                     FROM MRCONSO c
                                 ^

2025-05-29 21:59:36,136 - ERROR - Attempt 2/3 failed for term 'urinary changes': current transaction is aborted, commands ignored until end of transaction block

2025-05-29 21:59:36,139 - ERROR - Attempt 3/3 failed for term 'urinary changes': current transaction is aborted, commands ignored until end of transaction block

2025-05-29 21:59:36,139 - ERROR - Max retries reached for term 'urinary changes'
2025-05-29 21:59:36,170 - WARNING - Failed to fetch semantic type for CUI NO_CUI_no dizziness. musculoskeletal: no joint pain or stiffness. gastrointestinal: no nausea or diarrhea. genitourinary: no urinary changes. endocrine: no weight changes or thirst. hematologic: no easy bruising or bleeding. dermatologic: no rashes or lesions. psychiatric: no mood changes. ophthalmologic: no vision changes. primary assessment: symptoms consistent with acute bacterial sinusitis: relation "mrsty" does not exist
LINE 3:                             FROM MRSTY sty
                                         ^

2025-05-29 22:22:53,702 - WARNING - Diagnosis relevance weights for facial pain|nasal congestion|sinusitis|sinus pain|purulent nasal discharge do not sum to 1.0: 0
2025-05-29 22:22:53,702 - WARNING - Diagnosis relevance weights for cough do not sum to 1.0: 0
2025-05-29 22:22:53,703 - WARNING - Diagnosis relevance weights for headache|photophobia do not sum to 1.0: 0
2025-05-29 22:22:53,703 - WARNING - Diagnosis relevance weights for chest pain|shortness of breath|chest tightness do not sum to 1.0: 0
2025-05-29 22:22:53,704 - WARNING - Diagnosis relevance weights for epigastric pain|nausea do not sum to 1.0: 0
2025-05-29 22:22:53,704 - WARNING - Diagnosis relevance weights for knee pain|swelling do not sum to 1.0: 0
2025-05-29 22:22:53,704 - WARNING - Diagnosis relevance weights for back pain|lower back pain|backache do not sum to 1.0: 0
2025-05-29 22:22:53,705 - WARNING - Diagnosis relevance weights for fever|chills do not sum to 1.0: 0
2025-05-29 22:22:53,705 - WARNING - Diagnosis relevance weights for fatigue|obesity do not sum to 1.0: 0
2025-05-29 22:22:53,706 - WARNING - Diagnosis angina relevance weights do not sum to 1.0: 0.8
2025-05-29 22:22:53,760 - ERROR - Invalid JSON in /home/mathu/projects/hospital/departments/nlp/knowledge_base/medical_terms.json: Expecting value: line 7 column 12 (char 143). Using default data.
2025-05-29 22:22:53,839 - ERROR - Failed to create MongoDB indexes: An existing index has the same name as the requested index. When index names are not specified, they are auto generated and can cause conflicts. Please refer to our documentation. Requested index: { v: 2, unique: true, key: { term: 1 }, name: "term_1" }, existing index: { v: 2, key: { term: 1 }, name: "term_1" }, full error: {'ok': 0.0, 'errmsg': 'An existing index has the same name as the requested index. When index names are not specified, they are auto generated and can cause conflicts. Please refer to our documentation. Requested index: { v: 2, unique: true, key: { term: 1 }, name: "term_1" }, existing index: { v: 2, key: { term: 1 }, name: "term_1" }', 'code': 86, 'codeName': 'IndexKeySpecsConflict'}
2025-05-29 22:22:53,891 - ERROR - Failed to create MongoDB indexes: An existing index has the same name as the requested index. When index names are not specified, they are auto generated and can cause conflicts. Please refer to our documentation. Requested index: { v: 2, unique: true, key: { term: 1 }, name: "term_1" }, existing index: { v: 2, key: { term: 1 }, name: "term_1" }, full error: {'ok': 0.0, 'errmsg': 'An existing index has the same name as the requested index. When index names are not specified, they are auto generated and can cause conflicts. Please refer to our documentation. Requested index: { v: 2, unique: true, key: { term: 1 }, name: "term_1" }, existing index: { v: 2, key: { term: 1 }, name: "term_1" }', 'code': 86, 'codeName': 'IndexKeySpecsConflict'}
2025-05-29 22:22:54,976 - ERROR - Attempt 1/3 failed for term 'facial pain': relation "mrconso" does not exist
LINE 3:                     FROM MRCONSO c
                                 ^

2025-05-29 22:22:54,976 - ERROR - Attempt 2/3 failed for term 'facial pain': current transaction is aborted, commands ignored until end of transaction block

2025-05-29 22:22:54,977 - ERROR - Attempt 3/3 failed for term 'facial pain': current transaction is aborted, commands ignored until end of transaction block

2025-05-29 22:22:54,977 - ERROR - Max retries reached for term 'facial pain'
2025-05-29 22:22:54,986 - WARNING - Failed to fetch semantic type for CUI NO_CUI_facial pain: relation "mrsty" does not exist
LINE 3:                             FROM MRSTY sty
                                         ^

2025-05-29 22:22:55,087 - ERROR - Attempt 1/3 failed for term 'nasal congestion': relation "mrconso" does not exist
LINE 3:                     FROM MRCONSO c
                                 ^

2025-05-29 22:22:55,090 - ERROR - Attempt 2/3 failed for term 'nasal congestion': current transaction is aborted, commands ignored until end of transaction block

2025-05-29 22:22:55,092 - ERROR - Attempt 3/3 failed for term 'nasal congestion': current transaction is aborted, commands ignored until end of transaction block

2025-05-29 22:22:55,093 - ERROR - Max retries reached for term 'nasal congestion'
2025-05-29 22:22:55,112 - WARNING - Failed to fetch semantic type for CUI NO_CUI_nasal congestion: relation "mrsty" does not exist
LINE 3:                             FROM MRSTY sty
                                         ^

2025-05-29 22:22:55,203 - ERROR - Attempt 1/3 failed for term 'nasal discharge': relation "mrconso" does not exist
LINE 3:                     FROM MRCONSO c
                                 ^

2025-05-29 22:22:55,204 - ERROR - Attempt 2/3 failed for term 'nasal discharge': current transaction is aborted, commands ignored until end of transaction block

2025-05-29 22:22:55,204 - ERROR - Attempt 3/3 failed for term 'nasal discharge': current transaction is aborted, commands ignored until end of transaction block

2025-05-29 22:22:55,204 - ERROR - Max retries reached for term 'nasal discharge'
2025-05-29 22:22:55,214 - ERROR - Attempt 1/3 failed for term 'purulent': relation "mrconso" does not exist
LINE 3:                     FROM MRCONSO c
                                 ^

2025-05-29 22:22:55,214 - ERROR - Attempt 2/3 failed for term 'purulent': current transaction is aborted, commands ignored until end of transaction block

2025-05-29 22:22:55,215 - ERROR - Attempt 3/3 failed for term 'purulent': current transaction is aborted, commands ignored until end of transaction block

2025-05-29 22:22:55,215 - ERROR - Max retries reached for term 'purulent'
2025-05-29 22:22:55,226 - WARNING - Failed to fetch semantic type for CUI NO_CUI_purulent nasal discharge: relation "mrsty" does not exist
LINE 3:                             FROM MRSTY sty
                                         ^

2025-05-29 22:22:55,382 - ERROR - Attempt 1/3 failed for term 'fever': relation "mrconso" does not exist
LINE 3:                     FROM MRCONSO c
                                 ^

2025-05-29 22:22:55,382 - ERROR - Attempt 2/3 failed for term 'fever': current transaction is aborted, commands ignored until end of transaction block

2025-05-29 22:22:55,383 - ERROR - Attempt 3/3 failed for term 'fever': current transaction is aborted, commands ignored until end of transaction block

2025-05-29 22:22:55,383 - ERROR - Max retries reached for term 'fever'
2025-05-29 22:22:55,404 - WARNING - Failed to fetch semantic type for CUI NO_CUI_fever: relation "mrsty" does not exist
LINE 3:                             FROM MRSTY sty
                                         ^

2025-05-29 22:22:55,576 - WARNING - Skipping non-clinical or blocked term: 'days'
2025-05-29 22:22:55,586 - ERROR - Attempt 1/3 failed for term 'reports': relation "mrconso" does not exist
LINE 3:                     FROM MRCONSO c
                                 ^

2025-05-29 22:22:55,586 - ERROR - Attempt 2/3 failed for term 'reports': current transaction is aborted, commands ignored until end of transaction block

2025-05-29 22:22:55,587 - ERROR - Attempt 3/3 failed for term 'reports': current transaction is aborted, commands ignored until end of transaction block

2025-05-29 22:22:55,587 - ERROR - Max retries reached for term 'reports'
2025-05-29 22:22:55,602 - ERROR - Attempt 1/3 failed for term 'patient': relation "mrconso" does not exist
LINE 3:                     FROM MRCONSO c
                                 ^

2025-05-29 22:22:55,603 - ERROR - Attempt 2/3 failed for term 'patient': current transaction is aborted, commands ignored until end of transaction block

2025-05-29 22:22:55,604 - ERROR - Attempt 3/3 failed for term 'patient': current transaction is aborted, commands ignored until end of transaction block

2025-05-29 22:22:55,605 - ERROR - Max retries reached for term 'patient'
2025-05-29 22:22:55,622 - ERROR - Attempt 1/3 failed for term 'fever': relation "mrconso" does not exist
LINE 3:                     FROM MRCONSO c
                                 ^

2025-05-29 22:22:55,623 - ERROR - Attempt 2/3 failed for term 'fever': current transaction is aborted, commands ignored until end of transaction block

2025-05-29 22:22:55,624 - ERROR - Attempt 3/3 failed for term 'fever': current transaction is aborted, commands ignored until end of transaction block

2025-05-29 22:22:55,625 - ERROR - Max retries reached for term 'fever'
2025-05-29 22:22:55,641 - ERROR - Attempt 1/3 failed for term 'nasal discharge': relation "mrconso" does not exist
LINE 3:                     FROM MRCONSO c
                                 ^

2025-05-29 22:22:55,643 - ERROR - Attempt 2/3 failed for term 'nasal discharge': current transaction is aborted, commands ignored until end of transaction block

2025-05-29 22:22:55,644 - ERROR - Attempt 3/3 failed for term 'nasal discharge': current transaction is aborted, commands ignored until end of transaction block

2025-05-29 22:22:55,644 - ERROR - Max retries reached for term 'nasal discharge'
2025-05-29 22:22:55,660 - ERROR - Attempt 1/3 failed for term 'facial pain': relation "mrconso" does not exist
LINE 3:                     FROM MRCONSO c
                                 ^

2025-05-29 22:22:55,661 - ERROR - Attempt 2/3 failed for term 'facial pain': current transaction is aborted, commands ignored until end of transaction block

2025-05-29 22:22:55,662 - ERROR - Attempt 3/3 failed for term 'facial pain': current transaction is aborted, commands ignored until end of transaction block

2025-05-29 22:22:55,663 - ERROR - Max retries reached for term 'facial pain'
2025-05-29 22:22:55,688 - ERROR - Attempt 1/3 failed for term 'purulent': relation "mrconso" does not exist
LINE 3:                     FROM MRCONSO c
                                 ^

2025-05-29 22:22:55,689 - ERROR - Attempt 2/3 failed for term 'purulent': current transaction is aborted, commands ignored until end of transaction block

2025-05-29 22:22:55,691 - ERROR - Attempt 3/3 failed for term 'purulent': current transaction is aborted, commands ignored until end of transaction block

2025-05-29 22:22:55,694 - ERROR - Max retries reached for term 'purulent'
2025-05-29 22:22:55,719 - ERROR - Attempt 1/3 failed for term 'nasal congestion': relation "mrconso" does not exist
LINE 3:                     FROM MRCONSO c
                                 ^

2025-05-29 22:22:55,722 - ERROR - Attempt 2/3 failed for term 'nasal congestion': current transaction is aborted, commands ignored until end of transaction block

2025-05-29 22:22:55,725 - ERROR - Attempt 3/3 failed for term 'nasal congestion': current transaction is aborted, commands ignored until end of transaction block

2025-05-29 22:22:55,725 - ERROR - Max retries reached for term 'nasal congestion'
2025-05-29 22:22:55,745 - WARNING - Failed to fetch semantic type for CUI NO_CUI_patient presents with facial pain, nasal congestion, and fever for 10 days. reports purulent nasal discharge.: relation "mrsty" does not exist
LINE 3:                             FROM MRSTY sty
                                         ^

2025-05-29 22:22:55,860 - ERROR - Attempt 1/3 failed for term 'headache': relation "mrconso" does not exist
LINE 3:                     FROM MRCONSO c
                                 ^

2025-05-29 22:22:55,861 - ERROR - Attempt 2/3 failed for term 'headache': current transaction is aborted, commands ignored until end of transaction block

2025-05-29 22:22:55,861 - ERROR - Attempt 3/3 failed for term 'headache': current transaction is aborted, commands ignored until end of transaction block

2025-05-29 22:22:55,862 - ERROR - Max retries reached for term 'headache'
2025-05-29 22:22:55,871 - WARNING - Failed to fetch semantic type for CUI NO_CUI_headache: relation "mrsty" does not exist
LINE 3:                             FROM MRSTY sty
                                         ^

2025-05-29 22:22:55,975 - ERROR - Attempt 1/3 failed for term 'patient complains': relation "mrconso" does not exist
LINE 3:                     FROM MRCONSO c
                                 ^

2025-05-29 22:22:55,975 - ERROR - Attempt 2/3 failed for term 'patient complains': current transaction is aborted, commands ignored until end of transaction block

2025-05-29 22:22:55,976 - ERROR - Attempt 3/3 failed for term 'patient complains': current transaction is aborted, commands ignored until end of transaction block

2025-05-29 22:22:55,976 - ERROR - Max retries reached for term 'patient complains'
2025-05-29 22:22:55,987 - ERROR - Attempt 1/3 failed for term 'headache': relation "mrconso" does not exist
LINE 3:                     FROM MRCONSO c
                                 ^

2025-05-29 22:22:55,987 - ERROR - Attempt 2/3 failed for term 'headache': current transaction is aborted, commands ignored until end of transaction block

2025-05-29 22:22:55,988 - ERROR - Attempt 3/3 failed for term 'headache': current transaction is aborted, commands ignored until end of transaction block

2025-05-29 22:22:55,988 - ERROR - Max retries reached for term 'headache'
2025-05-29 22:22:55,999 - WARNING - Failed to fetch semantic type for CUI NO_CUI_patient complains of headache: relation "mrsty" does not exist
LINE 3:                             FROM MRSTY sty
                                         ^

2025-05-29 22:22:56,091 - ERROR - Attempt 1/3 failed for term 'back pain': relation "mrconso" does not exist
LINE 3:                     FROM MRCONSO c
                                 ^

2025-05-29 22:22:56,092 - ERROR - Attempt 2/3 failed for term 'back pain': current transaction is aborted, commands ignored until end of transaction block

2025-05-29 22:22:56,092 - ERROR - Attempt 3/3 failed for term 'back pain': current transaction is aborted, commands ignored until end of transaction block

2025-05-29 22:22:56,093 - ERROR - Max retries reached for term 'back pain'
2025-05-29 22:22:56,106 - WARNING - Failed to fetch semantic type for CUI NO_CUI_back pain: relation "mrsty" does not exist
LINE 3:                             FROM MRSTY sty
                                         ^

2025-05-29 22:22:56,215 - ERROR - Attempt 1/3 failed for term 'movement': relation "mrconso" does not exist
LINE 3:                     FROM MRCONSO c
                                 ^

2025-05-29 22:22:56,216 - ERROR - Attempt 2/3 failed for term 'movement': current transaction is aborted, commands ignored until end of transaction block

2025-05-29 22:22:56,216 - ERROR - Attempt 3/3 failed for term 'movement': current transaction is aborted, commands ignored until end of transaction block

2025-05-29 22:22:56,216 - ERROR - Max retries reached for term 'movement'
2025-05-29 22:22:56,226 - ERROR - Attempt 1/3 failed for term 'pain': relation "mrconso" does not exist
LINE 3:                     FROM MRCONSO c
                                 ^

2025-05-29 22:22:56,227 - ERROR - Attempt 2/3 failed for term 'pain': current transaction is aborted, commands ignored until end of transaction block

2025-05-29 22:22:56,227 - ERROR - Attempt 3/3 failed for term 'pain': current transaction is aborted, commands ignored until end of transaction block

2025-05-29 22:22:56,227 - ERROR - Max retries reached for term 'pain'
2025-05-29 22:22:56,240 - WARNING - Failed to fetch semantic type for CUI NO_CUI_pain on movement: relation "mrsty" does not exist
LINE 3:                             FROM MRSTY sty
                                         ^

2025-05-29 22:22:56,342 - ERROR - Attempt 1/3 failed for term 'obesity': relation "mrconso" does not exist
LINE 3:                     FROM MRCONSO c
                                 ^

2025-05-29 22:22:56,342 - ERROR - Attempt 2/3 failed for term 'obesity': current transaction is aborted, commands ignored until end of transaction block

2025-05-29 22:22:56,343 - ERROR - Attempt 3/3 failed for term 'obesity': current transaction is aborted, commands ignored until end of transaction block

2025-05-29 22:22:56,343 - ERROR - Max retries reached for term 'obesity'
2025-05-29 22:22:56,353 - WARNING - Failed to fetch semantic type for CUI NO_CUI_obesity: relation "mrsty" does not exist
LINE 3:                             FROM MRSTY sty
                                         ^

2025-05-29 22:22:56,452 - ERROR - Attempt 1/3 failed for term 'back pain': relation "mrconso" does not exist
LINE 3:                     FROM MRCONSO c
                                 ^

2025-05-29 22:22:56,453 - ERROR - Attempt 2/3 failed for term 'back pain': current transaction is aborted, commands ignored until end of transaction block

2025-05-29 22:22:56,453 - ERROR - Attempt 3/3 failed for term 'back pain': current transaction is aborted, commands ignored until end of transaction block

2025-05-29 22:22:56,453 - ERROR - Max retries reached for term 'back pain'
2025-05-29 22:22:56,464 - ERROR - Attempt 1/3 failed for term 'weeks': relation "mrconso" does not exist
LINE 3:                     FROM MRCONSO c
                                 ^

2025-05-29 22:22:56,464 - ERROR - Attempt 2/3 failed for term 'weeks': current transaction is aborted, commands ignored until end of transaction block

2025-05-29 22:22:56,465 - ERROR - Attempt 3/3 failed for term 'weeks': current transaction is aborted, commands ignored until end of transaction block

2025-05-29 22:22:56,465 - ERROR - Max retries reached for term 'weeks'
2025-05-29 22:22:56,478 - WARNING - Failed to fetch semantic type for CUI NO_CUI_back pain for two weeks: relation "mrsty" does not exist
LINE 3:                             FROM MRSTY sty
                                         ^

2025-05-29 22:22:56,610 - WARNING - Skipping non-clinical or blocked term: 'days'
2025-05-29 22:22:56,618 - ERROR - Attempt 1/3 failed for term 'patient complains': relation "mrconso" does not exist
LINE 3:                     FROM MRCONSO c
                                 ^

2025-05-29 22:22:56,619 - ERROR - Attempt 2/3 failed for term 'patient complains': current transaction is aborted, commands ignored until end of transaction block

2025-05-29 22:22:56,620 - ERROR - Attempt 3/3 failed for term 'patient complains': current transaction is aborted, commands ignored until end of transaction block

2025-05-29 22:22:56,620 - ERROR - Max retries reached for term 'patient complains'
2025-05-29 22:22:56,632 - ERROR - Attempt 1/3 failed for term 'associated with': relation "mrconso" does not exist
LINE 3:                     FROM MRCONSO c
                                 ^

2025-05-29 22:22:56,632 - ERROR - Attempt 2/3 failed for term 'associated with': current transaction is aborted, commands ignored until end of transaction block

2025-05-29 22:22:56,633 - ERROR - Attempt 3/3 failed for term 'associated with': current transaction is aborted, commands ignored until end of transaction block

2025-05-29 22:22:56,633 - ERROR - Max retries reached for term 'associated with'
2025-05-29 22:22:56,633 - WARNING - Skipping non-clinical or blocked term: 'chills'
2025-05-29 22:22:56,645 - ERROR - Attempt 1/3 failed for term 'fevers': relation "mrconso" does not exist
LINE 3:                     FROM MRCONSO c
                                 ^

2025-05-29 22:22:56,646 - ERROR - Attempt 2/3 failed for term 'fevers': current transaction is aborted, commands ignored until end of transaction block

2025-05-29 22:22:56,647 - ERROR - Attempt 3/3 failed for term 'fevers': current transaction is aborted, commands ignored until end of transaction block

2025-05-29 22:22:56,648 - ERROR - Max retries reached for term 'fevers'
2025-05-29 22:22:56,661 - ERROR - Attempt 1/3 failed for term 'headache': relation "mrconso" does not exist
LINE 3:                     FROM MRCONSO c
                                 ^

2025-05-29 22:22:56,662 - ERROR - Attempt 2/3 failed for term 'headache': current transaction is aborted, commands ignored until end of transaction block

2025-05-29 22:22:56,663 - ERROR - Attempt 3/3 failed for term 'headache': current transaction is aborted, commands ignored until end of transaction block

2025-05-29 22:22:56,663 - ERROR - Max retries reached for term 'headache'
2025-05-29 22:22:56,679 - WARNING - Failed to fetch semantic type for CUI NO_CUI_patient complains of headache the headache started three days ago. the headache is associated with fevers and chills: relation "mrsty" does not exist
LINE 3:                             FROM MRSTY sty
                                         ^

2025-05-29 22:22:56,830 - ERROR - Attempt 1/3 failed for term 'licking': relation "mrconso" does not exist
LINE 3:                     FROM MRCONSO c
                                 ^

2025-05-29 22:22:56,831 - ERROR - Attempt 2/3 failed for term 'licking': current transaction is aborted, commands ignored until end of transaction block

2025-05-29 22:22:56,831 - ERROR - Attempt 3/3 failed for term 'licking': current transaction is aborted, commands ignored until end of transaction block

2025-05-29 22:22:56,831 - ERROR - Max retries reached for term 'licking'
2025-05-29 22:22:56,843 - ERROR - Attempt 1/3 failed for term 'nausea': relation "mrconso" does not exist
LINE 3:                     FROM MRCONSO c
                                 ^

2025-05-29 22:22:56,844 - ERROR - Attempt 2/3 failed for term 'nausea': current transaction is aborted, commands ignored until end of transaction block

2025-05-29 22:22:56,845 - ERROR - Attempt 3/3 failed for term 'nausea': current transaction is aborted, commands ignored until end of transaction block

2025-05-29 22:22:56,845 - ERROR - Max retries reached for term 'nausea'
2025-05-29 22:22:56,858 - ERROR - Attempt 1/3 failed for term 'fats': relation "mrconso" does not exist
LINE 3:                     FROM MRCONSO c
                                 ^

2025-05-29 22:22:56,860 - ERROR - Attempt 2/3 failed for term 'fats': current transaction is aborted, commands ignored until end of transaction block

2025-05-29 22:22:56,861 - ERROR - Attempt 3/3 failed for term 'fats': current transaction is aborted, commands ignored until end of transaction block

2025-05-29 22:22:56,862 - ERROR - Max retries reached for term 'fats'
2025-05-29 22:22:56,862 - WARNING - Skipping non-clinical or blocked term: 'worse'
2025-05-29 22:22:56,877 - ERROR - Attempt 1/3 failed for term 'patient': relation "mrconso" does not exist
LINE 3:                     FROM MRCONSO c
                                 ^

2025-05-29 22:22:56,878 - ERROR - Attempt 2/3 failed for term 'patient': current transaction is aborted, commands ignored until end of transaction block

2025-05-29 22:22:56,879 - ERROR - Attempt 3/3 failed for term 'patient': current transaction is aborted, commands ignored until end of transaction block

2025-05-29 22:22:56,879 - ERROR - Max retries reached for term 'patient'
2025-05-29 22:22:56,880 - WARNING - Skipping non-clinical or blocked term: 'foods'
2025-05-29 22:22:56,895 - ERROR - Attempt 1/3 failed for term 'jaundice': relation "mrconso" does not exist
LINE 3:                     FROM MRCONSO c
                                 ^

2025-05-29 22:22:56,896 - ERROR - Attempt 2/3 failed for term 'jaundice': current transaction is aborted, commands ignored until end of transaction block

2025-05-29 22:22:56,897 - ERROR - Attempt 3/3 failed for term 'jaundice': current transaction is aborted, commands ignored until end of transaction block

2025-05-29 22:22:56,898 - ERROR - Max retries reached for term 'jaundice'
2025-05-29 22:22:56,910 - ERROR - Attempt 1/3 failed for term 'vomiting': relation "mrconso" does not exist
LINE 3:                     FROM MRCONSO c
                                 ^

2025-05-29 22:22:56,911 - ERROR - Attempt 2/3 failed for term 'vomiting': current transaction is aborted, commands ignored until end of transaction block

2025-05-29 22:22:56,912 - ERROR - Attempt 3/3 failed for term 'vomiting': current transaction is aborted, commands ignored until end of transaction block

2025-05-29 22:22:56,913 - ERROR - Max retries reached for term 'vomiting'
2025-05-29 22:22:56,929 - ERROR - Attempt 1/3 failed for term 'tea': relation "mrconso" does not exist
LINE 3:                     FROM MRCONSO c
                                 ^

2025-05-29 22:22:56,930 - ERROR - Attempt 2/3 failed for term 'tea': current transaction is aborted, commands ignored until end of transaction block

2025-05-29 22:22:56,931 - ERROR - Attempt 3/3 failed for term 'tea': current transaction is aborted, commands ignored until end of transaction block

2025-05-29 22:22:56,932 - ERROR - Max retries reached for term 'tea'
2025-05-29 22:22:56,948 - ERROR - Attempt 1/3 failed for term 'strong': relation "mrconso" does not exist
LINE 3:                     FROM MRCONSO c
                                 ^

2025-05-29 22:22:56,949 - ERROR - Attempt 2/3 failed for term 'strong': current transaction is aborted, commands ignored until end of transaction block

2025-05-29 22:22:56,949 - ERROR - Attempt 3/3 failed for term 'strong': current transaction is aborted, commands ignored until end of transaction block

2025-05-29 22:22:56,950 - ERROR - Max retries reached for term 'strong'
2025-05-29 22:22:56,961 - ERROR - Attempt 1/3 failed for term 'loss of appetite': relation "mrconso" does not exist
LINE 3:                     FROM MRCONSO c
                                 ^

2025-05-29 22:22:56,962 - ERROR - Attempt 2/3 failed for term 'loss of appetite': current transaction is aborted, commands ignored until end of transaction block

2025-05-29 22:22:56,963 - ERROR - Attempt 3/3 failed for term 'loss of appetite': current transaction is aborted, commands ignored until end of transaction block

2025-05-29 22:22:56,963 - ERROR - Max retries reached for term 'loss of appetite'
2025-05-29 22:22:56,964 - WARNING - Skipping non-clinical or blocked term: 'eyes'
2025-05-29 22:22:56,977 - WARNING - Failed to fetch semantic type for CUI NO_CUI_nausea and vomiting and loss of appetite the patient has jaundice in the eyes taking foods with fats makes the nausea worse taking strong tea and licking salt alleviates the nausea: relation "mrsty" does not exist
LINE 3:                             FROM MRSTY sty
                                         ^

2025-05-29 22:22:57,088 - ERROR - Attempt 1/3 failed for term 'patient': relation "mrconso" does not exist
LINE 3:                     FROM MRCONSO c
                                 ^

2025-05-29 22:22:57,089 - ERROR - Attempt 2/3 failed for term 'patient': current transaction is aborted, commands ignored until end of transaction block

2025-05-29 22:22:57,089 - ERROR - Attempt 3/3 failed for term 'patient': current transaction is aborted, commands ignored until end of transaction block

2025-05-29 22:22:57,089 - ERROR - Max retries reached for term 'patient'
2025-05-29 22:22:57,102 - ERROR - Attempt 1/3 failed for term 'facial pain': relation "mrconso" does not exist
LINE 3:                     FROM MRCONSO c
                                 ^

2025-05-29 22:22:57,102 - ERROR - Attempt 2/3 failed for term 'facial pain': current transaction is aborted, commands ignored until end of transaction block

2025-05-29 22:22:57,103 - ERROR - Attempt 3/3 failed for term 'facial pain': current transaction is aborted, commands ignored until end of transaction block

2025-05-29 22:22:57,103 - ERROR - Max retries reached for term 'facial pain'
2025-05-29 22:22:57,123 - WARNING - Failed to fetch semantic type for CUI NO_CUI_patient presents with facial pain: relation "mrsty" does not exist
LINE 3:                             FROM MRSTY sty
                                         ^

2025-05-29 22:22:57,248 - ERROR - Attempt 1/3 failed for term 'assessment': relation "mrconso" does not exist
LINE 3:                     FROM MRCONSO c
                                 ^

2025-05-29 22:22:57,248 - ERROR - Attempt 2/3 failed for term 'assessment': current transaction is aborted, commands ignored until end of transaction block

2025-05-29 22:22:57,249 - ERROR - Attempt 3/3 failed for term 'assessment': current transaction is aborted, commands ignored until end of transaction block

2025-05-29 22:22:57,249 - ERROR - Max retries reached for term 'assessment'
2025-05-29 22:22:57,264 - ERROR - Attempt 1/3 failed for term 'patient reports': relation "mrconso" does not exist
LINE 3:                     FROM MRCONSO c
                                 ^

2025-05-29 22:22:57,265 - ERROR - Attempt 2/3 failed for term 'patient reports': current transaction is aborted, commands ignored until end of transaction block

2025-05-29 22:22:57,265 - ERROR - Attempt 3/3 failed for term 'patient reports': current transaction is aborted, commands ignored until end of transaction block

2025-05-29 22:22:57,266 - ERROR - Max retries reached for term 'patient reports'
2025-05-29 22:22:57,278 - ERROR - Attempt 1/3 failed for term 'back pain': relation "mrconso" does not exist
LINE 3:                     FROM MRCONSO c
                                 ^

2025-05-29 22:22:57,280 - ERROR - Attempt 2/3 failed for term 'back pain': current transaction is aborted, commands ignored until end of transaction block

2025-05-29 22:22:57,280 - ERROR - Attempt 3/3 failed for term 'back pain': current transaction is aborted, commands ignored until end of transaction block

2025-05-29 22:22:57,281 - ERROR - Max retries reached for term 'back pain'
2025-05-29 22:22:57,297 - ERROR - Attempt 1/3 failed for term 'weeks': relation "mrconso" does not exist
LINE 3:                     FROM MRCONSO c
                                 ^

2025-05-29 22:22:57,298 - ERROR - Attempt 2/3 failed for term 'weeks': current transaction is aborted, commands ignored until end of transaction block

2025-05-29 22:22:57,299 - ERROR - Attempt 3/3 failed for term 'weeks': current transaction is aborted, commands ignored until end of transaction block

2025-05-29 22:22:57,300 - ERROR - Max retries reached for term 'weeks'
2025-05-29 22:22:57,316 - WARNING - Failed to fetch semantic type for CUI NO_CUI_back pain for two weeks the patient reports backpain for three weeks on assessment: relation "mrsty" does not exist
LINE 3:                             FROM MRSTY sty
                                         ^

2025-05-29 22:22:57,420 - ERROR - Attempt 1/3 failed for term 'stretching': relation "mrconso" does not exist
LINE 3:                     FROM MRCONSO c
                                 ^

2025-05-29 22:22:57,420 - ERROR - Attempt 2/3 failed for term 'stretching': current transaction is aborted, commands ignored until end of transaction block

2025-05-29 22:22:57,421 - ERROR - Attempt 3/3 failed for term 'stretching': current transaction is aborted, commands ignored until end of transaction block

2025-05-29 22:22:57,421 - ERROR - Max retries reached for term 'stretching'
2025-05-29 22:22:57,434 - ERROR - Attempt 1/3 failed for term 'obese': relation "mrconso" does not exist
LINE 3:                     FROM MRCONSO c
                                 ^

2025-05-29 22:22:57,435 - ERROR - Attempt 2/3 failed for term 'obese': current transaction is aborted, commands ignored until end of transaction block

2025-05-29 22:22:57,435 - ERROR - Attempt 3/3 failed for term 'obese': current transaction is aborted, commands ignored until end of transaction block

2025-05-29 22:22:57,436 - ERROR - Max retries reached for term 'obese'
2025-05-29 22:22:57,449 - ERROR - Attempt 1/3 failed for term 'patient': relation "mrconso" does not exist
LINE 3:                     FROM MRCONSO c
                                 ^

2025-05-29 22:22:57,450 - ERROR - Attempt 2/3 failed for term 'patient': current transaction is aborted, commands ignored until end of transaction block

2025-05-29 22:22:57,451 - ERROR - Attempt 3/3 failed for term 'patient': current transaction is aborted, commands ignored until end of transaction block

2025-05-29 22:22:57,451 - ERROR - Max retries reached for term 'patient'
2025-05-29 22:22:57,464 - ERROR - Attempt 1/3 failed for term 'sitting': relation "mrconso" does not exist
LINE 3:                     FROM MRCONSO c
                                 ^

2025-05-29 22:22:57,466 - ERROR - Attempt 2/3 failed for term 'sitting': current transaction is aborted, commands ignored until end of transaction block

2025-05-29 22:22:57,467 - ERROR - Attempt 3/3 failed for term 'sitting': current transaction is aborted, commands ignored until end of transaction block

2025-05-29 22:22:57,467 - ERROR - Max retries reached for term 'sitting'
2025-05-29 22:22:57,481 - ERROR - Attempt 1/3 failed for term 'pain': relation "mrconso" does not exist
LINE 3:                     FROM MRCONSO c
                                 ^

2025-05-29 22:22:57,482 - ERROR - Attempt 2/3 failed for term 'pain': current transaction is aborted, commands ignored until end of transaction block

2025-05-29 22:22:57,483 - ERROR - Attempt 3/3 failed for term 'pain': current transaction is aborted, commands ignored until end of transaction block

2025-05-29 22:22:57,483 - ERROR - Max retries reached for term 'pain'
2025-05-29 22:22:57,495 - ERROR - Attempt 1/3 failed for term 'backpain': relation "mrconso" does not exist
LINE 3:                     FROM MRCONSO c
                                 ^

2025-05-29 22:22:57,496 - ERROR - Attempt 2/3 failed for term 'backpain': current transaction is aborted, commands ignored until end of transaction block

2025-05-29 22:22:57,497 - ERROR - Attempt 3/3 failed for term 'backpain': current transaction is aborted, commands ignored until end of transaction block

2025-05-29 22:22:57,497 - ERROR - Max retries reached for term 'backpain'
2025-05-29 22:22:57,511 - ERROR - Attempt 1/3 failed for term 'standing': relation "mrconso" does not exist
LINE 3:                     FROM MRCONSO c
                                 ^

2025-05-29 22:22:57,512 - ERROR - Attempt 2/3 failed for term 'standing': current transaction is aborted, commands ignored until end of transaction block

2025-05-29 22:22:57,513 - ERROR - Attempt 3/3 failed for term 'standing': current transaction is aborted, commands ignored until end of transaction block

2025-05-29 22:22:57,513 - ERROR - Max retries reached for term 'standing'
2025-05-29 22:22:57,526 - WARNING - Failed to fetch semantic type for CUI NO_CUI_the patient is obese the backpain is made worse by sitting down for long the pain is alleviated by standing and stretching: relation "mrsty" does not exist
LINE 3:                             FROM MRSTY sty
                                         ^

2025-05-29 22:22:57,638 - WARNING - Skipping non-clinical or blocked term: 'days'
2025-05-29 22:22:57,649 - ERROR - Attempt 1/3 failed for term 'reports': relation "mrconso" does not exist
LINE 3:                     FROM MRCONSO c
                                 ^

2025-05-29 22:22:57,651 - ERROR - Attempt 2/3 failed for term 'reports': current transaction is aborted, commands ignored until end of transaction block

2025-05-29 22:22:57,651 - ERROR - Attempt 3/3 failed for term 'reports': current transaction is aborted, commands ignored until end of transaction block

2025-05-29 22:22:57,652 - ERROR - Max retries reached for term 'reports'
2025-05-29 22:22:57,668 - ERROR - Attempt 1/3 failed for term 'fever': relation "mrconso" does not exist
LINE 3:                     FROM MRCONSO c
                                 ^

2025-05-29 22:22:57,669 - ERROR - Attempt 2/3 failed for term 'fever': current transaction is aborted, commands ignored until end of transaction block

2025-05-29 22:22:57,669 - ERROR - Attempt 3/3 failed for term 'fever': current transaction is aborted, commands ignored until end of transaction block

2025-05-29 22:22:57,669 - ERROR - Max retries reached for term 'fever'
2025-05-29 22:22:57,683 - ERROR - Attempt 1/3 failed for term 'maxillary sinuses': relation "mrconso" does not exist
LINE 3:                     FROM MRCONSO c
                                 ^

2025-05-29 22:22:57,684 - ERROR - Attempt 2/3 failed for term 'maxillary sinuses': current transaction is aborted, commands ignored until end of transaction block

2025-05-29 22:22:57,685 - ERROR - Attempt 3/3 failed for term 'maxillary sinuses': current transaction is aborted, commands ignored until end of transaction block

2025-05-29 22:22:57,685 - ERROR - Max retries reached for term 'maxillary sinuses'
2025-05-29 22:22:57,700 - ERROR - Attempt 1/3 failed for term 'nasal discharge': relation "mrconso" does not exist
LINE 3:                     FROM MRCONSO c
                                 ^

2025-05-29 22:22:57,700 - ERROR - Attempt 2/3 failed for term 'nasal discharge': current transaction is aborted, commands ignored until end of transaction block

2025-05-29 22:22:57,701 - ERROR - Attempt 3/3 failed for term 'nasal discharge': current transaction is aborted, commands ignored until end of transaction block

2025-05-29 22:22:57,701 - ERROR - Max retries reached for term 'nasal discharge'
2025-05-29 22:22:57,713 - ERROR - Attempt 1/3 failed for term 'purulent': relation "mrconso" does not exist
LINE 3:                     FROM MRCONSO c
                                 ^

2025-05-29 22:22:57,714 - ERROR - Attempt 2/3 failed for term 'purulent': current transaction is aborted, commands ignored until end of transaction block

2025-05-29 22:22:57,714 - ERROR - Attempt 3/3 failed for term 'purulent': current transaction is aborted, commands ignored until end of transaction block

2025-05-29 22:22:57,715 - ERROR - Max retries reached for term 'purulent'
2025-05-29 22:22:57,731 - ERROR - Attempt 1/3 failed for term 'facial pain': relation "mrconso" does not exist
LINE 3:                     FROM MRCONSO c
                                 ^

2025-05-29 22:22:57,732 - ERROR - Attempt 2/3 failed for term 'facial pain': current transaction is aborted, commands ignored until end of transaction block

2025-05-29 22:22:57,732 - ERROR - Attempt 3/3 failed for term 'facial pain': current transaction is aborted, commands ignored until end of transaction block

2025-05-29 22:22:57,733 - ERROR - Max retries reached for term 'facial pain'
2025-05-29 22:22:57,745 - WARNING - Failed to fetch semantic type for CUI NO_CUI_and fever for 10 days. reports purulent nasal discharge. facial pain over maxillary sinuses: relation "mrsty" does not exist
LINE 3:                             FROM MRSTY sty
                                         ^

2025-05-29 22:22:57,903 - ERROR - Attempt 1/3 failed for term 'sinusitis': relation "mrconso" does not exist
LINE 3:                     FROM MRCONSO c
                                 ^

2025-05-29 22:22:57,904 - ERROR - Attempt 2/3 failed for term 'sinusitis': current transaction is aborted, commands ignored until end of transaction block

2025-05-29 22:22:57,904 - ERROR - Attempt 3/3 failed for term 'sinusitis': current transaction is aborted, commands ignored until end of transaction block

2025-05-29 22:22:57,904 - ERROR - Max retries reached for term 'sinusitis'
2025-05-29 22:22:57,915 - ERROR - Attempt 1/3 failed for term 'neurological': relation "mrconso" does not exist
LINE 3:                     FROM MRCONSO c
                                 ^

2025-05-29 22:22:57,916 - ERROR - Attempt 2/3 failed for term 'neurological': current transaction is aborted, commands ignored until end of transaction block

2025-05-29 22:22:57,916 - ERROR - Attempt 3/3 failed for term 'neurological': current transaction is aborted, commands ignored until end of transaction block

2025-05-29 22:22:57,917 - ERROR - Max retries reached for term 'neurological'
2025-05-29 22:22:57,930 - ERROR - Attempt 1/3 failed for term 'viral upper': relation "mrconso" does not exist
LINE 3:                     FROM MRCONSO c
                                 ^

2025-05-29 22:22:57,931 - ERROR - Attempt 2/3 failed for term 'viral upper': current transaction is aborted, commands ignored until end of transaction block

2025-05-29 22:22:57,931 - ERROR - Attempt 3/3 failed for term 'viral upper': current transaction is aborted, commands ignored until end of transaction block

2025-05-29 22:22:57,932 - ERROR - Max retries reached for term 'viral upper'
2025-05-29 22:22:57,943 - ERROR - Attempt 1/3 failed for term 'viral sinusitis': relation "mrconso" does not exist
LINE 3:                     FROM MRCONSO c
                                 ^

2025-05-29 22:22:57,944 - ERROR - Attempt 2/3 failed for term 'viral sinusitis': current transaction is aborted, commands ignored until end of transaction block

2025-05-29 22:22:57,945 - ERROR - Attempt 3/3 failed for term 'viral sinusitis': current transaction is aborted, commands ignored until end of transaction block

2025-05-29 22:22:57,945 - ERROR - Max retries reached for term 'viral sinusitis'
2025-05-29 22:22:57,957 - ERROR - Attempt 1/3 failed for term 'respiratory infection': relation "mrconso" does not exist
LINE 3:                     FROM MRCONSO c
                                 ^

2025-05-29 22:22:57,958 - ERROR - Attempt 2/3 failed for term 'respiratory infection': current transaction is aborted, commands ignored until end of transaction block

2025-05-29 22:22:57,959 - ERROR - Attempt 3/3 failed for term 'respiratory infection': current transaction is aborted, commands ignored until end of transaction block

2025-05-29 22:22:57,959 - ERROR - Max retries reached for term 'respiratory infection'
2025-05-29 22:22:57,971 - ERROR - Attempt 1/3 failed for term 'endocrine': relation "mrconso" does not exist
LINE 3:                     FROM MRCONSO c
                                 ^

2025-05-29 22:22:57,972 - ERROR - Attempt 2/3 failed for term 'endocrine': current transaction is aborted, commands ignored until end of transaction block

2025-05-29 22:22:57,972 - ERROR - Attempt 3/3 failed for term 'endocrine': current transaction is aborted, commands ignored until end of transaction block

2025-05-29 22:22:57,973 - ERROR - Max retries reached for term 'endocrine'
2025-05-29 22:22:57,985 - ERROR - Attempt 1/3 failed for term 'allergic rhinitis': relation "mrconso" does not exist
LINE 3:                     FROM MRCONSO c
                                 ^

2025-05-29 22:22:57,986 - ERROR - Attempt 2/3 failed for term 'allergic rhinitis': current transaction is aborted, commands ignored until end of transaction block

2025-05-29 22:22:57,986 - ERROR - Attempt 3/3 failed for term 'allergic rhinitis': current transaction is aborted, commands ignored until end of transaction block

2025-05-29 22:22:57,986 - ERROR - Max retries reached for term 'allergic rhinitis'
2025-05-29 22:22:57,999 - ERROR - Attempt 1/3 failed for term 'diabetes': relation "mrconso" does not exist
LINE 3:                     FROM MRCONSO c
                                 ^

2025-05-29 22:22:58,000 - ERROR - Attempt 2/3 failed for term 'diabetes': current transaction is aborted, commands ignored until end of transaction block

2025-05-29 22:22:58,000 - ERROR - Attempt 3/3 failed for term 'diabetes': current transaction is aborted, commands ignored until end of transaction block

2025-05-29 22:22:58,000 - ERROR - Max retries reached for term 'diabetes'
2025-05-29 22:22:58,014 - ERROR - Attempt 1/3 failed for term 'acute abnormalities': relation "mrconso" does not exist
LINE 3:                     FROM MRCONSO c
                                 ^

2025-05-29 22:22:58,015 - ERROR - Attempt 2/3 failed for term 'acute abnormalities': current transaction is aborted, commands ignored until end of transaction block

2025-05-29 22:22:58,016 - ERROR - Attempt 3/3 failed for term 'acute abnormalities': current transaction is aborted, commands ignored until end of transaction block

2025-05-29 22:22:58,016 - ERROR - Max retries reached for term 'acute abnormalities'
2025-05-29 22:22:58,033 - ERROR - Attempt 1/3 failed for term 'differential': relation "mrconso" does not exist
LINE 3:                     FROM MRCONSO c
                                 ^

2025-05-29 22:22:58,034 - ERROR - Attempt 2/3 failed for term 'differential': current transaction is aborted, commands ignored until end of transaction block

2025-05-29 22:22:58,034 - ERROR - Attempt 3/3 failed for term 'differential': current transaction is aborted, commands ignored until end of transaction block

2025-05-29 22:22:58,035 - ERROR - Max retries reached for term 'differential'
2025-05-29 22:22:58,048 - ERROR - Attempt 1/3 failed for term 'pulmonary': relation "mrconso" does not exist
LINE 3:                     FROM MRCONSO c
                                 ^

2025-05-29 22:22:58,049 - ERROR - Attempt 2/3 failed for term 'pulmonary': current transaction is aborted, commands ignored until end of transaction block

2025-05-29 22:22:58,049 - ERROR - Attempt 3/3 failed for term 'pulmonary': current transaction is aborted, commands ignored until end of transaction block

2025-05-29 22:22:58,050 - ERROR - Max retries reached for term 'pulmonary'
2025-05-29 22:22:58,064 - ERROR - Attempt 1/3 failed for term 'secondary to': relation "mrconso" does not exist
LINE 3:                     FROM MRCONSO c
                                 ^

2025-05-29 22:22:58,065 - ERROR - Attempt 2/3 failed for term 'secondary to': current transaction is aborted, commands ignored until end of transaction block

2025-05-29 22:22:58,067 - ERROR - Attempt 3/3 failed for term 'secondary to': current transaction is aborted, commands ignored until end of transaction block

2025-05-29 22:22:58,067 - ERROR - Max retries reached for term 'secondary to'
2025-05-29 22:22:58,084 - ERROR - Attempt 1/3 failed for term 'stable': relation "mrconso" does not exist
LINE 3:                     FROM MRCONSO c
                                 ^

2025-05-29 22:22:58,085 - ERROR - Attempt 2/3 failed for term 'stable': current transaction is aborted, commands ignored until end of transaction block

2025-05-29 22:22:58,086 - ERROR - Attempt 3/3 failed for term 'stable': current transaction is aborted, commands ignored until end of transaction block

2025-05-29 22:22:58,086 - ERROR - Max retries reached for term 'stable'
2025-05-29 22:22:58,106 - ERROR - Attempt 1/3 failed for term 'cardiovascular': relation "mrconso" does not exist
LINE 3:                     FROM MRCONSO c
                                 ^

2025-05-29 22:22:58,108 - ERROR - Attempt 2/3 failed for term 'cardiovascular': current transaction is aborted, commands ignored until end of transaction block

2025-05-29 22:22:58,111 - ERROR - Attempt 3/3 failed for term 'cardiovascular': current transaction is aborted, commands ignored until end of transaction block

2025-05-29 22:22:58,112 - ERROR - Max retries reached for term 'cardiovascular'
2025-05-29 22:22:58,130 - ERROR - Attempt 1/3 failed for term 'hypertension': relation "mrconso" does not exist
LINE 3:                     FROM MRCONSO c
                                 ^

2025-05-29 22:22:58,131 - ERROR - Attempt 2/3 failed for term 'hypertension': current transaction is aborted, commands ignored until end of transaction block

2025-05-29 22:22:58,132 - ERROR - Attempt 3/3 failed for term 'hypertension': current transaction is aborted, commands ignored until end of transaction block

2025-05-29 22:22:58,132 - ERROR - Max retries reached for term 'hypertension'
2025-05-29 22:22:58,150 - ERROR - Attempt 1/3 failed for term 'headache': relation "mrconso" does not exist
LINE 3:                     FROM MRCONSO c
                                 ^

2025-05-29 22:22:58,150 - ERROR - Attempt 2/3 failed for term 'headache': current transaction is aborted, commands ignored until end of transaction block

2025-05-29 22:22:58,151 - ERROR - Attempt 3/3 failed for term 'headache': current transaction is aborted, commands ignored until end of transaction block

2025-05-29 22:22:58,151 - ERROR - Max retries reached for term 'headache'
2025-05-29 22:22:58,167 - WARNING - Failed to fetch semantic type for CUI NO_CUI_likely secondary to recent viral upper respiratory infection. differential includes viral sinusitis or allergic rhinitis. other systems: neurological: headache likely related to sinusitis. endocrine: stable diabetes. cardiovascular: stable hypertension. no acute abnormalities in pulmonary: relation "mrsty" does not exist
LINE 3:                             FROM MRSTY sty
                                         ^

2025-05-29 22:22:58,253 - ERROR - Attempt 1/3 failed for term 'pain': relation "mrconso" does not exist
LINE 3:                     FROM MRCONSO c
                                 ^

2025-05-29 22:22:58,253 - ERROR - Attempt 2/3 failed for term 'pain': current transaction is aborted, commands ignored until end of transaction block

2025-05-29 22:22:58,254 - ERROR - Attempt 3/3 failed for term 'pain': current transaction is aborted, commands ignored until end of transaction block

2025-05-29 22:22:58,254 - ERROR - Max retries reached for term 'pain'
2025-05-29 22:22:58,265 - ERROR - Attempt 1/3 failed for term 'radiating': relation "mrconso" does not exist
LINE 3:                     FROM MRCONSO c
                                 ^

2025-05-29 22:22:58,266 - ERROR - Attempt 2/3 failed for term 'radiating': current transaction is aborted, commands ignored until end of transaction block

2025-05-29 22:22:58,267 - ERROR - Attempt 3/3 failed for term 'radiating': current transaction is aborted, commands ignored until end of transaction block

2025-05-29 22:22:58,267 - ERROR - Max retries reached for term 'radiating'
2025-05-29 22:22:58,282 - WARNING - Failed to fetch semantic type for CUI NO_CUI_radiating pain: relation "mrsty" does not exist
LINE 3:                             FROM MRSTY sty
                                         ^

2025-05-29 22:22:58,375 - ERROR - Attempt 1/3 failed for term 'bilateral': relation "mrconso" does not exist
LINE 3:                     FROM MRCONSO c
                                 ^

2025-05-29 22:22:58,376 - ERROR - Attempt 2/3 failed for term 'bilateral': current transaction is aborted, commands ignored until end of transaction block

2025-05-29 22:22:58,376 - ERROR - Attempt 3/3 failed for term 'bilateral': current transaction is aborted, commands ignored until end of transaction block

2025-05-29 22:22:58,377 - ERROR - Max retries reached for term 'bilateral'
2025-05-29 22:22:58,387 - ERROR - Attempt 1/3 failed for term 'nasal congestion': relation "mrconso" does not exist
LINE 3:                     FROM MRCONSO c
                                 ^

2025-05-29 22:22:58,389 - ERROR - Attempt 2/3 failed for term 'nasal congestion': current transaction is aborted, commands ignored until end of transaction block

2025-05-29 22:22:58,389 - ERROR - Attempt 3/3 failed for term 'nasal congestion': current transaction is aborted, commands ignored until end of transaction block

2025-05-29 22:22:58,389 - ERROR - Max retries reached for term 'nasal congestion'
2025-05-29 22:22:58,400 - WARNING - Failed to fetch semantic type for CUI NO_CUI_bilateral nasal congestion: relation "mrsty" does not exist
LINE 3:                             FROM MRSTY sty
                                         ^

2025-05-29 22:22:58,679 - WARNING - Skipping non-clinical or blocked term: 'days'
2025-05-29 22:22:58,687 - ERROR - Attempt 1/3 failed for term 'shortness of breath': relation "mrconso" does not exist
LINE 3:                     FROM MRCONSO c
                                 ^

2025-05-29 22:22:58,687 - ERROR - Attempt 2/3 failed for term 'shortness of breath': current transaction is aborted, commands ignored until end of transaction block

2025-05-29 22:22:58,688 - ERROR - Attempt 3/3 failed for term 'shortness of breath': current transaction is aborted, commands ignored until end of transaction block

2025-05-29 22:22:58,688 - ERROR - Max retries reached for term 'shortness of breath'
2025-05-29 22:22:58,701 - ERROR - Attempt 1/3 failed for term 'mild headache': relation "mrconso" does not exist
LINE 3:                     FROM MRCONSO c
                                 ^

2025-05-29 22:22:58,702 - ERROR - Attempt 2/3 failed for term 'mild headache': current transaction is aborted, commands ignored until end of transaction block

2025-05-29 22:22:58,702 - ERROR - Attempt 3/3 failed for term 'mild headache': current transaction is aborted, commands ignored until end of transaction block

2025-05-29 22:22:58,703 - ERROR - Max retries reached for term 'mild headache'
2025-05-29 22:22:58,717 - ERROR - Attempt 1/3 failed for term 'neurological': relation "mrconso" does not exist
LINE 3:                     FROM MRCONSO c
                                 ^

2025-05-29 22:22:58,717 - ERROR - Attempt 2/3 failed for term 'neurological': current transaction is aborted, commands ignored until end of transaction block

2025-05-29 22:22:58,718 - ERROR - Attempt 3/3 failed for term 'neurological': current transaction is aborted, commands ignored until end of transaction block

2025-05-29 22:22:58,718 - ERROR - Max retries reached for term 'neurological'
2025-05-29 22:22:58,732 - ERROR - Attempt 1/3 failed for term 'palpitations': relation "mrconso" does not exist
LINE 3:                     FROM MRCONSO c
                                 ^

2025-05-29 22:22:58,732 - ERROR - Attempt 2/3 failed for term 'palpitations': current transaction is aborted, commands ignored until end of transaction block

2025-05-29 22:22:58,733 - ERROR - Attempt 3/3 failed for term 'palpitations': current transaction is aborted, commands ignored until end of transaction block

2025-05-29 22:22:58,733 - ERROR - Max retries reached for term 'palpitations'
2025-05-29 22:22:58,746 - ERROR - Attempt 1/3 failed for term 'pulmonary': relation "mrconso" does not exist
LINE 3:                     FROM MRCONSO c
                                 ^

2025-05-29 22:22:58,747 - ERROR - Attempt 2/3 failed for term 'pulmonary': current transaction is aborted, commands ignored until end of transaction block

2025-05-29 22:22:58,747 - ERROR - Attempt 3/3 failed for term 'pulmonary': current transaction is aborted, commands ignored until end of transaction block

2025-05-29 22:22:58,748 - ERROR - Max retries reached for term 'pulmonary'
2025-05-29 22:22:58,761 - ERROR - Attempt 1/3 failed for term 'low-grade': relation "mrconso" does not exist
LINE 3:                     FROM MRCONSO c
                                 ^

2025-05-29 22:22:58,762 - ERROR - Attempt 2/3 failed for term 'low-grade': current transaction is aborted, commands ignored until end of transaction block

2025-05-29 22:22:58,763 - ERROR - Attempt 3/3 failed for term 'low-grade': current transaction is aborted, commands ignored until end of transaction block

2025-05-29 22:22:58,763 - ERROR - Max retries reached for term 'low-grade'
2025-05-29 22:22:58,778 - ERROR - Attempt 1/3 failed for term 'no cough': relation "mrconso" does not exist
LINE 3:                     FROM MRCONSO c
                                 ^

2025-05-29 22:22:58,778 - ERROR - Attempt 2/3 failed for term 'no cough': current transaction is aborted, commands ignored until end of transaction block

2025-05-29 22:22:58,779 - ERROR - Attempt 3/3 failed for term 'no cough': current transaction is aborted, commands ignored until end of transaction block

2025-05-29 22:22:58,779 - ERROR - Max retries reached for term 'no cough'
2025-05-29 22:22:58,791 - ERROR - Attempt 1/3 failed for term 'associated with': relation "mrconso" does not exist
LINE 3:                     FROM MRCONSO c
                                 ^

2025-05-29 22:22:58,793 - ERROR - Attempt 2/3 failed for term 'associated with': current transaction is aborted, commands ignored until end of transaction block

2025-05-29 22:22:58,794 - ERROR - Attempt 3/3 failed for term 'associated with': current transaction is aborted, commands ignored until end of transaction block

2025-05-29 22:22:58,795 - ERROR - Max retries reached for term 'associated with'
2025-05-29 22:22:58,807 - ERROR - Attempt 1/3 failed for term 'chest pain': relation "mrconso" does not exist
LINE 3:                     FROM MRCONSO c
                                 ^

2025-05-29 22:22:58,808 - ERROR - Attempt 2/3 failed for term 'chest pain': current transaction is aborted, commands ignored until end of transaction block

2025-05-29 22:22:58,810 - ERROR - Attempt 3/3 failed for term 'chest pain': current transaction is aborted, commands ignored until end of transaction block

2025-05-29 22:22:58,811 - ERROR - Max retries reached for term 'chest pain'
2025-05-29 22:22:58,822 - ERROR - Attempt 1/3 failed for term 'sinus pain': relation "mrconso" does not exist
LINE 3:                     FROM MRCONSO c
                                 ^

2025-05-29 22:22:58,823 - ERROR - Attempt 2/3 failed for term 'sinus pain': current transaction is aborted, commands ignored until end of transaction block

2025-05-29 22:22:58,825 - ERROR - Attempt 3/3 failed for term 'sinus pain': current transaction is aborted, commands ignored until end of transaction block

2025-05-29 22:22:58,825 - ERROR - Max retries reached for term 'sinus pain'
2025-05-29 22:22:58,839 - ERROR - Attempt 1/3 failed for term 'nasal discharge': relation "mrconso" does not exist
LINE 3:                     FROM MRCONSO c
                                 ^

2025-05-29 22:22:58,840 - ERROR - Attempt 2/3 failed for term 'nasal discharge': current transaction is aborted, commands ignored until end of transaction block

2025-05-29 22:22:58,840 - ERROR - Attempt 3/3 failed for term 'nasal discharge': current transaction is aborted, commands ignored until end of transaction block

2025-05-29 22:22:58,841 - ERROR - Max retries reached for term 'nasal discharge'
2025-05-29 22:22:58,856 - ERROR - Attempt 1/3 failed for term 'hearing loss': relation "mrconso" does not exist
LINE 3:                     FROM MRCONSO c
                                 ^

2025-05-29 22:22:58,857 - ERROR - Attempt 2/3 failed for term 'hearing loss': current transaction is aborted, commands ignored until end of transaction block

2025-05-29 22:22:58,859 - ERROR - Attempt 3/3 failed for term 'hearing loss': current transaction is aborted, commands ignored until end of transaction block

2025-05-29 22:22:58,859 - ERROR - Max retries reached for term 'hearing loss'
2025-05-29 22:22:58,875 - ERROR - Attempt 1/3 failed for term 'cardiovascular': relation "mrconso" does not exist
LINE 3:                     FROM MRCONSO c
                                 ^

2025-05-29 22:22:58,877 - ERROR - Attempt 2/3 failed for term 'cardiovascular': current transaction is aborted, commands ignored until end of transaction block

2025-05-29 22:22:58,878 - ERROR - Attempt 3/3 failed for term 'cardiovascular': current transaction is aborted, commands ignored until end of transaction block

2025-05-29 22:22:58,878 - ERROR - Max retries reached for term 'cardiovascular'
2025-05-29 22:22:58,895 - ERROR - Attempt 1/3 failed for term 'purulent': relation "mrconso" does not exist
LINE 3:                     FROM MRCONSO c
                                 ^

2025-05-29 22:22:58,896 - ERROR - Attempt 2/3 failed for term 'purulent': current transaction is aborted, commands ignored until end of transaction block

2025-05-29 22:22:58,897 - ERROR - Attempt 3/3 failed for term 'purulent': current transaction is aborted, commands ignored until end of transaction block

2025-05-29 22:22:58,897 - ERROR - Max retries reached for term 'purulent'
2025-05-29 22:22:58,913 - WARNING - Failed to fetch semantic type for CUI NO_CUI_and purulent nasal discharge for 10 days. low-grade fever (up to 100.5°f). no sore throat or hearing loss. pulmonary: no cough or shortness of breath. cardiovascular: no chest pain or palpitations. neurological: mild headache associated with sinus pain: relation "mrsty" does not exist
LINE 3:                             FROM MRSTY sty
                                         ^

2025-05-29 22:22:59,149 - ERROR - Attempt 1/3 failed for term 'bruising': relation "mrconso" does not exist
LINE 3:                     FROM MRCONSO c
                                 ^

2025-05-29 22:22:59,150 - ERROR - Attempt 2/3 failed for term 'bruising': current transaction is aborted, commands ignored until end of transaction block

2025-05-29 22:22:59,150 - ERROR - Attempt 3/3 failed for term 'bruising': current transaction is aborted, commands ignored until end of transaction block

2025-05-29 22:22:59,150 - ERROR - Max retries reached for term 'bruising'
2025-05-29 22:22:59,163 - ERROR - Attempt 1/3 failed for term 'urinary changes': relation "mrconso" does not exist
LINE 3:                     FROM MRCONSO c
                                 ^

2025-05-29 22:22:59,165 - ERROR - Attempt 2/3 failed for term 'urinary changes': current transaction is aborted, commands ignored until end of transaction block

2025-05-29 22:22:59,165 - ERROR - Attempt 3/3 failed for term 'urinary changes': current transaction is aborted, commands ignored until end of transaction block

2025-05-29 22:22:59,166 - ERROR - Max retries reached for term 'urinary changes'
2025-05-29 22:22:59,179 - ERROR - Attempt 1/3 failed for term 'consistent with': relation "mrconso" does not exist
LINE 3:                     FROM MRCONSO c
                                 ^

2025-05-29 22:22:59,180 - ERROR - Attempt 2/3 failed for term 'consistent with': current transaction is aborted, commands ignored until end of transaction block

2025-05-29 22:22:59,181 - ERROR - Attempt 3/3 failed for term 'consistent with': current transaction is aborted, commands ignored until end of transaction block

2025-05-29 22:22:59,181 - ERROR - Max retries reached for term 'consistent with'
2025-05-29 22:22:59,192 - ERROR - Attempt 1/3 failed for term 'no joint pain': relation "mrconso" does not exist
LINE 3:                     FROM MRCONSO c
                                 ^

2025-05-29 22:22:59,194 - ERROR - Attempt 2/3 failed for term 'no joint pain': current transaction is aborted, commands ignored until end of transaction block

2025-05-29 22:22:59,195 - ERROR - Attempt 3/3 failed for term 'no joint pain': current transaction is aborted, commands ignored until end of transaction block

2025-05-29 22:22:59,195 - ERROR - Max retries reached for term 'no joint pain'
2025-05-29 22:22:59,208 - ERROR - Attempt 1/3 failed for term 'weight changes': relation "mrconso" does not exist
LINE 3:                     FROM MRCONSO c
                                 ^

2025-05-29 22:22:59,210 - ERROR - Attempt 2/3 failed for term 'weight changes': current transaction is aborted, commands ignored until end of transaction block

2025-05-29 22:22:59,211 - ERROR - Attempt 3/3 failed for term 'weight changes': current transaction is aborted, commands ignored until end of transaction block

2025-05-29 22:22:59,211 - ERROR - Max retries reached for term 'weight changes'
2025-05-29 22:22:59,224 - ERROR - Attempt 1/3 failed for term 'no rashes': relation "mrconso" does not exist
LINE 3:                     FROM MRCONSO c
                                 ^

2025-05-29 22:22:59,226 - ERROR - Attempt 2/3 failed for term 'no rashes': current transaction is aborted, commands ignored until end of transaction block

2025-05-29 22:22:59,227 - ERROR - Attempt 3/3 failed for term 'no rashes': current transaction is aborted, commands ignored until end of transaction block

2025-05-29 22:22:59,227 - ERROR - Max retries reached for term 'no rashes'
2025-05-29 22:22:59,241 - ERROR - Attempt 1/3 failed for term 'bacterial sinusitis': relation "mrconso" does not exist
LINE 3:                     FROM MRCONSO c
                                 ^

2025-05-29 22:22:59,242 - ERROR - Attempt 2/3 failed for term 'bacterial sinusitis': current transaction is aborted, commands ignored until end of transaction block

2025-05-29 22:22:59,244 - ERROR - Attempt 3/3 failed for term 'bacterial sinusitis': current transaction is aborted, commands ignored until end of transaction block

2025-05-29 22:22:59,244 - ERROR - Max retries reached for term 'bacterial sinusitis'
2025-05-29 22:22:59,257 - ERROR - Attempt 1/3 failed for term 'diarrhea': relation "mrconso" does not exist
LINE 3:                     FROM MRCONSO c
                                 ^

2025-05-29 22:22:59,258 - ERROR - Attempt 2/3 failed for term 'diarrhea': current transaction is aborted, commands ignored until end of transaction block

2025-05-29 22:22:59,259 - ERROR - Attempt 3/3 failed for term 'diarrhea': current transaction is aborted, commands ignored until end of transaction block

2025-05-29 22:22:59,259 - ERROR - Max retries reached for term 'diarrhea'
2025-05-29 22:22:59,271 - ERROR - Attempt 1/3 failed for term 'genitourinary': relation "mrconso" does not exist
LINE 3:                     FROM MRCONSO c
                                 ^

2025-05-29 22:22:59,271 - ERROR - Attempt 2/3 failed for term 'genitourinary': current transaction is aborted, commands ignored until end of transaction block

2025-05-29 22:22:59,272 - ERROR - Attempt 3/3 failed for term 'genitourinary': current transaction is aborted, commands ignored until end of transaction block

2025-05-29 22:22:59,273 - ERROR - Max retries reached for term 'genitourinary'
2025-05-29 22:22:59,273 - WARNING - Skipping non-clinical or blocked term: 'hematologic'
2025-05-29 22:22:59,288 - ERROR - Attempt 1/3 failed for term 'stiffness': relation "mrconso" does not exist
LINE 3:                     FROM MRCONSO c
                                 ^

2025-05-29 22:22:59,289 - ERROR - Attempt 2/3 failed for term 'stiffness': current transaction is aborted, commands ignored until end of transaction block

2025-05-29 22:22:59,289 - ERROR - Attempt 3/3 failed for term 'stiffness': current transaction is aborted, commands ignored until end of transaction block

2025-05-29 22:22:59,290 - ERROR - Max retries reached for term 'stiffness'
2025-05-29 22:22:59,304 - ERROR - Attempt 1/3 failed for term 'acute': relation "mrconso" does not exist
LINE 3:                     FROM MRCONSO c
                                 ^

2025-05-29 22:22:59,305 - ERROR - Attempt 2/3 failed for term 'acute': current transaction is aborted, commands ignored until end of transaction block

2025-05-29 22:22:59,306 - ERROR - Attempt 3/3 failed for term 'acute': current transaction is aborted, commands ignored until end of transaction block

2025-05-29 22:22:59,306 - ERROR - Max retries reached for term 'acute'
2025-05-29 22:22:59,307 - WARNING - Skipping non-clinical or blocked term: 'vision'
2025-05-29 22:22:59,325 - ERROR - Attempt 1/3 failed for term 'lesions': relation "mrconso" does not exist
LINE 3:                     FROM MRCONSO c
                                 ^

2025-05-29 22:22:59,327 - ERROR - Attempt 2/3 failed for term 'lesions': current transaction is aborted, commands ignored until end of transaction block

2025-05-29 22:22:59,328 - ERROR - Attempt 3/3 failed for term 'lesions': current transaction is aborted, commands ignored until end of transaction block

2025-05-29 22:22:59,329 - ERROR - Max retries reached for term 'lesions'
2025-05-29 22:22:59,345 - ERROR - Attempt 1/3 failed for term 'endocrine': relation "mrconso" does not exist
LINE 3:                     FROM MRCONSO c
                                 ^

2025-05-29 22:22:59,346 - ERROR - Attempt 2/3 failed for term 'endocrine': current transaction is aborted, commands ignored until end of transaction block

2025-05-29 22:22:59,348 - ERROR - Attempt 3/3 failed for term 'endocrine': current transaction is aborted, commands ignored until end of transaction block

2025-05-29 22:22:59,348 - ERROR - Max retries reached for term 'endocrine'
2025-05-29 22:22:59,363 - ERROR - Attempt 1/3 failed for term 'primary assessment': relation "mrconso" does not exist
LINE 3:                     FROM MRCONSO c
                                 ^

2025-05-29 22:22:59,365 - ERROR - Attempt 2/3 failed for term 'primary assessment': current transaction is aborted, commands ignored until end of transaction block

2025-05-29 22:22:59,366 - ERROR - Attempt 3/3 failed for term 'primary assessment': current transaction is aborted, commands ignored until end of transaction block

2025-05-29 22:22:59,366 - ERROR - Max retries reached for term 'primary assessment'
2025-05-29 22:22:59,382 - ERROR - Attempt 1/3 failed for term 'ophthalmologic': relation "mrconso" does not exist
LINE 3:                     FROM MRCONSO c
                                 ^

2025-05-29 22:22:59,382 - ERROR - Attempt 2/3 failed for term 'ophthalmologic': current transaction is aborted, commands ignored until end of transaction block

2025-05-29 22:22:59,383 - ERROR - Attempt 3/3 failed for term 'ophthalmologic': current transaction is aborted, commands ignored until end of transaction block

2025-05-29 22:22:59,383 - ERROR - Max retries reached for term 'ophthalmologic'
2025-05-29 22:22:59,384 - WARNING - Skipping non-clinical or blocked term: 'symptoms'
2025-05-29 22:22:59,384 - WARNING - Skipping non-clinical or blocked term: 'gastrointestinal'
2025-05-29 22:22:59,400 - ERROR - Attempt 1/3 failed for term 'nausea': relation "mrconso" does not exist
LINE 3:                     FROM MRCONSO c
                                 ^

2025-05-29 22:22:59,400 - ERROR - Attempt 2/3 failed for term 'nausea': current transaction is aborted, commands ignored until end of transaction block

2025-05-29 22:22:59,401 - ERROR - Attempt 3/3 failed for term 'nausea': current transaction is aborted, commands ignored until end of transaction block

2025-05-29 22:22:59,401 - ERROR - Max retries reached for term 'nausea'
2025-05-29 22:22:59,416 - ERROR - Attempt 1/3 failed for term 'dermatologic': relation "mrconso" does not exist
LINE 3:                     FROM MRCONSO c
                                 ^

2025-05-29 22:22:59,417 - ERROR - Attempt 2/3 failed for term 'dermatologic': current transaction is aborted, commands ignored until end of transaction block

2025-05-29 22:22:59,417 - ERROR - Attempt 3/3 failed for term 'dermatologic': current transaction is aborted, commands ignored until end of transaction block

2025-05-29 22:22:59,417 - ERROR - Max retries reached for term 'dermatologic'
2025-05-29 22:22:59,431 - ERROR - Attempt 1/3 failed for term 'no dizziness': relation "mrconso" does not exist
LINE 3:                     FROM MRCONSO c
                                 ^

2025-05-29 22:22:59,432 - ERROR - Attempt 2/3 failed for term 'no dizziness': current transaction is aborted, commands ignored until end of transaction block

2025-05-29 22:22:59,433 - ERROR - Attempt 3/3 failed for term 'no dizziness': current transaction is aborted, commands ignored until end of transaction block

2025-05-29 22:22:59,433 - ERROR - Max retries reached for term 'no dizziness'
2025-05-29 22:22:59,447 - ERROR - Attempt 1/3 failed for term 'bleeding': relation "mrconso" does not exist
LINE 3:                     FROM MRCONSO c
                                 ^

2025-05-29 22:22:59,448 - ERROR - Attempt 2/3 failed for term 'bleeding': current transaction is aborted, commands ignored until end of transaction block

2025-05-29 22:22:59,449 - ERROR - Attempt 3/3 failed for term 'bleeding': current transaction is aborted, commands ignored until end of transaction block

2025-05-29 22:22:59,449 - ERROR - Max retries reached for term 'bleeding'
2025-05-29 22:22:59,463 - ERROR - Attempt 1/3 failed for term 'mood changes': relation "mrconso" does not exist
LINE 3:                     FROM MRCONSO c
                                 ^

2025-05-29 22:22:59,464 - ERROR - Attempt 2/3 failed for term 'mood changes': current transaction is aborted, commands ignored until end of transaction block

2025-05-29 22:22:59,464 - ERROR - Attempt 3/3 failed for term 'mood changes': current transaction is aborted, commands ignored until end of transaction block

2025-05-29 22:22:59,465 - ERROR - Max retries reached for term 'mood changes'
2025-05-29 22:22:59,465 - WARNING - Skipping non-clinical or blocked term: 'psychiatric'
2025-05-29 22:22:59,479 - WARNING - Failed to fetch semantic type for CUI NO_CUI_no dizziness. musculoskeletal: no joint pain or stiffness. gastrointestinal: no nausea or diarrhea. genitourinary: no urinary changes. endocrine: no weight changes or thirst. hematologic: no easy bruising or bleeding. dermatologic: no rashes or lesions. psychiatric: no mood changes. ophthalmologic: no vision changes. primary assessment: symptoms consistent with acute bacterial sinusitis: relation "mrsty" does not exist
LINE 3:                             FROM MRSTY sty
                                         ^

2025-05-29 22:24:29,688 - ERROR - Failed to initialize NLP pipeline: [E893] Could not find function 'replace_tokenizer' in function registry 'callbacks'. If you're using a custom function, make sure the code is available. If the function is provided by a third-party package, e.g. spacy-transformers, make sure the package is installed in your environment.

Available names: spacy.copy_from_base_model.v1, spacy.models_and_pipes_with_nvtx_range.v1, spacy.models_with_nvtx_range.v1
2025-05-29 22:24:30,516 - WARNING - Using fallback spacy pipeline without parser, ner, or linker
2025-05-29 22:24:31,450 - ERROR - Attempt 1/3 failed for term 'facial pain': relation "mrconso" does not exist
LINE 3:                     FROM MRCONSO c
                                 ^

2025-05-29 22:24:31,451 - ERROR - Attempt 2/3 failed for term 'facial pain': current transaction is aborted, commands ignored until end of transaction block

2025-05-29 22:24:31,451 - ERROR - Attempt 3/3 failed for term 'facial pain': current transaction is aborted, commands ignored until end of transaction block

2025-05-29 22:24:31,451 - ERROR - Max retries reached for term 'facial pain'
2025-05-29 22:24:31,461 - WARNING - Failed to fetch semantic type for CUI NO_CUI_facial pain: relation "mrsty" does not exist
LINE 3:                             FROM MRSTY sty
                                         ^

2025-05-29 22:24:31,548 - ERROR - Attempt 1/3 failed for term 'nasal congestion': relation "mrconso" does not exist
LINE 3:                     FROM MRCONSO c
                                 ^

2025-05-29 22:24:31,549 - ERROR - Attempt 2/3 failed for term 'nasal congestion': current transaction is aborted, commands ignored until end of transaction block

2025-05-29 22:24:31,549 - ERROR - Attempt 3/3 failed for term 'nasal congestion': current transaction is aborted, commands ignored until end of transaction block

2025-05-29 22:24:31,549 - ERROR - Max retries reached for term 'nasal congestion'
2025-05-29 22:24:31,560 - WARNING - Failed to fetch semantic type for CUI NO_CUI_nasal congestion: relation "mrsty" does not exist
LINE 3:                             FROM MRSTY sty
                                         ^

2025-05-29 22:24:31,691 - ERROR - Attempt 1/3 failed for term 'nasal discharge': relation "mrconso" does not exist
LINE 3:                     FROM MRCONSO c
                                 ^

2025-05-29 22:24:31,692 - ERROR - Attempt 2/3 failed for term 'nasal discharge': current transaction is aborted, commands ignored until end of transaction block

2025-05-29 22:24:31,693 - ERROR - Attempt 3/3 failed for term 'nasal discharge': current transaction is aborted, commands ignored until end of transaction block

2025-05-29 22:24:31,693 - ERROR - Max retries reached for term 'nasal discharge'
2025-05-29 22:24:31,709 - ERROR - Attempt 1/3 failed for term 'purulent': relation "mrconso" does not exist
LINE 3:                     FROM MRCONSO c
                                 ^

2025-05-29 22:24:31,710 - ERROR - Attempt 2/3 failed for term 'purulent': current transaction is aborted, commands ignored until end of transaction block

2025-05-29 22:24:31,711 - ERROR - Attempt 3/3 failed for term 'purulent': current transaction is aborted, commands ignored until end of transaction block

2025-05-29 22:24:31,711 - ERROR - Max retries reached for term 'purulent'
2025-05-29 22:24:31,734 - WARNING - Failed to fetch semantic type for CUI NO_CUI_purulent nasal discharge: relation "mrsty" does not exist
LINE 3:                             FROM MRSTY sty
                                         ^

2025-05-29 22:24:31,862 - ERROR - Attempt 1/3 failed for term 'fever': relation "mrconso" does not exist
LINE 3:                     FROM MRCONSO c
                                 ^

2025-05-29 22:24:31,863 - ERROR - Attempt 2/3 failed for term 'fever': current transaction is aborted, commands ignored until end of transaction block

2025-05-29 22:24:31,863 - ERROR - Attempt 3/3 failed for term 'fever': current transaction is aborted, commands ignored until end of transaction block

2025-05-29 22:24:31,864 - ERROR - Max retries reached for term 'fever'
2025-05-29 22:24:31,874 - WARNING - Failed to fetch semantic type for CUI NO_CUI_fever: relation "mrsty" does not exist
LINE 3:                             FROM MRSTY sty
                                         ^

2025-05-29 22:24:31,962 - WARNING - Skipping non-clinical or blocked term: 'days'
2025-05-29 22:24:31,970 - ERROR - Attempt 1/3 failed for term 'reports': relation "mrconso" does not exist
LINE 3:                     FROM MRCONSO c
                                 ^

2025-05-29 22:24:31,971 - ERROR - Attempt 2/3 failed for term 'reports': current transaction is aborted, commands ignored until end of transaction block

2025-05-29 22:24:31,971 - ERROR - Attempt 3/3 failed for term 'reports': current transaction is aborted, commands ignored until end of transaction block

2025-05-29 22:24:31,972 - ERROR - Max retries reached for term 'reports'
2025-05-29 22:24:31,982 - ERROR - Attempt 1/3 failed for term 'patient': relation "mrconso" does not exist
LINE 3:                     FROM MRCONSO c
                                 ^

2025-05-29 22:24:31,983 - ERROR - Attempt 2/3 failed for term 'patient': current transaction is aborted, commands ignored until end of transaction block

2025-05-29 22:24:31,984 - ERROR - Attempt 3/3 failed for term 'patient': current transaction is aborted, commands ignored until end of transaction block

2025-05-29 22:24:31,984 - ERROR - Max retries reached for term 'patient'
2025-05-29 22:24:31,996 - ERROR - Attempt 1/3 failed for term 'fever': relation "mrconso" does not exist
LINE 3:                     FROM MRCONSO c
                                 ^

2025-05-29 22:24:31,997 - ERROR - Attempt 2/3 failed for term 'fever': current transaction is aborted, commands ignored until end of transaction block

2025-05-29 22:24:31,997 - ERROR - Attempt 3/3 failed for term 'fever': current transaction is aborted, commands ignored until end of transaction block

2025-05-29 22:24:31,998 - ERROR - Max retries reached for term 'fever'
2025-05-29 22:24:32,012 - ERROR - Attempt 1/3 failed for term 'nasal discharge': relation "mrconso" does not exist
LINE 3:                     FROM MRCONSO c
                                 ^

2025-05-29 22:24:32,013 - ERROR - Attempt 2/3 failed for term 'nasal discharge': current transaction is aborted, commands ignored until end of transaction block

2025-05-29 22:24:32,017 - ERROR - Attempt 3/3 failed for term 'nasal discharge': current transaction is aborted, commands ignored until end of transaction block

2025-05-29 22:24:32,017 - ERROR - Max retries reached for term 'nasal discharge'
2025-05-29 22:24:32,033 - ERROR - Attempt 1/3 failed for term 'facial pain': relation "mrconso" does not exist
LINE 3:                     FROM MRCONSO c
                                 ^

2025-05-29 22:24:32,034 - ERROR - Attempt 2/3 failed for term 'facial pain': current transaction is aborted, commands ignored until end of transaction block

2025-05-29 22:24:32,034 - ERROR - Attempt 3/3 failed for term 'facial pain': current transaction is aborted, commands ignored until end of transaction block

2025-05-29 22:24:32,035 - ERROR - Max retries reached for term 'facial pain'
2025-05-29 22:24:32,052 - ERROR - Attempt 1/3 failed for term 'purulent': relation "mrconso" does not exist
LINE 3:                     FROM MRCONSO c
                                 ^

2025-05-29 22:24:32,053 - ERROR - Attempt 2/3 failed for term 'purulent': current transaction is aborted, commands ignored until end of transaction block

2025-05-29 22:24:32,053 - ERROR - Attempt 3/3 failed for term 'purulent': current transaction is aborted, commands ignored until end of transaction block

2025-05-29 22:24:32,054 - ERROR - Max retries reached for term 'purulent'
2025-05-29 22:24:32,069 - ERROR - Attempt 1/3 failed for term 'nasal congestion': relation "mrconso" does not exist
LINE 3:                     FROM MRCONSO c
                                 ^

2025-05-29 22:24:32,071 - ERROR - Attempt 2/3 failed for term 'nasal congestion': current transaction is aborted, commands ignored until end of transaction block

2025-05-29 22:24:32,072 - ERROR - Attempt 3/3 failed for term 'nasal congestion': current transaction is aborted, commands ignored until end of transaction block

2025-05-29 22:24:32,073 - ERROR - Max retries reached for term 'nasal congestion'
2025-05-29 22:24:32,094 - WARNING - Failed to fetch semantic type for CUI NO_CUI_patient presents with facial pain, nasal congestion, and fever for 10 days. reports purulent nasal discharge.: relation "mrsty" does not exist
LINE 3:                             FROM MRSTY sty
                                         ^

2025-05-29 22:24:32,183 - ERROR - Attempt 1/3 failed for term 'headache': relation "mrconso" does not exist
LINE 3:                     FROM MRCONSO c
                                 ^

2025-05-29 22:24:32,184 - ERROR - Attempt 2/3 failed for term 'headache': current transaction is aborted, commands ignored until end of transaction block

2025-05-29 22:24:32,184 - ERROR - Attempt 3/3 failed for term 'headache': current transaction is aborted, commands ignored until end of transaction block

2025-05-29 22:24:32,185 - ERROR - Max retries reached for term 'headache'
2025-05-29 22:24:32,194 - WARNING - Failed to fetch semantic type for CUI NO_CUI_headache: relation "mrsty" does not exist
LINE 3:                             FROM MRSTY sty
                                         ^

2025-05-29 22:24:32,305 - ERROR - Attempt 1/3 failed for term 'patient complains': relation "mrconso" does not exist
LINE 3:                     FROM MRCONSO c
                                 ^

2025-05-29 22:24:32,306 - ERROR - Attempt 2/3 failed for term 'patient complains': current transaction is aborted, commands ignored until end of transaction block

2025-05-29 22:24:32,306 - ERROR - Attempt 3/3 failed for term 'patient complains': current transaction is aborted, commands ignored until end of transaction block

2025-05-29 22:24:32,306 - ERROR - Max retries reached for term 'patient complains'
2025-05-29 22:24:32,316 - ERROR - Attempt 1/3 failed for term 'headache': relation "mrconso" does not exist
LINE 3:                     FROM MRCONSO c
                                 ^

2025-05-29 22:24:32,316 - ERROR - Attempt 2/3 failed for term 'headache': current transaction is aborted, commands ignored until end of transaction block

2025-05-29 22:24:32,317 - ERROR - Attempt 3/3 failed for term 'headache': current transaction is aborted, commands ignored until end of transaction block

2025-05-29 22:24:32,317 - ERROR - Max retries reached for term 'headache'
2025-05-29 22:24:32,329 - WARNING - Failed to fetch semantic type for CUI NO_CUI_patient complains of headache: relation "mrsty" does not exist
LINE 3:                             FROM MRSTY sty
                                         ^

2025-05-29 22:24:32,397 - ERROR - Attempt 1/3 failed for term 'back pain': relation "mrconso" does not exist
LINE 3:                     FROM MRCONSO c
                                 ^

2025-05-29 22:24:32,397 - ERROR - Attempt 2/3 failed for term 'back pain': current transaction is aborted, commands ignored until end of transaction block

2025-05-29 22:24:32,398 - ERROR - Attempt 3/3 failed for term 'back pain': current transaction is aborted, commands ignored until end of transaction block

2025-05-29 22:24:32,398 - ERROR - Max retries reached for term 'back pain'
2025-05-29 22:24:32,408 - WARNING - Failed to fetch semantic type for CUI NO_CUI_back pain: relation "mrsty" does not exist
LINE 3:                             FROM MRSTY sty
                                         ^

2025-05-29 22:24:32,490 - ERROR - Attempt 1/3 failed for term 'movement': relation "mrconso" does not exist
LINE 3:                     FROM MRCONSO c
                                 ^

2025-05-29 22:24:32,491 - ERROR - Attempt 2/3 failed for term 'movement': current transaction is aborted, commands ignored until end of transaction block

2025-05-29 22:24:32,491 - ERROR - Attempt 3/3 failed for term 'movement': current transaction is aborted, commands ignored until end of transaction block

2025-05-29 22:24:32,492 - ERROR - Max retries reached for term 'movement'
2025-05-29 22:24:32,505 - ERROR - Attempt 1/3 failed for term 'pain': relation "mrconso" does not exist
LINE 3:                     FROM MRCONSO c
                                 ^

2025-05-29 22:24:32,506 - ERROR - Attempt 2/3 failed for term 'pain': current transaction is aborted, commands ignored until end of transaction block

2025-05-29 22:24:32,507 - ERROR - Attempt 3/3 failed for term 'pain': current transaction is aborted, commands ignored until end of transaction block

2025-05-29 22:24:32,508 - ERROR - Max retries reached for term 'pain'
2025-05-29 22:24:32,523 - WARNING - Failed to fetch semantic type for CUI NO_CUI_pain on movement: relation "mrsty" does not exist
LINE 3:                             FROM MRSTY sty
                                         ^

2025-05-29 22:24:32,603 - ERROR - Attempt 1/3 failed for term 'obesity': relation "mrconso" does not exist
LINE 3:                     FROM MRCONSO c
                                 ^

2025-05-29 22:24:32,604 - ERROR - Attempt 2/3 failed for term 'obesity': current transaction is aborted, commands ignored until end of transaction block

2025-05-29 22:24:32,604 - ERROR - Attempt 3/3 failed for term 'obesity': current transaction is aborted, commands ignored until end of transaction block

2025-05-29 22:24:32,604 - ERROR - Max retries reached for term 'obesity'
2025-05-29 22:24:32,614 - WARNING - Failed to fetch semantic type for CUI NO_CUI_obesity: relation "mrsty" does not exist
LINE 3:                             FROM MRSTY sty
                                         ^

2025-05-29 22:24:32,686 - ERROR - Attempt 1/3 failed for term 'back pain': relation "mrconso" does not exist
LINE 3:                     FROM MRCONSO c
                                 ^

2025-05-29 22:24:32,687 - ERROR - Attempt 2/3 failed for term 'back pain': current transaction is aborted, commands ignored until end of transaction block

2025-05-29 22:24:32,687 - ERROR - Attempt 3/3 failed for term 'back pain': current transaction is aborted, commands ignored until end of transaction block

2025-05-29 22:24:32,687 - ERROR - Max retries reached for term 'back pain'
2025-05-29 22:24:32,698 - ERROR - Attempt 1/3 failed for term 'weeks': relation "mrconso" does not exist
LINE 3:                     FROM MRCONSO c
                                 ^

2025-05-29 22:24:32,699 - ERROR - Attempt 2/3 failed for term 'weeks': current transaction is aborted, commands ignored until end of transaction block

2025-05-29 22:24:32,699 - ERROR - Attempt 3/3 failed for term 'weeks': current transaction is aborted, commands ignored until end of transaction block

2025-05-29 22:24:32,700 - ERROR - Max retries reached for term 'weeks'
2025-05-29 22:24:32,712 - WARNING - Failed to fetch semantic type for CUI NO_CUI_back pain for two weeks: relation "mrsty" does not exist
LINE 3:                             FROM MRSTY sty
                                         ^

2025-05-29 22:24:32,818 - WARNING - Skipping non-clinical or blocked term: 'days'
2025-05-29 22:24:32,828 - ERROR - Attempt 1/3 failed for term 'patient complains': relation "mrconso" does not exist
LINE 3:                     FROM MRCONSO c
                                 ^

2025-05-29 22:24:32,829 - ERROR - Attempt 2/3 failed for term 'patient complains': current transaction is aborted, commands ignored until end of transaction block

2025-05-29 22:24:32,829 - ERROR - Attempt 3/3 failed for term 'patient complains': current transaction is aborted, commands ignored until end of transaction block

2025-05-29 22:24:32,830 - ERROR - Max retries reached for term 'patient complains'
2025-05-29 22:24:32,844 - ERROR - Attempt 1/3 failed for term 'associated with': relation "mrconso" does not exist
LINE 3:                     FROM MRCONSO c
                                 ^

2025-05-29 22:24:32,845 - ERROR - Attempt 2/3 failed for term 'associated with': current transaction is aborted, commands ignored until end of transaction block

2025-05-29 22:24:32,846 - ERROR - Attempt 3/3 failed for term 'associated with': current transaction is aborted, commands ignored until end of transaction block

2025-05-29 22:24:32,846 - ERROR - Max retries reached for term 'associated with'
2025-05-29 22:24:32,847 - WARNING - Skipping non-clinical or blocked term: 'chills'
2025-05-29 22:24:32,866 - ERROR - Attempt 1/3 failed for term 'fevers': relation "mrconso" does not exist
LINE 3:                     FROM MRCONSO c
                                 ^

2025-05-29 22:24:32,868 - ERROR - Attempt 2/3 failed for term 'fevers': current transaction is aborted, commands ignored until end of transaction block

2025-05-29 22:24:32,869 - ERROR - Attempt 3/3 failed for term 'fevers': current transaction is aborted, commands ignored until end of transaction block

2025-05-29 22:24:32,869 - ERROR - Max retries reached for term 'fevers'
2025-05-29 22:24:32,885 - ERROR - Attempt 1/3 failed for term 'headache': relation "mrconso" does not exist
LINE 3:                     FROM MRCONSO c
                                 ^

2025-05-29 22:24:32,887 - ERROR - Attempt 2/3 failed for term 'headache': current transaction is aborted, commands ignored until end of transaction block

2025-05-29 22:24:32,888 - ERROR - Attempt 3/3 failed for term 'headache': current transaction is aborted, commands ignored until end of transaction block

2025-05-29 22:24:32,889 - ERROR - Max retries reached for term 'headache'
2025-05-29 22:24:32,903 - WARNING - Failed to fetch semantic type for CUI NO_CUI_patient complains of headache the headache started three days ago. the headache is associated with fevers and chills: relation "mrsty" does not exist
LINE 3:                             FROM MRSTY sty
                                         ^

2025-05-29 22:24:33,027 - ERROR - Attempt 1/3 failed for term 'licking': relation "mrconso" does not exist
LINE 3:                     FROM MRCONSO c
                                 ^

2025-05-29 22:24:33,027 - ERROR - Attempt 2/3 failed for term 'licking': current transaction is aborted, commands ignored until end of transaction block

2025-05-29 22:24:33,028 - ERROR - Attempt 3/3 failed for term 'licking': current transaction is aborted, commands ignored until end of transaction block

2025-05-29 22:24:33,028 - ERROR - Max retries reached for term 'licking'
2025-05-29 22:24:33,039 - ERROR - Attempt 1/3 failed for term 'nausea': relation "mrconso" does not exist
LINE 3:                     FROM MRCONSO c
                                 ^

2025-05-29 22:24:33,039 - ERROR - Attempt 2/3 failed for term 'nausea': current transaction is aborted, commands ignored until end of transaction block

2025-05-29 22:24:33,040 - ERROR - Attempt 3/3 failed for term 'nausea': current transaction is aborted, commands ignored until end of transaction block

2025-05-29 22:24:33,040 - ERROR - Max retries reached for term 'nausea'
2025-05-29 22:24:33,052 - ERROR - Attempt 1/3 failed for term 'fats': relation "mrconso" does not exist
LINE 3:                     FROM MRCONSO c
                                 ^

2025-05-29 22:24:33,053 - ERROR - Attempt 2/3 failed for term 'fats': current transaction is aborted, commands ignored until end of transaction block

2025-05-29 22:24:33,053 - ERROR - Attempt 3/3 failed for term 'fats': current transaction is aborted, commands ignored until end of transaction block

2025-05-29 22:24:33,054 - ERROR - Max retries reached for term 'fats'
2025-05-29 22:24:33,054 - WARNING - Skipping non-clinical or blocked term: 'worse'
2025-05-29 22:24:33,068 - ERROR - Attempt 1/3 failed for term 'patient': relation "mrconso" does not exist
LINE 3:                     FROM MRCONSO c
                                 ^

2025-05-29 22:24:33,069 - ERROR - Attempt 2/3 failed for term 'patient': current transaction is aborted, commands ignored until end of transaction block

2025-05-29 22:24:33,069 - ERROR - Attempt 3/3 failed for term 'patient': current transaction is aborted, commands ignored until end of transaction block

2025-05-29 22:24:33,070 - ERROR - Max retries reached for term 'patient'
2025-05-29 22:24:33,070 - WARNING - Skipping non-clinical or blocked term: 'foods'
2025-05-29 22:24:33,086 - ERROR - Attempt 1/3 failed for term 'jaundice': relation "mrconso" does not exist
LINE 3:                     FROM MRCONSO c
                                 ^

2025-05-29 22:24:33,086 - ERROR - Attempt 2/3 failed for term 'jaundice': current transaction is aborted, commands ignored until end of transaction block

2025-05-29 22:24:33,087 - ERROR - Attempt 3/3 failed for term 'jaundice': current transaction is aborted, commands ignored until end of transaction block

2025-05-29 22:24:33,088 - ERROR - Max retries reached for term 'jaundice'
2025-05-29 22:24:33,100 - ERROR - Attempt 1/3 failed for term 'vomiting': relation "mrconso" does not exist
LINE 3:                     FROM MRCONSO c
                                 ^

2025-05-29 22:24:33,101 - ERROR - Attempt 2/3 failed for term 'vomiting': current transaction is aborted, commands ignored until end of transaction block

2025-05-29 22:24:33,101 - ERROR - Attempt 3/3 failed for term 'vomiting': current transaction is aborted, commands ignored until end of transaction block

2025-05-29 22:24:33,102 - ERROR - Max retries reached for term 'vomiting'
2025-05-29 22:24:33,115 - ERROR - Attempt 1/3 failed for term 'tea': relation "mrconso" does not exist
LINE 3:                     FROM MRCONSO c
                                 ^

2025-05-29 22:24:33,116 - ERROR - Attempt 2/3 failed for term 'tea': current transaction is aborted, commands ignored until end of transaction block

2025-05-29 22:24:33,117 - ERROR - Attempt 3/3 failed for term 'tea': current transaction is aborted, commands ignored until end of transaction block

2025-05-29 22:24:33,117 - ERROR - Max retries reached for term 'tea'
2025-05-29 22:24:33,131 - ERROR - Attempt 1/3 failed for term 'strong': relation "mrconso" does not exist
LINE 3:                     FROM MRCONSO c
                                 ^

2025-05-29 22:24:33,131 - ERROR - Attempt 2/3 failed for term 'strong': current transaction is aborted, commands ignored until end of transaction block

2025-05-29 22:24:33,132 - ERROR - Attempt 3/3 failed for term 'strong': current transaction is aborted, commands ignored until end of transaction block

2025-05-29 22:24:33,133 - ERROR - Max retries reached for term 'strong'
2025-05-29 22:24:33,147 - ERROR - Attempt 1/3 failed for term 'loss of appetite': relation "mrconso" does not exist
LINE 3:                     FROM MRCONSO c
                                 ^

2025-05-29 22:24:33,147 - ERROR - Attempt 2/3 failed for term 'loss of appetite': current transaction is aborted, commands ignored until end of transaction block

2025-05-29 22:24:33,148 - ERROR - Attempt 3/3 failed for term 'loss of appetite': current transaction is aborted, commands ignored until end of transaction block

2025-05-29 22:24:33,148 - ERROR - Max retries reached for term 'loss of appetite'
2025-05-29 22:24:33,150 - WARNING - Skipping non-clinical or blocked term: 'eyes'
2025-05-29 22:24:33,162 - WARNING - Failed to fetch semantic type for CUI NO_CUI_nausea and vomiting and loss of appetite the patient has jaundice in the eyes taking foods with fats makes the nausea worse taking strong tea and licking salt alleviates the nausea: relation "mrsty" does not exist
LINE 3:                             FROM MRSTY sty
                                         ^

2025-05-29 22:24:33,269 - ERROR - Attempt 1/3 failed for term 'patient': relation "mrconso" does not exist
LINE 3:                     FROM MRCONSO c
                                 ^

2025-05-29 22:24:33,270 - ERROR - Attempt 2/3 failed for term 'patient': current transaction is aborted, commands ignored until end of transaction block

2025-05-29 22:24:33,270 - ERROR - Attempt 3/3 failed for term 'patient': current transaction is aborted, commands ignored until end of transaction block

2025-05-29 22:24:33,270 - ERROR - Max retries reached for term 'patient'
2025-05-29 22:24:33,285 - ERROR - Attempt 1/3 failed for term 'facial pain': relation "mrconso" does not exist
LINE 3:                     FROM MRCONSO c
                                 ^

2025-05-29 22:24:33,286 - ERROR - Attempt 2/3 failed for term 'facial pain': current transaction is aborted, commands ignored until end of transaction block

2025-05-29 22:24:33,286 - ERROR - Attempt 3/3 failed for term 'facial pain': current transaction is aborted, commands ignored until end of transaction block

2025-05-29 22:24:33,287 - ERROR - Max retries reached for term 'facial pain'
2025-05-29 22:24:33,310 - WARNING - Failed to fetch semantic type for CUI NO_CUI_patient presents with facial pain: relation "mrsty" does not exist
LINE 3:                             FROM MRSTY sty
                                         ^

2025-05-29 22:24:33,451 - ERROR - Attempt 1/3 failed for term 'assessment': relation "mrconso" does not exist
LINE 3:                     FROM MRCONSO c
                                 ^

2025-05-29 22:24:33,451 - ERROR - Attempt 2/3 failed for term 'assessment': current transaction is aborted, commands ignored until end of transaction block

2025-05-29 22:24:33,452 - ERROR - Attempt 3/3 failed for term 'assessment': current transaction is aborted, commands ignored until end of transaction block

2025-05-29 22:24:33,452 - ERROR - Max retries reached for term 'assessment'
2025-05-29 22:24:33,463 - ERROR - Attempt 1/3 failed for term 'patient reports': relation "mrconso" does not exist
LINE 3:                     FROM MRCONSO c
                                 ^

2025-05-29 22:24:33,464 - ERROR - Attempt 2/3 failed for term 'patient reports': current transaction is aborted, commands ignored until end of transaction block

2025-05-29 22:24:33,465 - ERROR - Attempt 3/3 failed for term 'patient reports': current transaction is aborted, commands ignored until end of transaction block

2025-05-29 22:24:33,466 - ERROR - Max retries reached for term 'patient reports'
2025-05-29 22:24:33,484 - ERROR - Attempt 1/3 failed for term 'back pain': relation "mrconso" does not exist
LINE 3:                     FROM MRCONSO c
                                 ^

2025-05-29 22:24:33,485 - ERROR - Attempt 2/3 failed for term 'back pain': current transaction is aborted, commands ignored until end of transaction block

2025-05-29 22:24:33,487 - ERROR - Attempt 3/3 failed for term 'back pain': current transaction is aborted, commands ignored until end of transaction block

2025-05-29 22:24:33,487 - ERROR - Max retries reached for term 'back pain'
2025-05-29 22:24:33,502 - ERROR - Attempt 1/3 failed for term 'weeks': relation "mrconso" does not exist
LINE 3:                     FROM MRCONSO c
                                 ^

2025-05-29 22:24:33,503 - ERROR - Attempt 2/3 failed for term 'weeks': current transaction is aborted, commands ignored until end of transaction block

2025-05-29 22:24:33,505 - ERROR - Attempt 3/3 failed for term 'weeks': current transaction is aborted, commands ignored until end of transaction block

2025-05-29 22:24:33,505 - ERROR - Max retries reached for term 'weeks'
2025-05-29 22:24:33,522 - WARNING - Failed to fetch semantic type for CUI NO_CUI_back pain for two weeks the patient reports backpain for three weeks on assessment: relation "mrsty" does not exist
LINE 3:                             FROM MRSTY sty
                                         ^

2025-05-29 22:24:33,634 - ERROR - Attempt 1/3 failed for term 'stretching': relation "mrconso" does not exist
LINE 3:                     FROM MRCONSO c
                                 ^

2025-05-29 22:24:33,634 - ERROR - Attempt 2/3 failed for term 'stretching': current transaction is aborted, commands ignored until end of transaction block

2025-05-29 22:24:33,635 - ERROR - Attempt 3/3 failed for term 'stretching': current transaction is aborted, commands ignored until end of transaction block

2025-05-29 22:24:33,635 - ERROR - Max retries reached for term 'stretching'
2025-05-29 22:24:33,645 - ERROR - Attempt 1/3 failed for term 'obese': relation "mrconso" does not exist
LINE 3:                     FROM MRCONSO c
                                 ^

2025-05-29 22:24:33,646 - ERROR - Attempt 2/3 failed for term 'obese': current transaction is aborted, commands ignored until end of transaction block

2025-05-29 22:24:33,647 - ERROR - Attempt 3/3 failed for term 'obese': current transaction is aborted, commands ignored until end of transaction block

2025-05-29 22:24:33,647 - ERROR - Max retries reached for term 'obese'
2025-05-29 22:24:33,663 - ERROR - Attempt 1/3 failed for term 'patient': relation "mrconso" does not exist
LINE 3:                     FROM MRCONSO c
                                 ^

2025-05-29 22:24:33,664 - ERROR - Attempt 2/3 failed for term 'patient': current transaction is aborted, commands ignored until end of transaction block

2025-05-29 22:24:33,665 - ERROR - Attempt 3/3 failed for term 'patient': current transaction is aborted, commands ignored until end of transaction block

2025-05-29 22:24:33,665 - ERROR - Max retries reached for term 'patient'
2025-05-29 22:24:33,679 - ERROR - Attempt 1/3 failed for term 'sitting': relation "mrconso" does not exist
LINE 3:                     FROM MRCONSO c
                                 ^

2025-05-29 22:24:33,679 - ERROR - Attempt 2/3 failed for term 'sitting': current transaction is aborted, commands ignored until end of transaction block

2025-05-29 22:24:33,681 - ERROR - Attempt 3/3 failed for term 'sitting': current transaction is aborted, commands ignored until end of transaction block

2025-05-29 22:24:33,682 - ERROR - Max retries reached for term 'sitting'
2025-05-29 22:24:33,698 - ERROR - Attempt 1/3 failed for term 'pain': relation "mrconso" does not exist
LINE 3:                     FROM MRCONSO c
                                 ^

2025-05-29 22:24:33,699 - ERROR - Attempt 2/3 failed for term 'pain': current transaction is aborted, commands ignored until end of transaction block

2025-05-29 22:24:33,700 - ERROR - Attempt 3/3 failed for term 'pain': current transaction is aborted, commands ignored until end of transaction block

2025-05-29 22:24:33,700 - ERROR - Max retries reached for term 'pain'
2025-05-29 22:24:33,713 - ERROR - Attempt 1/3 failed for term 'backpain': relation "mrconso" does not exist
LINE 3:                     FROM MRCONSO c
                                 ^

2025-05-29 22:24:33,714 - ERROR - Attempt 2/3 failed for term 'backpain': current transaction is aborted, commands ignored until end of transaction block

2025-05-29 22:24:33,715 - ERROR - Attempt 3/3 failed for term 'backpain': current transaction is aborted, commands ignored until end of transaction block

2025-05-29 22:24:33,715 - ERROR - Max retries reached for term 'backpain'
2025-05-29 22:24:33,729 - ERROR - Attempt 1/3 failed for term 'standing': relation "mrconso" does not exist
LINE 3:                     FROM MRCONSO c
                                 ^

2025-05-29 22:24:33,729 - ERROR - Attempt 2/3 failed for term 'standing': current transaction is aborted, commands ignored until end of transaction block

2025-05-29 22:24:33,730 - ERROR - Attempt 3/3 failed for term 'standing': current transaction is aborted, commands ignored until end of transaction block

2025-05-29 22:24:33,730 - ERROR - Max retries reached for term 'standing'
2025-05-29 22:24:33,744 - WARNING - Failed to fetch semantic type for CUI NO_CUI_the patient is obese the backpain is made worse by sitting down for long the pain is alleviated by standing and stretching: relation "mrsty" does not exist
LINE 3:                             FROM MRSTY sty
                                         ^

2025-05-29 22:24:33,846 - WARNING - Skipping non-clinical or blocked term: 'days'
2025-05-29 22:24:33,855 - ERROR - Attempt 1/3 failed for term 'reports': relation "mrconso" does not exist
LINE 3:                     FROM MRCONSO c
                                 ^

2025-05-29 22:24:33,856 - ERROR - Attempt 2/3 failed for term 'reports': current transaction is aborted, commands ignored until end of transaction block

2025-05-29 22:24:33,857 - ERROR - Attempt 3/3 failed for term 'reports': current transaction is aborted, commands ignored until end of transaction block

2025-05-29 22:24:33,857 - ERROR - Max retries reached for term 'reports'
2025-05-29 22:24:33,871 - ERROR - Attempt 1/3 failed for term 'fever': relation "mrconso" does not exist
LINE 3:                     FROM MRCONSO c
                                 ^

2025-05-29 22:24:33,872 - ERROR - Attempt 2/3 failed for term 'fever': current transaction is aborted, commands ignored until end of transaction block

2025-05-29 22:24:33,875 - ERROR - Attempt 3/3 failed for term 'fever': current transaction is aborted, commands ignored until end of transaction block

2025-05-29 22:24:33,875 - ERROR - Max retries reached for term 'fever'
2025-05-29 22:24:33,888 - ERROR - Attempt 1/3 failed for term 'maxillary sinuses': relation "mrconso" does not exist
LINE 3:                     FROM MRCONSO c
                                 ^

2025-05-29 22:24:33,889 - ERROR - Attempt 2/3 failed for term 'maxillary sinuses': current transaction is aborted, commands ignored until end of transaction block

2025-05-29 22:24:33,891 - ERROR - Attempt 3/3 failed for term 'maxillary sinuses': current transaction is aborted, commands ignored until end of transaction block

2025-05-29 22:24:33,891 - ERROR - Max retries reached for term 'maxillary sinuses'
2025-05-29 22:24:33,903 - ERROR - Attempt 1/3 failed for term 'nasal discharge': relation "mrconso" does not exist
LINE 3:                     FROM MRCONSO c
                                 ^

2025-05-29 22:24:33,904 - ERROR - Attempt 2/3 failed for term 'nasal discharge': current transaction is aborted, commands ignored until end of transaction block

2025-05-29 22:24:33,905 - ERROR - Attempt 3/3 failed for term 'nasal discharge': current transaction is aborted, commands ignored until end of transaction block

2025-05-29 22:24:33,906 - ERROR - Max retries reached for term 'nasal discharge'
2025-05-29 22:24:33,917 - ERROR - Attempt 1/3 failed for term 'purulent': relation "mrconso" does not exist
LINE 3:                     FROM MRCONSO c
                                 ^

2025-05-29 22:24:33,918 - ERROR - Attempt 2/3 failed for term 'purulent': current transaction is aborted, commands ignored until end of transaction block

2025-05-29 22:24:33,919 - ERROR - Attempt 3/3 failed for term 'purulent': current transaction is aborted, commands ignored until end of transaction block

2025-05-29 22:24:33,919 - ERROR - Max retries reached for term 'purulent'
2025-05-29 22:24:33,933 - ERROR - Attempt 1/3 failed for term 'facial pain': relation "mrconso" does not exist
LINE 3:                     FROM MRCONSO c
                                 ^

2025-05-29 22:24:33,934 - ERROR - Attempt 2/3 failed for term 'facial pain': current transaction is aborted, commands ignored until end of transaction block

2025-05-29 22:24:33,935 - ERROR - Attempt 3/3 failed for term 'facial pain': current transaction is aborted, commands ignored until end of transaction block

2025-05-29 22:24:33,935 - ERROR - Max retries reached for term 'facial pain'
2025-05-29 22:24:33,951 - WARNING - Failed to fetch semantic type for CUI NO_CUI_and fever for 10 days. reports purulent nasal discharge. facial pain over maxillary sinuses: relation "mrsty" does not exist
LINE 3:                             FROM MRSTY sty
                                         ^

2025-05-29 22:24:34,175 - ERROR - Attempt 1/3 failed for term 'sinusitis': relation "mrconso" does not exist
LINE 3:                     FROM MRCONSO c
                                 ^

2025-05-29 22:24:34,176 - ERROR - Attempt 2/3 failed for term 'sinusitis': current transaction is aborted, commands ignored until end of transaction block

2025-05-29 22:24:34,176 - ERROR - Attempt 3/3 failed for term 'sinusitis': current transaction is aborted, commands ignored until end of transaction block

2025-05-29 22:24:34,177 - ERROR - Max retries reached for term 'sinusitis'
2025-05-29 22:24:34,191 - ERROR - Attempt 1/3 failed for term 'neurological': relation "mrconso" does not exist
LINE 3:                     FROM MRCONSO c
                                 ^

2025-05-29 22:24:34,192 - ERROR - Attempt 2/3 failed for term 'neurological': current transaction is aborted, commands ignored until end of transaction block

2025-05-29 22:24:34,193 - ERROR - Attempt 3/3 failed for term 'neurological': current transaction is aborted, commands ignored until end of transaction block

2025-05-29 22:24:34,193 - ERROR - Max retries reached for term 'neurological'
2025-05-29 22:24:34,209 - ERROR - Attempt 1/3 failed for term 'viral upper': relation "mrconso" does not exist
LINE 3:                     FROM MRCONSO c
                                 ^

2025-05-29 22:24:34,210 - ERROR - Attempt 2/3 failed for term 'viral upper': current transaction is aborted, commands ignored until end of transaction block

2025-05-29 22:24:34,210 - ERROR - Attempt 3/3 failed for term 'viral upper': current transaction is aborted, commands ignored until end of transaction block

2025-05-29 22:24:34,210 - ERROR - Max retries reached for term 'viral upper'
2025-05-29 22:24:34,225 - ERROR - Attempt 1/3 failed for term 'viral sinusitis': relation "mrconso" does not exist
LINE 3:                     FROM MRCONSO c
                                 ^

2025-05-29 22:24:34,226 - ERROR - Attempt 2/3 failed for term 'viral sinusitis': current transaction is aborted, commands ignored until end of transaction block

2025-05-29 22:24:34,226 - ERROR - Attempt 3/3 failed for term 'viral sinusitis': current transaction is aborted, commands ignored until end of transaction block

2025-05-29 22:24:34,227 - ERROR - Max retries reached for term 'viral sinusitis'
2025-05-29 22:24:34,241 - ERROR - Attempt 1/3 failed for term 'respiratory infection': relation "mrconso" does not exist
LINE 3:                     FROM MRCONSO c
                                 ^

2025-05-29 22:24:34,242 - ERROR - Attempt 2/3 failed for term 'respiratory infection': current transaction is aborted, commands ignored until end of transaction block

2025-05-29 22:24:34,243 - ERROR - Attempt 3/3 failed for term 'respiratory infection': current transaction is aborted, commands ignored until end of transaction block

2025-05-29 22:24:34,243 - ERROR - Max retries reached for term 'respiratory infection'
2025-05-29 22:24:34,257 - ERROR - Attempt 1/3 failed for term 'endocrine': relation "mrconso" does not exist
LINE 3:                     FROM MRCONSO c
                                 ^

2025-05-29 22:24:34,259 - ERROR - Attempt 2/3 failed for term 'endocrine': current transaction is aborted, commands ignored until end of transaction block

2025-05-29 22:24:34,259 - ERROR - Attempt 3/3 failed for term 'endocrine': current transaction is aborted, commands ignored until end of transaction block

2025-05-29 22:24:34,260 - ERROR - Max retries reached for term 'endocrine'
2025-05-29 22:24:34,272 - ERROR - Attempt 1/3 failed for term 'allergic rhinitis': relation "mrconso" does not exist
LINE 3:                     FROM MRCONSO c
                                 ^

2025-05-29 22:24:34,273 - ERROR - Attempt 2/3 failed for term 'allergic rhinitis': current transaction is aborted, commands ignored until end of transaction block

2025-05-29 22:24:34,273 - ERROR - Attempt 3/3 failed for term 'allergic rhinitis': current transaction is aborted, commands ignored until end of transaction block

2025-05-29 22:24:34,274 - ERROR - Max retries reached for term 'allergic rhinitis'
2025-05-29 22:24:34,287 - ERROR - Attempt 1/3 failed for term 'diabetes': relation "mrconso" does not exist
LINE 3:                     FROM MRCONSO c
                                 ^

2025-05-29 22:24:34,287 - ERROR - Attempt 2/3 failed for term 'diabetes': current transaction is aborted, commands ignored until end of transaction block

2025-05-29 22:24:34,288 - ERROR - Attempt 3/3 failed for term 'diabetes': current transaction is aborted, commands ignored until end of transaction block

2025-05-29 22:24:34,288 - ERROR - Max retries reached for term 'diabetes'
2025-05-29 22:24:34,301 - ERROR - Attempt 1/3 failed for term 'acute abnormalities': relation "mrconso" does not exist
LINE 3:                     FROM MRCONSO c
                                 ^

2025-05-29 22:24:34,302 - ERROR - Attempt 2/3 failed for term 'acute abnormalities': current transaction is aborted, commands ignored until end of transaction block

2025-05-29 22:24:34,302 - ERROR - Attempt 3/3 failed for term 'acute abnormalities': current transaction is aborted, commands ignored until end of transaction block

2025-05-29 22:24:34,303 - ERROR - Max retries reached for term 'acute abnormalities'
2025-05-29 22:24:34,319 - ERROR - Attempt 1/3 failed for term 'differential': relation "mrconso" does not exist
LINE 3:                     FROM MRCONSO c
                                 ^

2025-05-29 22:24:34,320 - ERROR - Attempt 2/3 failed for term 'differential': current transaction is aborted, commands ignored until end of transaction block

2025-05-29 22:24:34,322 - ERROR - Attempt 3/3 failed for term 'differential': current transaction is aborted, commands ignored until end of transaction block

2025-05-29 22:24:34,322 - ERROR - Max retries reached for term 'differential'
2025-05-29 22:24:34,339 - ERROR - Attempt 1/3 failed for term 'pulmonary': relation "mrconso" does not exist
LINE 3:                     FROM MRCONSO c
                                 ^

2025-05-29 22:24:34,340 - ERROR - Attempt 2/3 failed for term 'pulmonary': current transaction is aborted, commands ignored until end of transaction block

2025-05-29 22:24:34,341 - ERROR - Attempt 3/3 failed for term 'pulmonary': current transaction is aborted, commands ignored until end of transaction block

2025-05-29 22:24:34,341 - ERROR - Max retries reached for term 'pulmonary'
2025-05-29 22:24:34,357 - ERROR - Attempt 1/3 failed for term 'secondary to': relation "mrconso" does not exist
LINE 3:                     FROM MRCONSO c
                                 ^

2025-05-29 22:24:34,358 - ERROR - Attempt 2/3 failed for term 'secondary to': current transaction is aborted, commands ignored until end of transaction block

2025-05-29 22:24:34,358 - ERROR - Attempt 3/3 failed for term 'secondary to': current transaction is aborted, commands ignored until end of transaction block

2025-05-29 22:24:34,359 - ERROR - Max retries reached for term 'secondary to'
2025-05-29 22:24:34,373 - ERROR - Attempt 1/3 failed for term 'stable': relation "mrconso" does not exist
LINE 3:                     FROM MRCONSO c
                                 ^

2025-05-29 22:24:34,374 - ERROR - Attempt 2/3 failed for term 'stable': current transaction is aborted, commands ignored until end of transaction block

2025-05-29 22:24:34,375 - ERROR - Attempt 3/3 failed for term 'stable': current transaction is aborted, commands ignored until end of transaction block

2025-05-29 22:24:34,375 - ERROR - Max retries reached for term 'stable'
2025-05-29 22:24:34,392 - ERROR - Attempt 1/3 failed for term 'cardiovascular': relation "mrconso" does not exist
LINE 3:                     FROM MRCONSO c
                                 ^

2025-05-29 22:24:34,393 - ERROR - Attempt 2/3 failed for term 'cardiovascular': current transaction is aborted, commands ignored until end of transaction block

2025-05-29 22:24:34,394 - ERROR - Attempt 3/3 failed for term 'cardiovascular': current transaction is aborted, commands ignored until end of transaction block

2025-05-29 22:24:34,394 - ERROR - Max retries reached for term 'cardiovascular'
2025-05-29 22:24:34,411 - ERROR - Attempt 1/3 failed for term 'hypertension': relation "mrconso" does not exist
LINE 3:                     FROM MRCONSO c
                                 ^

2025-05-29 22:24:34,412 - ERROR - Attempt 2/3 failed for term 'hypertension': current transaction is aborted, commands ignored until end of transaction block

2025-05-29 22:24:34,416 - ERROR - Attempt 3/3 failed for term 'hypertension': current transaction is aborted, commands ignored until end of transaction block

2025-05-29 22:24:34,418 - ERROR - Max retries reached for term 'hypertension'
2025-05-29 22:24:34,448 - ERROR - Attempt 1/3 failed for term 'headache': relation "mrconso" does not exist
LINE 3:                     FROM MRCONSO c
                                 ^

2025-05-29 22:24:34,452 - ERROR - Attempt 2/3 failed for term 'headache': current transaction is aborted, commands ignored until end of transaction block

2025-05-29 22:24:34,457 - ERROR - Attempt 3/3 failed for term 'headache': current transaction is aborted, commands ignored until end of transaction block

2025-05-29 22:24:34,457 - ERROR - Max retries reached for term 'headache'
2025-05-29 22:24:34,484 - WARNING - Failed to fetch semantic type for CUI NO_CUI_likely secondary to recent viral upper respiratory infection. differential includes viral sinusitis or allergic rhinitis. other systems: neurological: headache likely related to sinusitis. endocrine: stable diabetes. cardiovascular: stable hypertension. no acute abnormalities in pulmonary: relation "mrsty" does not exist
LINE 3:                             FROM MRSTY sty
                                         ^

2025-05-29 22:24:34,703 - ERROR - Attempt 1/3 failed for term 'pain': relation "mrconso" does not exist
LINE 3:                     FROM MRCONSO c
                                 ^

2025-05-29 22:24:34,704 - ERROR - Attempt 2/3 failed for term 'pain': current transaction is aborted, commands ignored until end of transaction block

2025-05-29 22:24:34,704 - ERROR - Attempt 3/3 failed for term 'pain': current transaction is aborted, commands ignored until end of transaction block

2025-05-29 22:24:34,705 - ERROR - Max retries reached for term 'pain'
2025-05-29 22:24:34,714 - ERROR - Attempt 1/3 failed for term 'radiating': relation "mrconso" does not exist
LINE 3:                     FROM MRCONSO c
                                 ^

2025-05-29 22:24:34,715 - ERROR - Attempt 2/3 failed for term 'radiating': current transaction is aborted, commands ignored until end of transaction block

2025-05-29 22:24:34,715 - ERROR - Attempt 3/3 failed for term 'radiating': current transaction is aborted, commands ignored until end of transaction block

2025-05-29 22:24:34,716 - ERROR - Max retries reached for term 'radiating'
2025-05-29 22:24:34,730 - WARNING - Failed to fetch semantic type for CUI NO_CUI_radiating pain: relation "mrsty" does not exist
LINE 3:                             FROM MRSTY sty
                                         ^

2025-05-29 22:24:34,811 - ERROR - Attempt 1/3 failed for term 'bilateral': relation "mrconso" does not exist
LINE 3:                     FROM MRCONSO c
                                 ^

2025-05-29 22:24:34,812 - ERROR - Attempt 2/3 failed for term 'bilateral': current transaction is aborted, commands ignored until end of transaction block

2025-05-29 22:24:34,813 - ERROR - Attempt 3/3 failed for term 'bilateral': current transaction is aborted, commands ignored until end of transaction block

2025-05-29 22:24:34,813 - ERROR - Max retries reached for term 'bilateral'
2025-05-29 22:24:34,822 - ERROR - Attempt 1/3 failed for term 'nasal congestion': relation "mrconso" does not exist
LINE 3:                     FROM MRCONSO c
                                 ^

2025-05-29 22:24:34,823 - ERROR - Attempt 2/3 failed for term 'nasal congestion': current transaction is aborted, commands ignored until end of transaction block

2025-05-29 22:24:34,823 - ERROR - Attempt 3/3 failed for term 'nasal congestion': current transaction is aborted, commands ignored until end of transaction block

2025-05-29 22:24:34,824 - ERROR - Max retries reached for term 'nasal congestion'
2025-05-29 22:24:34,834 - WARNING - Failed to fetch semantic type for CUI NO_CUI_bilateral nasal congestion: relation "mrsty" does not exist
LINE 3:                             FROM MRSTY sty
                                         ^

2025-05-29 22:24:35,000 - WARNING - Skipping non-clinical or blocked term: 'days'
2025-05-29 22:24:35,011 - ERROR - Attempt 1/3 failed for term 'shortness of breath': relation "mrconso" does not exist
LINE 3:                     FROM MRCONSO c
                                 ^

2025-05-29 22:24:35,012 - ERROR - Attempt 2/3 failed for term 'shortness of breath': current transaction is aborted, commands ignored until end of transaction block

2025-05-29 22:24:35,012 - ERROR - Attempt 3/3 failed for term 'shortness of breath': current transaction is aborted, commands ignored until end of transaction block

2025-05-29 22:24:35,013 - ERROR - Max retries reached for term 'shortness of breath'
2025-05-29 22:24:35,023 - ERROR - Attempt 1/3 failed for term 'mild headache': relation "mrconso" does not exist
LINE 3:                     FROM MRCONSO c
                                 ^

2025-05-29 22:24:35,024 - ERROR - Attempt 2/3 failed for term 'mild headache': current transaction is aborted, commands ignored until end of transaction block

2025-05-29 22:24:35,024 - ERROR - Attempt 3/3 failed for term 'mild headache': current transaction is aborted, commands ignored until end of transaction block

2025-05-29 22:24:35,025 - ERROR - Max retries reached for term 'mild headache'
2025-05-29 22:24:35,039 - ERROR - Attempt 1/3 failed for term 'neurological': relation "mrconso" does not exist
LINE 3:                     FROM MRCONSO c
                                 ^

2025-05-29 22:24:35,040 - ERROR - Attempt 2/3 failed for term 'neurological': current transaction is aborted, commands ignored until end of transaction block

2025-05-29 22:24:35,041 - ERROR - Attempt 3/3 failed for term 'neurological': current transaction is aborted, commands ignored until end of transaction block

2025-05-29 22:24:35,042 - ERROR - Max retries reached for term 'neurological'
2025-05-29 22:24:35,056 - ERROR - Attempt 1/3 failed for term 'palpitations': relation "mrconso" does not exist
LINE 3:                     FROM MRCONSO c
                                 ^

2025-05-29 22:24:35,057 - ERROR - Attempt 2/3 failed for term 'palpitations': current transaction is aborted, commands ignored until end of transaction block

2025-05-29 22:24:35,058 - ERROR - Attempt 3/3 failed for term 'palpitations': current transaction is aborted, commands ignored until end of transaction block

2025-05-29 22:24:35,058 - ERROR - Max retries reached for term 'palpitations'
2025-05-29 22:24:35,071 - ERROR - Attempt 1/3 failed for term 'pulmonary': relation "mrconso" does not exist
LINE 3:                     FROM MRCONSO c
                                 ^

2025-05-29 22:24:35,072 - ERROR - Attempt 2/3 failed for term 'pulmonary': current transaction is aborted, commands ignored until end of transaction block

2025-05-29 22:24:35,073 - ERROR - Attempt 3/3 failed for term 'pulmonary': current transaction is aborted, commands ignored until end of transaction block

2025-05-29 22:24:35,074 - ERROR - Max retries reached for term 'pulmonary'
2025-05-29 22:24:35,086 - ERROR - Attempt 1/3 failed for term 'low-grade': relation "mrconso" does not exist
LINE 3:                     FROM MRCONSO c
                                 ^

2025-05-29 22:24:35,086 - ERROR - Attempt 2/3 failed for term 'low-grade': current transaction is aborted, commands ignored until end of transaction block

2025-05-29 22:24:35,087 - ERROR - Attempt 3/3 failed for term 'low-grade': current transaction is aborted, commands ignored until end of transaction block

2025-05-29 22:24:35,088 - ERROR - Max retries reached for term 'low-grade'
2025-05-29 22:24:35,099 - ERROR - Attempt 1/3 failed for term 'no cough': relation "mrconso" does not exist
LINE 3:                     FROM MRCONSO c
                                 ^

2025-05-29 22:24:35,100 - ERROR - Attempt 2/3 failed for term 'no cough': current transaction is aborted, commands ignored until end of transaction block

2025-05-29 22:24:35,100 - ERROR - Attempt 3/3 failed for term 'no cough': current transaction is aborted, commands ignored until end of transaction block

2025-05-29 22:24:35,101 - ERROR - Max retries reached for term 'no cough'
2025-05-29 22:24:35,113 - ERROR - Attempt 1/3 failed for term 'associated with': relation "mrconso" does not exist
LINE 3:                     FROM MRCONSO c
                                 ^

2025-05-29 22:24:35,114 - ERROR - Attempt 2/3 failed for term 'associated with': current transaction is aborted, commands ignored until end of transaction block

2025-05-29 22:24:35,115 - ERROR - Attempt 3/3 failed for term 'associated with': current transaction is aborted, commands ignored until end of transaction block

2025-05-29 22:24:35,115 - ERROR - Max retries reached for term 'associated with'
2025-05-29 22:24:35,127 - ERROR - Attempt 1/3 failed for term 'chest pain': relation "mrconso" does not exist
LINE 3:                     FROM MRCONSO c
                                 ^

2025-05-29 22:24:35,128 - ERROR - Attempt 2/3 failed for term 'chest pain': current transaction is aborted, commands ignored until end of transaction block

2025-05-29 22:24:35,129 - ERROR - Attempt 3/3 failed for term 'chest pain': current transaction is aborted, commands ignored until end of transaction block

2025-05-29 22:24:35,129 - ERROR - Max retries reached for term 'chest pain'
2025-05-29 22:24:35,143 - ERROR - Attempt 1/3 failed for term 'sinus pain': relation "mrconso" does not exist
LINE 3:                     FROM MRCONSO c
                                 ^

2025-05-29 22:24:35,143 - ERROR - Attempt 2/3 failed for term 'sinus pain': current transaction is aborted, commands ignored until end of transaction block

2025-05-29 22:24:35,144 - ERROR - Attempt 3/3 failed for term 'sinus pain': current transaction is aborted, commands ignored until end of transaction block

2025-05-29 22:24:35,144 - ERROR - Max retries reached for term 'sinus pain'
2025-05-29 22:24:35,157 - ERROR - Attempt 1/3 failed for term 'nasal discharge': relation "mrconso" does not exist
LINE 3:                     FROM MRCONSO c
                                 ^

2025-05-29 22:24:35,158 - ERROR - Attempt 2/3 failed for term 'nasal discharge': current transaction is aborted, commands ignored until end of transaction block

2025-05-29 22:24:35,159 - ERROR - Attempt 3/3 failed for term 'nasal discharge': current transaction is aborted, commands ignored until end of transaction block

2025-05-29 22:24:35,159 - ERROR - Max retries reached for term 'nasal discharge'
2025-05-29 22:24:35,173 - ERROR - Attempt 1/3 failed for term 'hearing loss': relation "mrconso" does not exist
LINE 3:                     FROM MRCONSO c
                                 ^

2025-05-29 22:24:35,174 - ERROR - Attempt 2/3 failed for term 'hearing loss': current transaction is aborted, commands ignored until end of transaction block

2025-05-29 22:24:35,175 - ERROR - Attempt 3/3 failed for term 'hearing loss': current transaction is aborted, commands ignored until end of transaction block

2025-05-29 22:24:35,175 - ERROR - Max retries reached for term 'hearing loss'
2025-05-29 22:24:35,190 - ERROR - Attempt 1/3 failed for term 'cardiovascular': relation "mrconso" does not exist
LINE 3:                     FROM MRCONSO c
                                 ^

2025-05-29 22:24:35,192 - ERROR - Attempt 2/3 failed for term 'cardiovascular': current transaction is aborted, commands ignored until end of transaction block

2025-05-29 22:24:35,192 - ERROR - Attempt 3/3 failed for term 'cardiovascular': current transaction is aborted, commands ignored until end of transaction block

2025-05-29 22:24:35,192 - ERROR - Max retries reached for term 'cardiovascular'
2025-05-29 22:24:35,207 - ERROR - Attempt 1/3 failed for term 'purulent': relation "mrconso" does not exist
LINE 3:                     FROM MRCONSO c
                                 ^

2025-05-29 22:24:35,208 - ERROR - Attempt 2/3 failed for term 'purulent': current transaction is aborted, commands ignored until end of transaction block

2025-05-29 22:24:35,209 - ERROR - Attempt 3/3 failed for term 'purulent': current transaction is aborted, commands ignored until end of transaction block

2025-05-29 22:24:35,209 - ERROR - Max retries reached for term 'purulent'
2025-05-29 22:24:35,228 - WARNING - Failed to fetch semantic type for CUI NO_CUI_and purulent nasal discharge for 10 days. low-grade fever (up to 100.5°f). no sore throat or hearing loss. pulmonary: no cough or shortness of breath. cardiovascular: no chest pain or palpitations. neurological: mild headache associated with sinus pain: relation "mrsty" does not exist
LINE 3:                             FROM MRSTY sty
                                         ^

2025-05-29 22:24:35,454 - ERROR - Attempt 1/3 failed for term 'bruising': relation "mrconso" does not exist
LINE 3:                     FROM MRCONSO c
                                 ^

2025-05-29 22:24:35,455 - ERROR - Attempt 2/3 failed for term 'bruising': current transaction is aborted, commands ignored until end of transaction block

2025-05-29 22:24:35,455 - ERROR - Attempt 3/3 failed for term 'bruising': current transaction is aborted, commands ignored until end of transaction block

2025-05-29 22:24:35,455 - ERROR - Max retries reached for term 'bruising'
2025-05-29 22:24:35,464 - ERROR - Attempt 1/3 failed for term 'urinary changes': relation "mrconso" does not exist
LINE 3:                     FROM MRCONSO c
                                 ^

2025-05-29 22:24:35,465 - ERROR - Attempt 2/3 failed for term 'urinary changes': current transaction is aborted, commands ignored until end of transaction block

2025-05-29 22:24:35,466 - ERROR - Attempt 3/3 failed for term 'urinary changes': current transaction is aborted, commands ignored until end of transaction block

2025-05-29 22:24:35,467 - ERROR - Max retries reached for term 'urinary changes'
2025-05-29 22:24:35,477 - ERROR - Attempt 1/3 failed for term 'consistent with': relation "mrconso" does not exist
LINE 3:                     FROM MRCONSO c
                                 ^

2025-05-29 22:24:35,477 - ERROR - Attempt 2/3 failed for term 'consistent with': current transaction is aborted, commands ignored until end of transaction block

2025-05-29 22:24:35,478 - ERROR - Attempt 3/3 failed for term 'consistent with': current transaction is aborted, commands ignored until end of transaction block

2025-05-29 22:24:35,478 - ERROR - Max retries reached for term 'consistent with'
2025-05-29 22:24:35,491 - ERROR - Attempt 1/3 failed for term 'no joint pain': relation "mrconso" does not exist
LINE 3:                     FROM MRCONSO c
                                 ^

2025-05-29 22:24:35,491 - ERROR - Attempt 2/3 failed for term 'no joint pain': current transaction is aborted, commands ignored until end of transaction block

2025-05-29 22:24:35,492 - ERROR - Attempt 3/3 failed for term 'no joint pain': current transaction is aborted, commands ignored until end of transaction block

2025-05-29 22:24:35,492 - ERROR - Max retries reached for term 'no joint pain'
2025-05-29 22:24:35,505 - ERROR - Attempt 1/3 failed for term 'weight changes': relation "mrconso" does not exist
LINE 3:                     FROM MRCONSO c
                                 ^

2025-05-29 22:24:35,506 - ERROR - Attempt 2/3 failed for term 'weight changes': current transaction is aborted, commands ignored until end of transaction block

2025-05-29 22:24:35,507 - ERROR - Attempt 3/3 failed for term 'weight changes': current transaction is aborted, commands ignored until end of transaction block

2025-05-29 22:24:35,507 - ERROR - Max retries reached for term 'weight changes'
2025-05-29 22:24:35,521 - ERROR - Attempt 1/3 failed for term 'no rashes': relation "mrconso" does not exist
LINE 3:                     FROM MRCONSO c
                                 ^

2025-05-29 22:24:35,521 - ERROR - Attempt 2/3 failed for term 'no rashes': current transaction is aborted, commands ignored until end of transaction block

2025-05-29 22:24:35,522 - ERROR - Attempt 3/3 failed for term 'no rashes': current transaction is aborted, commands ignored until end of transaction block

2025-05-29 22:24:35,522 - ERROR - Max retries reached for term 'no rashes'
2025-05-29 22:24:35,533 - ERROR - Attempt 1/3 failed for term 'bacterial sinusitis': relation "mrconso" does not exist
LINE 3:                     FROM MRCONSO c
                                 ^

2025-05-29 22:24:35,534 - ERROR - Attempt 2/3 failed for term 'bacterial sinusitis': current transaction is aborted, commands ignored until end of transaction block

2025-05-29 22:24:35,536 - ERROR - Attempt 3/3 failed for term 'bacterial sinusitis': current transaction is aborted, commands ignored until end of transaction block

2025-05-29 22:24:35,537 - ERROR - Max retries reached for term 'bacterial sinusitis'
2025-05-29 22:24:35,549 - ERROR - Attempt 1/3 failed for term 'diarrhea': relation "mrconso" does not exist
LINE 3:                     FROM MRCONSO c
                                 ^

2025-05-29 22:24:35,551 - ERROR - Attempt 2/3 failed for term 'diarrhea': current transaction is aborted, commands ignored until end of transaction block

2025-05-29 22:24:35,552 - ERROR - Attempt 3/3 failed for term 'diarrhea': current transaction is aborted, commands ignored until end of transaction block

2025-05-29 22:24:35,553 - ERROR - Max retries reached for term 'diarrhea'
2025-05-29 22:24:35,566 - ERROR - Attempt 1/3 failed for term 'genitourinary': relation "mrconso" does not exist
LINE 3:                     FROM MRCONSO c
                                 ^

2025-05-29 22:24:35,567 - ERROR - Attempt 2/3 failed for term 'genitourinary': current transaction is aborted, commands ignored until end of transaction block

2025-05-29 22:24:35,568 - ERROR - Attempt 3/3 failed for term 'genitourinary': current transaction is aborted, commands ignored until end of transaction block

2025-05-29 22:24:35,568 - ERROR - Max retries reached for term 'genitourinary'
2025-05-29 22:24:35,569 - WARNING - Skipping non-clinical or blocked term: 'hematologic'
2025-05-29 22:24:35,582 - ERROR - Attempt 1/3 failed for term 'stiffness': relation "mrconso" does not exist
LINE 3:                     FROM MRCONSO c
                                 ^

2025-05-29 22:24:35,584 - ERROR - Attempt 2/3 failed for term 'stiffness': current transaction is aborted, commands ignored until end of transaction block

2025-05-29 22:24:35,585 - ERROR - Attempt 3/3 failed for term 'stiffness': current transaction is aborted, commands ignored until end of transaction block

2025-05-29 22:24:35,585 - ERROR - Max retries reached for term 'stiffness'
2025-05-29 22:24:35,598 - ERROR - Attempt 1/3 failed for term 'acute': relation "mrconso" does not exist
LINE 3:                     FROM MRCONSO c
                                 ^

2025-05-29 22:24:35,599 - ERROR - Attempt 2/3 failed for term 'acute': current transaction is aborted, commands ignored until end of transaction block

2025-05-29 22:24:35,601 - ERROR - Attempt 3/3 failed for term 'acute': current transaction is aborted, commands ignored until end of transaction block

2025-05-29 22:24:35,602 - ERROR - Max retries reached for term 'acute'
2025-05-29 22:24:35,603 - WARNING - Skipping non-clinical or blocked term: 'vision'
2025-05-29 22:24:35,619 - ERROR - Attempt 1/3 failed for term 'lesions': relation "mrconso" does not exist
LINE 3:                     FROM MRCONSO c
                                 ^

2025-05-29 22:24:35,620 - ERROR - Attempt 2/3 failed for term 'lesions': current transaction is aborted, commands ignored until end of transaction block

2025-05-29 22:24:35,621 - ERROR - Attempt 3/3 failed for term 'lesions': current transaction is aborted, commands ignored until end of transaction block

2025-05-29 22:24:35,621 - ERROR - Max retries reached for term 'lesions'
2025-05-29 22:24:35,638 - ERROR - Attempt 1/3 failed for term 'endocrine': relation "mrconso" does not exist
LINE 3:                     FROM MRCONSO c
                                 ^

2025-05-29 22:24:35,639 - ERROR - Attempt 2/3 failed for term 'endocrine': current transaction is aborted, commands ignored until end of transaction block

2025-05-29 22:24:35,641 - ERROR - Attempt 3/3 failed for term 'endocrine': current transaction is aborted, commands ignored until end of transaction block

2025-05-29 22:24:35,642 - ERROR - Max retries reached for term 'endocrine'
2025-05-29 22:24:35,659 - ERROR - Attempt 1/3 failed for term 'primary assessment': relation "mrconso" does not exist
LINE 3:                     FROM MRCONSO c
                                 ^

2025-05-29 22:24:35,659 - ERROR - Attempt 2/3 failed for term 'primary assessment': current transaction is aborted, commands ignored until end of transaction block

2025-05-29 22:24:35,660 - ERROR - Attempt 3/3 failed for term 'primary assessment': current transaction is aborted, commands ignored until end of transaction block

2025-05-29 22:24:35,660 - ERROR - Max retries reached for term 'primary assessment'
2025-05-29 22:24:35,676 - ERROR - Attempt 1/3 failed for term 'ophthalmologic': relation "mrconso" does not exist
LINE 3:                     FROM MRCONSO c
                                 ^

2025-05-29 22:24:35,677 - ERROR - Attempt 2/3 failed for term 'ophthalmologic': current transaction is aborted, commands ignored until end of transaction block

2025-05-29 22:24:35,677 - ERROR - Attempt 3/3 failed for term 'ophthalmologic': current transaction is aborted, commands ignored until end of transaction block

2025-05-29 22:24:35,678 - ERROR - Max retries reached for term 'ophthalmologic'
2025-05-29 22:24:35,678 - WARNING - Skipping non-clinical or blocked term: 'symptoms'
2025-05-29 22:24:35,678 - WARNING - Skipping non-clinical or blocked term: 'gastrointestinal'
2025-05-29 22:24:35,695 - ERROR - Attempt 1/3 failed for term 'nausea': relation "mrconso" does not exist
LINE 3:                     FROM MRCONSO c
                                 ^

2025-05-29 22:24:35,695 - ERROR - Attempt 2/3 failed for term 'nausea': current transaction is aborted, commands ignored until end of transaction block

2025-05-29 22:24:35,697 - ERROR - Attempt 3/3 failed for term 'nausea': current transaction is aborted, commands ignored until end of transaction block

2025-05-29 22:24:35,697 - ERROR - Max retries reached for term 'nausea'
2025-05-29 22:24:35,710 - ERROR - Attempt 1/3 failed for term 'dermatologic': relation "mrconso" does not exist
LINE 3:                     FROM MRCONSO c
                                 ^

2025-05-29 22:24:35,711 - ERROR - Attempt 2/3 failed for term 'dermatologic': current transaction is aborted, commands ignored until end of transaction block

2025-05-29 22:24:35,711 - ERROR - Attempt 3/3 failed for term 'dermatologic': current transaction is aborted, commands ignored until end of transaction block

2025-05-29 22:24:35,711 - ERROR - Max retries reached for term 'dermatologic'
2025-05-29 22:24:35,726 - ERROR - Attempt 1/3 failed for term 'no dizziness': relation "mrconso" does not exist
LINE 3:                     FROM MRCONSO c
                                 ^

2025-05-29 22:24:35,726 - ERROR - Attempt 2/3 failed for term 'no dizziness': current transaction is aborted, commands ignored until end of transaction block

2025-05-29 22:24:35,727 - ERROR - Attempt 3/3 failed for term 'no dizziness': current transaction is aborted, commands ignored until end of transaction block

2025-05-29 22:24:35,727 - ERROR - Max retries reached for term 'no dizziness'
2025-05-29 22:24:35,740 - ERROR - Attempt 1/3 failed for term 'bleeding': relation "mrconso" does not exist
LINE 3:                     FROM MRCONSO c
                                 ^

2025-05-29 22:24:35,741 - ERROR - Attempt 2/3 failed for term 'bleeding': current transaction is aborted, commands ignored until end of transaction block

2025-05-29 22:24:35,741 - ERROR - Attempt 3/3 failed for term 'bleeding': current transaction is aborted, commands ignored until end of transaction block

2025-05-29 22:24:35,742 - ERROR - Max retries reached for term 'bleeding'
2025-05-29 22:24:35,755 - ERROR - Attempt 1/3 failed for term 'mood changes': relation "mrconso" does not exist
LINE 3:                     FROM MRCONSO c
                                 ^

2025-05-29 22:24:35,756 - ERROR - Attempt 2/3 failed for term 'mood changes': current transaction is aborted, commands ignored until end of transaction block

2025-05-29 22:24:35,757 - ERROR - Attempt 3/3 failed for term 'mood changes': current transaction is aborted, commands ignored until end of transaction block

2025-05-29 22:24:35,757 - ERROR - Max retries reached for term 'mood changes'
2025-05-29 22:24:35,757 - WARNING - Skipping non-clinical or blocked term: 'psychiatric'
2025-05-29 22:24:35,769 - WARNING - Failed to fetch semantic type for CUI NO_CUI_no dizziness. musculoskeletal: no joint pain or stiffness. gastrointestinal: no nausea or diarrhea. genitourinary: no urinary changes. endocrine: no weight changes or thirst. hematologic: no easy bruising or bleeding. dermatologic: no rashes or lesions. psychiatric: no mood changes. ophthalmologic: no vision changes. primary assessment: symptoms consistent with acute bacterial sinusitis: relation "mrsty" does not exist
LINE 3:                             FROM MRSTY sty
                                         ^

2025-05-29 22:28:51,126 - WARNING - Diagnosis relevance weights for facial pain|nasal congestion|sinusitis|sinus pain|purulent nasal discharge do not sum to 1.0: 0
2025-05-29 22:28:51,126 - WARNING - Diagnosis relevance weights for cough do not sum to 1.0: 0
2025-05-29 22:28:51,126 - WARNING - Diagnosis relevance weights for headache|photophobia do not sum to 1.0: 0
2025-05-29 22:28:51,127 - WARNING - Diagnosis relevance weights for chest pain|shortness of breath|chest tightness do not sum to 1.0: 0
2025-05-29 22:28:51,127 - WARNING - Diagnosis relevance weights for epigastric pain|nausea do not sum to 1.0: 0
2025-05-29 22:28:51,127 - WARNING - Diagnosis relevance weights for knee pain|swelling do not sum to 1.0: 0
2025-05-29 22:28:51,127 - WARNING - Diagnosis relevance weights for back pain|lower back pain|backache do not sum to 1.0: 0
2025-05-29 22:28:51,128 - WARNING - Diagnosis relevance weights for fever|chills do not sum to 1.0: 0
2025-05-29 22:28:51,128 - WARNING - Diagnosis relevance weights for fatigue|obesity do not sum to 1.0: 0
2025-05-29 22:28:51,128 - WARNING - Diagnosis angina relevance weights do not sum to 1.0: 0.8
2025-05-29 22:28:51,173 - ERROR - Invalid JSON in /home/mathu/projects/hospital/departments/nlp/knowledge_base/medical_terms.json: Expecting value: line 7 column 12 (char 143). Using default data.
2025-05-29 22:28:51,228 - ERROR - Failed to create MongoDB indexes: An existing index has the same name as the requested index. When index names are not specified, they are auto generated and can cause conflicts. Please refer to our documentation. Requested index: { v: 2, unique: true, key: { term: 1 }, name: "term_1" }, existing index: { v: 2, key: { term: 1 }, name: "term_1" }, full error: {'ok': 0.0, 'errmsg': 'An existing index has the same name as the requested index. When index names are not specified, they are auto generated and can cause conflicts. Please refer to our documentation. Requested index: { v: 2, unique: true, key: { term: 1 }, name: "term_1" }, existing index: { v: 2, key: { term: 1 }, name: "term_1" }', 'code': 86, 'codeName': 'IndexKeySpecsConflict'}
2025-05-29 22:28:51,268 - ERROR - Failed to create MongoDB indexes: An existing index has the same name as the requested index. When index names are not specified, they are auto generated and can cause conflicts. Please refer to our documentation. Requested index: { v: 2, unique: true, key: { term: 1 }, name: "term_1" }, existing index: { v: 2, key: { term: 1 }, name: "term_1" }, full error: {'ok': 0.0, 'errmsg': 'An existing index has the same name as the requested index. When index names are not specified, they are auto generated and can cause conflicts. Please refer to our documentation. Requested index: { v: 2, unique: true, key: { term: 1 }, name: "term_1" }, existing index: { v: 2, key: { term: 1 }, name: "term_1" }', 'code': 86, 'codeName': 'IndexKeySpecsConflict'}
2025-05-29 22:38:09,632 - WARNING - Diagnosis relevance weights for facial pain|nasal congestion|sinusitis|sinus pain|purulent nasal discharge do not sum to 1.0: 0
2025-05-29 22:38:09,632 - WARNING - Diagnosis relevance weights for cough do not sum to 1.0: 0
2025-05-29 22:38:09,633 - WARNING - Diagnosis relevance weights for headache|photophobia do not sum to 1.0: 0
2025-05-29 22:38:09,633 - WARNING - Diagnosis relevance weights for chest pain|shortness of breath|chest tightness do not sum to 1.0: 0
2025-05-29 22:38:09,634 - WARNING - Diagnosis relevance weights for epigastric pain|nausea do not sum to 1.0: 0
2025-05-29 22:38:09,634 - WARNING - Diagnosis relevance weights for knee pain|swelling do not sum to 1.0: 0
2025-05-29 22:38:09,634 - WARNING - Diagnosis relevance weights for back pain|lower back pain|backache do not sum to 1.0: 0
2025-05-29 22:38:09,635 - WARNING - Diagnosis relevance weights for fever|chills do not sum to 1.0: 0
2025-05-29 22:38:09,635 - WARNING - Diagnosis relevance weights for fatigue|obesity do not sum to 1.0: 0
2025-05-29 22:38:09,635 - WARNING - Diagnosis angina relevance weights do not sum to 1.0: 0.8
2025-05-29 22:38:09,672 - ERROR - Invalid JSON in /home/mathu/projects/hospital/departments/nlp/knowledge_base/medical_terms.json: Expecting value: line 7 column 12 (char 143). Using default data.
2025-05-29 22:38:09,719 - ERROR - Failed to create MongoDB indexes: An existing index has the same name as the requested index. When index names are not specified, they are auto generated and can cause conflicts. Please refer to our documentation. Requested index: { v: 2, unique: true, key: { term: 1 }, name: "term_1" }, existing index: { v: 2, key: { term: 1 }, name: "term_1" }, full error: {'ok': 0.0, 'errmsg': 'An existing index has the same name as the requested index. When index names are not specified, they are auto generated and can cause conflicts. Please refer to our documentation. Requested index: { v: 2, unique: true, key: { term: 1 }, name: "term_1" }, existing index: { v: 2, key: { term: 1 }, name: "term_1" }', 'code': 86, 'codeName': 'IndexKeySpecsConflict'}
2025-05-29 22:38:09,748 - ERROR - Failed to create MongoDB indexes: An existing index has the same name as the requested index. When index names are not specified, they are auto generated and can cause conflicts. Please refer to our documentation. Requested index: { v: 2, unique: true, key: { term: 1 }, name: "term_1" }, existing index: { v: 2, key: { term: 1 }, name: "term_1" }, full error: {'ok': 0.0, 'errmsg': 'An existing index has the same name as the requested index. When index names are not specified, they are auto generated and can cause conflicts. Please refer to our documentation. Requested index: { v: 2, unique: true, key: { term: 1 }, name: "term_1" }, existing index: { v: 2, key: { term: 1 }, name: "term_1" }', 'code': 86, 'codeName': 'IndexKeySpecsConflict'}
2025-05-29 22:38:10,572 - WARNING - Failed to load CUI cache: Ran out of input
2025-05-29 22:40:21,697 - WARNING - Diagnosis relevance weights for facial pain|nasal congestion|sinusitis|sinus pain|purulent nasal discharge do not sum to 1.0: 0
2025-05-29 22:40:21,699 - WARNING - Diagnosis relevance weights for cough do not sum to 1.0: 0
2025-05-29 22:40:21,699 - WARNING - Diagnosis relevance weights for headache|photophobia do not sum to 1.0: 0
2025-05-29 22:40:21,700 - WARNING - Diagnosis relevance weights for chest pain|shortness of breath|chest tightness do not sum to 1.0: 0
2025-05-29 22:40:21,700 - WARNING - Diagnosis relevance weights for epigastric pain|nausea do not sum to 1.0: 0
2025-05-29 22:40:21,700 - WARNING - Diagnosis relevance weights for knee pain|swelling do not sum to 1.0: 0
2025-05-29 22:40:21,701 - WARNING - Diagnosis relevance weights for back pain|lower back pain|backache do not sum to 1.0: 0
2025-05-29 22:40:21,701 - WARNING - Diagnosis relevance weights for fever|chills do not sum to 1.0: 0
2025-05-29 22:40:21,701 - WARNING - Diagnosis relevance weights for fatigue|obesity do not sum to 1.0: 0
2025-05-29 22:40:21,703 - WARNING - Diagnosis angina relevance weights do not sum to 1.0: 0.8
2025-05-29 22:40:21,753 - ERROR - Invalid JSON in /home/mathu/projects/hospital/departments/nlp/knowledge_base/medical_terms.json: Expecting value: line 7 column 12 (char 143). Using default data.
2025-05-29 22:40:21,798 - ERROR - Failed to create MongoDB indexes: An existing index has the same name as the requested index. When index names are not specified, they are auto generated and can cause conflicts. Please refer to our documentation. Requested index: { v: 2, unique: true, key: { term: 1 }, name: "term_1" }, existing index: { v: 2, key: { term: 1 }, name: "term_1" }, full error: {'ok': 0.0, 'errmsg': 'An existing index has the same name as the requested index. When index names are not specified, they are auto generated and can cause conflicts. Please refer to our documentation. Requested index: { v: 2, unique: true, key: { term: 1 }, name: "term_1" }, existing index: { v: 2, key: { term: 1 }, name: "term_1" }', 'code': 86, 'codeName': 'IndexKeySpecsConflict'}
2025-05-29 22:40:21,833 - ERROR - Failed to create MongoDB indexes: An existing index has the same name as the requested index. When index names are not specified, they are auto generated and can cause conflicts. Please refer to our documentation. Requested index: { v: 2, unique: true, key: { term: 1 }, name: "term_1" }, existing index: { v: 2, key: { term: 1 }, name: "term_1" }, full error: {'ok': 0.0, 'errmsg': 'An existing index has the same name as the requested index. When index names are not specified, they are auto generated and can cause conflicts. Please refer to our documentation. Requested index: { v: 2, unique: true, key: { term: 1 }, name: "term_1" }, existing index: { v: 2, key: { term: 1 }, name: "term_1" }', 'code': 86, 'codeName': 'IndexKeySpecsConflict'}
2025-05-29 22:40:23,018 - WARNING - Failed to load CUI cache: Ran out of input
2025-05-29 22:40:23,111 - ERROR - Attempt 1/3 failed for term 'facial pain': relation "mrconso" does not exist
LINE 3:                     FROM MRCONSO c
                                 ^

2025-05-29 22:40:23,112 - ERROR - Attempt 2/3 failed for term 'facial pain': current transaction is aborted, commands ignored until end of transaction block

2025-05-29 22:40:23,112 - ERROR - Attempt 3/3 failed for term 'facial pain': current transaction is aborted, commands ignored until end of transaction block

2025-05-29 22:40:23,112 - ERROR - Max retries reached for term 'facial pain'
2025-05-29 22:40:23,121 - WARNING - Failed to fetch semantic type for CUI NO_CUI_facial pain: relation "mrsty" does not exist
LINE 3:                             FROM MRSTY sty
                                         ^

2025-05-29 22:40:23,230 - ERROR - Attempt 1/3 failed for term 'nasal congestion': relation "mrconso" does not exist
LINE 3:                     FROM MRCONSO c
                                 ^

2025-05-29 22:40:23,231 - ERROR - Attempt 2/3 failed for term 'nasal congestion': current transaction is aborted, commands ignored until end of transaction block

2025-05-29 22:40:23,231 - ERROR - Attempt 3/3 failed for term 'nasal congestion': current transaction is aborted, commands ignored until end of transaction block

2025-05-29 22:40:23,231 - ERROR - Max retries reached for term 'nasal congestion'
2025-05-29 22:40:23,246 - WARNING - Failed to fetch semantic type for CUI NO_CUI_nasal congestion: relation "mrsty" does not exist
LINE 3:                             FROM MRSTY sty
                                         ^

2025-05-29 22:40:23,373 - ERROR - Attempt 1/3 failed for term 'nasal discharge': relation "mrconso" does not exist
LINE 3:                     FROM MRCONSO c
                                 ^

2025-05-29 22:40:23,374 - ERROR - Attempt 2/3 failed for term 'nasal discharge': current transaction is aborted, commands ignored until end of transaction block

2025-05-29 22:40:23,376 - ERROR - Attempt 3/3 failed for term 'nasal discharge': current transaction is aborted, commands ignored until end of transaction block

2025-05-29 22:40:23,377 - ERROR - Max retries reached for term 'nasal discharge'
2025-05-29 22:40:23,392 - ERROR - Attempt 1/3 failed for term 'purulent': relation "mrconso" does not exist
LINE 3:                     FROM MRCONSO c
                                 ^

2025-05-29 22:40:23,393 - ERROR - Attempt 2/3 failed for term 'purulent': current transaction is aborted, commands ignored until end of transaction block

2025-05-29 22:40:23,394 - ERROR - Attempt 3/3 failed for term 'purulent': current transaction is aborted, commands ignored until end of transaction block

2025-05-29 22:40:23,394 - ERROR - Max retries reached for term 'purulent'
2025-05-29 22:40:23,411 - WARNING - Failed to fetch semantic type for CUI NO_CUI_purulent nasal discharge: relation "mrsty" does not exist
LINE 3:                             FROM MRSTY sty
                                         ^

2025-05-29 22:40:23,521 - ERROR - Attempt 1/3 failed for term 'fever': relation "mrconso" does not exist
LINE 3:                     FROM MRCONSO c
                                 ^

2025-05-29 22:40:23,523 - ERROR - Attempt 2/3 failed for term 'fever': current transaction is aborted, commands ignored until end of transaction block

2025-05-29 22:40:23,523 - ERROR - Attempt 3/3 failed for term 'fever': current transaction is aborted, commands ignored until end of transaction block

2025-05-29 22:40:23,524 - ERROR - Max retries reached for term 'fever'
2025-05-29 22:40:23,536 - WARNING - Failed to fetch semantic type for CUI NO_CUI_fever: relation "mrsty" does not exist
LINE 3:                             FROM MRSTY sty
                                         ^

2025-05-29 22:40:23,665 - ERROR - Attempt 1/3 failed for term 'purulent': relation "mrconso" does not exist
LINE 3:                     FROM MRCONSO c
                                 ^

2025-05-29 22:40:23,666 - ERROR - Attempt 2/3 failed for term 'purulent': current transaction is aborted, commands ignored until end of transaction block

2025-05-29 22:40:23,667 - ERROR - Attempt 3/3 failed for term 'purulent': current transaction is aborted, commands ignored until end of transaction block

2025-05-29 22:40:23,667 - ERROR - Max retries reached for term 'purulent'
2025-05-29 22:40:23,679 - ERROR - Attempt 1/3 failed for term 'reports': relation "mrconso" does not exist
LINE 3:                     FROM MRCONSO c
                                 ^

2025-05-29 22:40:23,679 - ERROR - Attempt 2/3 failed for term 'reports': current transaction is aborted, commands ignored until end of transaction block

2025-05-29 22:40:23,680 - ERROR - Attempt 3/3 failed for term 'reports': current transaction is aborted, commands ignored until end of transaction block

2025-05-29 22:40:23,680 - ERROR - Max retries reached for term 'reports'
2025-05-29 22:40:23,696 - ERROR - Attempt 1/3 failed for term 'nasal discharge': relation "mrconso" does not exist
LINE 3:                     FROM MRCONSO c
                                 ^

2025-05-29 22:40:23,697 - ERROR - Attempt 2/3 failed for term 'nasal discharge': current transaction is aborted, commands ignored until end of transaction block

2025-05-29 22:40:23,698 - ERROR - Attempt 3/3 failed for term 'nasal discharge': current transaction is aborted, commands ignored until end of transaction block

2025-05-29 22:40:23,699 - ERROR - Max retries reached for term 'nasal discharge'
2025-05-29 22:40:23,717 - ERROR - Attempt 1/3 failed for term 'patient': relation "mrconso" does not exist
LINE 3:                     FROM MRCONSO c
                                 ^

2025-05-29 22:40:23,718 - ERROR - Attempt 2/3 failed for term 'patient': current transaction is aborted, commands ignored until end of transaction block

2025-05-29 22:40:23,719 - ERROR - Attempt 3/3 failed for term 'patient': current transaction is aborted, commands ignored until end of transaction block

2025-05-29 22:40:23,719 - ERROR - Max retries reached for term 'patient'
2025-05-29 22:40:23,734 - ERROR - Attempt 1/3 failed for term 'nasal congestion': relation "mrconso" does not exist
LINE 3:                     FROM MRCONSO c
                                 ^

2025-05-29 22:40:23,735 - ERROR - Attempt 2/3 failed for term 'nasal congestion': current transaction is aborted, commands ignored until end of transaction block

2025-05-29 22:40:23,736 - ERROR - Attempt 3/3 failed for term 'nasal congestion': current transaction is aborted, commands ignored until end of transaction block

2025-05-29 22:40:23,737 - ERROR - Max retries reached for term 'nasal congestion'
2025-05-29 22:40:23,756 - ERROR - Attempt 1/3 failed for term 'facial pain': relation "mrconso" does not exist
LINE 3:                     FROM MRCONSO c
                                 ^

2025-05-29 22:40:23,757 - ERROR - Attempt 2/3 failed for term 'facial pain': current transaction is aborted, commands ignored until end of transaction block

2025-05-29 22:40:23,758 - ERROR - Attempt 3/3 failed for term 'facial pain': current transaction is aborted, commands ignored until end of transaction block

2025-05-29 22:40:23,759 - ERROR - Max retries reached for term 'facial pain'
2025-05-29 22:40:23,779 - ERROR - Attempt 1/3 failed for term 'fever': relation "mrconso" does not exist
LINE 3:                     FROM MRCONSO c
                                 ^

2025-05-29 22:40:23,784 - ERROR - Attempt 2/3 failed for term 'fever': current transaction is aborted, commands ignored until end of transaction block

2025-05-29 22:40:23,785 - ERROR - Attempt 3/3 failed for term 'fever': current transaction is aborted, commands ignored until end of transaction block

2025-05-29 22:40:23,787 - ERROR - Max retries reached for term 'fever'
2025-05-29 22:40:23,790 - WARNING - Skipping non-clinical or blocked term: 'days'
2025-05-29 22:40:23,815 - WARNING - Failed to fetch semantic type for CUI NO_CUI_patient presents with facial pain, nasal congestion, and fever for 10 days. reports purulent nasal discharge.: relation "mrsty" does not exist
LINE 3:                             FROM MRSTY sty
                                         ^

2025-05-29 22:40:23,919 - ERROR - Attempt 1/3 failed for term 'headache': relation "mrconso" does not exist
LINE 3:                     FROM MRCONSO c
                                 ^

2025-05-29 22:40:23,920 - ERROR - Attempt 2/3 failed for term 'headache': current transaction is aborted, commands ignored until end of transaction block

2025-05-29 22:40:23,922 - ERROR - Attempt 3/3 failed for term 'headache': current transaction is aborted, commands ignored until end of transaction block

2025-05-29 22:40:23,922 - ERROR - Max retries reached for term 'headache'
2025-05-29 22:40:23,935 - WARNING - Failed to fetch semantic type for CUI NO_CUI_headache: relation "mrsty" does not exist
LINE 3:                             FROM MRSTY sty
                                         ^

2025-05-29 22:40:24,059 - ERROR - Attempt 1/3 failed for term 'patient complains': relation "mrconso" does not exist
LINE 3:                     FROM MRCONSO c
                                 ^

2025-05-29 22:40:24,060 - ERROR - Attempt 2/3 failed for term 'patient complains': current transaction is aborted, commands ignored until end of transaction block

2025-05-29 22:40:24,062 - ERROR - Attempt 3/3 failed for term 'patient complains': current transaction is aborted, commands ignored until end of transaction block

2025-05-29 22:40:24,062 - ERROR - Max retries reached for term 'patient complains'
2025-05-29 22:40:24,076 - ERROR - Attempt 1/3 failed for term 'headache': relation "mrconso" does not exist
LINE 3:                     FROM MRCONSO c
                                 ^

2025-05-29 22:40:24,078 - ERROR - Attempt 2/3 failed for term 'headache': current transaction is aborted, commands ignored until end of transaction block

2025-05-29 22:40:24,078 - ERROR - Attempt 3/3 failed for term 'headache': current transaction is aborted, commands ignored until end of transaction block

2025-05-29 22:40:24,079 - ERROR - Max retries reached for term 'headache'
2025-05-29 22:40:24,092 - WARNING - Failed to fetch semantic type for CUI NO_CUI_patient complains of headache: relation "mrsty" does not exist
LINE 3:                             FROM MRSTY sty
                                         ^

2025-05-29 22:40:24,189 - ERROR - Attempt 1/3 failed for term 'back pain': relation "mrconso" does not exist
LINE 3:                     FROM MRCONSO c
                                 ^

2025-05-29 22:40:24,189 - ERROR - Attempt 2/3 failed for term 'back pain': current transaction is aborted, commands ignored until end of transaction block

2025-05-29 22:40:24,190 - ERROR - Attempt 3/3 failed for term 'back pain': current transaction is aborted, commands ignored until end of transaction block

2025-05-29 22:40:24,190 - ERROR - Max retries reached for term 'back pain'
2025-05-29 22:40:24,200 - WARNING - Failed to fetch semantic type for CUI NO_CUI_back pain: relation "mrsty" does not exist
LINE 3:                             FROM MRSTY sty
                                         ^

2025-05-29 22:40:24,293 - ERROR - Attempt 1/3 failed for term 'movement': relation "mrconso" does not exist
LINE 3:                     FROM MRCONSO c
                                 ^

2025-05-29 22:40:24,294 - ERROR - Attempt 2/3 failed for term 'movement': current transaction is aborted, commands ignored until end of transaction block

2025-05-29 22:40:24,295 - ERROR - Attempt 3/3 failed for term 'movement': current transaction is aborted, commands ignored until end of transaction block

2025-05-29 22:40:24,295 - ERROR - Max retries reached for term 'movement'
2025-05-29 22:40:24,307 - ERROR - Attempt 1/3 failed for term 'pain': relation "mrconso" does not exist
LINE 3:                     FROM MRCONSO c
                                 ^

2025-05-29 22:40:24,307 - ERROR - Attempt 2/3 failed for term 'pain': current transaction is aborted, commands ignored until end of transaction block

2025-05-29 22:40:24,308 - ERROR - Attempt 3/3 failed for term 'pain': current transaction is aborted, commands ignored until end of transaction block

2025-05-29 22:40:24,309 - ERROR - Max retries reached for term 'pain'
2025-05-29 22:40:24,323 - WARNING - Failed to fetch semantic type for CUI NO_CUI_pain on movement: relation "mrsty" does not exist
LINE 3:                             FROM MRSTY sty
                                         ^

2025-05-29 22:40:24,419 - ERROR - Attempt 1/3 failed for term 'obesity': relation "mrconso" does not exist
LINE 3:                     FROM MRCONSO c
                                 ^

2025-05-29 22:40:24,419 - ERROR - Attempt 2/3 failed for term 'obesity': current transaction is aborted, commands ignored until end of transaction block

2025-05-29 22:40:24,420 - ERROR - Attempt 3/3 failed for term 'obesity': current transaction is aborted, commands ignored until end of transaction block

2025-05-29 22:40:24,420 - ERROR - Max retries reached for term 'obesity'
2025-05-29 22:40:24,431 - WARNING - Failed to fetch semantic type for CUI NO_CUI_obesity: relation "mrsty" does not exist
LINE 3:                             FROM MRSTY sty
                                         ^

2025-05-29 22:40:24,572 - ERROR - Attempt 1/3 failed for term 'weeks': relation "mrconso" does not exist
LINE 3:                     FROM MRCONSO c
                                 ^

2025-05-29 22:40:24,573 - ERROR - Attempt 2/3 failed for term 'weeks': current transaction is aborted, commands ignored until end of transaction block

2025-05-29 22:40:24,573 - ERROR - Attempt 3/3 failed for term 'weeks': current transaction is aborted, commands ignored until end of transaction block

2025-05-29 22:40:24,574 - ERROR - Max retries reached for term 'weeks'
2025-05-29 22:40:24,584 - ERROR - Attempt 1/3 failed for term 'back pain': relation "mrconso" does not exist
LINE 3:                     FROM MRCONSO c
                                 ^

2025-05-29 22:40:24,585 - ERROR - Attempt 2/3 failed for term 'back pain': current transaction is aborted, commands ignored until end of transaction block

2025-05-29 22:40:24,585 - ERROR - Attempt 3/3 failed for term 'back pain': current transaction is aborted, commands ignored until end of transaction block

2025-05-29 22:40:24,586 - ERROR - Max retries reached for term 'back pain'
2025-05-29 22:40:24,596 - WARNING - Failed to fetch semantic type for CUI NO_CUI_back pain for two weeks: relation "mrsty" does not exist
LINE 3:                             FROM MRSTY sty
                                         ^

2025-05-29 22:40:24,705 - ERROR - Attempt 1/3 failed for term 'patient complains': relation "mrconso" does not exist
LINE 3:                     FROM MRCONSO c
                                 ^

2025-05-29 22:40:24,706 - ERROR - Attempt 2/3 failed for term 'patient complains': current transaction is aborted, commands ignored until end of transaction block

2025-05-29 22:40:24,706 - ERROR - Attempt 3/3 failed for term 'patient complains': current transaction is aborted, commands ignored until end of transaction block

2025-05-29 22:40:24,707 - ERROR - Max retries reached for term 'patient complains'
2025-05-29 22:40:24,716 - ERROR - Attempt 1/3 failed for term 'fevers': relation "mrconso" does not exist
LINE 3:                     FROM MRCONSO c
                                 ^

2025-05-29 22:40:24,717 - ERROR - Attempt 2/3 failed for term 'fevers': current transaction is aborted, commands ignored until end of transaction block

2025-05-29 22:40:24,717 - ERROR - Attempt 3/3 failed for term 'fevers': current transaction is aborted, commands ignored until end of transaction block

2025-05-29 22:40:24,717 - ERROR - Max retries reached for term 'fevers'
2025-05-29 22:40:24,734 - ERROR - Attempt 1/3 failed for term 'headache': relation "mrconso" does not exist
LINE 3:                     FROM MRCONSO c
                                 ^

2025-05-29 22:40:24,734 - ERROR - Attempt 2/3 failed for term 'headache': current transaction is aborted, commands ignored until end of transaction block

2025-05-29 22:40:24,735 - ERROR - Attempt 3/3 failed for term 'headache': current transaction is aborted, commands ignored until end of transaction block

2025-05-29 22:40:24,736 - ERROR - Max retries reached for term 'headache'
2025-05-29 22:40:24,752 - ERROR - Attempt 1/3 failed for term 'associated with': relation "mrconso" does not exist
LINE 3:                     FROM MRCONSO c
                                 ^

2025-05-29 22:40:24,753 - ERROR - Attempt 2/3 failed for term 'associated with': current transaction is aborted, commands ignored until end of transaction block

2025-05-29 22:40:24,755 - ERROR - Attempt 3/3 failed for term 'associated with': current transaction is aborted, commands ignored until end of transaction block

2025-05-29 22:40:24,756 - ERROR - Max retries reached for term 'associated with'
2025-05-29 22:40:24,756 - WARNING - Skipping non-clinical or blocked term: 'chills'
2025-05-29 22:40:24,757 - WARNING - Skipping non-clinical or blocked term: 'days'
2025-05-29 22:40:24,770 - WARNING - Failed to fetch semantic type for CUI NO_CUI_patient complains of headache the headache started three days ago. the headache is associated with fevers and chills: relation "mrsty" does not exist
LINE 3:                             FROM MRSTY sty
                                         ^

2025-05-29 22:40:24,936 - ERROR - Attempt 1/3 failed for term 'vomiting': relation "mrconso" does not exist
LINE 3:                     FROM MRCONSO c
                                 ^

2025-05-29 22:40:24,937 - ERROR - Attempt 2/3 failed for term 'vomiting': current transaction is aborted, commands ignored until end of transaction block

2025-05-29 22:40:24,937 - ERROR - Attempt 3/3 failed for term 'vomiting': current transaction is aborted, commands ignored until end of transaction block

2025-05-29 22:40:24,938 - ERROR - Max retries reached for term 'vomiting'
2025-05-29 22:40:24,948 - ERROR - Attempt 1/3 failed for term 'fats': relation "mrconso" does not exist
LINE 3:                     FROM MRCONSO c
                                 ^

2025-05-29 22:40:24,948 - ERROR - Attempt 2/3 failed for term 'fats': current transaction is aborted, commands ignored until end of transaction block

2025-05-29 22:40:24,949 - ERROR - Attempt 3/3 failed for term 'fats': current transaction is aborted, commands ignored until end of transaction block

2025-05-29 22:40:24,949 - ERROR - Max retries reached for term 'fats'
2025-05-29 22:40:24,960 - ERROR - Attempt 1/3 failed for term 'jaundice': relation "mrconso" does not exist
LINE 3:                     FROM MRCONSO c
                                 ^

2025-05-29 22:40:24,961 - ERROR - Attempt 2/3 failed for term 'jaundice': current transaction is aborted, commands ignored until end of transaction block

2025-05-29 22:40:24,961 - ERROR - Attempt 3/3 failed for term 'jaundice': current transaction is aborted, commands ignored until end of transaction block

2025-05-29 22:40:24,961 - ERROR - Max retries reached for term 'jaundice'
2025-05-29 22:40:24,973 - ERROR - Attempt 1/3 failed for term 'tea': relation "mrconso" does not exist
LINE 3:                     FROM MRCONSO c
                                 ^

2025-05-29 22:40:24,974 - ERROR - Attempt 2/3 failed for term 'tea': current transaction is aborted, commands ignored until end of transaction block

2025-05-29 22:40:24,975 - ERROR - Attempt 3/3 failed for term 'tea': current transaction is aborted, commands ignored until end of transaction block

2025-05-29 22:40:24,976 - ERROR - Max retries reached for term 'tea'
2025-05-29 22:40:24,991 - ERROR - Attempt 1/3 failed for term 'loss of appetite': relation "mrconso" does not exist
LINE 3:                     FROM MRCONSO c
                                 ^

2025-05-29 22:40:24,992 - ERROR - Attempt 2/3 failed for term 'loss of appetite': current transaction is aborted, commands ignored until end of transaction block

2025-05-29 22:40:24,993 - ERROR - Attempt 3/3 failed for term 'loss of appetite': current transaction is aborted, commands ignored until end of transaction block

2025-05-29 22:40:24,994 - ERROR - Max retries reached for term 'loss of appetite'
2025-05-29 22:40:24,995 - WARNING - Skipping non-clinical or blocked term: 'eyes'
2025-05-29 22:40:25,007 - ERROR - Attempt 1/3 failed for term 'patient': relation "mrconso" does not exist
LINE 3:                     FROM MRCONSO c
                                 ^

2025-05-29 22:40:25,008 - ERROR - Attempt 2/3 failed for term 'patient': current transaction is aborted, commands ignored until end of transaction block

2025-05-29 22:40:25,009 - ERROR - Attempt 3/3 failed for term 'patient': current transaction is aborted, commands ignored until end of transaction block

2025-05-29 22:40:25,009 - ERROR - Max retries reached for term 'patient'
2025-05-29 22:40:25,024 - ERROR - Attempt 1/3 failed for term 'strong': relation "mrconso" does not exist
LINE 3:                     FROM MRCONSO c
                                 ^

2025-05-29 22:40:25,026 - ERROR - Attempt 2/3 failed for term 'strong': current transaction is aborted, commands ignored until end of transaction block

2025-05-29 22:40:25,026 - ERROR - Attempt 3/3 failed for term 'strong': current transaction is aborted, commands ignored until end of transaction block

2025-05-29 22:40:25,027 - ERROR - Max retries reached for term 'strong'
2025-05-29 22:40:25,039 - ERROR - Attempt 1/3 failed for term 'nausea': relation "mrconso" does not exist
LINE 3:                     FROM MRCONSO c
                                 ^

2025-05-29 22:40:25,040 - ERROR - Attempt 2/3 failed for term 'nausea': current transaction is aborted, commands ignored until end of transaction block

2025-05-29 22:40:25,040 - ERROR - Attempt 3/3 failed for term 'nausea': current transaction is aborted, commands ignored until end of transaction block

2025-05-29 22:40:25,042 - ERROR - Max retries reached for term 'nausea'
2025-05-29 22:40:25,043 - WARNING - Skipping non-clinical or blocked term: 'worse'
2025-05-29 22:40:25,057 - ERROR - Attempt 1/3 failed for term 'licking': relation "mrconso" does not exist
LINE 3:                     FROM MRCONSO c
                                 ^

2025-05-29 22:40:25,057 - ERROR - Attempt 2/3 failed for term 'licking': current transaction is aborted, commands ignored until end of transaction block

2025-05-29 22:40:25,058 - ERROR - Attempt 3/3 failed for term 'licking': current transaction is aborted, commands ignored until end of transaction block

2025-05-29 22:40:25,058 - ERROR - Max retries reached for term 'licking'
2025-05-29 22:40:25,060 - WARNING - Skipping non-clinical or blocked term: 'foods'
2025-05-29 22:40:25,071 - WARNING - Failed to fetch semantic type for CUI NO_CUI_nausea and vomiting and loss of appetite the patient has jaundice in the eyes taking foods with fats makes the nausea worse taking strong tea and licking salt alleviates the nausea: relation "mrsty" does not exist
LINE 3:                             FROM MRSTY sty
                                         ^

2025-05-29 22:40:25,213 - ERROR - Attempt 1/3 failed for term 'patient': relation "mrconso" does not exist
LINE 3:                     FROM MRCONSO c
                                 ^

2025-05-29 22:40:25,214 - ERROR - Attempt 2/3 failed for term 'patient': current transaction is aborted, commands ignored until end of transaction block

2025-05-29 22:40:25,214 - ERROR - Attempt 3/3 failed for term 'patient': current transaction is aborted, commands ignored until end of transaction block

2025-05-29 22:40:25,214 - ERROR - Max retries reached for term 'patient'
2025-05-29 22:40:25,230 - ERROR - Attempt 1/3 failed for term 'facial pain': relation "mrconso" does not exist
LINE 3:                     FROM MRCONSO c
                                 ^

2025-05-29 22:40:25,230 - ERROR - Attempt 2/3 failed for term 'facial pain': current transaction is aborted, commands ignored until end of transaction block

2025-05-29 22:40:25,231 - ERROR - Attempt 3/3 failed for term 'facial pain': current transaction is aborted, commands ignored until end of transaction block

2025-05-29 22:40:25,232 - ERROR - Max retries reached for term 'facial pain'
2025-05-29 22:40:25,243 - WARNING - Failed to fetch semantic type for CUI NO_CUI_patient presents with facial pain: relation "mrsty" does not exist
LINE 3:                             FROM MRSTY sty
                                         ^

2025-05-29 22:40:25,330 - ERROR - Attempt 1/3 failed for term 'patient reports': relation "mrconso" does not exist
LINE 3:                     FROM MRCONSO c
                                 ^

2025-05-29 22:40:25,330 - ERROR - Attempt 2/3 failed for term 'patient reports': current transaction is aborted, commands ignored until end of transaction block

2025-05-29 22:40:25,331 - ERROR - Attempt 3/3 failed for term 'patient reports': current transaction is aborted, commands ignored until end of transaction block

2025-05-29 22:40:25,331 - ERROR - Max retries reached for term 'patient reports'
2025-05-29 22:40:25,340 - ERROR - Attempt 1/3 failed for term 'assessment': relation "mrconso" does not exist
LINE 3:                     FROM MRCONSO c
                                 ^

2025-05-29 22:40:25,340 - ERROR - Attempt 2/3 failed for term 'assessment': current transaction is aborted, commands ignored until end of transaction block

2025-05-29 22:40:25,341 - ERROR - Attempt 3/3 failed for term 'assessment': current transaction is aborted, commands ignored until end of transaction block

2025-05-29 22:40:25,341 - ERROR - Max retries reached for term 'assessment'
2025-05-29 22:40:25,353 - ERROR - Attempt 1/3 failed for term 'weeks': relation "mrconso" does not exist
LINE 3:                     FROM MRCONSO c
                                 ^

2025-05-29 22:40:25,354 - ERROR - Attempt 2/3 failed for term 'weeks': current transaction is aborted, commands ignored until end of transaction block

2025-05-29 22:40:25,354 - ERROR - Attempt 3/3 failed for term 'weeks': current transaction is aborted, commands ignored until end of transaction block

2025-05-29 22:40:25,354 - ERROR - Max retries reached for term 'weeks'
2025-05-29 22:40:25,370 - ERROR - Attempt 1/3 failed for term 'back pain': relation "mrconso" does not exist
LINE 3:                     FROM MRCONSO c
                                 ^

2025-05-29 22:40:25,371 - ERROR - Attempt 2/3 failed for term 'back pain': current transaction is aborted, commands ignored until end of transaction block

2025-05-29 22:40:25,372 - ERROR - Attempt 3/3 failed for term 'back pain': current transaction is aborted, commands ignored until end of transaction block

2025-05-29 22:40:25,373 - ERROR - Max retries reached for term 'back pain'
2025-05-29 22:40:25,391 - WARNING - Failed to fetch semantic type for CUI NO_CUI_back pain for two weeks the patient reports backpain for three weeks on assessment: relation "mrsty" does not exist
LINE 3:                             FROM MRSTY sty
                                         ^

2025-05-29 22:40:25,517 - ERROR - Attempt 1/3 failed for term 'sitting': relation "mrconso" does not exist
LINE 3:                     FROM MRCONSO c
                                 ^

2025-05-29 22:40:25,517 - ERROR - Attempt 2/3 failed for term 'sitting': current transaction is aborted, commands ignored until end of transaction block

2025-05-29 22:40:25,518 - ERROR - Attempt 3/3 failed for term 'sitting': current transaction is aborted, commands ignored until end of transaction block

2025-05-29 22:40:25,518 - ERROR - Max retries reached for term 'sitting'
2025-05-29 22:40:25,530 - ERROR - Attempt 1/3 failed for term 'backpain': relation "mrconso" does not exist
LINE 3:                     FROM MRCONSO c
                                 ^

2025-05-29 22:40:25,531 - ERROR - Attempt 2/3 failed for term 'backpain': current transaction is aborted, commands ignored until end of transaction block

2025-05-29 22:40:25,532 - ERROR - Attempt 3/3 failed for term 'backpain': current transaction is aborted, commands ignored until end of transaction block

2025-05-29 22:40:25,533 - ERROR - Max retries reached for term 'backpain'
2025-05-29 22:40:25,546 - ERROR - Attempt 1/3 failed for term 'patient': relation "mrconso" does not exist
LINE 3:                     FROM MRCONSO c
                                 ^

2025-05-29 22:40:25,547 - ERROR - Attempt 2/3 failed for term 'patient': current transaction is aborted, commands ignored until end of transaction block

2025-05-29 22:40:25,547 - ERROR - Attempt 3/3 failed for term 'patient': current transaction is aborted, commands ignored until end of transaction block

2025-05-29 22:40:25,548 - ERROR - Max retries reached for term 'patient'
2025-05-29 22:40:25,559 - ERROR - Attempt 1/3 failed for term 'obese': relation "mrconso" does not exist
LINE 3:                     FROM MRCONSO c
                                 ^

2025-05-29 22:40:25,560 - ERROR - Attempt 2/3 failed for term 'obese': current transaction is aborted, commands ignored until end of transaction block

2025-05-29 22:40:25,562 - ERROR - Attempt 3/3 failed for term 'obese': current transaction is aborted, commands ignored until end of transaction block

2025-05-29 22:40:25,562 - ERROR - Max retries reached for term 'obese'
2025-05-29 22:40:25,575 - ERROR - Attempt 1/3 failed for term 'stretching': relation "mrconso" does not exist
LINE 3:                     FROM MRCONSO c
                                 ^

2025-05-29 22:40:25,576 - ERROR - Attempt 2/3 failed for term 'stretching': current transaction is aborted, commands ignored until end of transaction block

2025-05-29 22:40:25,577 - ERROR - Attempt 3/3 failed for term 'stretching': current transaction is aborted, commands ignored until end of transaction block

2025-05-29 22:40:25,577 - ERROR - Max retries reached for term 'stretching'
2025-05-29 22:40:25,591 - ERROR - Attempt 1/3 failed for term 'pain': relation "mrconso" does not exist
LINE 3:                     FROM MRCONSO c
                                 ^

2025-05-29 22:40:25,592 - ERROR - Attempt 2/3 failed for term 'pain': current transaction is aborted, commands ignored until end of transaction block

2025-05-29 22:40:25,593 - ERROR - Attempt 3/3 failed for term 'pain': current transaction is aborted, commands ignored until end of transaction block

2025-05-29 22:40:25,593 - ERROR - Max retries reached for term 'pain'
2025-05-29 22:40:25,606 - ERROR - Attempt 1/3 failed for term 'standing': relation "mrconso" does not exist
LINE 3:                     FROM MRCONSO c
                                 ^

2025-05-29 22:40:25,607 - ERROR - Attempt 2/3 failed for term 'standing': current transaction is aborted, commands ignored until end of transaction block

2025-05-29 22:40:25,607 - ERROR - Attempt 3/3 failed for term 'standing': current transaction is aborted, commands ignored until end of transaction block

2025-05-29 22:40:25,607 - ERROR - Max retries reached for term 'standing'
2025-05-29 22:40:25,621 - WARNING - Failed to fetch semantic type for CUI NO_CUI_the patient is obese the backpain is made worse by sitting down for long the pain is alleviated by standing and stretching: relation "mrsty" does not exist
LINE 3:                             FROM MRSTY sty
                                         ^

2025-05-29 22:40:25,727 - ERROR - Attempt 1/3 failed for term 'purulent': relation "mrconso" does not exist
LINE 3:                     FROM MRCONSO c
                                 ^

2025-05-29 22:40:25,727 - ERROR - Attempt 2/3 failed for term 'purulent': current transaction is aborted, commands ignored until end of transaction block

2025-05-29 22:40:25,728 - ERROR - Attempt 3/3 failed for term 'purulent': current transaction is aborted, commands ignored until end of transaction block

2025-05-29 22:40:25,728 - ERROR - Max retries reached for term 'purulent'
2025-05-29 22:40:25,739 - ERROR - Attempt 1/3 failed for term 'reports': relation "mrconso" does not exist
LINE 3:                     FROM MRCONSO c
                                 ^

2025-05-29 22:40:25,739 - ERROR - Attempt 2/3 failed for term 'reports': current transaction is aborted, commands ignored until end of transaction block

2025-05-29 22:40:25,740 - ERROR - Attempt 3/3 failed for term 'reports': current transaction is aborted, commands ignored until end of transaction block

2025-05-29 22:40:25,740 - ERROR - Max retries reached for term 'reports'
2025-05-29 22:40:25,754 - ERROR - Attempt 1/3 failed for term 'nasal discharge': relation "mrconso" does not exist
LINE 3:                     FROM MRCONSO c
                                 ^

2025-05-29 22:40:25,755 - ERROR - Attempt 2/3 failed for term 'nasal discharge': current transaction is aborted, commands ignored until end of transaction block

2025-05-29 22:40:25,757 - ERROR - Attempt 3/3 failed for term 'nasal discharge': current transaction is aborted, commands ignored until end of transaction block

2025-05-29 22:40:25,758 - ERROR - Max retries reached for term 'nasal discharge'
2025-05-29 22:40:25,773 - ERROR - Attempt 1/3 failed for term 'facial pain': relation "mrconso" does not exist
LINE 3:                     FROM MRCONSO c
                                 ^

2025-05-29 22:40:25,773 - ERROR - Attempt 2/3 failed for term 'facial pain': current transaction is aborted, commands ignored until end of transaction block

2025-05-29 22:40:25,774 - ERROR - Attempt 3/3 failed for term 'facial pain': current transaction is aborted, commands ignored until end of transaction block

2025-05-29 22:40:25,774 - ERROR - Max retries reached for term 'facial pain'
2025-05-29 22:40:25,787 - ERROR - Attempt 1/3 failed for term 'maxillary sinuses': relation "mrconso" does not exist
LINE 3:                     FROM MRCONSO c
                                 ^

2025-05-29 22:40:25,788 - ERROR - Attempt 2/3 failed for term 'maxillary sinuses': current transaction is aborted, commands ignored until end of transaction block

2025-05-29 22:40:25,788 - ERROR - Attempt 3/3 failed for term 'maxillary sinuses': current transaction is aborted, commands ignored until end of transaction block

2025-05-29 22:40:25,789 - ERROR - Max retries reached for term 'maxillary sinuses'
2025-05-29 22:40:25,801 - ERROR - Attempt 1/3 failed for term 'fever': relation "mrconso" does not exist
LINE 3:                     FROM MRCONSO c
                                 ^

2025-05-29 22:40:25,802 - ERROR - Attempt 2/3 failed for term 'fever': current transaction is aborted, commands ignored until end of transaction block

2025-05-29 22:40:25,803 - ERROR - Attempt 3/3 failed for term 'fever': current transaction is aborted, commands ignored until end of transaction block

2025-05-29 22:40:25,804 - ERROR - Max retries reached for term 'fever'
2025-05-29 22:40:25,805 - WARNING - Skipping non-clinical or blocked term: 'days'
2025-05-29 22:40:25,817 - WARNING - Failed to fetch semantic type for CUI NO_CUI_and fever for 10 days. reports purulent nasal discharge. facial pain over maxillary sinuses: relation "mrsty" does not exist
LINE 3:                             FROM MRSTY sty
                                         ^

2025-05-29 22:40:26,005 - ERROR - Attempt 1/3 failed for term 'headache': relation "mrconso" does not exist
LINE 3:                     FROM MRCONSO c
                                 ^

2025-05-29 22:40:26,006 - ERROR - Attempt 2/3 failed for term 'headache': current transaction is aborted, commands ignored until end of transaction block

2025-05-29 22:40:26,006 - ERROR - Attempt 3/3 failed for term 'headache': current transaction is aborted, commands ignored until end of transaction block

2025-05-29 22:40:26,006 - ERROR - Max retries reached for term 'headache'
2025-05-29 22:40:26,018 - ERROR - Attempt 1/3 failed for term 'respiratory infection': relation "mrconso" does not exist
LINE 3:                     FROM MRCONSO c
                                 ^

2025-05-29 22:40:26,019 - ERROR - Attempt 2/3 failed for term 'respiratory infection': current transaction is aborted, commands ignored until end of transaction block

2025-05-29 22:40:26,020 - ERROR - Attempt 3/3 failed for term 'respiratory infection': current transaction is aborted, commands ignored until end of transaction block

2025-05-29 22:40:26,020 - ERROR - Max retries reached for term 'respiratory infection'
2025-05-29 22:40:26,031 - ERROR - Attempt 1/3 failed for term 'secondary to': relation "mrconso" does not exist
LINE 3:                     FROM MRCONSO c
                                 ^

2025-05-29 22:40:26,031 - ERROR - Attempt 2/3 failed for term 'secondary to': current transaction is aborted, commands ignored until end of transaction block

2025-05-29 22:40:26,032 - ERROR - Attempt 3/3 failed for term 'secondary to': current transaction is aborted, commands ignored until end of transaction block

2025-05-29 22:40:26,032 - ERROR - Max retries reached for term 'secondary to'
2025-05-29 22:40:26,045 - ERROR - Attempt 1/3 failed for term 'neurological': relation "mrconso" does not exist
LINE 3:                     FROM MRCONSO c
                                 ^

2025-05-29 22:40:26,045 - ERROR - Attempt 2/3 failed for term 'neurological': current transaction is aborted, commands ignored until end of transaction block

2025-05-29 22:40:26,046 - ERROR - Attempt 3/3 failed for term 'neurological': current transaction is aborted, commands ignored until end of transaction block

2025-05-29 22:40:26,046 - ERROR - Max retries reached for term 'neurological'
2025-05-29 22:40:26,057 - ERROR - Attempt 1/3 failed for term 'viral upper': relation "mrconso" does not exist
LINE 3:                     FROM MRCONSO c
                                 ^

2025-05-29 22:40:26,057 - ERROR - Attempt 2/3 failed for term 'viral upper': current transaction is aborted, commands ignored until end of transaction block

2025-05-29 22:40:26,058 - ERROR - Attempt 3/3 failed for term 'viral upper': current transaction is aborted, commands ignored until end of transaction block

2025-05-29 22:40:26,058 - ERROR - Max retries reached for term 'viral upper'
2025-05-29 22:40:26,071 - ERROR - Attempt 1/3 failed for term 'stable': relation "mrconso" does not exist
LINE 3:                     FROM MRCONSO c
                                 ^

2025-05-29 22:40:26,071 - ERROR - Attempt 2/3 failed for term 'stable': current transaction is aborted, commands ignored until end of transaction block

2025-05-29 22:40:26,072 - ERROR - Attempt 3/3 failed for term 'stable': current transaction is aborted, commands ignored until end of transaction block

2025-05-29 22:40:26,072 - ERROR - Max retries reached for term 'stable'
2025-05-29 22:40:26,087 - ERROR - Attempt 1/3 failed for term 'viral sinusitis': relation "mrconso" does not exist
LINE 3:                     FROM MRCONSO c
                                 ^

2025-05-29 22:40:26,088 - ERROR - Attempt 2/3 failed for term 'viral sinusitis': current transaction is aborted, commands ignored until end of transaction block

2025-05-29 22:40:26,088 - ERROR - Attempt 3/3 failed for term 'viral sinusitis': current transaction is aborted, commands ignored until end of transaction block

2025-05-29 22:40:26,089 - ERROR - Max retries reached for term 'viral sinusitis'
2025-05-29 22:40:26,101 - ERROR - Attempt 1/3 failed for term 'differential': relation "mrconso" does not exist
LINE 3:                     FROM MRCONSO c
                                 ^

2025-05-29 22:40:26,103 - ERROR - Attempt 2/3 failed for term 'differential': current transaction is aborted, commands ignored until end of transaction block

2025-05-29 22:40:26,103 - ERROR - Attempt 3/3 failed for term 'differential': current transaction is aborted, commands ignored until end of transaction block

2025-05-29 22:40:26,104 - ERROR - Max retries reached for term 'differential'
2025-05-29 22:40:26,118 - ERROR - Attempt 1/3 failed for term 'diabetes': relation "mrconso" does not exist
LINE 3:                     FROM MRCONSO c
                                 ^

2025-05-29 22:40:26,119 - ERROR - Attempt 2/3 failed for term 'diabetes': current transaction is aborted, commands ignored until end of transaction block

2025-05-29 22:40:26,120 - ERROR - Attempt 3/3 failed for term 'diabetes': current transaction is aborted, commands ignored until end of transaction block

2025-05-29 22:40:26,120 - ERROR - Max retries reached for term 'diabetes'
2025-05-29 22:40:26,133 - ERROR - Attempt 1/3 failed for term 'cardiovascular': relation "mrconso" does not exist
LINE 3:                     FROM MRCONSO c
                                 ^

2025-05-29 22:40:26,134 - ERROR - Attempt 2/3 failed for term 'cardiovascular': current transaction is aborted, commands ignored until end of transaction block

2025-05-29 22:40:26,135 - ERROR - Attempt 3/3 failed for term 'cardiovascular': current transaction is aborted, commands ignored until end of transaction block

2025-05-29 22:40:26,136 - ERROR - Max retries reached for term 'cardiovascular'
2025-05-29 22:40:26,148 - ERROR - Attempt 1/3 failed for term 'pulmonary': relation "mrconso" does not exist
LINE 3:                     FROM MRCONSO c
                                 ^

2025-05-29 22:40:26,149 - ERROR - Attempt 2/3 failed for term 'pulmonary': current transaction is aborted, commands ignored until end of transaction block

2025-05-29 22:40:26,149 - ERROR - Attempt 3/3 failed for term 'pulmonary': current transaction is aborted, commands ignored until end of transaction block

2025-05-29 22:40:26,150 - ERROR - Max retries reached for term 'pulmonary'
2025-05-29 22:40:26,166 - ERROR - Attempt 1/3 failed for term 'endocrine': relation "mrconso" does not exist
LINE 3:                     FROM MRCONSO c
                                 ^

2025-05-29 22:40:26,166 - ERROR - Attempt 2/3 failed for term 'endocrine': current transaction is aborted, commands ignored until end of transaction block

2025-05-29 22:40:26,168 - ERROR - Attempt 3/3 failed for term 'endocrine': current transaction is aborted, commands ignored until end of transaction block

2025-05-29 22:40:26,169 - ERROR - Max retries reached for term 'endocrine'
2025-05-29 22:40:26,187 - ERROR - Attempt 1/3 failed for term 'acute abnormalities': relation "mrconso" does not exist
LINE 3:                     FROM MRCONSO c
                                 ^

2025-05-29 22:40:26,189 - ERROR - Attempt 2/3 failed for term 'acute abnormalities': current transaction is aborted, commands ignored until end of transaction block

2025-05-29 22:40:26,192 - ERROR - Attempt 3/3 failed for term 'acute abnormalities': current transaction is aborted, commands ignored until end of transaction block

2025-05-29 22:40:26,194 - ERROR - Max retries reached for term 'acute abnormalities'
2025-05-29 22:40:26,214 - ERROR - Attempt 1/3 failed for term 'hypertension': relation "mrconso" does not exist
LINE 3:                     FROM MRCONSO c
                                 ^

2025-05-29 22:40:26,215 - ERROR - Attempt 2/3 failed for term 'hypertension': current transaction is aborted, commands ignored until end of transaction block

2025-05-29 22:40:26,215 - ERROR - Attempt 3/3 failed for term 'hypertension': current transaction is aborted, commands ignored until end of transaction block

2025-05-29 22:40:26,216 - ERROR - Max retries reached for term 'hypertension'
2025-05-29 22:40:26,232 - ERROR - Attempt 1/3 failed for term 'sinusitis': relation "mrconso" does not exist
LINE 3:                     FROM MRCONSO c
                                 ^

2025-05-29 22:40:26,233 - ERROR - Attempt 2/3 failed for term 'sinusitis': current transaction is aborted, commands ignored until end of transaction block

2025-05-29 22:40:26,233 - ERROR - Attempt 3/3 failed for term 'sinusitis': current transaction is aborted, commands ignored until end of transaction block

2025-05-29 22:40:26,233 - ERROR - Max retries reached for term 'sinusitis'
2025-05-29 22:40:26,250 - ERROR - Attempt 1/3 failed for term 'allergic rhinitis': relation "mrconso" does not exist
LINE 3:                     FROM MRCONSO c
                                 ^

2025-05-29 22:40:26,251 - ERROR - Attempt 2/3 failed for term 'allergic rhinitis': current transaction is aborted, commands ignored until end of transaction block

2025-05-29 22:40:26,252 - ERROR - Attempt 3/3 failed for term 'allergic rhinitis': current transaction is aborted, commands ignored until end of transaction block

2025-05-29 22:40:26,252 - ERROR - Max retries reached for term 'allergic rhinitis'
2025-05-29 22:40:26,266 - WARNING - Failed to fetch semantic type for CUI NO_CUI_likely secondary to recent viral upper respiratory infection. differential includes viral sinusitis or allergic rhinitis. other systems: neurological: headache likely related to sinusitis. endocrine: stable diabetes. cardiovascular: stable hypertension. no acute abnormalities in pulmonary: relation "mrsty" does not exist
LINE 3:                             FROM MRSTY sty
                                         ^

2025-05-29 22:40:26,338 - ERROR - Attempt 1/3 failed for term 'pain': relation "mrconso" does not exist
LINE 3:                     FROM MRCONSO c
                                 ^

2025-05-29 22:40:26,338 - ERROR - Attempt 2/3 failed for term 'pain': current transaction is aborted, commands ignored until end of transaction block

2025-05-29 22:40:26,339 - ERROR - Attempt 3/3 failed for term 'pain': current transaction is aborted, commands ignored until end of transaction block

2025-05-29 22:40:26,339 - ERROR - Max retries reached for term 'pain'
2025-05-29 22:40:26,350 - ERROR - Attempt 1/3 failed for term 'radiating': relation "mrconso" does not exist
LINE 3:                     FROM MRCONSO c
                                 ^

2025-05-29 22:40:26,351 - ERROR - Attempt 2/3 failed for term 'radiating': current transaction is aborted, commands ignored until end of transaction block

2025-05-29 22:40:26,352 - ERROR - Attempt 3/3 failed for term 'radiating': current transaction is aborted, commands ignored until end of transaction block

2025-05-29 22:40:26,352 - ERROR - Max retries reached for term 'radiating'
2025-05-29 22:40:26,364 - WARNING - Failed to fetch semantic type for CUI NO_CUI_radiating pain: relation "mrsty" does not exist
LINE 3:                             FROM MRSTY sty
                                         ^

2025-05-29 22:40:26,454 - ERROR - Attempt 1/3 failed for term 'nasal congestion': relation "mrconso" does not exist
LINE 3:                     FROM MRCONSO c
                                 ^

2025-05-29 22:40:26,454 - ERROR - Attempt 2/3 failed for term 'nasal congestion': current transaction is aborted, commands ignored until end of transaction block

2025-05-29 22:40:26,455 - ERROR - Attempt 3/3 failed for term 'nasal congestion': current transaction is aborted, commands ignored until end of transaction block

2025-05-29 22:40:26,455 - ERROR - Max retries reached for term 'nasal congestion'
2025-05-29 22:40:26,469 - ERROR - Attempt 1/3 failed for term 'bilateral': relation "mrconso" does not exist
LINE 3:                     FROM MRCONSO c
                                 ^

2025-05-29 22:40:26,470 - ERROR - Attempt 2/3 failed for term 'bilateral': current transaction is aborted, commands ignored until end of transaction block

2025-05-29 22:40:26,471 - ERROR - Attempt 3/3 failed for term 'bilateral': current transaction is aborted, commands ignored until end of transaction block

2025-05-29 22:40:26,472 - ERROR - Max retries reached for term 'bilateral'
2025-05-29 22:40:26,483 - WARNING - Failed to fetch semantic type for CUI NO_CUI_bilateral nasal congestion: relation "mrsty" does not exist
LINE 3:                             FROM MRSTY sty
                                         ^

2025-05-29 22:40:26,629 - ERROR - Attempt 1/3 failed for term 'shortness of breath': relation "mrconso" does not exist
LINE 3:                     FROM MRCONSO c
                                 ^

2025-05-29 22:40:26,629 - ERROR - Attempt 2/3 failed for term 'shortness of breath': current transaction is aborted, commands ignored until end of transaction block

2025-05-29 22:40:26,630 - ERROR - Attempt 3/3 failed for term 'shortness of breath': current transaction is aborted, commands ignored until end of transaction block

2025-05-29 22:40:26,630 - ERROR - Max retries reached for term 'shortness of breath'
2025-05-29 22:40:26,643 - ERROR - Attempt 1/3 failed for term 'purulent': relation "mrconso" does not exist
LINE 3:                     FROM MRCONSO c
                                 ^

2025-05-29 22:40:26,644 - ERROR - Attempt 2/3 failed for term 'purulent': current transaction is aborted, commands ignored until end of transaction block

2025-05-29 22:40:26,644 - ERROR - Attempt 3/3 failed for term 'purulent': current transaction is aborted, commands ignored until end of transaction block

2025-05-29 22:40:26,645 - ERROR - Max retries reached for term 'purulent'
2025-05-29 22:40:26,658 - ERROR - Attempt 1/3 failed for term 'no cough': relation "mrconso" does not exist
LINE 3:                     FROM MRCONSO c
                                 ^

2025-05-29 22:40:26,659 - ERROR - Attempt 2/3 failed for term 'no cough': current transaction is aborted, commands ignored until end of transaction block

2025-05-29 22:40:26,660 - ERROR - Attempt 3/3 failed for term 'no cough': current transaction is aborted, commands ignored until end of transaction block

2025-05-29 22:40:26,660 - ERROR - Max retries reached for term 'no cough'
2025-05-29 22:40:26,671 - ERROR - Attempt 1/3 failed for term 'nasal discharge': relation "mrconso" does not exist
LINE 3:                     FROM MRCONSO c
                                 ^

2025-05-29 22:40:26,672 - ERROR - Attempt 2/3 failed for term 'nasal discharge': current transaction is aborted, commands ignored until end of transaction block

2025-05-29 22:40:26,673 - ERROR - Attempt 3/3 failed for term 'nasal discharge': current transaction is aborted, commands ignored until end of transaction block

2025-05-29 22:40:26,673 - ERROR - Max retries reached for term 'nasal discharge'
2025-05-29 22:40:26,689 - ERROR - Attempt 1/3 failed for term 'chest pain': relation "mrconso" does not exist
LINE 3:                     FROM MRCONSO c
                                 ^

2025-05-29 22:40:26,690 - ERROR - Attempt 2/3 failed for term 'chest pain': current transaction is aborted, commands ignored until end of transaction block

2025-05-29 22:40:26,691 - ERROR - Attempt 3/3 failed for term 'chest pain': current transaction is aborted, commands ignored until end of transaction block

2025-05-29 22:40:26,692 - ERROR - Max retries reached for term 'chest pain'
2025-05-29 22:40:26,706 - ERROR - Attempt 1/3 failed for term 'low-grade': relation "mrconso" does not exist
LINE 3:                     FROM MRCONSO c
                                 ^

2025-05-29 22:40:26,707 - ERROR - Attempt 2/3 failed for term 'low-grade': current transaction is aborted, commands ignored until end of transaction block

2025-05-29 22:40:26,708 - ERROR - Attempt 3/3 failed for term 'low-grade': current transaction is aborted, commands ignored until end of transaction block

2025-05-29 22:40:26,708 - ERROR - Max retries reached for term 'low-grade'
2025-05-29 22:40:26,722 - ERROR - Attempt 1/3 failed for term 'palpitations': relation "mrconso" does not exist
LINE 3:                     FROM MRCONSO c
                                 ^

2025-05-29 22:40:26,724 - ERROR - Attempt 2/3 failed for term 'palpitations': current transaction is aborted, commands ignored until end of transaction block

2025-05-29 22:40:26,725 - ERROR - Attempt 3/3 failed for term 'palpitations': current transaction is aborted, commands ignored until end of transaction block

2025-05-29 22:40:26,725 - ERROR - Max retries reached for term 'palpitations'
2025-05-29 22:40:26,739 - ERROR - Attempt 1/3 failed for term 'associated with': relation "mrconso" does not exist
LINE 3:                     FROM MRCONSO c
                                 ^

2025-05-29 22:40:26,739 - ERROR - Attempt 2/3 failed for term 'associated with': current transaction is aborted, commands ignored until end of transaction block

2025-05-29 22:40:26,740 - ERROR - Attempt 3/3 failed for term 'associated with': current transaction is aborted, commands ignored until end of transaction block

2025-05-29 22:40:26,741 - ERROR - Max retries reached for term 'associated with'
2025-05-29 22:40:26,754 - ERROR - Attempt 1/3 failed for term 'neurological': relation "mrconso" does not exist
LINE 3:                     FROM MRCONSO c
                                 ^

2025-05-29 22:40:26,755 - ERROR - Attempt 2/3 failed for term 'neurological': current transaction is aborted, commands ignored until end of transaction block

2025-05-29 22:40:26,756 - ERROR - Attempt 3/3 failed for term 'neurological': current transaction is aborted, commands ignored until end of transaction block

2025-05-29 22:40:26,757 - ERROR - Max retries reached for term 'neurological'
2025-05-29 22:40:26,770 - ERROR - Attempt 1/3 failed for term 'hearing loss': relation "mrconso" does not exist
LINE 3:                     FROM MRCONSO c
                                 ^

2025-05-29 22:40:26,771 - ERROR - Attempt 2/3 failed for term 'hearing loss': current transaction is aborted, commands ignored until end of transaction block

2025-05-29 22:40:26,772 - ERROR - Attempt 3/3 failed for term 'hearing loss': current transaction is aborted, commands ignored until end of transaction block

2025-05-29 22:40:26,773 - ERROR - Max retries reached for term 'hearing loss'
2025-05-29 22:40:26,785 - ERROR - Attempt 1/3 failed for term 'mild headache': relation "mrconso" does not exist
LINE 3:                     FROM MRCONSO c
                                 ^

2025-05-29 22:40:26,786 - ERROR - Attempt 2/3 failed for term 'mild headache': current transaction is aborted, commands ignored until end of transaction block

2025-05-29 22:40:26,787 - ERROR - Attempt 3/3 failed for term 'mild headache': current transaction is aborted, commands ignored until end of transaction block

2025-05-29 22:40:26,787 - ERROR - Max retries reached for term 'mild headache'
2025-05-29 22:40:26,803 - ERROR - Attempt 1/3 failed for term 'cardiovascular': relation "mrconso" does not exist
LINE 3:                     FROM MRCONSO c
                                 ^

2025-05-29 22:40:26,804 - ERROR - Attempt 2/3 failed for term 'cardiovascular': current transaction is aborted, commands ignored until end of transaction block

2025-05-29 22:40:26,804 - ERROR - Attempt 3/3 failed for term 'cardiovascular': current transaction is aborted, commands ignored until end of transaction block

2025-05-29 22:40:26,805 - ERROR - Max retries reached for term 'cardiovascular'
2025-05-29 22:40:26,819 - ERROR - Attempt 1/3 failed for term 'sinus pain': relation "mrconso" does not exist
LINE 3:                     FROM MRCONSO c
                                 ^

2025-05-29 22:40:26,820 - ERROR - Attempt 2/3 failed for term 'sinus pain': current transaction is aborted, commands ignored until end of transaction block

2025-05-29 22:40:26,821 - ERROR - Attempt 3/3 failed for term 'sinus pain': current transaction is aborted, commands ignored until end of transaction block

2025-05-29 22:40:26,821 - ERROR - Max retries reached for term 'sinus pain'
2025-05-29 22:40:26,835 - ERROR - Attempt 1/3 failed for term 'pulmonary': relation "mrconso" does not exist
LINE 3:                     FROM MRCONSO c
                                 ^

2025-05-29 22:40:26,836 - ERROR - Attempt 2/3 failed for term 'pulmonary': current transaction is aborted, commands ignored until end of transaction block

2025-05-29 22:40:26,836 - ERROR - Attempt 3/3 failed for term 'pulmonary': current transaction is aborted, commands ignored until end of transaction block

2025-05-29 22:40:26,837 - ERROR - Max retries reached for term 'pulmonary'
2025-05-29 22:40:26,837 - WARNING - Skipping non-clinical or blocked term: 'days'
2025-05-29 22:40:26,854 - WARNING - Failed to fetch semantic type for CUI NO_CUI_and purulent nasal discharge for 10 days. low-grade fever (up to 100.5°f). no sore throat or hearing loss. pulmonary: no cough or shortness of breath. cardiovascular: no chest pain or palpitations. neurological: mild headache associated with sinus pain: relation "mrsty" does not exist
LINE 3:                             FROM MRSTY sty
                                         ^

2025-05-29 22:40:27,060 - ERROR - Attempt 1/3 failed for term 'primary assessment': relation "mrconso" does not exist
LINE 3:                     FROM MRCONSO c
                                 ^

2025-05-29 22:40:27,061 - ERROR - Attempt 2/3 failed for term 'primary assessment': current transaction is aborted, commands ignored until end of transaction block

2025-05-29 22:40:27,061 - ERROR - Attempt 3/3 failed for term 'primary assessment': current transaction is aborted, commands ignored until end of transaction block

2025-05-29 22:40:27,061 - ERROR - Max retries reached for term 'primary assessment'
2025-05-29 22:40:27,071 - ERROR - Attempt 1/3 failed for term 'no dizziness': relation "mrconso" does not exist
LINE 3:                     FROM MRCONSO c
                                 ^

2025-05-29 22:40:27,072 - ERROR - Attempt 2/3 failed for term 'no dizziness': current transaction is aborted, commands ignored until end of transaction block

2025-05-29 22:40:27,072 - ERROR - Attempt 3/3 failed for term 'no dizziness': current transaction is aborted, commands ignored until end of transaction block

2025-05-29 22:40:27,073 - ERROR - Max retries reached for term 'no dizziness'
2025-05-29 22:40:27,085 - ERROR - Attempt 1/3 failed for term 'no rashes': relation "mrconso" does not exist
LINE 3:                     FROM MRCONSO c
                                 ^

2025-05-29 22:40:27,086 - ERROR - Attempt 2/3 failed for term 'no rashes': current transaction is aborted, commands ignored until end of transaction block

2025-05-29 22:40:27,087 - ERROR - Attempt 3/3 failed for term 'no rashes': current transaction is aborted, commands ignored until end of transaction block

2025-05-29 22:40:27,088 - ERROR - Max retries reached for term 'no rashes'
2025-05-29 22:40:27,102 - ERROR - Attempt 1/3 failed for term 'endocrine': relation "mrconso" does not exist
LINE 3:                     FROM MRCONSO c
                                 ^

2025-05-29 22:40:27,103 - ERROR - Attempt 2/3 failed for term 'endocrine': current transaction is aborted, commands ignored until end of transaction block

2025-05-29 22:40:27,104 - ERROR - Attempt 3/3 failed for term 'endocrine': current transaction is aborted, commands ignored until end of transaction block

2025-05-29 22:40:27,104 - ERROR - Max retries reached for term 'endocrine'
2025-05-29 22:40:27,120 - ERROR - Attempt 1/3 failed for term 'bacterial sinusitis': relation "mrconso" does not exist
LINE 3:                     FROM MRCONSO c
                                 ^

2025-05-29 22:40:27,120 - ERROR - Attempt 2/3 failed for term 'bacterial sinusitis': current transaction is aborted, commands ignored until end of transaction block

2025-05-29 22:40:27,121 - ERROR - Attempt 3/3 failed for term 'bacterial sinusitis': current transaction is aborted, commands ignored until end of transaction block

2025-05-29 22:40:27,121 - ERROR - Max retries reached for term 'bacterial sinusitis'
2025-05-29 22:40:27,123 - WARNING - Skipping non-clinical or blocked term: 'gastrointestinal'
2025-05-29 22:40:27,124 - WARNING - Skipping non-clinical or blocked term: 'hematologic'
2025-05-29 22:40:27,137 - ERROR - Attempt 1/3 failed for term 'bruising': relation "mrconso" does not exist
LINE 3:                     FROM MRCONSO c
                                 ^

2025-05-29 22:40:27,138 - ERROR - Attempt 2/3 failed for term 'bruising': current transaction is aborted, commands ignored until end of transaction block

2025-05-29 22:40:27,140 - ERROR - Attempt 3/3 failed for term 'bruising': current transaction is aborted, commands ignored until end of transaction block

2025-05-29 22:40:27,140 - ERROR - Max retries reached for term 'bruising'
2025-05-29 22:40:27,152 - ERROR - Attempt 1/3 failed for term 'mood changes': relation "mrconso" does not exist
LINE 3:                     FROM MRCONSO c
                                 ^

2025-05-29 22:40:27,153 - ERROR - Attempt 2/3 failed for term 'mood changes': current transaction is aborted, commands ignored until end of transaction block

2025-05-29 22:40:27,154 - ERROR - Attempt 3/3 failed for term 'mood changes': current transaction is aborted, commands ignored until end of transaction block

2025-05-29 22:40:27,154 - ERROR - Max retries reached for term 'mood changes'
2025-05-29 22:40:27,155 - WARNING - Skipping non-clinical or blocked term: 'psychiatric'
2025-05-29 22:40:27,167 - ERROR - Attempt 1/3 failed for term 'lesions': relation "mrconso" does not exist
LINE 3:                     FROM MRCONSO c
                                 ^

2025-05-29 22:40:27,168 - ERROR - Attempt 2/3 failed for term 'lesions': current transaction is aborted, commands ignored until end of transaction block

2025-05-29 22:40:27,169 - ERROR - Attempt 3/3 failed for term 'lesions': current transaction is aborted, commands ignored until end of transaction block

2025-05-29 22:40:27,169 - ERROR - Max retries reached for term 'lesions'
2025-05-29 22:40:27,169 - WARNING - Skipping non-clinical or blocked term: 'symptoms'
2025-05-29 22:40:27,181 - ERROR - Attempt 1/3 failed for term 'nausea': relation "mrconso" does not exist
LINE 3:                     FROM MRCONSO c
                                 ^

2025-05-29 22:40:27,182 - ERROR - Attempt 2/3 failed for term 'nausea': current transaction is aborted, commands ignored until end of transaction block

2025-05-29 22:40:27,183 - ERROR - Attempt 3/3 failed for term 'nausea': current transaction is aborted, commands ignored until end of transaction block

2025-05-29 22:40:27,183 - ERROR - Max retries reached for term 'nausea'
2025-05-29 22:40:27,195 - ERROR - Attempt 1/3 failed for term 'dermatologic': relation "mrconso" does not exist
LINE 3:                     FROM MRCONSO c
                                 ^

2025-05-29 22:40:27,196 - ERROR - Attempt 2/3 failed for term 'dermatologic': current transaction is aborted, commands ignored until end of transaction block

2025-05-29 22:40:27,196 - ERROR - Attempt 3/3 failed for term 'dermatologic': current transaction is aborted, commands ignored until end of transaction block

2025-05-29 22:40:27,197 - ERROR - Max retries reached for term 'dermatologic'
2025-05-29 22:40:27,209 - ERROR - Attempt 1/3 failed for term 'stiffness': relation "mrconso" does not exist
LINE 3:                     FROM MRCONSO c
                                 ^

2025-05-29 22:40:27,210 - ERROR - Attempt 2/3 failed for term 'stiffness': current transaction is aborted, commands ignored until end of transaction block

2025-05-29 22:40:27,210 - ERROR - Attempt 3/3 failed for term 'stiffness': current transaction is aborted, commands ignored until end of transaction block

2025-05-29 22:40:27,211 - ERROR - Max retries reached for term 'stiffness'
2025-05-29 22:40:27,225 - ERROR - Attempt 1/3 failed for term 'diarrhea': relation "mrconso" does not exist
LINE 3:                     FROM MRCONSO c
                                 ^

2025-05-29 22:40:27,226 - ERROR - Attempt 2/3 failed for term 'diarrhea': current transaction is aborted, commands ignored until end of transaction block

2025-05-29 22:40:27,227 - ERROR - Attempt 3/3 failed for term 'diarrhea': current transaction is aborted, commands ignored until end of transaction block

2025-05-29 22:40:27,227 - ERROR - Max retries reached for term 'diarrhea'
2025-05-29 22:40:27,242 - ERROR - Attempt 1/3 failed for term 'weight changes': relation "mrconso" does not exist
LINE 3:                     FROM MRCONSO c
                                 ^

2025-05-29 22:40:27,243 - ERROR - Attempt 2/3 failed for term 'weight changes': current transaction is aborted, commands ignored until end of transaction block

2025-05-29 22:40:27,243 - ERROR - Attempt 3/3 failed for term 'weight changes': current transaction is aborted, commands ignored until end of transaction block

2025-05-29 22:40:27,244 - ERROR - Max retries reached for term 'weight changes'
2025-05-29 22:40:27,261 - ERROR - Attempt 1/3 failed for term 'consistent with': relation "mrconso" does not exist
LINE 3:                     FROM MRCONSO c
                                 ^

2025-05-29 22:40:27,261 - ERROR - Attempt 2/3 failed for term 'consistent with': current transaction is aborted, commands ignored until end of transaction block

2025-05-29 22:40:27,262 - ERROR - Attempt 3/3 failed for term 'consistent with': current transaction is aborted, commands ignored until end of transaction block

2025-05-29 22:40:27,262 - ERROR - Max retries reached for term 'consistent with'
2025-05-29 22:40:27,263 - WARNING - Skipping non-clinical or blocked term: 'vision'
2025-05-29 22:40:27,278 - ERROR - Attempt 1/3 failed for term 'ophthalmologic': relation "mrconso" does not exist
LINE 3:                     FROM MRCONSO c
                                 ^

2025-05-29 22:40:27,279 - ERROR - Attempt 2/3 failed for term 'ophthalmologic': current transaction is aborted, commands ignored until end of transaction block

2025-05-29 22:40:27,280 - ERROR - Attempt 3/3 failed for term 'ophthalmologic': current transaction is aborted, commands ignored until end of transaction block

2025-05-29 22:40:27,280 - ERROR - Max retries reached for term 'ophthalmologic'
2025-05-29 22:40:27,294 - ERROR - Attempt 1/3 failed for term 'urinary changes': relation "mrconso" does not exist
LINE 3:                     FROM MRCONSO c
                                 ^

2025-05-29 22:40:27,295 - ERROR - Attempt 2/3 failed for term 'urinary changes': current transaction is aborted, commands ignored until end of transaction block

2025-05-29 22:40:27,295 - ERROR - Attempt 3/3 failed for term 'urinary changes': current transaction is aborted, commands ignored until end of transaction block

2025-05-29 22:40:27,295 - ERROR - Max retries reached for term 'urinary changes'
2025-05-29 22:40:27,311 - ERROR - Attempt 1/3 failed for term 'no joint pain': relation "mrconso" does not exist
LINE 3:                     FROM MRCONSO c
                                 ^

2025-05-29 22:40:27,311 - ERROR - Attempt 2/3 failed for term 'no joint pain': current transaction is aborted, commands ignored until end of transaction block

2025-05-29 22:40:27,312 - ERROR - Attempt 3/3 failed for term 'no joint pain': current transaction is aborted, commands ignored until end of transaction block

2025-05-29 22:40:27,313 - ERROR - Max retries reached for term 'no joint pain'
2025-05-29 22:40:27,327 - ERROR - Attempt 1/3 failed for term 'genitourinary': relation "mrconso" does not exist
LINE 3:                     FROM MRCONSO c
                                 ^

2025-05-29 22:40:27,328 - ERROR - Attempt 2/3 failed for term 'genitourinary': current transaction is aborted, commands ignored until end of transaction block

2025-05-29 22:40:27,328 - ERROR - Attempt 3/3 failed for term 'genitourinary': current transaction is aborted, commands ignored until end of transaction block

2025-05-29 22:40:27,328 - ERROR - Max retries reached for term 'genitourinary'
2025-05-29 22:40:27,340 - ERROR - Attempt 1/3 failed for term 'acute': relation "mrconso" does not exist
LINE 3:                     FROM MRCONSO c
                                 ^

2025-05-29 22:40:27,341 - ERROR - Attempt 2/3 failed for term 'acute': current transaction is aborted, commands ignored until end of transaction block

2025-05-29 22:40:27,341 - ERROR - Attempt 3/3 failed for term 'acute': current transaction is aborted, commands ignored until end of transaction block

2025-05-29 22:40:27,341 - ERROR - Max retries reached for term 'acute'
2025-05-29 22:40:27,354 - ERROR - Attempt 1/3 failed for term 'bleeding': relation "mrconso" does not exist
LINE 3:                     FROM MRCONSO c
                                 ^

2025-05-29 22:40:27,355 - ERROR - Attempt 2/3 failed for term 'bleeding': current transaction is aborted, commands ignored until end of transaction block

2025-05-29 22:40:27,356 - ERROR - Attempt 3/3 failed for term 'bleeding': current transaction is aborted, commands ignored until end of transaction block

2025-05-29 22:40:27,357 - ERROR - Max retries reached for term 'bleeding'
2025-05-29 22:40:27,370 - WARNING - Failed to fetch semantic type for CUI NO_CUI_no dizziness. musculoskeletal: no joint pain or stiffness. gastrointestinal: no nausea or diarrhea. genitourinary: no urinary changes. endocrine: no weight changes or thirst. hematologic: no easy bruising or bleeding. dermatologic: no rashes or lesions. psychiatric: no mood changes. ophthalmologic: no vision changes. primary assessment: symptoms consistent with acute bacterial sinusitis: relation "mrsty" does not exist
LINE 3:                             FROM MRSTY sty
                                         ^

2025-05-29 22:46:18,096 - WARNING - Diagnosis relevance weights for facial pain|nasal congestion|sinusitis|sinus pain|purulent nasal discharge do not sum to 1.0: 0
2025-05-29 22:46:18,096 - WARNING - Diagnosis relevance weights for cough do not sum to 1.0: 0
2025-05-29 22:46:18,096 - WARNING - Diagnosis relevance weights for headache|photophobia do not sum to 1.0: 0
2025-05-29 22:46:18,097 - WARNING - Diagnosis relevance weights for chest pain|shortness of breath|chest tightness do not sum to 1.0: 0
2025-05-29 22:46:18,097 - WARNING - Diagnosis relevance weights for epigastric pain|nausea do not sum to 1.0: 0
2025-05-29 22:46:18,097 - WARNING - Diagnosis relevance weights for knee pain|swelling do not sum to 1.0: 0
2025-05-29 22:46:18,098 - WARNING - Diagnosis relevance weights for back pain|lower back pain|backache do not sum to 1.0: 0
2025-05-29 22:46:18,098 - WARNING - Diagnosis relevance weights for fever|chills do not sum to 1.0: 0
2025-05-29 22:46:18,098 - WARNING - Diagnosis relevance weights for fatigue|obesity do not sum to 1.0: 0
2025-05-29 22:46:18,099 - WARNING - Diagnosis angina relevance weights do not sum to 1.0: 0.8
2025-05-29 22:46:18,141 - ERROR - Invalid JSON in /home/mathu/projects/hospital/departments/nlp/knowledge_base/medical_terms.json: Expecting value: line 7 column 12 (char 143). Using default data.
2025-05-29 22:46:18,199 - ERROR - Failed to create MongoDB indexes: An existing index has the same name as the requested index. When index names are not specified, they are auto generated and can cause conflicts. Please refer to our documentation. Requested index: { v: 2, unique: true, key: { term: 1 }, name: "term_1" }, existing index: { v: 2, key: { term: 1 }, name: "term_1" }, full error: {'ok': 0.0, 'errmsg': 'An existing index has the same name as the requested index. When index names are not specified, they are auto generated and can cause conflicts. Please refer to our documentation. Requested index: { v: 2, unique: true, key: { term: 1 }, name: "term_1" }, existing index: { v: 2, key: { term: 1 }, name: "term_1" }', 'code': 86, 'codeName': 'IndexKeySpecsConflict'}
2025-05-29 22:46:18,234 - ERROR - Failed to create MongoDB indexes: An existing index has the same name as the requested index. When index names are not specified, they are auto generated and can cause conflicts. Please refer to our documentation. Requested index: { v: 2, unique: true, key: { term: 1 }, name: "term_1" }, existing index: { v: 2, key: { term: 1 }, name: "term_1" }, full error: {'ok': 0.0, 'errmsg': 'An existing index has the same name as the requested index. When index names are not specified, they are auto generated and can cause conflicts. Please refer to our documentation. Requested index: { v: 2, unique: true, key: { term: 1 }, name: "term_1" }, existing index: { v: 2, key: { term: 1 }, name: "term_1" }', 'code': 86, 'codeName': 'IndexKeySpecsConflict'}
2025-05-29 22:46:19,091 - WARNING - Failed to load CUI cache: Ran out of input
2025-05-29 22:48:08,292 - WARNING - Diagnosis relevance weights for facial pain|nasal congestion|sinusitis|sinus pain|purulent nasal discharge do not sum to 1.0: 0
2025-05-29 22:48:08,293 - WARNING - Diagnosis relevance weights for cough do not sum to 1.0: 0
2025-05-29 22:48:08,293 - WARNING - Diagnosis relevance weights for headache|photophobia do not sum to 1.0: 0
2025-05-29 22:48:08,293 - WARNING - Diagnosis relevance weights for chest pain|shortness of breath|chest tightness do not sum to 1.0: 0
2025-05-29 22:48:08,294 - WARNING - Diagnosis relevance weights for epigastric pain|nausea do not sum to 1.0: 0
2025-05-29 22:48:08,295 - WARNING - Diagnosis relevance weights for knee pain|swelling do not sum to 1.0: 0
2025-05-29 22:48:08,295 - WARNING - Diagnosis relevance weights for back pain|lower back pain|backache do not sum to 1.0: 0
2025-05-29 22:48:08,296 - WARNING - Diagnosis relevance weights for fever|chills do not sum to 1.0: 0
2025-05-29 22:48:08,296 - WARNING - Diagnosis relevance weights for fatigue|obesity do not sum to 1.0: 0
2025-05-29 22:48:08,297 - WARNING - Diagnosis angina relevance weights do not sum to 1.0: 0.8
2025-05-29 22:48:08,342 - ERROR - Invalid JSON in /home/mathu/projects/hospital/departments/nlp/knowledge_base/medical_terms.json: Expecting value: line 7 column 12 (char 143). Using default data.
2025-05-29 22:48:08,385 - ERROR - Failed to create MongoDB indexes: An existing index has the same name as the requested index. When index names are not specified, they are auto generated and can cause conflicts. Please refer to our documentation. Requested index: { v: 2, unique: true, key: { term: 1 }, name: "term_1" }, existing index: { v: 2, key: { term: 1 }, name: "term_1" }, full error: {'ok': 0.0, 'errmsg': 'An existing index has the same name as the requested index. When index names are not specified, they are auto generated and can cause conflicts. Please refer to our documentation. Requested index: { v: 2, unique: true, key: { term: 1 }, name: "term_1" }, existing index: { v: 2, key: { term: 1 }, name: "term_1" }', 'code': 86, 'codeName': 'IndexKeySpecsConflict'}
2025-05-29 22:48:08,417 - ERROR - Failed to create MongoDB indexes: An existing index has the same name as the requested index. When index names are not specified, they are auto generated and can cause conflicts. Please refer to our documentation. Requested index: { v: 2, unique: true, key: { term: 1 }, name: "term_1" }, existing index: { v: 2, key: { term: 1 }, name: "term_1" }, full error: {'ok': 0.0, 'errmsg': 'An existing index has the same name as the requested index. When index names are not specified, they are auto generated and can cause conflicts. Please refer to our documentation. Requested index: { v: 2, unique: true, key: { term: 1 }, name: "term_1" }, existing index: { v: 2, key: { term: 1 }, name: "term_1" }', 'code': 86, 'codeName': 'IndexKeySpecsConflict'}
2025-05-29 22:48:09,214 - WARNING - Failed to load CUI cache: Ran out of input
2025-05-29 22:53:39,054 - WARNING - Diagnosis relevance weights for facial pain|nasal congestion|sinusitis|sinus pain|purulent nasal discharge do not sum to 1.0: 0
2025-05-29 22:53:39,054 - WARNING - Diagnosis relevance weights for cough do not sum to 1.0: 0
2025-05-29 22:53:39,055 - WARNING - Diagnosis relevance weights for headache|photophobia do not sum to 1.0: 0
2025-05-29 22:53:39,055 - WARNING - Diagnosis relevance weights for chest pain|shortness of breath|chest tightness do not sum to 1.0: 0
2025-05-29 22:53:39,055 - WARNING - Diagnosis relevance weights for epigastric pain|nausea do not sum to 1.0: 0
2025-05-29 22:53:39,056 - WARNING - Diagnosis relevance weights for knee pain|swelling do not sum to 1.0: 0
2025-05-29 22:53:39,056 - WARNING - Diagnosis relevance weights for back pain|lower back pain|backache do not sum to 1.0: 0
2025-05-29 22:53:39,056 - WARNING - Diagnosis relevance weights for fever|chills do not sum to 1.0: 0
2025-05-29 22:53:39,056 - WARNING - Diagnosis relevance weights for fatigue|obesity do not sum to 1.0: 0
2025-05-29 22:53:39,057 - WARNING - Diagnosis angina relevance weights do not sum to 1.0: 0.8
2025-05-29 22:53:39,096 - ERROR - Invalid JSON in /home/mathu/projects/hospital/departments/nlp/knowledge_base/medical_terms.json: Expecting value: line 7 column 12 (char 143). Using default data.
2025-05-29 22:53:39,139 - ERROR - Failed to create MongoDB indexes: An existing index has the same name as the requested index. When index names are not specified, they are auto generated and can cause conflicts. Please refer to our documentation. Requested index: { v: 2, unique: true, key: { term: 1 }, name: "term_1" }, existing index: { v: 2, key: { term: 1 }, name: "term_1" }, full error: {'ok': 0.0, 'errmsg': 'An existing index has the same name as the requested index. When index names are not specified, they are auto generated and can cause conflicts. Please refer to our documentation. Requested index: { v: 2, unique: true, key: { term: 1 }, name: "term_1" }, existing index: { v: 2, key: { term: 1 }, name: "term_1" }', 'code': 86, 'codeName': 'IndexKeySpecsConflict'}
2025-05-29 22:53:39,172 - ERROR - Failed to create MongoDB indexes: An existing index has the same name as the requested index. When index names are not specified, they are auto generated and can cause conflicts. Please refer to our documentation. Requested index: { v: 2, unique: true, key: { term: 1 }, name: "term_1" }, existing index: { v: 2, key: { term: 1 }, name: "term_1" }, full error: {'ok': 0.0, 'errmsg': 'An existing index has the same name as the requested index. When index names are not specified, they are auto generated and can cause conflicts. Please refer to our documentation. Requested index: { v: 2, unique: true, key: { term: 1 }, name: "term_1" }, existing index: { v: 2, key: { term: 1 }, name: "term_1" }', 'code': 86, 'codeName': 'IndexKeySpecsConflict'}
2025-05-30 04:33:19,676 - WARNING - Diagnosis relevance weights for facial pain|nasal congestion|sinusitis|sinus pain|purulent nasal discharge do not sum to 1.0: 0
2025-05-30 04:33:19,676 - WARNING - Diagnosis relevance weights for cough do not sum to 1.0: 0
2025-05-30 04:33:19,677 - WARNING - Diagnosis relevance weights for headache|photophobia do not sum to 1.0: 0
2025-05-30 04:33:19,677 - WARNING - Diagnosis relevance weights for chest pain|shortness of breath|chest tightness do not sum to 1.0: 0
2025-05-30 04:33:19,677 - WARNING - Diagnosis relevance weights for epigastric pain|nausea do not sum to 1.0: 0
2025-05-30 04:33:19,678 - WARNING - Diagnosis relevance weights for knee pain|swelling do not sum to 1.0: 0
2025-05-30 04:33:19,678 - WARNING - Diagnosis relevance weights for back pain|lower back pain|backache do not sum to 1.0: 0
2025-05-30 04:33:19,678 - WARNING - Diagnosis relevance weights for fever|chills do not sum to 1.0: 0
2025-05-30 04:33:19,679 - WARNING - Diagnosis relevance weights for fatigue|obesity do not sum to 1.0: 0
2025-05-30 04:33:19,679 - WARNING - Diagnosis angina relevance weights do not sum to 1.0: 0.8
2025-05-30 04:33:19,729 - ERROR - Invalid JSON in /home/mathu/projects/hospital/departments/nlp/knowledge_base/medical_terms.json: Expecting value: line 7 column 12 (char 143). Using default data.
2025-05-30 04:33:19,790 - ERROR - Failed to create MongoDB indexes: An existing index has the same name as the requested index. When index names are not specified, they are auto generated and can cause conflicts. Please refer to our documentation. Requested index: { v: 2, unique: true, key: { term: 1 }, name: "term_1" }, existing index: { v: 2, key: { term: 1 }, name: "term_1" }, full error: {'ok': 0.0, 'errmsg': 'An existing index has the same name as the requested index. When index names are not specified, they are auto generated and can cause conflicts. Please refer to our documentation. Requested index: { v: 2, unique: true, key: { term: 1 }, name: "term_1" }, existing index: { v: 2, key: { term: 1 }, name: "term_1" }', 'code': 86, 'codeName': 'IndexKeySpecsConflict'}
2025-05-30 04:33:19,841 - ERROR - Failed to create MongoDB indexes: An existing index has the same name as the requested index. When index names are not specified, they are auto generated and can cause conflicts. Please refer to our documentation. Requested index: { v: 2, unique: true, key: { term: 1 }, name: "term_1" }, existing index: { v: 2, key: { term: 1 }, name: "term_1" }, full error: {'ok': 0.0, 'errmsg': 'An existing index has the same name as the requested index. When index names are not specified, they are auto generated and can cause conflicts. Please refer to our documentation. Requested index: { v: 2, unique: true, key: { term: 1 }, name: "term_1" }, existing index: { v: 2, key: { term: 1 }, name: "term_1" }', 'code': 86, 'codeName': 'IndexKeySpecsConflict'}
2025-05-30 04:33:20,737 - WARNING - Failed to load CUI cache: Ran out of input
2025-05-30 04:33:20,834 - ERROR - Attempt 1/3 failed for term 'facial pain': 'bool' object does not support the context manager protocol
2025-05-30 04:33:25,836 - ERROR - Attempt 2/3 failed for term 'facial pain': 'bool' object does not support the context manager protocol
2025-05-30 04:33:30,840 - ERROR - Attempt 3/3 failed for term 'facial pain': 'bool' object does not support the context manager protocol
2025-05-30 04:33:30,842 - ERROR - Max retries reached for term 'facial pain'
2025-05-30 04:33:35,948 - ERROR - Timeout acquiring lock for 'nasal congestion'
2025-05-30 04:33:41,035 - ERROR - Timeout acquiring lock for 'purulent'
2025-05-30 04:33:46,037 - ERROR - Timeout acquiring lock for 'nasal discharge'
2025-05-30 04:33:51,145 - ERROR - Timeout acquiring lock for 'fever'
2025-05-30 04:33:56,293 - ERROR - Timeout acquiring lock for 'patient'
2025-05-30 04:34:01,296 - ERROR - Timeout acquiring lock for 'purulent'
2025-05-30 04:34:06,298 - ERROR - Timeout acquiring lock for 'reports'
2025-05-30 04:34:11,299 - ERROR - Timeout acquiring lock for 'nasal discharge'
2025-05-30 04:34:16,301 - ERROR - Timeout acquiring lock for 'nasal congestion'
2025-05-30 04:34:21,303 - ERROR - Timeout acquiring lock for 'facial pain'
2025-05-30 04:34:26,305 - ERROR - Timeout acquiring lock for 'fever'
2025-05-30 04:34:31,307 - ERROR - Timeout acquiring lock for 'days'
2025-05-30 04:34:36,435 - ERROR - Timeout acquiring lock for 'headache'
2025-05-30 04:34:41,650 - ERROR - Timeout acquiring lock for 'patient complains'
2025-05-30 04:34:46,651 - ERROR - Timeout acquiring lock for 'headache'
2025-05-30 04:34:51,730 - ERROR - Timeout acquiring lock for 'back pain'
2025-05-30 04:34:56,823 - ERROR - Timeout acquiring lock for 'pain'
2025-05-30 04:35:01,827 - ERROR - Timeout acquiring lock for 'movement'
2025-05-30 04:35:06,904 - ERROR - Timeout acquiring lock for 'obesity'
2025-05-30 04:35:12,063 - ERROR - Timeout acquiring lock for 'back pain'
2025-05-30 04:35:17,064 - ERROR - Timeout acquiring lock for 'weeks'
2025-05-30 04:35:22,206 - ERROR - Timeout acquiring lock for 'fevers'
2025-05-30 04:35:27,206 - ERROR - Timeout acquiring lock for 'chills'
2025-05-30 04:35:32,209 - ERROR - Timeout acquiring lock for 'associated with'
2025-05-30 04:35:37,211 - ERROR - Timeout acquiring lock for 'headache'
2025-05-30 04:35:42,213 - ERROR - Timeout acquiring lock for 'patient complains'
2025-05-30 04:35:47,216 - ERROR - Timeout acquiring lock for 'days'
2025-05-30 04:35:52,413 - ERROR - Timeout acquiring lock for 'patient'
2025-05-30 04:35:57,416 - ERROR - Timeout acquiring lock for 'nausea'
2025-05-30 04:36:02,418 - ERROR - Timeout acquiring lock for 'tea'
2025-05-30 04:36:07,421 - ERROR - Timeout acquiring lock for 'loss of appetite'
2025-05-30 04:36:12,423 - ERROR - Timeout acquiring lock for 'fats'
2025-05-30 04:36:17,425 - ERROR - Timeout acquiring lock for 'strong'
2025-05-30 04:36:22,427 - ERROR - Timeout acquiring lock for 'vomiting'
2025-05-30 04:36:27,429 - ERROR - Timeout acquiring lock for 'worse'
2025-05-30 04:36:32,431 - ERROR - Timeout acquiring lock for 'foods'
2025-05-30 04:36:37,432 - ERROR - Timeout acquiring lock for 'jaundice'
2025-05-30 04:36:42,434 - ERROR - Timeout acquiring lock for 'licking'
2025-05-30 04:36:47,435 - ERROR - Timeout acquiring lock for 'eyes'
2025-05-30 04:36:52,527 - ERROR - Timeout acquiring lock for 'patient'
2025-05-30 04:36:57,528 - ERROR - Timeout acquiring lock for 'facial pain'
2025-05-30 04:37:02,668 - ERROR - Timeout acquiring lock for 'back pain'
2025-05-30 04:37:07,669 - ERROR - Timeout acquiring lock for 'assessment'
2025-05-30 04:37:12,671 - ERROR - Timeout acquiring lock for 'weeks'
2025-05-30 04:37:17,673 - ERROR - Timeout acquiring lock for 'patient reports'
2025-05-30 04:37:22,836 - ERROR - Timeout acquiring lock for 'patient'
2025-05-30 04:37:27,839 - ERROR - Timeout acquiring lock for 'sitting'
2025-05-30 04:37:32,842 - ERROR - Timeout acquiring lock for 'standing'
2025-05-30 04:37:37,844 - ERROR - Timeout acquiring lock for 'backpain'
2025-05-30 04:37:42,846 - ERROR - Timeout acquiring lock for 'obese'
2025-05-30 04:37:47,848 - ERROR - Timeout acquiring lock for 'stretching'
2025-05-30 04:37:52,851 - ERROR - Timeout acquiring lock for 'pain'
2025-05-30 04:37:58,054 - ERROR - Timeout acquiring lock for 'maxillary sinuses'
2025-05-30 04:38:03,055 - ERROR - Timeout acquiring lock for 'days'
2025-05-30 04:38:08,058 - ERROR - Timeout acquiring lock for 'purulent'
2025-05-30 04:38:13,060 - ERROR - Timeout acquiring lock for 'nasal discharge'
2025-05-30 04:38:18,062 - ERROR - Timeout acquiring lock for 'facial pain'
2025-05-30 04:38:23,065 - ERROR - Timeout acquiring lock for 'fever'
2025-05-30 04:38:28,066 - ERROR - Timeout acquiring lock for 'reports'
2025-05-30 04:38:33,403 - ERROR - Timeout acquiring lock for 'respiratory infection'
2025-05-30 04:38:38,405 - ERROR - Timeout acquiring lock for 'viral sinusitis'
2025-05-30 04:38:43,407 - ERROR - Timeout acquiring lock for 'neurological'
2025-05-30 04:38:48,409 - ERROR - Timeout acquiring lock for 'stable'
2025-05-30 04:38:53,412 - ERROR - Timeout acquiring lock for 'allergic rhinitis'
2025-05-30 04:38:58,415 - ERROR - Timeout acquiring lock for 'endocrine'
2025-05-30 04:39:03,418 - ERROR - Timeout acquiring lock for 'cardiovascular'
2025-05-30 04:39:08,420 - ERROR - Timeout acquiring lock for 'differential'
2025-05-30 04:39:13,423 - ERROR - Timeout acquiring lock for 'diabetes'
2025-05-30 04:39:18,426 - ERROR - Timeout acquiring lock for 'hypertension'
2025-05-30 04:39:23,429 - ERROR - Timeout acquiring lock for 'secondary to'
2025-05-30 04:39:28,431 - ERROR - Timeout acquiring lock for 'sinusitis'
2025-05-30 04:39:33,432 - ERROR - Timeout acquiring lock for 'acute abnormalities'
2025-05-30 04:39:38,435 - ERROR - Timeout acquiring lock for 'viral upper'
2025-05-30 04:39:43,437 - ERROR - Timeout acquiring lock for 'headache'
2025-05-30 04:39:48,438 - ERROR - Timeout acquiring lock for 'pulmonary'
2025-05-30 04:39:53,584 - ERROR - Timeout acquiring lock for 'pain'
2025-05-30 04:39:58,587 - ERROR - Timeout acquiring lock for 'radiating'
2025-05-30 04:40:03,727 - ERROR - Timeout acquiring lock for 'nasal congestion'
2025-05-30 04:40:08,730 - ERROR - Timeout acquiring lock for 'bilateral'
2025-05-30 04:40:13,980 - ERROR - Timeout acquiring lock for 'sinus pain'
2025-05-30 04:40:18,982 - ERROR - Timeout acquiring lock for 'no cough'
2025-05-30 04:40:23,985 - ERROR - Timeout acquiring lock for 'chest pain'
2025-05-30 04:40:28,985 - ERROR - Timeout acquiring lock for 'neurological'
2025-05-30 04:40:33,986 - ERROR - Timeout acquiring lock for 'low-grade'
2025-05-30 04:40:38,987 - ERROR - Timeout acquiring lock for 'palpitations'
2025-05-30 04:40:43,988 - ERROR - Timeout acquiring lock for 'purulent'
2025-05-30 04:40:48,988 - ERROR - Timeout acquiring lock for 'shortness of breath'
2025-05-30 04:40:53,989 - ERROR - Timeout acquiring lock for 'mild headache'
2025-05-30 04:43:30,720 - WARNING - Diagnosis relevance weights for facial pain|nasal congestion|sinusitis|sinus pain|purulent nasal discharge do not sum to 1.0: 0
2025-05-30 04:43:30,720 - WARNING - Diagnosis relevance weights for cough do not sum to 1.0: 0
2025-05-30 04:43:30,720 - WARNING - Diagnosis relevance weights for headache|photophobia do not sum to 1.0: 0
2025-05-30 04:43:30,720 - WARNING - Diagnosis relevance weights for chest pain|shortness of breath|chest tightness do not sum to 1.0: 0
2025-05-30 04:43:30,721 - WARNING - Diagnosis relevance weights for epigastric pain|nausea do not sum to 1.0: 0
2025-05-30 04:43:30,721 - WARNING - Diagnosis relevance weights for knee pain|swelling do not sum to 1.0: 0
2025-05-30 04:43:30,721 - WARNING - Diagnosis relevance weights for back pain|lower back pain|backache do not sum to 1.0: 0
2025-05-30 04:43:30,721 - WARNING - Diagnosis relevance weights for fever|chills do not sum to 1.0: 0
2025-05-30 04:43:30,721 - WARNING - Diagnosis relevance weights for fatigue|obesity do not sum to 1.0: 0
2025-05-30 04:43:30,722 - WARNING - Diagnosis angina relevance weights do not sum to 1.0: 0.8
2025-05-30 04:43:30,767 - ERROR - Invalid JSON in /home/mathu/projects/hospital/departments/nlp/knowledge_base/medical_terms.json: Expecting value: line 7 column 12 (char 143). Using default data.
2025-05-30 04:43:31,099 - ERROR - Failed to create MongoDB indexes: An existing index has the same name as the requested index. When index names are not specified, they are auto generated and can cause conflicts. Please refer to our documentation. Requested index: { v: 2, unique: true, key: { term: 1 }, name: "term_1" }, existing index: { v: 2, key: { term: 1 }, name: "term_1" }, full error: {'ok': 0.0, 'errmsg': 'An existing index has the same name as the requested index. When index names are not specified, they are auto generated and can cause conflicts. Please refer to our documentation. Requested index: { v: 2, unique: true, key: { term: 1 }, name: "term_1" }, existing index: { v: 2, key: { term: 1 }, name: "term_1" }', 'code': 86, 'codeName': 'IndexKeySpecsConflict'}
2025-05-30 04:43:31,140 - ERROR - Failed to create MongoDB indexes: An existing index has the same name as the requested index. When index names are not specified, they are auto generated and can cause conflicts. Please refer to our documentation. Requested index: { v: 2, unique: true, key: { term: 1 }, name: "term_1" }, existing index: { v: 2, key: { term: 1 }, name: "term_1" }, full error: {'ok': 0.0, 'errmsg': 'An existing index has the same name as the requested index. When index names are not specified, they are auto generated and can cause conflicts. Please refer to our documentation. Requested index: { v: 2, unique: true, key: { term: 1 }, name: "term_1" }, existing index: { v: 2, key: { term: 1 }, name: "term_1" }', 'code': 86, 'codeName': 'IndexKeySpecsConflict'}
2025-05-30 04:43:31,915 - WARNING - Failed to load CUI cache: Ran out of input
2025-05-30 04:43:33,252 - ERROR - Attempt 1/3 failed for term 'patient reports': syntax error in tsquery: "patient reports:*"

2025-05-30 04:43:33,253 - ERROR - Attempt 2/3 failed for term 'patient reports': current transaction is aborted, commands ignored until end of transaction block

2025-05-30 04:43:33,254 - ERROR - Attempt 3/3 failed for term 'patient reports': current transaction is aborted, commands ignored until end of transaction block

2025-05-30 04:43:33,255 - ERROR - Max retries reached for term 'patient reports'
2025-05-30 04:43:34,112 - ERROR - Attempt 1/3 failed for term 'mild headache': syntax error in tsquery: "mild headache:*"

2025-05-30 04:43:34,113 - ERROR - Attempt 2/3 failed for term 'mild headache': current transaction is aborted, commands ignored until end of transaction block

2025-05-30 04:43:34,113 - ERROR - Attempt 3/3 failed for term 'mild headache': current transaction is aborted, commands ignored until end of transaction block

2025-05-30 04:43:34,114 - ERROR - Max retries reached for term 'mild headache'
2025-05-30 04:43:34,115 - ERROR - Attempt 1/3 failed for term 'sinus pain': syntax error in tsquery: "sinus pain:*"

2025-05-30 04:43:34,116 - ERROR - Attempt 2/3 failed for term 'sinus pain': current transaction is aborted, commands ignored until end of transaction block

2025-05-30 04:43:34,117 - ERROR - Attempt 3/3 failed for term 'sinus pain': current transaction is aborted, commands ignored until end of transaction block

2025-05-30 04:43:34,118 - ERROR - Max retries reached for term 'sinus pain'
2025-05-30 04:44:58,365 - ERROR - Failed to initialize NLP pipeline: [E893] Could not find function 'replace_tokenizer' in function registry 'callbacks'. If you're using a custom function, make sure the code is available. If the function is provided by a third-party package, e.g. spacy-transformers, make sure the package is installed in your environment.

Available names: spacy.copy_from_base_model.v1, spacy.models_and_pipes_with_nvtx_range.v1, spacy.models_with_nvtx_range.v1
2025-05-30 04:44:59,066 - WARNING - Using fallback spacy pipeline without parser, ner, or linker
2025-05-30 04:46:32,436 - ERROR - Failed to initialize NLP pipeline: [E893] Could not find function 'replace_tokenizer' in function registry 'callbacks'. If you're using a custom function, make sure the code is available. If the function is provided by a third-party package, e.g. spacy-transformers, make sure the package is installed in your environment.

Available names: spacy.copy_from_base_model.v1, spacy.models_and_pipes_with_nvtx_range.v1, spacy.models_with_nvtx_range.v1
2025-05-30 04:46:33,335 - WARNING - Using fallback spacy pipeline without parser, ner, or linker
2025-05-30 04:46:33,335 - ERROR - Failed to add symptom rules: "[E001] No component 'medspacy_target_matcher' found in pipeline. Available names: ['sentencizer', 'tok2vec', 'tagger', 'attribute_ruler', 'lemmatizer', 'parser', 'ner']"
2025-05-30 04:46:33,404 - WARNING - No category mapping found for 'mood changes ophthalmologic no vision changes primary assessment symptoms consistent acute bacterial sinusitis likely secondary to recent viral upper respiratory infection differential includes viral sinusitis'. Defaulting to 'general'.
2025-05-30 04:46:33,412 - WARNING - No category mapping found for 'acute abnormalities in pulmonary musculoskeletal gi gu hematologic dermatologic psychiatric'. Defaulting to 'general'.
2025-05-30 04:46:33,418 - ERROR - Error extracting features for note ID 1: 'KnowledgeBaseUpdater' object has no attribute 'is_new_symptom'
2025-05-30 04:46:33,454 - ERROR - Failed to create MongoDB indexes: An existing index has the same name as the requested index. When index names are not specified, they are auto generated and can cause conflicts. Please refer to our documentation. Requested index: { v: 2, unique: true, key: { term: 1 }, name: "term_1" }, existing index: { v: 2, key: { term: 1 }, name: "term_1" }, full error: {'ok': 0.0, 'errmsg': 'An existing index has the same name as the requested index. When index names are not specified, they are auto generated and can cause conflicts. Please refer to our documentation. Requested index: { v: 2, unique: true, key: { term: 1 }, name: "term_1" }, existing index: { v: 2, key: { term: 1 }, name: "term_1" }', 'code': 86, 'codeName': 'IndexKeySpecsConflict'}
2025-05-30 04:46:33,501 - ERROR - Failed to create MongoDB indexes: An existing index has the same name as the requested index. When index names are not specified, they are auto generated and can cause conflicts. Please refer to our documentation. Requested index: { v: 2, unique: true, key: { term: 1 }, name: "term_1" }, existing index: { v: 2, key: { term: 1 }, name: "term_1" }, full error: {'ok': 0.0, 'errmsg': 'An existing index has the same name as the requested index. When index names are not specified, they are auto generated and can cause conflicts. Please refer to our documentation. Requested index: { v: 2, unique: true, key: { term: 1 }, name: "term_1" }, existing index: { v: 2, key: { term: 1 }, name: "term_1" }', 'code': 86, 'codeName': 'IndexKeySpecsConflict'}
2025-05-30 04:48:06,266 - ERROR - Failed to initialize NLP pipeline: [E893] Could not find function 'replace_tokenizer' in function registry 'callbacks'. If you're using a custom function, make sure the code is available. If the function is provided by a third-party package, e.g. spacy-transformers, make sure the package is installed in your environment.

Available names: spacy.copy_from_base_model.v1, spacy.models_and_pipes_with_nvtx_range.v1, spacy.models_with_nvtx_range.v1
2025-05-30 04:48:07,169 - WARNING - Using fallback spacy pipeline without parser, ner, or linker
2025-05-30 04:49:39,933 - ERROR - Failed to initialize NLP pipeline: [E893] Could not find function 'replace_tokenizer' in function registry 'callbacks'. If you're using a custom function, make sure the code is available. If the function is provided by a third-party package, e.g. spacy-transformers, make sure the package is installed in your environment.

Available names: spacy.copy_from_base_model.v1, spacy.models_and_pipes_with_nvtx_range.v1, spacy.models_with_nvtx_range.v1
2025-05-30 04:49:40,828 - WARNING - Using fallback spacy pipeline without parser, ner, or linker
2025-05-30 04:49:40,829 - ERROR - Failed to add symptom rules: "[E001] No component 'medspacy_target_matcher' found in pipeline. Available names: ['sentencizer', 'tok2vec', 'tagger', 'attribute_ruler', 'lemmatizer', 'parser', 'ner']"
2025-05-30 04:49:40,893 - WARNING - No category mapping found for 'mood changes ophthalmologic no vision changes primary assessment symptoms consistent acute bacterial sinusitis likely secondary to recent viral upper respiratory infection differential includes viral sinusitis'. Defaulting to 'general'.
2025-05-30 04:49:40,899 - WARNING - No category mapping found for 'acute abnormalities in pulmonary musculoskeletal gi gu hematologic dermatologic psychiatric'. Defaulting to 'general'.
2025-05-30 04:49:40,907 - WARNING - Missing symptoms: ['patient presents with facial pain, nasal congestion, and fever for 10 days. reports purulent nasal discharge.']. Initiating knowledge base update.
2025-05-30 04:49:40,907 - ERROR - Error extracting features for note ID 1: 'KnowledgeBaseUpdater' object has no attribute 'is_new_symptom'
2025-05-30 04:49:40,952 - ERROR - Failed to create MongoDB indexes: An existing index has the same name as the requested index. When index names are not specified, they are auto generated and can cause conflicts. Please refer to our documentation. Requested index: { v: 2, unique: true, key: { term: 1 }, name: "term_1" }, existing index: { v: 2, key: { term: 1 }, name: "term_1" }, full error: {'ok': 0.0, 'errmsg': 'An existing index has the same name as the requested index. When index names are not specified, they are auto generated and can cause conflicts. Please refer to our documentation. Requested index: { v: 2, unique: true, key: { term: 1 }, name: "term_1" }, existing index: { v: 2, key: { term: 1 }, name: "term_1" }', 'code': 86, 'codeName': 'IndexKeySpecsConflict'}
2025-05-30 04:49:41,001 - ERROR - Failed to create MongoDB indexes: An existing index has the same name as the requested index. When index names are not specified, they are auto generated and can cause conflicts. Please refer to our documentation. Requested index: { v: 2, unique: true, key: { term: 1 }, name: "term_1" }, existing index: { v: 2, key: { term: 1 }, name: "term_1" }, full error: {'ok': 0.0, 'errmsg': 'An existing index has the same name as the requested index. When index names are not specified, they are auto generated and can cause conflicts. Please refer to our documentation. Requested index: { v: 2, unique: true, key: { term: 1 }, name: "term_1" }, existing index: { v: 2, key: { term: 1 }, name: "term_1" }', 'code': 86, 'codeName': 'IndexKeySpecsConflict'}
2025-05-30 04:51:10,154 - ERROR - Failed to initialize NLP pipeline: [E893] Could not find function 'replace_tokenizer' in function registry 'callbacks'. If you're using a custom function, make sure the code is available. If the function is provided by a third-party package, e.g. spacy-transformers, make sure the package is installed in your environment.

Available names: spacy.copy_from_base_model.v1, spacy.models_and_pipes_with_nvtx_range.v1, spacy.models_with_nvtx_range.v1
2025-05-30 04:51:11,075 - WARNING - Using fallback spacy pipeline without parser, ner, or linker
2025-05-30 04:52:38,057 - ERROR - Failed to initialize NLP pipeline: [E893] Could not find function 'replace_tokenizer' in function registry 'callbacks'. If you're using a custom function, make sure the code is available. If the function is provided by a third-party package, e.g. spacy-transformers, make sure the package is installed in your environment.

Available names: spacy.copy_from_base_model.v1, spacy.models_and_pipes_with_nvtx_range.v1, spacy.models_with_nvtx_range.v1
2025-05-30 04:52:38,951 - WARNING - Using fallback spacy pipeline without parser, ner, or linker
2025-05-30 04:52:38,951 - ERROR - Failed to add symptom rules: "[E001] No component 'medspacy_target_matcher' found in pipeline. Available names: ['sentencizer', 'tok2vec', 'tagger', 'attribute_ruler', 'lemmatizer', 'parser', 'ner']"
2025-05-30 04:52:38,969 - ERROR - Failed to create MongoDB indexes: An existing index has the same name as the requested index. When index names are not specified, they are auto generated and can cause conflicts. Please refer to our documentation. Requested index: { v: 2, unique: true, key: { term: 1 }, name: "term_1" }, existing index: { v: 2, key: { term: 1 }, name: "term_1" }, full error: {'ok': 0.0, 'errmsg': 'An existing index has the same name as the requested index. When index names are not specified, they are auto generated and can cause conflicts. Please refer to our documentation. Requested index: { v: 2, unique: true, key: { term: 1 }, name: "term_1" }, existing index: { v: 2, key: { term: 1 }, name: "term_1" }', 'code': 86, 'codeName': 'IndexKeySpecsConflict'}
2025-05-30 04:54:11,724 - ERROR - Failed to initialize NLP pipeline: [E893] Could not find function 'replace_tokenizer' in function registry 'callbacks'. If you're using a custom function, make sure the code is available. If the function is provided by a third-party package, e.g. spacy-transformers, make sure the package is installed in your environment.

Available names: spacy.copy_from_base_model.v1, spacy.models_and_pipes_with_nvtx_range.v1, spacy.models_with_nvtx_range.v1
2025-05-30 04:54:12,636 - WARNING - Using fallback spacy pipeline without parser, ner, or linker
2025-05-30 04:54:12,681 - WARNING - No category mapping found for 'mood changes ophthalmologic no vision changes primary assessment symptoms consistent acute bacterial sinusitis likely secondary to recent viral upper respiratory infection differential includes viral sinusitis'. Defaulting to 'general'.
2025-05-30 04:54:12,690 - WARNING - No category mapping found for 'acute abnormalities in pulmonary musculoskeletal gi gu hematologic dermatologic psychiatric'. Defaulting to 'general'.
2025-05-30 04:54:12,751 - WARNING - No category mapping found for 'mood changes ophthalmologic no vision changes primary assessment symptoms consistent acute bacterial sinusitis likely secondary to recent viral upper respiratory infection differential includes viral sinusitis'. Defaulting to 'general'.
2025-05-30 04:54:12,759 - WARNING - No category mapping found for 'acute abnormalities in pulmonary musculoskeletal gi gu hematologic dermatologic psychiatric'. Defaulting to 'general'.
2025-05-30 04:54:12,766 - ERROR - Error extracting features for note ID 1: 'KnowledgeBaseUpdater' object has no attribute 'is_new_symptom'
2025-05-30 04:54:12,766 - WARNING - Empty text for embedding, skipping embedding-based scoring
2025-05-30 04:54:12,769 - ERROR - Error generating differentials: string indices must be integers, not 'str'
2025-05-30 04:54:12,810 - ERROR - Error extracting features for note ID 2: 'KnowledgeBaseUpdater' object has no attribute 'is_new_symptom'
2025-05-30 04:54:12,853 - ERROR - Failed to create MongoDB indexes: An existing index has the same name as the requested index. When index names are not specified, they are auto generated and can cause conflicts. Please refer to our documentation. Requested index: { v: 2, unique: true, key: { term: 1 }, name: "term_1" }, existing index: { v: 2, key: { term: 1 }, name: "term_1" }, full error: {'ok': 0.0, 'errmsg': 'An existing index has the same name as the requested index. When index names are not specified, they are auto generated and can cause conflicts. Please refer to our documentation. Requested index: { v: 2, unique: true, key: { term: 1 }, name: "term_1" }, existing index: { v: 2, key: { term: 1 }, name: "term_1" }', 'code': 86, 'codeName': 'IndexKeySpecsConflict'}
2025-05-30 04:54:12,891 - ERROR - Failed to create MongoDB indexes: An existing index has the same name as the requested index. When index names are not specified, they are auto generated and can cause conflicts. Please refer to our documentation. Requested index: { v: 2, unique: true, key: { term: 1 }, name: "term_1" }, existing index: { v: 2, key: { term: 1 }, name: "term_1" }, full error: {'ok': 0.0, 'errmsg': 'An existing index has the same name as the requested index. When index names are not specified, they are auto generated and can cause conflicts. Please refer to our documentation. Requested index: { v: 2, unique: true, key: { term: 1 }, name: "term_1" }, existing index: { v: 2, key: { term: 1 }, name: "term_1" }', 'code': 86, 'codeName': 'IndexKeySpecsConflict'}
2025-05-30 04:55:42,772 - ERROR - Failed to initialize NLP pipeline: [E893] Could not find function 'replace_tokenizer' in function registry 'callbacks'. If you're using a custom function, make sure the code is available. If the function is provided by a third-party package, e.g. spacy-transformers, make sure the package is installed in your environment.

Available names: spacy.copy_from_base_model.v1, spacy.models_and_pipes_with_nvtx_range.v1, spacy.models_with_nvtx_range.v1
2025-05-30 04:55:43,473 - WARNING - Using fallback spacy pipeline without parser, ner, or linker
2025-05-30 04:57:12,636 - ERROR - Failed to initialize NLP pipeline: [E893] Could not find function 'replace_tokenizer' in function registry 'callbacks'. If you're using a custom function, make sure the code is available. If the function is provided by a third-party package, e.g. spacy-transformers, make sure the package is installed in your environment.

Available names: spacy.copy_from_base_model.v1, spacy.models_and_pipes_with_nvtx_range.v1, spacy.models_with_nvtx_range.v1
2025-05-30 04:57:13,534 - WARNING - Using fallback spacy pipeline without parser, ner, or linker
2025-05-30 04:57:13,535 - ERROR - Failed to add symptom rules: "[E001] No component 'medspacy_target_matcher' found in pipeline. Available names: ['sentencizer', 'tok2vec', 'tagger', 'attribute_ruler', 'lemmatizer', 'parser', 'ner']"
2025-05-30 04:57:13,556 - ERROR - Error extracting features for note ID 2: 'KnowledgeBaseUpdater' object has no attribute 'is_new_symptom'
2025-05-30 04:57:13,592 - ERROR - Failed to create MongoDB indexes: An existing index has the same name as the requested index. When index names are not specified, they are auto generated and can cause conflicts. Please refer to our documentation. Requested index: { v: 2, unique: true, key: { term: 1 }, name: "term_1" }, existing index: { v: 2, key: { term: 1 }, name: "term_1" }, full error: {'ok': 0.0, 'errmsg': 'An existing index has the same name as the requested index. When index names are not specified, they are auto generated and can cause conflicts. Please refer to our documentation. Requested index: { v: 2, unique: true, key: { term: 1 }, name: "term_1" }, existing index: { v: 2, key: { term: 1 }, name: "term_1" }', 'code': 86, 'codeName': 'IndexKeySpecsConflict'}
2025-05-30 04:57:13,625 - ERROR - Failed to create MongoDB indexes: An existing index has the same name as the requested index. When index names are not specified, they are auto generated and can cause conflicts. Please refer to our documentation. Requested index: { v: 2, unique: true, key: { term: 1 }, name: "term_1" }, existing index: { v: 2, key: { term: 1 }, name: "term_1" }, full error: {'ok': 0.0, 'errmsg': 'An existing index has the same name as the requested index. When index names are not specified, they are auto generated and can cause conflicts. Please refer to our documentation. Requested index: { v: 2, unique: true, key: { term: 1 }, name: "term_1" }, existing index: { v: 2, key: { term: 1 }, name: "term_1" }', 'code': 86, 'codeName': 'IndexKeySpecsConflict'}
2025-05-30 04:58:46,073 - ERROR - Failed to initialize NLP pipeline: [E893] Could not find function 'replace_tokenizer' in function registry 'callbacks'. If you're using a custom function, make sure the code is available. If the function is provided by a third-party package, e.g. spacy-transformers, make sure the package is installed in your environment.

Available names: spacy.copy_from_base_model.v1, spacy.models_and_pipes_with_nvtx_range.v1, spacy.models_with_nvtx_range.v1
2025-05-30 04:58:46,964 - WARNING - Using fallback spacy pipeline without parser, ner, or linker
2025-05-30 05:00:16,368 - ERROR - Failed to initialize NLP pipeline: [E893] Could not find function 'replace_tokenizer' in function registry 'callbacks'. If you're using a custom function, make sure the code is available. If the function is provided by a third-party package, e.g. spacy-transformers, make sure the package is installed in your environment.

Available names: spacy.copy_from_base_model.v1, spacy.models_and_pipes_with_nvtx_range.v1, spacy.models_with_nvtx_range.v1
2025-05-30 05:00:17,085 - WARNING - Using fallback spacy pipeline without parser, ner, or linker
2025-05-30 05:00:17,086 - ERROR - Failed to add symptom rules: "[E001] No component 'medspacy_target_matcher' found in pipeline. Available names: ['sentencizer', 'tok2vec', 'tagger', 'attribute_ruler', 'lemmatizer', 'parser', 'ner']"
2025-05-30 05:00:17,103 - ERROR - Failed to create MongoDB indexes: An existing index has the same name as the requested index. When index names are not specified, they are auto generated and can cause conflicts. Please refer to our documentation. Requested index: { v: 2, unique: true, key: { term: 1 }, name: "term_1" }, existing index: { v: 2, key: { term: 1 }, name: "term_1" }, full error: {'ok': 0.0, 'errmsg': 'An existing index has the same name as the requested index. When index names are not specified, they are auto generated and can cause conflicts. Please refer to our documentation. Requested index: { v: 2, unique: true, key: { term: 1 }, name: "term_1" }, existing index: { v: 2, key: { term: 1 }, name: "term_1" }', 'code': 86, 'codeName': 'IndexKeySpecsConflict'}
2025-05-30 05:01:46,957 - ERROR - Failed to initialize NLP pipeline: [E893] Could not find function 'replace_tokenizer' in function registry 'callbacks'. If you're using a custom function, make sure the code is available. If the function is provided by a third-party package, e.g. spacy-transformers, make sure the package is installed in your environment.

Available names: spacy.copy_from_base_model.v1, spacy.models_and_pipes_with_nvtx_range.v1, spacy.models_with_nvtx_range.v1
2025-05-30 05:01:47,643 - WARNING - Using fallback spacy pipeline without parser, ner, or linker
2025-05-30 05:01:47,681 - ERROR - Error extracting features for note ID 2: 'KnowledgeBaseUpdater' object has no attribute 'is_new_symptom'
2025-05-30 05:01:47,681 - WARNING - Empty text for embedding, skipping embedding-based scoring
2025-05-30 05:01:47,682 - ERROR - Error generating differentials: string indices must be integers, not 'str'
2025-05-30 05:01:47,719 - ERROR - Error extracting features for note ID 3: 'KnowledgeBaseUpdater' object has no attribute 'is_new_symptom'
2025-05-30 05:01:47,760 - ERROR - Failed to create MongoDB indexes: An existing index has the same name as the requested index. When index names are not specified, they are auto generated and can cause conflicts. Please refer to our documentation. Requested index: { v: 2, unique: true, key: { term: 1 }, name: "term_1" }, existing index: { v: 2, key: { term: 1 }, name: "term_1" }, full error: {'ok': 0.0, 'errmsg': 'An existing index has the same name as the requested index. When index names are not specified, they are auto generated and can cause conflicts. Please refer to our documentation. Requested index: { v: 2, unique: true, key: { term: 1 }, name: "term_1" }, existing index: { v: 2, key: { term: 1 }, name: "term_1" }', 'code': 86, 'codeName': 'IndexKeySpecsConflict'}
2025-05-30 05:01:47,794 - ERROR - Failed to create MongoDB indexes: An existing index has the same name as the requested index. When index names are not specified, they are auto generated and can cause conflicts. Please refer to our documentation. Requested index: { v: 2, unique: true, key: { term: 1 }, name: "term_1" }, existing index: { v: 2, key: { term: 1 }, name: "term_1" }, full error: {'ok': 0.0, 'errmsg': 'An existing index has the same name as the requested index. When index names are not specified, they are auto generated and can cause conflicts. Please refer to our documentation. Requested index: { v: 2, unique: true, key: { term: 1 }, name: "term_1" }, existing index: { v: 2, key: { term: 1 }, name: "term_1" }', 'code': 86, 'codeName': 'IndexKeySpecsConflict'}
2025-05-30 05:03:18,049 - ERROR - Failed to initialize NLP pipeline: [E893] Could not find function 'replace_tokenizer' in function registry 'callbacks'. If you're using a custom function, make sure the code is available. If the function is provided by a third-party package, e.g. spacy-transformers, make sure the package is installed in your environment.

Available names: spacy.copy_from_base_model.v1, spacy.models_and_pipes_with_nvtx_range.v1, spacy.models_with_nvtx_range.v1
2025-05-30 05:03:18,960 - WARNING - Using fallback spacy pipeline without parser, ner, or linker
2025-05-30 05:04:48,357 - ERROR - Failed to initialize NLP pipeline: [E893] Could not find function 'replace_tokenizer' in function registry 'callbacks'. If you're using a custom function, make sure the code is available. If the function is provided by a third-party package, e.g. spacy-transformers, make sure the package is installed in your environment.

Available names: spacy.copy_from_base_model.v1, spacy.models_and_pipes_with_nvtx_range.v1, spacy.models_with_nvtx_range.v1
2025-05-30 05:04:49,251 - WARNING - Using fallback spacy pipeline without parser, ner, or linker
2025-05-30 05:04:49,251 - ERROR - Failed to add symptom rules: "[E001] No component 'medspacy_target_matcher' found in pipeline. Available names: ['sentencizer', 'tok2vec', 'tagger', 'attribute_ruler', 'lemmatizer', 'parser', 'ner']"
2025-05-30 05:04:49,276 - ERROR - Error extracting features for note ID 3: 'KnowledgeBaseUpdater' object has no attribute 'is_new_symptom'
2025-05-30 05:04:49,307 - ERROR - Failed to create MongoDB indexes: An existing index has the same name as the requested index. When index names are not specified, they are auto generated and can cause conflicts. Please refer to our documentation. Requested index: { v: 2, unique: true, key: { term: 1 }, name: "term_1" }, existing index: { v: 2, key: { term: 1 }, name: "term_1" }, full error: {'ok': 0.0, 'errmsg': 'An existing index has the same name as the requested index. When index names are not specified, they are auto generated and can cause conflicts. Please refer to our documentation. Requested index: { v: 2, unique: true, key: { term: 1 }, name: "term_1" }, existing index: { v: 2, key: { term: 1 }, name: "term_1" }', 'code': 86, 'codeName': 'IndexKeySpecsConflict'}
2025-05-30 05:04:49,336 - ERROR - Failed to create MongoDB indexes: An existing index has the same name as the requested index. When index names are not specified, they are auto generated and can cause conflicts. Please refer to our documentation. Requested index: { v: 2, unique: true, key: { term: 1 }, name: "term_1" }, existing index: { v: 2, key: { term: 1 }, name: "term_1" }, full error: {'ok': 0.0, 'errmsg': 'An existing index has the same name as the requested index. When index names are not specified, they are auto generated and can cause conflicts. Please refer to our documentation. Requested index: { v: 2, unique: true, key: { term: 1 }, name: "term_1" }, existing index: { v: 2, key: { term: 1 }, name: "term_1" }', 'code': 86, 'codeName': 'IndexKeySpecsConflict'}
2025-05-30 05:06:20,196 - ERROR - Failed to initialize NLP pipeline: [E893] Could not find function 'replace_tokenizer' in function registry 'callbacks'. If you're using a custom function, make sure the code is available. If the function is provided by a third-party package, e.g. spacy-transformers, make sure the package is installed in your environment.

Available names: spacy.copy_from_base_model.v1, spacy.models_and_pipes_with_nvtx_range.v1, spacy.models_with_nvtx_range.v1
2025-05-30 05:06:21,134 - WARNING - Using fallback spacy pipeline without parser, ner, or linker
2025-05-30 05:07:55,771 - ERROR - Failed to initialize NLP pipeline: [E893] Could not find function 'replace_tokenizer' in function registry 'callbacks'. If you're using a custom function, make sure the code is available. If the function is provided by a third-party package, e.g. spacy-transformers, make sure the package is installed in your environment.

Available names: spacy.copy_from_base_model.v1, spacy.models_and_pipes_with_nvtx_range.v1, spacy.models_with_nvtx_range.v1
2025-05-30 05:07:56,491 - WARNING - Using fallback spacy pipeline without parser, ner, or linker
2025-05-30 05:07:56,491 - ERROR - Failed to add symptom rules: "[E001] No component 'medspacy_target_matcher' found in pipeline. Available names: ['sentencizer', 'tok2vec', 'tagger', 'attribute_ruler', 'lemmatizer', 'parser', 'ner']"
2025-05-30 05:07:56,507 - ERROR - Failed to create MongoDB indexes: An existing index has the same name as the requested index. When index names are not specified, they are auto generated and can cause conflicts. Please refer to our documentation. Requested index: { v: 2, unique: true, key: { term: 1 }, name: "term_1" }, existing index: { v: 2, key: { term: 1 }, name: "term_1" }, full error: {'ok': 0.0, 'errmsg': 'An existing index has the same name as the requested index. When index names are not specified, they are auto generated and can cause conflicts. Please refer to our documentation. Requested index: { v: 2, unique: true, key: { term: 1 }, name: "term_1" }, existing index: { v: 2, key: { term: 1 }, name: "term_1" }', 'code': 86, 'codeName': 'IndexKeySpecsConflict'}
2025-05-30 05:09:29,827 - ERROR - Failed to initialize NLP pipeline: [E893] Could not find function 'replace_tokenizer' in function registry 'callbacks'. If you're using a custom function, make sure the code is available. If the function is provided by a third-party package, e.g. spacy-transformers, make sure the package is installed in your environment.

Available names: spacy.copy_from_base_model.v1, spacy.models_and_pipes_with_nvtx_range.v1, spacy.models_with_nvtx_range.v1
2025-05-30 05:09:30,725 - WARNING - Using fallback spacy pipeline without parser, ner, or linker
2025-05-30 05:09:30,770 - ERROR - Error extracting features for note ID 3: 'KnowledgeBaseUpdater' object has no attribute 'is_new_symptom'
2025-05-30 05:09:30,770 - WARNING - Empty text for embedding, skipping embedding-based scoring
2025-05-30 05:09:30,773 - ERROR - Error generating differentials: string indices must be integers, not 'str'
2025-05-30 09:04:47,981 - WARNING - Diagnosis relevance weights for facial pain|nasal congestion|sinusitis|sinus pain|purulent nasal discharge do not sum to 1.0: 0
2025-05-30 09:04:47,981 - WARNING - Diagnosis relevance weights for cough do not sum to 1.0: 0
2025-05-30 09:04:47,981 - WARNING - Diagnosis relevance weights for headache|photophobia do not sum to 1.0: 0
2025-05-30 09:04:47,982 - WARNING - Diagnosis relevance weights for chest pain|shortness of breath|chest tightness do not sum to 1.0: 0
2025-05-30 09:04:47,982 - WARNING - Diagnosis relevance weights for epigastric pain|nausea do not sum to 1.0: 0
2025-05-30 09:04:47,982 - WARNING - Diagnosis relevance weights for knee pain|swelling do not sum to 1.0: 0
2025-05-30 09:04:47,983 - WARNING - Diagnosis relevance weights for back pain|lower back pain|backache do not sum to 1.0: 0
2025-05-30 09:04:47,983 - WARNING - Diagnosis relevance weights for fever|chills do not sum to 1.0: 0
2025-05-30 09:04:47,983 - WARNING - Diagnosis relevance weights for fatigue|obesity do not sum to 1.0: 0
2025-05-30 09:04:47,983 - WARNING - Diagnosis angina relevance weights do not sum to 1.0: 0.8
2025-05-30 09:04:48,047 - ERROR - Invalid JSON in /home/mathu/projects/hospital/departments/nlp/knowledge_base/medical_terms.json: Expecting value: line 7 column 12 (char 143). Using default data.
2025-05-30 09:07:10,384 - WARNING - Diagnosis relevance weights for facial pain|nasal congestion|sinusitis|sinus pain|purulent nasal discharge do not sum to 1.0: 0
2025-05-30 09:07:10,385 - WARNING - Diagnosis relevance weights for cough do not sum to 1.0: 0
2025-05-30 09:07:10,385 - WARNING - Diagnosis relevance weights for headache|photophobia do not sum to 1.0: 0
2025-05-30 09:07:10,386 - WARNING - Diagnosis relevance weights for chest pain|shortness of breath|chest tightness do not sum to 1.0: 0
2025-05-30 09:07:10,386 - WARNING - Diagnosis relevance weights for epigastric pain|nausea do not sum to 1.0: 0
2025-05-30 09:07:10,387 - WARNING - Diagnosis relevance weights for knee pain|swelling do not sum to 1.0: 0
2025-05-30 09:07:10,387 - WARNING - Diagnosis relevance weights for back pain|lower back pain|backache do not sum to 1.0: 0
2025-05-30 09:07:10,388 - WARNING - Diagnosis relevance weights for fever|chills do not sum to 1.0: 0
2025-05-30 09:07:10,388 - WARNING - Diagnosis relevance weights for fatigue|obesity do not sum to 1.0: 0
2025-05-30 09:07:10,389 - WARNING - Diagnosis angina relevance weights do not sum to 1.0: 0.8
2025-05-30 09:07:10,474 - ERROR - Invalid JSON in /home/mathu/projects/hospital/departments/nlp/knowledge_base/medical_terms.json: Expecting value: line 7 column 12 (char 143). Using default data.
2025-05-30 09:12:51,439 - WARNING - Diagnosis relevance weights for facial pain|nasal congestion|sinusitis|sinus pain|purulent nasal discharge do not sum to 1.0: 0
2025-05-30 09:12:51,440 - WARNING - Diagnosis relevance weights for cough do not sum to 1.0: 0
2025-05-30 09:12:51,440 - WARNING - Diagnosis relevance weights for headache|photophobia do not sum to 1.0: 0
2025-05-30 09:12:51,440 - WARNING - Diagnosis relevance weights for chest pain|shortness of breath|chest tightness do not sum to 1.0: 0
2025-05-30 09:12:51,440 - WARNING - Diagnosis relevance weights for epigastric pain|nausea do not sum to 1.0: 0
2025-05-30 09:12:51,440 - WARNING - Diagnosis relevance weights for knee pain|swelling do not sum to 1.0: 0
2025-05-30 09:12:51,441 - WARNING - Diagnosis relevance weights for back pain|lower back pain|backache do not sum to 1.0: 0
2025-05-30 09:12:51,441 - WARNING - Diagnosis relevance weights for fever|chills do not sum to 1.0: 0
2025-05-30 09:12:51,441 - WARNING - Diagnosis relevance weights for fatigue|obesity do not sum to 1.0: 0
2025-05-30 09:12:51,441 - WARNING - Diagnosis angina relevance weights do not sum to 1.0: 0.8
2025-05-30 09:12:51,488 - ERROR - Invalid JSON in /home/mathu/projects/hospital/departments/nlp/knowledge_base/medical_terms.json: Expecting value: line 7 column 12 (char 143). Using default data.
2025-05-30 09:18:48,658 - WARNING - Diagnosis relevance weights for facial pain|nasal congestion|sinusitis|sinus pain|purulent nasal discharge do not sum to 1.0: 0
2025-05-30 09:18:48,658 - WARNING - Diagnosis relevance weights for cough do not sum to 1.0: 0
2025-05-30 09:18:48,658 - WARNING - Diagnosis relevance weights for headache|photophobia do not sum to 1.0: 0
2025-05-30 09:18:48,659 - WARNING - Diagnosis relevance weights for chest pain|shortness of breath|chest tightness do not sum to 1.0: 0
2025-05-30 09:18:48,659 - WARNING - Diagnosis relevance weights for epigastric pain|nausea do not sum to 1.0: 0
2025-05-30 09:18:48,659 - WARNING - Diagnosis relevance weights for knee pain|swelling do not sum to 1.0: 0
2025-05-30 09:18:48,659 - WARNING - Diagnosis relevance weights for back pain|lower back pain|backache do not sum to 1.0: 0
2025-05-30 09:18:48,659 - WARNING - Diagnosis relevance weights for fever|chills do not sum to 1.0: 0
2025-05-30 09:18:48,660 - WARNING - Diagnosis relevance weights for fatigue|obesity do not sum to 1.0: 0
2025-05-30 09:18:48,660 - WARNING - Diagnosis angina relevance weights do not sum to 1.0: 0.8
2025-05-30 09:18:48,698 - ERROR - Invalid JSON in /home/mathu/projects/hospital/departments/nlp/knowledge_base/medical_terms.json: Expecting value: line 7 column 12 (char 143). Using default data.
2025-05-30 09:24:16,104 - WARNING - Diagnosis relevance weights for facial pain|nasal congestion|sinusitis|sinus pain|purulent nasal discharge do not sum to 1.0: 0
2025-05-30 09:24:16,105 - WARNING - Diagnosis relevance weights for cough do not sum to 1.0: 0
2025-05-30 09:24:16,105 - WARNING - Diagnosis relevance weights for headache|photophobia do not sum to 1.0: 0
2025-05-30 09:24:16,105 - WARNING - Diagnosis relevance weights for chest pain|shortness of breath|chest tightness do not sum to 1.0: 0
2025-05-30 09:24:16,106 - WARNING - Diagnosis relevance weights for epigastric pain|nausea do not sum to 1.0: 0
2025-05-30 09:24:16,106 - WARNING - Diagnosis relevance weights for knee pain|swelling do not sum to 1.0: 0
2025-05-30 09:24:16,106 - WARNING - Diagnosis relevance weights for back pain|lower back pain|backache do not sum to 1.0: 0
2025-05-30 09:24:16,106 - WARNING - Diagnosis relevance weights for fever|chills do not sum to 1.0: 0
2025-05-30 09:24:16,107 - WARNING - Diagnosis relevance weights for fatigue|obesity do not sum to 1.0: 0
2025-05-30 09:24:16,107 - WARNING - Diagnosis angina relevance weights do not sum to 1.0: 0.8
2025-05-30 09:24:16,147 - ERROR - Invalid JSON in /home/mathu/projects/hospital/departments/nlp/knowledge_base/medical_terms.json: Expecting value: line 7 column 12 (char 143). Using default data.
2025-05-30 09:27:54,080 - WARNING - Diagnosis relevance weights for facial pain|nasal congestion|sinusitis|sinus pain|purulent nasal discharge do not sum to 1.0: 0
2025-05-30 09:27:54,080 - WARNING - Diagnosis relevance weights for cough do not sum to 1.0: 0
2025-05-30 09:27:54,081 - WARNING - Diagnosis relevance weights for headache|photophobia do not sum to 1.0: 0
2025-05-30 09:27:54,081 - WARNING - Diagnosis relevance weights for chest pain|shortness of breath|chest tightness do not sum to 1.0: 0
2025-05-30 09:27:54,081 - WARNING - Diagnosis relevance weights for epigastric pain|nausea do not sum to 1.0: 0
2025-05-30 09:27:54,081 - WARNING - Diagnosis relevance weights for knee pain|swelling do not sum to 1.0: 0
2025-05-30 09:27:54,082 - WARNING - Diagnosis relevance weights for back pain|lower back pain|backache do not sum to 1.0: 0
2025-05-30 09:27:54,082 - WARNING - Diagnosis relevance weights for fever|chills do not sum to 1.0: 0
2025-05-30 09:27:54,082 - WARNING - Diagnosis relevance weights for fatigue|obesity do not sum to 1.0: 0
2025-05-30 09:27:54,082 - WARNING - Diagnosis angina relevance weights do not sum to 1.0: 0.8
2025-05-30 09:27:54,131 - ERROR - Invalid JSON in /home/mathu/projects/hospital/departments/nlp/knowledge_base/medical_terms.json: Expecting value: line 7 column 12 (char 143). Using default data.
2025-05-30 09:28:02,233 - ERROR - Failed to create MongoDB indexes: An existing index has the same name as the requested index. When index names are not specified, they are auto generated and can cause conflicts. Please refer to our documentation. Requested index: { v: 2, unique: true, key: { term: 1 }, name: "term_1" }, existing index: { v: 2, key: { term: 1 }, name: "term_1" }, full error: {'ok': 0.0, 'errmsg': 'An existing index has the same name as the requested index. When index names are not specified, they are auto generated and can cause conflicts. Please refer to our documentation. Requested index: { v: 2, unique: true, key: { term: 1 }, name: "term_1" }, existing index: { v: 2, key: { term: 1 }, name: "term_1" }', 'code': 86, 'codeName': 'IndexKeySpecsConflict'}
2025-05-30 09:28:02,287 - ERROR - Failed to create MongoDB indexes: An existing index has the same name as the requested index. When index names are not specified, they are auto generated and can cause conflicts. Please refer to our documentation. Requested index: { v: 2, unique: true, key: { term: 1 }, name: "term_1" }, existing index: { v: 2, key: { term: 1 }, name: "term_1" }, full error: {'ok': 0.0, 'errmsg': 'An existing index has the same name as the requested index. When index names are not specified, they are auto generated and can cause conflicts. Please refer to our documentation. Requested index: { v: 2, unique: true, key: { term: 1 }, name: "term_1" }, existing index: { v: 2, key: { term: 1 }, name: "term_1" }', 'code': 86, 'codeName': 'IndexKeySpecsConflict'}
2025-05-30 09:29:28,941 - ERROR - Failed to initialize NLP pipeline: [E893] Could not find function 'replace_tokenizer' in function registry 'callbacks'. If you're using a custom function, make sure the code is available. If the function is provided by a third-party package, e.g. spacy-transformers, make sure the package is installed in your environment.

Available names: spacy.copy_from_base_model.v1, spacy.models_and_pipes_with_nvtx_range.v1, spacy.models_with_nvtx_range.v1
2025-05-30 09:29:29,630 - WARNING - Using fallback spacy pipeline without parser, ner, or linker
2025-05-30 09:31:01,053 - ERROR - Failed to initialize NLP pipeline: [E893] Could not find function 'replace_tokenizer' in function registry 'callbacks'. If you're using a custom function, make sure the code is available. If the function is provided by a third-party package, e.g. spacy-transformers, make sure the package is installed in your environment.

Available names: spacy.copy_from_base_model.v1, spacy.models_and_pipes_with_nvtx_range.v1, spacy.models_with_nvtx_range.v1
2025-05-30 09:31:01,946 - WARNING - Using fallback spacy pipeline without parser, ner, or linker
2025-05-30 09:31:01,947 - ERROR - Failed to add symptom rules: "[E001] No component 'medspacy_target_matcher' found in pipeline. Available names: ['sentencizer', 'tok2vec', 'tagger', 'attribute_ruler', 'lemmatizer', 'parser', 'ner']"
2025-05-30 09:31:02,022 - WARNING - No category mapping found for 'mood changes ophthalmologic no vision changes primary assessment symptoms consistent acute bacterial sinusitis likely secondary to recent viral upper respiratory infection differential includes viral sinusitis'. Defaulting to 'general'.
2025-05-30 09:31:02,028 - WARNING - No category mapping found for 'acute abnormalities in pulmonary musculoskeletal gi gu hematologic dermatologic psychiatric'. Defaulting to 'general'.
2025-05-30 09:31:02,034 - ERROR - Error extracting features for note ID 1: 'KnowledgeBaseUpdater' object has no attribute 'is_new_symptom'
2025-05-30 09:31:02,070 - ERROR - Failed to create MongoDB indexes: An existing index has the same name as the requested index. When index names are not specified, they are auto generated and can cause conflicts. Please refer to our documentation. Requested index: { v: 2, unique: true, key: { term: 1 }, name: "term_1" }, existing index: { v: 2, key: { term: 1 }, name: "term_1" }, full error: {'ok': 0.0, 'errmsg': 'An existing index has the same name as the requested index. When index names are not specified, they are auto generated and can cause conflicts. Please refer to our documentation. Requested index: { v: 2, unique: true, key: { term: 1 }, name: "term_1" }, existing index: { v: 2, key: { term: 1 }, name: "term_1" }', 'code': 86, 'codeName': 'IndexKeySpecsConflict'}
2025-05-30 09:31:02,118 - ERROR - Failed to create MongoDB indexes: An existing index has the same name as the requested index. When index names are not specified, they are auto generated and can cause conflicts. Please refer to our documentation. Requested index: { v: 2, unique: true, key: { term: 1 }, name: "term_1" }, existing index: { v: 2, key: { term: 1 }, name: "term_1" }, full error: {'ok': 0.0, 'errmsg': 'An existing index has the same name as the requested index. When index names are not specified, they are auto generated and can cause conflicts. Please refer to our documentation. Requested index: { v: 2, unique: true, key: { term: 1 }, name: "term_1" }, existing index: { v: 2, key: { term: 1 }, name: "term_1" }', 'code': 86, 'codeName': 'IndexKeySpecsConflict'}
2025-05-30 09:32:35,078 - ERROR - Failed to initialize NLP pipeline: [E893] Could not find function 'replace_tokenizer' in function registry 'callbacks'. If you're using a custom function, make sure the code is available. If the function is provided by a third-party package, e.g. spacy-transformers, make sure the package is installed in your environment.

Available names: spacy.copy_from_base_model.v1, spacy.models_and_pipes_with_nvtx_range.v1, spacy.models_with_nvtx_range.v1
2025-05-30 09:32:35,995 - WARNING - Using fallback spacy pipeline without parser, ner, or linker
2025-05-30 09:34:07,586 - ERROR - Failed to initialize NLP pipeline: [E893] Could not find function 'replace_tokenizer' in function registry 'callbacks'. If you're using a custom function, make sure the code is available. If the function is provided by a third-party package, e.g. spacy-transformers, make sure the package is installed in your environment.

Available names: spacy.copy_from_base_model.v1, spacy.models_and_pipes_with_nvtx_range.v1, spacy.models_with_nvtx_range.v1
2025-05-30 09:34:08,274 - WARNING - Using fallback spacy pipeline without parser, ner, or linker
2025-05-30 09:34:08,274 - ERROR - Failed to add symptom rules: "[E001] No component 'medspacy_target_matcher' found in pipeline. Available names: ['sentencizer', 'tok2vec', 'tagger', 'attribute_ruler', 'lemmatizer', 'parser', 'ner']"
2025-05-30 09:34:08,342 - WARNING - No category mapping found for 'mood changes ophthalmologic no vision changes primary assessment symptoms consistent acute bacterial sinusitis likely secondary to recent viral upper respiratory infection differential includes viral sinusitis'. Defaulting to 'general'.
2025-05-30 09:34:08,350 - WARNING - No category mapping found for 'acute abnormalities in pulmonary musculoskeletal gi gu hematologic dermatologic psychiatric'. Defaulting to 'general'.
2025-05-30 09:34:08,359 - WARNING - Missing symptoms: ['patient presents with facial pain, nasal congestion, and fever for 10 days. reports purulent nasal discharge.']. Initiating knowledge base update.
2025-05-30 09:34:08,360 - ERROR - Error extracting features for note ID 1: 'KnowledgeBaseUpdater' object has no attribute 'is_new_symptom'
2025-05-30 09:34:08,403 - ERROR - Failed to create MongoDB indexes: An existing index has the same name as the requested index. When index names are not specified, they are auto generated and can cause conflicts. Please refer to our documentation. Requested index: { v: 2, unique: true, key: { term: 1 }, name: "term_1" }, existing index: { v: 2, key: { term: 1 }, name: "term_1" }, full error: {'ok': 0.0, 'errmsg': 'An existing index has the same name as the requested index. When index names are not specified, they are auto generated and can cause conflicts. Please refer to our documentation. Requested index: { v: 2, unique: true, key: { term: 1 }, name: "term_1" }, existing index: { v: 2, key: { term: 1 }, name: "term_1" }', 'code': 86, 'codeName': 'IndexKeySpecsConflict'}
2025-05-30 09:34:08,444 - ERROR - Failed to create MongoDB indexes: An existing index has the same name as the requested index. When index names are not specified, they are auto generated and can cause conflicts. Please refer to our documentation. Requested index: { v: 2, unique: true, key: { term: 1 }, name: "term_1" }, existing index: { v: 2, key: { term: 1 }, name: "term_1" }, full error: {'ok': 0.0, 'errmsg': 'An existing index has the same name as the requested index. When index names are not specified, they are auto generated and can cause conflicts. Please refer to our documentation. Requested index: { v: 2, unique: true, key: { term: 1 }, name: "term_1" }, existing index: { v: 2, key: { term: 1 }, name: "term_1" }', 'code': 86, 'codeName': 'IndexKeySpecsConflict'}
2025-05-30 09:35:42,783 - ERROR - Failed to initialize NLP pipeline: [E893] Could not find function 'replace_tokenizer' in function registry 'callbacks'. If you're using a custom function, make sure the code is available. If the function is provided by a third-party package, e.g. spacy-transformers, make sure the package is installed in your environment.

Available names: spacy.copy_from_base_model.v1, spacy.models_and_pipes_with_nvtx_range.v1, spacy.models_with_nvtx_range.v1
2025-05-30 09:35:43,711 - WARNING - Using fallback spacy pipeline without parser, ner, or linker
2025-05-30 09:37:14,624 - ERROR - Failed to initialize NLP pipeline: [E893] Could not find function 'replace_tokenizer' in function registry 'callbacks'. If you're using a custom function, make sure the code is available. If the function is provided by a third-party package, e.g. spacy-transformers, make sure the package is installed in your environment.

Available names: spacy.copy_from_base_model.v1, spacy.models_and_pipes_with_nvtx_range.v1, spacy.models_with_nvtx_range.v1
2025-05-30 09:37:15,504 - WARNING - Using fallback spacy pipeline without parser, ner, or linker
2025-05-30 09:37:15,505 - ERROR - Failed to add symptom rules: "[E001] No component 'medspacy_target_matcher' found in pipeline. Available names: ['sentencizer', 'tok2vec', 'tagger', 'attribute_ruler', 'lemmatizer', 'parser', 'ner']"
2025-05-30 09:37:15,520 - ERROR - Failed to create MongoDB indexes: An existing index has the same name as the requested index. When index names are not specified, they are auto generated and can cause conflicts. Please refer to our documentation. Requested index: { v: 2, unique: true, key: { term: 1 }, name: "term_1" }, existing index: { v: 2, key: { term: 1 }, name: "term_1" }, full error: {'ok': 0.0, 'errmsg': 'An existing index has the same name as the requested index. When index names are not specified, they are auto generated and can cause conflicts. Please refer to our documentation. Requested index: { v: 2, unique: true, key: { term: 1 }, name: "term_1" }, existing index: { v: 2, key: { term: 1 }, name: "term_1" }', 'code': 86, 'codeName': 'IndexKeySpecsConflict'}
2025-05-30 09:38:48,414 - ERROR - Failed to initialize NLP pipeline: [E893] Could not find function 'replace_tokenizer' in function registry 'callbacks'. If you're using a custom function, make sure the code is available. If the function is provided by a third-party package, e.g. spacy-transformers, make sure the package is installed in your environment.

Available names: spacy.copy_from_base_model.v1, spacy.models_and_pipes_with_nvtx_range.v1, spacy.models_with_nvtx_range.v1
2025-05-30 09:38:49,102 - WARNING - Using fallback spacy pipeline without parser, ner, or linker
2025-05-30 09:38:49,150 - WARNING - No category mapping found for 'mood changes ophthalmologic no vision changes primary assessment symptoms consistent acute bacterial sinusitis likely secondary to recent viral upper respiratory infection differential includes viral sinusitis'. Defaulting to 'general'.
2025-05-30 09:38:49,159 - WARNING - No category mapping found for 'acute abnormalities in pulmonary musculoskeletal gi gu hematologic dermatologic psychiatric'. Defaulting to 'general'.
2025-05-30 09:38:49,238 - WARNING - No category mapping found for 'mood changes ophthalmologic no vision changes primary assessment symptoms consistent acute bacterial sinusitis likely secondary to recent viral upper respiratory infection differential includes viral sinusitis'. Defaulting to 'general'.
2025-05-30 09:38:49,245 - WARNING - No category mapping found for 'acute abnormalities in pulmonary musculoskeletal gi gu hematologic dermatologic psychiatric'. Defaulting to 'general'.
2025-05-30 09:38:49,253 - ERROR - Error extracting features for note ID 1: 'KnowledgeBaseUpdater' object has no attribute 'is_new_symptom'
2025-05-30 09:38:49,254 - WARNING - Empty text for embedding, skipping embedding-based scoring
2025-05-30 09:38:49,258 - ERROR - Error generating differentials: string indices must be integers, not 'str'
2025-05-30 09:38:49,313 - ERROR - Error extracting features for note ID 2: 'KnowledgeBaseUpdater' object has no attribute 'is_new_symptom'
2025-05-30 09:38:49,348 - ERROR - Failed to create MongoDB indexes: An existing index has the same name as the requested index. When index names are not specified, they are auto generated and can cause conflicts. Please refer to our documentation. Requested index: { v: 2, unique: true, key: { term: 1 }, name: "term_1" }, existing index: { v: 2, key: { term: 1 }, name: "term_1" }, full error: {'ok': 0.0, 'errmsg': 'An existing index has the same name as the requested index. When index names are not specified, they are auto generated and can cause conflicts. Please refer to our documentation. Requested index: { v: 2, unique: true, key: { term: 1 }, name: "term_1" }, existing index: { v: 2, key: { term: 1 }, name: "term_1" }', 'code': 86, 'codeName': 'IndexKeySpecsConflict'}
2025-05-30 09:38:49,384 - ERROR - Failed to create MongoDB indexes: An existing index has the same name as the requested index. When index names are not specified, they are auto generated and can cause conflicts. Please refer to our documentation. Requested index: { v: 2, unique: true, key: { term: 1 }, name: "term_1" }, existing index: { v: 2, key: { term: 1 }, name: "term_1" }, full error: {'ok': 0.0, 'errmsg': 'An existing index has the same name as the requested index. When index names are not specified, they are auto generated and can cause conflicts. Please refer to our documentation. Requested index: { v: 2, unique: true, key: { term: 1 }, name: "term_1" }, existing index: { v: 2, key: { term: 1 }, name: "term_1" }', 'code': 86, 'codeName': 'IndexKeySpecsConflict'}
2025-05-30 09:40:16,574 - ERROR - Failed to initialize NLP pipeline: [E893] Could not find function 'replace_tokenizer' in function registry 'callbacks'. If you're using a custom function, make sure the code is available. If the function is provided by a third-party package, e.g. spacy-transformers, make sure the package is installed in your environment.

Available names: spacy.copy_from_base_model.v1, spacy.models_and_pipes_with_nvtx_range.v1, spacy.models_with_nvtx_range.v1
2025-05-30 09:40:17,469 - WARNING - Using fallback spacy pipeline without parser, ner, or linker
2025-05-30 09:41:50,783 - ERROR - Failed to initialize NLP pipeline: [E893] Could not find function 'replace_tokenizer' in function registry 'callbacks'. If you're using a custom function, make sure the code is available. If the function is provided by a third-party package, e.g. spacy-transformers, make sure the package is installed in your environment.

Available names: spacy.copy_from_base_model.v1, spacy.models_and_pipes_with_nvtx_range.v1, spacy.models_with_nvtx_range.v1
2025-05-30 09:41:51,676 - WARNING - Using fallback spacy pipeline without parser, ner, or linker
2025-05-30 09:41:51,676 - ERROR - Failed to add symptom rules: "[E001] No component 'medspacy_target_matcher' found in pipeline. Available names: ['sentencizer', 'tok2vec', 'tagger', 'attribute_ruler', 'lemmatizer', 'parser', 'ner']"
2025-05-30 09:41:51,697 - ERROR - Error extracting features for note ID 2: 'KnowledgeBaseUpdater' object has no attribute 'is_new_symptom'
2025-05-30 09:41:51,728 - ERROR - Failed to create MongoDB indexes: An existing index has the same name as the requested index. When index names are not specified, they are auto generated and can cause conflicts. Please refer to our documentation. Requested index: { v: 2, unique: true, key: { term: 1 }, name: "term_1" }, existing index: { v: 2, key: { term: 1 }, name: "term_1" }, full error: {'ok': 0.0, 'errmsg': 'An existing index has the same name as the requested index. When index names are not specified, they are auto generated and can cause conflicts. Please refer to our documentation. Requested index: { v: 2, unique: true, key: { term: 1 }, name: "term_1" }, existing index: { v: 2, key: { term: 1 }, name: "term_1" }', 'code': 86, 'codeName': 'IndexKeySpecsConflict'}
2025-05-30 09:41:51,761 - ERROR - Failed to create MongoDB indexes: An existing index has the same name as the requested index. When index names are not specified, they are auto generated and can cause conflicts. Please refer to our documentation. Requested index: { v: 2, unique: true, key: { term: 1 }, name: "term_1" }, existing index: { v: 2, key: { term: 1 }, name: "term_1" }, full error: {'ok': 0.0, 'errmsg': 'An existing index has the same name as the requested index. When index names are not specified, they are auto generated and can cause conflicts. Please refer to our documentation. Requested index: { v: 2, unique: true, key: { term: 1 }, name: "term_1" }, existing index: { v: 2, key: { term: 1 }, name: "term_1" }', 'code': 86, 'codeName': 'IndexKeySpecsConflict'}
2025-05-30 09:43:27,349 - ERROR - Failed to initialize NLP pipeline: [E893] Could not find function 'replace_tokenizer' in function registry 'callbacks'. If you're using a custom function, make sure the code is available. If the function is provided by a third-party package, e.g. spacy-transformers, make sure the package is installed in your environment.

Available names: spacy.copy_from_base_model.v1, spacy.models_and_pipes_with_nvtx_range.v1, spacy.models_with_nvtx_range.v1
2025-05-30 09:43:28,045 - WARNING - Using fallback spacy pipeline without parser, ner, or linker
2025-05-30 09:44:58,616 - ERROR - Failed to initialize NLP pipeline: [E893] Could not find function 'replace_tokenizer' in function registry 'callbacks'. If you're using a custom function, make sure the code is available. If the function is provided by a third-party package, e.g. spacy-transformers, make sure the package is installed in your environment.

Available names: spacy.copy_from_base_model.v1, spacy.models_and_pipes_with_nvtx_range.v1, spacy.models_with_nvtx_range.v1
2025-05-30 09:44:59,518 - WARNING - Using fallback spacy pipeline without parser, ner, or linker
2025-05-30 09:44:59,518 - ERROR - Failed to add symptom rules: "[E001] No component 'medspacy_target_matcher' found in pipeline. Available names: ['sentencizer', 'tok2vec', 'tagger', 'attribute_ruler', 'lemmatizer', 'parser', 'ner']"
2025-05-30 09:44:59,535 - ERROR - Failed to create MongoDB indexes: An existing index has the same name as the requested index. When index names are not specified, they are auto generated and can cause conflicts. Please refer to our documentation. Requested index: { v: 2, unique: true, key: { term: 1 }, name: "term_1" }, existing index: { v: 2, key: { term: 1 }, name: "term_1" }, full error: {'ok': 0.0, 'errmsg': 'An existing index has the same name as the requested index. When index names are not specified, they are auto generated and can cause conflicts. Please refer to our documentation. Requested index: { v: 2, unique: true, key: { term: 1 }, name: "term_1" }, existing index: { v: 2, key: { term: 1 }, name: "term_1" }', 'code': 86, 'codeName': 'IndexKeySpecsConflict'}
2025-05-30 09:46:32,926 - ERROR - Failed to initialize NLP pipeline: [E893] Could not find function 'replace_tokenizer' in function registry 'callbacks'. If you're using a custom function, make sure the code is available. If the function is provided by a third-party package, e.g. spacy-transformers, make sure the package is installed in your environment.

Available names: spacy.copy_from_base_model.v1, spacy.models_and_pipes_with_nvtx_range.v1, spacy.models_with_nvtx_range.v1
2025-05-30 09:46:33,849 - WARNING - Using fallback spacy pipeline without parser, ner, or linker
2025-05-30 09:46:33,892 - ERROR - Error extracting features for note ID 2: 'KnowledgeBaseUpdater' object has no attribute 'is_new_symptom'
2025-05-30 09:46:33,893 - WARNING - Empty text for embedding, skipping embedding-based scoring
2025-05-30 09:46:33,895 - ERROR - Error generating differentials: string indices must be integers, not 'str'
2025-05-30 09:46:33,936 - ERROR - Error extracting features for note ID 3: 'KnowledgeBaseUpdater' object has no attribute 'is_new_symptom'
2025-05-30 09:46:33,971 - ERROR - Failed to create MongoDB indexes: An existing index has the same name as the requested index. When index names are not specified, they are auto generated and can cause conflicts. Please refer to our documentation. Requested index: { v: 2, unique: true, key: { term: 1 }, name: "term_1" }, existing index: { v: 2, key: { term: 1 }, name: "term_1" }, full error: {'ok': 0.0, 'errmsg': 'An existing index has the same name as the requested index. When index names are not specified, they are auto generated and can cause conflicts. Please refer to our documentation. Requested index: { v: 2, unique: true, key: { term: 1 }, name: "term_1" }, existing index: { v: 2, key: { term: 1 }, name: "term_1" }', 'code': 86, 'codeName': 'IndexKeySpecsConflict'}
2025-05-30 09:46:34,007 - ERROR - Failed to create MongoDB indexes: An existing index has the same name as the requested index. When index names are not specified, they are auto generated and can cause conflicts. Please refer to our documentation. Requested index: { v: 2, unique: true, key: { term: 1 }, name: "term_1" }, existing index: { v: 2, key: { term: 1 }, name: "term_1" }, full error: {'ok': 0.0, 'errmsg': 'An existing index has the same name as the requested index. When index names are not specified, they are auto generated and can cause conflicts. Please refer to our documentation. Requested index: { v: 2, unique: true, key: { term: 1 }, name: "term_1" }, existing index: { v: 2, key: { term: 1 }, name: "term_1" }', 'code': 86, 'codeName': 'IndexKeySpecsConflict'}
2025-05-30 09:48:10,934 - ERROR - Failed to initialize NLP pipeline: [E893] Could not find function 'replace_tokenizer' in function registry 'callbacks'. If you're using a custom function, make sure the code is available. If the function is provided by a third-party package, e.g. spacy-transformers, make sure the package is installed in your environment.

Available names: spacy.copy_from_base_model.v1, spacy.models_and_pipes_with_nvtx_range.v1, spacy.models_with_nvtx_range.v1
2025-05-30 09:48:11,628 - WARNING - Using fallback spacy pipeline without parser, ner, or linker
2025-05-30 09:49:43,291 - ERROR - Failed to initialize NLP pipeline: [E893] Could not find function 'replace_tokenizer' in function registry 'callbacks'. If you're using a custom function, make sure the code is available. If the function is provided by a third-party package, e.g. spacy-transformers, make sure the package is installed in your environment.

Available names: spacy.copy_from_base_model.v1, spacy.models_and_pipes_with_nvtx_range.v1, spacy.models_with_nvtx_range.v1
2025-05-30 09:49:44,201 - WARNING - Using fallback spacy pipeline without parser, ner, or linker
2025-05-30 09:49:44,201 - ERROR - Failed to add symptom rules: "[E001] No component 'medspacy_target_matcher' found in pipeline. Available names: ['sentencizer', 'tok2vec', 'tagger', 'attribute_ruler', 'lemmatizer', 'parser', 'ner']"
2025-05-30 09:49:44,226 - ERROR - Error extracting features for note ID 3: 'KnowledgeBaseUpdater' object has no attribute 'is_new_symptom'
2025-05-30 09:49:44,252 - ERROR - Failed to create MongoDB indexes: An existing index has the same name as the requested index. When index names are not specified, they are auto generated and can cause conflicts. Please refer to our documentation. Requested index: { v: 2, unique: true, key: { term: 1 }, name: "term_1" }, existing index: { v: 2, key: { term: 1 }, name: "term_1" }, full error: {'ok': 0.0, 'errmsg': 'An existing index has the same name as the requested index. When index names are not specified, they are auto generated and can cause conflicts. Please refer to our documentation. Requested index: { v: 2, unique: true, key: { term: 1 }, name: "term_1" }, existing index: { v: 2, key: { term: 1 }, name: "term_1" }', 'code': 86, 'codeName': 'IndexKeySpecsConflict'}
2025-05-30 09:49:44,280 - ERROR - Failed to create MongoDB indexes: An existing index has the same name as the requested index. When index names are not specified, they are auto generated and can cause conflicts. Please refer to our documentation. Requested index: { v: 2, unique: true, key: { term: 1 }, name: "term_1" }, existing index: { v: 2, key: { term: 1 }, name: "term_1" }, full error: {'ok': 0.0, 'errmsg': 'An existing index has the same name as the requested index. When index names are not specified, they are auto generated and can cause conflicts. Please refer to our documentation. Requested index: { v: 2, unique: true, key: { term: 1 }, name: "term_1" }, existing index: { v: 2, key: { term: 1 }, name: "term_1" }', 'code': 86, 'codeName': 'IndexKeySpecsConflict'}
2025-05-30 09:51:24,557 - ERROR - Failed to initialize NLP pipeline: [E893] Could not find function 'replace_tokenizer' in function registry 'callbacks'. If you're using a custom function, make sure the code is available. If the function is provided by a third-party package, e.g. spacy-transformers, make sure the package is installed in your environment.

Available names: spacy.copy_from_base_model.v1, spacy.models_and_pipes_with_nvtx_range.v1, spacy.models_with_nvtx_range.v1
2025-05-30 09:51:26,006 - WARNING - Using fallback spacy pipeline without parser, ner, or linker
2025-05-30 09:53:01,289 - ERROR - Failed to initialize NLP pipeline: [E893] Could not find function 'replace_tokenizer' in function registry 'callbacks'. If you're using a custom function, make sure the code is available. If the function is provided by a third-party package, e.g. spacy-transformers, make sure the package is installed in your environment.

Available names: spacy.copy_from_base_model.v1, spacy.models_and_pipes_with_nvtx_range.v1, spacy.models_with_nvtx_range.v1
2025-05-30 09:53:02,262 - WARNING - Using fallback spacy pipeline without parser, ner, or linker
2025-05-30 09:53:02,262 - ERROR - Failed to add symptom rules: "[E001] No component 'medspacy_target_matcher' found in pipeline. Available names: ['sentencizer', 'tok2vec', 'tagger', 'attribute_ruler', 'lemmatizer', 'parser', 'ner']"
2025-05-30 09:53:02,277 - ERROR - Failed to create MongoDB indexes: An existing index has the same name as the requested index. When index names are not specified, they are auto generated and can cause conflicts. Please refer to our documentation. Requested index: { v: 2, unique: true, key: { term: 1 }, name: "term_1" }, existing index: { v: 2, key: { term: 1 }, name: "term_1" }, full error: {'ok': 0.0, 'errmsg': 'An existing index has the same name as the requested index. When index names are not specified, they are auto generated and can cause conflicts. Please refer to our documentation. Requested index: { v: 2, unique: true, key: { term: 1 }, name: "term_1" }, existing index: { v: 2, key: { term: 1 }, name: "term_1" }', 'code': 86, 'codeName': 'IndexKeySpecsConflict'}
2025-05-30 09:54:37,720 - ERROR - Failed to initialize NLP pipeline: [E893] Could not find function 'replace_tokenizer' in function registry 'callbacks'. If you're using a custom function, make sure the code is available. If the function is provided by a third-party package, e.g. spacy-transformers, make sure the package is installed in your environment.

Available names: spacy.copy_from_base_model.v1, spacy.models_and_pipes_with_nvtx_range.v1, spacy.models_with_nvtx_range.v1
2025-05-30 09:54:38,593 - WARNING - Using fallback spacy pipeline without parser, ner, or linker
2025-05-30 09:54:38,634 - ERROR - Error extracting features for note ID 3: 'KnowledgeBaseUpdater' object has no attribute 'is_new_symptom'
2025-05-30 09:54:38,634 - WARNING - Empty text for embedding, skipping embedding-based scoring
2025-05-30 09:54:38,637 - ERROR - Error generating differentials: string indices must be integers, not 'str'
2025-05-30 09:54:48,976 - WARNING - Diagnosis relevance weights for facial pain|nasal congestion|sinusitis|sinus pain|purulent nasal discharge do not sum to 1.0: 0
2025-05-30 09:54:48,977 - WARNING - Diagnosis relevance weights for cough do not sum to 1.0: 0
2025-05-30 09:54:48,977 - WARNING - Diagnosis relevance weights for headache|photophobia do not sum to 1.0: 0
2025-05-30 09:54:48,977 - WARNING - Diagnosis relevance weights for chest pain|shortness of breath|chest tightness do not sum to 1.0: 0
2025-05-30 09:54:48,977 - WARNING - Diagnosis relevance weights for epigastric pain|nausea do not sum to 1.0: 0
2025-05-30 09:54:48,978 - WARNING - Diagnosis relevance weights for knee pain|swelling do not sum to 1.0: 0
2025-05-30 09:54:48,978 - WARNING - Diagnosis relevance weights for back pain|lower back pain|backache do not sum to 1.0: 0
2025-05-30 09:54:48,978 - WARNING - Diagnosis relevance weights for fever|chills do not sum to 1.0: 0
2025-05-30 09:54:48,978 - WARNING - Diagnosis relevance weights for fatigue|obesity do not sum to 1.0: 0
2025-05-30 09:54:48,978 - WARNING - Diagnosis angina relevance weights do not sum to 1.0: 0.8
2025-05-30 09:54:49,020 - ERROR - Invalid JSON in /home/mathu/projects/hospital/departments/nlp/knowledge_base/medical_terms.json: Expecting value: line 7 column 12 (char 143). Using default data.
2025-05-30 13:01:04,317 - WARNING - Diagnosis relevance weights for facial pain|nasal congestion|sinusitis|sinus pain|purulent nasal discharge do not sum to 1.0: 0
2025-05-30 13:01:04,317 - WARNING - Diagnosis relevance weights for cough do not sum to 1.0: 0
2025-05-30 13:01:04,317 - WARNING - Diagnosis relevance weights for headache|photophobia do not sum to 1.0: 0
2025-05-30 13:01:04,318 - WARNING - Diagnosis relevance weights for chest pain|shortness of breath|chest tightness do not sum to 1.0: 0
2025-05-30 13:01:04,318 - WARNING - Diagnosis relevance weights for epigastric pain|nausea do not sum to 1.0: 0
2025-05-30 13:01:04,318 - WARNING - Diagnosis relevance weights for knee pain|swelling do not sum to 1.0: 0
2025-05-30 13:01:04,318 - WARNING - Diagnosis relevance weights for back pain|lower back pain|backache do not sum to 1.0: 0
2025-05-30 13:01:04,318 - WARNING - Diagnosis relevance weights for fever|chills do not sum to 1.0: 0
2025-05-30 13:01:04,319 - WARNING - Diagnosis relevance weights for fatigue|obesity do not sum to 1.0: 0
2025-05-30 13:01:04,319 - WARNING - Diagnosis angina relevance weights do not sum to 1.0: 0.8
2025-05-30 13:01:04,358 - ERROR - Invalid JSON in /home/mathu/projects/hospital/departments/nlp/knowledge_base/medical_terms.json: Expecting value: line 7 column 12 (char 143). Using default data.
2025-05-30 13:01:10,784 - ERROR - Failed to create MongoDB indexes: An existing index has the same name as the requested index. When index names are not specified, they are auto generated and can cause conflicts. Please refer to our documentation. Requested index: { v: 2, unique: true, key: { term: 1 }, name: "term_1" }, existing index: { v: 2, key: { term: 1 }, name: "term_1" }, full error: {'ok': 0.0, 'errmsg': 'An existing index has the same name as the requested index. When index names are not specified, they are auto generated and can cause conflicts. Please refer to our documentation. Requested index: { v: 2, unique: true, key: { term: 1 }, name: "term_1" }, existing index: { v: 2, key: { term: 1 }, name: "term_1" }', 'code': 86, 'codeName': 'IndexKeySpecsConflict'}
2025-05-30 13:01:10,821 - ERROR - Failed to create MongoDB indexes: An existing index has the same name as the requested index. When index names are not specified, they are auto generated and can cause conflicts. Please refer to our documentation. Requested index: { v: 2, unique: true, key: { term: 1 }, name: "term_1" }, existing index: { v: 2, key: { term: 1 }, name: "term_1" }, full error: {'ok': 0.0, 'errmsg': 'An existing index has the same name as the requested index. When index names are not specified, they are auto generated and can cause conflicts. Please refer to our documentation. Requested index: { v: 2, unique: true, key: { term: 1 }, name: "term_1" }, existing index: { v: 2, key: { term: 1 }, name: "term_1" }', 'code': 86, 'codeName': 'IndexKeySpecsConflict'}
2025-05-30 13:02:37,158 - ERROR - Failed to initialize NLP pipeline: Can't read file: project_data/vocab_sm.jsonl
2025-05-30 13:02:38,229 - WARNING - Using fallback spacy pipeline without parser, ner, or linker
2025-05-30 13:04:09,780 - ERROR - Failed to initialize NLP pipeline: Can't read file: project_data/vocab_sm.jsonl
2025-05-30 13:04:10,838 - WARNING - Using fallback spacy pipeline without parser, ner, or linker
2025-05-30 13:04:10,839 - ERROR - Failed to add symptom rules: "[E001] No component 'medspacy_target_matcher' found in pipeline. Available names: ['sentencizer', 'tok2vec', 'tagger', 'attribute_ruler', 'lemmatizer', 'parser', 'ner']"
2025-05-30 13:04:10,947 - WARNING - No category mapping found for 'mood changes ophthalmologic no vision changes primary assessment symptoms consistent acute bacterial sinusitis likely secondary to recent viral upper respiratory infection differential includes viral sinusitis'. Defaulting to 'general'.
2025-05-30 13:04:10,957 - WARNING - No category mapping found for 'acute abnormalities in pulmonary musculoskeletal gi gu hematologic dermatologic psychiatric'. Defaulting to 'general'.
2025-05-30 13:04:10,970 - ERROR - Error extracting features for note ID 1: 'KnowledgeBaseUpdater' object has no attribute 'is_new_symptom'
2025-05-30 13:04:11,021 - ERROR - Failed to create MongoDB indexes: An existing index has the same name as the requested index. When index names are not specified, they are auto generated and can cause conflicts. Please refer to our documentation. Requested index: { v: 2, unique: true, key: { term: 1 }, name: "term_1" }, existing index: { v: 2, key: { term: 1 }, name: "term_1" }, full error: {'ok': 0.0, 'errmsg': 'An existing index has the same name as the requested index. When index names are not specified, they are auto generated and can cause conflicts. Please refer to our documentation. Requested index: { v: 2, unique: true, key: { term: 1 }, name: "term_1" }, existing index: { v: 2, key: { term: 1 }, name: "term_1" }', 'code': 86, 'codeName': 'IndexKeySpecsConflict'}
2025-05-30 13:04:11,076 - ERROR - Failed to create MongoDB indexes: An existing index has the same name as the requested index. When index names are not specified, they are auto generated and can cause conflicts. Please refer to our documentation. Requested index: { v: 2, unique: true, key: { term: 1 }, name: "term_1" }, existing index: { v: 2, key: { term: 1 }, name: "term_1" }, full error: {'ok': 0.0, 'errmsg': 'An existing index has the same name as the requested index. When index names are not specified, they are auto generated and can cause conflicts. Please refer to our documentation. Requested index: { v: 2, unique: true, key: { term: 1 }, name: "term_1" }, existing index: { v: 2, key: { term: 1 }, name: "term_1" }', 'code': 86, 'codeName': 'IndexKeySpecsConflict'}
2025-05-30 13:05:43,266 - ERROR - Failed to initialize NLP pipeline: Can't read file: project_data/vocab_sm.jsonl
2025-05-30 13:05:44,299 - WARNING - Using fallback spacy pipeline without parser, ner, or linker
2025-05-30 13:07:14,971 - ERROR - Failed to initialize NLP pipeline: Can't read file: project_data/vocab_sm.jsonl
2025-05-30 13:07:15,727 - WARNING - Using fallback spacy pipeline without parser, ner, or linker
2025-05-30 13:07:15,728 - ERROR - Failed to add symptom rules: "[E001] No component 'medspacy_target_matcher' found in pipeline. Available names: ['sentencizer', 'tok2vec', 'tagger', 'attribute_ruler', 'lemmatizer', 'parser', 'ner']"
2025-05-30 13:07:15,818 - WARNING - No category mapping found for 'mood changes ophthalmologic no vision changes primary assessment symptoms consistent acute bacterial sinusitis likely secondary to recent viral upper respiratory infection differential includes viral sinusitis'. Defaulting to 'general'.
2025-05-30 13:07:15,829 - WARNING - No category mapping found for 'acute abnormalities in pulmonary musculoskeletal gi gu hematologic dermatologic psychiatric'. Defaulting to 'general'.
2025-05-30 13:07:15,838 - WARNING - Missing symptoms: ['patient presents with facial pain, nasal congestion, and fever for 10 days. reports purulent nasal discharge.']. Initiating knowledge base update.
2025-05-30 13:07:15,839 - ERROR - Error extracting features for note ID 1: 'KnowledgeBaseUpdater' object has no attribute 'is_new_symptom'
2025-05-30 13:07:15,885 - ERROR - Failed to create MongoDB indexes: An existing index has the same name as the requested index. When index names are not specified, they are auto generated and can cause conflicts. Please refer to our documentation. Requested index: { v: 2, unique: true, key: { term: 1 }, name: "term_1" }, existing index: { v: 2, key: { term: 1 }, name: "term_1" }, full error: {'ok': 0.0, 'errmsg': 'An existing index has the same name as the requested index. When index names are not specified, they are auto generated and can cause conflicts. Please refer to our documentation. Requested index: { v: 2, unique: true, key: { term: 1 }, name: "term_1" }, existing index: { v: 2, key: { term: 1 }, name: "term_1" }', 'code': 86, 'codeName': 'IndexKeySpecsConflict'}
2025-05-30 13:07:15,948 - ERROR - Failed to create MongoDB indexes: An existing index has the same name as the requested index. When index names are not specified, they are auto generated and can cause conflicts. Please refer to our documentation. Requested index: { v: 2, unique: true, key: { term: 1 }, name: "term_1" }, existing index: { v: 2, key: { term: 1 }, name: "term_1" }, full error: {'ok': 0.0, 'errmsg': 'An existing index has the same name as the requested index. When index names are not specified, they are auto generated and can cause conflicts. Please refer to our documentation. Requested index: { v: 2, unique: true, key: { term: 1 }, name: "term_1" }, existing index: { v: 2, key: { term: 1 }, name: "term_1" }', 'code': 86, 'codeName': 'IndexKeySpecsConflict'}
2025-05-30 13:08:49,357 - ERROR - Failed to initialize NLP pipeline: Can't read file: project_data/vocab_sm.jsonl
2025-05-30 13:08:50,499 - WARNING - Using fallback spacy pipeline without parser, ner, or linker
2025-05-30 13:10:20,208 - ERROR - Failed to initialize NLP pipeline: Can't read file: project_data/vocab_sm.jsonl
2025-05-30 13:10:21,164 - WARNING - Using fallback spacy pipeline without parser, ner, or linker
2025-05-30 13:10:21,165 - ERROR - Failed to add symptom rules: "[E001] No component 'medspacy_target_matcher' found in pipeline. Available names: ['sentencizer', 'tok2vec', 'tagger', 'attribute_ruler', 'lemmatizer', 'parser', 'ner']"
2025-05-30 13:10:21,181 - ERROR - Failed to create MongoDB indexes: An existing index has the same name as the requested index. When index names are not specified, they are auto generated and can cause conflicts. Please refer to our documentation. Requested index: { v: 2, unique: true, key: { term: 1 }, name: "term_1" }, existing index: { v: 2, key: { term: 1 }, name: "term_1" }, full error: {'ok': 0.0, 'errmsg': 'An existing index has the same name as the requested index. When index names are not specified, they are auto generated and can cause conflicts. Please refer to our documentation. Requested index: { v: 2, unique: true, key: { term: 1 }, name: "term_1" }, existing index: { v: 2, key: { term: 1 }, name: "term_1" }', 'code': 86, 'codeName': 'IndexKeySpecsConflict'}
2025-05-30 13:11:52,241 - ERROR - Failed to initialize NLP pipeline: Can't read file: project_data/vocab_sm.jsonl
2025-05-30 13:11:52,943 - WARNING - Using fallback spacy pipeline without parser, ner, or linker
2025-05-30 13:11:52,984 - WARNING - No category mapping found for 'mood changes ophthalmologic no vision changes primary assessment symptoms consistent acute bacterial sinusitis likely secondary to recent viral upper respiratory infection differential includes viral sinusitis'. Defaulting to 'general'.
2025-05-30 13:11:52,991 - WARNING - No category mapping found for 'acute abnormalities in pulmonary musculoskeletal gi gu hematologic dermatologic psychiatric'. Defaulting to 'general'.
2025-05-30 13:11:53,069 - WARNING - No category mapping found for 'mood changes ophthalmologic no vision changes primary assessment symptoms consistent acute bacterial sinusitis likely secondary to recent viral upper respiratory infection differential includes viral sinusitis'. Defaulting to 'general'.
2025-05-30 13:11:53,082 - WARNING - No category mapping found for 'acute abnormalities in pulmonary musculoskeletal gi gu hematologic dermatologic psychiatric'. Defaulting to 'general'.
2025-05-30 13:11:53,089 - ERROR - Error extracting features for note ID 1: 'KnowledgeBaseUpdater' object has no attribute 'is_new_symptom'
2025-05-30 13:11:53,089 - WARNING - Empty text for embedding, skipping embedding-based scoring
2025-05-30 13:11:53,092 - ERROR - Error generating differentials: string indices must be integers, not 'str'
2025-05-30 13:11:53,140 - ERROR - Error extracting features for note ID 2: 'KnowledgeBaseUpdater' object has no attribute 'is_new_symptom'
2025-05-30 13:11:53,171 - ERROR - Failed to create MongoDB indexes: An existing index has the same name as the requested index. When index names are not specified, they are auto generated and can cause conflicts. Please refer to our documentation. Requested index: { v: 2, unique: true, key: { term: 1 }, name: "term_1" }, existing index: { v: 2, key: { term: 1 }, name: "term_1" }, full error: {'ok': 0.0, 'errmsg': 'An existing index has the same name as the requested index. When index names are not specified, they are auto generated and can cause conflicts. Please refer to our documentation. Requested index: { v: 2, unique: true, key: { term: 1 }, name: "term_1" }, existing index: { v: 2, key: { term: 1 }, name: "term_1" }', 'code': 86, 'codeName': 'IndexKeySpecsConflict'}
2025-05-30 13:11:53,207 - ERROR - Failed to create MongoDB indexes: An existing index has the same name as the requested index. When index names are not specified, they are auto generated and can cause conflicts. Please refer to our documentation. Requested index: { v: 2, unique: true, key: { term: 1 }, name: "term_1" }, existing index: { v: 2, key: { term: 1 }, name: "term_1" }, full error: {'ok': 0.0, 'errmsg': 'An existing index has the same name as the requested index. When index names are not specified, they are auto generated and can cause conflicts. Please refer to our documentation. Requested index: { v: 2, unique: true, key: { term: 1 }, name: "term_1" }, existing index: { v: 2, key: { term: 1 }, name: "term_1" }', 'code': 86, 'codeName': 'IndexKeySpecsConflict'}
2025-05-30 13:13:18,882 - ERROR - Failed to initialize NLP pipeline: Can't read file: project_data/vocab_sm.jsonl
2025-05-30 13:13:19,810 - WARNING - Using fallback spacy pipeline without parser, ner, or linker
2025-05-30 13:14:51,529 - ERROR - Failed to initialize NLP pipeline: Can't read file: project_data/vocab_sm.jsonl
2025-05-30 13:14:52,453 - WARNING - Using fallback spacy pipeline without parser, ner, or linker
2025-05-30 13:14:52,453 - ERROR - Failed to add symptom rules: "[E001] No component 'medspacy_target_matcher' found in pipeline. Available names: ['sentencizer', 'tok2vec', 'tagger', 'attribute_ruler', 'lemmatizer', 'parser', 'ner']"
2025-05-30 13:14:52,472 - ERROR - Error extracting features for note ID 2: 'KnowledgeBaseUpdater' object has no attribute 'is_new_symptom'
2025-05-30 13:14:52,505 - ERROR - Failed to create MongoDB indexes: An existing index has the same name as the requested index. When index names are not specified, they are auto generated and can cause conflicts. Please refer to our documentation. Requested index: { v: 2, unique: true, key: { term: 1 }, name: "term_1" }, existing index: { v: 2, key: { term: 1 }, name: "term_1" }, full error: {'ok': 0.0, 'errmsg': 'An existing index has the same name as the requested index. When index names are not specified, they are auto generated and can cause conflicts. Please refer to our documentation. Requested index: { v: 2, unique: true, key: { term: 1 }, name: "term_1" }, existing index: { v: 2, key: { term: 1 }, name: "term_1" }', 'code': 86, 'codeName': 'IndexKeySpecsConflict'}
2025-05-30 13:14:52,533 - ERROR - Failed to create MongoDB indexes: An existing index has the same name as the requested index. When index names are not specified, they are auto generated and can cause conflicts. Please refer to our documentation. Requested index: { v: 2, unique: true, key: { term: 1 }, name: "term_1" }, existing index: { v: 2, key: { term: 1 }, name: "term_1" }, full error: {'ok': 0.0, 'errmsg': 'An existing index has the same name as the requested index. When index names are not specified, they are auto generated and can cause conflicts. Please refer to our documentation. Requested index: { v: 2, unique: true, key: { term: 1 }, name: "term_1" }, existing index: { v: 2, key: { term: 1 }, name: "term_1" }', 'code': 86, 'codeName': 'IndexKeySpecsConflict'}
2025-05-30 13:16:27,816 - ERROR - Failed to initialize NLP pipeline: Can't read file: project_data/vocab_sm.jsonl
2025-05-30 13:16:28,521 - WARNING - Using fallback spacy pipeline without parser, ner, or linker
2025-05-30 13:17:56,826 - ERROR - Failed to initialize NLP pipeline: Can't read file: project_data/vocab_sm.jsonl
2025-05-30 13:17:57,745 - WARNING - Using fallback spacy pipeline without parser, ner, or linker
2025-05-30 13:17:57,745 - ERROR - Failed to add symptom rules: "[E001] No component 'medspacy_target_matcher' found in pipeline. Available names: ['sentencizer', 'tok2vec', 'tagger', 'attribute_ruler', 'lemmatizer', 'parser', 'ner']"
2025-05-30 13:17:57,762 - ERROR - Failed to create MongoDB indexes: An existing index has the same name as the requested index. When index names are not specified, they are auto generated and can cause conflicts. Please refer to our documentation. Requested index: { v: 2, unique: true, key: { term: 1 }, name: "term_1" }, existing index: { v: 2, key: { term: 1 }, name: "term_1" }, full error: {'ok': 0.0, 'errmsg': 'An existing index has the same name as the requested index. When index names are not specified, they are auto generated and can cause conflicts. Please refer to our documentation. Requested index: { v: 2, unique: true, key: { term: 1 }, name: "term_1" }, existing index: { v: 2, key: { term: 1 }, name: "term_1" }', 'code': 86, 'codeName': 'IndexKeySpecsConflict'}
2025-05-30 13:19:33,338 - ERROR - Failed to initialize NLP pipeline: Can't read file: project_data/vocab_sm.jsonl
2025-05-30 13:19:34,050 - WARNING - Using fallback spacy pipeline without parser, ner, or linker
2025-05-30 13:19:34,090 - ERROR - Error extracting features for note ID 2: 'KnowledgeBaseUpdater' object has no attribute 'is_new_symptom'
2025-05-30 13:19:34,091 - WARNING - Empty text for embedding, skipping embedding-based scoring
2025-05-30 13:19:34,093 - ERROR - Error generating differentials: string indices must be integers, not 'str'
2025-05-30 13:19:34,142 - ERROR - Error extracting features for note ID 3: 'KnowledgeBaseUpdater' object has no attribute 'is_new_symptom'
2025-05-30 13:19:34,180 - ERROR - Failed to create MongoDB indexes: An existing index has the same name as the requested index. When index names are not specified, they are auto generated and can cause conflicts. Please refer to our documentation. Requested index: { v: 2, unique: true, key: { term: 1 }, name: "term_1" }, existing index: { v: 2, key: { term: 1 }, name: "term_1" }, full error: {'ok': 0.0, 'errmsg': 'An existing index has the same name as the requested index. When index names are not specified, they are auto generated and can cause conflicts. Please refer to our documentation. Requested index: { v: 2, unique: true, key: { term: 1 }, name: "term_1" }, existing index: { v: 2, key: { term: 1 }, name: "term_1" }', 'code': 86, 'codeName': 'IndexKeySpecsConflict'}
2025-05-30 13:19:34,213 - ERROR - Failed to create MongoDB indexes: An existing index has the same name as the requested index. When index names are not specified, they are auto generated and can cause conflicts. Please refer to our documentation. Requested index: { v: 2, unique: true, key: { term: 1 }, name: "term_1" }, existing index: { v: 2, key: { term: 1 }, name: "term_1" }, full error: {'ok': 0.0, 'errmsg': 'An existing index has the same name as the requested index. When index names are not specified, they are auto generated and can cause conflicts. Please refer to our documentation. Requested index: { v: 2, unique: true, key: { term: 1 }, name: "term_1" }, existing index: { v: 2, key: { term: 1 }, name: "term_1" }', 'code': 86, 'codeName': 'IndexKeySpecsConflict'}
2025-05-30 13:21:13,231 - ERROR - Failed to initialize NLP pipeline: Can't read file: project_data/vocab_sm.jsonl
2025-05-30 13:21:14,152 - WARNING - Using fallback spacy pipeline without parser, ner, or linker
2025-05-30 13:22:51,602 - ERROR - Failed to initialize NLP pipeline: Can't read file: project_data/vocab_sm.jsonl
2025-05-30 13:22:52,522 - WARNING - Using fallback spacy pipeline without parser, ner, or linker
2025-05-30 13:22:52,522 - ERROR - Failed to add symptom rules: "[E001] No component 'medspacy_target_matcher' found in pipeline. Available names: ['sentencizer', 'tok2vec', 'tagger', 'attribute_ruler', 'lemmatizer', 'parser', 'ner']"
2025-05-30 13:22:52,552 - ERROR - Error extracting features for note ID 3: 'KnowledgeBaseUpdater' object has no attribute 'is_new_symptom'
2025-05-30 13:22:52,587 - ERROR - Failed to create MongoDB indexes: An existing index has the same name as the requested index. When index names are not specified, they are auto generated and can cause conflicts. Please refer to our documentation. Requested index: { v: 2, unique: true, key: { term: 1 }, name: "term_1" }, existing index: { v: 2, key: { term: 1 }, name: "term_1" }, full error: {'ok': 0.0, 'errmsg': 'An existing index has the same name as the requested index. When index names are not specified, they are auto generated and can cause conflicts. Please refer to our documentation. Requested index: { v: 2, unique: true, key: { term: 1 }, name: "term_1" }, existing index: { v: 2, key: { term: 1 }, name: "term_1" }', 'code': 86, 'codeName': 'IndexKeySpecsConflict'}
2025-05-30 13:22:52,620 - ERROR - Failed to create MongoDB indexes: An existing index has the same name as the requested index. When index names are not specified, they are auto generated and can cause conflicts. Please refer to our documentation. Requested index: { v: 2, unique: true, key: { term: 1 }, name: "term_1" }, existing index: { v: 2, key: { term: 1 }, name: "term_1" }, full error: {'ok': 0.0, 'errmsg': 'An existing index has the same name as the requested index. When index names are not specified, they are auto generated and can cause conflicts. Please refer to our documentation. Requested index: { v: 2, unique: true, key: { term: 1 }, name: "term_1" }, existing index: { v: 2, key: { term: 1 }, name: "term_1" }', 'code': 86, 'codeName': 'IndexKeySpecsConflict'}
2025-05-30 13:24:30,953 - ERROR - Failed to initialize NLP pipeline: Can't read file: project_data/vocab_sm.jsonl
2025-05-30 13:24:31,853 - WARNING - Using fallback spacy pipeline without parser, ner, or linker
2025-05-30 13:26:04,858 - ERROR - Failed to initialize NLP pipeline: Can't read file: project_data/vocab_sm.jsonl
2025-05-30 13:26:05,782 - WARNING - Using fallback spacy pipeline without parser, ner, or linker
2025-05-30 13:26:05,783 - ERROR - Failed to add symptom rules: "[E001] No component 'medspacy_target_matcher' found in pipeline. Available names: ['sentencizer', 'tok2vec', 'tagger', 'attribute_ruler', 'lemmatizer', 'parser', 'ner']"
2025-05-30 13:26:05,800 - ERROR - Failed to create MongoDB indexes: An existing index has the same name as the requested index. When index names are not specified, they are auto generated and can cause conflicts. Please refer to our documentation. Requested index: { v: 2, unique: true, key: { term: 1 }, name: "term_1" }, existing index: { v: 2, key: { term: 1 }, name: "term_1" }, full error: {'ok': 0.0, 'errmsg': 'An existing index has the same name as the requested index. When index names are not specified, they are auto generated and can cause conflicts. Please refer to our documentation. Requested index: { v: 2, unique: true, key: { term: 1 }, name: "term_1" }, existing index: { v: 2, key: { term: 1 }, name: "term_1" }', 'code': 86, 'codeName': 'IndexKeySpecsConflict'}
2025-05-30 13:27:46,520 - ERROR - Failed to initialize NLP pipeline: Can't read file: project_data/vocab_sm.jsonl
2025-05-30 13:27:47,440 - WARNING - Using fallback spacy pipeline without parser, ner, or linker
2025-05-30 13:27:47,485 - ERROR - Error extracting features for note ID 3: 'KnowledgeBaseUpdater' object has no attribute 'is_new_symptom'
2025-05-30 13:27:47,485 - WARNING - Empty text for embedding, skipping embedding-based scoring
2025-05-30 13:27:47,488 - ERROR - Error generating differentials: string indices must be integers, not 'str'
2025-05-30 13:27:58,749 - WARNING - Diagnosis relevance weights for facial pain|nasal congestion|sinusitis|sinus pain|purulent nasal discharge do not sum to 1.0: 0
2025-05-30 13:27:58,749 - WARNING - Diagnosis relevance weights for cough do not sum to 1.0: 0
2025-05-30 13:27:58,749 - WARNING - Diagnosis relevance weights for headache|photophobia do not sum to 1.0: 0
2025-05-30 13:27:58,750 - WARNING - Diagnosis relevance weights for chest pain|shortness of breath|chest tightness do not sum to 1.0: 0
2025-05-30 13:27:58,750 - WARNING - Diagnosis relevance weights for epigastric pain|nausea do not sum to 1.0: 0
2025-05-30 13:27:58,750 - WARNING - Diagnosis relevance weights for knee pain|swelling do not sum to 1.0: 0
2025-05-30 13:27:58,750 - WARNING - Diagnosis relevance weights for back pain|lower back pain|backache do not sum to 1.0: 0
2025-05-30 13:27:58,751 - WARNING - Diagnosis relevance weights for fever|chills do not sum to 1.0: 0
2025-05-30 13:27:58,751 - WARNING - Diagnosis relevance weights for fatigue|obesity do not sum to 1.0: 0
2025-05-30 13:27:58,751 - WARNING - Diagnosis angina relevance weights do not sum to 1.0: 0.8
2025-05-30 13:27:58,791 - ERROR - Invalid JSON in /home/mathu/projects/hospital/departments/nlp/knowledge_base/medical_terms.json: Expecting value: line 7 column 12 (char 143). Using default data.
2025-05-30 13:34:20,524 - WARNING - Diagnosis relevance weights for facial pain|nasal congestion|sinusitis|sinus pain|purulent nasal discharge do not sum to 1.0: 0
2025-05-30 13:34:20,524 - WARNING - Diagnosis relevance weights for cough do not sum to 1.0: 0
2025-05-30 13:34:20,525 - WARNING - Diagnosis relevance weights for headache|photophobia do not sum to 1.0: 0
2025-05-30 13:34:20,525 - WARNING - Diagnosis relevance weights for chest pain|shortness of breath|chest tightness do not sum to 1.0: 0
2025-05-30 13:34:20,525 - WARNING - Diagnosis relevance weights for epigastric pain|nausea do not sum to 1.0: 0
2025-05-30 13:34:20,525 - WARNING - Diagnosis relevance weights for knee pain|swelling do not sum to 1.0: 0
2025-05-30 13:34:20,525 - WARNING - Diagnosis relevance weights for back pain|lower back pain|backache do not sum to 1.0: 0
2025-05-30 13:34:20,526 - WARNING - Diagnosis relevance weights for fever|chills do not sum to 1.0: 0
2025-05-30 13:34:20,526 - WARNING - Diagnosis relevance weights for fatigue|obesity do not sum to 1.0: 0
2025-05-30 13:34:20,526 - WARNING - Diagnosis angina relevance weights do not sum to 1.0: 0.8
2025-05-30 13:34:20,565 - ERROR - Invalid JSON in /home/mathu/projects/hospital/departments/nlp/knowledge_base/medical_terms.json: Expecting value: line 7 column 12 (char 143). Using default data.
2025-05-30 13:34:27,282 - ERROR - Failed to create MongoDB indexes: An existing index has the same name as the requested index. When index names are not specified, they are auto generated and can cause conflicts. Please refer to our documentation. Requested index: { v: 2, unique: true, key: { term: 1 }, name: "term_1" }, existing index: { v: 2, key: { term: 1 }, name: "term_1" }, full error: {'ok': 0.0, 'errmsg': 'An existing index has the same name as the requested index. When index names are not specified, they are auto generated and can cause conflicts. Please refer to our documentation. Requested index: { v: 2, unique: true, key: { term: 1 }, name: "term_1" }, existing index: { v: 2, key: { term: 1 }, name: "term_1" }', 'code': 86, 'codeName': 'IndexKeySpecsConflict'}
2025-05-30 13:34:27,325 - ERROR - Failed to create MongoDB indexes: An existing index has the same name as the requested index. When index names are not specified, they are auto generated and can cause conflicts. Please refer to our documentation. Requested index: { v: 2, unique: true, key: { term: 1 }, name: "term_1" }, existing index: { v: 2, key: { term: 1 }, name: "term_1" }, full error: {'ok': 0.0, 'errmsg': 'An existing index has the same name as the requested index. When index names are not specified, they are auto generated and can cause conflicts. Please refer to our documentation. Requested index: { v: 2, unique: true, key: { term: 1 }, name: "term_1" }, existing index: { v: 2, key: { term: 1 }, name: "term_1" }', 'code': 86, 'codeName': 'IndexKeySpecsConflict'}
2025-05-30 13:36:08,937 - ERROR - Failed to initialize NLP pipeline: Can't read file: project_data/vocab_sm.jsonl
2025-05-30 13:36:09,884 - WARNING - Using fallback spacy pipeline without parser, ner, or linker
2025-05-30 13:37:44,818 - ERROR - Failed to initialize NLP pipeline: Can't read file: project_data/vocab_sm.jsonl
2025-05-30 13:37:45,510 - WARNING - Using fallback spacy pipeline without parser, ner, or linker
2025-05-30 13:37:45,512 - ERROR - Failed to add symptom rules: "[E001] No component 'medspacy_target_matcher' found in pipeline. Available names: ['sentencizer', 'tok2vec', 'tagger', 'attribute_ruler', 'lemmatizer', 'parser', 'ner']"
2025-05-30 13:37:45,577 - WARNING - No category mapping found for 'mood changes ophthalmologic no vision changes primary assessment symptoms consistent acute bacterial sinusitis likely secondary to recent viral upper respiratory infection differential includes viral sinusitis'. Defaulting to 'general'.
2025-05-30 13:37:45,584 - WARNING - No category mapping found for 'acute abnormalities in pulmonary musculoskeletal gi gu hematologic dermatologic psychiatric'. Defaulting to 'general'.
2025-05-30 13:37:45,591 - ERROR - Error extracting features for note ID 1: 'KnowledgeBaseUpdater' object has no attribute 'is_new_symptom'
2025-05-30 13:37:45,626 - ERROR - Failed to create MongoDB indexes: An existing index has the same name as the requested index. When index names are not specified, they are auto generated and can cause conflicts. Please refer to our documentation. Requested index: { v: 2, unique: true, key: { term: 1 }, name: "term_1" }, existing index: { v: 2, key: { term: 1 }, name: "term_1" }, full error: {'ok': 0.0, 'errmsg': 'An existing index has the same name as the requested index. When index names are not specified, they are auto generated and can cause conflicts. Please refer to our documentation. Requested index: { v: 2, unique: true, key: { term: 1 }, name: "term_1" }, existing index: { v: 2, key: { term: 1 }, name: "term_1" }', 'code': 86, 'codeName': 'IndexKeySpecsConflict'}
2025-05-30 13:37:45,667 - ERROR - Failed to create MongoDB indexes: An existing index has the same name as the requested index. When index names are not specified, they are auto generated and can cause conflicts. Please refer to our documentation. Requested index: { v: 2, unique: true, key: { term: 1 }, name: "term_1" }, existing index: { v: 2, key: { term: 1 }, name: "term_1" }, full error: {'ok': 0.0, 'errmsg': 'An existing index has the same name as the requested index. When index names are not specified, they are auto generated and can cause conflicts. Please refer to our documentation. Requested index: { v: 2, unique: true, key: { term: 1 }, name: "term_1" }, existing index: { v: 2, key: { term: 1 }, name: "term_1" }', 'code': 86, 'codeName': 'IndexKeySpecsConflict'}
2025-05-30 13:39:18,385 - ERROR - Failed to initialize NLP pipeline: Can't read file: project_data/vocab_sm.jsonl
2025-05-30 13:39:19,292 - WARNING - Using fallback spacy pipeline without parser, ner, or linker
2025-05-30 13:40:55,432 - ERROR - Failed to initialize NLP pipeline: Can't read file: project_data/vocab_sm.jsonl
2025-05-30 13:40:56,352 - WARNING - Using fallback spacy pipeline without parser, ner, or linker
2025-05-30 13:40:56,354 - ERROR - Failed to add symptom rules: "[E001] No component 'medspacy_target_matcher' found in pipeline. Available names: ['sentencizer', 'tok2vec', 'tagger', 'attribute_ruler', 'lemmatizer', 'parser', 'ner']"
2025-05-30 13:40:56,418 - WARNING - No category mapping found for 'mood changes ophthalmologic no vision changes primary assessment symptoms consistent acute bacterial sinusitis likely secondary to recent viral upper respiratory infection differential includes viral sinusitis'. Defaulting to 'general'.
2025-05-30 13:40:56,426 - WARNING - No category mapping found for 'acute abnormalities in pulmonary musculoskeletal gi gu hematologic dermatologic psychiatric'. Defaulting to 'general'.
2025-05-30 13:40:56,436 - WARNING - Missing symptoms: ['patient presents with facial pain, nasal congestion, and fever for 10 days. reports purulent nasal discharge.']. Initiating knowledge base update.
2025-05-30 13:40:56,436 - ERROR - Error extracting features for note ID 1: 'KnowledgeBaseUpdater' object has no attribute 'is_new_symptom'
2025-05-30 13:40:56,483 - ERROR - Failed to create MongoDB indexes: An existing index has the same name as the requested index. When index names are not specified, they are auto generated and can cause conflicts. Please refer to our documentation. Requested index: { v: 2, unique: true, key: { term: 1 }, name: "term_1" }, existing index: { v: 2, key: { term: 1 }, name: "term_1" }, full error: {'ok': 0.0, 'errmsg': 'An existing index has the same name as the requested index. When index names are not specified, they are auto generated and can cause conflicts. Please refer to our documentation. Requested index: { v: 2, unique: true, key: { term: 1 }, name: "term_1" }, existing index: { v: 2, key: { term: 1 }, name: "term_1" }', 'code': 86, 'codeName': 'IndexKeySpecsConflict'}
2025-05-30 13:40:56,524 - ERROR - Failed to create MongoDB indexes: An existing index has the same name as the requested index. When index names are not specified, they are auto generated and can cause conflicts. Please refer to our documentation. Requested index: { v: 2, unique: true, key: { term: 1 }, name: "term_1" }, existing index: { v: 2, key: { term: 1 }, name: "term_1" }, full error: {'ok': 0.0, 'errmsg': 'An existing index has the same name as the requested index. When index names are not specified, they are auto generated and can cause conflicts. Please refer to our documentation. Requested index: { v: 2, unique: true, key: { term: 1 }, name: "term_1" }, existing index: { v: 2, key: { term: 1 }, name: "term_1" }', 'code': 86, 'codeName': 'IndexKeySpecsConflict'}
2025-05-30 13:42:26,710 - ERROR - Failed to initialize NLP pipeline: Can't read file: project_data/vocab_sm.jsonl
2025-05-30 13:42:27,624 - WARNING - Using fallback spacy pipeline without parser, ner, or linker
2025-05-30 13:44:01,706 - ERROR - Failed to initialize NLP pipeline: Can't read file: project_data/vocab_sm.jsonl
2025-05-30 13:44:02,608 - WARNING - Using fallback spacy pipeline without parser, ner, or linker
2025-05-30 13:44:02,609 - ERROR - Failed to add symptom rules: "[E001] No component 'medspacy_target_matcher' found in pipeline. Available names: ['sentencizer', 'tok2vec', 'tagger', 'attribute_ruler', 'lemmatizer', 'parser', 'ner']"
2025-05-30 13:44:02,626 - ERROR - Failed to create MongoDB indexes: An existing index has the same name as the requested index. When index names are not specified, they are auto generated and can cause conflicts. Please refer to our documentation. Requested index: { v: 2, unique: true, key: { term: 1 }, name: "term_1" }, existing index: { v: 2, key: { term: 1 }, name: "term_1" }, full error: {'ok': 0.0, 'errmsg': 'An existing index has the same name as the requested index. When index names are not specified, they are auto generated and can cause conflicts. Please refer to our documentation. Requested index: { v: 2, unique: true, key: { term: 1 }, name: "term_1" }, existing index: { v: 2, key: { term: 1 }, name: "term_1" }', 'code': 86, 'codeName': 'IndexKeySpecsConflict'}
2025-05-30 13:45:33,391 - ERROR - Failed to initialize NLP pipeline: Can't read file: project_data/vocab_sm.jsonl
2025-05-30 13:45:34,280 - WARNING - Using fallback spacy pipeline without parser, ner, or linker
2025-05-30 13:45:34,327 - WARNING - No category mapping found for 'mood changes ophthalmologic no vision changes primary assessment symptoms consistent acute bacterial sinusitis likely secondary to recent viral upper respiratory infection differential includes viral sinusitis'. Defaulting to 'general'.
2025-05-30 13:45:34,332 - WARNING - No category mapping found for 'acute abnormalities in pulmonary musculoskeletal gi gu hematologic dermatologic psychiatric'. Defaulting to 'general'.
2025-05-30 13:45:34,402 - WARNING - No category mapping found for 'mood changes ophthalmologic no vision changes primary assessment symptoms consistent acute bacterial sinusitis likely secondary to recent viral upper respiratory infection differential includes viral sinusitis'. Defaulting to 'general'.
2025-05-30 13:45:34,408 - WARNING - No category mapping found for 'acute abnormalities in pulmonary musculoskeletal gi gu hematologic dermatologic psychiatric'. Defaulting to 'general'.
2025-05-30 13:45:34,413 - ERROR - Error extracting features for note ID 1: 'KnowledgeBaseUpdater' object has no attribute 'is_new_symptom'
2025-05-30 13:45:34,414 - WARNING - Empty text for embedding, skipping embedding-based scoring
2025-05-30 13:45:34,417 - ERROR - Error generating differentials: string indices must be integers, not 'str'
2025-05-30 13:45:34,453 - ERROR - Error extracting features for note ID 2: 'KnowledgeBaseUpdater' object has no attribute 'is_new_symptom'
2025-05-30 13:45:34,493 - ERROR - Failed to create MongoDB indexes: An existing index has the same name as the requested index. When index names are not specified, they are auto generated and can cause conflicts. Please refer to our documentation. Requested index: { v: 2, unique: true, key: { term: 1 }, name: "term_1" }, existing index: { v: 2, key: { term: 1 }, name: "term_1" }, full error: {'ok': 0.0, 'errmsg': 'An existing index has the same name as the requested index. When index names are not specified, they are auto generated and can cause conflicts. Please refer to our documentation. Requested index: { v: 2, unique: true, key: { term: 1 }, name: "term_1" }, existing index: { v: 2, key: { term: 1 }, name: "term_1" }', 'code': 86, 'codeName': 'IndexKeySpecsConflict'}
2025-05-30 13:45:34,542 - ERROR - Failed to create MongoDB indexes: An existing index has the same name as the requested index. When index names are not specified, they are auto generated and can cause conflicts. Please refer to our documentation. Requested index: { v: 2, unique: true, key: { term: 1 }, name: "term_1" }, existing index: { v: 2, key: { term: 1 }, name: "term_1" }, full error: {'ok': 0.0, 'errmsg': 'An existing index has the same name as the requested index. When index names are not specified, they are auto generated and can cause conflicts. Please refer to our documentation. Requested index: { v: 2, unique: true, key: { term: 1 }, name: "term_1" }, existing index: { v: 2, key: { term: 1 }, name: "term_1" }', 'code': 86, 'codeName': 'IndexKeySpecsConflict'}
2025-05-30 13:47:05,215 - ERROR - Failed to initialize NLP pipeline: Can't read file: project_data/vocab_sm.jsonl
2025-05-30 13:47:06,058 - WARNING - Using fallback spacy pipeline without parser, ner, or linker
2025-05-30 13:48:35,898 - ERROR - Failed to initialize NLP pipeline: Can't read file: project_data/vocab_sm.jsonl
2025-05-30 13:48:36,824 - WARNING - Using fallback spacy pipeline without parser, ner, or linker
2025-05-30 13:48:36,825 - ERROR - Failed to add symptom rules: "[E001] No component 'medspacy_target_matcher' found in pipeline. Available names: ['sentencizer', 'tok2vec', 'tagger', 'attribute_ruler', 'lemmatizer', 'parser', 'ner']"
2025-05-30 13:48:36,846 - ERROR - Error extracting features for note ID 2: 'KnowledgeBaseUpdater' object has no attribute 'is_new_symptom'
2025-05-30 13:48:36,881 - ERROR - Failed to create MongoDB indexes: An existing index has the same name as the requested index. When index names are not specified, they are auto generated and can cause conflicts. Please refer to our documentation. Requested index: { v: 2, unique: true, key: { term: 1 }, name: "term_1" }, existing index: { v: 2, key: { term: 1 }, name: "term_1" }, full error: {'ok': 0.0, 'errmsg': 'An existing index has the same name as the requested index. When index names are not specified, they are auto generated and can cause conflicts. Please refer to our documentation. Requested index: { v: 2, unique: true, key: { term: 1 }, name: "term_1" }, existing index: { v: 2, key: { term: 1 }, name: "term_1" }', 'code': 86, 'codeName': 'IndexKeySpecsConflict'}
2025-05-30 13:48:36,923 - ERROR - Failed to create MongoDB indexes: An existing index has the same name as the requested index. When index names are not specified, they are auto generated and can cause conflicts. Please refer to our documentation. Requested index: { v: 2, unique: true, key: { term: 1 }, name: "term_1" }, existing index: { v: 2, key: { term: 1 }, name: "term_1" }, full error: {'ok': 0.0, 'errmsg': 'An existing index has the same name as the requested index. When index names are not specified, they are auto generated and can cause conflicts. Please refer to our documentation. Requested index: { v: 2, unique: true, key: { term: 1 }, name: "term_1" }, existing index: { v: 2, key: { term: 1 }, name: "term_1" }', 'code': 86, 'codeName': 'IndexKeySpecsConflict'}
2025-05-30 13:50:07,870 - ERROR - Failed to initialize NLP pipeline: Can't read file: project_data/vocab_sm.jsonl
2025-05-30 13:50:08,794 - WARNING - Using fallback spacy pipeline without parser, ner, or linker
2025-05-30 13:51:41,589 - ERROR - Failed to initialize NLP pipeline: Can't read file: project_data/vocab_sm.jsonl
2025-05-30 13:51:42,290 - WARNING - Using fallback spacy pipeline without parser, ner, or linker
2025-05-30 13:51:42,291 - ERROR - Failed to add symptom rules: "[E001] No component 'medspacy_target_matcher' found in pipeline. Available names: ['sentencizer', 'tok2vec', 'tagger', 'attribute_ruler', 'lemmatizer', 'parser', 'ner']"
2025-05-30 13:51:42,307 - ERROR - Failed to create MongoDB indexes: An existing index has the same name as the requested index. When index names are not specified, they are auto generated and can cause conflicts. Please refer to our documentation. Requested index: { v: 2, unique: true, key: { term: 1 }, name: "term_1" }, existing index: { v: 2, key: { term: 1 }, name: "term_1" }, full error: {'ok': 0.0, 'errmsg': 'An existing index has the same name as the requested index. When index names are not specified, they are auto generated and can cause conflicts. Please refer to our documentation. Requested index: { v: 2, unique: true, key: { term: 1 }, name: "term_1" }, existing index: { v: 2, key: { term: 1 }, name: "term_1" }', 'code': 86, 'codeName': 'IndexKeySpecsConflict'}
2025-05-30 13:53:17,375 - ERROR - Failed to initialize NLP pipeline: Can't read file: project_data/vocab_sm.jsonl
2025-05-30 13:53:18,286 - WARNING - Using fallback spacy pipeline without parser, ner, or linker
2025-05-30 13:53:18,334 - ERROR - Error extracting features for note ID 2: 'KnowledgeBaseUpdater' object has no attribute 'is_new_symptom'
2025-05-30 13:53:18,334 - WARNING - Empty text for embedding, skipping embedding-based scoring
2025-05-30 13:53:18,337 - ERROR - Error generating differentials: string indices must be integers, not 'str'
2025-05-30 13:53:18,379 - ERROR - Error extracting features for note ID 3: 'KnowledgeBaseUpdater' object has no attribute 'is_new_symptom'
2025-05-30 13:53:18,411 - ERROR - Failed to create MongoDB indexes: An existing index has the same name as the requested index. When index names are not specified, they are auto generated and can cause conflicts. Please refer to our documentation. Requested index: { v: 2, unique: true, key: { term: 1 }, name: "term_1" }, existing index: { v: 2, key: { term: 1 }, name: "term_1" }, full error: {'ok': 0.0, 'errmsg': 'An existing index has the same name as the requested index. When index names are not specified, they are auto generated and can cause conflicts. Please refer to our documentation. Requested index: { v: 2, unique: true, key: { term: 1 }, name: "term_1" }, existing index: { v: 2, key: { term: 1 }, name: "term_1" }', 'code': 86, 'codeName': 'IndexKeySpecsConflict'}
2025-05-30 13:53:18,450 - ERROR - Failed to create MongoDB indexes: An existing index has the same name as the requested index. When index names are not specified, they are auto generated and can cause conflicts. Please refer to our documentation. Requested index: { v: 2, unique: true, key: { term: 1 }, name: "term_1" }, existing index: { v: 2, key: { term: 1 }, name: "term_1" }, full error: {'ok': 0.0, 'errmsg': 'An existing index has the same name as the requested index. When index names are not specified, they are auto generated and can cause conflicts. Please refer to our documentation. Requested index: { v: 2, unique: true, key: { term: 1 }, name: "term_1" }, existing index: { v: 2, key: { term: 1 }, name: "term_1" }', 'code': 86, 'codeName': 'IndexKeySpecsConflict'}
2025-05-30 13:54:51,987 - ERROR - Failed to initialize NLP pipeline: Can't read file: project_data/vocab_sm.jsonl
2025-05-30 13:54:52,969 - WARNING - Using fallback spacy pipeline without parser, ner, or linker
2025-05-30 13:56:20,132 - ERROR - Failed to initialize NLP pipeline: Can't read file: project_data/vocab_sm.jsonl
2025-05-30 13:56:21,078 - WARNING - Using fallback spacy pipeline without parser, ner, or linker
2025-05-30 13:56:21,080 - ERROR - Failed to add symptom rules: "[E001] No component 'medspacy_target_matcher' found in pipeline. Available names: ['sentencizer', 'tok2vec', 'tagger', 'attribute_ruler', 'lemmatizer', 'parser', 'ner']"
2025-05-30 13:56:21,105 - ERROR - Error extracting features for note ID 3: 'KnowledgeBaseUpdater' object has no attribute 'is_new_symptom'
2025-05-30 13:56:21,137 - ERROR - Failed to create MongoDB indexes: An existing index has the same name as the requested index. When index names are not specified, they are auto generated and can cause conflicts. Please refer to our documentation. Requested index: { v: 2, unique: true, key: { term: 1 }, name: "term_1" }, existing index: { v: 2, key: { term: 1 }, name: "term_1" }, full error: {'ok': 0.0, 'errmsg': 'An existing index has the same name as the requested index. When index names are not specified, they are auto generated and can cause conflicts. Please refer to our documentation. Requested index: { v: 2, unique: true, key: { term: 1 }, name: "term_1" }, existing index: { v: 2, key: { term: 1 }, name: "term_1" }', 'code': 86, 'codeName': 'IndexKeySpecsConflict'}
2025-05-30 13:56:21,171 - ERROR - Failed to create MongoDB indexes: An existing index has the same name as the requested index. When index names are not specified, they are auto generated and can cause conflicts. Please refer to our documentation. Requested index: { v: 2, unique: true, key: { term: 1 }, name: "term_1" }, existing index: { v: 2, key: { term: 1 }, name: "term_1" }, full error: {'ok': 0.0, 'errmsg': 'An existing index has the same name as the requested index. When index names are not specified, they are auto generated and can cause conflicts. Please refer to our documentation. Requested index: { v: 2, unique: true, key: { term: 1 }, name: "term_1" }, existing index: { v: 2, key: { term: 1 }, name: "term_1" }', 'code': 86, 'codeName': 'IndexKeySpecsConflict'}
2025-05-30 13:58:03,569 - ERROR - Failed to initialize NLP pipeline: Can't read file: project_data/vocab_sm.jsonl
2025-05-30 13:58:04,682 - WARNING - Using fallback spacy pipeline without parser, ner, or linker
2025-05-30 13:59:24,412 - WARNING - Diagnosis relevance weights for facial pain|nasal congestion|sinusitis|sinus pain|purulent nasal discharge do not sum to 1.0: 0
2025-05-30 13:59:24,413 - WARNING - Diagnosis relevance weights for cough do not sum to 1.0: 0
2025-05-30 13:59:24,413 - WARNING - Diagnosis relevance weights for headache|photophobia do not sum to 1.0: 0
2025-05-30 13:59:24,413 - WARNING - Diagnosis relevance weights for chest pain|shortness of breath|chest tightness do not sum to 1.0: 0
2025-05-30 13:59:24,413 - WARNING - Diagnosis relevance weights for epigastric pain|nausea do not sum to 1.0: 0
2025-05-30 13:59:24,414 - WARNING - Diagnosis relevance weights for knee pain|swelling do not sum to 1.0: 0
2025-05-30 13:59:24,414 - WARNING - Diagnosis relevance weights for back pain|lower back pain|backache do not sum to 1.0: 0
2025-05-30 13:59:24,414 - WARNING - Diagnosis relevance weights for fever|chills do not sum to 1.0: 0
2025-05-30 13:59:24,414 - WARNING - Diagnosis relevance weights for fatigue|obesity do not sum to 1.0: 0
2025-05-30 13:59:24,415 - WARNING - Diagnosis angina relevance weights do not sum to 1.0: 0.8
2025-05-30 13:59:24,458 - ERROR - Invalid JSON in /home/mathu/projects/hospital/departments/nlp/knowledge_base/medical_terms.json: Expecting value: line 7 column 12 (char 143). Using default data.
2025-05-30 13:59:31,300 - ERROR - Failed to create MongoDB indexes: An existing index has the same name as the requested index. When index names are not specified, they are auto generated and can cause conflicts. Please refer to our documentation. Requested index: { v: 2, unique: true, key: { term: 1 }, name: "term_1" }, existing index: { v: 2, key: { term: 1 }, name: "term_1" }, full error: {'ok': 0.0, 'errmsg': 'An existing index has the same name as the requested index. When index names are not specified, they are auto generated and can cause conflicts. Please refer to our documentation. Requested index: { v: 2, unique: true, key: { term: 1 }, name: "term_1" }, existing index: { v: 2, key: { term: 1 }, name: "term_1" }', 'code': 86, 'codeName': 'IndexKeySpecsConflict'}
2025-05-30 13:59:31,341 - ERROR - Failed to create MongoDB indexes: An existing index has the same name as the requested index. When index names are not specified, they are auto generated and can cause conflicts. Please refer to our documentation. Requested index: { v: 2, unique: true, key: { term: 1 }, name: "term_1" }, existing index: { v: 2, key: { term: 1 }, name: "term_1" }, full error: {'ok': 0.0, 'errmsg': 'An existing index has the same name as the requested index. When index names are not specified, they are auto generated and can cause conflicts. Please refer to our documentation. Requested index: { v: 2, unique: true, key: { term: 1 }, name: "term_1" }, existing index: { v: 2, key: { term: 1 }, name: "term_1" }', 'code': 86, 'codeName': 'IndexKeySpecsConflict'}
2025-05-30 14:01:03,377 - ERROR - Failed to initialize NLP pipeline: Can't read file: project_data/vocab_sm.jsonl
2025-05-30 14:01:04,301 - WARNING - Using fallback spacy pipeline without parser, ner, or linker
2025-05-30 14:02:37,658 - ERROR - Failed to initialize NLP pipeline: Can't read file: project_data/vocab_sm.jsonl
2025-05-30 14:02:38,357 - WARNING - Using fallback spacy pipeline without parser, ner, or linker
2025-05-30 14:02:38,359 - ERROR - Failed to add symptom rules: "[E001] No component 'medspacy_target_matcher' found in pipeline. Available names: ['sentencizer', 'tok2vec', 'tagger', 'attribute_ruler', 'lemmatizer', 'parser', 'ner']"
2025-05-30 14:02:38,434 - WARNING - No category mapping found for 'mood changes ophthalmologic no vision changes primary assessment symptoms consistent acute bacterial sinusitis likely secondary to recent viral upper respiratory infection differential includes viral sinusitis'. Defaulting to 'general'.
2025-05-30 14:02:38,443 - WARNING - No category mapping found for 'acute abnormalities in pulmonary musculoskeletal gi gu hematologic dermatologic psychiatric'. Defaulting to 'general'.
2025-05-30 14:02:38,450 - ERROR - Error extracting features for note ID 1: 'KnowledgeBaseUpdater' object has no attribute 'is_new_symptom'
2025-05-30 14:02:38,479 - ERROR - Failed to create MongoDB indexes: An existing index has the same name as the requested index. When index names are not specified, they are auto generated and can cause conflicts. Please refer to our documentation. Requested index: { v: 2, unique: true, key: { term: 1 }, name: "term_1" }, existing index: { v: 2, key: { term: 1 }, name: "term_1" }, full error: {'ok': 0.0, 'errmsg': 'An existing index has the same name as the requested index. When index names are not specified, they are auto generated and can cause conflicts. Please refer to our documentation. Requested index: { v: 2, unique: true, key: { term: 1 }, name: "term_1" }, existing index: { v: 2, key: { term: 1 }, name: "term_1" }', 'code': 86, 'codeName': 'IndexKeySpecsConflict'}
2025-05-30 14:02:38,506 - ERROR - Failed to create MongoDB indexes: An existing index has the same name as the requested index. When index names are not specified, they are auto generated and can cause conflicts. Please refer to our documentation. Requested index: { v: 2, unique: true, key: { term: 1 }, name: "term_1" }, existing index: { v: 2, key: { term: 1 }, name: "term_1" }, full error: {'ok': 0.0, 'errmsg': 'An existing index has the same name as the requested index. When index names are not specified, they are auto generated and can cause conflicts. Please refer to our documentation. Requested index: { v: 2, unique: true, key: { term: 1 }, name: "term_1" }, existing index: { v: 2, key: { term: 1 }, name: "term_1" }', 'code': 86, 'codeName': 'IndexKeySpecsConflict'}
2025-05-30 14:04:10,670 - ERROR - Failed to initialize NLP pipeline: Can't read file: project_data/vocab_sm.jsonl
2025-05-30 14:04:11,594 - WARNING - Using fallback spacy pipeline without parser, ner, or linker
2025-05-30 14:05:45,274 - ERROR - Failed to initialize NLP pipeline: Can't read file: project_data/vocab_sm.jsonl
2025-05-30 14:05:46,200 - WARNING - Using fallback spacy pipeline without parser, ner, or linker
2025-05-30 14:05:46,202 - ERROR - Failed to add symptom rules: "[E001] No component 'medspacy_target_matcher' found in pipeline. Available names: ['sentencizer', 'tok2vec', 'tagger', 'attribute_ruler', 'lemmatizer', 'parser', 'ner']"
2025-05-30 14:05:46,263 - WARNING - No category mapping found for 'mood changes ophthalmologic no vision changes primary assessment symptoms consistent acute bacterial sinusitis likely secondary to recent viral upper respiratory infection differential includes viral sinusitis'. Defaulting to 'general'.
2025-05-30 14:05:46,268 - WARNING - No category mapping found for 'acute abnormalities in pulmonary musculoskeletal gi gu hematologic dermatologic psychiatric'. Defaulting to 'general'.
2025-05-30 14:05:46,275 - WARNING - Missing symptoms: ['patient presents with facial pain, nasal congestion, and fever for 10 days. reports purulent nasal discharge.']. Initiating knowledge base update.
2025-05-30 14:05:46,275 - ERROR - Error extracting features for note ID 1: 'KnowledgeBaseUpdater' object has no attribute 'is_new_symptom'
2025-05-30 14:05:46,323 - ERROR - Failed to create MongoDB indexes: An existing index has the same name as the requested index. When index names are not specified, they are auto generated and can cause conflicts. Please refer to our documentation. Requested index: { v: 2, unique: true, key: { term: 1 }, name: "term_1" }, existing index: { v: 2, key: { term: 1 }, name: "term_1" }, full error: {'ok': 0.0, 'errmsg': 'An existing index has the same name as the requested index. When index names are not specified, they are auto generated and can cause conflicts. Please refer to our documentation. Requested index: { v: 2, unique: true, key: { term: 1 }, name: "term_1" }, existing index: { v: 2, key: { term: 1 }, name: "term_1" }', 'code': 86, 'codeName': 'IndexKeySpecsConflict'}
2025-05-30 14:05:46,357 - ERROR - Failed to create MongoDB indexes: An existing index has the same name as the requested index. When index names are not specified, they are auto generated and can cause conflicts. Please refer to our documentation. Requested index: { v: 2, unique: true, key: { term: 1 }, name: "term_1" }, existing index: { v: 2, key: { term: 1 }, name: "term_1" }, full error: {'ok': 0.0, 'errmsg': 'An existing index has the same name as the requested index. When index names are not specified, they are auto generated and can cause conflicts. Please refer to our documentation. Requested index: { v: 2, unique: true, key: { term: 1 }, name: "term_1" }, existing index: { v: 2, key: { term: 1 }, name: "term_1" }', 'code': 86, 'codeName': 'IndexKeySpecsConflict'}
2025-05-30 14:07:19,090 - ERROR - Failed to initialize NLP pipeline: Can't read file: project_data/vocab_sm.jsonl
2025-05-30 14:07:19,997 - WARNING - Using fallback spacy pipeline without parser, ner, or linker
2025-05-30 14:08:52,505 - ERROR - Failed to initialize NLP pipeline: Can't read file: project_data/vocab_sm.jsonl
2025-05-30 14:08:53,433 - WARNING - Using fallback spacy pipeline without parser, ner, or linker
2025-05-30 14:08:53,434 - ERROR - Failed to add symptom rules: "[E001] No component 'medspacy_target_matcher' found in pipeline. Available names: ['sentencizer', 'tok2vec', 'tagger', 'attribute_ruler', 'lemmatizer', 'parser', 'ner']"
2025-05-30 14:08:53,451 - ERROR - Failed to create MongoDB indexes: An existing index has the same name as the requested index. When index names are not specified, they are auto generated and can cause conflicts. Please refer to our documentation. Requested index: { v: 2, unique: true, key: { term: 1 }, name: "term_1" }, existing index: { v: 2, key: { term: 1 }, name: "term_1" }, full error: {'ok': 0.0, 'errmsg': 'An existing index has the same name as the requested index. When index names are not specified, they are auto generated and can cause conflicts. Please refer to our documentation. Requested index: { v: 2, unique: true, key: { term: 1 }, name: "term_1" }, existing index: { v: 2, key: { term: 1 }, name: "term_1" }', 'code': 86, 'codeName': 'IndexKeySpecsConflict'}
2025-05-30 14:10:28,208 - ERROR - Failed to initialize NLP pipeline: Can't read file: project_data/vocab_sm.jsonl
2025-05-30 14:10:28,893 - WARNING - Using fallback spacy pipeline without parser, ner, or linker
2025-05-30 14:10:28,934 - WARNING - No category mapping found for 'mood changes ophthalmologic no vision changes primary assessment symptoms consistent acute bacterial sinusitis likely secondary to recent viral upper respiratory infection differential includes viral sinusitis'. Defaulting to 'general'.
2025-05-30 14:10:28,942 - WARNING - No category mapping found for 'acute abnormalities in pulmonary musculoskeletal gi gu hematologic dermatologic psychiatric'. Defaulting to 'general'.
2025-05-30 14:10:29,028 - WARNING - No category mapping found for 'mood changes ophthalmologic no vision changes primary assessment symptoms consistent acute bacterial sinusitis likely secondary to recent viral upper respiratory infection differential includes viral sinusitis'. Defaulting to 'general'.
2025-05-30 14:10:29,036 - WARNING - No category mapping found for 'acute abnormalities in pulmonary musculoskeletal gi gu hematologic dermatologic psychiatric'. Defaulting to 'general'.
2025-05-30 14:10:29,042 - ERROR - Error extracting features for note ID 1: 'KnowledgeBaseUpdater' object has no attribute 'is_new_symptom'
2025-05-30 14:10:29,044 - WARNING - Empty text for embedding, skipping embedding-based scoring
2025-05-30 14:10:29,048 - ERROR - Error generating differentials: string indices must be integers, not 'str'
2025-05-30 14:10:29,103 - ERROR - Error extracting features for note ID 2: 'KnowledgeBaseUpdater' object has no attribute 'is_new_symptom'
2025-05-30 14:10:29,164 - ERROR - Failed to create MongoDB indexes: An existing index has the same name as the requested index. When index names are not specified, they are auto generated and can cause conflicts. Please refer to our documentation. Requested index: { v: 2, unique: true, key: { term: 1 }, name: "term_1" }, existing index: { v: 2, key: { term: 1 }, name: "term_1" }, full error: {'ok': 0.0, 'errmsg': 'An existing index has the same name as the requested index. When index names are not specified, they are auto generated and can cause conflicts. Please refer to our documentation. Requested index: { v: 2, unique: true, key: { term: 1 }, name: "term_1" }, existing index: { v: 2, key: { term: 1 }, name: "term_1" }', 'code': 86, 'codeName': 'IndexKeySpecsConflict'}
2025-05-30 14:10:29,227 - ERROR - Failed to create MongoDB indexes: An existing index has the same name as the requested index. When index names are not specified, they are auto generated and can cause conflicts. Please refer to our documentation. Requested index: { v: 2, unique: true, key: { term: 1 }, name: "term_1" }, existing index: { v: 2, key: { term: 1 }, name: "term_1" }, full error: {'ok': 0.0, 'errmsg': 'An existing index has the same name as the requested index. When index names are not specified, they are auto generated and can cause conflicts. Please refer to our documentation. Requested index: { v: 2, unique: true, key: { term: 1 }, name: "term_1" }, existing index: { v: 2, key: { term: 1 }, name: "term_1" }', 'code': 86, 'codeName': 'IndexKeySpecsConflict'}
2025-05-30 14:11:58,332 - ERROR - Failed to initialize NLP pipeline: Can't read file: project_data/vocab_sm.jsonl
2025-05-30 14:11:59,247 - WARNING - Using fallback spacy pipeline without parser, ner, or linker
2025-05-30 14:13:31,598 - ERROR - Failed to initialize NLP pipeline: Can't read file: project_data/vocab_sm.jsonl
2025-05-30 14:13:32,526 - WARNING - Using fallback spacy pipeline without parser, ner, or linker
2025-05-30 14:13:32,527 - ERROR - Failed to add symptom rules: "[E001] No component 'medspacy_target_matcher' found in pipeline. Available names: ['sentencizer', 'tok2vec', 'tagger', 'attribute_ruler', 'lemmatizer', 'parser', 'ner']"
2025-05-30 14:13:32,550 - ERROR - Error extracting features for note ID 2: 'KnowledgeBaseUpdater' object has no attribute 'is_new_symptom'
2025-05-30 14:13:32,583 - ERROR - Failed to create MongoDB indexes: An existing index has the same name as the requested index. When index names are not specified, they are auto generated and can cause conflicts. Please refer to our documentation. Requested index: { v: 2, unique: true, key: { term: 1 }, name: "term_1" }, existing index: { v: 2, key: { term: 1 }, name: "term_1" }, full error: {'ok': 0.0, 'errmsg': 'An existing index has the same name as the requested index. When index names are not specified, they are auto generated and can cause conflicts. Please refer to our documentation. Requested index: { v: 2, unique: true, key: { term: 1 }, name: "term_1" }, existing index: { v: 2, key: { term: 1 }, name: "term_1" }', 'code': 86, 'codeName': 'IndexKeySpecsConflict'}
2025-05-30 14:13:32,623 - ERROR - Failed to create MongoDB indexes: An existing index has the same name as the requested index. When index names are not specified, they are auto generated and can cause conflicts. Please refer to our documentation. Requested index: { v: 2, unique: true, key: { term: 1 }, name: "term_1" }, existing index: { v: 2, key: { term: 1 }, name: "term_1" }, full error: {'ok': 0.0, 'errmsg': 'An existing index has the same name as the requested index. When index names are not specified, they are auto generated and can cause conflicts. Please refer to our documentation. Requested index: { v: 2, unique: true, key: { term: 1 }, name: "term_1" }, existing index: { v: 2, key: { term: 1 }, name: "term_1" }', 'code': 86, 'codeName': 'IndexKeySpecsConflict'}
2025-05-30 14:15:05,466 - ERROR - Failed to initialize NLP pipeline: Can't read file: project_data/vocab_sm.jsonl
2025-05-30 14:15:06,410 - WARNING - Using fallback spacy pipeline without parser, ner, or linker
2025-05-30 14:16:39,957 - ERROR - Failed to initialize NLP pipeline: Can't read file: project_data/vocab_sm.jsonl
2025-05-30 14:16:40,891 - WARNING - Using fallback spacy pipeline without parser, ner, or linker
2025-05-30 14:16:40,893 - ERROR - Failed to add symptom rules: "[E001] No component 'medspacy_target_matcher' found in pipeline. Available names: ['sentencizer', 'tok2vec', 'tagger', 'attribute_ruler', 'lemmatizer', 'parser', 'ner']"
2025-05-30 14:16:40,910 - ERROR - Failed to create MongoDB indexes: An existing index has the same name as the requested index. When index names are not specified, they are auto generated and can cause conflicts. Please refer to our documentation. Requested index: { v: 2, unique: true, key: { term: 1 }, name: "term_1" }, existing index: { v: 2, key: { term: 1 }, name: "term_1" }, full error: {'ok': 0.0, 'errmsg': 'An existing index has the same name as the requested index. When index names are not specified, they are auto generated and can cause conflicts. Please refer to our documentation. Requested index: { v: 2, unique: true, key: { term: 1 }, name: "term_1" }, existing index: { v: 2, key: { term: 1 }, name: "term_1" }', 'code': 86, 'codeName': 'IndexKeySpecsConflict'}
2025-05-30 14:18:15,620 - ERROR - Failed to initialize NLP pipeline: Can't read file: project_data/vocab_sm.jsonl
2025-05-30 14:18:16,553 - WARNING - Using fallback spacy pipeline without parser, ner, or linker
2025-05-30 14:18:16,590 - ERROR - Error extracting features for note ID 2: 'KnowledgeBaseUpdater' object has no attribute 'is_new_symptom'
2025-05-30 14:18:16,591 - WARNING - Empty text for embedding, skipping embedding-based scoring
2025-05-30 14:18:16,592 - ERROR - Error generating differentials: string indices must be integers, not 'str'
2025-05-30 14:18:16,638 - ERROR - Error extracting features for note ID 3: 'KnowledgeBaseUpdater' object has no attribute 'is_new_symptom'
2025-05-30 14:18:16,680 - ERROR - Failed to create MongoDB indexes: An existing index has the same name as the requested index. When index names are not specified, they are auto generated and can cause conflicts. Please refer to our documentation. Requested index: { v: 2, unique: true, key: { term: 1 }, name: "term_1" }, existing index: { v: 2, key: { term: 1 }, name: "term_1" }, full error: {'ok': 0.0, 'errmsg': 'An existing index has the same name as the requested index. When index names are not specified, they are auto generated and can cause conflicts. Please refer to our documentation. Requested index: { v: 2, unique: true, key: { term: 1 }, name: "term_1" }, existing index: { v: 2, key: { term: 1 }, name: "term_1" }', 'code': 86, 'codeName': 'IndexKeySpecsConflict'}
2025-05-30 14:18:16,738 - ERROR - Failed to create MongoDB indexes: An existing index has the same name as the requested index. When index names are not specified, they are auto generated and can cause conflicts. Please refer to our documentation. Requested index: { v: 2, unique: true, key: { term: 1 }, name: "term_1" }, existing index: { v: 2, key: { term: 1 }, name: "term_1" }, full error: {'ok': 0.0, 'errmsg': 'An existing index has the same name as the requested index. When index names are not specified, they are auto generated and can cause conflicts. Please refer to our documentation. Requested index: { v: 2, unique: true, key: { term: 1 }, name: "term_1" }, existing index: { v: 2, key: { term: 1 }, name: "term_1" }', 'code': 86, 'codeName': 'IndexKeySpecsConflict'}
2025-05-30 14:19:47,225 - ERROR - Failed to initialize NLP pipeline: Can't read file: project_data/vocab_sm.jsonl
2025-05-30 14:19:47,927 - WARNING - Using fallback spacy pipeline without parser, ner, or linker
2025-05-30 14:21:20,060 - ERROR - Failed to initialize NLP pipeline: Can't read file: project_data/vocab_sm.jsonl
2025-05-30 14:21:20,984 - WARNING - Using fallback spacy pipeline without parser, ner, or linker
2025-05-30 14:21:20,985 - ERROR - Failed to add symptom rules: "[E001] No component 'medspacy_target_matcher' found in pipeline. Available names: ['sentencizer', 'tok2vec', 'tagger', 'attribute_ruler', 'lemmatizer', 'parser', 'ner']"
2025-05-30 14:21:21,013 - ERROR - Error extracting features for note ID 3: 'KnowledgeBaseUpdater' object has no attribute 'is_new_symptom'
2025-05-30 14:21:21,044 - ERROR - Failed to create MongoDB indexes: An existing index has the same name as the requested index. When index names are not specified, they are auto generated and can cause conflicts. Please refer to our documentation. Requested index: { v: 2, unique: true, key: { term: 1 }, name: "term_1" }, existing index: { v: 2, key: { term: 1 }, name: "term_1" }, full error: {'ok': 0.0, 'errmsg': 'An existing index has the same name as the requested index. When index names are not specified, they are auto generated and can cause conflicts. Please refer to our documentation. Requested index: { v: 2, unique: true, key: { term: 1 }, name: "term_1" }, existing index: { v: 2, key: { term: 1 }, name: "term_1" }', 'code': 86, 'codeName': 'IndexKeySpecsConflict'}
2025-05-30 14:21:21,080 - ERROR - Failed to create MongoDB indexes: An existing index has the same name as the requested index. When index names are not specified, they are auto generated and can cause conflicts. Please refer to our documentation. Requested index: { v: 2, unique: true, key: { term: 1 }, name: "term_1" }, existing index: { v: 2, key: { term: 1 }, name: "term_1" }, full error: {'ok': 0.0, 'errmsg': 'An existing index has the same name as the requested index. When index names are not specified, they are auto generated and can cause conflicts. Please refer to our documentation. Requested index: { v: 2, unique: true, key: { term: 1 }, name: "term_1" }, existing index: { v: 2, key: { term: 1 }, name: "term_1" }', 'code': 86, 'codeName': 'IndexKeySpecsConflict'}
2025-05-30 14:22:56,224 - ERROR - Failed to initialize NLP pipeline: Can't read file: project_data/vocab_sm.jsonl
2025-05-30 14:22:57,167 - WARNING - Using fallback spacy pipeline without parser, ner, or linker
2025-05-30 14:24:27,394 - ERROR - Failed to initialize NLP pipeline: Can't read file: project_data/vocab_sm.jsonl
2025-05-30 14:24:28,297 - WARNING - Using fallback spacy pipeline without parser, ner, or linker
2025-05-30 14:24:28,298 - ERROR - Failed to add symptom rules: "[E001] No component 'medspacy_target_matcher' found in pipeline. Available names: ['sentencizer', 'tok2vec', 'tagger', 'attribute_ruler', 'lemmatizer', 'parser', 'ner']"
2025-05-30 14:24:28,316 - ERROR - Failed to create MongoDB indexes: An existing index has the same name as the requested index. When index names are not specified, they are auto generated and can cause conflicts. Please refer to our documentation. Requested index: { v: 2, unique: true, key: { term: 1 }, name: "term_1" }, existing index: { v: 2, key: { term: 1 }, name: "term_1" }, full error: {'ok': 0.0, 'errmsg': 'An existing index has the same name as the requested index. When index names are not specified, they are auto generated and can cause conflicts. Please refer to our documentation. Requested index: { v: 2, unique: true, key: { term: 1 }, name: "term_1" }, existing index: { v: 2, key: { term: 1 }, name: "term_1" }', 'code': 86, 'codeName': 'IndexKeySpecsConflict'}
2025-05-30 14:25:59,789 - ERROR - Failed to initialize NLP pipeline: Can't read file: project_data/vocab_sm.jsonl
2025-05-30 14:26:00,736 - WARNING - Using fallback spacy pipeline without parser, ner, or linker
2025-05-30 14:26:00,781 - ERROR - Error extracting features for note ID 3: 'KnowledgeBaseUpdater' object has no attribute 'is_new_symptom'
2025-05-30 14:26:00,781 - WARNING - Empty text for embedding, skipping embedding-based scoring
2025-05-30 14:26:00,785 - ERROR - Error generating differentials: string indices must be integers, not 'str'
2025-05-30 14:26:11,617 - WARNING - Diagnosis relevance weights for facial pain|nasal congestion|sinusitis|sinus pain|purulent nasal discharge do not sum to 1.0: 0
2025-05-30 14:26:11,618 - WARNING - Diagnosis relevance weights for cough do not sum to 1.0: 0
2025-05-30 14:26:11,618 - WARNING - Diagnosis relevance weights for headache|photophobia do not sum to 1.0: 0
2025-05-30 14:26:11,618 - WARNING - Diagnosis relevance weights for chest pain|shortness of breath|chest tightness do not sum to 1.0: 0
2025-05-30 14:26:11,619 - WARNING - Diagnosis relevance weights for epigastric pain|nausea do not sum to 1.0: 0
2025-05-30 14:26:11,619 - WARNING - Diagnosis relevance weights for knee pain|swelling do not sum to 1.0: 0
2025-05-30 14:26:11,619 - WARNING - Diagnosis relevance weights for back pain|lower back pain|backache do not sum to 1.0: 0
2025-05-30 14:26:11,619 - WARNING - Diagnosis relevance weights for fever|chills do not sum to 1.0: 0
2025-05-30 14:26:11,619 - WARNING - Diagnosis relevance weights for fatigue|obesity do not sum to 1.0: 0
2025-05-30 14:26:11,620 - WARNING - Diagnosis angina relevance weights do not sum to 1.0: 0.8
2025-05-30 14:26:11,664 - ERROR - Invalid JSON in /home/mathu/projects/hospital/departments/nlp/knowledge_base/medical_terms.json: Expecting value: line 7 column 12 (char 143). Using default data.
2025-05-30 15:21:27,388 - WARNING - Diagnosis relevance weights for facial pain|nasal congestion|sinusitis|sinus pain|purulent nasal discharge do not sum to 1.0: 0
2025-05-30 15:21:27,388 - WARNING - Diagnosis relevance weights for cough do not sum to 1.0: 0
2025-05-30 15:21:27,389 - WARNING - Diagnosis relevance weights for headache|photophobia do not sum to 1.0: 0
2025-05-30 15:21:27,389 - WARNING - Diagnosis relevance weights for chest pain|shortness of breath|chest tightness do not sum to 1.0: 0
2025-05-30 15:21:27,389 - WARNING - Diagnosis relevance weights for epigastric pain|nausea do not sum to 1.0: 0
2025-05-30 15:21:27,389 - WARNING - Diagnosis relevance weights for knee pain|swelling do not sum to 1.0: 0
2025-05-30 15:21:27,390 - WARNING - Diagnosis relevance weights for back pain|lower back pain|backache do not sum to 1.0: 0
2025-05-30 15:21:27,390 - WARNING - Diagnosis relevance weights for fever|chills do not sum to 1.0: 0
2025-05-30 15:21:27,390 - WARNING - Diagnosis relevance weights for fatigue|obesity do not sum to 1.0: 0
2025-05-30 15:21:27,390 - WARNING - Diagnosis angina relevance weights do not sum to 1.0: 0.8
2025-05-30 15:21:27,431 - ERROR - Invalid JSON in /home/mathu/projects/hospital/departments/nlp/knowledge_base/medical_terms.json: Expecting value: line 7 column 12 (char 143). Using default data.
2025-05-30 15:21:35,815 - ERROR - Failed to create MongoDB indexes: An existing index has the same name as the requested index. When index names are not specified, they are auto generated and can cause conflicts. Please refer to our documentation. Requested index: { v: 2, unique: true, key: { term: 1 }, name: "term_1" }, existing index: { v: 2, key: { term: 1 }, name: "term_1" }, full error: {'ok': 0.0, 'errmsg': 'An existing index has the same name as the requested index. When index names are not specified, they are auto generated and can cause conflicts. Please refer to our documentation. Requested index: { v: 2, unique: true, key: { term: 1 }, name: "term_1" }, existing index: { v: 2, key: { term: 1 }, name: "term_1" }', 'code': 86, 'codeName': 'IndexKeySpecsConflict'}
2025-05-30 15:21:35,846 - ERROR - Failed to create MongoDB indexes: An existing index has the same name as the requested index. When index names are not specified, they are auto generated and can cause conflicts. Please refer to our documentation. Requested index: { v: 2, unique: true, key: { term: 1 }, name: "term_1" }, existing index: { v: 2, key: { term: 1 }, name: "term_1" }, full error: {'ok': 0.0, 'errmsg': 'An existing index has the same name as the requested index. When index names are not specified, they are auto generated and can cause conflicts. Please refer to our documentation. Requested index: { v: 2, unique: true, key: { term: 1 }, name: "term_1" }, existing index: { v: 2, key: { term: 1 }, name: "term_1" }', 'code': 86, 'codeName': 'IndexKeySpecsConflict'}
2025-05-30 15:23:09,591 - ERROR - Failed to initialize pipeline: Can't read file: project_data/vocab_sm.jsonl
2025-05-30 15:23:09,592 - ERROR - Critical failure in NLP pipeline initialization: Can't read file: project_data/vocab_sm.jsonl
2025-05-30 15:23:09,592 - ERROR - Failed to initialize NLP pipeline: Failed to initialize NLP pipeline; fallback disabled to prevent invalid state. Falling back to regex negation.
2025-05-30 15:23:11,899 - ERROR - Critical failure in NLP pipeline initialization: [E966] `nlp.add_pipe` now takes the string name of the registered component factory, not a callable component. Expected string, but got <scispacy.linking.EntityLinker object at 0x7de1495c2350> (name: 'None').

- If you created your component with `nlp.create_pipe('name')`: remove nlp.create_pipe and call `nlp.add_pipe('name')` instead.

- If you passed in a component like `TextCategorizer()`: call `nlp.add_pipe` with the string name instead, e.g. `nlp.add_pipe('textcat')`.

- If you're using a custom component: Add the decorator `@Language.component` (for function components) or `@Language.factory` (for class components / factories) to your custom component and assign it a name, e.g. `@Language.component('your_name')`. You can then run `nlp.add_pipe('your_name')` to add it to the pipeline.
2025-05-30 15:23:11,900 - ERROR - Batch processing failed: Failed to initialize NLP pipeline; fallback disabled to prevent invalid state
2025-05-30 15:23:16,238 - WARNING - Diagnosis relevance weights for facial pain|nasal congestion|sinusitis|sinus pain|purulent nasal discharge do not sum to 1.0: 0
2025-05-30 15:23:16,239 - WARNING - Diagnosis relevance weights for cough do not sum to 1.0: 0
2025-05-30 15:23:16,239 - WARNING - Diagnosis relevance weights for headache|photophobia do not sum to 1.0: 0
2025-05-30 15:23:16,239 - WARNING - Diagnosis relevance weights for chest pain|shortness of breath|chest tightness do not sum to 1.0: 0
2025-05-30 15:23:16,239 - WARNING - Diagnosis relevance weights for epigastric pain|nausea do not sum to 1.0: 0
2025-05-30 15:23:16,240 - WARNING - Diagnosis relevance weights for knee pain|swelling do not sum to 1.0: 0
2025-05-30 15:23:16,240 - WARNING - Diagnosis relevance weights for back pain|lower back pain|backache do not sum to 1.0: 0
2025-05-30 15:23:16,240 - WARNING - Diagnosis relevance weights for fever|chills do not sum to 1.0: 0
2025-05-30 15:23:16,240 - WARNING - Diagnosis relevance weights for fatigue|obesity do not sum to 1.0: 0
2025-05-30 15:23:16,241 - WARNING - Diagnosis angina relevance weights do not sum to 1.0: 0.8
2025-05-30 15:23:16,281 - ERROR - Invalid JSON in /home/mathu/projects/hospital/departments/nlp/knowledge_base/medical_terms.json: Expecting value: line 7 column 12 (char 143). Using default data.
2025-05-30 15:23:25,582 - ERROR - Failed to create MongoDB indexes: An existing index has the same name as the requested index. When index names are not specified, they are auto generated and can cause conflicts. Please refer to our documentation. Requested index: { v: 2, unique: true, key: { term: 1 }, name: "term_1" }, existing index: { v: 2, key: { term: 1 }, name: "term_1" }, full error: {'ok': 0.0, 'errmsg': 'An existing index has the same name as the requested index. When index names are not specified, they are auto generated and can cause conflicts. Please refer to our documentation. Requested index: { v: 2, unique: true, key: { term: 1 }, name: "term_1" }, existing index: { v: 2, key: { term: 1 }, name: "term_1" }', 'code': 86, 'codeName': 'IndexKeySpecsConflict'}
2025-05-30 15:23:25,614 - ERROR - Failed to create MongoDB indexes: An existing index has the same name as the requested index. When index names are not specified, they are auto generated and can cause conflicts. Please refer to our documentation. Requested index: { v: 2, unique: true, key: { term: 1 }, name: "term_1" }, existing index: { v: 2, key: { term: 1 }, name: "term_1" }, full error: {'ok': 0.0, 'errmsg': 'An existing index has the same name as the requested index. When index names are not specified, they are auto generated and can cause conflicts. Please refer to our documentation. Requested index: { v: 2, unique: true, key: { term: 1 }, name: "term_1" }, existing index: { v: 2, key: { term: 1 }, name: "term_1" }', 'code': 86, 'codeName': 'IndexKeySpecsConflict'}
2025-05-30 15:24:58,644 - ERROR - Failed to initialize pipeline: Can't read file: project_data/vocab_sm.jsonl
2025-05-30 15:24:58,645 - ERROR - Critical failure in NLP pipeline initialization: Can't read file: project_data/vocab_sm.jsonl
2025-05-30 15:24:58,645 - ERROR - Failed to initialize NLP pipeline: Failed to initialize NLP pipeline; fallback disabled to prevent invalid state. Falling back to regex negation.
2025-05-30 15:25:01,070 - ERROR - Critical failure in NLP pipeline initialization: [E966] `nlp.add_pipe` now takes the string name of the registered component factory, not a callable component. Expected string, but got <scispacy.linking.EntityLinker object at 0x73c66122cd10> (name: 'None').

- If you created your component with `nlp.create_pipe('name')`: remove nlp.create_pipe and call `nlp.add_pipe('name')` instead.

- If you passed in a component like `TextCategorizer()`: call `nlp.add_pipe` with the string name instead, e.g. `nlp.add_pipe('textcat')`.

- If you're using a custom component: Add the decorator `@Language.component` (for function components) or `@Language.factory` (for class components / factories) to your custom component and assign it a name, e.g. `@Language.component('your_name')`. You can then run `nlp.add_pipe('your_name')` to add it to the pipeline.
2025-05-30 15:25:01,070 - ERROR - Batch processing failed: Failed to initialize NLP pipeline; fallback disabled to prevent invalid state
2025-05-30 15:28:45,131 - WARNING - Diagnosis relevance weights for facial pain|nasal congestion|sinusitis|sinus pain|purulent nasal discharge do not sum to 1.0: 0
2025-05-30 15:28:45,132 - WARNING - Diagnosis relevance weights for cough do not sum to 1.0: 0
2025-05-30 15:28:45,132 - WARNING - Diagnosis relevance weights for headache|photophobia do not sum to 1.0: 0
2025-05-30 15:28:45,132 - WARNING - Diagnosis relevance weights for chest pain|shortness of breath|chest tightness do not sum to 1.0: 0
2025-05-30 15:28:45,132 - WARNING - Diagnosis relevance weights for epigastric pain|nausea do not sum to 1.0: 0
2025-05-30 15:28:45,133 - WARNING - Diagnosis relevance weights for knee pain|swelling do not sum to 1.0: 0
2025-05-30 15:28:45,133 - WARNING - Diagnosis relevance weights for back pain|lower back pain|backache do not sum to 1.0: 0
2025-05-30 15:28:45,133 - WARNING - Diagnosis relevance weights for fever|chills do not sum to 1.0: 0
2025-05-30 15:28:45,133 - WARNING - Diagnosis relevance weights for fatigue|obesity do not sum to 1.0: 0
2025-05-30 15:28:45,134 - WARNING - Diagnosis angina relevance weights do not sum to 1.0: 0.8
2025-05-30 15:28:45,176 - ERROR - Invalid JSON in /home/mathu/projects/hospital/departments/nlp/knowledge_base/medical_terms.json: Expecting value: line 7 column 12 (char 143). Using default data.
2025-05-30 15:28:51,800 - ERROR - Failed to create MongoDB indexes: An existing index has the same name as the requested index. When index names are not specified, they are auto generated and can cause conflicts. Please refer to our documentation. Requested index: { v: 2, unique: true, key: { term: 1 }, name: "term_1" }, existing index: { v: 2, key: { term: 1 }, name: "term_1" }, full error: {'ok': 0.0, 'errmsg': 'An existing index has the same name as the requested index. When index names are not specified, they are auto generated and can cause conflicts. Please refer to our documentation. Requested index: { v: 2, unique: true, key: { term: 1 }, name: "term_1" }, existing index: { v: 2, key: { term: 1 }, name: "term_1" }', 'code': 86, 'codeName': 'IndexKeySpecsConflict'}
2025-05-30 15:28:51,834 - ERROR - Failed to create MongoDB indexes: An existing index has the same name as the requested index. When index names are not specified, they are auto generated and can cause conflicts. Please refer to our documentation. Requested index: { v: 2, unique: true, key: { term: 1 }, name: "term_1" }, existing index: { v: 2, key: { term: 1 }, name: "term_1" }, full error: {'ok': 0.0, 'errmsg': 'An existing index has the same name as the requested index. When index names are not specified, they are auto generated and can cause conflicts. Please refer to our documentation. Requested index: { v: 2, unique: true, key: { term: 1 }, name: "term_1" }, existing index: { v: 2, key: { term: 1 }, name: "term_1" }', 'code': 86, 'codeName': 'IndexKeySpecsConflict'}
2025-05-30 15:30:21,378 - ERROR - Failed to initialize NLP pipeline: Can't read file: project_data/vocab_sm.jsonl
2025-05-30 15:30:22,492 - WARNING - Using fallback spacy pipeline without parser, ner, or linker
2025-05-30 15:31:56,906 - ERROR - Failed to initialize NLP pipeline: Can't read file: project_data/vocab_sm.jsonl
2025-05-30 15:31:57,712 - WARNING - Using fallback spacy pipeline without parser, ner, or linker
2025-05-30 15:31:57,714 - ERROR - Failed to add symptom rules: "[E001] No component 'medspacy_target_matcher' found in pipeline. Available names: ['sentencizer', 'tok2vec', 'tagger', 'attribute_ruler', 'lemmatizer', 'parser', 'ner']"
2025-05-30 15:31:57,795 - WARNING - No category mapping found for 'mood changes ophthalmologic no vision changes primary assessment symptoms consistent acute bacterial sinusitis likely secondary to recent viral upper respiratory infection differential includes viral sinusitis'. Defaulting to 'general'.
2025-05-30 15:31:57,801 - WARNING - No category mapping found for 'acute abnormalities in pulmonary musculoskeletal gi gu hematologic dermatologic psychiatric'. Defaulting to 'general'.
2025-05-30 15:31:57,809 - ERROR - Error extracting features for note ID 1: 'KnowledgeBaseUpdater' object has no attribute 'is_new_symptom'
2025-05-30 15:31:57,841 - ERROR - Failed to create MongoDB indexes: An existing index has the same name as the requested index. When index names are not specified, they are auto generated and can cause conflicts. Please refer to our documentation. Requested index: { v: 2, unique: true, key: { term: 1 }, name: "term_1" }, existing index: { v: 2, key: { term: 1 }, name: "term_1" }, full error: {'ok': 0.0, 'errmsg': 'An existing index has the same name as the requested index. When index names are not specified, they are auto generated and can cause conflicts. Please refer to our documentation. Requested index: { v: 2, unique: true, key: { term: 1 }, name: "term_1" }, existing index: { v: 2, key: { term: 1 }, name: "term_1" }', 'code': 86, 'codeName': 'IndexKeySpecsConflict'}
2025-05-30 15:31:57,873 - ERROR - Failed to create MongoDB indexes: An existing index has the same name as the requested index. When index names are not specified, they are auto generated and can cause conflicts. Please refer to our documentation. Requested index: { v: 2, unique: true, key: { term: 1 }, name: "term_1" }, existing index: { v: 2, key: { term: 1 }, name: "term_1" }, full error: {'ok': 0.0, 'errmsg': 'An existing index has the same name as the requested index. When index names are not specified, they are auto generated and can cause conflicts. Please refer to our documentation. Requested index: { v: 2, unique: true, key: { term: 1 }, name: "term_1" }, existing index: { v: 2, key: { term: 1 }, name: "term_1" }', 'code': 86, 'codeName': 'IndexKeySpecsConflict'}
2025-05-30 15:33:32,309 - ERROR - Failed to initialize NLP pipeline: Can't read file: project_data/vocab_sm.jsonl
2025-05-30 15:33:33,371 - WARNING - Using fallback spacy pipeline without parser, ner, or linker
2025-05-30 15:35:08,896 - ERROR - Failed to initialize NLP pipeline: Can't read file: project_data/vocab_sm.jsonl
2025-05-30 15:35:09,951 - WARNING - Using fallback spacy pipeline without parser, ner, or linker
2025-05-30 15:35:09,953 - ERROR - Failed to add symptom rules: "[E001] No component 'medspacy_target_matcher' found in pipeline. Available names: ['sentencizer', 'tok2vec', 'tagger', 'attribute_ruler', 'lemmatizer', 'parser', 'ner']"
2025-05-30 15:35:10,021 - WARNING - No category mapping found for 'mood changes ophthalmologic no vision changes primary assessment symptoms consistent acute bacterial sinusitis likely secondary to recent viral upper respiratory infection differential includes viral sinusitis'. Defaulting to 'general'.
2025-05-30 15:35:10,029 - WARNING - No category mapping found for 'acute abnormalities in pulmonary musculoskeletal gi gu hematologic dermatologic psychiatric'. Defaulting to 'general'.
2025-05-30 15:35:10,040 - WARNING - Missing symptoms: ['patient presents with facial pain, nasal congestion, and fever for 10 days. reports purulent nasal discharge.']. Initiating knowledge base update.
2025-05-30 15:35:10,040 - ERROR - Error extracting features for note ID 1: 'KnowledgeBaseUpdater' object has no attribute 'is_new_symptom'
2025-05-30 15:35:10,095 - ERROR - Failed to create MongoDB indexes: An existing index has the same name as the requested index. When index names are not specified, they are auto generated and can cause conflicts. Please refer to our documentation. Requested index: { v: 2, unique: true, key: { term: 1 }, name: "term_1" }, existing index: { v: 2, key: { term: 1 }, name: "term_1" }, full error: {'ok': 0.0, 'errmsg': 'An existing index has the same name as the requested index. When index names are not specified, they are auto generated and can cause conflicts. Please refer to our documentation. Requested index: { v: 2, unique: true, key: { term: 1 }, name: "term_1" }, existing index: { v: 2, key: { term: 1 }, name: "term_1" }', 'code': 86, 'codeName': 'IndexKeySpecsConflict'}
2025-05-30 15:35:10,139 - ERROR - Failed to create MongoDB indexes: An existing index has the same name as the requested index. When index names are not specified, they are auto generated and can cause conflicts. Please refer to our documentation. Requested index: { v: 2, unique: true, key: { term: 1 }, name: "term_1" }, existing index: { v: 2, key: { term: 1 }, name: "term_1" }, full error: {'ok': 0.0, 'errmsg': 'An existing index has the same name as the requested index. When index names are not specified, they are auto generated and can cause conflicts. Please refer to our documentation. Requested index: { v: 2, unique: true, key: { term: 1 }, name: "term_1" }, existing index: { v: 2, key: { term: 1 }, name: "term_1" }', 'code': 86, 'codeName': 'IndexKeySpecsConflict'}
2025-05-30 15:36:47,301 - ERROR - Failed to initialize NLP pipeline: Can't read file: project_data/vocab_sm.jsonl
2025-05-30 15:36:48,212 - WARNING - Using fallback spacy pipeline without parser, ner, or linker
2025-05-30 15:38:25,813 - ERROR - Failed to initialize NLP pipeline: Can't read file: project_data/vocab_sm.jsonl
2025-05-30 15:38:26,755 - WARNING - Using fallback spacy pipeline without parser, ner, or linker
2025-05-30 15:38:26,756 - ERROR - Failed to add symptom rules: "[E001] No component 'medspacy_target_matcher' found in pipeline. Available names: ['sentencizer', 'tok2vec', 'tagger', 'attribute_ruler', 'lemmatizer', 'parser', 'ner']"
2025-05-30 15:38:26,773 - ERROR - Failed to create MongoDB indexes: An existing index has the same name as the requested index. When index names are not specified, they are auto generated and can cause conflicts. Please refer to our documentation. Requested index: { v: 2, unique: true, key: { term: 1 }, name: "term_1" }, existing index: { v: 2, key: { term: 1 }, name: "term_1" }, full error: {'ok': 0.0, 'errmsg': 'An existing index has the same name as the requested index. When index names are not specified, they are auto generated and can cause conflicts. Please refer to our documentation. Requested index: { v: 2, unique: true, key: { term: 1 }, name: "term_1" }, existing index: { v: 2, key: { term: 1 }, name: "term_1" }', 'code': 86, 'codeName': 'IndexKeySpecsConflict'}
2025-05-30 15:40:06,673 - ERROR - Failed to initialize NLP pipeline: Can't read file: project_data/vocab_sm.jsonl
2025-05-30 15:40:07,389 - WARNING - Using fallback spacy pipeline without parser, ner, or linker
2025-05-30 15:40:07,432 - WARNING - No category mapping found for 'mood changes ophthalmologic no vision changes primary assessment symptoms consistent acute bacterial sinusitis likely secondary to recent viral upper respiratory infection differential includes viral sinusitis'. Defaulting to 'general'.
2025-05-30 15:40:07,438 - WARNING - No category mapping found for 'acute abnormalities in pulmonary musculoskeletal gi gu hematologic dermatologic psychiatric'. Defaulting to 'general'.
2025-05-30 15:40:07,500 - WARNING - No category mapping found for 'mood changes ophthalmologic no vision changes primary assessment symptoms consistent acute bacterial sinusitis likely secondary to recent viral upper respiratory infection differential includes viral sinusitis'. Defaulting to 'general'.
2025-05-30 15:40:07,512 - WARNING - No category mapping found for 'acute abnormalities in pulmonary musculoskeletal gi gu hematologic dermatologic psychiatric'. Defaulting to 'general'.
2025-05-30 15:40:07,517 - ERROR - Error extracting features for note ID 1: 'KnowledgeBaseUpdater' object has no attribute 'is_new_symptom'
2025-05-30 15:40:07,517 - WARNING - Empty text for embedding, skipping embedding-based scoring
2025-05-30 15:40:07,519 - ERROR - Error generating differentials: string indices must be integers, not 'str'
2025-05-30 15:40:07,559 - ERROR - Error extracting features for note ID 2: 'KnowledgeBaseUpdater' object has no attribute 'is_new_symptom'
2025-05-30 15:40:07,583 - ERROR - Failed to create MongoDB indexes: An existing index has the same name as the requested index. When index names are not specified, they are auto generated and can cause conflicts. Please refer to our documentation. Requested index: { v: 2, unique: true, key: { term: 1 }, name: "term_1" }, existing index: { v: 2, key: { term: 1 }, name: "term_1" }, full error: {'ok': 0.0, 'errmsg': 'An existing index has the same name as the requested index. When index names are not specified, they are auto generated and can cause conflicts. Please refer to our documentation. Requested index: { v: 2, unique: true, key: { term: 1 }, name: "term_1" }, existing index: { v: 2, key: { term: 1 }, name: "term_1" }', 'code': 86, 'codeName': 'IndexKeySpecsConflict'}
2025-05-30 15:40:07,612 - ERROR - Failed to create MongoDB indexes: An existing index has the same name as the requested index. When index names are not specified, they are auto generated and can cause conflicts. Please refer to our documentation. Requested index: { v: 2, unique: true, key: { term: 1 }, name: "term_1" }, existing index: { v: 2, key: { term: 1 }, name: "term_1" }, full error: {'ok': 0.0, 'errmsg': 'An existing index has the same name as the requested index. When index names are not specified, they are auto generated and can cause conflicts. Please refer to our documentation. Requested index: { v: 2, unique: true, key: { term: 1 }, name: "term_1" }, existing index: { v: 2, key: { term: 1 }, name: "term_1" }', 'code': 86, 'codeName': 'IndexKeySpecsConflict'}
2025-05-30 15:41:45,777 - ERROR - Failed to initialize NLP pipeline: Can't read file: project_data/vocab_sm.jsonl
2025-05-30 15:41:46,475 - WARNING - Using fallback spacy pipeline without parser, ner, or linker
2025-05-30 15:48:14,654 - WARNING - Diagnosis relevance weights for facial pain|nasal congestion|sinusitis|sinus pain|purulent nasal discharge do not sum to 1.0: 0
2025-05-30 15:48:14,654 - WARNING - Diagnosis relevance weights for cough do not sum to 1.0: 0
2025-05-30 15:48:14,654 - WARNING - Diagnosis relevance weights for headache|photophobia do not sum to 1.0: 0
2025-05-30 15:48:14,654 - WARNING - Diagnosis relevance weights for chest pain|shortness of breath|chest tightness do not sum to 1.0: 0
2025-05-30 15:48:14,655 - WARNING - Diagnosis relevance weights for epigastric pain|nausea do not sum to 1.0: 0
2025-05-30 15:48:14,655 - WARNING - Diagnosis relevance weights for knee pain|swelling do not sum to 1.0: 0
2025-05-30 15:48:14,655 - WARNING - Diagnosis relevance weights for back pain|lower back pain|backache do not sum to 1.0: 0
2025-05-30 15:48:14,655 - WARNING - Diagnosis relevance weights for fever|chills do not sum to 1.0: 0
2025-05-30 15:48:14,656 - WARNING - Diagnosis relevance weights for fatigue|obesity do not sum to 1.0: 0
2025-05-30 15:48:14,656 - WARNING - Diagnosis angina relevance weights do not sum to 1.0: 0.8
2025-05-30 15:48:14,694 - ERROR - Invalid JSON in /home/mathu/projects/hospital/departments/nlp/knowledge_base/medical_terms.json: Expecting value: line 7 column 12 (char 143). Using default data.
2025-05-30 15:48:20,994 - ERROR - Failed to create MongoDB indexes: An existing index has the same name as the requested index. When index names are not specified, they are auto generated and can cause conflicts. Please refer to our documentation. Requested index: { v: 2, unique: true, key: { term: 1 }, name: "term_1" }, existing index: { v: 2, key: { term: 1 }, name: "term_1" }, full error: {'ok': 0.0, 'errmsg': 'An existing index has the same name as the requested index. When index names are not specified, they are auto generated and can cause conflicts. Please refer to our documentation. Requested index: { v: 2, unique: true, key: { term: 1 }, name: "term_1" }, existing index: { v: 2, key: { term: 1 }, name: "term_1" }', 'code': 86, 'codeName': 'IndexKeySpecsConflict'}
2025-05-30 15:48:21,035 - ERROR - Failed to create MongoDB indexes: An existing index has the same name as the requested index. When index names are not specified, they are auto generated and can cause conflicts. Please refer to our documentation. Requested index: { v: 2, unique: true, key: { term: 1 }, name: "term_1" }, existing index: { v: 2, key: { term: 1 }, name: "term_1" }, full error: {'ok': 0.0, 'errmsg': 'An existing index has the same name as the requested index. When index names are not specified, they are auto generated and can cause conflicts. Please refer to our documentation. Requested index: { v: 2, unique: true, key: { term: 1 }, name: "term_1" }, existing index: { v: 2, key: { term: 1 }, name: "term_1" }', 'code': 86, 'codeName': 'IndexKeySpecsConflict'}
2025-05-30 15:49:49,680 - WARNING - Failed to add scispacy_linker: [E966] `nlp.add_pipe` now takes the string name of the registered component factory, not a callable component. Expected string, but got <scispacy.linking.EntityLinker object at 0x77fa20e79d90> (name: 'None').

- If you created your component with `nlp.create_pipe('name')`: remove nlp.create_pipe and call `nlp.add_pipe('name')` instead.

- If you passed in a component like `TextCategorizer()`: call `nlp.add_pipe` with the string name instead, e.g. `nlp.add_pipe('textcat')`.

- If you're using a custom component: Add the decorator `@Language.component` (for function components) or `@Language.factory` (for class components / factories) to your custom component and assign it a name, e.g. `@Language.component('your_name')`. You can then run `nlp.add_pipe('your_name')` to add it to the pipeline.. Continuing without UMLS linking.
2025-05-30 15:49:49,686 - ERROR - Failed to initialize pipeline: Can't read file: project_data/vocab_sm.jsonl
2025-05-30 15:49:49,687 - ERROR - Critical failure in NLP pipeline initialization: Pipeline initialization failed
2025-05-30 15:49:49,687 - ERROR - Failed to initialize NLP pipeline: Failed to initialize NLP pipeline; fallback disabled to prevent invalid state. Falling back to regex negation.
2025-05-30 15:51:10,739 - WARNING - Diagnosis relevance weights for facial pain|nasal congestion|sinusitis|sinus pain|purulent nasal discharge do not sum to 1.0: 0
2025-05-30 15:51:10,739 - WARNING - Diagnosis relevance weights for cough do not sum to 1.0: 0
2025-05-30 15:51:10,739 - WARNING - Diagnosis relevance weights for headache|photophobia do not sum to 1.0: 0
2025-05-30 15:51:10,739 - WARNING - Diagnosis relevance weights for chest pain|shortness of breath|chest tightness do not sum to 1.0: 0
2025-05-30 15:51:10,740 - WARNING - Diagnosis relevance weights for epigastric pain|nausea do not sum to 1.0: 0
2025-05-30 15:51:10,740 - WARNING - Diagnosis relevance weights for knee pain|swelling do not sum to 1.0: 0
2025-05-30 15:51:10,740 - WARNING - Diagnosis relevance weights for back pain|lower back pain|backache do not sum to 1.0: 0
2025-05-30 15:51:10,740 - WARNING - Diagnosis relevance weights for fever|chills do not sum to 1.0: 0
2025-05-30 15:51:10,741 - WARNING - Diagnosis relevance weights for fatigue|obesity do not sum to 1.0: 0
2025-05-30 15:51:10,741 - WARNING - Diagnosis angina relevance weights do not sum to 1.0: 0.8
2025-05-30 15:51:10,780 - ERROR - Invalid JSON in /home/mathu/projects/hospital/departments/nlp/knowledge_base/medical_terms.json: Expecting value: line 7 column 12 (char 143). Using default data.
2025-05-30 15:51:16,922 - ERROR - Failed to create MongoDB indexes: An existing index has the same name as the requested index. When index names are not specified, they are auto generated and can cause conflicts. Please refer to our documentation. Requested index: { v: 2, unique: true, key: { term: 1 }, name: "term_1" }, existing index: { v: 2, key: { term: 1 }, name: "term_1" }, full error: {'ok': 0.0, 'errmsg': 'An existing index has the same name as the requested index. When index names are not specified, they are auto generated and can cause conflicts. Please refer to our documentation. Requested index: { v: 2, unique: true, key: { term: 1 }, name: "term_1" }, existing index: { v: 2, key: { term: 1 }, name: "term_1" }', 'code': 86, 'codeName': 'IndexKeySpecsConflict'}
2025-05-30 15:51:16,958 - ERROR - Failed to create MongoDB indexes: An existing index has the same name as the requested index. When index names are not specified, they are auto generated and can cause conflicts. Please refer to our documentation. Requested index: { v: 2, unique: true, key: { term: 1 }, name: "term_1" }, existing index: { v: 2, key: { term: 1 }, name: "term_1" }, full error: {'ok': 0.0, 'errmsg': 'An existing index has the same name as the requested index. When index names are not specified, they are auto generated and can cause conflicts. Please refer to our documentation. Requested index: { v: 2, unique: true, key: { term: 1 }, name: "term_1" }, existing index: { v: 2, key: { term: 1 }, name: "term_1" }', 'code': 86, 'codeName': 'IndexKeySpecsConflict'}
2025-05-30 15:52:47,024 - WARNING - Failed to add scispacy_linker: [E966] `nlp.add_pipe` now takes the string name of the registered component factory, not a callable component. Expected string, but got <scispacy.linking.EntityLinker object at 0x70060eaf26d0> (name: 'None').

- If you created your component with `nlp.create_pipe('name')`: remove nlp.create_pipe and call `nlp.add_pipe('name')` instead.

- If you passed in a component like `TextCategorizer()`: call `nlp.add_pipe` with the string name instead, e.g. `nlp.add_pipe('textcat')`.

- If you're using a custom component: Add the decorator `@Language.component` (for function components) or `@Language.factory` (for class components / factories) to your custom component and assign it a name, e.g. `@Language.component('your_name')`. You can then run `nlp.add_pipe('your_name')` to add it to the pipeline.. Continuing without UMLS linking.
2025-05-30 15:52:47,034 - ERROR - Failed to initialize pipeline: Can't read file: project_data/vocab_sm.jsonl
2025-05-30 15:52:47,034 - ERROR - Critical failure in NLP pipeline initialization: Pipeline initialization failed
2025-05-30 15:52:47,035 - ERROR - Failed to initialize NLP pipeline: Failed to initialize NLP pipeline; fallback disabled to prevent invalid state. Falling back to regex negation.
2025-05-30 15:54:24,107 - WARNING - Failed to add scispacy_linker: [E966] `nlp.add_pipe` now takes the string name of the registered component factory, not a callable component. Expected string, but got <scispacy.linking.EntityLinker object at 0x7005dd2c6e10> (name: 'None').

- If you created your component with `nlp.create_pipe('name')`: remove nlp.create_pipe and call `nlp.add_pipe('name')` instead.

- If you passed in a component like `TextCategorizer()`: call `nlp.add_pipe` with the string name instead, e.g. `nlp.add_pipe('textcat')`.

- If you're using a custom component: Add the decorator `@Language.component` (for function components) or `@Language.factory` (for class components / factories) to your custom component and assign it a name, e.g. `@Language.component('your_name')`. You can then run `nlp.add_pipe('your_name')` to add it to the pipeline.. Continuing without UMLS linking.
2025-05-30 15:54:24,433 - ERROR - Failed to initialize pipeline: Can't read file: project_data/vocab_sm.jsonl
2025-05-30 15:54:24,433 - ERROR - Critical failure in NLP pipeline initialization: Pipeline initialization failed
2025-05-30 15:54:24,434 - ERROR - Batch processing failed: Failed to initialize NLP pipeline; fallback disabled to prevent invalid state
2025-05-30 15:54:49,527 - WARNING - Diagnosis relevance weights for facial pain|nasal congestion|sinusitis|sinus pain|purulent nasal discharge do not sum to 1.0: 0
2025-05-30 15:54:49,528 - WARNING - Diagnosis relevance weights for cough do not sum to 1.0: 0
2025-05-30 15:54:49,529 - WARNING - Diagnosis relevance weights for headache|photophobia do not sum to 1.0: 0
2025-05-30 15:54:49,529 - WARNING - Diagnosis relevance weights for chest pain|shortness of breath|chest tightness do not sum to 1.0: 0
2025-05-30 15:54:49,530 - WARNING - Diagnosis relevance weights for epigastric pain|nausea do not sum to 1.0: 0
2025-05-30 15:54:49,530 - WARNING - Diagnosis relevance weights for knee pain|swelling do not sum to 1.0: 0
2025-05-30 15:54:49,532 - WARNING - Diagnosis relevance weights for back pain|lower back pain|backache do not sum to 1.0: 0
2025-05-30 15:54:49,533 - WARNING - Diagnosis relevance weights for fever|chills do not sum to 1.0: 0
2025-05-30 15:54:49,534 - WARNING - Diagnosis relevance weights for fatigue|obesity do not sum to 1.0: 0
2025-05-30 15:54:49,535 - WARNING - Diagnosis angina relevance weights do not sum to 1.0: 0.8
2025-05-30 15:54:49,740 - ERROR - Invalid JSON in /home/mathu/projects/hospital/departments/nlp/knowledge_base/medical_terms.json: Expecting value: line 7 column 12 (char 143). Using default data.
2025-05-30 15:54:58,563 - ERROR - Failed to create MongoDB indexes: An existing index has the same name as the requested index. When index names are not specified, they are auto generated and can cause conflicts. Please refer to our documentation. Requested index: { v: 2, unique: true, key: { term: 1 }, name: "term_1" }, existing index: { v: 2, key: { term: 1 }, name: "term_1" }, full error: {'ok': 0.0, 'errmsg': 'An existing index has the same name as the requested index. When index names are not specified, they are auto generated and can cause conflicts. Please refer to our documentation. Requested index: { v: 2, unique: true, key: { term: 1 }, name: "term_1" }, existing index: { v: 2, key: { term: 1 }, name: "term_1" }', 'code': 86, 'codeName': 'IndexKeySpecsConflict'}
2025-05-30 15:54:58,638 - ERROR - Failed to create MongoDB indexes: An existing index has the same name as the requested index. When index names are not specified, they are auto generated and can cause conflicts. Please refer to our documentation. Requested index: { v: 2, unique: true, key: { term: 1 }, name: "term_1" }, existing index: { v: 2, key: { term: 1 }, name: "term_1" }, full error: {'ok': 0.0, 'errmsg': 'An existing index has the same name as the requested index. When index names are not specified, they are auto generated and can cause conflicts. Please refer to our documentation. Requested index: { v: 2, unique: true, key: { term: 1 }, name: "term_1" }, existing index: { v: 2, key: { term: 1 }, name: "term_1" }', 'code': 86, 'codeName': 'IndexKeySpecsConflict'}
